Debugging is enabled.
Loading Standard Definitions file: /home/ubuntu/capstone_project/dependency/mcsema/mcsema/lib/python3/site-packages/mcsema_disass-3.1.3.8-py3.8.egg/mcsema_disass/defs/linux.txt
Using Batch mode.
Starting analysis
Recovering module s065901669_bcf_instsub.elf
Found main at 401150
Looking for instructions in segment .init
  Default block heads for function 401000 with loose bounds [401000, 40101b)
    block [401000, 401014)
    block [401014, 401016)
    block [401016, 40101b)
    chunk [401000, 40101b)
Looking for instructions in segment .plt
  Default block heads for function 401020 with loose bounds [401020, 40102c)
    block [401020, 40102c)
    chunk [401020, 40102c)
  Default block heads for function 401030 with loose bounds [401030, 401036)
    block [401030, 401036)
    chunk [401030, 401036)
  Default block heads for function 401040 with loose bounds [401040, 401046)
    block [401040, 401046)
    chunk [401040, 401046)
  Default block heads for function 401050 with loose bounds [401050, 401056)
    block [401050, 401056)
    chunk [401050, 401056)
Looking for instructions in segment .text
  Default block heads for function 401060 with loose bounds [401060, 401086)
    block [401060, 401086)
    chunk [401060, 401086)
  Default block heads for function 4010a0 with loose bounds [4010a0, 4010c1)
    block [4010a0, 4010ad)
    block [4010ad, 4010b7)
    block [4010b7, 4010be)
    block [4010c0, 4010c1)
    chunk [4010a0, 4010c1)
  Default block heads for function 401110 with loose bounds [401110, 401131)
    block [401110, 40111d)
    block [40111d, 40112f)
    block [401130, 401131)
    chunk [401110, 401131)
  Default block heads for function 401140 with loose bounds [401140, 401146)
    block [401140, 401146)
    chunk [401140, 401146)
    chunk [4010d0, 401101)
  Default block heads for function 401150 with loose bounds [401150, 4030ec)
    block [401150, 40119d)
    block [40119d, 4011a2)
    block [4011a2, 40126a)
    block [40126a, 40126f)
    block [40126f, 401274)
    block [401274, 4012b2)
    block [4012b2, 4012b7)
    block [4012b7, 401319)
    block [401319, 40132b)
    block [40132b, 401335)
    block [401335, 401347)
    block [401347, 4013d6)
    block [4013d6, 4013db)
    block [4013db, 401437)
    block [401437, 40143c)
    block [40143c, 401441)
    block [401441, 401486)
    block [401486, 40148b)
    block [40148b, 4014fb)
    block [4014fb, 401500)
    block [401500, 401505)
    block [401505, 401521)
    block [401521, 40152b)
    block [40152b, 40154e)
    block [40154e, 401593)
    block [401593, 401598)
    block [401598, 401620)
    block [401620, 401625)
    block [401625, 40162a)
    block [40162a, 401646)
    block [401646, 4016b6)
    block [4016b6, 4016bb)
    block [4016bb, 40174e)
    block [40174e, 401753)
    block [401753, 401758)
    block [401758, 40178b)
    block [40178b, 4017fb)
    block [4017fb, 401800)
    block [401800, 401882)
    block [401882, 401887)
    block [401887, 40188c)
    block [40188c, 4018c3)
    block [4018c3, 40194b)
    block [40194b, 401950)
    block [401950, 4019df)
    block [4019df, 4019e4)
    block [4019e4, 4019e9)
    block [4019e9, 4019ee)
    block [4019ee, 401a0a)
    block [401a0a, 401a22)
    block [401a22, 401a5f)
    block [401a5f, 401a64)
    block [401a64, 401aee)
    block [401aee, 401af3)
    block [401af3, 401afe)
    block [401afe, 401b03)
    block [401b03, 401b7b)
    block [401b7b, 401b80)
    block [401b80, 401c02)
    block [401c02, 401c07)
    block [401c07, 401c0c)
    block [401c0c, 401c1e)
    block [401c1e, 401e10)
    block [401e10, 401e15)
    block [401e15, 401e69)
    block [401e69, 401e6e)
    block [401e6e, 401e73)
    block [401e73, 401e78)
    block [401e78, 401e8c)
    block [401e8c, 401f04)
    block [401f04, 401f09)
    block [401f09, 4020a3)
    block [4020a3, 4020a8)
    block [4020a8, 4020ad)
    block [4020ad, 4020bf)
    block [4020bf, 4022a7)
    block [4022a7, 4022ac)
    block [4022ac, 402333)
    block [402333, 402338)
    block [402338, 40233d)
    block [40233d, 402382)
    block [402382, 402387)
    block [402387, 402412)
    block [402412, 402417)
    block [402417, 40241c)
    block [40241c, 40243f)
    block [40243f, 402449)
    block [402449, 402490)
    block [402490, 40249d)
    block [40249d, 40255e)
    block [40255e, 40258e)
    block [40258e, 402688)
    block [402688, 4026c5)
    block [4026c5, 4026ca)
    block [4026ca, 4028e1)
    block [4028e1, 4028e6)
    block [4028e6, 4028eb)
    block [4028eb, 402930)
    block [402930, 402935)
    block [402935, 4029ad)
    block [4029ad, 4029b2)
    block [4029b2, 4029b7)
    block [4029b7, 4029bc)
    block [4029bc, 402a34)
    block [402a34, 402a39)
    block [402a39, 402ac0)
    block [402ac0, 402ac5)
    block [402ac5, 402aca)
    block [402aca, 402b07)
    block [402b07, 402b0c)
    block [402b0c, 402b7c)
    block [402b7c, 402b81)
    block [402b81, 402b86)
    block [402b86, 402ba2)
    block [402ba2, 402bdf)
    block [402bdf, 402be4)
    block [402be4, 402c66)
    block [402c66, 402c6b)
    block [402c6b, 402c72)
    block [402c72, 402c97)
    block [402c97, 402cb3)
    block [402cb3, 402cb8)
    block [402cb8, 402d07)
    block [402d07, 402d1f)
    block [402d1f, 402d2e)
    block [402d2e, 402d4a)
    block [402d4a, 402d4f)
    block [402d4f, 402d5e)
    block [402d5e, 402d72)
    block [402d72, 402e94)
    block [402e94, 402eb0)
    block [402eb0, 402ed0)
    block [402ed0, 403084)
    block [403084, 403089)
    block [403089, 4030a5)
    block [4030a5, 4030aa)
    block [4030aa, 4030ec)
    chunk [401150, 4030ec)
  Default block heads for function 4030f0 with loose bounds [4030f0, 4031bb)
    block [4030f0, 403106)
    block [403106, 40314b)
    block [40314b, 403150)
    block [403150, 40319b)
    block [40319b, 4031a0)
    block [4031a0, 4031ab)
    block [4031ab, 4031b1)
    block [4031b1, 4031b6)
    block [4031b6, 4031bb)
    chunk [4030f0, 4031bb)
Looking for instructions in segment .fini
  Default block heads for function 4031bc with loose bounds [4031bc, 4031c9)
    block [4031bc, 4031c9)
    chunk [4031bc, 4031c9)
Looking for strings in segment .rodata [404000, 404020)
  Found string b'%d\n' of length 4 at 40401c, jumping to 404020
Looking for strings in segment .eh_frame_hdr [404020, 404054)
Looking for strings in segment .eh_frame [404058, 40410c)
Looking for strings in segment .init_array [405de8, 405df0)
Looking for strings in segment .fini_array [405df0, 405df8)
Looking for strings in segment .got [405fd8, 405fe8)
Looking for strings in segment .got.plt [405fe8, 406018)
Looking for strings in segment .data [406018, 406028)
Looking for strings in segment .bss [406030, 423510)
Looking for strings in segment extern [423510, 423538)
Looking for cross-references in segment .init [401000, 40101b)
Looking for cross-references in segment .plt [401020, 401060)
  Stopping scan at 40102c
Looking for cross-references in segment .text [401060, 4031bb)
  Stopping scan at 40108c
  Stopping scan at 40109c
  Stopping scan at ffffffffffffffff
  Stopping scan at 4010cc
  Stopping scan at 40110c
  Stopping scan at ffffffffffffffff
  Stopping scan at 40113c
  Stopping scan at 40114c
  Stopping scan at 4030ec
Looking for cross-references in segment .fini [4031bc, 4031c9)
Looking for cross-references in segment .rodata [404000, 404020)
  Found string at 40401c, jumping to 404020
  Stopping scan at 40401c
Looking for cross-references in segment .eh_frame_hdr [404020, 404054)
  Stopping scan at 404050
Looking for cross-references in segment .eh_frame [404058, 40410c)
  Stopping scan at 404108
Looking for cross-references in segment .init_array [405de8, 405df0)
  Adding qword reference from 405de8 to 401140
  Stopping scan at 405de8
Looking for cross-references in segment .fini_array [405df0, 405df8)
  Adding qword reference from 405df0 to 401110
  Stopping scan at 405df0
Looking for cross-references in segment .got [405fd8, 405fe8)
  Adding qword reference from 405fd8 to 423510
  Adding qword reference from 405fe0 to 423530
  Stopping scan at 405fe0
Looking for cross-references in segment .got.plt [405fe8, 406018)
  Adding qword reference from 406000 to 423518
  Adding qword reference from 406008 to 423520
  Adding qword reference from 406010 to 423528
  Stopping scan at 406010
Looking for cross-references in segment .data [406018, 406028)
  Stopping scan at 406024
Looking for cross-references in segment .bss [406030, 423510)
  Stopping scan at 42350c
Looking for cross-references in segment extern [423510, 423538)
  Stopping scan at 423534
Looking for thunks
  Found thunk for printf targeting 423518 at 401030
  Found thunk for __isoc99_scanf targeting 423520 at 401040
  Found thunk for sqrt targeting 423528 at 401050
Looking for external symbols
  Function at 401030 is the external function printf
  Function at 401040 is the external function __isoc99_scanf
  Function at 401050 is the external function sqrt
  Function at 423510 is the external function __libc_start_main
  Function at 423518 is the external function printf
  Function at 423520 is the external function __isoc99_scanf
  Function at 423528 is the external function sqrt
  Function at 423530 is the external function __gmon_start__
Looking for entrypoints
Recovering .init_proc at 401000
  Analysing subroutine .init_proc at 401000
    Block head at 0040101b is not code.
  Subroutine .init_proc at 401000 has 3 blocks
  BB: 401000 in func 401000 with 5 insts
    Referenced by data
    I: 401000
    I: 401004
    I: 401008 (mem 405fe0)
    I: 40100f
    I: 401012 (flow 401016)
      Successors: 401014, 401016
  BB: 401014 in func 401000 with 1 insts
    I: 401014
      Successors: 401016
  BB: 401016 in func 401000 with 2 insts
    I: 401016
    I: 40101a
      No successors
Recovering 401020
  Analysing subroutine sub_401020 at 401020
  WARNING: No table entries for indirect jump at 401026; Adding next_ea 40102c as successor.
  Subroutine sub_401020 at 401020 has 2 blocks
  WARNING: No table entries for indirect jump at 401026; Adding next_ea 40102c as successor.
  BB: 401020 in func 401020 with 2 insts
    I: 401020 (mem 405ff0)
    I: 401026 (mem 405ff8)
      Successors: 40102c
  BB: 40102c in func 401020 with 1 insts
    I: 40102c
      No successors
Recovering start at 401060
  Analysing subroutine start at 401060
  Subroutine start at 401060 has 3 blocks
  BB: 401060 in func 401060 with 13 insts
    Referenced by data
    I: 401060
    I: 401064
    I: 401066
    I: 401069
    I: 40106a
    I: 40106d
    I: 401071
    I: 401072
    I: 401073
    I: 401076
    I: 401078 (imm 401150)
    I: 40107f (mem 405fd8)
    I: 401085
      No successors
  BB: 401095 in func 401060 with 2 insts
    I: 401095
    I: 40109f
      No successors
  BB: 401086 in func 401060 with 3 insts
    I: 401086
    I: 401090
    I: 401094
      No successors
Recovering 4010a0
  Analysing subroutine sub_4010A0 at 4010a0
  WARNING: No table entries for indirect jump at 4010bc; Adding next_ea 4010be as successor.
  WARNING: No table entries for indirect jump at 4010fe; Adding next_ea 401100 as successor.
  Subroutine sub_4010A0 at 4010a0 has 11 blocks
  BB: 4010a0 in func 4010a0 with 3 insts
    I: 4010a0
    I: 4010a5
    I: 4010ab (flow 4010c0)
      Successors: 4010c0, 4010ad
  BB: 4010c0 in func 4010a0 with 1 insts
    I: 4010c0
      No successors
  BB: 4010c1 in func 4010a0 with 2 insts
    I: 4010c1
    I: 4010c5
      Successors: 4010d0
  BB: 401100 in func 4010a0 with 1 insts
    I: 401100
      No successors
  BB: 401101 in func 4010a0 with 2 insts
    I: 401101
    I: 401105
      No successors
  BB: 4010ad in func 4010a0 with 3 insts
    I: 4010ad
    I: 4010b2
    I: 4010b5 (flow 4010c0)
      Successors: 4010c0, 4010b7
  BB: 4010ef in func 4010a0 with 3 insts
    I: 4010ef
    I: 4010f4
    I: 4010f7 (flow 401100)
      Successors: 401100, 4010f9
  BB: 4010d0 in func 4010a0 with 8 insts
    I: 4010d0
    I: 4010d5
    I: 4010dc
    I: 4010df
    I: 4010e3
    I: 4010e7
    I: 4010ea
    I: 4010ed (flow 401100)
      Successors: 401100, 4010ef
  WARNING: No table entries for indirect jump at 4010bc; Adding next_ea 4010be as successor.
  BB: 4010b7 in func 4010a0 with 2 insts
    I: 4010b7
    I: 4010bc
      Successors: 4010be
  WARNING: No table entries for indirect jump at 4010fe; Adding next_ea 401100 as successor.
  BB: 4010f9 in func 4010a0 with 2 insts
    I: 4010f9
    I: 4010fe
      Successors: 401100
  BB: 4010be in func 4010a0 with 1 insts
    I: 4010be
      Successors: 4010c0
Recovering 401110
  Analysing subroutine sub_401110 at 401110
  Subroutine sub_401110 at 401110 has 5 blocks
  BB: 40112f in func 401110 with 1 insts
    I: 40112f
      Successors: 401130
  BB: 401110 in func 401110 with 3 insts
    Referenced by data
    I: 401110
    I: 401114 (mem 406030)
    I: 40111b (flow 401130)
      Successors: 401130, 40111d
  BB: 401131 in func 401110 with 2 insts
    I: 401131
    I: 401135
      No successors
  BB: 401130 in func 401110 with 1 insts
    I: 401130
      No successors
  BB: 40111d in func 401110 with 6 insts
    I: 40111d
    I: 40111e
    I: 401121 (flow 4010a0)
    I: 401126 (mem 406030)
    I: 40112d
    I: 40112e
      No successors
Recovering 401140
  Analysing subroutine sub_401140 at 401140
  WARNING: No table entries for indirect jump at 4010fe; Adding next_ea 401100 as successor.
  Subroutine sub_401140 at 401140 has 6 blocks
  BB: 401140 in func 401140 with 2 insts
    Referenced by data
    I: 401140
    I: 401144 (flow 4010d0)
      Successors: 4010d0
  BB: 401100 in func 401140 with 1 insts
    I: 401100
      No successors
  BB: 401146 in func 401140 with 1 insts
    I: 401146
      No successors
  BB: 4010ef in func 401140 with 3 insts
    I: 4010ef
    I: 4010f4
    I: 4010f7 (flow 401100)
      Successors: 401100, 4010f9
  BB: 4010d0 in func 401140 with 8 insts
    I: 4010d0
    I: 4010d5
    I: 4010dc
    I: 4010df
    I: 4010e3
    I: 4010e7
    I: 4010ea
    I: 4010ed (flow 401100)
      Successors: 401100, 4010ef
  WARNING: No table entries for indirect jump at 4010fe; Adding next_ea 401100 as successor.
  BB: 4010f9 in func 401140 with 2 insts
    I: 4010f9
    I: 4010fe
      Successors: 401100
Recovering main at 401150
  Analysing subroutine main at 401150
  Subroutine main at 401150 has 138 blocks
  BB: 401800 in func 401150 with 38 insts
    I: 401800
    I: 401804
    I: 40180a (imm 423500)
    I: 401811
    I: 401813 (imm 423508)
    I: 40181a
    I: 40181c
    I: 40181e
    I: 401824
    I: 401827
    I: 40182d
    I: 401830
    I: 401833
    I: 401836
    I: 40183a
    I: 40183d
    I: 401841
    I: 401844
    I: 401847
    I: 40184a
    I: 40184e
    I: 401850
    I: 401853
    I: 401855
    I: 401857
    I: 40185a
    I: 40185d
    I: 401861
    I: 401864
    I: 401867
    I: 40186a
    I: 40186d
    I: 401870
    I: 401873
    I: 401876
    I: 401878
    I: 40187a
    I: 40187c (flow 401887)
      Successors: 401882, 401887
  BB: 401c02 in func 401150 with 1 insts
    I: 401c02 (flow 402d4f)
      Successors: 402d4f
  BB: 401c07 in func 401150 with 1 insts
    I: 401c07 (flow 401c0c)
      Successors: 401c0c
  BB: 401a0a in func 401150 with 4 insts
    I: 401a0a
    I: 401a0e (mem 40fc80)
    I: 401a15 (mem 4198c0)
    I: 401a1c
      Successors: 401a22
  BB: 401c0c in func 401150 with 5 insts
    I: 401c0c
    I: 401c10
    I: 401c14
    I: 401c16
    I: 401c18 (flow 401e73)
      Successors: 401e73, 401c1e
  BB: 401e10 in func 401150 with 1 insts
    I: 401e10 (flow 402d5e)
      Successors: 402d5e
  BB: 402412 in func 401150 with 1 insts
    I: 402412 (flow 402eb0)
      Successors: 402eb0
  BB: 401e15 in func 401150 with 26 insts
    I: 401e15
    I: 401e19
    I: 401e1b
    I: 401e21
    I: 401e24
    I: 401e2a
    I: 401e2c (imm 423500)
    I: 401e33
    I: 401e35 (imm 423508)
    I: 401e3c
    I: 401e3e
    I: 401e40
    I: 401e43
    I: 401e45
    I: 401e47
    I: 401e4a
    I: 401e4d
    I: 401e50
    I: 401e53
    I: 401e56
    I: 401e59
    I: 401e5b
    I: 401e5d
    I: 401e5f
    I: 401e61
    I: 401e63 (flow 401e6e)
      Successors: 401e69, 401e6e
  BB: 402417 in func 401150 with 1 insts
    I: 402417 (flow 40241c)
      Successors: 40241c
  BB: 40241c in func 401150 with 13 insts
    I: 40241c
    I: 402420
    I: 402424
    I: 402426
    I: 402428
    I: 40242a
    I: 40242c
    I: 40242e
    I: 402430
    I: 402432
    I: 402435
    I: 402437
    I: 402439 (flow 402ba2)
      Successors: 402ba2, 40243f
  BB: 401c1e in func 401150 with 140 insts
    I: 401c1e
    I: 401c22
    I: 401c26
    I: 401c28
    I: 401c2e
    I: 401c31
    I: 401c37
    I: 401c3a (imm 4198c0)
    I: 401c44
    I: 401c4b
    I: 401c4e
    I: 401c51
    I: 401c54
    I: 401c57 (imm 4198c0)
    I: 401c61
    I: 401c68
    I: 401c6b
    I: 401c6e
    I: 401c71
    I: 401c73
    I: 401c78
    I: 401c7b
    I: 401c80
    I: 401c83 (imm 40fc80)
    I: 401c8d
    I: 401c94
    I: 401c97
    I: 401c9a
    I: 401c9d
    I: 401c9f
    I: 401ca1
    I: 401ca3
    I: 401ca5
    I: 401ca7
    I: 401ca9
    I: 401cab (flow 4030f0)
    I: 401cb0
    I: 401cb4
    I: 401cb6
    I: 401cba
    I: 401cbc
    I: 401cbe
    I: 401cc0
    I: 401cc2
    I: 401cc5
    I: 401cc7
    I: 401cc9
    I: 401ccb
    I: 401cce (imm 4198c0)
    I: 401cd8
    I: 401cdf
    I: 401ce2
    I: 401ce5
    I: 401ce8
    I: 401cea
    I: 401cec
    I: 401cee
    I: 401cf0
    I: 401cf3
    I: 401cf5
    I: 401cf7
    I: 401cf9
    I: 401cfc (imm 4198c0)
    I: 401d06
    I: 401d0d
    I: 401d10
    I: 401d12
    I: 401d14
    I: 401d17
    I: 401d19
    I: 401d1c
    I: 401d1f
    I: 401d22 (imm 4198c0)
    I: 401d2c
    I: 401d33
    I: 401d36
    I: 401d39
    I: 401d3c
    I: 401d3e
    I: 401d43
    I: 401d46
    I: 401d4b
    I: 401d4e (imm 40fc80)
    I: 401d58
    I: 401d5f
    I: 401d62
    I: 401d64
    I: 401d66
    I: 401d68
    I: 401d6a
    I: 401d6d
    I: 401d6f
    I: 401d71
    I: 401d73
    I: 401d76
    I: 401d79
    I: 401d7b
    I: 401d7d
    I: 401d7f (flow 4030f0)
    I: 401d84
    I: 401d88
    I: 401d8a
    I: 401d8e
    I: 401d90
    I: 401d95
    I: 401d98
    I: 401d9d
    I: 401da0 (imm 4198c0)
    I: 401daa
    I: 401db1
    I: 401db4
    I: 401db6
    I: 401db8
    I: 401dba
    I: 401dbc
    I: 401dbf
    I: 401dc1
    I: 401dc3
    I: 401dc5
    I: 401dc8
    I: 401dcb (imm 423500)
    I: 401dd2
    I: 401dd4 (imm 423508)
    I: 401ddb
    I: 401ddd
    I: 401ddf
    I: 401de5
    I: 401de8
    I: 401dee
    I: 401df1
    I: 401df4
    I: 401df7
    I: 401dfa
    I: 401dfd
    I: 401e00
    I: 401e02
    I: 401e04
    I: 401e06
    I: 401e08
    I: 401e0a (flow 401e15)
      Successors: 401e10, 401e15
  BB: 401620 in func 401150 with 1 insts
    I: 401620 (flow 402cb8)
      Successors: 402cb8
  BB: 401a22 in func 401150 with 20 insts
    I: 401a22 (imm 423500)
    I: 401a29
    I: 401a2b (imm 423508)
    I: 401a32
    I: 401a34
    I: 401a36
    I: 401a39
    I: 401a3b
    I: 401a3d
    I: 401a40
    I: 401a43
    I: 401a46
    I: 401a49
    I: 401a4c
    I: 401a4f
    I: 401a51
    I: 401a53
    I: 401a55
    I: 401a57
    I: 401a59 (flow 401a64)
      Successors: 401a64, 401a5f
  BB: 401625 in func 401150 with 1 insts
    I: 401625 (flow 40162a)
      Successors: 40162a
  BB: 40162a in func 401150 with 7 insts
    I: 40162a
    I: 40162e
    I: 401630
    I: 401636
    I: 401639
    I: 40163f
    I: 401641 (flow 40152b)
      Successors: 40152b
  BB: 402a34 in func 401150 with 1 insts
    I: 402a34 (flow 403089)
      Successors: 403089
  BB: 401437 in func 401150 with 1 insts
    I: 401437 (flow 402c97)
      Successors: 402c97
  BB: 402a39 in func 401150 with 42 insts
    I: 402a39
    I: 402a3d
    I: 402a3f
    I: 402a41
    I: 402a44
    I: 402a46
    I: 402a48 (imm 423500)
    I: 402a4f
    I: 402a51 (imm 423508)
    I: 402a58
    I: 402a5a
    I: 402a5c
    I: 402a62
    I: 402a65
    I: 402a6b
    I: 402a6e
    I: 402a71
    I: 402a74
    I: 402a78
    I: 402a7b
    I: 402a7f
    I: 402a82
    I: 402a85
    I: 402a88
    I: 402a8c
    I: 402a8e
    I: 402a91
    I: 402a93
    I: 402a95
    I: 402a98
    I: 402a9b
    I: 402a9f
    I: 402aa2
    I: 402aa5
    I: 402aa8
    I: 402aab
    I: 402aae
    I: 402ab1
    I: 402ab4
    I: 402ab6
    I: 402ab8
    I: 402aba (flow 402ac5)
      Successors: 402ac0, 402ac5
  BB: 40143c in func 401150 with 1 insts
    I: 40143c (flow 401335)
      Successors: 401335
  BB: 40243f in func 401150 with 2 insts
    I: 40243f
    I: 402443
      Successors: 402449
  BB: 401441 in func 401150 with 20 insts
    I: 401441 (imm 423500)
    I: 401448
    I: 40144a (imm 423508)
    I: 401451
    I: 401453
    I: 401455
    I: 40145b
    I: 40145e
    I: 401464
    I: 401467
    I: 40146a
    I: 40146d
    I: 401470
    I: 401473
    I: 401476
    I: 401478
    I: 40147a
    I: 40147c
    I: 40147e
    I: 401480 (flow 40148b)
      Successors: 40148b, 401486
  BB: 401646 in func 401150 with 36 insts
    I: 401646 (imm 423500)
    I: 40164d
    I: 40164f (imm 423508)
    I: 401656
    I: 401658
    I: 40165a
    I: 40165d
    I: 40165f
    I: 401661
    I: 401664
    I: 401667
    I: 40166a
    I: 40166e
    I: 401671
    I: 401675
    I: 401678
    I: 40167b
    I: 40167e
    I: 401682
    I: 401684
    I: 401687
    I: 401689
    I: 40168b
    I: 40168e
    I: 401691
    I: 401695
    I: 401698
    I: 40169b
    I: 40169e
    I: 4016a1
    I: 4016a4
    I: 4016a7
    I: 4016aa
    I: 4016ac
    I: 4016ae
    I: 4016b0 (flow 4016bb)
      Successors: 4016bb, 4016b6
  BB: 402449 in func 401150 with 18 insts
    I: 402449
    I: 40244d
    I: 402451
    I: 402455
    I: 402457
    I: 402459
    I: 40245b
    I: 402461
    I: 402463
    I: 402469
    I: 40246f
    I: 402472
    I: 402478
    I: 40247a
    I: 402480
    I: 402482
    I: 402488
    I: 40248a (flow 402aca)
      Successors: 402490, 402aca
  BB: 401a5f in func 401150 with 1 insts
    I: 401a5f (flow 402d4a)
      Successors: 402d4a
  BB: 401a64 in func 401150 with 42 insts
    I: 401a64
    I: 401a68
    I: 401a6c
    I: 401a6e
    I: 401a70
    I: 401a73
    I: 401a76 (imm 423500)
    I: 401a7d
    I: 401a7f (imm 423508)
    I: 401a86
    I: 401a88
    I: 401a8a
    I: 401a90
    I: 401a93
    I: 401a99
    I: 401a9c
    I: 401a9f
    I: 401aa2
    I: 401aa6
    I: 401aa9
    I: 401aad
    I: 401ab0
    I: 401ab3
    I: 401ab6
    I: 401aba
    I: 401abc
    I: 401abf
    I: 401ac1
    I: 401ac3
    I: 401ac6
    I: 401ac9
    I: 401acd
    I: 401ad0
    I: 401ad3
    I: 401ad6
    I: 401ad9
    I: 401adc
    I: 401adf
    I: 401ae2
    I: 401ae4
    I: 401ae6
    I: 401ae8 (flow 401af3)
      Successors: 401af3, 401aee
  BB: 402c66 in func 401150 with 1 insts
    I: 402c66 (flow 4030aa)
      Successors: 4030aa
  BB: 401e69 in func 401150 with 1 insts
    I: 401e69 (flow 402d5e)
      Successors: 402d5e
  BB: 40126a in func 401150 with 1 insts
    I: 40126a (flow 402c72)
      Successors: 402c72
  BB: 402c6b in func 401150 with 4 insts
    I: 402c6b
    I: 402c6d
    I: 402c70
    I: 402c71
      No successors
  BB: 401e6e in func 401150 with 1 insts
    I: 401e6e (flow 401c0c)
      Successors: 401c0c
  BB: 40126f in func 401150 with 1 insts
    I: 40126f (flow 401274)
      Successors: 401274
  BB: 402c72 in func 401150 with 9 insts
    I: 402c72
    I: 402c75
    I: 402c79
    I: 402c7c
    I: 402c7f
    I: 402c83
    I: 402c86
    I: 402c8c
    I: 402c92 (flow 4011a2)
      Successors: 4011a2
  BB: 401e73 in func 401150 with 1 insts
    I: 401e73 (flow 401e78)
      Successors: 401e78
  BB: 401274 in func 401150 with 16 insts
    I: 401274
    I: 401278
    I: 40127a
    I: 40127c
    I: 40127f
    I: 401281
    I: 401283
    I: 401285
    I: 401287 (imm 406040)
    I: 401291
    I: 401295
    I: 401298 (imm 404018)
    I: 4012a2
    I: 4012a4 (flow 423520)
    I: 4012a9
    I: 4012ac (flow 4012b7)
      Successors: 4012b2, 4012b7
  BB: 401e78 in func 401150 with 7 insts
    I: 401e78
    I: 401e7c
    I: 401e7e
    I: 401e80
    I: 401e83
    I: 401e85
    I: 401e87 (flow 401a22)
      Successors: 401a22
  BB: 401882 in func 401150 with 1 insts
    I: 401882 (flow 402d1f)
      Successors: 402d1f
  BB: 403084 in func 401150 with 1 insts
    I: 403084 (flow 402935)
      Successors: 402935
  BB: 401486 in func 401150 with 1 insts
    I: 401486 (flow 402cb3)
      Successors: 402cb3
  BB: 401887 in func 401150 with 1 insts
    I: 401887 (flow 40188c)
      Successors: 40188c
  BB: 402688 in func 401150 with 20 insts
    I: 402688 (imm 423500)
    I: 40268f
    I: 402691 (imm 423508)
    I: 402698
    I: 40269a
    I: 40269c
    I: 40269f
    I: 4026a1
    I: 4026a3
    I: 4026a6
    I: 4026a9
    I: 4026ac
    I: 4026af
    I: 4026b2
    I: 4026b5
    I: 4026b7
    I: 4026b9
    I: 4026bb
    I: 4026bd
    I: 4026bf (flow 4026ca)
      Successors: 4026ca, 4026c5
  BB: 403089 in func 401150 with 7 insts
    I: 403089
    I: 40308d
    I: 40308f
    I: 403095
    I: 403098
    I: 40309e
    I: 4030a0 (flow 402a39)
      Successors: 402a39
  BB: 40148b in func 401150 with 36 insts
    I: 40148b (imm 423500)
    I: 401492
    I: 401494 (imm 423508)
    I: 40149b
    I: 40149d
    I: 40149f
    I: 4014a2
    I: 4014a4
    I: 4014a6
    I: 4014a9
    I: 4014ac
    I: 4014af
    I: 4014b3
    I: 4014b6
    I: 4014ba
    I: 4014bd
    I: 4014c0
    I: 4014c3
    I: 4014c7
    I: 4014c9
    I: 4014cc
    I: 4014ce
    I: 4014d0
    I: 4014d3
    I: 4014d6
    I: 4014da
    I: 4014dd
    I: 4014e0
    I: 4014e3
    I: 4014e6
    I: 4014e9
    I: 4014ec
    I: 4014ef
    I: 4014f1
    I: 4014f3
    I: 4014f5 (flow 401500)
      Successors: 401500, 4014fb
  BB: 40188c in func 401150 with 22 insts
    I: 40188c
    I: 401890
    I: 401894
    I: 401898
    I: 40189a
    I: 40189c
    I: 40189e
    I: 4018a0
    I: 4018a2
    I: 4018a4
    I: 4018a6
    I: 4018a8
    I: 4018aa
    I: 4018ac
    I: 4018ae
    I: 4018b1
    I: 4018b3
    I: 4018b5
    I: 4018b7
    I: 4018b9
    I: 4018bb
    I: 4018bd (flow 4019e9)
      Successors: 4019e9, 4018c3
  BB: 401e8c in func 401150 with 36 insts
    I: 401e8c (imm 423500)
    I: 401e93
    I: 401e95 (imm 423508)
    I: 401e9c
    I: 401e9e
    I: 401ea0
    I: 401ea6
    I: 401ea9
    I: 401eaf
    I: 401eb2
    I: 401eb5
    I: 401eb8
    I: 401ebc
    I: 401ebf
    I: 401ec3
    I: 401ec6
    I: 401ec9
    I: 401ecc
    I: 401ed0
    I: 401ed2
    I: 401ed5
    I: 401ed7
    I: 401ed9
    I: 401edc
    I: 401edf
    I: 401ee3
    I: 401ee6
    I: 401ee9
    I: 401eec
    I: 401eef
    I: 401ef2
    I: 401ef5
    I: 401ef8
    I: 401efa
    I: 401efc
    I: 401efe (flow 401f09)
      Successors: 401f09, 401f04
  BB: 402490 in func 401150 with 3 insts
    I: 402490
    I: 402494
    I: 402497 (flow 40255e)
      Successors: 40249d, 40255e
  BB: 402e94 in func 401150 with 7 insts
    I: 402e94
    I: 402e98
    I: 402e9a
    I: 402ea0
    I: 402ea3
    I: 402ea9
    I: 402eab (flow 4022ac)
      Successors: 4022ac
  BB: 402c97 in func 401150 with 11 insts
    I: 402c97
    I: 402c9b
    I: 402c9d
    I: 402c9f
    I: 402ca1
    I: 402ca3
    I: 402ca6
    I: 402ca8
    I: 402caa
    I: 402cac
    I: 402cae (flow 4013db)
      Successors: 4013db
  BB: 40249d in func 401150 with 54 insts
    I: 40249d
    I: 4024a1
    I: 4024a5
    I: 4024a7
    I: 4024a9
    I: 4024ab
    I: 4024ad
    I: 4024b0
    I: 4024b2
    I: 4024b4
    I: 4024b6
    I: 4024b9 (imm 4198c0)
    I: 4024c3
    I: 4024ca
    I: 4024cd
    I: 4024d0
    I: 4024d3
    I: 4024d6 (imm 4198c0)
    I: 4024e0
    I: 4024e7
    I: 4024ea
    I: 4024ed
    I: 4024f0
    I: 4024f2
    I: 4024f4
    I: 4024f6
    I: 4024f8
    I: 4024fb
    I: 4024fd
    I: 4024ff
    I: 402501
    I: 402504 (imm 40fc80)
    I: 40250e
    I: 402515
    I: 402518
    I: 40251b
    I: 40251e
    I: 402520
    I: 402522
    I: 402524 (flow 4030f0)
    I: 402529
    I: 40252d
    I: 40252f
    I: 402533
    I: 402535
    I: 402537
    I: 40253a
    I: 40253c
    I: 40253f (imm 4198c0)
    I: 402549
    I: 402550
    I: 402553
    I: 402556
    I: 402559 (flow 4029b7)
      Successors: 4029b7
  BB: 4020a3 in func 401150 with 1 insts
    I: 4020a3 (flow 402d72)
      Successors: 402d72
  BB: 4030a5 in func 401150 with 1 insts
    I: 4030a5 (flow 402b0c)
      Successors: 402b0c
  BB: 4022a7 in func 401150 with 1 insts
    I: 4022a7 (flow 402e94)
      Successors: 402e94
  BB: 4020a8 in func 401150 with 1 insts
    I: 4020a8 (flow 4020ad)
      Successors: 4020ad
  BB: 4030aa in func 401150 with 14 insts
    I: 4030aa
    I: 4030ae
    I: 4030b0
    I: 4030b5
    I: 4030b8
    I: 4030bd
    I: 4030c0 (imm 4198c0)
    I: 4030ca
    I: 4030d1
    I: 4030d4
    I: 4030d6 (imm 40401c)
    I: 4030e0
    I: 4030e2 (flow 423518)
    I: 4030e7 (flow 402be4)
      Successors: 402be4
  BB: 4022ac in func 401150 with 42 insts
    I: 4022ac
    I: 4022b0
    I: 4022b2
    I: 4022b8
    I: 4022bb
    I: 4022c1
    I: 4022c3 (imm 423500)
    I: 4022ca
    I: 4022cc (imm 423508)
    I: 4022d3
    I: 4022d5
    I: 4022d7
    I: 4022da
    I: 4022dc
    I: 4022de
    I: 4022e1
    I: 4022e4
    I: 4022e7
    I: 4022eb
    I: 4022ee
    I: 4022f2
    I: 4022f5
    I: 4022f8
    I: 4022fb
    I: 4022ff
    I: 402301
    I: 402304
    I: 402306
    I: 402308
    I: 40230b
    I: 40230e
    I: 402312
    I: 402315
    I: 402318
    I: 40231b
    I: 40231e
    I: 402321
    I: 402324
    I: 402327
    I: 402329
    I: 40232b
    I: 40232d (flow 402338)
      Successors: 402338, 402333
  BB: 4020ad in func 401150 with 5 insts
    I: 4020ad
    I: 4020b1
    I: 4020b5
    I: 4020b7
    I: 4020b9 (flow 40233d)
      Successors: 40233d, 4020bf
  BB: 402eb0 in func 401150 with 12 insts
    I: 402eb0
    I: 402eb4
    I: 402eb8
    I: 402eba
    I: 402ebc
    I: 402ebe
    I: 402ec0
    I: 402ec3
    I: 402ec5
    I: 402ec7
    I: 402ec9
    I: 402ecb (flow 402387)
      Successors: 402387
  BB: 4012b2 in func 401150 with 1 insts
    I: 4012b2 (flow 401274)
      Successors: 401274
  BB: 402cb3 in func 401150 with 1 insts
    I: 402cb3 (flow 40148b)
      Successors: 40148b
  BB: 4016b6 in func 401150 with 1 insts
    I: 4016b6 (flow 402d07)
      Successors: 402d07
  BB: 4012b7 in func 401150 with 24 insts
    I: 4012b7
    I: 4012bb
    I: 4012bd
    I: 4012c2
    I: 4012c5
    I: 4012c7
    I: 4012cd
    I: 4012d0
    I: 4012d2
    I: 4012d4
    I: 4012d7
    I: 4012db (flow 423528)
    I: 4012e0
    I: 4012e4
    I: 4012e8
    I: 4012ec
    I: 4012ef (mem 404010)
    I: 4012f7
    I: 4012fb (mem 404008)
    I: 401303
    I: 401307
    I: 40130b
    I: 40130d
    I: 401313
      Successors: 401319
  BB: 402cb8 in func 401150 with 21 insts
    I: 402cb8
    I: 402cbc
    I: 402cc0
    I: 402cc4
    I: 402cc6
    I: 402cc9
    I: 402ccc
    I: 402cce
    I: 402cd1
    I: 402cd4
    I: 402cd6
    I: 402cd9
    I: 402cdb
    I: 402cde (disp 406040)
    I: 402ce5
    I: 402ce8 (imm 40fc80)
    I: 402cf2
    I: 402cf9
    I: 402cfc
    I: 402cff
    I: 402d02 (flow 401598)
      Successors: 401598
  BB: 4016bb in func 401150 with 43 insts
    I: 4016bb
    I: 4016bf
    I: 4016c3
    I: 4016c5
    I: 4016cb
    I: 4016ce
    I: 4016d4
    I: 4016d6 (imm 423500)
    I: 4016dd
    I: 4016df (imm 423508)
    I: 4016e6
    I: 4016e8
    I: 4016ea
    I: 4016f0
    I: 4016f3
    I: 4016f9
    I: 4016fc
    I: 4016ff
    I: 401702
    I: 401706
    I: 401709
    I: 40170d
    I: 401710
    I: 401713
    I: 401716
    I: 40171a
    I: 40171c
    I: 40171f
    I: 401721
    I: 401723
    I: 401726
    I: 401729
    I: 40172d
    I: 401730
    I: 401733
    I: 401736
    I: 401739
    I: 40173c
    I: 40173f
    I: 401742
    I: 401744
    I: 401746
    I: 401748 (flow 401753)
      Successors: 401753, 40174e
  BB: 4020bf in func 401150 with 140 insts
    I: 4020bf
    I: 4020c3
    I: 4020c7
    I: 4020c9
    I: 4020cb
    I: 4020cd
    I: 4020cf
    I: 4020d2
    I: 4020d4
    I: 4020d6
    I: 4020d8
    I: 4020db (imm 4198c0)
    I: 4020e5
    I: 4020ec
    I: 4020ef
    I: 4020f2
    I: 4020f5
    I: 4020f8 (imm 4198c0)
    I: 402102
    I: 402109
    I: 40210c
    I: 40210f
    I: 402112
    I: 402114
    I: 402116
    I: 402118
    I: 40211a
    I: 40211d
    I: 40211f
    I: 402121
    I: 402123
    I: 402126 (imm 40fc80)
    I: 402130
    I: 402137
    I: 40213a
    I: 40213d
    I: 402140
    I: 402142
    I: 402144
    I: 402146
    I: 402148
    I: 40214a
    I: 40214c
    I: 40214e (flow 4030f0)
    I: 402153
    I: 402157
    I: 402159
    I: 40215d
    I: 40215f
    I: 402161
    I: 402163
    I: 402165
    I: 402168
    I: 40216a
    I: 40216c
    I: 40216e
    I: 402171 (imm 4198c0)
    I: 40217b
    I: 402182
    I: 402185
    I: 402188
    I: 40218b
    I: 40218d
    I: 402193
    I: 402196
    I: 40219c
    I: 40219f (imm 4198c0)
    I: 4021a9
    I: 4021b0
    I: 4021b3
    I: 4021b5
    I: 4021bb
    I: 4021be
    I: 4021c4
    I: 4021c7
    I: 4021ca
    I: 4021cd (imm 4198c0)
    I: 4021d7
    I: 4021de
    I: 4021e1
    I: 4021e4
    I: 4021e7
    I: 4021e9
    I: 4021eb
    I: 4021ee
    I: 4021f0
    I: 4021f3 (imm 40fc80)
    I: 4021fd
    I: 402204
    I: 402207
    I: 402209
    I: 40220b
    I: 40220e
    I: 402210
    I: 402213
    I: 402216
    I: 402218
    I: 40221a
    I: 40221c
    I: 40221e
    I: 402220
    I: 402222
    I: 402224 (flow 4030f0)
    I: 402229
    I: 40222d
    I: 40222f
    I: 402233
    I: 402235
    I: 402237
    I: 40223a
    I: 40223c
    I: 40223f (imm 4198c0)
    I: 402249
    I: 402250
    I: 402253
    I: 402255
    I: 402257
    I: 40225a
    I: 40225c
    I: 40225f
    I: 402262 (imm 423500)
    I: 402269
    I: 40226b (imm 423508)
    I: 402272
    I: 402274
    I: 402276
    I: 40227c
    I: 40227f
    I: 402285
    I: 402288
    I: 40228b
    I: 40228e
    I: 402291
    I: 402294
    I: 402297
    I: 402299
    I: 40229b
    I: 40229d
    I: 40229f
    I: 4022a1 (flow 4022ac)
      Successors: 4022ac, 4022a7
  BB: 402ac0 in func 401150 with 1 insts
    I: 402ac0 (flow 403089)
      Successors: 403089
  BB: 4018c3 in func 401150 with 37 insts
    I: 4018c3
    I: 4018c7
    I: 4018cb
    I: 4018cf
    I: 4018d1
    I: 4018d4
    I: 4018d8
    I: 4018da
    I: 4018dd
    I: 4018df
    I: 4018e2 (disp 406040)
    I: 4018e9
    I: 4018ec (imm 40fc80)
    I: 4018f6
    I: 4018fd
    I: 401900
    I: 401903
    I: 401906 (imm 423500)
    I: 40190d
    I: 40190f (imm 423508)
    I: 401916
    I: 401918
    I: 40191a
    I: 401920
    I: 401923
    I: 401929
    I: 40192c
    I: 40192f
    I: 401932
    I: 401935
    I: 401938
    I: 40193b
    I: 40193d
    I: 40193f
    I: 401941
    I: 401943
    I: 401945 (flow 401950)
      Successors: 401950, 40194b
  BB: 4026c5 in func 401150 with 1 insts
    I: 4026c5 (flow 402ed0)
      Successors: 402ed0
  BB: 402ac5 in func 401150 with 1 insts
    I: 402ac5 (flow 402449)
      Successors: 402449
  BB: 4026ca in func 401150 with 144 insts
    I: 4026ca
    I: 4026ce
    I: 4026d2
    I: 4026d4
    I: 4026d6
    I: 4026d9
    I: 4026db
    I: 4026de (imm 4198c0)
    I: 4026e8
    I: 4026ef
    I: 4026f2
    I: 4026f5
    I: 4026f8
    I: 4026fb (imm 4198c0)
    I: 402705
    I: 40270c
    I: 40270f
    I: 402712
    I: 402715
    I: 402717
    I: 40271c
    I: 40271f
    I: 402724
    I: 402727 (imm 40fc80)
    I: 402731
    I: 402738
    I: 40273b
    I: 40273e
    I: 402741
    I: 402743
    I: 402745
    I: 402747
    I: 402749
    I: 40274b
    I: 40274d
    I: 40274f (flow 4030f0)
    I: 402754
    I: 402758
    I: 40275a
    I: 40275e
    I: 402760
    I: 402762
    I: 402765
    I: 402767
    I: 40276a (imm 4198c0)
    I: 402774
    I: 40277b
    I: 40277e
    I: 402781
    I: 402784
    I: 402786
    I: 402788
    I: 40278b
    I: 40278d
    I: 402790 (imm 4198c0)
    I: 40279a
    I: 4027a1
    I: 4027a4
    I: 4027a6
    I: 4027ac
    I: 4027af
    I: 4027b5
    I: 4027b8
    I: 4027bb
    I: 4027be (imm 4198c0)
    I: 4027c8
    I: 4027cf
    I: 4027d2
    I: 4027d5
    I: 4027d8
    I: 4027da
    I: 4027dc
    I: 4027de
    I: 4027e0
    I: 4027e3
    I: 4027e5
    I: 4027e7
    I: 4027e9
    I: 4027ec (imm 40fc80)
    I: 4027f6
    I: 4027fd
    I: 402800
    I: 402802
    I: 402808
    I: 40280b
    I: 402811
    I: 402814
    I: 402817
    I: 402819
    I: 40281b
    I: 40281d (flow 4030f0)
    I: 402822
    I: 402826
    I: 402828
    I: 40282c
    I: 40282e
    I: 402833
    I: 402836
    I: 40283b
    I: 40283e (imm 4198c0)
    I: 402848
    I: 40284f
    I: 402852
    I: 402854
    I: 40285a
    I: 40285d
    I: 402863
    I: 402866
    I: 402869 (imm 423500)
    I: 402870
    I: 402872 (imm 423508)
    I: 402879
    I: 40287b
    I: 40287d
    I: 402883
    I: 402886
    I: 40288c
    I: 40288f
    I: 402892
    I: 402895
    I: 402899
    I: 40289c
    I: 4028a0
    I: 4028a3
    I: 4028a6
    I: 4028a9
    I: 4028ad
    I: 4028af
    I: 4028b2
    I: 4028b4
    I: 4028b6
    I: 4028b9
    I: 4028bc
    I: 4028c0
    I: 4028c3
    I: 4028c6
    I: 4028c9
    I: 4028cc
    I: 4028cf
    I: 4028d2
    I: 4028d5
    I: 4028d7
    I: 4028d9
    I: 4028db (flow 4028e6)
      Successors: 4028e1, 4028e6
  BB: 402aca in func 401150 with 20 insts
    I: 402aca (imm 423500)
    I: 402ad1
    I: 402ad3 (imm 423508)
    I: 402ada
    I: 402adc
    I: 402ade
    I: 402ae1
    I: 402ae3
    I: 402ae5
    I: 402ae8
    I: 402aeb
    I: 402aee
    I: 402af1
    I: 402af4
    I: 402af7
    I: 402af9
    I: 402afb
    I: 402afd
    I: 402aff
    I: 402b01 (flow 402b0c)
      Successors: 402b0c, 402b07
  BB: 402ed0 in func 401150 with 109 insts
    I: 402ed0
    I: 402ed4
    I: 402ed8
    I: 402eda
    I: 402edc
    I: 402edf
    I: 402ee1
    I: 402ee4 (imm 4198c0)
    I: 402eee
    I: 402ef5
    I: 402ef8
    I: 402efb
    I: 402efe
    I: 402f01 (imm 4198c0)
    I: 402f0b
    I: 402f12
    I: 402f15
    I: 402f18
    I: 402f1b
    I: 402f1d
    I: 402f22
    I: 402f25
    I: 402f2a
    I: 402f2d (imm 40fc80)
    I: 402f37
    I: 402f3e
    I: 402f41
    I: 402f44
    I: 402f47
    I: 402f4d
    I: 402f4f
    I: 402f55 (flow 4030f0)
    I: 402f5a
    I: 402f5e
    I: 402f60
    I: 402f64
    I: 402f66
    I: 402f6c
    I: 402f6f
    I: 402f75
    I: 402f78 (imm 4198c0)
    I: 402f82
    I: 402f89
    I: 402f8c
    I: 402f8f
    I: 402f92
    I: 402f94
    I: 402f96
    I: 402f98
    I: 402f9a
    I: 402f9d
    I: 402f9f
    I: 402fa1
    I: 402fa3
    I: 402fa6 (imm 4198c0)
    I: 402fb0
    I: 402fb7
    I: 402fba
    I: 402fbc
    I: 402fc2
    I: 402fc5
    I: 402fcb
    I: 402fce
    I: 402fd1
    I: 402fd4 (imm 4198c0)
    I: 402fde
    I: 402fe5
    I: 402fe8
    I: 402feb
    I: 402fee
    I: 402ff0
    I: 402ff5
    I: 402ff8
    I: 402ffd
    I: 403000 (imm 40fc80)
    I: 40300a
    I: 403011
    I: 403014
    I: 403016
    I: 40301c
    I: 40301f
    I: 403025
    I: 403028
    I: 40302b
    I: 403031
    I: 403033
    I: 403039 (flow 4030f0)
    I: 40303e
    I: 403042
    I: 403044
    I: 403048
    I: 40304a
    I: 40304c
    I: 40304e
    I: 403050
    I: 403053
    I: 403055
    I: 403057
    I: 403059
    I: 40305c (imm 4198c0)
    I: 403066
    I: 40306d
    I: 403070
    I: 403072
    I: 403074
    I: 403077
    I: 403079
    I: 40307c
    I: 40307f (flow 4026ca)
      Successors: 4026ca
  BB: 4028e1 in func 401150 with 1 insts
    I: 4028e1 (flow 402ed0)
      Successors: 402ed0
  BB: 4028e6 in func 401150 with 1 insts
    I: 4028e6 (flow 4028eb)
      Successors: 4028eb
  BB: 4028eb in func 401150 with 20 insts
    I: 4028eb (imm 423500)
    I: 4028f2
    I: 4028f4 (imm 423508)
    I: 4028fb
    I: 4028fd
    I: 4028ff
    I: 402905
    I: 402908
    I: 40290e
    I: 402911
    I: 402914
    I: 402917
    I: 40291a
    I: 40291d
    I: 402920
    I: 402922
    I: 402924
    I: 402926
    I: 402928
    I: 40292a (flow 402935)
      Successors: 402930, 402935
  BB: 4030ec in func 401150 with 1 insts
    I: 4030ec
      No successors
  BB: 401aee in func 401150 with 1 insts
    I: 401aee (flow 402d4a)
      Successors: 402d4a
  BB: 401af3 in func 401150 with 3 insts
    I: 401af3
    I: 401af6
    I: 401af8 (flow 401b03)
      Successors: 401b03, 401afe
  BB: 4014fb in func 401150 with 1 insts
    I: 4014fb (flow 402cb3)
      Successors: 402cb3
  BB: 401afe in func 401150 with 1 insts
    I: 401afe (flow 401e8c)
      Successors: 401e8c
  BB: 401500 in func 401150 with 1 insts
    I: 401500 (flow 401505)
      Successors: 401505
  BB: 401b03 in func 401150 with 36 insts
    I: 401b03 (imm 423500)
    I: 401b0a
    I: 401b0c (imm 423508)
    I: 401b13
    I: 401b15
    I: 401b17
    I: 401b1d
    I: 401b20
    I: 401b26
    I: 401b29
    I: 401b2c
    I: 401b2f
    I: 401b33
    I: 401b36
    I: 401b3a
    I: 401b3d
    I: 401b40
    I: 401b43
    I: 401b47
    I: 401b49
    I: 401b4c
    I: 401b4e
    I: 401b50
    I: 401b53
    I: 401b56
    I: 401b5a
    I: 401b5d
    I: 401b60
    I: 401b63
    I: 401b66
    I: 401b69
    I: 401b6c
    I: 401b6f
    I: 401b71
    I: 401b73
    I: 401b75 (flow 401b80)
      Successors: 401b80, 401b7b
  BB: 401f04 in func 401150 with 1 insts
    I: 401f04 (flow 402d72)
      Successors: 402d72
  BB: 401505 in func 401150 with 7 insts
    I: 401505
    I: 401509
    I: 40150b
    I: 401511
    I: 401514
    I: 40151a
    I: 40151c (flow 401319)
      Successors: 401319
  BB: 402b07 in func 401150 with 1 insts
    I: 402b07 (flow 4030a5)
      Successors: 4030a5
  BB: 402d07 in func 401150 with 8 insts
    I: 402d07
    I: 402d0b
    I: 402d0f
    I: 402d11
    I: 402d13
    I: 402d16
    I: 402d18
    I: 402d1a (flow 4016bb)
      Successors: 4016bb
  BB: 401f09 in func 401150 with 110 insts
    I: 401f09
    I: 401f0d
    I: 401f11
    I: 401f14 (imm 4198c0)
    I: 401f1e
    I: 401f25
    I: 401f28
    I: 401f2a
    I: 401f2c
    I: 401f2e
    I: 401f30
    I: 401f32
    I: 401f35
    I: 401f37
    I: 401f39
    I: 401f3b
    I: 401f3e (imm 40fc80)
    I: 401f48
    I: 401f4f
    I: 401f52
    I: 401f54
    I: 401f5a
    I: 401f5c
    I: 401f62
    I: 401f64
    I: 401f6a
    I: 401f6d
    I: 401f73
    I: 401f76 (imm 4198c0)
    I: 401f80
    I: 401f87
    I: 401f8a
    I: 401f8c
    I: 401f8f (imm 4198c0)
    I: 401f99
    I: 401fa0
    I: 401fa3
    I: 401fa6
    I: 401fa9
    I: 401fab
    I: 401fad
    I: 401fb0
    I: 401fb2
    I: 401fb5 (imm 40fc80)
    I: 401fbf
    I: 401fc6
    I: 401fc9
    I: 401fcb
    I: 401fd1
    I: 401fd4
    I: 401fda
    I: 401fdd
    I: 401fe0
    I: 401fe6
    I: 401fe8
    I: 401fee
    I: 401ff0
    I: 401ff2
    I: 401ff4
    I: 401ff6
    I: 401ff9
    I: 401ffb
    I: 401ffd
    I: 401fff
    I: 402002 (imm 4198c0)
    I: 40200c
    I: 402013
    I: 402016
    I: 402018
    I: 40201e
    I: 402021
    I: 402027
    I: 40202a
    I: 40202d
    I: 402033 (imm 423500)
    I: 40203a
    I: 40203c (imm 423508)
    I: 402043
    I: 402045
    I: 402047
    I: 40204a
    I: 40204c
    I: 40204e
    I: 402051
    I: 402054
    I: 402057
    I: 40205b
    I: 40205e
    I: 402062
    I: 402065
    I: 402068
    I: 40206b
    I: 40206f
    I: 402071
    I: 402074
    I: 402076
    I: 402078
    I: 40207b
    I: 40207e
    I: 402082
    I: 402085
    I: 402088
    I: 40208b
    I: 40208e
    I: 402091
    I: 402094
    I: 402097
    I: 402099
    I: 40209b
    I: 40209d (flow 4020a8)
      Successors: 4020a8, 4020a3
  BB: 402b0c in func 401150 with 36 insts
    I: 402b0c (imm 423500)
    I: 402b13
    I: 402b15 (imm 423508)
    I: 402b1c
    I: 402b1e
    I: 402b20
    I: 402b23
    I: 402b25
    I: 402b27
    I: 402b2a
    I: 402b2d
    I: 402b30
    I: 402b34
    I: 402b37
    I: 402b3b
    I: 402b3e
    I: 402b41
    I: 402b44
    I: 402b48
    I: 402b4a
    I: 402b4d
    I: 402b4f
    I: 402b51
    I: 402b54
    I: 402b57
    I: 402b5b
    I: 402b5e
    I: 402b61
    I: 402b64
    I: 402b67
    I: 402b6a
    I: 402b6d
    I: 402b70
    I: 402b72
    I: 402b74
    I: 402b76 (flow 402b81)
      Successors: 402b81, 402b7c
  BB: 401319 in func 401150 with 5 insts
    I: 401319
    I: 40131d
    I: 401321
    I: 401323
    I: 401325 (flow 401521)
      Successors: 401521, 40132b
  BB: 402d1f in func 401150 with 3 insts
    I: 402d1f
    I: 402d23
    I: 402d29 (flow 401800)
      Successors: 401800
  BB: 401521 in func 401150 with 2 insts
    I: 401521
    I: 401525
      Successors: 40152b
  BB: 40132b in func 401150 with 2 insts
    I: 40132b
    I: 40132f
      Successors: 401335
  BB: 40152b in func 401150 with 9 insts
    I: 40152b
    I: 40152f
    I: 401533
    I: 401535
    I: 401537
    I: 40153d
    I: 401540
    I: 401546
    I: 401548 (flow 401646)
      Successors: 401646, 40154e
  BB: 402d2e in func 401150 with 7 insts
    I: 402d2e
    I: 402d32
    I: 402d34
    I: 402d3a
    I: 402d3d
    I: 402d43
    I: 402d45 (flow 401950)
      Successors: 401950
  BB: 402930 in func 401150 with 1 insts
    I: 402930 (flow 403084)
      Successors: 403084
  BB: 402333 in func 401150 with 1 insts
    I: 402333 (flow 402e94)
      Successors: 402e94
  BB: 401335 in func 401150 with 5 insts
    I: 401335
    I: 401339
    I: 40133d
    I: 40133f
    I: 401341 (flow 401441)
      Successors: 401441, 401347
  BB: 402935 in func 401150 with 36 insts
    I: 402935 (imm 423500)
    I: 40293c
    I: 40293e (imm 423508)
    I: 402945
    I: 402947
    I: 402949
    I: 40294f
    I: 402952
    I: 402958
    I: 40295b
    I: 40295e
    I: 402961
    I: 402965
    I: 402968
    I: 40296c
    I: 40296f
    I: 402972
    I: 402975
    I: 402979
    I: 40297b
    I: 40297e
    I: 402980
    I: 402982
    I: 402985
    I: 402988
    I: 40298c
    I: 40298f
    I: 402992
    I: 402995
    I: 402998
    I: 40299b
    I: 40299e
    I: 4029a1
    I: 4029a3
    I: 4029a5
    I: 4029a7 (flow 4029b2)
      Successors: 4029b2, 4029ad
  BB: 402338 in func 401150 with 1 insts
    I: 402338 (flow 4020ad)
      Successors: 4020ad
  BB: 40233d in func 401150 with 20 insts
    I: 40233d (imm 423500)
    I: 402344
    I: 402346 (imm 423508)
    I: 40234d
    I: 40234f
    I: 402351
    I: 402357
    I: 40235a
    I: 402360
    I: 402363
    I: 402366
    I: 402369
    I: 40236c
    I: 40236f
    I: 402372
    I: 402374
    I: 402376
    I: 402378
    I: 40237a
    I: 40237c (flow 402387)
      Successors: 402382, 402387
  BB: 401347 in func 401150 with 40 insts
    I: 401347
    I: 40134b
    I: 40134f
    I: 401353
    I: 401355
    I: 401358
    I: 40135b
    I: 40135d
    I: 401360
    I: 401363
    I: 401365
    I: 401368
    I: 40136a
    I: 40136d (disp 406040)
    I: 401374
    I: 401377 (imm 40fc80)
    I: 401381
    I: 401388
    I: 40138b
    I: 40138e
    I: 401391 (imm 423500)
    I: 401398
    I: 40139a (imm 423508)
    I: 4013a1
    I: 4013a3
    I: 4013a5
    I: 4013ab
    I: 4013ae
    I: 4013b4
    I: 4013b7
    I: 4013ba
    I: 4013bd
    I: 4013c0
    I: 4013c3
    I: 4013c6
    I: 4013c8
    I: 4013ca
    I: 4013cc
    I: 4013ce
    I: 4013d0 (flow 4013db)
      Successors: 4013db, 4013d6
  BB: 402d4a in func 401150 with 1 insts
    I: 402d4a (flow 401a64)
      Successors: 401a64
  BB: 40194b in func 401150 with 1 insts
    I: 40194b (flow 402d2e)
      Successors: 402d2e
  BB: 40154e in func 401150 with 20 insts
    I: 40154e (imm 423500)
    I: 401555
    I: 401557 (imm 423508)
    I: 40155e
    I: 401560
    I: 401562
    I: 401568
    I: 40156b
    I: 401571
    I: 401574
    I: 401577
    I: 40157a
    I: 40157d
    I: 401580
    I: 401583
    I: 401585
    I: 401587
    I: 401589
    I: 40158b
    I: 40158d (flow 401598)
      Successors: 401598, 401593
  BB: 40174e in func 401150 with 1 insts
    I: 40174e (flow 402d07)
      Successors: 402d07
  BB: 401150 in func 401150 with 23 insts
    Referenced by data
    I: 401150
    I: 401151
    I: 401154
    I: 401158 (imm 423500)
    I: 40115f
    I: 401161 (imm 423508)
    I: 401168
    I: 40116a
    I: 40116c
    I: 401172
    I: 401175
    I: 40117b
    I: 40117e
    I: 401181
    I: 401184
    I: 401187
    I: 40118a
    I: 40118d
    I: 40118f
    I: 401191
    I: 401193
    I: 401195
    I: 401197 (flow 4011a2)
      Successors: 4011a2, 40119d
  BB: 401950 in func 401150 with 42 insts
    I: 401950
    I: 401954
    I: 401956
    I: 40195c
    I: 40195f
    I: 401965
    I: 401967 (imm 423500)
    I: 40196e
    I: 401970 (imm 423508)
    I: 401977
    I: 401979
    I: 40197b
    I: 401981
    I: 401984
    I: 40198a
    I: 40198d
    I: 401990
    I: 401993
    I: 401997
    I: 40199a
    I: 40199e
    I: 4019a1
    I: 4019a4
    I: 4019a7
    I: 4019ab
    I: 4019ad
    I: 4019b0
    I: 4019b2
    I: 4019b4
    I: 4019b7
    I: 4019ba
    I: 4019be
    I: 4019c1
    I: 4019c4
    I: 4019c7
    I: 4019ca
    I: 4019cd
    I: 4019d0
    I: 4019d3
    I: 4019d5
    I: 4019d7
    I: 4019d9 (flow 4019e4)
      Successors: 4019e4, 4019df
  BB: 402d4f in func 401150 with 3 insts
    I: 402d4f
    I: 402d53
    I: 402d59 (flow 401b80)
      Successors: 401b80
  BB: 401753 in func 401150 with 1 insts
    I: 401753 (flow 401758)
      Successors: 401758
  BB: 401758 in func 401150 with 13 insts
    I: 401758
    I: 40175c
    I: 401760
    I: 401762
    I: 401764
    I: 401766
    I: 40176c
    I: 40176e
    I: 401774
    I: 40177a
    I: 40177d
    I: 401783
    I: 401785 (flow 401a0a)
      Successors: 401a0a, 40178b
  BB: 40255e in func 401150 with 15 insts
    I: 40255e
    I: 402562
    I: 402566
    I: 40256a
    I: 40256c
    I: 40256e
    I: 402570
    I: 402572
    I: 402574
    I: 402576
    I: 402578
    I: 40257e
    I: 402580
    I: 402586
    I: 402588 (flow 402688)
      Successors: 402688, 40258e
  BB: 402d5e in func 401150 with 7 insts
    I: 402d5e
    I: 402d62
    I: 402d64
    I: 402d66
    I: 402d69
    I: 402d6b
    I: 402d6d (flow 401e15)
      Successors: 401e15
  BB: 402d72 in func 401150 with 71 insts
    I: 402d72
    I: 402d76
    I: 402d7a
    I: 402d7d (imm 4198c0)
    I: 402d87
    I: 402d8e
    I: 402d91
    I: 402d93
    I: 402d95
    I: 402d9b
    I: 402d9e
    I: 402da4
    I: 402da7 (imm 40fc80)
    I: 402db1
    I: 402db8
    I: 402dbb
    I: 402dbd
    I: 402dc3
    I: 402dc5
    I: 402dcb
    I: 402dcd
    I: 402dd3
    I: 402dd6
    I: 402ddc
    I: 402ddf (imm 4198c0)
    I: 402de9
    I: 402df0
    I: 402df3
    I: 402df5
    I: 402df8 (imm 4198c0)
    I: 402e02
    I: 402e09
    I: 402e0c
    I: 402e0f
    I: 402e12
    I: 402e14
    I: 402e16
    I: 402e18
    I: 402e1a
    I: 402e1d
    I: 402e1f
    I: 402e21
    I: 402e23
    I: 402e26 (imm 40fc80)
    I: 402e30
    I: 402e37
    I: 402e3a
    I: 402e3c
    I: 402e3f
    I: 402e43
    I: 402e46
    I: 402e49
    I: 402e4c
    I: 402e4e
    I: 402e50
    I: 402e52
    I: 402e54
    I: 402e5a
    I: 402e5d
    I: 402e63
    I: 402e66 (imm 4198c0)
    I: 402e70
    I: 402e77
    I: 402e7a
    I: 402e7c
    I: 402e7e
    I: 402e81
    I: 402e83
    I: 402e86
    I: 402e89
    I: 402e8f (flow 401f09)
      Successors: 401f09
  BB: 401b7b in func 401150 with 1 insts
    I: 401b7b (flow 402d4f)
      Successors: 402d4f
  BB: 402b7c in func 401150 with 1 insts
    I: 402b7c (flow 4030a5)
      Successors: 4030a5
  BB: 401b80 in func 401150 with 38 insts
    I: 401b80
    I: 401b84
    I: 401b8a (imm 423500)
    I: 401b91
    I: 401b93 (imm 423508)
    I: 401b9a
    I: 401b9c
    I: 401b9e
    I: 401ba4
    I: 401ba7
    I: 401bad
    I: 401bb0
    I: 401bb3
    I: 401bb6
    I: 401bba
    I: 401bbd
    I: 401bc1
    I: 401bc4
    I: 401bc7
    I: 401bca
    I: 401bce
    I: 401bd0
    I: 401bd3
    I: 401bd5
    I: 401bd7
    I: 401bda
    I: 401bdd
    I: 401be1
    I: 401be4
    I: 401be7
    I: 401bea
    I: 401bed
    I: 401bf0
    I: 401bf3
    I: 401bf6
    I: 401bf8
    I: 401bfa
    I: 401bfc (flow 401c07)
      Successors: 401c02, 401c07
  BB: 402b81 in func 401150 with 1 insts
    I: 402b81 (flow 402b86)
      Successors: 402b86
  BB: 402382 in func 401150 with 1 insts
    I: 402382 (flow 402eb0)
      Successors: 402eb0
  BB: 402b86 in func 401150 with 7 insts
    I: 402b86
    I: 402b8a
    I: 402b8c
    I: 402b92
    I: 402b95
    I: 402b9b
    I: 402b9d (flow 40241c)
      Successors: 40241c
  BB: 402387 in func 401150 with 47 insts
    I: 402387
    I: 40238b
    I: 40238f
    I: 402391
    I: 402393
    I: 402395
    I: 402397
    I: 40239a
    I: 40239c
    I: 40239e
    I: 4023a0
    I: 4023a2 (imm 423500)
    I: 4023a9
    I: 4023ab (imm 423508)
    I: 4023b2
    I: 4023b4
    I: 4023b6
    I: 4023b9
    I: 4023bb
    I: 4023bd
    I: 4023c0
    I: 4023c3
    I: 4023c6
    I: 4023ca
    I: 4023cd
    I: 4023d1
    I: 4023d4
    I: 4023d7
    I: 4023da
    I: 4023de
    I: 4023e0
    I: 4023e3
    I: 4023e5
    I: 4023e7
    I: 4023ea
    I: 4023ed
    I: 4023f1
    I: 4023f4
    I: 4023f7
    I: 4023fa
    I: 4023fd
    I: 402400
    I: 402403
    I: 402406
    I: 402408
    I: 40240a
    I: 40240c (flow 402417)
      Successors: 402412, 402417
  BB: 40178b in func 401150 with 36 insts
    I: 40178b (imm 423500)
    I: 401792
    I: 401794 (imm 423508)
    I: 40179b
    I: 40179d
    I: 40179f
    I: 4017a2
    I: 4017a4
    I: 4017a6
    I: 4017a9
    I: 4017ac
    I: 4017af
    I: 4017b3
    I: 4017b6
    I: 4017ba
    I: 4017bd
    I: 4017c0
    I: 4017c3
    I: 4017c7
    I: 4017c9
    I: 4017cc
    I: 4017ce
    I: 4017d0
    I: 4017d3
    I: 4017d6
    I: 4017da
    I: 4017dd
    I: 4017e0
    I: 4017e3
    I: 4017e6
    I: 4017e9
    I: 4017ec
    I: 4017ef
    I: 4017f1
    I: 4017f3
    I: 4017f5 (flow 401800)
      Successors: 401800, 4017fb
  BB: 40258e in func 401150 with 62 insts
    I: 40258e
    I: 402592
    I: 402596
    I: 402598
    I: 40259e
    I: 4025a1
    I: 4025a7
    I: 4025aa (imm 4198c0)
    I: 4025b4
    I: 4025bb
    I: 4025be
    I: 4025c0
    I: 4025c6
    I: 4025c9
    I: 4025cf
    I: 4025d2
    I: 4025d5
    I: 4025d8 (imm 4198c0)
    I: 4025e2
    I: 4025e9
    I: 4025ec
    I: 4025ef
    I: 4025f2
    I: 4025f4
    I: 4025f6
    I: 4025f8
    I: 4025fa
    I: 4025fd
    I: 4025ff
    I: 402601
    I: 402603
    I: 402606 (imm 40fc80)
    I: 402610
    I: 402617
    I: 40261a
    I: 40261c
    I: 402622
    I: 402625
    I: 40262b
    I: 40262e
    I: 402631
    I: 402637
    I: 402639
    I: 40263f (flow 4030f0)
    I: 402644
    I: 402648
    I: 40264a
    I: 40264e
    I: 402650
    I: 402655
    I: 402658
    I: 40265d
    I: 402660 (imm 4198c0)
    I: 40266a
    I: 402671
    I: 402674
    I: 402676
    I: 402678
    I: 40267b
    I: 40267d
    I: 402680
    I: 402683 (flow 4028eb)
      Successors: 4028eb
  BB: 401593 in func 401150 with 1 insts
    I: 401593 (flow 402cb8)
      Successors: 402cb8
  BB: 401598 in func 401150 with 37 insts
    I: 401598
    I: 40159c
    I: 4015a0
    I: 4015a4
    I: 4015a6
    I: 4015a9
    I: 4015ad
    I: 4015af
    I: 4015b2
    I: 4015b4
    I: 4015b7 (disp 406040)
    I: 4015be
    I: 4015c1 (imm 40fc80)
    I: 4015cb
    I: 4015d2
    I: 4015d5
    I: 4015d8
    I: 4015db (imm 423500)
    I: 4015e2
    I: 4015e4 (imm 423508)
    I: 4015eb
    I: 4015ed
    I: 4015ef
    I: 4015f5
    I: 4015f8
    I: 4015fe
    I: 401601
    I: 401604
    I: 401607
    I: 40160a
    I: 40160d
    I: 401610
    I: 401612
    I: 401614
    I: 401616
    I: 401618
    I: 40161a (flow 401625)
      Successors: 401620, 401625
  BB: 40119d in func 401150 with 1 insts
    I: 40119d (flow 402c72)
      Successors: 402c72
  BB: 4011a2 in func 401150 with 60 insts
    I: 4011a2
    I: 4011a5
    I: 4011a9
    I: 4011ac
    I: 4011af
    I: 4011b3
    I: 4011b7
    I: 4011ba
    I: 4011bd
    I: 4011c1
    I: 4011c5
    I: 4011c8
    I: 4011cb
    I: 4011cf
    I: 4011d3
    I: 4011d6
    I: 4011d9
    I: 4011dd
    I: 4011e0
    I: 4011e3
    I: 4011e7
    I: 4011eb
    I: 4011ee
    I: 4011f4
    I: 4011fa (imm 423500)
    I: 401201
    I: 401203 (imm 423508)
    I: 40120a
    I: 40120c
    I: 40120e
    I: 401211
    I: 401213
    I: 401215
    I: 401218
    I: 40121b
    I: 40121e
    I: 401222
    I: 401225
    I: 401229
    I: 40122c
    I: 40122f
    I: 401232
    I: 401236
    I: 401238
    I: 40123b
    I: 40123d
    I: 40123f
    I: 401242
    I: 401245
    I: 401249
    I: 40124c
    I: 40124f
    I: 401252
    I: 401255
    I: 401258
    I: 40125b
    I: 40125e
    I: 401260
    I: 401262
    I: 401264 (flow 40126f)
      Successors: 40126a, 40126f
  BB: 402ba2 in func 401150 with 20 insts
    I: 402ba2 (imm 423500)
    I: 402ba9
    I: 402bab (imm 423508)
    I: 402bb2
    I: 402bb4
    I: 402bb6
    I: 402bb9
    I: 402bbb
    I: 402bbd
    I: 402bc0
    I: 402bc3
    I: 402bc6
    I: 402bc9
    I: 402bcc
    I: 402bcf
    I: 402bd1
    I: 402bd3
    I: 402bd5
    I: 402bd7
    I: 402bd9 (flow 402be4)
      Successors: 402be4, 402bdf
  BB: 4029ad in func 401150 with 1 insts
    I: 4029ad (flow 403084)
      Successors: 403084
  BB: 4029b2 in func 401150 with 1 insts
    I: 4029b2 (flow 4029b7)
      Successors: 4029b7
  BB: 4029b7 in func 401150 with 1 insts
    I: 4029b7 (flow 4029bc)
      Successors: 4029bc
  BB: 4029bc in func 401150 with 36 insts
    I: 4029bc (imm 423500)
    I: 4029c3
    I: 4029c5 (imm 423508)
    I: 4029cc
    I: 4029ce
    I: 4029d0
    I: 4029d6
    I: 4029d9
    I: 4029df
    I: 4029e2
    I: 4029e5
    I: 4029e8
    I: 4029ec
    I: 4029ef
    I: 4029f3
    I: 4029f6
    I: 4029f9
    I: 4029fc
    I: 402a00
    I: 402a02
    I: 402a05
    I: 402a07
    I: 402a09
    I: 402a0c
    I: 402a0f
    I: 402a13
    I: 402a16
    I: 402a19
    I: 402a1c
    I: 402a1f
    I: 402a22
    I: 402a25
    I: 402a28
    I: 402a2a
    I: 402a2c
    I: 402a2e (flow 402a39)
      Successors: 402a39, 402a34
  BB: 4013d6 in func 401150 with 1 insts
    I: 4013d6 (flow 402c97)
      Successors: 402c97
  BB: 4013db in func 401150 with 26 insts
    I: 4013db
    I: 4013df
    I: 4013e1
    I: 4013e7
    I: 4013ea
    I: 4013f0
    I: 4013f2 (imm 423500)
    I: 4013f9
    I: 4013fb (imm 423508)
    I: 401402
    I: 401404
    I: 401406
    I: 40140c
    I: 40140f
    I: 401415
    I: 401418
    I: 40141b
    I: 40141e
    I: 401421
    I: 401424
    I: 401427
    I: 401429
    I: 40142b
    I: 40142d
    I: 40142f
    I: 401431 (flow 40143c)
      Successors: 40143c, 401437
  BB: 4019df in func 401150 with 1 insts
    I: 4019df (flow 402d2e)
      Successors: 402d2e
  BB: 402bdf in func 401150 with 1 insts
    I: 402bdf (flow 4030aa)
      Successors: 4030aa
  BB: 4019e4 in func 401150 with 1 insts
    I: 4019e4 (flow 40188c)
      Successors: 40188c
  BB: 402be4 in func 401150 with 33 insts
    I: 402be4
    I: 402be8
    I: 402bea
    I: 402bef
    I: 402bf2
    I: 402bf7
    I: 402bfa (imm 4198c0)
    I: 402c04
    I: 402c0b
    I: 402c0e
    I: 402c10 (imm 40401c)
    I: 402c1a
    I: 402c1c (flow 423518)
    I: 402c21 (imm 423500)
    I: 402c28
    I: 402c2a (imm 423508)
    I: 402c31
    I: 402c33
    I: 402c35
    I: 402c3b
    I: 402c3e
    I: 402c44
    I: 402c47
    I: 402c4a
    I: 402c4d
    I: 402c50
    I: 402c53
    I: 402c56
    I: 402c58
    I: 402c5a
    I: 402c5c
    I: 402c5e
    I: 402c60 (flow 402c6b)
      Successors: 402c6b, 402c66
  BB: 4019e9 in func 401150 with 1 insts
    I: 4019e9 (flow 4019ee)
      Successors: 4019ee
  BB: 4019ee in func 401150 with 7 insts
    I: 4019ee
    I: 4019f2
    I: 4019f4
    I: 4019fa
    I: 4019fd
    I: 401a03
    I: 401a05 (flow 401758)
      Successors: 401758
  BB: 4017fb in func 401150 with 1 insts
    I: 4017fb (flow 402d1f)
      Successors: 402d1f
Recovering 4030f0
  Analysing subroutine sub_4030F0 at 4030f0
    Block head at 004031bb is not code.
  Subroutine sub_4030F0 at 4030f0 has 9 blocks
  BB: 4031a0 in func 4030f0 with 3 insts
    I: 4031a0
    I: 4031a3
    I: 4031a6 (flow 4031b1)
      Successors: 4031b1
  BB: 403106 in func 4030f0 with 20 insts
    I: 403106 (imm 42350c)
    I: 40310d
    I: 40310f (imm 423504)
    I: 403116
    I: 403118
    I: 40311a
    I: 403120
    I: 403123
    I: 403129
    I: 40312c
    I: 40312f
    I: 403132
    I: 403135
    I: 403138
    I: 40313b
    I: 40313d
    I: 40313f
    I: 403141
    I: 403143
    I: 403145 (flow 403150)
      Successors: 403150, 40314b
  BB: 40314b in func 4030f0 with 1 insts
    I: 40314b (flow 4031b6)
      Successors: 4031b6
  BB: 4031ab in func 4030f0 with 2 insts
    I: 4031ab
    I: 4031ae
      Successors: 4031b1
  BB: 4030f0 in func 4030f0 with 7 insts
    I: 4030f0
    I: 4030f1
    I: 4030f4
    I: 4030f7
    I: 4030fa
    I: 4030fd
    I: 403100 (flow 4031ab)
      Successors: 4031ab, 403106
  BB: 403150 in func 4030f0 with 22 insts
    I: 403150
    I: 403153
    I: 403156 (imm 42350c)
    I: 40315d
    I: 40315f (imm 423504)
    I: 403166
    I: 403168
    I: 40316a
    I: 403170
    I: 403173
    I: 403179
    I: 40317c
    I: 40317f
    I: 403182
    I: 403185
    I: 403188
    I: 40318b
    I: 40318d
    I: 40318f
    I: 403191
    I: 403193
    I: 403195 (flow 4031a0)
      Successors: 4031a0, 40319b
  BB: 4031b1 in func 4030f0 with 3 insts
    I: 4031b1
    I: 4031b4
    I: 4031b5
      No successors
  BB: 4031b6 in func 4030f0 with 1 insts
    I: 4031b6 (flow 403150)
      Successors: 403150
  BB: 40319b in func 4030f0 with 1 insts
    I: 40319b (flow 4031b6)
      Successors: 4031b6
Recovering .term_proc at 4031bc
  Analysing subroutine .term_proc at 4031bc
    Block head at 004031c9 is not code.
  Subroutine .term_proc at 4031bc has 1 blocks
  BB: 4031bc in func 4031bc with 4 insts
    I: 4031bc
    I: 4031c0
    I: 4031c4
    I: 4031c8
      No successors
Global Variable None
WARNING: Global constructor and destructor sections are adjacent!
Recovering region LOAD [400000, 400540) in segment LOAD
  8-byte reference at 400018 to 401060 (start)
  8-byte reference at 4000f8 to 401000 (.init_proc)
  8-byte reference at 400130 to 404000 ()
  8-byte reference at 400168 to 405de8 ()
  8-byte reference at 400280 to 404020 ()
  8-byte reference at 4002f0 to 405de8 ()
Recovering region .init [401000, 40101b) in segment .init
Recovering region LOAD [40101b, 401020) in segment LOAD
Recovering region .plt [401020, 401060) in segment .plt
Recovering region .text [401060, 4031bb) in segment .text
Recovering region LOAD [4031bb, 4031bc) in segment LOAD
Recovering region .fini [4031bc, 4031c9) in segment .fini
Recovering region .rodata [404000, 404020) in segment .rodata
  Variable format at 40401c
Recovering region .eh_frame_hdr [404020, 404054) in segment .eh_frame_hdr
Recovering region LOAD [404054, 404058) in segment LOAD
Recovering region .eh_frame [404058, 40410c) in segment .eh_frame
Recovering region LOAD [40410c, 404150) in segment LOAD
Recovering region .init_array [405de8, 405df8) in segment .init_array
  8-byte reference at 405de8 to 401140 ()
  8-byte reference at 405df0 to 401110 ()
Recovering region LOAD [405df8, 405fd8) in segment LOAD
Recovering region .got [405fd8, 405fe8) in segment .got
  8-byte reference at 405fd8 to 423510 (__libc_start_main)
  8-byte reference at 405fe0 to 423530 (__gmon_start__)
Recovering region .got.plt [405fe8, 406018) in segment .got.plt
  8-byte reference at 406000 to 423518 (printf)
  8-byte reference at 406008 to 423520 (__isoc99_scanf)
  8-byte reference at 406010 to 423528 (sqrt)
Recovering region .data [406018, 406028) in segment .data
Recovering region LOAD [406028, 406030) in segment LOAD
Recovering region .bss [406030, 423510) in segment .bss
Recovering extern function printf at 401030
Recovering extern function __isoc99_scanf at 401040
Recovering extern function sqrt at 401050
Recovering extern function __libc_start_main at 423510
Recovering extern function printf at 423518
Recovering extern function __isoc99_scanf at 423520
Recovering extern function sqrt at 423528
Recovering extern function __gmon_start__ at 423530
Recovered 9 functions.
Saving to: /home/ubuntu/capstone_project/result/pipeline_20260629_141746/s065901669_bcf_instsub.cfg
Done analysis!
