Debugging is enabled.
Loading Standard Definitions file: /home/ubuntu/capstone_project/dependency/mcsema/mcsema/lib/python3/site-packages/mcsema_disass-3.1.3.8-py3.8.egg/mcsema_disass/defs/linux.txt
Using Batch mode.
Starting analysis
Recovering module s065901669_fla.elf
Found main at 401150
Looking for instructions in segment .init
  Default block heads for function 401000 with loose bounds [401000, 40101b)
    block [401000, 401014)
    block [401014, 401016)
    block [401016, 40101b)
    chunk [401000, 40101b)
Looking for instructions in segment .plt
  Default block heads for function 401020 with loose bounds [401020, 40102c)
    block [401020, 40102c)
    chunk [401020, 40102c)
  Default block heads for function 401030 with loose bounds [401030, 401036)
    block [401030, 401036)
    chunk [401030, 401036)
  Default block heads for function 401040 with loose bounds [401040, 401046)
    block [401040, 401046)
    chunk [401040, 401046)
  Default block heads for function 401050 with loose bounds [401050, 401056)
    block [401050, 401056)
    chunk [401050, 401056)
Looking for instructions in segment .text
  Default block heads for function 401060 with loose bounds [401060, 401086)
    block [401060, 401086)
    chunk [401060, 401086)
  Default block heads for function 4010a0 with loose bounds [4010a0, 4010c1)
    block [4010a0, 4010ad)
    block [4010ad, 4010b7)
    block [4010b7, 4010be)
    block [4010c0, 4010c1)
    chunk [4010a0, 4010c1)
  Default block heads for function 401110 with loose bounds [401110, 401131)
    block [401110, 40111d)
    block [40111d, 40112f)
    block [401130, 401131)
    chunk [401110, 401131)
  Default block heads for function 401140 with loose bounds [401140, 401146)
    block [401140, 401146)
    chunk [401140, 401146)
    chunk [4010d0, 401101)
  Default block heads for function 401150 with loose bounds [401150, 401fdb)
    block [401150, 40116d)
    block [40116d, 40117e)
    block [40117e, 401183)
    block [401183, 401191)
    block [401191, 401196)
    block [401196, 4011a4)
    block [4011a4, 4011a9)
    block [4011a9, 4011b7)
    block [4011b7, 4011bc)
    block [4011bc, 4011ca)
    block [4011ca, 4011cf)
    block [4011cf, 4011dd)
    block [4011dd, 4011e2)
    block [4011e2, 4011f0)
    block [4011f0, 4011f5)
    block [4011f5, 401203)
    block [401203, 401208)
    block [401208, 401216)
    block [401216, 40121b)
    block [40121b, 401229)
    block [401229, 40122e)
    block [40122e, 40123c)
    block [40123c, 401241)
    block [401241, 40124f)
    block [40124f, 401254)
    block [401254, 401262)
    block [401262, 401267)
    block [401267, 401275)
    block [401275, 40127a)
    block [40127a, 401288)
    block [401288, 40128d)
    block [40128d, 40129b)
    block [40129b, 4012a0)
    block [4012a0, 4012ae)
    block [4012ae, 4012b3)
    block [4012b3, 4012c1)
    block [4012c1, 4012c6)
    block [4012c6, 4012d4)
    block [4012d4, 4012d9)
    block [4012d9, 4012e7)
    block [4012e7, 4012ec)
    block [4012ec, 4012fa)
    block [4012fa, 4012ff)
    block [4012ff, 40130d)
    block [40130d, 401312)
    block [401312, 401320)
    block [401320, 401325)
    block [401325, 401333)
    block [401333, 401338)
    block [401338, 401346)
    block [401346, 40134b)
    block [40134b, 401359)
    block [401359, 40135e)
    block [40135e, 40136c)
    block [40136c, 401371)
    block [401371, 40137f)
    block [40137f, 401384)
    block [401384, 401392)
    block [401392, 401397)
    block [401397, 4013a5)
    block [4013a5, 4013aa)
    block [4013aa, 4013b8)
    block [4013b8, 4013bd)
    block [4013bd, 4013cb)
    block [4013cb, 4013d0)
    block [4013d0, 4013de)
    block [4013de, 4013e3)
    block [4013e3, 4013f1)
    block [4013f1, 4013f6)
    block [4013f6, 401404)
    block [401404, 401409)
    block [401409, 401417)
    block [401417, 40141c)
    block [40141c, 40142a)
    block [40142a, 40142f)
    block [40142f, 40143d)
    block [40143d, 401442)
    block [401442, 401450)
    block [401450, 401455)
    block [401455, 401463)
    block [401463, 401468)
    block [401468, 401476)
    block [401476, 40147b)
    block [40147b, 401489)
    block [401489, 40148e)
    block [40148e, 40149c)
    block [40149c, 4014a1)
    block [4014a1, 4014af)
    block [4014af, 4014b4)
    block [4014b4, 4014c2)
    block [4014c2, 4014c7)
    block [4014c7, 4014d5)
    block [4014d5, 4014da)
    block [4014da, 4014e8)
    block [4014e8, 4014ed)
    block [4014ed, 4014fb)
    block [4014fb, 401500)
    block [401500, 40150e)
    block [40150e, 401513)
    block [401513, 401518)
    block [401518, 401561)
    block [401561, 40156d)
    block [40156d, 4015c4)
    block [4015c4, 4015df)
    block [4015df, 4015f2)
    block [4015f2, 40160d)
    block [40160d, 40164c)
    block [40164c, 401661)
    block [401661, 40166d)
    block [40166d, 401682)
    block [401682, 401695)
    block [401695, 4016b5)
    block [4016b5, 4016f4)
    block [4016f4, 401709)
    block [401709, 40171e)
    block [40171e, 401741)
    block [401741, 401754)
    block [401754, 40177a)
    block [40177a, 4017b9)
    block [4017b9, 4017ce)
    block [4017ce, 4017da)
    block [4017da, 4017ef)
    block [4017ef, 401810)
    block [401810, 40182b)
    block [40182b, 40183e)
    block [40183e, 401859)
    block [401859, 401998)
    block [401998, 4019ad)
    block [4019ad, 4019b9)
    block [4019b9, 4019ce)
    block [4019ce, 401aaa)
    block [401aaa, 401ac5)
    block [401ac5, 401c04)
    block [401c04, 401c19)
    block [401c19, 401c2e)
    block [401c2e, 401c51)
    block [401c51, 401c64)
    block [401c64, 401c8a)
    block [401c8a, 401ca3)
    block [401ca3, 401d41)
    block [401d41, 401d64)
    block [401d64, 401e11)
    block [401e11, 401f50)
    block [401f50, 401f5c)
    block [401f5c, 401f68)
    block [401f68, 401f7d)
    block [401f7d, 401f89)
    block [401f89, 401f9e)
    block [401f9e, 401fd6)
    block [401fd6, 401fdb)
    chunk [401150, 401fdb)
  Default block heads for function 401fe0 with loose bounds [401fe0, 40209c)
    block [401fe0, 401ffd)
    block [401ffd, 40200e)
    block [40200e, 402013)
    block [402013, 402021)
    block [402021, 402026)
    block [402026, 402034)
    block [402034, 402039)
    block [402039, 402047)
    block [402047, 40204c)
    block [40204c, 402051)
    block [402051, 40206e)
    block [40206e, 402080)
    block [402080, 402092)
    block [402092, 402097)
    block [402097, 40209c)
    chunk [401fe0, 40209c)
Looking for instructions in segment .fini
  Default block heads for function 40209c with loose bounds [40209c, 4020a9)
    block [40209c, 4020a9)
    chunk [40209c, 4020a9)
Looking for strings in segment .rodata [403000, 403020)
  Found string b'%d\n' of length 4 at 40301c, jumping to 403020
Looking for strings in segment .eh_frame_hdr [403020, 403054)
Looking for strings in segment .eh_frame [403058, 40310c)
Looking for strings in segment .init_array [404de8, 404df0)
Looking for strings in segment .fini_array [404df0, 404df8)
Looking for strings in segment .got [404fd8, 404fe8)
Looking for strings in segment .got.plt [404fe8, 405018)
Looking for strings in segment .data [405018, 405028)
Looking for strings in segment .bss [405030, 422500)
Looking for strings in segment extern [422500, 422528)
Looking for cross-references in segment .init [401000, 40101b)
Looking for cross-references in segment .plt [401020, 401060)
  Stopping scan at 40102c
Looking for cross-references in segment .text [401060, 40209c)
  Stopping scan at 40108c
  Stopping scan at 40109c
  Stopping scan at ffffffffffffffff
  Stopping scan at 4010cc
  Stopping scan at 40110c
  Stopping scan at ffffffffffffffff
  Stopping scan at 40113c
  Stopping scan at 40114c
  Stopping scan at 401fdc
Looking for cross-references in segment .fini [40209c, 4020a9)
Looking for cross-references in segment .rodata [403000, 403020)
  Found string at 40301c, jumping to 403020
  Stopping scan at 40301c
Looking for cross-references in segment .eh_frame_hdr [403020, 403054)
  Stopping scan at 403050
Looking for cross-references in segment .eh_frame [403058, 40310c)
  Stopping scan at 403108
Looking for cross-references in segment .init_array [404de8, 404df0)
  Adding qword reference from 404de8 to 401140
  Stopping scan at 404de8
Looking for cross-references in segment .fini_array [404df0, 404df8)
  Adding qword reference from 404df0 to 401110
  Stopping scan at 404df0
Looking for cross-references in segment .got [404fd8, 404fe8)
  Adding qword reference from 404fd8 to 422500
  Adding qword reference from 404fe0 to 422520
  Stopping scan at 404fe0
Looking for cross-references in segment .got.plt [404fe8, 405018)
  Adding qword reference from 405000 to 422508
  Adding qword reference from 405008 to 422510
  Adding qword reference from 405010 to 422518
  Stopping scan at 405010
Looking for cross-references in segment .data [405018, 405028)
  Stopping scan at 405024
Looking for cross-references in segment .bss [405030, 422500)
  Stopping scan at 4224fc
Looking for cross-references in segment extern [422500, 422528)
  Stopping scan at 422524
Looking for thunks
  Found thunk for printf targeting 422508 at 401030
  Found thunk for __isoc99_scanf targeting 422510 at 401040
  Found thunk for sqrt targeting 422518 at 401050
Looking for external symbols
  Function at 401030 is the external function printf
  Function at 401040 is the external function __isoc99_scanf
  Function at 401050 is the external function sqrt
  Function at 422500 is the external function __libc_start_main
  Function at 422508 is the external function printf
  Function at 422510 is the external function __isoc99_scanf
  Function at 422518 is the external function sqrt
  Function at 422520 is the external function __gmon_start__
Looking for entrypoints
Recovering .init_proc at 401000
  Analysing subroutine .init_proc at 401000
    Block head at 0040101b is not code.
  Subroutine .init_proc at 401000 has 3 blocks
  BB: 401000 in func 401000 with 5 insts
    Referenced by data
    I: 401000
    I: 401004
    I: 401008 (mem 404fe0)
    I: 40100f
    I: 401012 (flow 401016)
      Successors: 401014, 401016
  BB: 401014 in func 401000 with 1 insts
    I: 401014
      Successors: 401016
  BB: 401016 in func 401000 with 2 insts
    I: 401016
    I: 40101a
      No successors
Recovering 401020
  Analysing subroutine sub_401020 at 401020
  WARNING: No table entries for indirect jump at 401026; Adding next_ea 40102c as successor.
  Subroutine sub_401020 at 401020 has 2 blocks
  WARNING: No table entries for indirect jump at 401026; Adding next_ea 40102c as successor.
  BB: 401020 in func 401020 with 2 insts
    I: 401020 (mem 404ff0)
    I: 401026 (mem 404ff8)
      Successors: 40102c
  BB: 40102c in func 401020 with 1 insts
    I: 40102c
      No successors
Recovering start at 401060
  Analysing subroutine start at 401060
  Subroutine start at 401060 has 3 blocks
  BB: 401060 in func 401060 with 13 insts
    Referenced by data
    I: 401060
    I: 401064
    I: 401066
    I: 401069
    I: 40106a
    I: 40106d
    I: 401071
    I: 401072
    I: 401073
    I: 401076
    I: 401078 (imm 401150)
    I: 40107f (mem 404fd8)
    I: 401085
      No successors
  BB: 401095 in func 401060 with 2 insts
    I: 401095
    I: 40109f
      No successors
  BB: 401086 in func 401060 with 3 insts
    I: 401086
    I: 401090
    I: 401094
      No successors
Recovering 4010a0
  Analysing subroutine sub_4010A0 at 4010a0
  WARNING: No table entries for indirect jump at 4010bc; Adding next_ea 4010be as successor.
  WARNING: No table entries for indirect jump at 4010fe; Adding next_ea 401100 as successor.
  Subroutine sub_4010A0 at 4010a0 has 11 blocks
  BB: 4010a0 in func 4010a0 with 3 insts
    I: 4010a0
    I: 4010a5
    I: 4010ab (flow 4010c0)
      Successors: 4010c0, 4010ad
  BB: 4010c0 in func 4010a0 with 1 insts
    I: 4010c0
      No successors
  BB: 4010c1 in func 4010a0 with 2 insts
    I: 4010c1
    I: 4010c5
      Successors: 4010d0
  BB: 401100 in func 4010a0 with 1 insts
    I: 401100
      No successors
  BB: 401101 in func 4010a0 with 2 insts
    I: 401101
    I: 401105
      No successors
  BB: 4010ad in func 4010a0 with 3 insts
    I: 4010ad
    I: 4010b2
    I: 4010b5 (flow 4010c0)
      Successors: 4010c0, 4010b7
  BB: 4010ef in func 4010a0 with 3 insts
    I: 4010ef
    I: 4010f4
    I: 4010f7 (flow 401100)
      Successors: 401100, 4010f9
  BB: 4010d0 in func 4010a0 with 8 insts
    I: 4010d0
    I: 4010d5
    I: 4010dc
    I: 4010df
    I: 4010e3
    I: 4010e7
    I: 4010ea
    I: 4010ed (flow 401100)
      Successors: 401100, 4010ef
  WARNING: No table entries for indirect jump at 4010bc; Adding next_ea 4010be as successor.
  BB: 4010b7 in func 4010a0 with 2 insts
    I: 4010b7
    I: 4010bc
      Successors: 4010be
  WARNING: No table entries for indirect jump at 4010fe; Adding next_ea 401100 as successor.
  BB: 4010f9 in func 4010a0 with 2 insts
    I: 4010f9
    I: 4010fe
      Successors: 401100
  BB: 4010be in func 4010a0 with 1 insts
    I: 4010be
      Successors: 4010c0
Recovering 401110
  Analysing subroutine sub_401110 at 401110
  Subroutine sub_401110 at 401110 has 5 blocks
  BB: 40112f in func 401110 with 1 insts
    I: 40112f
      Successors: 401130
  BB: 401110 in func 401110 with 3 insts
    Referenced by data
    I: 401110
    I: 401114 (mem 405030)
    I: 40111b (flow 401130)
      Successors: 401130, 40111d
  BB: 401131 in func 401110 with 2 insts
    I: 401131
    I: 401135
      No successors
  BB: 401130 in func 401110 with 1 insts
    I: 401130
      No successors
  BB: 40111d in func 401110 with 6 insts
    I: 40111d
    I: 40111e
    I: 401121 (flow 4010a0)
    I: 401126 (mem 405030)
    I: 40112d
    I: 40112e
      No successors
Recovering 401140
  Analysing subroutine sub_401140 at 401140
  WARNING: No table entries for indirect jump at 4010fe; Adding next_ea 401100 as successor.
  Subroutine sub_401140 at 401140 has 6 blocks
  BB: 401140 in func 401140 with 2 insts
    Referenced by data
    I: 401140
    I: 401144 (flow 4010d0)
      Successors: 4010d0
  BB: 401100 in func 401140 with 1 insts
    I: 401100
      No successors
  BB: 401146 in func 401140 with 1 insts
    I: 401146
      No successors
  BB: 4010ef in func 401140 with 3 insts
    I: 4010ef
    I: 4010f4
    I: 4010f7 (flow 401100)
      Successors: 401100, 4010f9
  BB: 4010d0 in func 401140 with 8 insts
    I: 4010d0
    I: 4010d5
    I: 4010dc
    I: 4010df
    I: 4010e3
    I: 4010e7
    I: 4010ea
    I: 4010ed (flow 401100)
      Successors: 401100, 4010ef
  WARNING: No table entries for indirect jump at 4010fe; Adding next_ea 401100 as successor.
  BB: 4010f9 in func 401140 with 2 insts
    I: 4010f9
    I: 4010fe
      Successors: 401100
Recovering main at 401150
  Analysing subroutine main at 401150
  Subroutine main at 401150 has 151 blocks
  BB: 401203 in func 401150 with 1 insts
    I: 401203 (flow 401208)
      Successors: 401208
  BB: 401404 in func 401150 with 1 insts
    I: 401404 (flow 401409)
      Successors: 401409
  BB: 401c04 in func 401150 with 5 insts
    I: 401c04
    I: 401c07
    I: 401c0a
    I: 401c0d
    I: 401c14 (flow 401fd6)
      Successors: 401fd6
  BB: 401208 in func 401150 with 3 insts
    I: 401208
    I: 40120b
    I: 401210 (flow 401998)
      Successors: 401998, 401216
  BB: 401409 in func 401150 with 3 insts
    I: 401409
    I: 40140c
    I: 401411 (flow 4015df)
      Successors: 4015df, 401417
  BB: 40160d in func 401150 with 14 insts
    I: 40160d
    I: 401610
    I: 401612
    I: 401615
    I: 401618
    I: 40161a (disp 405040)
    I: 401621
    I: 401625 (imm 40ec80)
    I: 40162f
    I: 401636
    I: 401639
    I: 40163d
    I: 401640
    I: 401647 (flow 401fd6)
      Successors: 401fd6
  BB: 401810 in func 401150 with 7 insts
    I: 401810
    I: 401813
    I: 401818
    I: 40181d
    I: 401820
    I: 401823
    I: 401826 (flow 401fd6)
      Successors: 401fd6
  BB: 401e11 in func 401150 with 72 insts
    I: 401e11
    I: 401e14
    I: 401e17
    I: 401e1a (imm 4188c0)
    I: 401e24
    I: 401e2b
    I: 401e2e
    I: 401e32
    I: 401e35
    I: 401e39 (imm 4188c0)
    I: 401e43
    I: 401e4a
    I: 401e4d
    I: 401e51
    I: 401e54
    I: 401e57
    I: 401e5a
    I: 401e5d (imm 40ec80)
    I: 401e67
    I: 401e6e
    I: 401e71
    I: 401e75
    I: 401e78 (flow 401fe0)
    I: 401e7d
    I: 401e7f
    I: 401e82
    I: 401e85
    I: 401e88 (imm 4188c0)
    I: 401e92
    I: 401e99
    I: 401e9c
    I: 401ea0
    I: 401ea3
    I: 401ea6
    I: 401ea9
    I: 401eac (imm 4188c0)
    I: 401eb6
    I: 401ebd
    I: 401ec0
    I: 401ec3
    I: 401ec6
    I: 401ec9
    I: 401ecc
    I: 401ed0 (imm 4188c0)
    I: 401eda
    I: 401ee1
    I: 401ee4
    I: 401ee8
    I: 401eeb
    I: 401eee
    I: 401ef1
    I: 401ef4 (imm 40ec80)
    I: 401efe
    I: 401f05
    I: 401f08
    I: 401f0b
    I: 401f0e
    I: 401f11
    I: 401f14 (flow 401fe0)
    I: 401f19
    I: 401f1b
    I: 401f1e
    I: 401f21
    I: 401f24 (imm 4188c0)
    I: 401f2e
    I: 401f35
    I: 401f38
    I: 401f3b
    I: 401f3e
    I: 401f41
    I: 401f44
    I: 401f4b (flow 401fd6)
      Successors: 401fd6
  BB: 401216 in func 401150 with 1 insts
    I: 401216 (flow 40121b)
      Successors: 40121b
  BB: 401417 in func 401150 with 1 insts
    I: 401417 (flow 40141c)
      Successors: 40141c
  BB: 401c19 in func 401150 with 5 insts
    I: 401c19
    I: 401c1c
    I: 401c1f
    I: 401c22
    I: 401c29 (flow 401fd6)
      Successors: 401fd6
  BB: 40121b in func 401150 with 3 insts
    I: 40121b
    I: 40121e
    I: 401223 (flow 401ac5)
      Successors: 401229, 401ac5
  BB: 40141c in func 401150 with 3 insts
    I: 40141c
    I: 40141f
    I: 401424 (flow 401ca3)
      Successors: 40142a, 401ca3
  BB: 401229 in func 401150 with 1 insts
    I: 401229 (flow 40122e)
      Successors: 40122e
  BB: 40142a in func 401150 with 1 insts
    I: 40142a (flow 40142f)
      Successors: 40142f
  BB: 40182b in func 401150 with 3 insts
    I: 40182b
    I: 401832
    I: 401839 (flow 401fd6)
      Successors: 401fd6
  BB: 40122e in func 401150 with 3 insts
    I: 40122e
    I: 401231
    I: 401236 (flow 401d64)
      Successors: 401d64, 40123c
  BB: 40142f in func 401150 with 3 insts
    I: 40142f
    I: 401432
    I: 401437 (flow 40182b)
      Successors: 40182b, 40143d
  BB: 401c2e in func 401150 with 10 insts
    I: 401c2e
    I: 401c31
    I: 401c34
    I: 401c37
    I: 401c3a
    I: 401c3f
    I: 401c44
    I: 401c46
    I: 401c49
    I: 401c4c (flow 401fd6)
      Successors: 401fd6
  BB: 40123c in func 401150 with 1 insts
    I: 40123c (flow 401241)
      Successors: 401241
  BB: 40143d in func 401150 with 1 insts
    I: 40143d (flow 401442)
      Successors: 401442
  BB: 40183e in func 401150 with 7 insts
    I: 40183e
    I: 401841
    I: 401846
    I: 40184b
    I: 40184e
    I: 401851
    I: 401854 (flow 401fd6)
      Successors: 401fd6
  BB: 401241 in func 401150 with 3 insts
    I: 401241
    I: 401244
    I: 401249 (flow 401561)
      Successors: 401561, 40124f
  BB: 401442 in func 401150 with 3 insts
    I: 401442
    I: 401445
    I: 40144a (flow 401aaa)
      Successors: 401450, 401aaa
  BB: 40164c in func 401150 with 5 insts
    I: 40164c
    I: 40164f
    I: 401652
    I: 401655
    I: 40165c (flow 401fd6)
      Successors: 401fd6
  BB: 40124f in func 401150 with 1 insts
    I: 40124f (flow 401254)
      Successors: 401254
  BB: 401450 in func 401150 with 1 insts
    I: 401450 (flow 401455)
      Successors: 401455
  BB: 401c51 in func 401150 with 3 insts
    I: 401c51
    I: 401c58
    I: 401c5f (flow 401fd6)
      Successors: 401fd6
  BB: 401254 in func 401150 with 3 insts
    I: 401254
    I: 401257
    I: 40125c (flow 4017ef)
      Successors: 401262, 4017ef
  BB: 401455 in func 401150 with 3 insts
    I: 401455
    I: 401458
    I: 40145d (flow 4015f2)
      Successors: 4015f2, 401463
  BB: 401859 in func 401150 with 72 insts
    I: 401859
    I: 40185c
    I: 40185f
    I: 401862 (imm 4188c0)
    I: 40186c
    I: 401873
    I: 401876
    I: 40187a
    I: 40187d
    I: 401881 (imm 4188c0)
    I: 40188b
    I: 401892
    I: 401895
    I: 401899
    I: 40189c
    I: 40189f
    I: 4018a2
    I: 4018a5 (imm 40ec80)
    I: 4018af
    I: 4018b6
    I: 4018b9
    I: 4018bd
    I: 4018c0 (flow 401fe0)
    I: 4018c5
    I: 4018c7
    I: 4018ca
    I: 4018cd
    I: 4018d0 (imm 4188c0)
    I: 4018da
    I: 4018e1
    I: 4018e4
    I: 4018e8
    I: 4018eb
    I: 4018ee
    I: 4018f1
    I: 4018f4 (imm 4188c0)
    I: 4018fe
    I: 401905
    I: 401908
    I: 40190b
    I: 40190e
    I: 401911
    I: 401914
    I: 401918 (imm 4188c0)
    I: 401922
    I: 401929
    I: 40192c
    I: 401930
    I: 401933
    I: 401936
    I: 401939
    I: 40193c (imm 40ec80)
    I: 401946
    I: 40194d
    I: 401950
    I: 401953
    I: 401956
    I: 401959
    I: 40195c (flow 401fe0)
    I: 401961
    I: 401963
    I: 401966
    I: 401969
    I: 40196c (imm 4188c0)
    I: 401976
    I: 40197d
    I: 401980
    I: 401983
    I: 401986
    I: 401989
    I: 40198c
    I: 401993 (flow 401fd6)
      Successors: 401fd6
  BB: 401661 in func 401150 with 2 insts
    I: 401661
    I: 401668 (flow 401fd6)
      Successors: 401fd6
  BB: 401262 in func 401150 with 1 insts
    I: 401262 (flow 401267)
      Successors: 401267
  BB: 401463 in func 401150 with 1 insts
    I: 401463 (flow 401468)
      Successors: 401468
  BB: 401c64 in func 401150 with 11 insts
    I: 401c64
    I: 401c67
    I: 401c6a
    I: 401c6d
    I: 401c70
    I: 401c73
    I: 401c78
    I: 401c7d
    I: 401c7f
    I: 401c82
    I: 401c85 (flow 401fd6)
      Successors: 401fd6
  BB: 401267 in func 401150 with 3 insts
    I: 401267
    I: 40126a
    I: 40126f (flow 401d41)
      Successors: 401d41, 401275
  BB: 401468 in func 401150 with 3 insts
    I: 401468
    I: 40146b
    I: 401470 (flow 401518)
      Successors: 401518, 401476
  BB: 40166d in func 401150 with 5 insts
    I: 40166d
    I: 401670
    I: 401673
    I: 401676
    I: 40167d (flow 401fd6)
      Successors: 401fd6
  BB: 401275 in func 401150 with 1 insts
    I: 401275 (flow 40127a)
      Successors: 40127a
  BB: 401476 in func 401150 with 1 insts
    I: 401476 (flow 40147b)
      Successors: 40147b
  BB: 40127a in func 401150 with 3 insts
    I: 40127a
    I: 40127d
    I: 401282 (flow 401f9e)
      Successors: 401288, 401f9e
  BB: 40147b in func 401150 with 3 insts
    I: 40147b
    I: 40147e
    I: 401483 (flow 4017b9)
      Successors: 401489, 4017b9
  BB: 401682 in func 401150 with 3 insts
    I: 401682
    I: 401689
    I: 401690 (flow 401fd6)
      Successors: 401fd6
  BB: 401288 in func 401150 with 1 insts
    I: 401288 (flow 40128d)
      Successors: 40128d
  BB: 401489 in func 401150 with 1 insts
    I: 401489 (flow 40148e)
      Successors: 40148e
  BB: 401c8a in func 401150 with 6 insts
    I: 401c8a
    I: 401c8f
    I: 401c94
    I: 401c98
    I: 401c9b
    I: 401c9e (flow 401fd6)
      Successors: 401fd6
  BB: 40128d in func 401150 with 3 insts
    I: 40128d
    I: 401290
    I: 401295 (flow 40164c)
      Successors: 40129b, 40164c
  BB: 40148e in func 401150 with 3 insts
    I: 40148e
    I: 401491
    I: 401496 (flow 40171e)
      Successors: 40149c, 40171e
  BB: 401695 in func 401150 with 9 insts
    I: 401695
    I: 401698
    I: 40169b
    I: 40169e
    I: 4016a3
    I: 4016a8
    I: 4016aa
    I: 4016ad
    I: 4016b0 (flow 401fd6)
      Successors: 401fd6
  BB: 40129b in func 401150 with 1 insts
    I: 40129b (flow 4012a0)
      Successors: 4012a0
  BB: 40149c in func 401150 with 1 insts
    I: 40149c (flow 4014a1)
      Successors: 4014a1
  BB: 4012a0 in func 401150 with 3 insts
    I: 4012a0
    I: 4012a3
    I: 4012a8 (flow 401c51)
      Successors: 401c51, 4012ae
  BB: 4014a1 in func 401150 with 3 insts
    I: 4014a1
    I: 4014a4
    I: 4014a9 (flow 40183e)
      Successors: 40183e, 4014af
  BB: 401ca3 in func 401150 with 34 insts
    I: 401ca3
    I: 401ca6
    I: 401ca9
    I: 401cac (imm 4188c0)
    I: 401cb6
    I: 401cbd
    I: 401cc0
    I: 401cc4
    I: 401cc7
    I: 401ccb (imm 4188c0)
    I: 401cd5
    I: 401cdc
    I: 401cdf
    I: 401ce3
    I: 401ce6
    I: 401ce9
    I: 401cec
    I: 401cef (imm 40ec80)
    I: 401cf9
    I: 401d00
    I: 401d03
    I: 401d07
    I: 401d0a (flow 401fe0)
    I: 401d0f
    I: 401d11
    I: 401d14
    I: 401d17
    I: 401d1a (imm 4188c0)
    I: 401d24
    I: 401d2b
    I: 401d2e
    I: 401d32
    I: 401d35
    I: 401d3c (flow 401fd6)
      Successors: 401fd6
  BB: 401aaa in func 401150 with 7 insts
    I: 401aaa
    I: 401aad
    I: 401ab2
    I: 401ab7
    I: 401aba
    I: 401abd
    I: 401ac0 (flow 401fd6)
      Successors: 401fd6
  BB: 4012ae in func 401150 with 1 insts
    I: 4012ae (flow 4012b3)
      Successors: 4012b3
  BB: 4014af in func 401150 with 1 insts
    I: 4014af (flow 4014b4)
      Successors: 4014b4
  BB: 4012b3 in func 401150 with 3 insts
    I: 4012b3
    I: 4012b6
    I: 4012bb (flow 401682)
      Successors: 4012c1, 401682
  BB: 4014b4 in func 401150 with 3 insts
    I: 4014b4
    I: 4014b7
    I: 4014bc (flow 401f68)
      Successors: 401f68, 4014c2
  BB: 4016b5 in func 401150 with 14 insts
    I: 4016b5
    I: 4016b8
    I: 4016ba
    I: 4016bd
    I: 4016c0
    I: 4016c2 (disp 405040)
    I: 4016c9
    I: 4016cd (imm 40ec80)
    I: 4016d7
    I: 4016de
    I: 4016e1
    I: 4016e5
    I: 4016e8
    I: 4016ef (flow 401fd6)
      Successors: 401fd6
  BB: 4012c1 in func 401150 with 1 insts
    I: 4012c1 (flow 4012c6)
      Successors: 4012c6
  BB: 4014c2 in func 401150 with 1 insts
    I: 4014c2 (flow 4014c7)
      Successors: 4014c7
  BB: 401ac5 in func 401150 with 72 insts
    I: 401ac5
    I: 401ac8
    I: 401acb
    I: 401ace (imm 4188c0)
    I: 401ad8
    I: 401adf
    I: 401ae2
    I: 401ae6
    I: 401ae9
    I: 401aed (imm 4188c0)
    I: 401af7
    I: 401afe
    I: 401b01
    I: 401b05
    I: 401b08
    I: 401b0b
    I: 401b0e
    I: 401b11 (imm 40ec80)
    I: 401b1b
    I: 401b22
    I: 401b25
    I: 401b29
    I: 401b2c (flow 401fe0)
    I: 401b31
    I: 401b33
    I: 401b36
    I: 401b39
    I: 401b3c (imm 4188c0)
    I: 401b46
    I: 401b4d
    I: 401b50
    I: 401b54
    I: 401b57
    I: 401b5a
    I: 401b5d
    I: 401b60 (imm 4188c0)
    I: 401b6a
    I: 401b71
    I: 401b74
    I: 401b77
    I: 401b7a
    I: 401b7d
    I: 401b80
    I: 401b84 (imm 4188c0)
    I: 401b8e
    I: 401b95
    I: 401b98
    I: 401b9c
    I: 401b9f
    I: 401ba2
    I: 401ba5
    I: 401ba8 (imm 40ec80)
    I: 401bb2
    I: 401bb9
    I: 401bbc
    I: 401bbf
    I: 401bc2
    I: 401bc5
    I: 401bc8 (flow 401fe0)
    I: 401bcd
    I: 401bcf
    I: 401bd2
    I: 401bd5
    I: 401bd8 (imm 4188c0)
    I: 401be2
    I: 401be9
    I: 401bec
    I: 401bef
    I: 401bf2
    I: 401bf5
    I: 401bf8
    I: 401bff (flow 401fd6)
      Successors: 401fd6
  BB: 4012c6 in func 401150 with 3 insts
    I: 4012c6
    I: 4012c9
    I: 4012ce (flow 4019ce)
      Successors: 4012d4, 4019ce
  BB: 4014c7 in func 401150 with 3 insts
    I: 4014c7
    I: 4014ca
    I: 4014cf (flow 401c2e)
      Successors: 4014d5, 401c2e
  BB: 4012d4 in func 401150 with 1 insts
    I: 4012d4 (flow 4012d9)
      Successors: 4012d9
  BB: 4014d5 in func 401150 with 1 insts
    I: 4014d5 (flow 4014da)
      Successors: 4014da
  BB: 4012d9 in func 401150 with 3 insts
    I: 4012d9
    I: 4012dc
    I: 4012e1 (flow 401695)
      Successors: 401695, 4012e7
  BB: 4014da in func 401150 with 3 insts
    I: 4014da
    I: 4014dd
    I: 4014e2 (flow 401859)
      Successors: 4014e8, 401859
  BB: 4012e7 in func 401150 with 1 insts
    I: 4012e7 (flow 4012ec)
      Successors: 4012ec
  BB: 4014e8 in func 401150 with 1 insts
    I: 4014e8 (flow 4014ed)
      Successors: 4014ed
  BB: 4012ec in func 401150 with 3 insts
    I: 4012ec
    I: 4012ef
    I: 4012f4 (flow 401f50)
      Successors: 401f50, 4012fa
  BB: 4014ed in func 401150 with 3 insts
    I: 4014ed
    I: 4014f0
    I: 4014f5 (flow 401810)
      Successors: 401810, 4014fb
  BB: 4016f4 in func 401150 with 5 insts
    I: 4016f4
    I: 4016f7
    I: 4016fa
    I: 4016fd
    I: 401704 (flow 401fd6)
      Successors: 401fd6
  BB: 4012fa in func 401150 with 1 insts
    I: 4012fa (flow 4012ff)
      Successors: 4012ff
  BB: 4014fb in func 401150 with 1 insts
    I: 4014fb (flow 401500)
      Successors: 401500
  BB: 4012ff in func 401150 with 3 insts
    I: 4012ff
    I: 401302
    I: 401307 (flow 4019b9)
      Successors: 4019b9, 40130d
  BB: 401500 in func 401150 with 3 insts
    I: 401500
    I: 401503
    I: 401508 (flow 40177a)
      Successors: 40177a, 40150e
  BB: 401709 in func 401150 with 5 insts
    I: 401709
    I: 40170c
    I: 40170f
    I: 401712
    I: 401719 (flow 401fd6)
      Successors: 401fd6
  BB: 40130d in func 401150 with 1 insts
    I: 40130d (flow 401312)
      Successors: 401312
  BB: 40150e in func 401150 with 1 insts
    I: 40150e (flow 401513)
      Successors: 401513
  BB: 401312 in func 401150 with 3 insts
    I: 401312
    I: 401315
    I: 40131a (flow 4017ce)
      Successors: 401320, 4017ce
  BB: 401513 in func 401150 with 1 insts
    I: 401513 (flow 401fd6)
      Successors: 401fd6
  BB: 401518 in func 401150 with 18 insts
    I: 401518
    I: 40151b
    I: 40151d
    I: 401520
    I: 401523
    I: 401525 (imm 405040)
    I: 40152f
    I: 401533
    I: 401536 (imm 403018)
    I: 401540
    I: 401542 (flow 422510)
    I: 401547
    I: 401549
    I: 40154e
    I: 401553
    I: 401556
    I: 401559
    I: 40155c (flow 401fd6)
      Successors: 401fd6
  BB: 40171e in func 401150 with 10 insts
    I: 40171e
    I: 401721
    I: 401724
    I: 401727
    I: 40172a
    I: 40172f
    I: 401734
    I: 401736
    I: 401739
    I: 40173c (flow 401fd6)
      Successors: 401fd6
  BB: 401320 in func 401150 with 1 insts
    I: 401320 (flow 401325)
      Successors: 401325
  BB: 401325 in func 401150 with 3 insts
    I: 401325
    I: 401328
    I: 40132d (flow 401f89)
      Successors: 401f89, 401333
  BB: 401333 in func 401150 with 1 insts
    I: 401333 (flow 401338)
      Successors: 401338
  BB: 401338 in func 401150 with 3 insts
    I: 401338
    I: 40133b
    I: 401340 (flow 401709)
      Successors: 401709, 401346
  BB: 401741 in func 401150 with 3 insts
    I: 401741
    I: 401748
    I: 40174f (flow 401fd6)
      Successors: 401fd6
  BB: 401d41 in func 401150 with 10 insts
    I: 401d41
    I: 401d44
    I: 401d47
    I: 401d4a
    I: 401d4d
    I: 401d52
    I: 401d57
    I: 401d59
    I: 401d5c
    I: 401d5f (flow 401fd6)
      Successors: 401fd6
  BB: 401346 in func 401150 with 1 insts
    I: 401346 (flow 40134b)
      Successors: 40134b
  BB: 40134b in func 401150 with 3 insts
    I: 40134b
    I: 40134e
    I: 401353 (flow 4016f4)
      Successors: 401359, 4016f4
  BB: 401150 in func 401150 with 6 insts
    Referenced by data
    I: 401150
    I: 401151
    I: 401154
    I: 401158
    I: 40115f
    I: 401166
      Successors: 40116d
  BB: 401f50 in func 401150 with 2 insts
    I: 401f50
    I: 401f57 (flow 401fd6)
      Successors: 401fd6
  BB: 401754 in func 401150 with 11 insts
    I: 401754
    I: 401757
    I: 40175a
    I: 40175d
    I: 401760
    I: 401763
    I: 401768
    I: 40176d
    I: 40176f
    I: 401772
    I: 401775 (flow 401fd6)
      Successors: 401fd6
  BB: 401359 in func 401150 with 1 insts
    I: 401359 (flow 40135e)
      Successors: 40135e
  BB: 401f5c in func 401150 with 2 insts
    I: 401f5c
    I: 401f63 (flow 401fd6)
      Successors: 401fd6
  BB: 40135e in func 401150 with 3 insts
    I: 40135e
    I: 401361
    I: 401366 (flow 401c8a)
      Successors: 401c8a, 40136c
  BB: 401561 in func 401150 with 2 insts
    I: 401561
    I: 401568 (flow 401fd6)
      Successors: 401fd6
  BB: 401d64 in func 401150 with 40 insts
    I: 401d64
    I: 401d67
    I: 401d6a
    I: 401d6d (imm 4188c0)
    I: 401d77
    I: 401d7e
    I: 401d81
    I: 401d84
    I: 401d87
    I: 401d8a
    I: 401d8d
    I: 401d91 (imm 4188c0)
    I: 401d9b
    I: 401da2
    I: 401da5
    I: 401da9
    I: 401dac
    I: 401daf
    I: 401db2
    I: 401db5 (imm 40ec80)
    I: 401dbf
    I: 401dc6
    I: 401dc9
    I: 401dcc
    I: 401dcf
    I: 401dd2
    I: 401dd5 (flow 401fe0)
    I: 401dda
    I: 401ddc
    I: 401ddf
    I: 401de2
    I: 401de5 (imm 4188c0)
    I: 401def
    I: 401df6
    I: 401df9
    I: 401dfc
    I: 401dff
    I: 401e02
    I: 401e05
    I: 401e0c (flow 401fd6)
      Successors: 401fd6
  BB: 401f68 in func 401150 with 5 insts
    I: 401f68
    I: 401f6b
    I: 401f6e
    I: 401f71
    I: 401f78 (flow 401fd6)
      Successors: 401fd6
  BB: 40136c in func 401150 with 1 insts
    I: 40136c (flow 401371)
      Successors: 401371
  BB: 40116d in func 401150 with 4 insts
    I: 40116d
    I: 401170
    I: 401173
    I: 401178 (flow 401f5c)
      Successors: 401f5c, 40117e
  BB: 40156d in func 401150 with 18 insts
    I: 40156d
    I: 401572
    I: 401575
    I: 401578
    I: 40157d
    I: 40157f
    I: 401583 (flow 422518)
    I: 401588
    I: 40158b (mem 403010)
    I: 401593
    I: 401597 (mem 403008)
    I: 40159f
    I: 4015a3
    I: 4015a7
    I: 4015aa
    I: 4015b1
    I: 4015b8
    I: 4015bf (flow 401fd6)
      Successors: 401fd6
  BB: 401371 in func 401150 with 3 insts
    I: 401371
    I: 401374
    I: 401379 (flow 4019ad)
      Successors: 4019ad, 40137f
  BB: 40177a in func 401150 with 14 insts
    I: 40177a
    I: 40177d
    I: 40177f
    I: 401782
    I: 401785
    I: 401787 (disp 405040)
    I: 40178e
    I: 401792 (imm 40ec80)
    I: 40179c
    I: 4017a3
    I: 4017a6
    I: 4017aa
    I: 4017ad
    I: 4017b4 (flow 401fd6)
      Successors: 401fd6
  BB: 401f7d in func 401150 with 2 insts
    I: 401f7d
    I: 401f84 (flow 401fd6)
      Successors: 401fd6
  BB: 40117e in func 401150 with 1 insts
    I: 40117e (flow 401183)
      Successors: 401183
  BB: 40137f in func 401150 with 1 insts
    I: 40137f (flow 401384)
      Successors: 401384
  BB: 401183 in func 401150 with 3 insts
    I: 401183
    I: 401186
    I: 40118b (flow 401e11)
      Successors: 401191, 401e11
  BB: 401384 in func 401150 with 3 insts
    I: 401384
    I: 401387
    I: 40138c (flow 401f7d)
      Successors: 401392, 401f7d
  BB: 401f89 in func 401150 with 5 insts
    I: 401f89
    I: 401f8c
    I: 401f8f
    I: 401f92
    I: 401f99 (flow 401fd6)
      Successors: 401fd6
  BB: 401191 in func 401150 with 1 insts
    I: 401191 (flow 401196)
      Successors: 401196
  BB: 401392 in func 401150 with 1 insts
    I: 401392 (flow 401397)
      Successors: 401397
  BB: 401196 in func 401150 with 3 insts
    I: 401196
    I: 401199
    I: 40119e (flow 401661)
      Successors: 401661, 4011a4
  BB: 401397 in func 401150 with 3 insts
    I: 401397
    I: 40139a
    I: 40139f (flow 4017da)
      Successors: 4017da, 4013a5
  BB: 401998 in func 401150 with 5 insts
    I: 401998
    I: 40199b
    I: 40199e
    I: 4019a1
    I: 4019a8 (flow 401fd6)
      Successors: 401fd6
  BB: 401f9e in func 401150 with 14 insts
    I: 401f9e
    I: 401fa1
    I: 401fa4
    I: 401fa7 (imm 4188c0)
    I: 401fb1
    I: 401fb8
    I: 401fbb
    I: 401fbd (imm 40301c)
    I: 401fc7
    I: 401fc9 (flow 422508)
    I: 401fce
    I: 401fd0
    I: 401fd4
    I: 401fd5
      No successors
  BB: 4011a4 in func 401150 with 1 insts
    I: 4011a4 (flow 4011a9)
      Successors: 4011a9
  BB: 4013a5 in func 401150 with 1 insts
    I: 4013a5 (flow 4013aa)
      Successors: 4013aa
  BB: 4011a9 in func 401150 with 3 insts
    I: 4011a9
    I: 4011ac
    I: 4011b1 (flow 40166d)
      Successors: 40166d, 4011b7
  BB: 4013aa in func 401150 with 3 insts
    I: 4013aa
    I: 4013ad
    I: 4013b2 (flow 401c64)
      Successors: 4013b8, 401c64
  BB: 4019ad in func 401150 with 2 insts
    I: 4019ad
    I: 4019b4 (flow 401fd6)
      Successors: 401fd6
  BB: 4011b7 in func 401150 with 1 insts
    I: 4011b7 (flow 4011bc)
      Successors: 4011bc
  BB: 4013b8 in func 401150 with 1 insts
    I: 4013b8 (flow 4013bd)
      Successors: 4013bd
  BB: 4017b9 in func 401150 with 5 insts
    I: 4017b9
    I: 4017bc
    I: 4017bf
    I: 4017c2
    I: 4017c9 (flow 401fd6)
      Successors: 401fd6
  BB: 4019b9 in func 401150 with 5 insts
    I: 4019b9
    I: 4019bc
    I: 4019bf
    I: 4019c2
    I: 4019c9 (flow 401fd6)
      Successors: 401fd6
  BB: 4011bc in func 401150 with 3 insts
    I: 4011bc
    I: 4011bf
    I: 4011c4 (flow 401754)
      Successors: 4011ca, 401754
  BB: 4013bd in func 401150 with 3 insts
    I: 4013bd
    I: 4013c0
    I: 4013c5 (flow 401741)
      Successors: 401741, 4013cb
  BB: 4015c4 in func 401150 with 7 insts
    I: 4015c4
    I: 4015c7
    I: 4015cc
    I: 4015d1
    I: 4015d4
    I: 4015d7
    I: 4015da (flow 401fd6)
      Successors: 401fd6
  BB: 4011ca in func 401150 with 1 insts
    I: 4011ca (flow 4011cf)
      Successors: 4011cf
  BB: 4013cb in func 401150 with 1 insts
    I: 4013cb (flow 4013d0)
      Successors: 4013d0
  BB: 4017ce in func 401150 with 2 insts
    I: 4017ce
    I: 4017d5 (flow 401fd6)
      Successors: 401fd6
  BB: 4011cf in func 401150 with 3 insts
    I: 4011cf
    I: 4011d2
    I: 4011d7 (flow 401c19)
      Successors: 401c19, 4011dd
  BB: 4013d0 in func 401150 with 3 insts
    I: 4013d0
    I: 4013d3
    I: 4013d8 (flow 401c04)
      Successors: 401c04, 4013de
  BB: 4019ce in func 401150 with 48 insts
    I: 4019ce
    I: 4019d2 (imm 4188c0)
    I: 4019dc
    I: 4019e3
    I: 4019e6
    I: 4019e8
    I: 4019eb
    I: 4019ee
    I: 4019f1 (imm 40ec80)
    I: 4019fb
    I: 401a02
    I: 401a05
    I: 401a07
    I: 401a0a
    I: 401a0d
    I: 401a10 (imm 4188c0)
    I: 401a1a
    I: 401a21
    I: 401a24
    I: 401a26
    I: 401a2a (imm 4188c0)
    I: 401a34
    I: 401a3b
    I: 401a3e
    I: 401a42
    I: 401a45
    I: 401a48
    I: 401a4b
    I: 401a4e (imm 40ec80)
    I: 401a58
    I: 401a5f
    I: 401a62
    I: 401a65
    I: 401a68
    I: 401a6b
    I: 401a6e
    I: 401a71
    I: 401a74
    I: 401a77 (imm 4188c0)
    I: 401a81
    I: 401a88
    I: 401a8b
    I: 401a8e
    I: 401a91
    I: 401a94
    I: 401a97
    I: 401a9e
    I: 401aa5 (flow 401fd6)
      Successors: 401fd6
  BB: 401fd6 in func 401150 with 1 insts
    I: 401fd6 (flow 40116d)
      Successors: 40116d
  BB: 4017da in func 401150 with 5 insts
    I: 4017da
    I: 4017dd
    I: 4017e0
    I: 4017e3
    I: 4017ea (flow 401fd6)
      Successors: 401fd6
  BB: 401fdb in func 401150 with 1 insts
    I: 401fdb
      No successors
  BB: 4011dd in func 401150 with 1 insts
    I: 4011dd (flow 4011e2)
      Successors: 4011e2
  BB: 4013de in func 401150 with 1 insts
    I: 4013de (flow 4013e3)
      Successors: 4013e3
  BB: 4015df in func 401150 with 3 insts
    I: 4015df
    I: 4015e6
    I: 4015ed (flow 401fd6)
      Successors: 401fd6
  BB: 4011e2 in func 401150 with 3 insts
    I: 4011e2
    I: 4011e5
    I: 4011ea (flow 4015c4)
      Successors: 4011f0, 4015c4
  BB: 4013e3 in func 401150 with 3 insts
    I: 4013e3
    I: 4013e6
    I: 4013eb (flow 40156d)
      Successors: 4013f1, 40156d
  BB: 4017ef in func 401150 with 5 insts
    I: 4017ef (mem 40ec80)
    I: 4017f6 (mem 4188c0)
    I: 4017fd
    I: 401804
    I: 40180b (flow 401fd6)
      Successors: 401fd6
  BB: 4011f0 in func 401150 with 1 insts
    I: 4011f0 (flow 4011f5)
      Successors: 4011f5
  BB: 4013f1 in func 401150 with 1 insts
    I: 4013f1 (flow 4013f6)
      Successors: 4013f6
  BB: 4015f2 in func 401150 with 7 insts
    I: 4015f2
    I: 4015f5
    I: 4015fa
    I: 4015ff
    I: 401602
    I: 401605
    I: 401608 (flow 401fd6)
      Successors: 401fd6
  BB: 4011f5 in func 401150 with 3 insts
    I: 4011f5
    I: 4011f8
    I: 4011fd (flow 4016b5)
      Successors: 401203, 4016b5
  BB: 4013f6 in func 401150 with 3 insts
    I: 4013f6
    I: 4013f9
    I: 4013fe (flow 40160d)
      Successors: 401404, 40160d
Recovering 401fe0
  Analysing subroutine sub_401FE0 at 401fe0
  Subroutine sub_401FE0 at 401fe0 has 15 blocks
  BB: 401fe0 in func 401fe0 with 9 insts
    I: 401fe0
    I: 401fe1
    I: 401fe4
    I: 401fe7
    I: 401fea
    I: 401fed
    I: 401ff0
    I: 401ff3
    I: 401ff6
      Successors: 401ffd
  BB: 402021 in func 401fe0 with 1 insts
    I: 402021 (flow 402026)
      Successors: 402026
  BB: 402080 in func 401fe0 with 4 insts
    I: 402080
    I: 402083
    I: 40208a
    I: 40208d (flow 402097)
      Successors: 402097
  BB: 402026 in func 401fe0 with 3 insts
    I: 402026
    I: 402029
    I: 40202e (flow 402092)
      Successors: 402092, 402034
  BB: 402047 in func 401fe0 with 1 insts
    I: 402047 (flow 40204c)
      Successors: 40204c
  BB: 40204c in func 401fe0 with 1 insts
    I: 40204c (flow 402097)
      Successors: 402097
  BB: 40200e in func 401fe0 with 1 insts
    I: 40200e (flow 402013)
      Successors: 402013
  BB: 40206e in func 401fe0 with 4 insts
    I: 40206e
    I: 402071
    I: 402078
    I: 40207b (flow 402097)
      Successors: 402097
  BB: 402051 in func 401fe0 with 8 insts
    I: 402051
    I: 402054
    I: 402057
    I: 40205c
    I: 402061
    I: 402063
    I: 402066
    I: 402069 (flow 402097)
      Successors: 402097
  BB: 402092 in func 401fe0 with 3 insts
    I: 402092
    I: 402095
    I: 402096
      No successors
  BB: 402013 in func 401fe0 with 3 insts
    I: 402013
    I: 402016
    I: 40201b (flow 40206e)
      Successors: 402021, 40206e
  BB: 402034 in func 401fe0 with 1 insts
    I: 402034 (flow 402039)
      Successors: 402039
  BB: 402097 in func 401fe0 with 1 insts
    I: 402097 (flow 401ffd)
      Successors: 401ffd
  BB: 402039 in func 401fe0 with 3 insts
    I: 402039
    I: 40203c
    I: 402041 (flow 402080)
      Successors: 402080, 402047
  BB: 401ffd in func 401fe0 with 4 insts
    I: 401ffd
    I: 402000
    I: 402003
    I: 402008 (flow 402051)
      Successors: 402051, 40200e
Recovering .term_proc at 40209c
  Analysing subroutine .term_proc at 40209c
    Block head at 004020a9 is not code.
  Subroutine .term_proc at 40209c has 1 blocks
  BB: 40209c in func 40209c with 4 insts
    I: 40209c
    I: 4020a0
    I: 4020a4
    I: 4020a8
      No successors
Global Variable None
WARNING: Global constructor and destructor sections are adjacent!
Recovering region LOAD [400000, 400540) in segment LOAD
  8-byte reference at 400018 to 401060 (start)
  8-byte reference at 4000f8 to 401000 (.init_proc)
  8-byte reference at 400130 to 403000 ()
  8-byte reference at 400168 to 404de8 ()
  8-byte reference at 400280 to 403020 ()
  8-byte reference at 4002f0 to 404de8 ()
Recovering region .init [401000, 40101b) in segment .init
Recovering region LOAD [40101b, 401020) in segment LOAD
Recovering region .plt [401020, 401060) in segment .plt
Recovering region .text [401060, 40209c) in segment .text
Recovering region .fini [40209c, 4020a9) in segment .fini
Recovering region .rodata [403000, 403020) in segment .rodata
  Variable format at 40301c
Recovering region .eh_frame_hdr [403020, 403054) in segment .eh_frame_hdr
Recovering region LOAD [403054, 403058) in segment LOAD
Recovering region .eh_frame [403058, 40310c) in segment .eh_frame
Recovering region LOAD [40310c, 403150) in segment LOAD
Recovering region .init_array [404de8, 404df8) in segment .init_array
  8-byte reference at 404de8 to 401140 ()
  8-byte reference at 404df0 to 401110 ()
Recovering region LOAD [404df8, 404fd8) in segment LOAD
Recovering region .got [404fd8, 404fe8) in segment .got
  8-byte reference at 404fd8 to 422500 (__libc_start_main)
  8-byte reference at 404fe0 to 422520 (__gmon_start__)
Recovering region .got.plt [404fe8, 405018) in segment .got.plt
  8-byte reference at 405000 to 422508 (printf)
  8-byte reference at 405008 to 422510 (__isoc99_scanf)
  8-byte reference at 405010 to 422518 (sqrt)
Recovering region .data [405018, 405028) in segment .data
Recovering region LOAD [405028, 405030) in segment LOAD
Recovering region .bss [405030, 422500) in segment .bss
Recovering extern function printf at 401030
Recovering extern function __isoc99_scanf at 401040
Recovering extern function sqrt at 401050
Recovering extern function __libc_start_main at 422500
Recovering extern function printf at 422508
Recovering extern function __isoc99_scanf at 422510
Recovering extern function sqrt at 422518
Recovering extern function __gmon_start__ at 422520
Recovered 9 functions.
Saving to: /home/ubuntu/capstone_project/result/pipeline_20260629_141746/s065901669_fla.cfg
Done analysis!
