Debugging is enabled.
Loading Standard Definitions file: /home/ubuntu/capstone_project/dependency/mcsema/mcsema/lib/python3/site-packages/mcsema_disass-3.1.3.8-py3.8.egg/mcsema_disass/defs/linux.txt
Using Batch mode.
Starting analysis
Recovering module s065901669_instsub.elf
Found main at 401150
Looking for instructions in segment .init
  Default block heads for function 401000 with loose bounds [401000, 40101b)
    block [401000, 401014)
    block [401014, 401016)
    block [401016, 40101b)
    chunk [401000, 40101b)
Looking for instructions in segment .plt
  Default block heads for function 401020 with loose bounds [401020, 40102c)
    block [401020, 40102c)
    chunk [401020, 40102c)
  Default block heads for function 401030 with loose bounds [401030, 401036)
    block [401030, 401036)
    chunk [401030, 401036)
  Default block heads for function 401040 with loose bounds [401040, 401046)
    block [401040, 401046)
    chunk [401040, 401046)
  Default block heads for function 401050 with loose bounds [401050, 401056)
    block [401050, 401056)
    chunk [401050, 401056)
Looking for instructions in segment .text
  Default block heads for function 401060 with loose bounds [401060, 401086)
    block [401060, 401086)
    chunk [401060, 401086)
  Default block heads for function 4010a0 with loose bounds [4010a0, 4010c1)
    block [4010a0, 4010ad)
    block [4010ad, 4010b7)
    block [4010b7, 4010be)
    block [4010c0, 4010c1)
    chunk [4010a0, 4010c1)
  Default block heads for function 401110 with loose bounds [401110, 401131)
    block [401110, 40111d)
    block [40111d, 40112f)
    block [401130, 401131)
    chunk [401110, 401131)
  Default block heads for function 401140 with loose bounds [401140, 401146)
    block [401140, 401146)
    chunk [401140, 401146)
    chunk [4010d0, 401101)
  Default block heads for function 401150 with loose bounds [401150, 401d52)
    block [401150, 401166)
    block [401166, 4011a8)
    block [4011a8, 4011ad)
    block [4011ad, 401206)
    block [401206, 401212)
    block [401212, 401219)
    block [401219, 401225)
    block [401225, 40127c)
    block [40127c, 401281)
    block [401281, 401299)
    block [401299, 4012a0)
    block [4012a0, 4012b5)
    block [4012b5, 401304)
    block [401304, 401317)
    block [401317, 40133d)
    block [40133d, 401344)
    block [401344, 40137b)
    block [40137b, 4013d2)
    block [4013d2, 4013d7)
    block [4013d7, 4013e9)
    block [4013e9, 4013fe)
    block [4013fe, 40140a)
    block [40140a, 401411)
    block [401411, 40141d)
    block [40141d, 4015c2)
    block [4015c2, 4015c7)
    block [4015c7, 4015df)
    block [4015df, 401705)
    block [401705, 401711)
    block [401711, 4018cc)
    block [4018cc, 4018df)
    block [4018df, 401905)
    block [401905, 40190c)
    block [40190c, 401943)
    block [401943, 40194d)
    block [40194d, 401a14)
    block [401a14, 401a44)
    block [401a44, 401b32)
    block [401b32, 401cd7)
    block [401cd7, 401cdc)
    block [401cdc, 401ce1)
    block [401ce1, 401cf9)
    block [401cf9, 401cfe)
    block [401cfe, 401d10)
    block [401d10, 401d52)
    chunk [401150, 401d52)
  Default block heads for function 401d60 with loose bounds [401d60, 401d8c)
    block [401d60, 401d76)
    block [401d76, 401d81)
    block [401d81, 401d87)
    block [401d87, 401d8c)
    chunk [401d60, 401d8c)
Looking for instructions in segment .fini
  Default block heads for function 401d8c with loose bounds [401d8c, 401d99)
    block [401d8c, 401d99)
    chunk [401d8c, 401d99)
Looking for strings in segment .rodata [402000, 402020)
  Found string b'%d\n' of length 4 at 40201c, jumping to 402020
Looking for strings in segment .eh_frame_hdr [402020, 402054)
Looking for strings in segment .eh_frame [402058, 402104)
Looking for strings in segment .init_array [403de8, 403df0)
Looking for strings in segment .fini_array [403df0, 403df8)
Looking for strings in segment .got [403fd8, 403fe8)
Looking for strings in segment .got.plt [403fe8, 404018)
Looking for strings in segment .data [404018, 404028)
Looking for strings in segment .bss [404030, 421500)
Looking for strings in segment extern [421500, 421528)
Looking for cross-references in segment .init [401000, 40101b)
Looking for cross-references in segment .plt [401020, 401060)
  Stopping scan at 40102c
Looking for cross-references in segment .text [401060, 401d8c)
  Stopping scan at 40108c
  Stopping scan at 40109c
  Stopping scan at ffffffffffffffff
  Stopping scan at 4010cc
  Stopping scan at 40110c
  Stopping scan at ffffffffffffffff
  Stopping scan at 40113c
  Stopping scan at 40114c
  Stopping scan at 401d5c
Looking for cross-references in segment .fini [401d8c, 401d99)
Looking for cross-references in segment .rodata [402000, 402020)
  Found string at 40201c, jumping to 402020
  Stopping scan at 40201c
Looking for cross-references in segment .eh_frame_hdr [402020, 402054)
  Stopping scan at 402050
Looking for cross-references in segment .eh_frame [402058, 402104)
  Stopping scan at 402100
Looking for cross-references in segment .init_array [403de8, 403df0)
  Adding qword reference from 403de8 to 401140
  Stopping scan at 403de8
Looking for cross-references in segment .fini_array [403df0, 403df8)
  Adding qword reference from 403df0 to 401110
  Stopping scan at 403df0
Looking for cross-references in segment .got [403fd8, 403fe8)
  Adding qword reference from 403fd8 to 421500
  Adding qword reference from 403fe0 to 421520
  Stopping scan at 403fe0
Looking for cross-references in segment .got.plt [403fe8, 404018)
  Adding qword reference from 404000 to 421508
  Adding qword reference from 404008 to 421510
  Adding qword reference from 404010 to 421518
  Stopping scan at 404010
Looking for cross-references in segment .data [404018, 404028)
  Stopping scan at 404024
Looking for cross-references in segment .bss [404030, 421500)
  Stopping scan at 4214fc
Looking for cross-references in segment extern [421500, 421528)
  Stopping scan at 421524
Looking for thunks
  Found thunk for printf targeting 421508 at 401030
  Found thunk for __isoc99_scanf targeting 421510 at 401040
  Found thunk for sqrt targeting 421518 at 401050
Looking for external symbols
  Function at 401030 is the external function printf
  Function at 401040 is the external function __isoc99_scanf
  Function at 401050 is the external function sqrt
  Function at 421500 is the external function __libc_start_main
  Function at 421508 is the external function printf
  Function at 421510 is the external function __isoc99_scanf
  Function at 421518 is the external function sqrt
  Function at 421520 is the external function __gmon_start__
Looking for entrypoints
Recovering .init_proc at 401000
  Analysing subroutine .init_proc at 401000
    Block head at 0040101b is not code.
  Subroutine .init_proc at 401000 has 3 blocks
  BB: 401000 in func 401000 with 5 insts
    Referenced by data
    I: 401000
    I: 401004
    I: 401008 (mem 403fe0)
    I: 40100f
    I: 401012 (flow 401016)
      Successors: 401014, 401016
  BB: 401014 in func 401000 with 1 insts
    I: 401014
      Successors: 401016
  BB: 401016 in func 401000 with 2 insts
    I: 401016
    I: 40101a
      No successors
Recovering 401020
  Analysing subroutine sub_401020 at 401020
  WARNING: No table entries for indirect jump at 401026; Adding next_ea 40102c as successor.
  Subroutine sub_401020 at 401020 has 2 blocks
  WARNING: No table entries for indirect jump at 401026; Adding next_ea 40102c as successor.
  BB: 401020 in func 401020 with 2 insts
    I: 401020 (mem 403ff0)
    I: 401026 (mem 403ff8)
      Successors: 40102c
  BB: 40102c in func 401020 with 1 insts
    I: 40102c
      No successors
Recovering start at 401060
  Analysing subroutine start at 401060
  Subroutine start at 401060 has 3 blocks
  BB: 401060 in func 401060 with 13 insts
    Referenced by data
    I: 401060
    I: 401064
    I: 401066
    I: 401069
    I: 40106a
    I: 40106d
    I: 401071
    I: 401072
    I: 401073
    I: 401076
    I: 401078 (imm 401150)
    I: 40107f (mem 403fd8)
    I: 401085
      No successors
  BB: 401095 in func 401060 with 2 insts
    I: 401095
    I: 40109f
      No successors
  BB: 401086 in func 401060 with 3 insts
    I: 401086
    I: 401090
    I: 401094
      No successors
Recovering 4010a0
  Analysing subroutine sub_4010A0 at 4010a0
  WARNING: No table entries for indirect jump at 4010bc; Adding next_ea 4010be as successor.
  WARNING: No table entries for indirect jump at 4010fe; Adding next_ea 401100 as successor.
  Subroutine sub_4010A0 at 4010a0 has 11 blocks
  BB: 4010a0 in func 4010a0 with 3 insts
    I: 4010a0
    I: 4010a5
    I: 4010ab (flow 4010c0)
      Successors: 4010c0, 4010ad
  BB: 4010c0 in func 4010a0 with 1 insts
    I: 4010c0
      No successors
  BB: 4010c1 in func 4010a0 with 2 insts
    I: 4010c1
    I: 4010c5
      Successors: 4010d0
  BB: 401100 in func 4010a0 with 1 insts
    I: 401100
      No successors
  BB: 401101 in func 4010a0 with 2 insts
    I: 401101
    I: 401105
      No successors
  BB: 4010ad in func 4010a0 with 3 insts
    I: 4010ad
    I: 4010b2
    I: 4010b5 (flow 4010c0)
      Successors: 4010c0, 4010b7
  BB: 4010ef in func 4010a0 with 3 insts
    I: 4010ef
    I: 4010f4
    I: 4010f7 (flow 401100)
      Successors: 401100, 4010f9
  BB: 4010d0 in func 4010a0 with 8 insts
    I: 4010d0
    I: 4010d5
    I: 4010dc
    I: 4010df
    I: 4010e3
    I: 4010e7
    I: 4010ea
    I: 4010ed (flow 401100)
      Successors: 401100, 4010ef
  WARNING: No table entries for indirect jump at 4010bc; Adding next_ea 4010be as successor.
  BB: 4010b7 in func 4010a0 with 2 insts
    I: 4010b7
    I: 4010bc
      Successors: 4010be
  WARNING: No table entries for indirect jump at 4010fe; Adding next_ea 401100 as successor.
  BB: 4010f9 in func 4010a0 with 2 insts
    I: 4010f9
    I: 4010fe
      Successors: 401100
  BB: 4010be in func 4010a0 with 1 insts
    I: 4010be
      Successors: 4010c0
Recovering 401110
  Analysing subroutine sub_401110 at 401110
  Subroutine sub_401110 at 401110 has 5 blocks
  BB: 40112f in func 401110 with 1 insts
    I: 40112f
      Successors: 401130
  BB: 401110 in func 401110 with 3 insts
    Referenced by data
    I: 401110
    I: 401114 (mem 404030)
    I: 40111b (flow 401130)
      Successors: 401130, 40111d
  BB: 401131 in func 401110 with 2 insts
    I: 401131
    I: 401135
      No successors
  BB: 401130 in func 401110 with 1 insts
    I: 401130
      No successors
  BB: 40111d in func 401110 with 6 insts
    I: 40111d
    I: 40111e
    I: 401121 (flow 4010a0)
    I: 401126 (mem 404030)
    I: 40112d
    I: 40112e
      No successors
Recovering 401140
  Analysing subroutine sub_401140 at 401140
  WARNING: No table entries for indirect jump at 4010fe; Adding next_ea 401100 as successor.
  Subroutine sub_401140 at 401140 has 6 blocks
  BB: 401140 in func 401140 with 2 insts
    Referenced by data
    I: 401140
    I: 401144 (flow 4010d0)
      Successors: 4010d0
  BB: 401100 in func 401140 with 1 insts
    I: 401100
      No successors
  BB: 401146 in func 401140 with 1 insts
    I: 401146
      No successors
  BB: 4010ef in func 401140 with 3 insts
    I: 4010ef
    I: 4010f4
    I: 4010f7 (flow 401100)
      Successors: 401100, 4010f9
  BB: 4010d0 in func 401140 with 8 insts
    I: 4010d0
    I: 4010d5
    I: 4010dc
    I: 4010df
    I: 4010e3
    I: 4010e7
    I: 4010ea
    I: 4010ed (flow 401100)
      Successors: 401100, 4010ef
  WARNING: No table entries for indirect jump at 4010fe; Adding next_ea 401100 as successor.
  BB: 4010f9 in func 401140 with 2 insts
    I: 4010f9
    I: 4010fe
      Successors: 401100
Recovering main at 401150
  Analysing subroutine main at 401150
  Subroutine main at 401150 has 46 blocks
  BB: 401281 in func 401150 with 6 insts
    I: 401281
    I: 401284
    I: 401289
    I: 40128c
    I: 401291
    I: 401294 (flow 401206)
      Successors: 401206
  BB: 401304 in func 401150 with 5 insts
    I: 401304
    I: 401307
    I: 40130c
    I: 40130f
    I: 401314
      Successors: 401317
  BB: 401905 in func 401150 with 1 insts
    I: 401905
      Successors: 40190c
  BB: 401705 in func 401150 with 3 insts
    I: 401705
    I: 401708
    I: 40170b (flow 4018cc)
      Successors: 401711, 4018cc
  BB: 401206 in func 401150 with 3 insts
    I: 401206
    I: 401209
    I: 40120c (flow 401299)
      Successors: 401299, 401212
  BB: 40140a in func 401150 with 1 insts
    I: 40140a
      Successors: 401411
  BB: 40190c in func 401150 with 19 insts
    I: 40190c
    I: 40190f
    I: 401912
    I: 401915
    I: 401917
    I: 401919
    I: 40191b
    I: 40191d
    I: 40191f
    I: 401921
    I: 401923
    I: 401929
    I: 40192c
    I: 401932
    I: 401935
    I: 401937
    I: 401939
    I: 40193b
    I: 40193d (flow 401cf9)
      Successors: 401cf9, 401943
  BB: 401d10 in func 401150 with 16 insts
    I: 401d10
    I: 401d13
    I: 401d18
    I: 401d1b
    I: 401d20
    I: 401d23 (imm 4178c0)
    I: 401d2d
    I: 401d34
    I: 401d37
    I: 401d39 (imm 40201c)
    I: 401d43
    I: 401d45 (flow 421508)
    I: 401d4a
    I: 401d4c
    I: 401d50
    I: 401d51
      No successors
  BB: 401411 in func 401150 with 3 insts
    I: 401411
    I: 401414
    I: 401417 (flow 4015c2)
      Successors: 4015c2, 40141d
  BB: 401212 in func 401150 with 1 insts
    I: 401212
      Successors: 401219
  BB: 401711 in func 401150 with 120 insts
    I: 401711
    I: 401714
    I: 401716
    I: 401718
    I: 40171a
    I: 40171d
    I: 40171f
    I: 401721
    I: 401723
    I: 401726 (imm 4178c0)
    I: 401730
    I: 401737
    I: 40173a
    I: 40173e
    I: 401741
    I: 401745 (imm 4178c0)
    I: 40174f
    I: 401756
    I: 401759
    I: 40175d
    I: 401760
    I: 401763
    I: 401768
    I: 40176b
    I: 401770
    I: 401773 (imm 40dc80)
    I: 40177d
    I: 401784
    I: 401787
    I: 40178b
    I: 40178e
    I: 401790
    I: 401792
    I: 401794
    I: 401796
    I: 401798
    I: 40179a
    I: 40179c (flow 401d60)
    I: 4017a1
    I: 4017a3
    I: 4017a6
    I: 4017a8
    I: 4017aa
    I: 4017ac
    I: 4017af
    I: 4017b1
    I: 4017b3
    I: 4017b5
    I: 4017b8 (imm 4178c0)
    I: 4017c2
    I: 4017c9
    I: 4017cc
    I: 4017d0
    I: 4017d3
    I: 4017d6
    I: 4017d8
    I: 4017db
    I: 4017dd
    I: 4017e0 (imm 4178c0)
    I: 4017ea
    I: 4017f1
    I: 4017f4
    I: 4017f7
    I: 4017fd
    I: 401800
    I: 401806
    I: 401809
    I: 40180c
    I: 401810 (imm 4178c0)
    I: 40181a
    I: 401821
    I: 401824
    I: 401828
    I: 40182b
    I: 40182e
    I: 401830
    I: 401832
    I: 401834
    I: 401837
    I: 401839
    I: 40183b
    I: 40183d
    I: 401840 (imm 40dc80)
    I: 40184a
    I: 401851
    I: 401854
    I: 401857
    I: 401859
    I: 40185c
    I: 40185e
    I: 401861
    I: 401864
    I: 40186a
    I: 40186c
    I: 401872 (flow 401d60)
    I: 401877
    I: 401879
    I: 40187c
    I: 40187e
    I: 401880
    I: 401882
    I: 401885
    I: 401887
    I: 401889
    I: 40188b
    I: 40188e (imm 4178c0)
    I: 401898
    I: 40189f
    I: 4018a2
    I: 4018a5
    I: 4018ab
    I: 4018ae
    I: 4018b4
    I: 4018b7
    I: 4018ba
    I: 4018bd
    I: 4018bf
    I: 4018c2
    I: 4018c4
    I: 4018c7 (flow 401705)
      Successors: 401705
  BB: 401a14 in func 401150 with 16 insts
    I: 401a14
    I: 401a17
    I: 401a1a
    I: 401a1d
    I: 401a1f
    I: 401a21
    I: 401a23
    I: 401a25
    I: 401a27
    I: 401a29
    I: 401a2b
    I: 401a2e
    I: 401a34
    I: 401a36
    I: 401a3c
    I: 401a3e (flow 401b32)
      Successors: 401b32, 401a44
  BB: 4013fe in func 401150 with 3 insts
    I: 4013fe
    I: 401401
    I: 401404 (flow 4015df)
      Successors: 40140a, 4015df
  BB: 401317 in func 401150 with 11 insts
    I: 401317
    I: 40131a
    I: 40131d
    I: 401320
    I: 401322
    I: 401324
    I: 401326
    I: 40132c
    I: 40132f
    I: 401335
    I: 401337 (flow 4013e9)
      Successors: 4013e9, 40133d
  BB: 401219 in func 401150 with 3 insts
    I: 401219
    I: 40121c
    I: 40121f (flow 40127c)
      Successors: 40127c, 401225
  BB: 401299 in func 401150 with 1 insts
    I: 401299
      Successors: 4012a0
  BB: 40141d in func 401150 with 104 insts
    I: 40141d
    I: 401420
    I: 401425
    I: 401428
    I: 40142d
    I: 401430 (imm 4178c0)
    I: 40143a
    I: 401441
    I: 401444
    I: 401448
    I: 40144b
    I: 40144f (imm 4178c0)
    I: 401459
    I: 401460
    I: 401463
    I: 401467
    I: 40146a
    I: 40146d
    I: 401472
    I: 401475
    I: 40147a
    I: 40147d (imm 40dc80)
    I: 401487
    I: 40148e
    I: 401491
    I: 401495
    I: 401498
    I: 40149e
    I: 4014a0
    I: 4014a6 (flow 401d60)
    I: 4014ab
    I: 4014ad
    I: 4014b0
    I: 4014b2
    I: 4014b5
    I: 4014b7
    I: 4014ba (imm 4178c0)
    I: 4014c4
    I: 4014cb
    I: 4014ce
    I: 4014d2
    I: 4014d5
    I: 4014d8
    I: 4014dd
    I: 4014e0
    I: 4014e5
    I: 4014e8 (imm 4178c0)
    I: 4014f2
    I: 4014f9
    I: 4014fc
    I: 4014ff
    I: 401505
    I: 401508
    I: 40150e
    I: 401511
    I: 401514
    I: 401518 (imm 4178c0)
    I: 401522
    I: 401529
    I: 40152c
    I: 401530
    I: 401533
    I: 401536
    I: 40153b
    I: 40153e
    I: 401543
    I: 401546 (imm 40dc80)
    I: 401550
    I: 401557
    I: 40155a
    I: 40155d
    I: 40155f
    I: 401562
    I: 401564
    I: 401567
    I: 40156a
    I: 40156c
    I: 40156e
    I: 401570 (flow 401d60)
    I: 401575
    I: 401577
    I: 40157a
    I: 40157c
    I: 40157e
    I: 401580
    I: 401583
    I: 401585
    I: 401587
    I: 401589
    I: 40158c (imm 4178c0)
    I: 401596
    I: 40159d
    I: 4015a0
    I: 4015a3
    I: 4015a5
    I: 4015a8
    I: 4015aa
    I: 4015ad
    I: 4015b0
    I: 4015b3
    I: 4015b5
    I: 4015b8
    I: 4015ba
    I: 4015bd (flow 401411)
      Successors: 401411
  BB: 4012a0 in func 401150 with 7 insts
    I: 4012a0
    I: 4012a3
    I: 4012a6
    I: 4012a8
    I: 4012ab
    I: 4012ad
    I: 4012af (flow 401304)
      Successors: 401304, 4012b5
  BB: 401225 in func 401150 with 20 insts
    I: 401225
    I: 401228
    I: 40122a
    I: 401230
    I: 401233
    I: 401239
    I: 40123c
    I: 40123e (disp 404040)
    I: 401245
    I: 401249 (imm 40dc80)
    I: 401253
    I: 40125a
    I: 40125d
    I: 401261
    I: 401264
    I: 401267
    I: 40126c
    I: 40126f
    I: 401274
    I: 401277 (flow 401219)
      Successors: 401219
  BB: 4011a8 in func 401150 with 1 insts
    I: 4011a8 (flow 401166)
      Successors: 401166
  BB: 4011ad in func 401150 with 20 insts
    I: 4011ad
    I: 4011b0
    I: 4011b5
    I: 4011bb
    I: 4011bd
    I: 4011c3
    I: 4011c6
    I: 4011c8
    I: 4011ca
    I: 4011cd
    I: 4011d1 (flow 421518)
    I: 4011d6
    I: 4011d9 (mem 402010)
    I: 4011e1
    I: 4011e5 (mem 402008)
    I: 4011ed
    I: 4011f1
    I: 4011f5
    I: 4011f8
    I: 4011ff
      Successors: 401206
  BB: 401b32 in func 401150 with 106 insts
    I: 401b32
    I: 401b35
    I: 401b3a
    I: 401b3d
    I: 401b42
    I: 401b45 (imm 4178c0)
    I: 401b4f
    I: 401b56
    I: 401b59
    I: 401b5d
    I: 401b60
    I: 401b64 (imm 4178c0)
    I: 401b6e
    I: 401b75
    I: 401b78
    I: 401b7c
    I: 401b7f
    I: 401b82
    I: 401b87
    I: 401b8a
    I: 401b8f
    I: 401b92 (imm 40dc80)
    I: 401b9c
    I: 401ba3
    I: 401ba6
    I: 401baa
    I: 401bad
    I: 401bb3
    I: 401bb5
    I: 401bbb (flow 401d60)
    I: 401bc0
    I: 401bc2
    I: 401bc5
    I: 401bc7
    I: 401bc9
    I: 401bcb
    I: 401bce
    I: 401bd0
    I: 401bd2
    I: 401bd4
    I: 401bd7 (imm 4178c0)
    I: 401be1
    I: 401be8
    I: 401beb
    I: 401bef
    I: 401bf2
    I: 401bf5
    I: 401bfa
    I: 401bfd
    I: 401c02
    I: 401c05 (imm 4178c0)
    I: 401c0f
    I: 401c16
    I: 401c19
    I: 401c1c
    I: 401c1e
    I: 401c21
    I: 401c23
    I: 401c26
    I: 401c29
    I: 401c2d (imm 4178c0)
    I: 401c37
    I: 401c3e
    I: 401c41
    I: 401c45
    I: 401c48
    I: 401c4b
    I: 401c4d
    I: 401c4f
    I: 401c51
    I: 401c54
    I: 401c56
    I: 401c58
    I: 401c5a
    I: 401c5d (imm 40dc80)
    I: 401c67
    I: 401c6e
    I: 401c71
    I: 401c74
    I: 401c7a
    I: 401c7d
    I: 401c83
    I: 401c86
    I: 401c89
    I: 401c8b
    I: 401c8d
    I: 401c8f (flow 401d60)
    I: 401c94
    I: 401c96
    I: 401c99
    I: 401c9b
    I: 401c9d
    I: 401c9f
    I: 401ca2
    I: 401ca4
    I: 401ca6
    I: 401ca8
    I: 401cab (imm 4178c0)
    I: 401cb5
    I: 401cbc
    I: 401cbf
    I: 401cc2
    I: 401cc8
    I: 401ccb
    I: 401cd1
    I: 401cd4
      Successors: 401cd7
  BB: 4012b5 in func 401150 with 20 insts
    I: 4012b5
    I: 4012b8
    I: 4012ba
    I: 4012bd
    I: 4012bf
    I: 4012c1
    I: 4012c4
    I: 4012c6 (disp 404040)
    I: 4012cd
    I: 4012d1 (imm 40dc80)
    I: 4012db
    I: 4012e2
    I: 4012e5
    I: 4012e9
    I: 4012ec
    I: 4012ef
    I: 4012f4
    I: 4012f7
    I: 4012fc
    I: 4012ff (flow 4012a0)
      Successors: 4012a0
  BB: 40133d in func 401150 with 1 insts
    I: 40133d
      Successors: 401344
  BB: 4015c2 in func 401150 with 1 insts
    I: 4015c2 (flow 4015c7)
      Successors: 4015c7
  BB: 401943 in func 401150 with 2 insts
    I: 401943
    I: 401947 (flow 401a14)
      Successors: 401a14, 40194d
  BB: 401344 in func 401150 with 15 insts
    I: 401344
    I: 401347
    I: 40134a
    I: 40134d
    I: 40134f
    I: 401351
    I: 401353
    I: 401359
    I: 40135c
    I: 401362
    I: 401365
    I: 40136b
    I: 40136d
    I: 401373
    I: 401375 (flow 4013d2)
      Successors: 4013d2, 40137b
  BB: 401a44 in func 401150 with 54 insts
    I: 401a44
    I: 401a47
    I: 401a4c
    I: 401a4f
    I: 401a54
    I: 401a57 (imm 4178c0)
    I: 401a61
    I: 401a68
    I: 401a6b
    I: 401a6e
    I: 401a74
    I: 401a77
    I: 401a7d
    I: 401a80
    I: 401a83
    I: 401a87 (imm 4178c0)
    I: 401a91
    I: 401a98
    I: 401a9b
    I: 401a9f
    I: 401aa2
    I: 401aa5
    I: 401aaa
    I: 401aad
    I: 401ab2
    I: 401ab5 (imm 40dc80)
    I: 401abf
    I: 401ac6
    I: 401ac9
    I: 401acc
    I: 401ace
    I: 401ad1
    I: 401ad3
    I: 401ad6
    I: 401ad9
    I: 401adf
    I: 401ae1
    I: 401ae7 (flow 401d60)
    I: 401aec
    I: 401aee
    I: 401af1
    I: 401af6
    I: 401af9
    I: 401afe
    I: 401b01 (imm 4178c0)
    I: 401b0b
    I: 401b12
    I: 401b15
    I: 401b18
    I: 401b1e
    I: 401b21
    I: 401b27
    I: 401b2a
    I: 401b2d (flow 401cd7)
      Successors: 401cd7
  BB: 4015c7 in func 401150 with 6 insts
    I: 4015c7
    I: 4015ca
    I: 4015cf
    I: 4015d2
    I: 4015d7
    I: 4015da (flow 4013fe)
      Successors: 4013fe
  BB: 4018cc in func 401150 with 5 insts
    I: 4018cc
    I: 4018cf
    I: 4018d4
    I: 4018d7
    I: 4018dc
      Successors: 4018df
  BB: 40194d in func 401150 with 50 insts
    I: 40194d
    I: 401950
    I: 401952
    I: 401954
    I: 401956
    I: 401959
    I: 40195b
    I: 40195d
    I: 40195f
    I: 401962 (imm 4178c0)
    I: 40196c
    I: 401973
    I: 401976
    I: 40197a
    I: 40197d
    I: 401981 (imm 4178c0)
    I: 40198b
    I: 401992
    I: 401995
    I: 401999
    I: 40199c
    I: 40199f
    I: 4019a1
    I: 4019a3
    I: 4019a5
    I: 4019a8
    I: 4019aa
    I: 4019ac
    I: 4019ae
    I: 4019b1 (imm 40dc80)
    I: 4019bb
    I: 4019c2
    I: 4019c5
    I: 4019c9
    I: 4019cc
    I: 4019d2
    I: 4019d4
    I: 4019da (flow 401d60)
    I: 4019df
    I: 4019e1
    I: 4019e4
    I: 4019e9
    I: 4019ec
    I: 4019f1
    I: 4019f4 (imm 4178c0)
    I: 4019fe
    I: 401a05
    I: 401a08
    I: 401a0c
    I: 401a0f (flow 401cdc)
      Successors: 401cdc
  BB: 401150 in func 401150 with 5 insts
    Referenced by data
    I: 401150
    I: 401151
    I: 401154
    I: 401158
    I: 40115f
      Successors: 401166
  BB: 4013d2 in func 401150 with 1 insts
    I: 4013d2 (flow 4013d7)
      Successors: 4013d7
  BB: 401d52 in func 401150 with 2 insts
    I: 401d52
    I: 401d5c
      No successors
  BB: 4013d7 in func 401150 with 6 insts
    I: 4013d7
    I: 4013da
    I: 4013dc
    I: 4013df
    I: 4013e1
    I: 4013e4 (flow 401317)
      Successors: 401317
  BB: 401cd7 in func 401150 with 1 insts
    I: 401cd7 (flow 401cdc)
      Successors: 401cdc
  BB: 401cdc in func 401150 with 1 insts
    I: 401cdc (flow 401ce1)
      Successors: 401ce1
  BB: 4015df in func 401150 with 64 insts
    I: 4015df
    I: 4015e3 (imm 4178c0)
    I: 4015ed
    I: 4015f4
    I: 4015f7
    I: 4015f9
    I: 4015fc
    I: 4015fe
    I: 401601
    I: 401603
    I: 401606 (imm 40dc80)
    I: 401610
    I: 401617
    I: 40161a
    I: 40161c
    I: 401622
    I: 401624
    I: 40162a
    I: 40162d
    I: 401632
    I: 401635
    I: 40163a
    I: 40163d (imm 4178c0)
    I: 401647
    I: 40164e
    I: 401651
    I: 401653
    I: 401657 (imm 4178c0)
    I: 401661
    I: 401668
    I: 40166b
    I: 40166f
    I: 401672
    I: 401675
    I: 40167a
    I: 40167d
    I: 401682
    I: 401685 (imm 40dc80)
    I: 40168f
    I: 401696
    I: 401699
    I: 40169c
    I: 4016a2
    I: 4016a5
    I: 4016ab
    I: 4016ae
    I: 4016b1
    I: 4016b7
    I: 4016b9
    I: 4016bf
    I: 4016c2
    I: 4016c7
    I: 4016ca
    I: 4016cf
    I: 4016d2 (imm 4178c0)
    I: 4016dc
    I: 4016e3
    I: 4016e6
    I: 4016e9
    I: 4016ef
    I: 4016f2
    I: 4016f8
    I: 4016fb
    I: 4016fe
      Successors: 401705
  BB: 4018df in func 401150 with 11 insts
    I: 4018df
    I: 4018e2
    I: 4018e5
    I: 4018e8
    I: 4018ea
    I: 4018ec
    I: 4018ee
    I: 4018f4
    I: 4018f7
    I: 4018fd
    I: 4018ff (flow 401d10)
      Successors: 401d10, 401905
  BB: 401ce1 in func 401150 with 6 insts
    I: 401ce1
    I: 401ce4
    I: 401ce9
    I: 401cec
    I: 401cf1
    I: 401cf4 (flow 40190c)
      Successors: 40190c
  BB: 401166 in func 401150 with 18 insts
    I: 401166
    I: 401169
    I: 40116b
    I: 40116d
    I: 40116f
    I: 401172
    I: 401174
    I: 401176
    I: 401178
    I: 40117b
    I: 40117d (imm 404040)
    I: 401187
    I: 40118b
    I: 40118e (imm 402018)
    I: 401198
    I: 40119a (flow 421510)
    I: 40119f
    I: 4011a2 (flow 4011ad)
      Successors: 4011a8, 4011ad
  BB: 4013e9 in func 401150 with 3 insts
    I: 4013e9 (mem 40dc80)
    I: 4013f0 (mem 4178c0)
    I: 4013f7
      Successors: 4013fe
  BB: 401cf9 in func 401150 with 1 insts
    I: 401cf9 (flow 401cfe)
      Successors: 401cfe
  BB: 40137b in func 401150 with 20 insts
    I: 40137b
    I: 40137e
    I: 401380
    I: 401386
    I: 401389
    I: 40138f
    I: 401392
    I: 401394 (disp 404040)
    I: 40139b
    I: 40139f (imm 40dc80)
    I: 4013a9
    I: 4013b0
    I: 4013b3
    I: 4013b7
    I: 4013ba
    I: 4013bd
    I: 4013c2
    I: 4013c5
    I: 4013ca
    I: 4013cd (flow 401344)
      Successors: 401344
  BB: 40127c in func 401150 with 1 insts
    I: 40127c (flow 401281)
      Successors: 401281
  BB: 401cfe in func 401150 with 6 insts
    I: 401cfe
    I: 401d01
    I: 401d03
    I: 401d06
    I: 401d08
    I: 401d0b (flow 4018df)
      Successors: 4018df
Recovering 401d60
  Analysing subroutine sub_401D60 at 401d60
  Subroutine sub_401D60 at 401d60 has 4 blocks
  BB: 401d60 in func 401d60 with 7 insts
    I: 401d60
    I: 401d61
    I: 401d64
    I: 401d67
    I: 401d6a
    I: 401d6d
    I: 401d70 (flow 401d81)
      Successors: 401d81, 401d76
  BB: 401d81 in func 401d60 with 2 insts
    I: 401d81
    I: 401d84
      Successors: 401d87
  BB: 401d76 in func 401d60 with 3 insts
    I: 401d76
    I: 401d79
    I: 401d7c (flow 401d87)
      Successors: 401d87
  BB: 401d87 in func 401d60 with 3 insts
    I: 401d87
    I: 401d8a
    I: 401d8b
      No successors
Recovering .term_proc at 401d8c
  Analysing subroutine .term_proc at 401d8c
    Block head at 00401d99 is not code.
  Subroutine .term_proc at 401d8c has 1 blocks
  BB: 401d8c in func 401d8c with 4 insts
    I: 401d8c
    I: 401d90
    I: 401d94
    I: 401d98
      No successors
Global Variable None
WARNING: Global constructor and destructor sections are adjacent!
Recovering region LOAD [400000, 400540) in segment LOAD
  8-byte reference at 400018 to 401060 (start)
  8-byte reference at 4000f8 to 401000 (.init_proc)
  8-byte reference at 400130 to 402000 ()
  8-byte reference at 400168 to 403de8 ()
  8-byte reference at 400280 to 402020 ()
  8-byte reference at 4002f0 to 403de8 ()
Recovering region .init [401000, 40101b) in segment .init
Recovering region LOAD [40101b, 401020) in segment LOAD
Recovering region .plt [401020, 401060) in segment .plt
Recovering region .text [401060, 401d8c) in segment .text
Recovering region .fini [401d8c, 401d99) in segment .fini
Recovering region .rodata [402000, 402020) in segment .rodata
  Variable format at 40201c
Recovering region .eh_frame_hdr [402020, 402054) in segment .eh_frame_hdr
Recovering region LOAD [402054, 402058) in segment LOAD
Recovering region .eh_frame [402058, 402104) in segment .eh_frame
Recovering region LOAD [402104, 402148) in segment LOAD
Recovering region .init_array [403de8, 403df8) in segment .init_array
  8-byte reference at 403de8 to 401140 ()
  8-byte reference at 403df0 to 401110 ()
Recovering region LOAD [403df8, 403fd8) in segment LOAD
Recovering region .got [403fd8, 403fe8) in segment .got
  8-byte reference at 403fd8 to 421500 (__libc_start_main)
  8-byte reference at 403fe0 to 421520 (__gmon_start__)
Recovering region .got.plt [403fe8, 404018) in segment .got.plt
  8-byte reference at 404000 to 421508 (printf)
  8-byte reference at 404008 to 421510 (__isoc99_scanf)
  8-byte reference at 404010 to 421518 (sqrt)
Recovering region .data [404018, 404028) in segment .data
Recovering region LOAD [404028, 404030) in segment LOAD
Recovering region .bss [404030, 421500) in segment .bss
Recovering extern function printf at 401030
Recovering extern function __isoc99_scanf at 401040
Recovering extern function sqrt at 401050
Recovering extern function __libc_start_main at 421500
Recovering extern function printf at 421508
Recovering extern function __isoc99_scanf at 421510
Recovering extern function sqrt at 421518
Recovering extern function __gmon_start__ at 421520
Recovered 9 functions.
Saving to: /home/ubuntu/capstone_project/result/pipeline_20260629_141746/s065901669_instsub.cfg
Done analysis!
