Debugging is enabled.
Loading Standard Definitions file: /home/ubuntu/capstone_project/dependency/mcsema/mcsema/lib/python3/site-packages/mcsema_disass-3.1.3.8-py3.8.egg/mcsema_disass/defs/linux.txt
Using Batch mode.
Starting analysis
Recovering module s065901669_fla_bcf_instsub.elf
Found main at 401150
Looking for instructions in segment .init
  Default block heads for function 401000 with loose bounds [401000, 40101b)
    block [401000, 401014)
    block [401014, 401016)
    block [401016, 40101b)
    chunk [401000, 40101b)
Looking for instructions in segment .plt
  Default block heads for function 401020 with loose bounds [401020, 40102c)
    block [401020, 40102c)
    chunk [401020, 40102c)
  Default block heads for function 401030 with loose bounds [401030, 401036)
    block [401030, 401036)
    chunk [401030, 401036)
  Default block heads for function 401040 with loose bounds [401040, 401046)
    block [401040, 401046)
    chunk [401040, 401046)
  Default block heads for function 401050 with loose bounds [401050, 401056)
    block [401050, 401056)
    chunk [401050, 401056)
Looking for instructions in segment .text
  Default block heads for function 401060 with loose bounds [401060, 401086)
    block [401060, 401086)
    chunk [401060, 401086)
  Default block heads for function 4010a0 with loose bounds [4010a0, 4010c1)
    block [4010a0, 4010ad)
    block [4010ad, 4010b7)
    block [4010b7, 4010be)
    block [4010c0, 4010c1)
    chunk [4010a0, 4010c1)
  Default block heads for function 401110 with loose bounds [401110, 401131)
    block [401110, 40111d)
    block [40111d, 40112f)
    block [401130, 401131)
    chunk [401110, 401131)
  Default block heads for function 401140 with loose bounds [401140, 401146)
    block [401140, 401146)
    chunk [401140, 401146)
    chunk [4010d0, 401101)
  Default block heads for function 401150 with loose bounds [401150, 403d97)
    block [401150, 40116d)
    block [40116d, 40117e)
    block [40117e, 401183)
    block [401183, 401191)
    block [401191, 401196)
    block [401196, 4011a4)
    block [4011a4, 4011a9)
    block [4011a9, 4011b7)
    block [4011b7, 4011bc)
    block [4011bc, 4011ca)
    block [4011ca, 4011cf)
    block [4011cf, 4011dd)
    block [4011dd, 4011e2)
    block [4011e2, 4011f0)
    block [4011f0, 4011f5)
    block [4011f5, 401203)
    block [401203, 401208)
    block [401208, 401216)
    block [401216, 40121b)
    block [40121b, 401229)
    block [401229, 40122e)
    block [40122e, 40123c)
    block [40123c, 401241)
    block [401241, 40124f)
    block [40124f, 401254)
    block [401254, 401262)
    block [401262, 401267)
    block [401267, 401275)
    block [401275, 40127a)
    block [40127a, 401288)
    block [401288, 40128d)
    block [40128d, 40129b)
    block [40129b, 4012a0)
    block [4012a0, 4012ae)
    block [4012ae, 4012b3)
    block [4012b3, 4012c1)
    block [4012c1, 4012c6)
    block [4012c6, 4012d4)
    block [4012d4, 4012d9)
    block [4012d9, 4012e7)
    block [4012e7, 4012ec)
    block [4012ec, 4012fa)
    block [4012fa, 4012ff)
    block [4012ff, 40130d)
    block [40130d, 401312)
    block [401312, 401320)
    block [401320, 401325)
    block [401325, 401333)
    block [401333, 401338)
    block [401338, 401346)
    block [401346, 40134b)
    block [40134b, 401359)
    block [401359, 40135e)
    block [40135e, 40136c)
    block [40136c, 401371)
    block [401371, 40137f)
    block [40137f, 401384)
    block [401384, 401392)
    block [401392, 401397)
    block [401397, 4013a5)
    block [4013a5, 4013aa)
    block [4013aa, 4013b8)
    block [4013b8, 4013bd)
    block [4013bd, 4013cb)
    block [4013cb, 4013d0)
    block [4013d0, 4013de)
    block [4013de, 4013e3)
    block [4013e3, 4013f1)
    block [4013f1, 4013f6)
    block [4013f6, 401404)
    block [401404, 401409)
    block [401409, 401417)
    block [401417, 40141c)
    block [40141c, 40142a)
    block [40142a, 40142f)
    block [40142f, 40143d)
    block [40143d, 401442)
    block [401442, 401450)
    block [401450, 401455)
    block [401455, 401463)
    block [401463, 401468)
    block [401468, 401476)
    block [401476, 40147b)
    block [40147b, 401489)
    block [401489, 40148e)
    block [40148e, 40149c)
    block [40149c, 4014a1)
    block [4014a1, 4014af)
    block [4014af, 4014b4)
    block [4014b4, 4014c2)
    block [4014c2, 4014c7)
    block [4014c7, 4014d5)
    block [4014d5, 4014da)
    block [4014da, 4014e8)
    block [4014e8, 4014ed)
    block [4014ed, 4014fb)
    block [4014fb, 401500)
    block [401500, 40150e)
    block [40150e, 401513)
    block [401513, 401521)
    block [401521, 401526)
    block [401526, 401534)
    block [401534, 401539)
    block [401539, 401547)
    block [401547, 40154c)
    block [40154c, 40155a)
    block [40155a, 40155f)
    block [40155f, 40156d)
    block [40156d, 401572)
    block [401572, 401580)
    block [401580, 401585)
    block [401585, 401593)
    block [401593, 401598)
    block [401598, 4015a6)
    block [4015a6, 4015ab)
    block [4015ab, 4015b9)
    block [4015b9, 4015be)
    block [4015be, 4015cc)
    block [4015cc, 4015d1)
    block [4015d1, 4015df)
    block [4015df, 4015e4)
    block [4015e4, 4015f2)
    block [4015f2, 4015f7)
    block [4015f7, 401605)
    block [401605, 40160a)
    block [40160a, 401618)
    block [401618, 40161d)
    block [40161d, 40162b)
    block [40162b, 401630)
    block [401630, 40163e)
    block [40163e, 401643)
    block [401643, 401651)
    block [401651, 401656)
    block [401656, 401664)
    block [401664, 401669)
    block [401669, 401677)
    block [401677, 40167c)
    block [40167c, 40168a)
    block [40168a, 40168f)
    block [40168f, 40169d)
    block [40169d, 4016a2)
    block [4016a2, 4016b0)
    block [4016b0, 4016b5)
    block [4016b5, 4016c3)
    block [4016c3, 4016c8)
    block [4016c8, 4016d6)
    block [4016d6, 4016db)
    block [4016db, 4016e9)
    block [4016e9, 4016ee)
    block [4016ee, 4016fc)
    block [4016fc, 401701)
    block [401701, 40170f)
    block [40170f, 401714)
    block [401714, 401722)
    block [401722, 401727)
    block [401727, 401735)
    block [401735, 40173a)
    block [40173a, 401748)
    block [401748, 40174d)
    block [40174d, 40175b)
    block [40175b, 401760)
    block [401760, 40176e)
    block [40176e, 401773)
    block [401773, 401781)
    block [401781, 401786)
    block [401786, 401794)
    block [401794, 401799)
    block [401799, 4017a7)
    block [4017a7, 4017ac)
    block [4017ac, 4017ba)
    block [4017ba, 4017bf)
    block [4017bf, 4017cd)
    block [4017cd, 4017d2)
    block [4017d2, 4017e0)
    block [4017e0, 4017e5)
    block [4017e5, 4017f3)
    block [4017f3, 4017f8)
    block [4017f8, 401806)
    block [401806, 40180b)
    block [40180b, 401819)
    block [401819, 40181e)
    block [40181e, 40182c)
    block [40182c, 401831)
    block [401831, 40183f)
    block [40183f, 401844)
    block [401844, 401852)
    block [401852, 401857)
    block [401857, 401865)
    block [401865, 40186a)
    block [40186a, 401878)
    block [401878, 40187d)
    block [40187d, 40188b)
    block [40188b, 401890)
    block [401890, 40189e)
    block [40189e, 4018a3)
    block [4018a3, 4018b1)
    block [4018b1, 4018b6)
    block [4018b6, 4018c4)
    block [4018c4, 4018c9)
    block [4018c9, 4018d7)
    block [4018d7, 4018dc)
    block [4018dc, 4018ea)
    block [4018ea, 4018ef)
    block [4018ef, 4018fd)
    block [4018fd, 401902)
    block [401902, 401910)
    block [401910, 401915)
    block [401915, 401923)
    block [401923, 401928)
    block [401928, 401936)
    block [401936, 40193b)
    block [40193b, 401949)
    block [401949, 40194e)
    block [40194e, 40195c)
    block [40195c, 401961)
    block [401961, 40196f)
    block [40196f, 401974)
    block [401974, 401982)
    block [401982, 401987)
    block [401987, 40198c)
    block [40198c, 401a13)
    block [401a13, 401aae)
    block [401aae, 401ac9)
    block [401ac9, 401ad5)
    block [401ad5, 401b44)
    block [401b44, 401b5f)
    block [401b5f, 401be6)
    block [401be6, 401c6c)
    block [401c6c, 401c78)
    block [401c78, 401c93)
    block [401c93, 401ce8)
    block [401ce8, 401d7a)
    block [401d7a, 401d86)
    block [401d86, 401da7)
    block [401da7, 401db3)
    block [401db3, 401dd4)
    block [401dd4, 401de7)
    block [401de7, 401e34)
    block [401e34, 401eda)
    block [401eda, 401ef5)
    block [401ef5, 401f4a)
    block [401f4a, 402008)
    block [402008, 402014)
    block [402014, 40202d)
    block [40202d, 402046)
    block [402046, 402093)
    block [402093, 402142)
    block [402142, 40215d)
    block [40215d, 402170)
    block [402170, 4021b6)
    block [4021b6, 40220b)
    block [40220b, 402297)
    block [402297, 4022a3)
    block [4022a3, 4022f8)
    block [4022f8, 40235a)
    block [40235a, 402366)
    block [402366, 402372)
    block [402372, 402391)
    block [402391, 402410)
    block [402410, 40247a)
    block [40247a, 402486)
    block [402486, 40250d)
    block [40250d, 40259a)
    block [40259a, 4025b5)
    block [4025b5, 40263c)
    block [40263c, 402690)
    block [402690, 40269c)
    block [40269c, 4026b7)
    block [4026b7, 402854)
    block [402854, 40286d)
    block [40286d, 4028ec)
    block [4028ec, 402973)
    block [402973, 40297f)
    block [40297f, 40299e)
    block [40299e, 402aba)
    block [402aba, 402ad5)
    block [402ad5, 402c70)
    block [402c70, 402c8f)
    block [402c8f, 402cae)
    block [402cae, 402ceb)
    block [402ceb, 402cfe)
    block [402cfe, 402d85)
    block [402d85, 402e45)
    block [402e45, 402e60)
    block [402e60, 402edf)
    block [402edf, 402f38)
    block [402f38, 402f53)
    block [402f53, 40301d)
    block [40301d, 40305c)
    block [40305c, 4030db)
    block [4030db, 403241)
    block [403241, 40324d)
    block [40324d, 4032a2)
    block [4032a2, 4034be)
    block [4034be, 4034ca)
    block [4034ca, 40351f)
    block [40351f, 4035a6)
    block [4035a6, 4035b2)
    block [4035b2, 403639)
    block [403639, 403686)
    block [403686, 403692)
    block [403692, 4036df)
    block [4036df, 403773)
    block [403773, 40377f)
    block [40377f, 40378b)
    block [40378b, 4037aa)
    block [4037aa, 403829)
    block [403829, 4038b8)
    block [4038b8, 4038c0)
    block [4038c0, 403905)
    block [403905, 403918)
    block [403918, 403963)
    block [403963, 40396f)
    block [40396f, 4039b2)
    block [4039b2, 4039be)
    block [4039be, 403a01)
    block [403a01, 403a20)
    block [403a20, 403a41)
    block [403a41, 403a4d)
    block [403a4d, 403a60)
    block [403a60, 403a6c)
    block [403a6c, 403a78)
    block [403a78, 403a84)
    block [403a84, 403b75)
    block [403b75, 403d1a)
    block [403d1a, 403d26)
    block [403d26, 403d32)
    block [403d32, 403d51)
    block [403d51, 403d92)
    block [403d92, 403d97)
    chunk [401150, 403d97)
  Default block heads for function 403da0 with loose bounds [403da0, 403f7e)
    block [403da0, 403dbd)
    block [403dbd, 403dce)
    block [403dce, 403dd3)
    block [403dd3, 403de1)
    block [403de1, 403de6)
    block [403de6, 403df4)
    block [403df4, 403df9)
    block [403df9, 403e07)
    block [403e07, 403e0c)
    block [403e0c, 403e1a)
    block [403e1a, 403e1f)
    block [403e1f, 403e2d)
    block [403e2d, 403e32)
    block [403e32, 403e40)
    block [403e40, 403e45)
    block [403e45, 403e4a)
    block [403e4a, 403e67)
    block [403e67, 403ebc)
    block [403ebc, 403f49)
    block [403f49, 403f5b)
    block [403f5b, 403f6d)
    block [403f6d, 403f72)
    block [403f72, 403f79)
    block [403f79, 403f7e)
    chunk [403da0, 403f7e)
Looking for instructions in segment .fini
  Default block heads for function 403f80 with loose bounds [403f80, 403f8d)
    block [403f80, 403f8d)
    chunk [403f80, 403f8d)
Looking for strings in segment .rodata [404000, 404020)
  Found string b'%d\n' of length 4 at 40401c, jumping to 404020
Looking for strings in segment .eh_frame_hdr [404020, 404054)
Looking for strings in segment .eh_frame [404058, 40410c)
Looking for strings in segment .init_array [405de8, 405df0)
Looking for strings in segment .fini_array [405df0, 405df8)
Looking for strings in segment .got [405fd8, 405fe8)
Looking for strings in segment .got.plt [405fe8, 406018)
Looking for strings in segment .data [406018, 406028)
Looking for strings in segment .bss [406030, 423510)
Looking for strings in segment extern [423510, 423538)
Looking for cross-references in segment .init [401000, 40101b)
Looking for cross-references in segment .plt [401020, 401060)
  Adding dword reference from 40102c to 401f0f
  Stopping scan at 40102c
Looking for cross-references in segment .text [401060, 403f7e)
  Stopping scan at 40108c
  Stopping scan at 40109c
  Stopping scan at ffffffffffffffff
  Stopping scan at 4010cc
  Stopping scan at 40110c
  Stopping scan at ffffffffffffffff
  Stopping scan at 40113c
  Stopping scan at 40114c
  Stopping scan at 403d9c
Looking for cross-references in segment .fini [403f80, 403f8d)
Looking for cross-references in segment .rodata [404000, 404020)
  Found string at 40401c, jumping to 404020
  Stopping scan at 40401c
Looking for cross-references in segment .eh_frame_hdr [404020, 404054)
  Stopping scan at 404050
Looking for cross-references in segment .eh_frame [404058, 40410c)
  Stopping scan at 404108
Looking for cross-references in segment .init_array [405de8, 405df0)
  Adding qword reference from 405de8 to 401140
  Stopping scan at 405de8
Looking for cross-references in segment .fini_array [405df0, 405df8)
  Adding qword reference from 405df0 to 401110
  Stopping scan at 405df0
Looking for cross-references in segment .got [405fd8, 405fe8)
  Adding qword reference from 405fd8 to 423510
  Adding qword reference from 405fe0 to 423530
  Stopping scan at 405fe0
Looking for cross-references in segment .got.plt [405fe8, 406018)
  Adding qword reference from 406000 to 423518
  Adding qword reference from 406008 to 423520
  Adding qword reference from 406010 to 423528
  Stopping scan at 406010
Looking for cross-references in segment .data [406018, 406028)
  Stopping scan at 406024
Looking for cross-references in segment .bss [406030, 423510)
  Stopping scan at 42350c
Looking for cross-references in segment extern [423510, 423538)
  Stopping scan at 423534
Looking for thunks
  Found thunk for printf targeting 423518 at 401030
  Found thunk for __isoc99_scanf targeting 423520 at 401040
  Found thunk for sqrt targeting 423528 at 401050
Looking for external symbols
  Function at 401030 is the external function printf
  Function at 401040 is the external function __isoc99_scanf
  Function at 401050 is the external function sqrt
  Function at 423510 is the external function __libc_start_main
  Function at 423518 is the external function printf
  Function at 423520 is the external function __isoc99_scanf
  Function at 423528 is the external function sqrt
  Function at 423530 is the external function __gmon_start__
Looking for entrypoints
Recovering .init_proc at 401000
  Analysing subroutine .init_proc at 401000
    Block head at 0040101b is not code.
  Subroutine .init_proc at 401000 has 3 blocks
  BB: 401000 in func 401000 with 5 insts
    Referenced by data
    I: 401000
    I: 401004
    I: 401008 (mem 405fe0)
    I: 40100f
    I: 401012 (flow 401016)
      Successors: 401014, 401016
  BB: 401014 in func 401000 with 1 insts
    I: 401014
      Successors: 401016
  BB: 401016 in func 401000 with 2 insts
    I: 401016
    I: 40101a
      No successors
Recovering 401020
  Analysing subroutine sub_401020 at 401020
  WARNING: No table entries for indirect jump at 401026; Adding next_ea 40102c as successor.
  Subroutine sub_401020 at 401020 has 2 blocks
  WARNING: No table entries for indirect jump at 401026; Adding next_ea 40102c as successor.
  BB: 401020 in func 401020 with 2 insts
    I: 401020 (mem 405ff0)
    I: 401026 (mem 405ff8)
      Successors: 40102c
  BB: 40102c in func 401020 with 1 insts
    I: 40102c
      No successors
Recovering start at 401060
  Analysing subroutine start at 401060
  Subroutine start at 401060 has 3 blocks
  BB: 401060 in func 401060 with 13 insts
    Referenced by data
    I: 401060
    I: 401064
    I: 401066
    I: 401069
    I: 40106a
    I: 40106d
    I: 401071
    I: 401072
    I: 401073
    I: 401076
    I: 401078 (imm 401150)
    I: 40107f (mem 405fd8)
    I: 401085
      No successors
  BB: 401095 in func 401060 with 2 insts
    I: 401095
    I: 40109f
      No successors
  BB: 401086 in func 401060 with 3 insts
    I: 401086
    I: 401090
    I: 401094
      No successors
Recovering 4010a0
  Analysing subroutine sub_4010A0 at 4010a0
  WARNING: No table entries for indirect jump at 4010bc; Adding next_ea 4010be as successor.
  WARNING: No table entries for indirect jump at 4010fe; Adding next_ea 401100 as successor.
  Subroutine sub_4010A0 at 4010a0 has 11 blocks
  BB: 4010a0 in func 4010a0 with 3 insts
    I: 4010a0
    I: 4010a5
    I: 4010ab (flow 4010c0)
      Successors: 4010c0, 4010ad
  BB: 4010c0 in func 4010a0 with 1 insts
    I: 4010c0
      No successors
  BB: 4010c1 in func 4010a0 with 2 insts
    I: 4010c1
    I: 4010c5
      Successors: 4010d0
  BB: 401100 in func 4010a0 with 1 insts
    I: 401100
      No successors
  BB: 401101 in func 4010a0 with 2 insts
    I: 401101
    I: 401105
      No successors
  BB: 4010ad in func 4010a0 with 3 insts
    I: 4010ad
    I: 4010b2
    I: 4010b5 (flow 4010c0)
      Successors: 4010c0, 4010b7
  BB: 4010ef in func 4010a0 with 3 insts
    I: 4010ef
    I: 4010f4
    I: 4010f7 (flow 401100)
      Successors: 401100, 4010f9
  BB: 4010d0 in func 4010a0 with 8 insts
    I: 4010d0
    I: 4010d5
    I: 4010dc
    I: 4010df
    I: 4010e3
    I: 4010e7
    I: 4010ea
    I: 4010ed (flow 401100)
      Successors: 401100, 4010ef
  WARNING: No table entries for indirect jump at 4010bc; Adding next_ea 4010be as successor.
  BB: 4010b7 in func 4010a0 with 2 insts
    I: 4010b7
    I: 4010bc
      Successors: 4010be
  WARNING: No table entries for indirect jump at 4010fe; Adding next_ea 401100 as successor.
  BB: 4010f9 in func 4010a0 with 2 insts
    I: 4010f9
    I: 4010fe
      Successors: 401100
  BB: 4010be in func 4010a0 with 1 insts
    I: 4010be
      Successors: 4010c0
Recovering 401110
  Analysing subroutine sub_401110 at 401110
  Subroutine sub_401110 at 401110 has 5 blocks
  BB: 40112f in func 401110 with 1 insts
    I: 40112f
      Successors: 401130
  BB: 401110 in func 401110 with 3 insts
    Referenced by data
    I: 401110
    I: 401114 (mem 406030)
    I: 40111b (flow 401130)
      Successors: 401130, 40111d
  BB: 401131 in func 401110 with 2 insts
    I: 401131
    I: 401135
      No successors
  BB: 401130 in func 401110 with 1 insts
    I: 401130
      No successors
  BB: 40111d in func 401110 with 6 insts
    I: 40111d
    I: 40111e
    I: 401121 (flow 4010a0)
    I: 401126 (mem 406030)
    I: 40112d
    I: 40112e
      No successors
Recovering 401140
  Analysing subroutine sub_401140 at 401140
  WARNING: No table entries for indirect jump at 4010fe; Adding next_ea 401100 as successor.
  Subroutine sub_401140 at 401140 has 6 blocks
  BB: 401140 in func 401140 with 2 insts
    Referenced by data
    I: 401140
    I: 401144 (flow 4010d0)
      Successors: 4010d0
  BB: 401100 in func 401140 with 1 insts
    I: 401100
      No successors
  BB: 401146 in func 401140 with 1 insts
    I: 401146
      No successors
  BB: 4010ef in func 401140 with 3 insts
    I: 4010ef
    I: 4010f4
    I: 4010f7 (flow 401100)
      Successors: 401100, 4010f9
  BB: 4010d0 in func 401140 with 8 insts
    I: 4010d0
    I: 4010d5
    I: 4010dc
    I: 4010df
    I: 4010e3
    I: 4010e7
    I: 4010ea
    I: 4010ed (flow 401100)
      Successors: 401100, 4010ef
  WARNING: No table entries for indirect jump at 4010fe; Adding next_ea 401100 as successor.
  BB: 4010f9 in func 401140 with 2 insts
    I: 4010f9
    I: 4010fe
      Successors: 401100
Recovering main at 401150
  Analysing subroutine main at 401150
  Subroutine main at 401150 has 332 blocks
  BB: 401806 in func 401150 with 1 insts
    I: 401806 (flow 40180b)
      Successors: 40180b
  BB: 402008 in func 401150 with 2 insts
    I: 402008
    I: 40200f (flow 403d92)
      Successors: 403d92
  BB: 40180b in func 401150 with 3 insts
    I: 40180b
    I: 40180e
    I: 401813 (flow 40297f)
      Successors: 401819, 40297f
  BB: 402014 in func 401150 with 7 insts
    I: 402014
    I: 402017
    I: 402019
    I: 40201c
    I: 40201e
    I: 402021
    I: 402028 (flow 403d92)
      Successors: 403d92
  BB: 401819 in func 401150 with 1 insts
    I: 401819 (flow 40181e)
      Successors: 40181e
  BB: 40301d in func 401150 with 16 insts
    I: 40301d
    I: 403020
    I: 403023
    I: 403026
    I: 40302c
    I: 40302e
    I: 403034
    I: 403037
    I: 40303d
    I: 40303f
    I: 403045
    I: 40304a
    I: 40304f
    I: 403051
    I: 403054
    I: 403057 (flow 403d92)
      Successors: 403d92
  BB: 40181e in func 401150 with 3 insts
    I: 40181e
    I: 401821
    I: 401826 (flow 401dd4)
      Successors: 401dd4, 40182c
  BB: 403829 in func 401150 with 36 insts
    I: 403829
    I: 40382c
    I: 403831
    I: 403834
    I: 403839
    I: 40383c (imm 4198c0)
    I: 403846
    I: 40384d
    I: 403850
    I: 403852 (imm 40401c)
    I: 40385c
    I: 40385e (flow 423518)
    I: 403863 (imm 423500)
    I: 40386a
    I: 40386c (imm 423508)
    I: 403873
    I: 403875
    I: 403877
    I: 40387d
    I: 403880
    I: 403886
    I: 403889
    I: 40388c
    I: 40388f
    I: 403892
    I: 403895
    I: 403898
    I: 40389a
    I: 40389c
    I: 40389e
    I: 4038a0
    I: 4038a5
    I: 4038aa
    I: 4038ad
    I: 4038b0
    I: 4038b3 (flow 403d92)
      Successors: 403d92
  BB: 40182c in func 401150 with 1 insts
    I: 40182c (flow 401831)
      Successors: 401831
  BB: 40202d in func 401150 with 7 insts
    I: 40202d
    I: 402030
    I: 402032
    I: 402035
    I: 402037
    I: 40203a
    I: 402041 (flow 403d92)
      Successors: 403d92
  BB: 401831 in func 401150 with 3 insts
    I: 401831
    I: 401834
    I: 401839 (flow 403a01)
      Successors: 403a01, 40183f
  BB: 40183f in func 401150 with 1 insts
    I: 40183f (flow 401844)
      Successors: 401844
  BB: 401844 in func 401150 with 3 insts
    I: 401844
    I: 401847
    I: 40184c (flow 401eda)
      Successors: 401eda, 401852
  BB: 402046 in func 401150 with 24 insts
    I: 402046 (imm 423500)
    I: 40204d
    I: 40204f (imm 423508)
    I: 402056
    I: 402058
    I: 40205a
    I: 40205d
    I: 40205f
    I: 402061
    I: 402064
    I: 402067
    I: 40206a
    I: 40206d
    I: 402070
    I: 402073
    I: 402075
    I: 402077
    I: 402079
    I: 40207b
    I: 402080
    I: 402085
    I: 402088
    I: 40208b
    I: 40208e (flow 403d92)
      Successors: 403d92
  BB: 401852 in func 401150 with 1 insts
    I: 401852 (flow 401857)
      Successors: 401857
  BB: 402854 in func 401150 with 7 insts
    I: 402854
    I: 402857
    I: 402859
    I: 40285c
    I: 40285e
    I: 402861
    I: 402868 (flow 403d92)
      Successors: 403d92
  BB: 401857 in func 401150 with 3 insts
    I: 401857
    I: 40185a
    I: 40185f (flow 401b5f)
      Successors: 401865, 401b5f
  BB: 40305c in func 401150 with 40 insts
    I: 40305c (imm 423500)
    I: 403063
    I: 403065 (imm 423508)
    I: 40306c
    I: 40306e
    I: 403070
    I: 403073
    I: 403075
    I: 403077
    I: 40307a
    I: 40307d
    I: 403080
    I: 403084
    I: 403087
    I: 40308b
    I: 40308e
    I: 403090
    I: 403093
    I: 403097
    I: 403099
    I: 40309c
    I: 40309e
    I: 4030a1
    I: 4030a4
    I: 4030a7
    I: 4030ab
    I: 4030ae
    I: 4030b1
    I: 4030b4
    I: 4030b7
    I: 4030ba
    I: 4030bc
    I: 4030bf
    I: 4030c1
    I: 4030c3
    I: 4030c8
    I: 4030cd
    I: 4030d0
    I: 4030d3
    I: 4030d6 (flow 403d92)
      Successors: 403d92
  BB: 401865 in func 401150 with 1 insts
    I: 401865 (flow 40186a)
      Successors: 40186a
  BB: 40186a in func 401150 with 3 insts
    I: 40186a
    I: 40186d
    I: 401872 (flow 402297)
      Successors: 401878, 402297
  BB: 40286d in func 401150 with 40 insts
    I: 40286d (imm 423500)
    I: 402874
    I: 402876 (imm 423508)
    I: 40287d
    I: 40287f
    I: 402881
    I: 402884
    I: 402886
    I: 402888
    I: 40288b
    I: 40288e
    I: 402891
    I: 402895
    I: 402898
    I: 40289c
    I: 40289f
    I: 4028a1
    I: 4028a4
    I: 4028a8
    I: 4028aa
    I: 4028ad
    I: 4028af
    I: 4028b2
    I: 4028b5
    I: 4028b8
    I: 4028bc
    I: 4028bf
    I: 4028c2
    I: 4028c5
    I: 4028c8
    I: 4028cb
    I: 4028cd
    I: 4028d0
    I: 4028d2
    I: 4028d4
    I: 4028d9
    I: 4028de
    I: 4028e1
    I: 4028e4
    I: 4028e7 (flow 403d92)
      Successors: 403d92
  BB: 401878 in func 401150 with 1 insts
    I: 401878 (flow 40187d)
      Successors: 40187d
  BB: 40187d in func 401150 with 3 insts
    I: 40187d
    I: 401880
    I: 401885 (flow 4036df)
      Successors: 40188b, 4036df
  BB: 40188b in func 401150 with 1 insts
    I: 40188b (flow 401890)
      Successors: 401890
  BB: 401890 in func 401150 with 3 insts
    I: 401890
    I: 401893
    I: 401898 (flow 4034be)
      Successors: 4034be, 40189e
  BB: 402093 in func 401150 with 57 insts
    I: 402093
    I: 402096
    I: 402099
    I: 40209c
    I: 40209e
    I: 4020a0
    I: 4020a2
    I: 4020a4
    I: 4020a6
    I: 4020a8
    I: 4020aa
    I: 4020ac
    I: 4020af
    I: 4020b1
    I: 4020b3
    I: 4020b6
    I: 4020b8
    I: 4020bb (imm 423500)
    I: 4020c2
    I: 4020c4 (imm 423508)
    I: 4020cb
    I: 4020cd
    I: 4020cf
    I: 4020d5
    I: 4020d8
    I: 4020de
    I: 4020e1
    I: 4020e4
    I: 4020e7
    I: 4020eb
    I: 4020ee
    I: 4020f2
    I: 4020f5
    I: 4020f7
    I: 4020fa
    I: 4020fe
    I: 402100
    I: 402103
    I: 402105
    I: 402108
    I: 40210b
    I: 40210e
    I: 402112
    I: 402115
    I: 402118
    I: 40211b
    I: 40211e
    I: 402121
    I: 402123
    I: 402126
    I: 402128
    I: 40212a
    I: 40212f
    I: 402134
    I: 402137
    I: 40213a
    I: 40213d (flow 403d92)
      Successors: 403d92
  BB: 40189e in func 401150 with 1 insts
    I: 40189e (flow 4018a3)
      Successors: 4018a3
  BB: 4018a3 in func 401150 with 3 insts
    I: 4018a3
    I: 4018a6
    I: 4018ab (flow 4038c0)
      Successors: 4038c0, 4018b1
  BB: 4018b1 in func 401150 with 1 insts
    I: 4018b1 (flow 4018b6)
      Successors: 4018b6
  BB: 4018b6 in func 401150 with 3 insts
    I: 4018b6
    I: 4018b9
    I: 4018be (flow 401ac9)
      Successors: 401ac9, 4018c4
  BB: 4038b8 in func 401150 with 4 insts
    I: 4038b8
    I: 4038ba
    I: 4038be
    I: 4038bf
      No successors
  BB: 4038c0 in func 401150 with 18 insts
    I: 4038c0
    I: 4038c3
    I: 4038c5
    I: 4038c7
    I: 4038c9
    I: 4038cc
    I: 4038ce
    I: 4038d0
    I: 4038d2
    I: 4038d5
    I: 4038d7 (imm 406040)
    I: 4038e1
    I: 4038e5
    I: 4038e8 (imm 404018)
    I: 4038f2
    I: 4038f4 (flow 423520)
    I: 4038f9
    I: 403900 (flow 403d92)
      Successors: 403d92
  BB: 4018c4 in func 401150 with 1 insts
    I: 4018c4 (flow 4018c9)
      Successors: 4018c9
  BB: 4018c9 in func 401150 with 3 insts
    I: 4018c9
    I: 4018cc
    I: 4018d1 (flow 403a60)
      Successors: 403a60, 4018d7
  BB: 4018d7 in func 401150 with 1 insts
    I: 4018d7 (flow 4018dc)
      Successors: 4018dc
  BB: 4030db in func 401150 with 105 insts
    I: 4030db
    I: 4030de
    I: 4030e0
    I: 4030e2
    I: 4030e4
    I: 4030e7
    I: 4030e9
    I: 4030eb
    I: 4030ed
    I: 4030f0 (imm 4198c0)
    I: 4030fa
    I: 403101
    I: 403104
    I: 403107
    I: 403109
    I: 40310c
    I: 40310e
    I: 403111
    I: 403114
    I: 403118 (imm 4198c0)
    I: 403122
    I: 403129
    I: 40312c
    I: 403130
    I: 403133
    I: 403136
    I: 403138
    I: 40313a
    I: 40313c
    I: 40313f
    I: 403141
    I: 403143
    I: 403145
    I: 403148 (imm 40fc80)
    I: 403152
    I: 403159
    I: 40315c
    I: 40315f
    I: 403161
    I: 403164
    I: 403166
    I: 403169
    I: 40316c
    I: 40316e
    I: 403170
    I: 403172 (flow 403da0)
    I: 403177
    I: 403179
    I: 40317c
    I: 40317e
    I: 403180
    I: 403182
    I: 403185
    I: 403187
    I: 403189
    I: 40318b
    I: 40318e (imm 4198c0)
    I: 403198
    I: 40319f
    I: 4031a2
    I: 4031a5
    I: 4031ab
    I: 4031ae
    I: 4031b4
    I: 4031b7
    I: 4031ba (imm 423500)
    I: 4031c1
    I: 4031c3 (imm 423508)
    I: 4031ca
    I: 4031cc
    I: 4031ce
    I: 4031d4
    I: 4031d7
    I: 4031dd
    I: 4031e0
    I: 4031e3
    I: 4031e6
    I: 4031ea
    I: 4031ed
    I: 4031f1
    I: 4031f4
    I: 4031f6
    I: 4031f9
    I: 4031fd
    I: 4031ff
    I: 403202
    I: 403204
    I: 403207
    I: 40320a
    I: 40320d
    I: 403211
    I: 403214
    I: 403217
    I: 40321a
    I: 40321d
    I: 403220
    I: 403222
    I: 403225
    I: 403227
    I: 403229
    I: 40322e
    I: 403233
    I: 403236
    I: 403239
    I: 40323c (flow 403d92)
      Successors: 403d92
  BB: 4018dc in func 401150 with 3 insts
    I: 4018dc
    I: 4018df
    I: 4018e4 (flow 40202d)
      Successors: 4018ea, 40202d
  BB: 4018ea in func 401150 with 1 insts
    I: 4018ea (flow 4018ef)
      Successors: 4018ef
  BB: 4028ec in func 401150 with 40 insts
    I: 4028ec (imm 423500)
    I: 4028f3
    I: 4028f5 (imm 423508)
    I: 4028fc
    I: 4028fe
    I: 402900
    I: 402906
    I: 402909
    I: 40290f
    I: 402912
    I: 402915
    I: 402918
    I: 40291c
    I: 40291f
    I: 402923
    I: 402926
    I: 402928
    I: 40292b
    I: 40292f
    I: 402931
    I: 402934
    I: 402936
    I: 402939
    I: 40293c
    I: 40293f
    I: 402943
    I: 402946
    I: 402949
    I: 40294c
    I: 40294f
    I: 402952
    I: 402954
    I: 402957
    I: 402959
    I: 40295b
    I: 402960
    I: 402965
    I: 402968
    I: 40296b
    I: 40296e (flow 403d92)
      Successors: 403d92
  BB: 4018ef in func 401150 with 3 insts
    I: 4018ef
    I: 4018f2
    I: 4018f7 (flow 402391)
      Successors: 402391, 4018fd
  BB: 4018fd in func 401150 with 1 insts
    I: 4018fd (flow 401902)
      Successors: 401902
  BB: 401902 in func 401150 with 3 insts
    I: 401902
    I: 401905
    I: 40190a (flow 401e34)
      Successors: 401910, 401e34
  BB: 403905 in func 401150 with 3 insts
    I: 403905
    I: 40390c
    I: 403913 (flow 403d92)
      Successors: 403d92
  BB: 401910 in func 401150 with 1 insts
    I: 401910 (flow 401915)
      Successors: 401915
  BB: 401915 in func 401150 with 3 insts
    I: 401915
    I: 401918
    I: 40191d (flow 401b44)
      Successors: 401923, 401b44
  BB: 403918 in func 401150 with 16 insts
    I: 403918
    I: 40391b
    I: 40391d
    I: 403923
    I: 403926
    I: 40392c
    I: 40392f
    I: 403931 (disp 406040)
    I: 403938
    I: 40393c (imm 40fc80)
    I: 403946
    I: 40394d
    I: 403950
    I: 403954
    I: 403957
    I: 40395e (flow 403d92)
      Successors: 403d92
  BB: 401923 in func 401150 with 1 insts
    I: 401923 (flow 401928)
      Successors: 401928
  BB: 401928 in func 401150 with 3 insts
    I: 401928
    I: 40192b
    I: 401930 (flow 403d51)
      Successors: 403d51, 401936
  BB: 401936 in func 401150 with 1 insts
    I: 401936 (flow 40193b)
      Successors: 40193b
  BB: 40193b in func 401150 with 3 insts
    I: 40193b
    I: 40193e
    I: 401943 (flow 402854)
      Successors: 401949, 402854
  BB: 402142 in func 401150 with 7 insts
    I: 402142
    I: 402145
    I: 40214a
    I: 40214f
    I: 402152
    I: 402155
    I: 402158 (flow 403d92)
      Successors: 403d92
  BB: 401949 in func 401150 with 1 insts
    I: 401949 (flow 40194e)
      Successors: 40194e
  BB: 40194e in func 401150 with 3 insts
    I: 40194e
    I: 401951
    I: 401956 (flow 402014)
      Successors: 40195c, 402014
  BB: 401150 in func 401150 with 6 insts
    Referenced by data
    I: 401150
    I: 401151
    I: 401154
    I: 401158
    I: 40115f
    I: 401166
      Successors: 40116d
  BB: 40195c in func 401150 with 1 insts
    I: 40195c (flow 401961)
      Successors: 401961
  BB: 40215d in func 401150 with 3 insts
    I: 40215d
    I: 402164
    I: 40216b (flow 403d92)
      Successors: 403d92
  BB: 401961 in func 401150 with 3 insts
    I: 401961
    I: 401964
    I: 401969 (flow 4022f8)
      Successors: 4022f8, 40196f
  BB: 403963 in func 401150 with 2 insts
    I: 403963
    I: 40396a (flow 403d92)
      Successors: 403d92
  BB: 40116d in func 401150 with 4 insts
    I: 40116d
    I: 401170
    I: 401173
    I: 401178 (flow 403d1a)
      Successors: 403d1a, 40117e
  BB: 40196f in func 401150 with 1 insts
    I: 40196f (flow 401974)
      Successors: 401974
  BB: 402170 in func 401150 with 19 insts
    I: 402170
    I: 402173
    I: 402176
    I: 402179
    I: 40217f
    I: 402181
    I: 402187
    I: 402189
    I: 40218c
    I: 40218e
    I: 402191
    I: 402197
    I: 402199
    I: 40219f
    I: 4021a4
    I: 4021a9
    I: 4021ab
    I: 4021ae
    I: 4021b1 (flow 403d92)
      Successors: 403d92
  BB: 40396f in func 401150 with 16 insts
    I: 40396f
    I: 403972
    I: 403974
    I: 403977
    I: 403979
    I: 40397b
    I: 40397e
    I: 403980 (disp 406040)
    I: 403987
    I: 40398b (imm 40fc80)
    I: 403995
    I: 40399c
    I: 40399f
    I: 4039a3
    I: 4039a6
    I: 4039ad (flow 403d92)
      Successors: 403d92
  BB: 402973 in func 401150 with 2 insts
    I: 402973
    I: 40297a (flow 403d92)
      Successors: 403d92
  BB: 401974 in func 401150 with 3 insts
    I: 401974
    I: 401977
    I: 40197c (flow 401c78)
      Successors: 401c78, 401982
  BB: 40117e in func 401150 with 1 insts
    I: 40117e (flow 401183)
      Successors: 401183
  BB: 40297f in func 401150 with 7 insts
    I: 40297f
    I: 402982
    I: 402987
    I: 40298a
    I: 40298f
    I: 402992
    I: 402999 (flow 403d92)
      Successors: 403d92
  BB: 401982 in func 401150 with 1 insts
    I: 401982 (flow 401987)
      Successors: 401987
  BB: 401183 in func 401150 with 3 insts
    I: 401183
    I: 401186
    I: 40118b (flow 402372)
      Successors: 401191, 402372
  BB: 401987 in func 401150 with 1 insts
    I: 401987 (flow 403d92)
      Successors: 403d92
  BB: 40198c in func 401150 with 40 insts
    I: 40198c (imm 423500)
    I: 401993
    I: 401995 (imm 423508)
    I: 40199c
    I: 40199e
    I: 4019a0
    I: 4019a6
    I: 4019a9
    I: 4019af
    I: 4019b2
    I: 4019b5
    I: 4019b8
    I: 4019bc
    I: 4019bf
    I: 4019c3
    I: 4019c6
    I: 4019c8
    I: 4019cb
    I: 4019cf
    I: 4019d1
    I: 4019d4
    I: 4019d6
    I: 4019d9
    I: 4019dc
    I: 4019df
    I: 4019e3
    I: 4019e6
    I: 4019e9
    I: 4019ec
    I: 4019ef
    I: 4019f2
    I: 4019f4
    I: 4019f7
    I: 4019f9
    I: 4019fb
    I: 401a00
    I: 401a05
    I: 401a08
    I: 401a0b
    I: 401a0e (flow 403d92)
      Successors: 403d92
  BB: 401191 in func 401150 with 1 insts
    I: 401191 (flow 401196)
      Successors: 401196
  BB: 401196 in func 401150 with 3 insts
    I: 401196
    I: 401199
    I: 40119e (flow 40220b)
      Successors: 40220b, 4011a4
  BB: 40299e in func 401150 with 70 insts
    I: 40299e
    I: 4029a2 (imm 4198c0)
    I: 4029ac
    I: 4029b3
    I: 4029b6
    I: 4029b8
    I: 4029bb
    I: 4029bd
    I: 4029bf
    I: 4029c1
    I: 4029c4
    I: 4029c6
    I: 4029c8
    I: 4029ca
    I: 4029cd (imm 40fc80)
    I: 4029d7
    I: 4029de
    I: 4029e1
    I: 4029e3
    I: 4029e5
    I: 4029e7
    I: 4029e9
    I: 4029ec
    I: 4029ee
    I: 4029f1
    I: 4029f3
    I: 4029f6 (imm 4198c0)
    I: 402a00
    I: 402a07
    I: 402a0a
    I: 402a0c
    I: 402a10 (imm 4198c0)
    I: 402a1a
    I: 402a21
    I: 402a24
    I: 402a28
    I: 402a2b
    I: 402a2e
    I: 402a33
    I: 402a36
    I: 402a3b
    I: 402a3e (imm 40fc80)
    I: 402a48
    I: 402a4f
    I: 402a52
    I: 402a55
    I: 402a57
    I: 402a5a
    I: 402a5c
    I: 402a5f
    I: 402a62
    I: 402a68
    I: 402a6a
    I: 402a70
    I: 402a73
    I: 402a78
    I: 402a7b
    I: 402a80
    I: 402a83 (imm 4198c0)
    I: 402a8d
    I: 402a94
    I: 402a97
    I: 402a9a
    I: 402a9c
    I: 402a9f
    I: 402aa1
    I: 402aa4
    I: 402aa7
    I: 402aae
    I: 402ab5 (flow 403d92)
      Successors: 403d92
  BB: 4011a4 in func 401150 with 1 insts
    I: 4011a4 (flow 4011a9)
      Successors: 4011a9
  BB: 4011a9 in func 401150 with 3 insts
    I: 4011a9
    I: 4011ac
    I: 4011b1 (flow 402ceb)
      Successors: 402ceb, 4011b7
  BB: 4039b2 in func 401150 with 2 insts
    I: 4039b2
    I: 4039b9 (flow 403d92)
      Successors: 403d92
  BB: 4021b6 in func 401150 with 24 insts
    I: 4021b6 (imm 423500)
    I: 4021bd
    I: 4021bf (imm 423508)
    I: 4021c6
    I: 4021c8
    I: 4021ca
    I: 4021d0
    I: 4021d3
    I: 4021d9
    I: 4021dc
    I: 4021df
    I: 4021e2
    I: 4021e5
    I: 4021e8
    I: 4021eb
    I: 4021ed
    I: 4021ef
    I: 4021f1
    I: 4021f3
    I: 4021f8
    I: 4021fd
    I: 402200
    I: 402203
    I: 402206 (flow 403d92)
      Successors: 403d92
  BB: 4011b7 in func 401150 with 1 insts
    I: 4011b7 (flow 4011bc)
      Successors: 4011bc
  BB: 4011bc in func 401150 with 3 insts
    I: 4011bc
    I: 4011bf
    I: 4011c4 (flow 4030db)
      Successors: 4011ca, 4030db
  BB: 4039be in func 401150 with 16 insts
    I: 4039be
    I: 4039c1
    I: 4039c3
    I: 4039c6
    I: 4039c8
    I: 4039ca
    I: 4039cd
    I: 4039cf (disp 406040)
    I: 4039d6
    I: 4039da (imm 40fc80)
    I: 4039e4
    I: 4039eb
    I: 4039ee
    I: 4039f2
    I: 4039f5
    I: 4039fc (flow 403d92)
      Successors: 403d92
  BB: 4011ca in func 401150 with 1 insts
    I: 4011ca (flow 4011cf)
      Successors: 4011cf
  BB: 4011cf in func 401150 with 3 insts
    I: 4011cf
    I: 4011d2
    I: 4011d7 (flow 40286d)
      Successors: 40286d, 4011dd
  BB: 4011dd in func 401150 with 1 insts
    I: 4011dd (flow 4011e2)
      Successors: 4011e2
  BB: 4011e2 in func 401150 with 3 insts
    I: 4011e2
    I: 4011e5
    I: 4011ea (flow 40198c)
      Successors: 4011f0, 40198c
  BB: 4011f0 in func 401150 with 1 insts
    I: 4011f0 (flow 4011f5)
      Successors: 4011f5
  BB: 4011f5 in func 401150 with 3 insts
    I: 4011f5
    I: 4011f8
    I: 4011fd (flow 401de7)
      Successors: 401203, 401de7
  BB: 403a01 in func 401150 with 7 insts
    I: 403a01
    I: 403a04
    I: 403a09
    I: 403a0c
    I: 403a11
    I: 403a14
    I: 403a1b (flow 403d92)
      Successors: 403d92
  BB: 401203 in func 401150 with 1 insts
    I: 401203 (flow 401208)
      Successors: 401208
  BB: 401208 in func 401150 with 3 insts
    I: 401208
    I: 40120b
    I: 401210 (flow 402046)
      Successors: 402046, 401216
  BB: 40220b in func 401150 with 38 insts
    I: 40220b
    I: 40220e
    I: 402210
    I: 402216
    I: 402219
    I: 40221f
    I: 402222
    I: 402224 (disp 406040)
    I: 40222b
    I: 40222f (imm 40fc80)
    I: 402239
    I: 402240
    I: 402243
    I: 402247
    I: 40224a (imm 423500)
    I: 402251
    I: 402253 (imm 423508)
    I: 40225a
    I: 40225c
    I: 40225e
    I: 402261
    I: 402263
    I: 402265
    I: 402268
    I: 40226b
    I: 40226e
    I: 402271
    I: 402274
    I: 402277
    I: 402279
    I: 40227b
    I: 40227d
    I: 40227f
    I: 402284
    I: 402289
    I: 40228c
    I: 40228f
    I: 402292 (flow 403d92)
      Successors: 403d92
  BB: 401a13 in func 401150 with 41 insts
    I: 401a13
    I: 401a16
    I: 401a18
    I: 401a1e
    I: 401a21
    I: 401a27
    I: 401a2a
    I: 401a2c (imm 406040)
    I: 401a36
    I: 401a3a
    I: 401a3d (imm 404018)
    I: 401a47
    I: 401a49 (flow 423520)
    I: 401a4e
    I: 401a51
    I: 401a54
    I: 401a56
    I: 401a59 (imm 423500)
    I: 401a60
    I: 401a62 (imm 423508)
    I: 401a69
    I: 401a6b
    I: 401a6d
    I: 401a73
    I: 401a76
    I: 401a7c
    I: 401a7f
    I: 401a82
    I: 401a85
    I: 401a88
    I: 401a8b
    I: 401a8e
    I: 401a90
    I: 401a92
    I: 401a94
    I: 401a96
    I: 401a9b
    I: 401aa0
    I: 401aa3
    I: 401aa6
    I: 401aa9 (flow 403d92)
      Successors: 403d92
  BB: 401216 in func 401150 with 1 insts
    I: 401216 (flow 40121b)
      Successors: 40121b
  BB: 40121b in func 401150 with 3 insts
    I: 40121b
    I: 40121e
    I: 401223 (flow 401d86)
      Successors: 401229, 401d86
  BB: 403a20 in func 401150 with 5 insts
    I: 403a20 (mem 40fc80)
    I: 403a27 (mem 4198c0)
    I: 403a2e
    I: 403a35
    I: 403a3c (flow 403d92)
      Successors: 403d92
  BB: 401229 in func 401150 with 1 insts
    I: 401229 (flow 40122e)
      Successors: 40122e
  BB: 40122e in func 401150 with 3 insts
    I: 40122e
    I: 401231
    I: 401236 (flow 402973)
      Successors: 402973, 40123c
  BB: 40123c in func 401150 with 1 insts
    I: 40123c (flow 401241)
      Successors: 401241
  BB: 401241 in func 401150 with 3 insts
    I: 401241
    I: 401244
    I: 401249 (flow 4025b5)
      Successors: 4025b5, 40124f
  BB: 403241 in func 401150 with 2 insts
    I: 403241
    I: 403248 (flow 403d92)
      Successors: 403d92
  BB: 403a41 in func 401150 with 2 insts
    I: 403a41
    I: 403a48 (flow 403d92)
      Successors: 403d92
  BB: 40324d in func 401150 with 24 insts
    I: 40324d (imm 423500)
    I: 403254
    I: 403256 (imm 423508)
    I: 40325d
    I: 40325f
    I: 403261
    I: 403267
    I: 40326a
    I: 403270
    I: 403273
    I: 403276
    I: 403279
    I: 40327c
    I: 40327f
    I: 403282
    I: 403284
    I: 403286
    I: 403288
    I: 40328a
    I: 40328f
    I: 403294
    I: 403297
    I: 40329a
    I: 40329d (flow 403d92)
      Successors: 403d92
  BB: 403a4d in func 401150 with 3 insts
    I: 403a4d
    I: 403a54
    I: 403a5b (flow 403d92)
      Successors: 403d92
  BB: 40124f in func 401150 with 1 insts
    I: 40124f (flow 401254)
      Successors: 401254
  BB: 401254 in func 401150 with 3 insts
    I: 401254
    I: 401257
    I: 40125c (flow 4032a2)
      Successors: 4032a2, 401262
  BB: 403a60 in func 401150 with 2 insts
    I: 403a60
    I: 403a67 (flow 403d92)
      Successors: 403d92
  BB: 401262 in func 401150 with 1 insts
    I: 401262 (flow 401267)
      Successors: 401267
  BB: 401267 in func 401150 with 3 insts
    I: 401267
    I: 40126a
    I: 40126f (flow 401f4a)
      Successors: 401f4a, 401275
  BB: 403a6c in func 401150 with 2 insts
    I: 403a6c
    I: 403a73 (flow 403d92)
      Successors: 403d92
  BB: 401275 in func 401150 with 1 insts
    I: 401275 (flow 40127a)
      Successors: 40127a
  BB: 403a78 in func 401150 with 2 insts
    I: 403a78
    I: 403a7f (flow 403d92)
      Successors: 403d92
  BB: 40127a in func 401150 with 3 insts
    I: 40127a
    I: 40127d
    I: 401282 (flow 403686)
      Successors: 401288, 403686
  BB: 403a84 in func 401150 with 63 insts
    I: 403a84
    I: 403a87
    I: 403a89
    I: 403a8c
    I: 403a8e
    I: 403a91 (imm 4198c0)
    I: 403a9b
    I: 403aa2
    I: 403aa5
    I: 403aa8
    I: 403aae
    I: 403ab1
    I: 403ab7
    I: 403aba
    I: 403abd
    I: 403ac1 (imm 4198c0)
    I: 403acb
    I: 403ad2
    I: 403ad5
    I: 403ad9
    I: 403adc
    I: 403adf
    I: 403ae1
    I: 403ae3
    I: 403ae5
    I: 403ae8
    I: 403aea
    I: 403aec
    I: 403aee
    I: 403af1 (imm 40fc80)
    I: 403afb
    I: 403b02
    I: 403b05
    I: 403b08
    I: 403b0a
    I: 403b0d
    I: 403b0f
    I: 403b12
    I: 403b15
    I: 403b17
    I: 403b19
    I: 403b1b
    I: 403b1d
    I: 403b1f
    I: 403b21
    I: 403b23 (flow 403da0)
    I: 403b28
    I: 403b2a
    I: 403b2d
    I: 403b32
    I: 403b35
    I: 403b3a
    I: 403b3d (imm 4198c0)
    I: 403b47
    I: 403b4e
    I: 403b51
    I: 403b54
    I: 403b5a
    I: 403b5d
    I: 403b63
    I: 403b66
    I: 403b69
    I: 403b70 (flow 403d92)
      Successors: 403d92
  BB: 401288 in func 401150 with 1 insts
    I: 401288 (flow 40128d)
      Successors: 40128d
  BB: 40128d in func 401150 with 3 insts
    I: 40128d
    I: 401290
    I: 401295 (flow 40299e)
      Successors: 40129b, 40299e
  BB: 402297 in func 401150 with 2 insts
    I: 402297
    I: 40229e (flow 403d92)
      Successors: 403d92
  BB: 40129b in func 401150 with 1 insts
    I: 40129b (flow 4012a0)
      Successors: 4012a0
  BB: 4012a0 in func 401150 with 3 insts
    I: 4012a0
    I: 4012a3
    I: 4012a8 (flow 40301d)
      Successors: 40301d, 4012ae
  BB: 4032a2 in func 401150 with 138 insts
    I: 4032a2
    I: 4032a5
    I: 4032a7
    I: 4032aa
    I: 4032ac
    I: 4032af (imm 4198c0)
    I: 4032b9
    I: 4032c0
    I: 4032c3
    I: 4032c7
    I: 4032ca
    I: 4032ce (imm 4198c0)
    I: 4032d8
    I: 4032df
    I: 4032e2
    I: 4032e6
    I: 4032e9
    I: 4032ec
    I: 4032f1
    I: 4032f4
    I: 4032f9
    I: 4032fc (imm 40fc80)
    I: 403306
    I: 40330d
    I: 403310
    I: 403314
    I: 403317
    I: 403319
    I: 40331b
    I: 40331d (flow 403da0)
    I: 403322
    I: 403324
    I: 403327
    I: 40332c
    I: 40332f
    I: 403334
    I: 403337 (imm 4198c0)
    I: 403341
    I: 403348
    I: 40334b
    I: 40334f
    I: 403352
    I: 403355
    I: 403357
    I: 403359
    I: 40335b
    I: 40335e
    I: 403360
    I: 403362
    I: 403364
    I: 403367 (imm 4198c0)
    I: 403371
    I: 403378
    I: 40337b
    I: 40337e
    I: 403380
    I: 403383
    I: 403385
    I: 403388
    I: 40338b
    I: 40338f (imm 4198c0)
    I: 403399
    I: 4033a0
    I: 4033a3
    I: 4033a7
    I: 4033aa
    I: 4033ad
    I: 4033b2
    I: 4033b5
    I: 4033ba
    I: 4033bd (imm 40fc80)
    I: 4033c7
    I: 4033ce
    I: 4033d1
    I: 4033d4
    I: 4033da
    I: 4033dd
    I: 4033e3
    I: 4033e6
    I: 4033e9
    I: 4033ef
    I: 4033f1
    I: 4033f7 (flow 403da0)
    I: 4033fc
    I: 4033fe
    I: 403401
    I: 403403
    I: 403406
    I: 403408
    I: 40340b (imm 4198c0)
    I: 403415
    I: 40341c
    I: 40341f
    I: 403422
    I: 403428
    I: 40342b
    I: 403431
    I: 403434
    I: 403437 (imm 423500)
    I: 40343e
    I: 403440 (imm 423508)
    I: 403447
    I: 403449
    I: 40344b
    I: 403451
    I: 403454
    I: 40345a
    I: 40345d
    I: 403460
    I: 403463
    I: 403467
    I: 40346a
    I: 40346e
    I: 403471
    I: 403473
    I: 403476
    I: 40347a
    I: 40347c
    I: 40347f
    I: 403481
    I: 403484
    I: 403487
    I: 40348a
    I: 40348e
    I: 403491
    I: 403494
    I: 403497
    I: 40349a
    I: 40349d
    I: 40349f
    I: 4034a2
    I: 4034a4
    I: 4034a6
    I: 4034ab
    I: 4034b0
    I: 4034b3
    I: 4034b6
    I: 4034b9 (flow 403d92)
      Successors: 403d92
  BB: 4022a3 in func 401150 with 24 insts
    I: 4022a3 (imm 423500)
    I: 4022aa
    I: 4022ac (imm 423508)
    I: 4022b3
    I: 4022b5
    I: 4022b7
    I: 4022bd
    I: 4022c0
    I: 4022c6
    I: 4022c9
    I: 4022cc
    I: 4022cf
    I: 4022d2
    I: 4022d5
    I: 4022d8
    I: 4022da
    I: 4022dc
    I: 4022de
    I: 4022e0
    I: 4022e5
    I: 4022ea
    I: 4022ed
    I: 4022f0
    I: 4022f3 (flow 403d92)
      Successors: 403d92
  BB: 4012ae in func 401150 with 1 insts
    I: 4012ae (flow 4012b3)
      Successors: 4012b3
  BB: 401aae in func 401150 with 7 insts
    I: 401aae
    I: 401ab1
    I: 401ab6
    I: 401abb
    I: 401abe
    I: 401ac1
    I: 401ac4 (flow 403d92)
      Successors: 403d92
  BB: 4012b3 in func 401150 with 3 insts
    I: 4012b3
    I: 4012b6
    I: 4012bb (flow 4035b2)
      Successors: 4012c1, 4035b2
  BB: 402aba in func 401150 with 7 insts
    I: 402aba
    I: 402abd
    I: 402ac2
    I: 402ac7
    I: 402aca
    I: 402acd
    I: 402ad0 (flow 403d92)
      Successors: 403d92
  BB: 4012c1 in func 401150 with 1 insts
    I: 4012c1 (flow 4012c6)
      Successors: 4012c6
  BB: 4012c6 in func 401150 with 3 insts
    I: 4012c6
    I: 4012c9
    I: 4012ce (flow 402142)
      Successors: 402142, 4012d4
  BB: 401ac9 in func 401150 with 2 insts
    I: 401ac9
    I: 401ad0 (flow 403d92)
      Successors: 403d92
  BB: 4012d4 in func 401150 with 1 insts
    I: 4012d4 (flow 4012d9)
      Successors: 4012d9
  BB: 401ad5 in func 401150 with 23 insts
    I: 401ad5
    I: 401ad8
    I: 401add
    I: 401ae3
    I: 401ae5
    I: 401aeb
    I: 401aee
    I: 401af3
    I: 401af8
    I: 401afa
    I: 401aff
    I: 401b03 (flow 423528)
    I: 401b08
    I: 401b0b (mem 404010)
    I: 401b13
    I: 401b17 (mem 404008)
    I: 401b1f
    I: 401b23
    I: 401b27
    I: 401b2a
    I: 401b31
    I: 401b38
    I: 401b3f (flow 403d92)
      Successors: 403d92
  BB: 402ad5 in func 401150 with 100 insts
    I: 402ad5
    I: 402ad8
    I: 402ada
    I: 402add
    I: 402adf
    I: 402ae2 (imm 4198c0)
    I: 402aec
    I: 402af3
    I: 402af6
    I: 402afa
    I: 402afd
    I: 402b01 (imm 4198c0)
    I: 402b0b
    I: 402b12
    I: 402b15
    I: 402b19
    I: 402b1c
    I: 402b1f
    I: 402b24
    I: 402b27
    I: 402b2c
    I: 402b2f (imm 40fc80)
    I: 402b39
    I: 402b40
    I: 402b43
    I: 402b47
    I: 402b4a
    I: 402b50
    I: 402b52
    I: 402b58 (flow 403da0)
    I: 402b5d
    I: 402b5f
    I: 402b62
    I: 402b64
    I: 402b67
    I: 402b69
    I: 402b6c (imm 4198c0)
    I: 402b76
    I: 402b7d
    I: 402b80
    I: 402b84
    I: 402b87
    I: 402b8a
    I: 402b8c
    I: 402b8e
    I: 402b90
    I: 402b93
    I: 402b95
    I: 402b97
    I: 402b99
    I: 402b9c (imm 4198c0)
    I: 402ba6
    I: 402bad
    I: 402bb0
    I: 402bb3
    I: 402bb9
    I: 402bbc
    I: 402bc2
    I: 402bc5
    I: 402bc8
    I: 402bcc (imm 4198c0)
    I: 402bd6
    I: 402bdd
    I: 402be0
    I: 402be4
    I: 402be7
    I: 402bea
    I: 402bec
    I: 402bef
    I: 402bf1
    I: 402bf4 (imm 40fc80)
    I: 402bfe
    I: 402c05
    I: 402c08
    I: 402c0b
    I: 402c11
    I: 402c14
    I: 402c1a
    I: 402c1d
    I: 402c20
    I: 402c22
    I: 402c24
    I: 402c26 (flow 403da0)
    I: 402c2b
    I: 402c2d
    I: 402c30
    I: 402c35
    I: 402c38
    I: 402c3d
    I: 402c40 (imm 4198c0)
    I: 402c4a
    I: 402c51
    I: 402c54
    I: 402c57
    I: 402c59
    I: 402c5c
    I: 402c5e
    I: 402c61
    I: 402c64
    I: 402c6b (flow 403d92)
      Successors: 403d92
  BB: 4012d9 in func 401150 with 3 insts
    I: 4012d9
    I: 4012dc
    I: 4012e1 (flow 402093)
      Successors: 402093, 4012e7
  BB: 4012e7 in func 401150 with 1 insts
    I: 4012e7 (flow 4012ec)
      Successors: 4012ec
  BB: 4012ec in func 401150 with 3 insts
    I: 4012ec
    I: 4012ef
    I: 4012f4 (flow 4038b8)
      Successors: 4038b8, 4012fa
  BB: 4022f8 in func 401150 with 29 insts
    I: 4022f8
    I: 4022fb
    I: 4022fd
    I: 402300
    I: 402302
    I: 402305 (imm 423500)
    I: 40230c
    I: 40230e (imm 423508)
    I: 402315
    I: 402317
    I: 402319
    I: 40231f
    I: 402322
    I: 402328
    I: 40232b
    I: 40232e
    I: 402331
    I: 402334
    I: 402337
    I: 40233a
    I: 40233c
    I: 40233e
    I: 402340
    I: 402342
    I: 402347
    I: 40234c
    I: 40234f
    I: 402352
    I: 402355 (flow 403d92)
      Successors: 403d92
  BB: 4012fa in func 401150 with 1 insts
    I: 4012fa (flow 4012ff)
      Successors: 4012ff
  BB: 4012ff in func 401150 with 3 insts
    I: 4012ff
    I: 401302
    I: 401307 (flow 403963)
      Successors: 403963, 40130d
  BB: 40130d in func 401150 with 1 insts
    I: 40130d (flow 401312)
      Successors: 401312
  BB: 401312 in func 401150 with 3 insts
    I: 401312
    I: 401315
    I: 40131a (flow 403d32)
      Successors: 401320, 403d32
  BB: 401320 in func 401150 with 1 insts
    I: 401320 (flow 401325)
      Successors: 401325
  BB: 401325 in func 401150 with 3 insts
    I: 401325
    I: 401328
    I: 40132d (flow 40259a)
      Successors: 40259a, 401333
  BB: 401333 in func 401150 with 1 insts
    I: 401333 (flow 401338)
      Successors: 401338
  BB: 401338 in func 401150 with 3 insts
    I: 401338
    I: 40133b
    I: 401340 (flow 40235a)
      Successors: 40235a, 401346
  BB: 401b44 in func 401150 with 7 insts
    I: 401b44
    I: 401b47
    I: 401b4c
    I: 401b51
    I: 401b54
    I: 401b57
    I: 401b5a (flow 403d92)
      Successors: 403d92
  BB: 401346 in func 401150 with 1 insts
    I: 401346 (flow 40134b)
      Successors: 40134b
  BB: 40134b in func 401150 with 3 insts
    I: 40134b
    I: 40134e
    I: 401353 (flow 4037aa)
      Successors: 401359, 4037aa
  BB: 401359 in func 401150 with 1 insts
    I: 401359 (flow 40135e)
      Successors: 40135e
  BB: 40235a in func 401150 with 2 insts
    I: 40235a
    I: 402361 (flow 403d92)
      Successors: 403d92
  BB: 40135e in func 401150 with 3 insts
    I: 40135e
    I: 401361
    I: 401366 (flow 402486)
      Successors: 40136c, 402486
  BB: 401b5f in func 401150 with 40 insts
    I: 401b5f (imm 423500)
    I: 401b66
    I: 401b68 (imm 423508)
    I: 401b6f
    I: 401b71
    I: 401b73
    I: 401b79
    I: 401b7c
    I: 401b82
    I: 401b85
    I: 401b88
    I: 401b8b
    I: 401b8f
    I: 401b92
    I: 401b96
    I: 401b99
    I: 401b9b
    I: 401b9e
    I: 401ba2
    I: 401ba4
    I: 401ba7
    I: 401ba9
    I: 401bac
    I: 401baf
    I: 401bb2
    I: 401bb6
    I: 401bb9
    I: 401bbc
    I: 401bbf
    I: 401bc2
    I: 401bc5
    I: 401bc7
    I: 401bca
    I: 401bcc
    I: 401bce
    I: 401bd3
    I: 401bd8
    I: 401bdb
    I: 401bde
    I: 401be1 (flow 403d92)
      Successors: 403d92
  BB: 402366 in func 401150 with 2 insts
    I: 402366
    I: 40236d (flow 403d92)
      Successors: 403d92
  BB: 40136c in func 401150 with 1 insts
    I: 40136c (flow 401371)
      Successors: 401371
  BB: 401371 in func 401150 with 3 insts
    I: 401371
    I: 401374
    I: 401379 (flow 403a84)
      Successors: 403a84, 40137f
  BB: 402372 in func 401150 with 7 insts
    I: 402372
    I: 402375
    I: 40237a
    I: 40237d
    I: 402382
    I: 402385
    I: 40238c (flow 403d92)
      Successors: 403d92
  BB: 403b75 in func 401150 with 108 insts
    I: 403b75
    I: 403b78
    I: 403b7a
    I: 403b7c
    I: 403b7e
    I: 403b81
    I: 403b83
    I: 403b85
    I: 403b87
    I: 403b8a (imm 4198c0)
    I: 403b94
    I: 403b9b
    I: 403b9e
    I: 403ba2
    I: 403ba5
    I: 403ba9 (imm 4198c0)
    I: 403bb3
    I: 403bba
    I: 403bbd
    I: 403bc1
    I: 403bc4
    I: 403bc7
    I: 403bc9
    I: 403bcb
    I: 403bcd
    I: 403bd0
    I: 403bd2
    I: 403bd4
    I: 403bd6
    I: 403bd9 (imm 40fc80)
    I: 403be3
    I: 403bea
    I: 403bed
    I: 403bf1
    I: 403bf4
    I: 403bfa
    I: 403bfc
    I: 403c02 (flow 403da0)
    I: 403c07
    I: 403c09
    I: 403c0c
    I: 403c11
    I: 403c14
    I: 403c19
    I: 403c1c (imm 4198c0)
    I: 403c26
    I: 403c2d
    I: 403c30
    I: 403c34
    I: 403c37
    I: 403c3a
    I: 403c3c
    I: 403c3e
    I: 403c40
    I: 403c43
    I: 403c45
    I: 403c47
    I: 403c49
    I: 403c4c (imm 4198c0)
    I: 403c56
    I: 403c5d
    I: 403c60
    I: 403c63
    I: 403c65
    I: 403c68
    I: 403c6a
    I: 403c6d
    I: 403c70
    I: 403c74 (imm 4198c0)
    I: 403c7e
    I: 403c85
    I: 403c88
    I: 403c8c
    I: 403c8f
    I: 403c92
    I: 403c94
    I: 403c97
    I: 403c99
    I: 403c9c (imm 40fc80)
    I: 403ca6
    I: 403cad
    I: 403cb0
    I: 403cb3
    I: 403cb5
    I: 403cb8
    I: 403cba
    I: 403cbd
    I: 403cc0
    I: 403cc6
    I: 403cc8
    I: 403cce (flow 403da0)
    I: 403cd3
    I: 403cd5
    I: 403cd8
    I: 403cda
    I: 403cdd
    I: 403cdf
    I: 403ce2 (imm 4198c0)
    I: 403cec
    I: 403cf3
    I: 403cf6
    I: 403cf9
    I: 403cff
    I: 403d02
    I: 403d08
    I: 403d0b
    I: 403d0e
    I: 403d15 (flow 403d92)
      Successors: 403d92
  BB: 40137f in func 401150 with 1 insts
    I: 40137f (flow 401384)
      Successors: 401384
  BB: 401384 in func 401150 with 3 insts
    I: 401384
    I: 401387
    I: 40138c (flow 401db3)
      Successors: 401392, 401db3
  BB: 402391 in func 401150 with 40 insts
    I: 402391 (imm 423500)
    I: 402398
    I: 40239a (imm 423508)
    I: 4023a1
    I: 4023a3
    I: 4023a5
    I: 4023a8
    I: 4023aa
    I: 4023ac
    I: 4023af
    I: 4023b2
    I: 4023b5
    I: 4023b9
    I: 4023bc
    I: 4023c0
    I: 4023c3
    I: 4023c5
    I: 4023c8
    I: 4023cc
    I: 4023ce
    I: 4023d1
    I: 4023d3
    I: 4023d6
    I: 4023d9
    I: 4023dc
    I: 4023e0
    I: 4023e3
    I: 4023e6
    I: 4023e9
    I: 4023ec
    I: 4023ef
    I: 4023f1
    I: 4023f4
    I: 4023f6
    I: 4023f8
    I: 4023fd
    I: 402402
    I: 402405
    I: 402408
    I: 40240b (flow 403d92)
      Successors: 403d92
  BB: 401392 in func 401150 with 1 insts
    I: 401392 (flow 401397)
      Successors: 401397
  BB: 401397 in func 401150 with 3 insts
    I: 401397
    I: 40139a
    I: 40139f (flow 402c8f)
      Successors: 4013a5, 402c8f
  BB: 4013a5 in func 401150 with 1 insts
    I: 4013a5 (flow 4013aa)
      Successors: 4013aa
  BB: 4013aa in func 401150 with 3 insts
    I: 4013aa
    I: 4013ad
    I: 4013b2 (flow 40247a)
      Successors: 4013b8, 40247a
  BB: 4013b8 in func 401150 with 1 insts
    I: 4013b8 (flow 4013bd)
      Successors: 4013bd
  BB: 4013bd in func 401150 with 3 insts
    I: 4013bd
    I: 4013c0
    I: 4013c5 (flow 403692)
      Successors: 403692, 4013cb
  BB: 4013cb in func 401150 with 1 insts
    I: 4013cb (flow 4013d0)
      Successors: 4013d0
  BB: 4013d0 in func 401150 with 3 insts
    I: 4013d0
    I: 4013d3
    I: 4013d8 (flow 402cae)
      Successors: 402cae, 4013de
  BB: 4013de in func 401150 with 1 insts
    I: 4013de (flow 4013e3)
      Successors: 4013e3
  BB: 4013e3 in func 401150 with 3 insts
    I: 4013e3
    I: 4013e6
    I: 4013eb (flow 40215d)
      Successors: 4013f1, 40215d
  BB: 401be6 in func 401150 with 41 insts
    I: 401be6
    I: 401bed (imm 423500)
    I: 401bf4
    I: 401bf6 (imm 423508)
    I: 401bfd
    I: 401bff
    I: 401c01
    I: 401c04
    I: 401c06
    I: 401c08
    I: 401c0b
    I: 401c0e
    I: 401c11
    I: 401c15
    I: 401c18
    I: 401c1c
    I: 401c1f
    I: 401c21
    I: 401c24
    I: 401c28
    I: 401c2a
    I: 401c2d
    I: 401c2f
    I: 401c32
    I: 401c35
    I: 401c38
    I: 401c3c
    I: 401c3f
    I: 401c42
    I: 401c45
    I: 401c48
    I: 401c4b
    I: 401c4d
    I: 401c50
    I: 401c52
    I: 401c54
    I: 401c59
    I: 401c5e
    I: 401c61
    I: 401c64
    I: 401c67 (flow 403d92)
      Successors: 403d92
  BB: 4013f1 in func 401150 with 1 insts
    I: 4013f1 (flow 4013f6)
      Successors: 4013f6
  BB: 4013f6 in func 401150 with 3 insts
    I: 4013f6
    I: 4013f9
    I: 4013fe (flow 403a20)
      Successors: 403a20, 401404
  BB: 401404 in func 401150 with 1 insts
    I: 401404 (flow 401409)
      Successors: 401409
  BB: 401409 in func 401150 with 3 insts
    I: 401409
    I: 40140c
    I: 401411 (flow 402ad5)
      Successors: 402ad5, 401417
  BB: 402410 in func 401150 with 27 insts
    I: 402410 (mem 40fc80)
    I: 402417 (mem 4198c0)
    I: 40241e
    I: 402425 (imm 423500)
    I: 40242c
    I: 40242e (imm 423508)
    I: 402435
    I: 402437
    I: 402439
    I: 40243f
    I: 402442
    I: 402448
    I: 40244b
    I: 40244e
    I: 402451
    I: 402454
    I: 402457
    I: 40245a
    I: 40245c
    I: 40245e
    I: 402460
    I: 402462
    I: 402467
    I: 40246c
    I: 40246f
    I: 402472
    I: 402475 (flow 403d92)
      Successors: 403d92
  BB: 401417 in func 401150 with 1 insts
    I: 401417 (flow 40141c)
      Successors: 40141c
  BB: 40141c in func 401150 with 3 insts
    I: 40141c
    I: 40141f
    I: 401424 (flow 402170)
      Successors: 402170, 40142a
  BB: 40142a in func 401150 with 1 insts
    I: 40142a (flow 40142f)
      Successors: 40142f
  BB: 40142f in func 401150 with 3 insts
    I: 40142f
    I: 401432
    I: 401437 (flow 40377f)
      Successors: 40143d, 40377f
  BB: 40143d in func 401150 with 1 insts
    I: 40143d (flow 401442)
      Successors: 401442
  BB: 401442 in func 401150 with 3 insts
    I: 401442
    I: 401445
    I: 40144a (flow 402366)
      Successors: 401450, 402366
  BB: 401450 in func 401150 with 1 insts
    I: 401450 (flow 401455)
      Successors: 401455
  BB: 401455 in func 401150 with 3 insts
    I: 401455
    I: 401458
    I: 40145d (flow 403d26)
      Successors: 401463, 403d26
  BB: 401463 in func 401150 with 1 insts
    I: 401463 (flow 401468)
      Successors: 401468
  BB: 401468 in func 401150 with 3 insts
    I: 401468
    I: 40146b
    I: 401470 (flow 4028ec)
      Successors: 4028ec, 401476
  BB: 401c6c in func 401150 with 2 insts
    I: 401c6c
    I: 401c73 (flow 403d92)
      Successors: 403d92
  BB: 402c70 in func 401150 with 7 insts
    I: 402c70
    I: 402c73
    I: 402c78
    I: 402c7b
    I: 402c80
    I: 402c83
    I: 402c8a (flow 403d92)
      Successors: 403d92
  BB: 401476 in func 401150 with 1 insts
    I: 401476 (flow 40147b)
      Successors: 40147b
  BB: 401c78 in func 401150 with 7 insts
    I: 401c78
    I: 401c7b
    I: 401c80
    I: 401c85
    I: 401c88
    I: 401c8b
    I: 401c8e (flow 403d92)
      Successors: 403d92
  BB: 40247a in func 401150 with 2 insts
    I: 40247a
    I: 402481 (flow 403d92)
      Successors: 403d92
  BB: 40147b in func 401150 with 3 insts
    I: 40147b
    I: 40147e
    I: 401483 (flow 401aae)
      Successors: 401489, 401aae
  BB: 402486 in func 401150 with 40 insts
    I: 402486 (imm 423500)
    I: 40248d
    I: 40248f (imm 423508)
    I: 402496
    I: 402498
    I: 40249a
    I: 4024a0
    I: 4024a3
    I: 4024a9
    I: 4024ac
    I: 4024af
    I: 4024b2
    I: 4024b6
    I: 4024b9
    I: 4024bd
    I: 4024c0
    I: 4024c2
    I: 4024c5
    I: 4024c9
    I: 4024cb
    I: 4024ce
    I: 4024d0
    I: 4024d3
    I: 4024d6
    I: 4024d9
    I: 4024dd
    I: 4024e0
    I: 4024e3
    I: 4024e6
    I: 4024e9
    I: 4024ec
    I: 4024ee
    I: 4024f1
    I: 4024f3
    I: 4024f5
    I: 4024fa
    I: 4024ff
    I: 402502
    I: 402505
    I: 402508 (flow 403d92)
      Successors: 403d92
  BB: 401489 in func 401150 with 1 insts
    I: 401489 (flow 40148e)
      Successors: 40148e
  BB: 40148e in func 401150 with 3 insts
    I: 40148e
    I: 401491
    I: 401496 (flow 4022a3)
      Successors: 4022a3, 40149c
  BB: 402c8f in func 401150 with 7 insts
    I: 402c8f
    I: 402c92
    I: 402c97
    I: 402c9a
    I: 402c9f
    I: 402ca2
    I: 402ca9 (flow 403d92)
      Successors: 403d92
  BB: 401c93 in func 401150 with 24 insts
    I: 401c93 (imm 423500)
    I: 401c9a
    I: 401c9c (imm 423508)
    I: 401ca3
    I: 401ca5
    I: 401ca7
    I: 401cad
    I: 401cb0
    I: 401cb6
    I: 401cb9
    I: 401cbc
    I: 401cbf
    I: 401cc2
    I: 401cc5
    I: 401cc8
    I: 401cca
    I: 401ccc
    I: 401cce
    I: 401cd0
    I: 401cd5
    I: 401cda
    I: 401cdd
    I: 401ce0
    I: 401ce3 (flow 403d92)
      Successors: 403d92
  BB: 40149c in func 401150 with 1 insts
    I: 40149c (flow 4014a1)
      Successors: 4014a1
  BB: 4014a1 in func 401150 with 3 insts
    I: 4014a1
    I: 4014a4
    I: 4014a9 (flow 402f38)
      Successors: 402f38, 4014af
  BB: 402cae in func 401150 with 23 insts
    I: 402cae
    I: 402cb1
    I: 402cb4
    I: 402cb7
    I: 402cb9
    I: 402cbb
    I: 402cbd
    I: 402cbf
    I: 402cc1
    I: 402cc3
    I: 402cc5
    I: 402cc7
    I: 402cc9
    I: 402ccb
    I: 402cce
    I: 402cd0
    I: 402cd2
    I: 402cd4
    I: 402cd9
    I: 402cde
    I: 402ce0
    I: 402ce3
    I: 402ce6 (flow 403d92)
      Successors: 403d92
  BB: 4014af in func 401150 with 1 insts
    I: 4014af (flow 4014b4)
      Successors: 4014b4
  BB: 4014b4 in func 401150 with 3 insts
    I: 4014b4
    I: 4014b7
    I: 4014bc (flow 403773)
      Successors: 4014c2, 403773
  BB: 4034be in func 401150 with 2 insts
    I: 4034be
    I: 4034c5 (flow 403d92)
      Successors: 403d92
  BB: 4014c2 in func 401150 with 1 insts
    I: 4014c2 (flow 4014c7)
      Successors: 4014c7
  BB: 4014c7 in func 401150 with 3 insts
    I: 4014c7
    I: 4014ca
    I: 4014cf (flow 402edf)
      Successors: 4014d5, 402edf
  BB: 4034ca in func 401150 with 24 insts
    I: 4034ca (imm 423500)
    I: 4034d1
    I: 4034d3 (imm 423508)
    I: 4034da
    I: 4034dc
    I: 4034de
    I: 4034e4
    I: 4034e7
    I: 4034ed
    I: 4034f0
    I: 4034f3
    I: 4034f6
    I: 4034f9
    I: 4034fc
    I: 4034ff
    I: 403501
    I: 403503
    I: 403505
    I: 403507
    I: 40350c
    I: 403511
    I: 403514
    I: 403517
    I: 40351a (flow 403d92)
      Successors: 403d92
  BB: 4014d5 in func 401150 with 1 insts
    I: 4014d5 (flow 4014da)
      Successors: 4014da
  BB: 4014da in func 401150 with 3 insts
    I: 4014da
    I: 4014dd
    I: 4014e2 (flow 40263c)
      Successors: 4014e8, 40263c
  BB: 4014e8 in func 401150 with 1 insts
    I: 4014e8 (flow 4014ed)
      Successors: 4014ed
  BB: 401ce8 in func 401150 with 41 insts
    I: 401ce8
    I: 401ceb
    I: 401ced
    I: 401cef
    I: 401cf1
    I: 401cf4
    I: 401cf6
    I: 401cf8
    I: 401cfa
    I: 401cfd
    I: 401cff (disp 406040)
    I: 401d06
    I: 401d0a (imm 40fc80)
    I: 401d14
    I: 401d1b
    I: 401d1e
    I: 401d22
    I: 401d25 (imm 423500)
    I: 401d2c
    I: 401d2e (imm 423508)
    I: 401d35
    I: 401d37
    I: 401d39
    I: 401d3f
    I: 401d42
    I: 401d48
    I: 401d4b
    I: 401d4e
    I: 401d51
    I: 401d54
    I: 401d57
    I: 401d5a
    I: 401d5c
    I: 401d5e
    I: 401d60
    I: 401d62
    I: 401d67
    I: 401d6c
    I: 401d6f
    I: 401d72
    I: 401d75 (flow 403d92)
      Successors: 403d92
  BB: 402ceb in func 401150 with 3 insts
    I: 402ceb
    I: 402cf2
    I: 402cf9 (flow 403d92)
      Successors: 403d92
  BB: 4014ed in func 401150 with 3 insts
    I: 4014ed
    I: 4014f0
    I: 4014f5 (flow 402d85)
      Successors: 4014fb, 402d85
  BB: 4014fb in func 401150 with 1 insts
    I: 4014fb (flow 401500)
      Successors: 401500
  BB: 402cfe in func 401150 with 40 insts
    I: 402cfe (imm 423500)
    I: 402d05
    I: 402d07 (imm 423508)
    I: 402d0e
    I: 402d10
    I: 402d12
    I: 402d18
    I: 402d1b
    I: 402d21
    I: 402d24
    I: 402d27
    I: 402d2a
    I: 402d2e
    I: 402d31
    I: 402d35
    I: 402d38
    I: 402d3a
    I: 402d3d
    I: 402d41
    I: 402d43
    I: 402d46
    I: 402d48
    I: 402d4b
    I: 402d4e
    I: 402d51
    I: 402d55
    I: 402d58
    I: 402d5b
    I: 402d5e
    I: 402d61
    I: 402d64
    I: 402d66
    I: 402d69
    I: 402d6b
    I: 402d6d
    I: 402d72
    I: 402d77
    I: 402d7a
    I: 402d7d
    I: 402d80 (flow 403d92)
      Successors: 403d92
  BB: 401500 in func 401150 with 3 insts
    I: 401500
    I: 401503
    I: 401508 (flow 403a41)
      Successors: 403a41, 40150e
  BB: 40250d in func 401150 with 45 insts
    I: 40250d
    I: 402510
    I: 402513
    I: 402516
    I: 402518
    I: 40251b (imm 423500)
    I: 402522
    I: 402524 (imm 423508)
    I: 40252b
    I: 40252d
    I: 40252f
    I: 402532
    I: 402534
    I: 402536
    I: 402539
    I: 40253c
    I: 40253f
    I: 402543
    I: 402546
    I: 40254a
    I: 40254d
    I: 40254f
    I: 402552
    I: 402556
    I: 402558
    I: 40255b
    I: 40255d
    I: 402560
    I: 402563
    I: 402566
    I: 40256a
    I: 40256d
    I: 402570
    I: 402573
    I: 402576
    I: 402579
    I: 40257b
    I: 40257e
    I: 402580
    I: 402582
    I: 402587
    I: 40258c
    I: 40258f
    I: 402592
    I: 402595 (flow 403d92)
      Successors: 403d92
  BB: 40150e in func 401150 with 1 insts
    I: 40150e (flow 401513)
      Successors: 401513
  BB: 401513 in func 401150 with 3 insts
    I: 401513
    I: 401516
    I: 40151b (flow 402690)
      Successors: 402690, 401521
  BB: 403d1a in func 401150 with 2 insts
    I: 403d1a
    I: 403d21 (flow 403d92)
      Successors: 403d92
  BB: 40351f in func 401150 with 40 insts
    I: 40351f (imm 423500)
    I: 403526
    I: 403528 (imm 423508)
    I: 40352f
    I: 403531
    I: 403533
    I: 403539
    I: 40353c
    I: 403542
    I: 403545
    I: 403548
    I: 40354b
    I: 40354f
    I: 403552
    I: 403556
    I: 403559
    I: 40355b
    I: 40355e
    I: 403562
    I: 403564
    I: 403567
    I: 403569
    I: 40356c
    I: 40356f
    I: 403572
    I: 403576
    I: 403579
    I: 40357c
    I: 40357f
    I: 403582
    I: 403585
    I: 403587
    I: 40358a
    I: 40358c
    I: 40358e
    I: 403593
    I: 403598
    I: 40359b
    I: 40359e
    I: 4035a1 (flow 403d92)
      Successors: 403d92
  BB: 401521 in func 401150 with 1 insts
    I: 401521 (flow 401526)
      Successors: 401526
  BB: 401526 in func 401150 with 3 insts
    I: 401526
    I: 401529
    I: 40152e (flow 403a78)
      Successors: 403a78, 401534
  BB: 403d26 in func 401150 with 2 insts
    I: 403d26
    I: 403d2d (flow 403d92)
      Successors: 403d92
  BB: 403d32 in func 401150 with 7 insts
    I: 403d32
    I: 403d35
    I: 403d3a
    I: 403d3d
    I: 403d42
    I: 403d45
    I: 403d4c (flow 403d92)
      Successors: 403d92
  BB: 401534 in func 401150 with 1 insts
    I: 401534 (flow 401539)
      Successors: 401539
  BB: 401539 in func 401150 with 3 insts
    I: 401539
    I: 40153c
    I: 401541 (flow 4039b2)
      Successors: 4039b2, 401547
  BB: 401547 in func 401150 with 1 insts
    I: 401547 (flow 40154c)
      Successors: 40154c
  BB: 40154c in func 401150 with 3 insts
    I: 40154c
    I: 40154f
    I: 401554 (flow 403905)
      Successors: 40155a, 403905
  BB: 403d51 in func 401150 with 13 insts
    I: 403d51
    I: 403d54
    I: 403d59
    I: 403d5c
    I: 403d61
    I: 403d64 (imm 4198c0)
    I: 403d6e
    I: 403d75
    I: 403d78
    I: 403d7a (imm 40401c)
    I: 403d84
    I: 403d86 (flow 423518)
    I: 403d8b
      Successors: 403d92
  BB: 40155a in func 401150 with 1 insts
    I: 40155a (flow 40155f)
      Successors: 40155f
  BB: 40155f in func 401150 with 3 insts
    I: 40155f
    I: 401562
    I: 401567 (flow 40269c)
      Successors: 40269c, 40156d
  BB: 40156d in func 401150 with 1 insts
    I: 40156d (flow 401572)
      Successors: 401572
  BB: 401572 in func 401150 with 3 insts
    I: 401572
    I: 401575
    I: 40157a (flow 401c6c)
      Successors: 401580, 401c6c
  BB: 401d7a in func 401150 with 2 insts
    I: 401d7a
    I: 401d81 (flow 403d92)
      Successors: 403d92
  BB: 401580 in func 401150 with 1 insts
    I: 401580 (flow 401585)
      Successors: 401585
  BB: 401585 in func 401150 with 3 insts
    I: 401585
    I: 401588
    I: 40158d (flow 403241)
      Successors: 403241, 401593
  BB: 401d86 in func 401150 with 11 insts
    I: 401d86
    I: 401d89
    I: 401d8b
    I: 401d8d
    I: 401d8f
    I: 401d92
    I: 401d94
    I: 401d96
    I: 401d98
    I: 401d9b
    I: 401da2 (flow 403d92)
      Successors: 403d92
  BB: 402d85 in func 401150 with 57 insts
    I: 402d85
    I: 402d88
    I: 402d8b
    I: 402d8e
    I: 402d94
    I: 402d96
    I: 402d9c
    I: 402da2
    I: 402da5
    I: 402dab
    I: 402dae
    I: 402db4
    I: 402db6
    I: 402dbc
    I: 402dbe
    I: 402dc1
    I: 402dc3
    I: 402dc6 (imm 423500)
    I: 402dcd
    I: 402dcf (imm 423508)
    I: 402dd6
    I: 402dd8
    I: 402dda
    I: 402ddd
    I: 402ddf
    I: 402de1
    I: 402de4
    I: 402de7
    I: 402dea
    I: 402dee
    I: 402df1
    I: 402df5
    I: 402df8
    I: 402dfa
    I: 402dfd
    I: 402e01
    I: 402e03
    I: 402e06
    I: 402e08
    I: 402e0b
    I: 402e0e
    I: 402e11
    I: 402e15
    I: 402e18
    I: 402e1b
    I: 402e1e
    I: 402e21
    I: 402e24
    I: 402e26
    I: 402e29
    I: 402e2b
    I: 402e2d
    I: 402e32
    I: 402e37
    I: 402e3a
    I: 402e3d
    I: 402e40 (flow 403d92)
      Successors: 403d92
  BB: 403d92 in func 401150 with 1 insts
    I: 403d92 (flow 40116d)
      Successors: 40116d
  BB: 401593 in func 401150 with 1 insts
    I: 401593 (flow 401598)
      Successors: 401598
  BB: 403d97 in func 401150 with 1 insts
    I: 403d97
      No successors
  BB: 401598 in func 401150 with 3 insts
    I: 401598
    I: 40159b
    I: 4015a0 (flow 403829)
      Successors: 403829, 4015a6
  BB: 40259a in func 401150 with 7 insts
    I: 40259a
    I: 40259d
    I: 4025a2
    I: 4025a7
    I: 4025aa
    I: 4025ad
    I: 4025b0 (flow 403d92)
      Successors: 403d92
  BB: 4015a6 in func 401150 with 1 insts
    I: 4015a6 (flow 4015ab)
      Successors: 4015ab
  BB: 401da7 in func 401150 with 2 insts
    I: 401da7
    I: 401dae (flow 403d92)
      Successors: 403d92
  BB: 4035a6 in func 401150 with 2 insts
    I: 4035a6
    I: 4035ad (flow 403d92)
      Successors: 403d92
  BB: 4015ab in func 401150 with 3 insts
    I: 4015ab
    I: 4015ae
    I: 4015b3 (flow 40378b)
      Successors: 4015b9, 40378b
  BB: 4035b2 in func 401150 with 40 insts
    I: 4035b2 (imm 423500)
    I: 4035b9
    I: 4035bb (imm 423508)
    I: 4035c2
    I: 4035c4
    I: 4035c6
    I: 4035cc
    I: 4035cf
    I: 4035d5
    I: 4035d8
    I: 4035db
    I: 4035de
    I: 4035e2
    I: 4035e5
    I: 4035e9
    I: 4035ec
    I: 4035ee
    I: 4035f1
    I: 4035f5
    I: 4035f7
    I: 4035fa
    I: 4035fc
    I: 4035ff
    I: 403602
    I: 403605
    I: 403609
    I: 40360c
    I: 40360f
    I: 403612
    I: 403615
    I: 403618
    I: 40361a
    I: 40361d
    I: 40361f
    I: 403621
    I: 403626
    I: 40362b
    I: 40362e
    I: 403631
    I: 403634 (flow 403d92)
      Successors: 403d92
  BB: 401db3 in func 401150 with 11 insts
    I: 401db3
    I: 401db6
    I: 401db8
    I: 401dba
    I: 401dbc
    I: 401dbf
    I: 401dc1
    I: 401dc3
    I: 401dc5
    I: 401dc8
    I: 401dcf (flow 403d92)
      Successors: 403d92
  BB: 4025b5 in func 401150 with 40 insts
    I: 4025b5 (imm 423500)
    I: 4025bc
    I: 4025be (imm 423508)
    I: 4025c5
    I: 4025c7
    I: 4025c9
    I: 4025cf
    I: 4025d2
    I: 4025d8
    I: 4025db
    I: 4025de
    I: 4025e1
    I: 4025e5
    I: 4025e8
    I: 4025ec
    I: 4025ef
    I: 4025f1
    I: 4025f4
    I: 4025f8
    I: 4025fa
    I: 4025fd
    I: 4025ff
    I: 402602
    I: 402605
    I: 402608
    I: 40260c
    I: 40260f
    I: 402612
    I: 402615
    I: 402618
    I: 40261b
    I: 40261d
    I: 402620
    I: 402622
    I: 402624
    I: 402629
    I: 40262e
    I: 402631
    I: 402634
    I: 402637 (flow 403d92)
      Successors: 403d92
  BB: 4015b9 in func 401150 with 1 insts
    I: 4015b9 (flow 4015be)
      Successors: 4015be
  BB: 4015be in func 401150 with 3 insts
    I: 4015be
    I: 4015c1
    I: 4015c6 (flow 403639)
      Successors: 403639, 4015cc
  BB: 4015cc in func 401150 with 1 insts
    I: 4015cc (flow 4015d1)
      Successors: 4015d1
  BB: 4015d1 in func 401150 with 3 insts
    I: 4015d1
    I: 4015d4
    I: 4015d9 (flow 403b75)
      Successors: 403b75, 4015df
  BB: 401dd4 in func 401150 with 3 insts
    I: 401dd4
    I: 401ddb
    I: 401de2 (flow 403d92)
      Successors: 403d92
  BB: 4015df in func 401150 with 1 insts
    I: 4015df (flow 4015e4)
      Successors: 4015e4
  BB: 4015e4 in func 401150 with 3 insts
    I: 4015e4
    I: 4015e7
    I: 4015ec (flow 4026b7)
      Successors: 4015f2, 4026b7
  BB: 401de7 in func 401150 with 24 insts
    I: 401de7 (imm 423500)
    I: 401dee
    I: 401df0 (imm 423508)
    I: 401df7
    I: 401df9
    I: 401dfb
    I: 401dfe
    I: 401e00
    I: 401e02
    I: 401e05
    I: 401e08
    I: 401e0b
    I: 401e0e
    I: 401e11
    I: 401e14
    I: 401e16
    I: 401e18
    I: 401e1a
    I: 401e1c
    I: 401e21
    I: 401e26
    I: 401e29
    I: 401e2c
    I: 401e2f (flow 403d92)
      Successors: 403d92
  BB: 4015f2 in func 401150 with 1 insts
    I: 4015f2 (flow 4015f7)
      Successors: 4015f7
  BB: 4015f7 in func 401150 with 3 insts
    I: 4015f7
    I: 4015fa
    I: 4015ff (flow 40305c)
      Successors: 40305c, 401605
  BB: 401605 in func 401150 with 1 insts
    I: 401605 (flow 40160a)
      Successors: 40160a
  BB: 40160a in func 401150 with 3 insts
    I: 40160a
    I: 40160d
    I: 401612 (flow 4034ca)
      Successors: 401618, 4034ca
  BB: 401618 in func 401150 with 1 insts
    I: 401618 (flow 40161d)
      Successors: 40161d
  BB: 40161d in func 401150 with 3 insts
    I: 40161d
    I: 401620
    I: 401625 (flow 402e60)
      Successors: 402e60, 40162b
  BB: 40162b in func 401150 with 1 insts
    I: 40162b (flow 401630)
      Successors: 401630
  BB: 401630 in func 401150 with 3 insts
    I: 401630
    I: 401633
    I: 401638 (flow 402008)
      Successors: 402008, 40163e
  BB: 401e34 in func 401150 with 49 insts
    I: 401e34
    I: 401e37
    I: 401e3a
    I: 401e40
    I: 401e43
    I: 401e49
    I: 401e4b
    I: 401e4e
    I: 401e50
    I: 401e53 (imm 423500)
    I: 401e5a
    I: 401e5c (imm 423508)
    I: 401e63
    I: 401e65
    I: 401e67
    I: 401e6d
    I: 401e70
    I: 401e76
    I: 401e79
    I: 401e7c
    I: 401e7f
    I: 401e83
    I: 401e86
    I: 401e8a
    I: 401e8d
    I: 401e8f
    I: 401e92
    I: 401e96
    I: 401e98
    I: 401e9b
    I: 401e9d
    I: 401ea0
    I: 401ea3
    I: 401ea6
    I: 401eaa
    I: 401ead
    I: 401eb0
    I: 401eb3
    I: 401eb6
    I: 401eb9
    I: 401ebb
    I: 401ebe
    I: 401ec0
    I: 401ec2
    I: 401ec7
    I: 401ecc
    I: 401ecf
    I: 401ed2
    I: 401ed5 (flow 403d92)
      Successors: 403d92
  BB: 403639 in func 401150 with 24 insts
    I: 403639 (imm 423500)
    I: 403640
    I: 403642 (imm 423508)
    I: 403649
    I: 40364b
    I: 40364d
    I: 403650
    I: 403652
    I: 403654
    I: 403657
    I: 40365a
    I: 40365d
    I: 403660
    I: 403663
    I: 403666
    I: 403668
    I: 40366a
    I: 40366c
    I: 40366e
    I: 403673
    I: 403678
    I: 40367b
    I: 40367e
    I: 403681 (flow 403d92)
      Successors: 403d92
  BB: 40263c in func 401150 with 25 insts
    I: 40263c
    I: 402643 (imm 423500)
    I: 40264a
    I: 40264c (imm 423508)
    I: 402653
    I: 402655
    I: 402657
    I: 40265a
    I: 40265c
    I: 40265e
    I: 402661
    I: 402664
    I: 402667
    I: 40266a
    I: 40266d
    I: 402670
    I: 402672
    I: 402674
    I: 402676
    I: 402678
    I: 40267d
    I: 402682
    I: 402685
    I: 402688
    I: 40268b (flow 403d92)
      Successors: 403d92
  BB: 40163e in func 401150 with 1 insts
    I: 40163e (flow 401643)
      Successors: 401643
  BB: 401643 in func 401150 with 3 insts
    I: 401643
    I: 401646
    I: 40164b (flow 40396f)
      Successors: 401651, 40396f
  BB: 402e45 in func 401150 with 7 insts
    I: 402e45
    I: 402e48
    I: 402e4d
    I: 402e52
    I: 402e55
    I: 402e58
    I: 402e5b (flow 403d92)
      Successors: 403d92
  BB: 401651 in func 401150 with 1 insts
    I: 401651 (flow 401656)
      Successors: 401656
  BB: 401656 in func 401150 with 3 insts
    I: 401656
    I: 401659
    I: 40165e (flow 40351f)
      Successors: 401664, 40351f
  BB: 402e60 in func 401150 with 40 insts
    I: 402e60 (imm 423500)
    I: 402e67
    I: 402e69 (imm 423508)
    I: 402e70
    I: 402e72
    I: 402e74
    I: 402e77
    I: 402e79
    I: 402e7b
    I: 402e7e
    I: 402e81
    I: 402e84
    I: 402e88
    I: 402e8b
    I: 402e8f
    I: 402e92
    I: 402e94
    I: 402e97
    I: 402e9b
    I: 402e9d
    I: 402ea0
    I: 402ea2
    I: 402ea5
    I: 402ea8
    I: 402eab
    I: 402eaf
    I: 402eb2
    I: 402eb5
    I: 402eb8
    I: 402ebb
    I: 402ebe
    I: 402ec0
    I: 402ec3
    I: 402ec5
    I: 402ec7
    I: 402ecc
    I: 402ed1
    I: 402ed4
    I: 402ed7
    I: 402eda (flow 403d92)
      Successors: 403d92
  BB: 401664 in func 401150 with 1 insts
    I: 401664 (flow 401669)
      Successors: 401669
  BB: 401669 in func 401150 with 3 insts
    I: 401669
    I: 40166c
    I: 401671 (flow 401a13)
      Successors: 401a13, 401677
  BB: 401677 in func 401150 with 1 insts
    I: 401677 (flow 40167c)
      Successors: 40167c
  BB: 40167c in func 401150 with 3 insts
    I: 40167c
    I: 40167f
    I: 401684 (flow 402f53)
      Successors: 40168a, 402f53
  BB: 403686 in func 401150 with 2 insts
    I: 403686
    I: 40368d (flow 403d92)
      Successors: 403d92
  BB: 40168a in func 401150 with 1 insts
    I: 40168a (flow 40168f)
      Successors: 40168f
  BB: 40168f in func 401150 with 3 insts
    I: 40168f
    I: 401692
    I: 401697 (flow 4021b6)
      Successors: 40169d, 4021b6
  BB: 402690 in func 401150 with 2 insts
    I: 402690
    I: 402697 (flow 403d92)
      Successors: 403d92
  BB: 403692 in func 401150 with 24 insts
    I: 403692 (imm 423500)
    I: 403699
    I: 40369b (imm 423508)
    I: 4036a2
    I: 4036a4
    I: 4036a6
    I: 4036a9
    I: 4036ab
    I: 4036ad
    I: 4036b0
    I: 4036b3
    I: 4036b6
    I: 4036b9
    I: 4036bc
    I: 4036bf
    I: 4036c1
    I: 4036c3
    I: 4036c5
    I: 4036c7
    I: 4036cc
    I: 4036d1
    I: 4036d4
    I: 4036d7
    I: 4036da (flow 403d92)
      Successors: 403d92
  BB: 40269c in func 401150 with 7 insts
    I: 40269c
    I: 40269f
    I: 4026a4
    I: 4026a9
    I: 4026ac
    I: 4026af
    I: 4026b2 (flow 403d92)
      Successors: 403d92
  BB: 40169d in func 401150 with 1 insts
    I: 40169d (flow 4016a2)
      Successors: 4016a2
  BB: 4016a2 in func 401150 with 3 insts
    I: 4016a2
    I: 4016a5
    I: 4016aa (flow 401da7)
      Successors: 4016b0, 401da7
  BB: 4016b0 in func 401150 with 1 insts
    I: 4016b0 (flow 4016b5)
      Successors: 4016b5
  BB: 4016b5 in func 401150 with 3 insts
    I: 4016b5
    I: 4016b8
    I: 4016bd (flow 401d7a)
      Successors: 401d7a, 4016c3
  BB: 4026b7 in func 401150 with 96 insts
    I: 4026b7
    I: 4026ba
    I: 4026bf
    I: 4026c2
    I: 4026c7
    I: 4026ca (imm 4198c0)
    I: 4026d4
    I: 4026db
    I: 4026de
    I: 4026e2
    I: 4026e5
    I: 4026e9 (imm 4198c0)
    I: 4026f3
    I: 4026fa
    I: 4026fd
    I: 402701
    I: 402704
    I: 402707
    I: 40270c
    I: 40270f
    I: 402714
    I: 402717 (imm 40fc80)
    I: 402721
    I: 402728
    I: 40272b
    I: 40272f
    I: 402732
    I: 402738
    I: 40273a
    I: 402740 (flow 403da0)
    I: 402745
    I: 402747
    I: 40274a
    I: 40274c
    I: 40274f
    I: 402751
    I: 402754 (imm 4198c0)
    I: 40275e
    I: 402765
    I: 402768
    I: 40276c
    I: 40276f
    I: 402772
    I: 402777
    I: 40277a
    I: 40277f
    I: 402782 (imm 4198c0)
    I: 40278c
    I: 402793
    I: 402796
    I: 402799
    I: 40279b
    I: 40279e
    I: 4027a0
    I: 4027a3
    I: 4027a6
    I: 4027aa (imm 4198c0)
    I: 4027b4
    I: 4027bb
    I: 4027be
    I: 4027c2
    I: 4027c5
    I: 4027c8
    I: 4027cd
    I: 4027d0
    I: 4027d5
    I: 4027d8 (imm 40fc80)
    I: 4027e2
    I: 4027e9
    I: 4027ec
    I: 4027ef
    I: 4027f5
    I: 4027f8
    I: 4027fe
    I: 402801
    I: 402804
    I: 402806
    I: 402808
    I: 40280a (flow 403da0)
    I: 40280f
    I: 402811
    I: 402814
    I: 402819
    I: 40281c
    I: 402821
    I: 402824 (imm 4198c0)
    I: 40282e
    I: 402835
    I: 402838
    I: 40283b
    I: 40283d
    I: 402840
    I: 402842
    I: 402845
    I: 402848
    I: 40284f (flow 403d92)
      Successors: 403d92
  BB: 4016c3 in func 401150 with 1 insts
    I: 4016c3 (flow 4016c8)
      Successors: 4016c8
  BB: 4016c8 in func 401150 with 3 insts
    I: 4016c8
    I: 4016cb
    I: 4016d0 (flow 4039be)
      Successors: 4039be, 4016d6
  BB: 4016d6 in func 401150 with 1 insts
    I: 4016d6 (flow 4016db)
      Successors: 4016db
  BB: 401eda in func 401150 with 7 insts
    I: 401eda
    I: 401edd
    I: 401ee2
    I: 401ee7
    I: 401eea
    I: 401eed
    I: 401ef0 (flow 403d92)
      Successors: 403d92
  BB: 4016db in func 401150 with 3 insts
    I: 4016db
    I: 4016de
    I: 4016e3 (flow 402410)
      Successors: 402410, 4016e9
  BB: 402edf in func 401150 with 28 insts
    I: 402edf
    I: 402ee3
    I: 402ee6
    I: 402ee8
    I: 402eeb (imm 423500)
    I: 402ef2
    I: 402ef4 (imm 423508)
    I: 402efb
    I: 402efd
    I: 402eff
    I: 402f02
    I: 402f04
    I: 402f06
    I: 402f09
    I: 402f0c
    I: 402f0f
    I: 402f12
    I: 402f15
    I: 402f18
    I: 402f1a
    I: 402f1c
    I: 402f1e
    I: 402f20
    I: 402f25
    I: 402f2a
    I: 402f2d
    I: 402f30
    I: 402f33 (flow 403d92)
      Successors: 403d92
  BB: 4036df in func 401150 with 45 insts
    I: 4036df
    I: 4036e2
    I: 4036e4
    I: 4036e7
    I: 4036e9
    I: 4036ec (imm 423500)
    I: 4036f3
    I: 4036f5 (imm 423508)
    I: 4036fc
    I: 4036fe
    I: 403700
    I: 403706
    I: 403709
    I: 40370f
    I: 403712
    I: 403715
    I: 403718
    I: 40371c
    I: 40371f
    I: 403723
    I: 403726
    I: 403728
    I: 40372b
    I: 40372f
    I: 403731
    I: 403734
    I: 403736
    I: 403739
    I: 40373c
    I: 40373f
    I: 403743
    I: 403746
    I: 403749
    I: 40374c
    I: 40374f
    I: 403752
    I: 403754
    I: 403757
    I: 403759
    I: 40375b
    I: 403760
    I: 403765
    I: 403768
    I: 40376b
    I: 40376e (flow 403d92)
      Successors: 403d92
  BB: 4016e9 in func 401150 with 1 insts
    I: 4016e9 (flow 4016ee)
      Successors: 4016ee
  BB: 4016ee in func 401150 with 3 insts
    I: 4016ee
    I: 4016f1
    I: 4016f6 (flow 401ce8)
      Successors: 401ce8, 4016fc
  BB: 401ef5 in func 401150 with 6 insts
    I: 401ef5 (imm 423500)
    I: 401efc
    I: 401efe (imm 423508)
    I: 401f05
    I: 401f07
    I: 401f09
      Successors: 401f0f
  BB: 4016fc in func 401150 with 1 insts
    I: 4016fc (flow 401701)
      Successors: 401701
  BB: 401701 in func 401150 with 3 insts
    I: 401701
    I: 401704
    I: 401709 (flow 403a6c)
      Successors: 403a6c, 40170f
  BB: 40170f in func 401150 with 1 insts
    I: 40170f (flow 401714)
      Successors: 401714
  BB: 401f0f in func 401150 with 18 insts
    Referenced by data
    I: 401f0f
    I: 401f12
    I: 401f18
    I: 401f1b
    I: 401f1e
    I: 401f21
    I: 401f24
    I: 401f27
    I: 401f2a
    I: 401f2c
    I: 401f2e
    I: 401f30
    I: 401f32
    I: 401f37
    I: 401f3c
    I: 401f3f
    I: 401f42
    I: 401f45 (flow 403d92)
      Successors: 403d92
  BB: 401714 in func 401150 with 3 insts
    I: 401714
    I: 401717
    I: 40171c (flow 403918)
      Successors: 403918, 401722
  BB: 401722 in func 401150 with 1 insts
    I: 401722 (flow 401727)
      Successors: 401727
  BB: 401727 in func 401150 with 3 insts
    I: 401727
    I: 40172a
    I: 40172f (flow 401ad5)
      Successors: 401ad5, 401735
  BB: 401735 in func 401150 with 1 insts
    I: 401735 (flow 40173a)
      Successors: 40173a
  BB: 402f38 in func 401150 with 7 insts
    I: 402f38
    I: 402f3b
    I: 402f40
    I: 402f45
    I: 402f48
    I: 402f4b
    I: 402f4e (flow 403d92)
      Successors: 403d92
  BB: 40173a in func 401150 with 3 insts
    I: 40173a
    I: 40173d
    I: 401742 (flow 402c70)
      Successors: 401748, 402c70
  BB: 401748 in func 401150 with 1 insts
    I: 401748 (flow 40174d)
      Successors: 40174d
  BB: 401f4a in func 401150 with 54 insts
    I: 401f4a
    I: 401f4d
    I: 401f4f
    I: 401f55
    I: 401f58
    I: 401f5e
    I: 401f61
    I: 401f63 (disp 406040)
    I: 401f6a
    I: 401f6e (imm 40fc80)
    I: 401f78
    I: 401f7f
    I: 401f82
    I: 401f86
    I: 401f89 (imm 423500)
    I: 401f90
    I: 401f92 (imm 423508)
    I: 401f99
    I: 401f9b
    I: 401f9d
    I: 401fa0
    I: 401fa2
    I: 401fa4
    I: 401fa7
    I: 401faa
    I: 401fad
    I: 401fb1
    I: 401fb4
    I: 401fb8
    I: 401fbb
    I: 401fbd
    I: 401fc0
    I: 401fc4
    I: 401fc6
    I: 401fc9
    I: 401fcb
    I: 401fce
    I: 401fd1
    I: 401fd4
    I: 401fd8
    I: 401fdb
    I: 401fde
    I: 401fe1
    I: 401fe4
    I: 401fe7
    I: 401fe9
    I: 401fec
    I: 401fee
    I: 401ff0
    I: 401ff5
    I: 401ffa
    I: 401ffd
    I: 402000
    I: 402003 (flow 403d92)
      Successors: 403d92
  BB: 40174d in func 401150 with 3 insts
    I: 40174d
    I: 401750
    I: 401755 (flow 401ef5)
      Successors: 40175b, 401ef5
  BB: 402f53 in func 401150 with 47 insts
    I: 402f53
    I: 402f56
    I: 402f5b
    I: 402f5e
    I: 402f63
    I: 402f66 (imm 4198c0)
    I: 402f70
    I: 402f77
    I: 402f7a
    I: 402f7e
    I: 402f81
    I: 402f85 (imm 4198c0)
    I: 402f8f
    I: 402f96
    I: 402f99
    I: 402f9d
    I: 402fa0
    I: 402fa3
    I: 402fa8
    I: 402fab
    I: 402fb0
    I: 402fb3 (imm 40fc80)
    I: 402fbd
    I: 402fc4
    I: 402fc7
    I: 402fcb
    I: 402fce
    I: 402fd0
    I: 402fd2
    I: 402fd4
    I: 402fd6
    I: 402fd8
    I: 402fda
    I: 402fdc (flow 403da0)
    I: 402fe1
    I: 402fe3
    I: 402fe6
    I: 402feb
    I: 402fee
    I: 402ff3
    I: 402ff6 (imm 4198c0)
    I: 403000
    I: 403007
    I: 40300a
    I: 40300e
    I: 403011
    I: 403018 (flow 403d92)
      Successors: 403d92
  BB: 40175b in func 401150 with 1 insts
    I: 40175b (flow 401760)
      Successors: 401760
  BB: 401760 in func 401150 with 3 insts
    I: 401760
    I: 401763
    I: 401768 (flow 403a4d)
      Successors: 403a4d, 40176e
  BB: 40176e in func 401150 with 1 insts
    I: 40176e (flow 401773)
      Successors: 401773
  BB: 401773 in func 401150 with 3 insts
    I: 401773
    I: 401776
    I: 40177b (flow 401be6)
      Successors: 401781, 401be6
  BB: 403773 in func 401150 with 2 insts
    I: 403773
    I: 40377a (flow 403d92)
      Successors: 403d92
  BB: 40377f in func 401150 with 2 insts
    I: 40377f
    I: 403786 (flow 403d92)
      Successors: 403d92
  BB: 401781 in func 401150 with 1 insts
    I: 401781 (flow 401786)
      Successors: 401786
  BB: 401786 in func 401150 with 3 insts
    I: 401786
    I: 401789
    I: 40178e (flow 40250d)
      Successors: 401794, 40250d
  BB: 40378b in func 401150 with 7 insts
    I: 40378b
    I: 40378e
    I: 403793
    I: 403796
    I: 40379b
    I: 40379e
    I: 4037a5 (flow 403d92)
      Successors: 403d92
  BB: 401794 in func 401150 with 1 insts
    I: 401794 (flow 401799)
      Successors: 401799
  BB: 401799 in func 401150 with 3 insts
    I: 401799
    I: 40179c
    I: 4017a1 (flow 402e45)
      Successors: 402e45, 4017a7
  BB: 4017a7 in func 401150 with 1 insts
    I: 4017a7 (flow 4017ac)
      Successors: 4017ac
  BB: 4037aa in func 401150 with 40 insts
    I: 4037aa (imm 423500)
    I: 4037b1
    I: 4037b3 (imm 423508)
    I: 4037ba
    I: 4037bc
    I: 4037be
    I: 4037c1
    I: 4037c3
    I: 4037c5
    I: 4037c8
    I: 4037cb
    I: 4037ce
    I: 4037d2
    I: 4037d5
    I: 4037d9
    I: 4037dc
    I: 4037de
    I: 4037e1
    I: 4037e5
    I: 4037e7
    I: 4037ea
    I: 4037ec
    I: 4037ef
    I: 4037f2
    I: 4037f5
    I: 4037f9
    I: 4037fc
    I: 4037ff
    I: 403802
    I: 403805
    I: 403808
    I: 40380a
    I: 40380d
    I: 40380f
    I: 403811
    I: 403816
    I: 40381b
    I: 40381e
    I: 403821
    I: 403824 (flow 403d92)
      Successors: 403d92
  BB: 4017ac in func 401150 with 3 insts
    I: 4017ac
    I: 4017af
    I: 4017b4 (flow 401c93)
      Successors: 4017ba, 401c93
  BB: 4017ba in func 401150 with 1 insts
    I: 4017ba (flow 4017bf)
      Successors: 4017bf
  BB: 4017bf in func 401150 with 3 insts
    I: 4017bf
    I: 4017c2
    I: 4017c7 (flow 40324d)
      Successors: 40324d, 4017cd
  BB: 4017cd in func 401150 with 1 insts
    I: 4017cd (flow 4017d2)
      Successors: 4017d2
  BB: 4017d2 in func 401150 with 3 insts
    I: 4017d2
    I: 4017d5
    I: 4017da (flow 402aba)
      Successors: 4017e0, 402aba
  BB: 4017e0 in func 401150 with 1 insts
    I: 4017e0 (flow 4017e5)
      Successors: 4017e5
  BB: 4017e5 in func 401150 with 3 insts
    I: 4017e5
    I: 4017e8
    I: 4017ed (flow 402cfe)
      Successors: 4017f3, 402cfe
  BB: 4017f3 in func 401150 with 1 insts
    I: 4017f3 (flow 4017f8)
      Successors: 4017f8
  BB: 4017f8 in func 401150 with 3 insts
    I: 4017f8
    I: 4017fb
    I: 401800 (flow 4035a6)
      Successors: 4035a6, 401806
Recovering 403da0
  Analysing subroutine sub_403DA0 at 403da0
    Block head at 00403f7e is not code.
  Subroutine sub_403DA0 at 403da0 has 24 blocks
  BB: 403e07 in func 403da0 with 1 insts
    I: 403e07 (flow 403e0c)
      Successors: 403e0c
  BB: 403e0c in func 403da0 with 3 insts
    I: 403e0c
    I: 403e0f
    I: 403e14 (flow 403f72)
      Successors: 403e1a, 403f72
  BB: 403e1a in func 403da0 with 1 insts
    I: 403e1a (flow 403e1f)
      Successors: 403e1f
  BB: 403e1f in func 403da0 with 3 insts
    I: 403e1f
    I: 403e22
    I: 403e27 (flow 403f6d)
      Successors: 403f6d, 403e2d
  BB: 403da0 in func 403da0 with 9 insts
    I: 403da0
    I: 403da1
    I: 403da4
    I: 403da7
    I: 403daa
    I: 403dad
    I: 403db0
    I: 403db3
    I: 403db6
      Successors: 403dbd
  BB: 403e2d in func 403da0 with 1 insts
    I: 403e2d (flow 403e32)
      Successors: 403e32
  BB: 403e32 in func 403da0 with 3 insts
    I: 403e32
    I: 403e35
    I: 403e3a (flow 403f49)
      Successors: 403e40, 403f49
  BB: 403ebc in func 403da0 with 42 insts
    I: 403ebc
    I: 403ebf
    I: 403ec2 (imm 42350c)
    I: 403ec9
    I: 403ecb (imm 423504)
    I: 403ed2
    I: 403ed4
    I: 403ed6
    I: 403edc
    I: 403edf
    I: 403ee5
    I: 403ee8
    I: 403eeb
    I: 403eee
    I: 403ef2
    I: 403ef5
    I: 403ef9
    I: 403efc
    I: 403efe
    I: 403f01
    I: 403f05
    I: 403f07
    I: 403f0a
    I: 403f0c
    I: 403f0f
    I: 403f12
    I: 403f15
    I: 403f19
    I: 403f1c
    I: 403f1f
    I: 403f22
    I: 403f25
    I: 403f28
    I: 403f2a
    I: 403f2d
    I: 403f2f
    I: 403f31
    I: 403f36
    I: 403f3b
    I: 403f3e
    I: 403f41
    I: 403f44 (flow 403f79)
      Successors: 403f79
  BB: 403dbd in func 403da0 with 4 insts
    I: 403dbd
    I: 403dc0
    I: 403dc3
    I: 403dc8 (flow 403e67)
      Successors: 403dce, 403e67
  BB: 403e40 in func 403da0 with 1 insts
    I: 403e40 (flow 403e45)
      Successors: 403e45
  BB: 403e45 in func 403da0 with 1 insts
    I: 403e45 (flow 403f79)
      Successors: 403f79
  BB: 403f49 in func 403da0 with 4 insts
    I: 403f49
    I: 403f50
    I: 403f53
    I: 403f56 (flow 403f79)
      Successors: 403f79
  BB: 403e4a in func 403da0 with 8 insts
    I: 403e4a
    I: 403e4d
    I: 403e50
    I: 403e55
    I: 403e5a
    I: 403e5c
    I: 403e5f
    I: 403e62 (flow 403f79)
      Successors: 403f79
  BB: 403df9 in func 403da0 with 3 insts
    I: 403df9
    I: 403dfc
    I: 403e01 (flow 403e4a)
      Successors: 403e4a, 403e07
  BB: 403dce in func 403da0 with 1 insts
    I: 403dce (flow 403dd3)
      Successors: 403dd3
  BB: 403dd3 in func 403da0 with 3 insts
    I: 403dd3
    I: 403dd6
    I: 403ddb (flow 403f5b)
      Successors: 403de1, 403f5b
  BB: 403f5b in func 403da0 with 4 insts
    I: 403f5b
    I: 403f5e
    I: 403f65
    I: 403f68 (flow 403f79)
      Successors: 403f79
  BB: 403de1 in func 403da0 with 1 insts
    I: 403de1 (flow 403de6)
      Successors: 403de6
  BB: 403de6 in func 403da0 with 3 insts
    I: 403de6
    I: 403de9
    I: 403dee (flow 403ebc)
      Successors: 403ebc, 403df4
  BB: 403e67 in func 403da0 with 24 insts
    I: 403e67 (imm 42350c)
    I: 403e6e
    I: 403e70 (imm 423504)
    I: 403e77
    I: 403e79
    I: 403e7b
    I: 403e81
    I: 403e84
    I: 403e8a
    I: 403e8d
    I: 403e90
    I: 403e93
    I: 403e96
    I: 403e99
    I: 403e9c
    I: 403e9e
    I: 403ea0
    I: 403ea2
    I: 403ea4
    I: 403ea9
    I: 403eae
    I: 403eb1
    I: 403eb4
    I: 403eb7 (flow 403f79)
      Successors: 403f79
  BB: 403f6d in func 403da0 with 3 insts
    I: 403f6d
    I: 403f70
    I: 403f71
      No successors
  BB: 403f72 in func 403da0 with 1 insts
    I: 403f72
      Successors: 403f79
  BB: 403df4 in func 403da0 with 1 insts
    I: 403df4 (flow 403df9)
      Successors: 403df9
  BB: 403f79 in func 403da0 with 1 insts
    I: 403f79 (flow 403dbd)
      Successors: 403dbd
Recovering .term_proc at 403f80
  Analysing subroutine .term_proc at 403f80
    Block head at 00403f8d is not code.
  Subroutine .term_proc at 403f80 has 1 blocks
  BB: 403f80 in func 403f80 with 4 insts
    I: 403f80
    I: 403f84
    I: 403f88
    I: 403f8c
      No successors
Global Variable None
WARNING: Global constructor and destructor sections are adjacent!
Recovering region LOAD [400000, 400540) in segment LOAD
  8-byte reference at 400018 to 401060 (start)
  8-byte reference at 4000f8 to 401000 (.init_proc)
  8-byte reference at 400130 to 404000 ()
  8-byte reference at 400168 to 405de8 ()
  8-byte reference at 400280 to 404020 ()
  8-byte reference at 4002f0 to 405de8 ()
Recovering region .init [401000, 40101b) in segment .init
Recovering region LOAD [40101b, 401020) in segment LOAD
Recovering region .plt [401020, 401060) in segment .plt
  4-byte reference at 40102c to 401f0f ()
Recovering region .text [401060, 403f7e) in segment .text
Recovering region LOAD [403f7e, 403f80) in segment LOAD
Recovering region .fini [403f80, 403f8d) in segment .fini
Recovering region .rodata [404000, 404020) in segment .rodata
  Variable format at 40401c
Recovering region .eh_frame_hdr [404020, 404054) in segment .eh_frame_hdr
Recovering region LOAD [404054, 404058) in segment LOAD
Recovering region .eh_frame [404058, 40410c) in segment .eh_frame
Recovering region LOAD [40410c, 404150) in segment LOAD
Recovering region .init_array [405de8, 405df8) in segment .init_array
  8-byte reference at 405de8 to 401140 ()
  8-byte reference at 405df0 to 401110 ()
Recovering region LOAD [405df8, 405fd8) in segment LOAD
Recovering region .got [405fd8, 405fe8) in segment .got
  8-byte reference at 405fd8 to 423510 (__libc_start_main)
  8-byte reference at 405fe0 to 423530 (__gmon_start__)
Recovering region .got.plt [405fe8, 406018) in segment .got.plt
  8-byte reference at 406000 to 423518 (printf)
  8-byte reference at 406008 to 423520 (__isoc99_scanf)
  8-byte reference at 406010 to 423528 (sqrt)
Recovering region .data [406018, 406028) in segment .data
Recovering region LOAD [406028, 406030) in segment LOAD
Recovering region .bss [406030, 423510) in segment .bss
Recovering extern function printf at 401030
Recovering extern function __isoc99_scanf at 401040
Recovering extern function sqrt at 401050
Recovering extern function __libc_start_main at 423510
Recovering extern function printf at 423518
Recovering extern function __isoc99_scanf at 423520
Recovering extern function sqrt at 423528
Recovering extern function __gmon_start__ at 423530
Recovered 9 functions.
Saving to: /home/ubuntu/capstone_project/result/pipeline_20260629_141746/s065901669_fla_bcf_instsub.cfg
Done analysis!
