Debugging is enabled.
Loading Standard Definitions file: /home/ubuntu/capstone_project/dependency/mcsema/mcsema/lib/python3/site-packages/mcsema_disass-3.1.3.8-py3.8.egg/mcsema_disass/defs/linux.txt
Using Batch mode.
Starting analysis
Recovering module s092944415_fla_instsub.elf
Found main at 401d20
Looking for instructions in segment .init
  Default block heads for function 401000 with loose bounds [401000, 40101b)
    block [401000, 401014)
    block [401014, 401016)
    block [401016, 40101b)
    chunk [401000, 40101b)
Looking for instructions in segment .plt
  Default block heads for function 401020 with loose bounds [401020, 40102c)
    block [401020, 40102c)
    chunk [401020, 40102c)
  Default block heads for function 401030 with loose bounds [401030, 401036)
    block [401030, 401036)
    chunk [401030, 401036)
  Default block heads for function 401040 with loose bounds [401040, 401046)
    block [401040, 401046)
    chunk [401040, 401046)
Looking for instructions in segment .text
  Default block heads for function 401050 with loose bounds [401050, 401076)
    block [401050, 401076)
    chunk [401050, 401076)
  Default block heads for function 401090 with loose bounds [401090, 4010b1)
    block [401090, 40109d)
    block [40109d, 4010a7)
    block [4010a7, 4010ae)
    block [4010b0, 4010b1)
    chunk [401090, 4010b1)
  Default block heads for function 401100 with loose bounds [401100, 401121)
    block [401100, 40110d)
    block [40110d, 40111f)
    block [401120, 401121)
    chunk [401100, 401121)
  Default block heads for function 401130 with loose bounds [401130, 401136)
    block [401130, 401136)
    chunk [401130, 401136)
    chunk [4010c0, 4010f1)
  Default block heads for function 401140 with loose bounds [401140, 401b40)
    block [401140, 401655)
    block [401655, 40166c)
    block [40166c, 401671)
    block [401671, 401682)
    block [401682, 401687)
    block [401687, 401698)
    block [401698, 40169d)
    block [40169d, 4016ae)
    block [4016ae, 4016b3)
    block [4016b3, 4016c4)
    block [4016c4, 4016c9)
    block [4016c9, 4016da)
    block [4016da, 4016df)
    block [4016df, 4016f0)
    block [4016f0, 4016f5)
    block [4016f5, 401706)
    block [401706, 40170b)
    block [40170b, 40171c)
    block [40171c, 401721)
    block [401721, 401732)
    block [401732, 401737)
    block [401737, 401748)
    block [401748, 40174d)
    block [40174d, 40175e)
    block [40175e, 401763)
    block [401763, 401774)
    block [401774, 401779)
    block [401779, 40178a)
    block [40178a, 40178f)
    block [40178f, 4017a0)
    block [4017a0, 4017a5)
    block [4017a5, 4017b6)
    block [4017b6, 4017bb)
    block [4017bb, 4017cc)
    block [4017cc, 4017d1)
    block [4017d1, 4017e2)
    block [4017e2, 4017e7)
    block [4017e7, 4017f8)
    block [4017f8, 4017fd)
    block [4017fd, 40180e)
    block [40180e, 401813)
    block [401813, 401824)
    block [401824, 401829)
    block [401829, 40183a)
    block [40183a, 40183f)
    block [40183f, 401850)
    block [401850, 401855)
    block [401855, 401866)
    block [401866, 40186b)
    block [40186b, 401870)
    block [401870, 401890)
    block [401890, 4018b0)
    block [4018b0, 4018d0)
    block [4018d0, 4018f0)
    block [4018f0, 401910)
    block [401910, 401930)
    block [401930, 401950)
    block [401950, 401970)
    block [401970, 401986)
    block [401986, 4019a6)
    block [4019a6, 4019c6)
    block [4019c6, 4019e6)
    block [4019e6, 401a06)
    block [401a06, 401a26)
    block [401a26, 401a46)
    block [401a46, 401a66)
    block [401a66, 401a86)
    block [401a86, 401aa6)
    block [401aa6, 401ac6)
    block [401ac6, 401ae6)
    block [401ae6, 401b06)
    block [401b06, 401b1c)
    block [401b1c, 401b32)
    block [401b32, 401b3b)
    block [401b3b, 401b40)
    chunk [401140, 401b40)
  Default block heads for function 401b40 with loose bounds [401b40, 401d12)
    block [401b40, 401bb3)
    block [401bb3, 401bc4)
    block [401bc4, 401bc9)
    block [401bc9, 401bd7)
    block [401bd7, 401bdc)
    block [401bdc, 401bea)
    block [401bea, 401bef)
    block [401bef, 401bfd)
    block [401bfd, 401c02)
    block [401c02, 401c10)
    block [401c10, 401c15)
    block [401c15, 401c1a)
    block [401c1a, 401c40)
    block [401c40, 401c62)
    block [401c62, 401c75)
    block [401c75, 401d08)
    block [401d08, 401d0d)
    block [401d0d, 401d12)
    chunk [401b40, 401d12)
  Default block heads for function 401d20 with loose bounds [401d20, 40296b)
    block [401d20, 401d3c)
    block [401d3c, 401d53)
    block [401d53, 401d58)
    block [401d58, 401d69)
    block [401d69, 401d6e)
    block [401d6e, 401d7f)
    block [401d7f, 401d84)
    block [401d84, 401d95)
    block [401d95, 401d9a)
    block [401d9a, 401dab)
    block [401dab, 401db0)
    block [401db0, 401dc1)
    block [401dc1, 401dc6)
    block [401dc6, 401dd7)
    block [401dd7, 401ddc)
    block [401ddc, 401ded)
    block [401ded, 401df2)
    block [401df2, 401e03)
    block [401e03, 401e08)
    block [401e08, 401e19)
    block [401e19, 401e1e)
    block [401e1e, 401e2f)
    block [401e2f, 401e34)
    block [401e34, 401e45)
    block [401e45, 401e4a)
    block [401e4a, 401e5b)
    block [401e5b, 401e60)
    block [401e60, 401e71)
    block [401e71, 401e76)
    block [401e76, 401e87)
    block [401e87, 401e8c)
    block [401e8c, 401e9d)
    block [401e9d, 401ea2)
    block [401ea2, 401eb3)
    block [401eb3, 401eb8)
    block [401eb8, 401ec9)
    block [401ec9, 401ece)
    block [401ece, 401edf)
    block [401edf, 401ee4)
    block [401ee4, 401ef5)
    block [401ef5, 401efa)
    block [401efa, 401f0b)
    block [401f0b, 401f10)
    block [401f10, 401f21)
    block [401f21, 401f26)
    block [401f26, 401f37)
    block [401f37, 401f3c)
    block [401f3c, 401f4d)
    block [401f4d, 401f52)
    block [401f52, 401f63)
    block [401f63, 401f68)
    block [401f68, 401f79)
    block [401f79, 401f7e)
    block [401f7e, 401f8f)
    block [401f8f, 401f94)
    block [401f94, 401fa5)
    block [401fa5, 401faa)
    block [401faa, 401fbb)
    block [401fbb, 401fc0)
    block [401fc0, 401fd1)
    block [401fd1, 401fd6)
    block [401fd6, 401fe7)
    block [401fe7, 401fec)
    block [401fec, 401ffd)
    block [401ffd, 402002)
    block [402002, 402013)
    block [402013, 402018)
    block [402018, 402029)
    block [402029, 40202e)
    block [40202e, 40203f)
    block [40203f, 402044)
    block [402044, 402049)
    block [402049, 40212e)
    block [40212e, 40213d)
    block [40213d, 4021c9)
    block [4021c9, 402230)
    block [402230, 402261)
    block [402261, 4022b5)
    block [4022b5, 4022e6)
    block [4022e6, 40233a)
    block [40233a, 402364)
    block [402364, 4024f5)
    block [4024f5, 402565)
    block [402565, 402596)
    block [402596, 40260c)
    block [40260c, 40263d)
    block [40263d, 4026b3)
    block [4026b3, 4026d0)
    block [4026d0, 4026ec)
    block [4026ec, 402786)
    block [402786, 4027bc)
    block [4027bc, 4027e4)
    block [4027e4, 402802)
    block [402802, 40282a)
    block [40282a, 402848)
    block [402848, 402870)
    block [402870, 40288e)
    block [40288e, 4028b6)
    block [4028b6, 4028d4)
    block [4028d4, 4028f2)
    block [4028f2, 402901)
    block [402901, 402910)
    block [402910, 40291f)
    block [40291f, 40292e)
    block [40292e, 40294c)
    block [40294c, 40295b)
    block [40295b, 402966)
    block [402966, 40296b)
    chunk [401d20, 40296b)
Looking for instructions in segment .fini
  Default block heads for function 40296c with loose bounds [40296c, 402979)
    block [40296c, 402979)
    chunk [40296c, 402979)
Looking for strings in segment .rodata [403000, 403063)
  Found string b'%d%d%d%d' of length 9 at 403038, jumping to 403041
  Found string b'kyo' of length 4 at 403041, jumping to 403045
  Found string b'syo-kichi' of length 10 at 403045, jumping to 40304f
  Found string b'chu-kichi' of length 10 at 40304f, jumping to 403059
  Found string b'dai-kichi' of length 4 at 403059, jumping to 40305d
  Found string b'kichi' of length 6 at 40305d, jumping to 403063
Looking for strings in segment .eh_frame_hdr [403064, 4030a0)
Looking for strings in segment .eh_frame [4030a0, 403178)
Looking for strings in segment .init_array [404de8, 404df0)
Looking for strings in segment .fini_array [404df0, 404df8)
Looking for strings in segment .got [404fd8, 404fe8)
Looking for strings in segment .got.plt [404fe8, 405010)
Looking for strings in segment .data [405010, 405020)
Looking for strings in segment .bss [405020, 405028)
Looking for strings in segment extern [405028, 405048)
Looking for cross-references in segment .init [401000, 40101b)
Looking for cross-references in segment .plt [401020, 401050)
  Stopping scan at 40102c
Looking for cross-references in segment .text [401050, 40296b)
  Stopping scan at 40107c
  Stopping scan at 40108c
  Stopping scan at ffffffffffffffff
  Stopping scan at 4010bc
  Stopping scan at 4010fc
  Stopping scan at ffffffffffffffff
  Stopping scan at 40112c
  Stopping scan at 40113c
  Stopping scan at 401d1c
Looking for cross-references in segment .fini [40296c, 402979)
Looking for cross-references in segment .rodata [403000, 403063)
  Found string at 403038, jumping to 403041
  Found string at 403041, jumping to 403045
  Found string at 403045, jumping to 40304f
  Found string at 40304f, jumping to 403059
  Found string at 403059, jumping to 40305d
  Found string at 40305d, jumping to 403063
  Stopping scan at 40305d
Looking for cross-references in segment .eh_frame_hdr [403064, 4030a0)
  Stopping scan at 40309c
Looking for cross-references in segment .eh_frame [4030a0, 403178)
  Stopping scan at 403174
Looking for cross-references in segment .init_array [404de8, 404df0)
  Adding qword reference from 404de8 to 401130
  Stopping scan at 404de8
Looking for cross-references in segment .fini_array [404df0, 404df8)
  Adding qword reference from 404df0 to 401100
  Stopping scan at 404df0
Looking for cross-references in segment .got [404fd8, 404fe8)
  Adding qword reference from 404fd8 to 405028
  Adding qword reference from 404fe0 to 405040
  Stopping scan at 404fe0
Looking for cross-references in segment .got.plt [404fe8, 405010)
  Adding qword reference from 405000 to 405030
  Adding qword reference from 405008 to 405038
  Stopping scan at 405008
Looking for cross-references in segment .data [405010, 405020)
  Stopping scan at 40501c
Looking for cross-references in segment .bss [405020, 405028)
  Stopping scan at 405024
Looking for cross-references in segment extern [405028, 405048)
  Stopping scan at 405044
Looking for thunks
  Found thunk for puts targeting 405030 at 401030
  Found thunk for __isoc99_scanf targeting 405038 at 401040
Looking for external symbols
  Function at 401030 is the external function puts
  Function at 401040 is the external function __isoc99_scanf
  Function at 405028 is the external function __libc_start_main
  Function at 405030 is the external function puts
  Function at 405038 is the external function __isoc99_scanf
  Function at 405040 is the external function __gmon_start__
Looking for entrypoints
Recovering .init_proc at 401000
  Analysing subroutine .init_proc at 401000
    Block head at 0040101b is not code.
  Subroutine .init_proc at 401000 has 3 blocks
  BB: 401000 in func 401000 with 5 insts
    Referenced by data
    I: 401000
    I: 401004
    I: 401008 (mem 404fe0)
    I: 40100f
    I: 401012 (flow 401016)
      Successors: 401014, 401016
  BB: 401014 in func 401000 with 1 insts
    I: 401014
      Successors: 401016
  BB: 401016 in func 401000 with 2 insts
    I: 401016
    I: 40101a
      No successors
Recovering 401020
  Analysing subroutine sub_401020 at 401020
  WARNING: No table entries for indirect jump at 401026; Adding next_ea 40102c as successor.
  Subroutine sub_401020 at 401020 has 2 blocks
  WARNING: No table entries for indirect jump at 401026; Adding next_ea 40102c as successor.
  BB: 401020 in func 401020 with 2 insts
    I: 401020 (mem 404ff0)
    I: 401026 (mem 404ff8)
      Successors: 40102c
  BB: 40102c in func 401020 with 1 insts
    I: 40102c
      No successors
Recovering start at 401050
  Analysing subroutine start at 401050
  Subroutine start at 401050 has 3 blocks
  BB: 401050 in func 401050 with 13 insts
    Referenced by data
    I: 401050
    I: 401054
    I: 401056
    I: 401059
    I: 40105a
    I: 40105d
    I: 401061
    I: 401062
    I: 401063
    I: 401066
    I: 401068 (imm 401d20)
    I: 40106f (mem 404fd8)
    I: 401075
      No successors
  BB: 401085 in func 401050 with 2 insts
    I: 401085
    I: 40108f
      No successors
  BB: 401076 in func 401050 with 3 insts
    I: 401076
    I: 401080
    I: 401084
      No successors
Recovering 401090
  Analysing subroutine sub_401090 at 401090
  WARNING: No table entries for indirect jump at 4010ac; Adding next_ea 4010ae as successor.
  WARNING: No table entries for indirect jump at 4010ee; Adding next_ea 4010f0 as successor.
  Subroutine sub_401090 at 401090 has 11 blocks
  BB: 4010c0 in func 401090 with 8 insts
    I: 4010c0 (imm 405020)
    I: 4010c5 (imm 405020)
    I: 4010cc
    I: 4010cf
    I: 4010d3
    I: 4010d7
    I: 4010da
    I: 4010dd (flow 4010f0)
      Successors: 4010f0, 4010df
  WARNING: No table entries for indirect jump at 4010ac; Adding next_ea 4010ae as successor.
  BB: 4010a7 in func 401090 with 2 insts
    I: 4010a7 (imm 405020)
    I: 4010ac
      Successors: 4010ae
  WARNING: No table entries for indirect jump at 4010ee; Adding next_ea 4010f0 as successor.
  BB: 4010e9 in func 401090 with 2 insts
    I: 4010e9 (imm 405020)
    I: 4010ee
      Successors: 4010f0
  BB: 4010ae in func 401090 with 1 insts
    I: 4010ae
      Successors: 4010b0
  BB: 401090 in func 401090 with 3 insts
    I: 401090 (imm 405020)
    I: 401095 (imm 405020)
    I: 40109b (flow 4010b0)
      Successors: 4010b0, 40109d
  BB: 4010b0 in func 401090 with 1 insts
    I: 4010b0
      No successors
  BB: 4010b1 in func 401090 with 2 insts
    I: 4010b1
    I: 4010b5
      Successors: 4010c0
  BB: 4010f0 in func 401090 with 1 insts
    I: 4010f0
      No successors
  BB: 4010f1 in func 401090 with 2 insts
    I: 4010f1
    I: 4010f5
      No successors
  BB: 40109d in func 401090 with 3 insts
    I: 40109d
    I: 4010a2
    I: 4010a5 (flow 4010b0)
      Successors: 4010b0, 4010a7
  BB: 4010df in func 401090 with 3 insts
    I: 4010df
    I: 4010e4
    I: 4010e7 (flow 4010f0)
      Successors: 4010f0, 4010e9
Recovering 401100
  Analysing subroutine sub_401100 at 401100
  Subroutine sub_401100 at 401100 has 5 blocks
  BB: 401100 in func 401100 with 3 insts
    Referenced by data
    I: 401100
    I: 401104 (mem 405020)
    I: 40110b (flow 401120)
      Successors: 401120, 40110d
  BB: 401121 in func 401100 with 2 insts
    I: 401121
    I: 401125
      No successors
  BB: 401120 in func 401100 with 1 insts
    I: 401120
      No successors
  BB: 40110d in func 401100 with 6 insts
    I: 40110d
    I: 40110e
    I: 401111 (flow 401090)
    I: 401116 (mem 405020)
    I: 40111d
    I: 40111e
      No successors
  BB: 40111f in func 401100 with 1 insts
    I: 40111f
      Successors: 401120
Recovering 401130
  Analysing subroutine sub_401130 at 401130
  WARNING: No table entries for indirect jump at 4010ee; Adding next_ea 4010f0 as successor.
  Subroutine sub_401130 at 401130 has 6 blocks
  BB: 4010c0 in func 401130 with 8 insts
    I: 4010c0 (imm 405020)
    I: 4010c5 (imm 405020)
    I: 4010cc
    I: 4010cf
    I: 4010d3
    I: 4010d7
    I: 4010da
    I: 4010dd (flow 4010f0)
      Successors: 4010f0, 4010df
  WARNING: No table entries for indirect jump at 4010ee; Adding next_ea 4010f0 as successor.
  BB: 4010e9 in func 401130 with 2 insts
    I: 4010e9 (imm 405020)
    I: 4010ee
      Successors: 4010f0
  BB: 401130 in func 401130 with 2 insts
    Referenced by data
    I: 401130
    I: 401134 (flow 4010c0)
      Successors: 4010c0
  BB: 4010f0 in func 401130 with 1 insts
    I: 4010f0
      No successors
  BB: 401136 in func 401130 with 1 insts
    I: 401136
      No successors
  BB: 4010df in func 401130 with 3 insts
    I: 4010df
    I: 4010e4
    I: 4010e7 (flow 4010f0)
      Successors: 4010f0, 4010e9
Recovering 401140
  Analysing subroutine sub_401140 at 401140
  Subroutine sub_401140 at 401140 has 76 blocks
  BB: 401682 in func 401140 with 1 insts
    I: 401682 (flow 401687)
      Successors: 401687
  BB: 401986 in func 401140 with 6 insts
    I: 401986
    I: 40198b
    I: 401990
    I: 401998
    I: 40199b
    I: 4019a1 (flow 401b3b)
      Successors: 401b3b
  BB: 401a06 in func 401140 with 6 insts
    I: 401a06
    I: 401a0b
    I: 401a10
    I: 401a18
    I: 401a1b
    I: 401a21 (flow 401b3b)
      Successors: 401b3b
  BB: 401706 in func 401140 with 1 insts
    I: 401706 (flow 40170b)
      Successors: 40170b
  BB: 401687 in func 401140 with 3 insts
    I: 401687
    I: 40168d
    I: 401692 (flow 401890)
      Successors: 401698, 401890
  BB: 40178a in func 401140 with 1 insts
    I: 40178a (flow 40178f)
      Successors: 40178f
  BB: 40170b in func 401140 with 3 insts
    I: 40170b
    I: 401711
    I: 401716 (flow 4019a6)
      Successors: 40171c, 4019a6
  BB: 401a86 in func 401140 with 6 insts
    I: 401a86
    I: 401a8b
    I: 401a90
    I: 401a98
    I: 401a9b
    I: 401aa1 (flow 401b3b)
      Successors: 401b3b
  BB: 401b06 in func 401140 with 3 insts
    I: 401b06
    I: 401b0d
    I: 401b17 (flow 401b3b)
      Successors: 401b3b
  BB: 40180e in func 401140 with 1 insts
    I: 40180e (flow 401813)
      Successors: 401813
  BB: 40178f in func 401140 with 3 insts
    I: 40178f
    I: 401795
    I: 40179a (flow 401930)
      Successors: 4017a0, 401930
  BB: 401890 in func 401140 with 6 insts
    I: 401890
    I: 401895
    I: 40189a
    I: 4018a2
    I: 4018a5
    I: 4018ab (flow 401b3b)
      Successors: 401b3b
  BB: 401910 in func 401140 with 6 insts
    I: 401910
    I: 401915
    I: 40191a
    I: 401922
    I: 401925
    I: 40192b (flow 401b3b)
      Successors: 401b3b
  BB: 401813 in func 401140 with 3 insts
    I: 401813
    I: 401819
    I: 40181e (flow 401870)
      Successors: 401870, 401824
  BB: 401698 in func 401140 with 1 insts
    I: 401698 (flow 40169d)
      Successors: 40169d
  BB: 401b1c in func 401140 with 3 insts
    I: 401b1c
    I: 401b23
    I: 401b2d (flow 401b3b)
      Successors: 401b3b
  BB: 40171c in func 401140 with 1 insts
    I: 40171c (flow 401721)
      Successors: 401721
  BB: 40169d in func 401140 with 3 insts
    I: 40169d
    I: 4016a3
    I: 4016a8 (flow 401a06)
      Successors: 4016ae, 401a06
  BB: 4017a0 in func 401140 with 1 insts
    I: 4017a0 (flow 4017a5)
      Successors: 4017a5
  BB: 401721 in func 401140 with 3 insts
    I: 401721
    I: 401727
    I: 40172c (flow 401ae6)
      Successors: 401732, 401ae6
  BB: 401824 in func 401140 with 1 insts
    I: 401824 (flow 401829)
      Successors: 401829
  BB: 4017a5 in func 401140 with 3 insts
    I: 4017a5
    I: 4017ab
    I: 4017b0 (flow 401aa6)
      Successors: 401aa6, 4017b6
  BB: 4019a6 in func 401140 with 6 insts
    I: 4019a6
    I: 4019ab
    I: 4019b0
    I: 4019b8
    I: 4019bb
    I: 4019c1 (flow 401b3b)
      Successors: 401b3b
  BB: 401a26 in func 401140 with 6 insts
    I: 401a26
    I: 401a2b
    I: 401a30
    I: 401a38
    I: 401a3b
    I: 401a41 (flow 401b3b)
      Successors: 401b3b
  BB: 401aa6 in func 401140 with 6 insts
    I: 401aa6
    I: 401aab
    I: 401ab0
    I: 401ab8
    I: 401abb
    I: 401ac1 (flow 401b3b)
      Successors: 401b3b
  BB: 401829 in func 401140 with 3 insts
    I: 401829
    I: 40182f
    I: 401834 (flow 4018d0)
      Successors: 4018d0, 40183a
  BB: 4016ae in func 401140 with 1 insts
    I: 4016ae (flow 4016b3)
      Successors: 4016b3
  BB: 4018b0 in func 401140 with 6 insts
    I: 4018b0
    I: 4018b5
    I: 4018ba
    I: 4018c2
    I: 4018c5
    I: 4018cb (flow 401b3b)
      Successors: 401b3b
  BB: 401930 in func 401140 with 6 insts
    I: 401930
    I: 401935
    I: 40193a
    I: 401942
    I: 401945
    I: 40194b (flow 401b3b)
      Successors: 401b3b
  BB: 401732 in func 401140 with 1 insts
    I: 401732 (flow 401737)
      Successors: 401737
  BB: 4016b3 in func 401140 with 3 insts
    I: 4016b3
    I: 4016b9
    I: 4016be (flow 401970)
      Successors: 401970, 4016c4
  BB: 401b32 in func 401140 with 4 insts
    I: 401b32
    I: 401b35
    I: 401b39
    I: 401b3a
      No successors
  BB: 4017b6 in func 401140 with 1 insts
    I: 4017b6 (flow 4017bb)
      Successors: 4017bb
  BB: 401737 in func 401140 with 3 insts
    I: 401737
    I: 40173d
    I: 401742 (flow 401a46)
      Successors: 401748, 401a46
  BB: 40183a in func 401140 with 1 insts
    I: 40183a (flow 40183f)
      Successors: 40183f
  BB: 4017bb in func 401140 with 3 insts
    I: 4017bb
    I: 4017c1
    I: 4017c6 (flow 4018f0)
      Successors: 4018f0, 4017cc
  BB: 401b3b in func 401140 with 1 insts
    I: 401b3b (flow 401655)
      Successors: 401655
  BB: 40183f in func 401140 with 3 insts
    I: 40183f
    I: 401845
    I: 40184a (flow 401b1c)
      Successors: 401850, 401b1c
  BB: 401140 in func 401140 with 256 insts
    I: 401140
    I: 401141
    I: 401144
    I: 401148
    I: 40114b
    I: 40114e
    I: 401151
    I: 401154
    I: 401157
    I: 40115a
    I: 40115e
    I: 401162
    I: 401165
    I: 401168
    I: 40116d
    I: 40116f
    I: 401174
    I: 401176
    I: 40117a
    I: 40117d
    I: 401180
    I: 401185
    I: 401187
    I: 40118c
    I: 40118e
    I: 401192
    I: 401195
    I: 401198
    I: 40119a
    I: 40119c
    I: 40119e
    I: 4011a0
    I: 4011a4
    I: 4011a7
    I: 4011aa
    I: 4011af
    I: 4011b1
    I: 4011b6
    I: 4011b8
    I: 4011bc
    I: 4011bf
    I: 4011c2
    I: 4011c7
    I: 4011c9
    I: 4011ce
    I: 4011d0
    I: 4011d4
    I: 4011d7
    I: 4011da
    I: 4011dc
    I: 4011de
    I: 4011e0
    I: 4011e2
    I: 4011e6
    I: 4011e9
    I: 4011ec
    I: 4011f1
    I: 4011f3
    I: 4011f8
    I: 4011fa
    I: 4011fe
    I: 401201
    I: 401204
    I: 401206
    I: 401208
    I: 40120a
    I: 40120c
    I: 401210
    I: 401213
    I: 401216
    I: 40121b
    I: 40121d
    I: 401222
    I: 401224
    I: 401228
    I: 40122b
    I: 40122e
    I: 401230
    I: 401232
    I: 401234
    I: 401236
    I: 40123d
    I: 401240
    I: 401243
    I: 401248
    I: 40124a
    I: 40124f
    I: 401251
    I: 401255
    I: 401258
    I: 40125b
    I: 40125d
    I: 40125f
    I: 401261
    I: 401263
    I: 401267
    I: 40126b
    I: 401270
    I: 401274
    I: 401279
    I: 401283
    I: 401286
    I: 401289
    I: 401293
    I: 401296
    I: 40129d
    I: 4012a1
    I: 4012a6
    I: 4012aa
    I: 4012af
    I: 4012b9
    I: 4012bc
    I: 4012bf
    I: 4012c9
    I: 4012cc
    I: 4012d3
    I: 4012d7
    I: 4012db
    I: 4012e5
    I: 4012e9
    I: 4012ec
    I: 4012f6
    I: 4012f9
    I: 4012fd
    I: 401301
    I: 401303
    I: 401306
    I: 40130a
    I: 40130f
    I: 401311
    I: 401314
    I: 401317
    I: 40131e
    I: 401322
    I: 40132a
    I: 40132e
    I: 401333
    I: 40133d
    I: 401340
    I: 401343
    I: 40134d
    I: 401350
    I: 401357
    I: 40135b
    I: 401360
    I: 401364
    I: 401369
    I: 401373
    I: 401376
    I: 401379
    I: 401383
    I: 401386
    I: 40138d
    I: 401391
    I: 401396
    I: 40139a
    I: 40139f
    I: 4013a1
    I: 4013a4
    I: 4013a6
    I: 4013a9
    I: 4013ac
    I: 4013ae
    I: 4013b1
    I: 4013b8
    I: 4013bc
    I: 4013c0
    I: 4013ca
    I: 4013ce
    I: 4013d1
    I: 4013db
    I: 4013de
    I: 4013e2
    I: 4013e6
    I: 4013ea
    I: 4013ec
    I: 4013f6
    I: 4013f9
    I: 4013fc
    I: 401406
    I: 401409
    I: 40140d
    I: 40140f
    I: 401412
    I: 401415
    I: 40141c
    I: 401420
    I: 401425
    I: 401429
    I: 401431
    I: 401433
    I: 401436
    I: 401439
    I: 401440
    I: 401444
    I: 401446
    I: 401449
    I: 40144d
    I: 401451
    I: 40145b
    I: 40145f
    I: 401462
    I: 40146c
    I: 40146f
    I: 401473
    I: 401477
    I: 401479
    I: 40147c
    I: 401480
    I: 401487
    I: 401489
    I: 401493
    I: 401496
    I: 401499
    I: 4014a3
    I: 4014a6
    I: 4014aa
    I: 4014ac
    I: 4014af
    I: 4014b1
    I: 4014b4
    I: 4014b7
    I: 4014b9
    I: 4014bc
    I: 4014c3
    I: 4014c7
    I: 4014c9
    I: 4014cc
    I: 4014d0
    I: 4014d5
    I: 4014d9
    I: 4014db
    I: 4014e5
    I: 4014e8
    I: 4014eb
    I: 4014f5
    I: 4014f8
    I: 4014fd
    I: 4014ff
    I: 401502
    I: 401504
    I: 401507
    I: 40150a
    I: 40150c
    I: 40150f
    I: 401516
    I: 40151a
    I: 401524
    I: 401528
    I: 40152b
    I: 401535
    I: 401538
    I: 40153c
    I: 40153e
    I: 401548
    I: 40154b
      Successors: 40154e
  BB: 4016c4 in func 401140 with 1 insts
    I: 4016c4 (flow 4016c9)
      Successors: 4016c9
  BB: 4019c6 in func 401140 with 6 insts
    I: 4019c6
    I: 4019cb
    I: 4019d0
    I: 4019d8
    I: 4019db
    I: 4019e1 (flow 401b3b)
      Successors: 401b3b
  BB: 401a46 in func 401140 with 6 insts
    I: 401a46
    I: 401a4b
    I: 401a50
    I: 401a58
    I: 401a5b
    I: 401a61 (flow 401b3b)
      Successors: 401b3b
  BB: 401748 in func 401140 with 1 insts
    I: 401748 (flow 40174d)
      Successors: 40174d
  BB: 4016c9 in func 401140 with 3 insts
    I: 4016c9
    I: 4016cf
    I: 4016d4 (flow 401b32)
      Successors: 4016da, 401b32
  BB: 401ac6 in func 401140 with 6 insts
    I: 401ac6
    I: 401acb
    I: 401ad0
    I: 401ad8
    I: 401adb
    I: 401ae1 (flow 401b3b)
      Successors: 401b3b
  BB: 4017cc in func 401140 with 1 insts
    I: 4017cc (flow 4017d1)
      Successors: 4017d1
  BB: 40174d in func 401140 with 3 insts
    I: 40174d
    I: 401753
    I: 401758 (flow 401a26)
      Successors: 401a26, 40175e
  BB: 40154e in func 401140 with 51 insts
    I: 40154e
    I: 401558
    I: 40155b
    I: 40155f
    I: 401563
    I: 401565
    I: 401568
    I: 40156c
    I: 401570
    I: 401572
    I: 401575
    I: 401579
    I: 40157d
    I: 40157f
    I: 401582
    I: 401585
    I: 40158c
    I: 401590
    I: 40159a
    I: 40159e
    I: 4015a1
    I: 4015ab
    I: 4015ae
    I: 4015b2
    I: 4015bc
    I: 4015c0
    I: 4015c3
    I: 4015cd
    I: 4015d0
    I: 4015d4
    I: 4015d8
    I: 4015e2
    I: 4015e6
    I: 4015e9
    I: 4015f3
    I: 4015f6
    I: 4015fa
    I: 401604
    I: 401608
    I: 40160b
    I: 401615
    I: 401618
    I: 40161c
    I: 401626
    I: 401629
    I: 40162c
    I: 401636
    I: 401639
    I: 401640
    I: 401647
    I: 40164b
      Successors: 401655
  BB: 401850 in func 401140 with 1 insts
    I: 401850 (flow 401855)
      Successors: 401855
  BB: 4017d1 in func 401140 with 3 insts
    I: 4017d1
    I: 4017d7
    I: 4017dc (flow 401a66)
      Successors: 4017e2, 401a66
  BB: 4018d0 in func 401140 with 6 insts
    I: 4018d0
    I: 4018d5
    I: 4018da
    I: 4018e2
    I: 4018e5
    I: 4018eb (flow 401b3b)
      Successors: 401b3b
  BB: 401950 in func 401140 with 6 insts
    I: 401950
    I: 401955
    I: 40195a
    I: 401962
    I: 401965
    I: 40196b (flow 401b3b)
      Successors: 401b3b
  BB: 401655 in func 401140 with 4 insts
    I: 401655
    I: 40165b
    I: 401661
    I: 401666 (flow 4019c6)
      Successors: 40166c, 4019c6
  BB: 401855 in func 401140 with 3 insts
    I: 401855
    I: 40185b
    I: 401860 (flow 401910)
      Successors: 401910, 401866
  BB: 4016da in func 401140 with 1 insts
    I: 4016da (flow 4016df)
      Successors: 4016df
  BB: 40175e in func 401140 with 1 insts
    I: 40175e (flow 401763)
      Successors: 401763
  BB: 4016df in func 401140 with 3 insts
    I: 4016df
    I: 4016e5
    I: 4016ea (flow 401b06)
      Successors: 4016f0, 401b06
  BB: 4017e2 in func 401140 with 1 insts
    I: 4017e2 (flow 4017e7)
      Successors: 4017e7
  BB: 401763 in func 401140 with 3 insts
    I: 401763
    I: 401769
    I: 40176e (flow 401950)
      Successors: 401950, 401774
  BB: 401866 in func 401140 with 1 insts
    I: 401866 (flow 40186b)
      Successors: 40186b
  BB: 4017e7 in func 401140 with 3 insts
    I: 4017e7
    I: 4017ed
    I: 4017f2 (flow 401a86)
      Successors: 4017f8, 401a86
  BB: 4019e6 in func 401140 with 6 insts
    I: 4019e6
    I: 4019eb
    I: 4019f0
    I: 4019f8
    I: 4019fb
    I: 401a01 (flow 401b3b)
      Successors: 401b3b
  BB: 401a66 in func 401140 with 6 insts
    I: 401a66
    I: 401a6b
    I: 401a70
    I: 401a78
    I: 401a7b
    I: 401a81 (flow 401b3b)
      Successors: 401b3b
  BB: 401ae6 in func 401140 with 6 insts
    I: 401ae6
    I: 401aeb
    I: 401af0
    I: 401af8
    I: 401afb
    I: 401b01 (flow 401b3b)
      Successors: 401b3b
  BB: 40186b in func 401140 with 1 insts
    I: 40186b (flow 401b3b)
      Successors: 401b3b
  BB: 40166c in func 401140 with 1 insts
    I: 40166c (flow 401671)
      Successors: 401671
  BB: 4016f0 in func 401140 with 1 insts
    I: 4016f0 (flow 4016f5)
      Successors: 4016f5
  BB: 401671 in func 401140 with 3 insts
    I: 401671
    I: 401677
    I: 40167c (flow 4019e6)
      Successors: 401682, 4019e6
  BB: 401870 in func 401140 with 7 insts
    I: 401870
    I: 401874
    I: 401879
    I: 40187e
    I: 401882
    I: 401885
    I: 40188b (flow 401b3b)
      Successors: 401b3b
  BB: 4018f0 in func 401140 with 6 insts
    I: 4018f0
    I: 4018f5
    I: 4018fa
    I: 401902
    I: 401905
    I: 40190b (flow 401b3b)
      Successors: 401b3b
  BB: 401774 in func 401140 with 1 insts
    I: 401774 (flow 401779)
      Successors: 401779
  BB: 4016f5 in func 401140 with 3 insts
    I: 4016f5
    I: 4016fb
    I: 401700 (flow 401986)
      Successors: 401986, 401706
  BB: 401970 in func 401140 with 3 insts
    I: 401970
    I: 401977
    I: 401981 (flow 401b3b)
      Successors: 401b3b
  BB: 4017f8 in func 401140 with 1 insts
    I: 4017f8 (flow 4017fd)
      Successors: 4017fd
  BB: 401779 in func 401140 with 3 insts
    I: 401779
    I: 40177f
    I: 401784 (flow 4018b0)
      Successors: 4018b0, 40178a
  BB: 4017fd in func 401140 with 3 insts
    I: 4017fd
    I: 401803
    I: 401808 (flow 401ac6)
      Successors: 401ac6, 40180e
Recovering 401b40
  Analysing subroutine sub_401B40 at 401b40
  Subroutine sub_401B40 at 401b40 has 19 blocks
  BB: 401c02 in func 401b40 with 3 insts
    I: 401c02
    I: 401c05
    I: 401c0a (flow 401d08)
      Successors: 401c10, 401d08
  BB: 401d08 in func 401b40 with 3 insts
    I: 401d08
    I: 401d0b
    I: 401d0c
      No successors
  BB: 401d0d in func 401b40 with 1 insts
    I: 401d0d (flow 401bb3)
      Successors: 401bb3
  BB: 401c10 in func 401b40 with 1 insts
    I: 401c10 (flow 401c15)
      Successors: 401c15
  BB: 401d12 in func 401b40 with 2 insts
    I: 401d12
    I: 401d1c
      No successors
  BB: 401c15 in func 401b40 with 1 insts
    I: 401c15 (flow 401d0d)
      Successors: 401d0d
  BB: 401c1a in func 401b40 with 8 insts
    I: 401c1a
    I: 401c1f (mem 403010)
    I: 401c27
    I: 401c2c
    I: 401c31
    I: 401c35
    I: 401c38
    I: 401c3b (flow 401d0d)
      Successors: 401d0d
  BB: 401bb3 in func 401b40 with 4 insts
    I: 401bb3
    I: 401bb6
    I: 401bb9
    I: 401bbe (flow 401c40)
      Successors: 401c40, 401bc4
  BB: 401b40 in func 401b40 with 24 insts
    I: 401b40
    I: 401b41
    I: 401b44
    I: 401b48
    I: 401b4c
    I: 401b51
    I: 401b56
    I: 401b5b
    I: 401b60
    I: 401b65
    I: 401b6a
    I: 401b6f
    I: 401b74
    I: 401b79
    I: 401b7e
    I: 401b83
    I: 401b8d
    I: 401b90
    I: 401b95
    I: 401b99
    I: 401b9d
    I: 401ba2
    I: 401ba7
    I: 401bac
      Successors: 401bb3
  BB: 401c40 in func 401b40 with 7 insts
    I: 401c40 (mem 403008)
    I: 401c48
    I: 401c4d
    I: 401c52
    I: 401c57
    I: 401c5a
    I: 401c5d (flow 401d0d)
      Successors: 401d0d
  BB: 401bc4 in func 401b40 with 1 insts
    I: 401bc4 (flow 401bc9)
      Successors: 401bc9
  BB: 401bc9 in func 401b40 with 3 insts
    I: 401bc9
    I: 401bcc
    I: 401bd1 (flow 401c75)
      Successors: 401c75, 401bd7
  BB: 401bd7 in func 401b40 with 1 insts
    I: 401bd7 (flow 401bdc)
      Successors: 401bdc
  BB: 401bdc in func 401b40 with 3 insts
    I: 401bdc
    I: 401bdf
    I: 401be4 (flow 401c1a)
      Successors: 401bea, 401c1a
  BB: 401c62 in func 401b40 with 3 insts
    I: 401c62
    I: 401c69
    I: 401c70 (flow 401d0d)
      Successors: 401d0d
  BB: 401bea in func 401b40 with 1 insts
    I: 401bea (flow 401bef)
      Successors: 401bef
  BB: 401bef in func 401b40 with 3 insts
    I: 401bef
    I: 401bf2
    I: 401bf7 (flow 401c62)
      Successors: 401c62, 401bfd
  BB: 401c75 in func 401b40 with 29 insts
    I: 401c75
    I: 401c7a
    I: 401c7f
    I: 401c84
    I: 401c89
    I: 401c8e
    I: 401c98
    I: 401c9b
    I: 401ca0
    I: 401ca4
    I: 401ca8
    I: 401cad
    I: 401cb1
    I: 401cb5
    I: 401cba
    I: 401cbf
    I: 401cc9
    I: 401ccc
    I: 401cd1
    I: 401cd6
    I: 401cdb
    I: 401ce0
    I: 401ce4
    I: 401ce8
    I: 401ced
    I: 401cf1
    I: 401cf5
    I: 401cfc
    I: 401d03 (flow 401d0d)
      Successors: 401d0d
  BB: 401bfd in func 401b40 with 1 insts
    I: 401bfd (flow 401c02)
      Successors: 401c02
Recovering main at 401d20
  Analysing subroutine main at 401d20
    Block head at 0040296b is not code.
  Subroutine main at 401d20 has 108 blocks
  BB: 402002 in func 401d20 with 3 insts
    I: 402002
    I: 402008
    I: 40200d (flow 4028f2)
      Successors: 4028f2, 402013
  BB: 401e03 in func 401d20 with 1 insts
    I: 401e03 (flow 401e08)
      Successors: 401e08
  BB: 402802 in func 401d20 with 7 insts
    I: 402802 (mem 403028)
    I: 40280a
    I: 40280f
    I: 402814
    I: 40281c
    I: 40281f
    I: 402825 (flow 402966)
      Successors: 402966
  BB: 401e08 in func 401d20 with 3 insts
    I: 401e08
    I: 401e0e
    I: 401e13 (flow 402565)
      Successors: 401e19, 402565
  BB: 40260c in func 401d20 with 11 insts
    I: 40260c
    I: 402612
    I: 402614
    I: 402617
    I: 40261a
    I: 40261f
    I: 402624
    I: 402628
    I: 40262b
    I: 402631
    I: 402638 (flow 402966)
      Successors: 402966
  BB: 402013 in func 401d20 with 1 insts
    I: 402013 (flow 402018)
      Successors: 402018
  BB: 402018 in func 401d20 with 3 insts
    I: 402018
    I: 40201e
    I: 402023 (flow 402364)
      Successors: 402029, 402364
  BB: 401e19 in func 401d20 with 1 insts
    I: 401e19 (flow 401e1e)
      Successors: 401e1e
  BB: 401e1e in func 401d20 with 3 insts
    I: 401e1e
    I: 401e24
    I: 401e29 (flow 4028d4)
      Successors: 4028d4, 401e2f
  BB: 402029 in func 401d20 with 1 insts
    I: 402029 (flow 40202e)
      Successors: 40202e
  BB: 40282a in func 401d20 with 4 insts
    I: 40282a (imm 403045)
    I: 402834 (flow 405030)
    I: 402839
    I: 402843 (flow 402966)
      Successors: 402966
  BB: 40202e in func 401d20 with 3 insts
    I: 40202e
    I: 402034
    I: 402039 (flow 40260c)
      Successors: 40260c, 40203f
  BB: 401e2f in func 401d20 with 1 insts
    I: 401e2f (flow 401e34)
      Successors: 401e34
  BB: 402230 in func 401d20 with 11 insts
    I: 402230
    I: 402236
    I: 402238
    I: 40223b
    I: 40223e
    I: 402243
    I: 402248
    I: 40224c
    I: 40224f
    I: 402255
    I: 40225c (flow 402966)
      Successors: 402966
  BB: 401e34 in func 401d20 with 3 insts
    I: 401e34
    I: 401e3a
    I: 401e3f (flow 40292e)
      Successors: 401e45, 40292e
  BB: 40263d in func 401d20 with 28 insts
    I: 40263d
    I: 402642
    I: 40264a
    I: 402652
    I: 402657
    I: 40265c
    I: 402661
    I: 402668
    I: 40266f (flow 401b40)
    I: 402674
    I: 402677
    I: 40267b
    I: 40267e
    I: 402680
    I: 402682
    I: 402684
    I: 402687
    I: 40268a
    I: 40268c
    I: 40268f
    I: 402692
    I: 402695
    I: 402698
    I: 40269a
    I: 40269c
    I: 4026a6
    I: 4026a8
    I: 4026ae (flow 402966)
      Successors: 402966
  BB: 40203f in func 401d20 with 1 insts
    I: 40203f (flow 402044)
      Successors: 402044
  BB: 402044 in func 401d20 with 1 insts
    I: 402044 (flow 402966)
      Successors: 402966
  BB: 401e45 in func 401d20 with 1 insts
    I: 401e45 (flow 401e4a)
      Successors: 401e4a
  BB: 402848 in func 401d20 with 7 insts
    I: 402848 (mem 403020)
    I: 402850
    I: 402855
    I: 40285a
    I: 402862
    I: 402865
    I: 40286b (flow 402966)
      Successors: 402966
  BB: 402049 in func 401d20 with 63 insts
    I: 402049
    I: 40204d
    I: 402051
    I: 402055
    I: 402059
    I: 40205d
    I: 402061 (imm 403038)
    I: 40206b
    I: 40206d (flow 405038)
    I: 402072
    I: 402075
    I: 402078
    I: 40207b
    I: 40207e
    I: 402080
    I: 402083
    I: 402086
    I: 402089
    I: 40208c
    I: 40208e
    I: 402091
    I: 402096
    I: 40209c
    I: 40209f
    I: 4020a6
    I: 4020a9
    I: 4020ab
    I: 4020b1
    I: 4020b3
    I: 4020b6
    I: 4020b8
    I: 4020bb
    I: 4020bd
    I: 4020c0
    I: 4020c6
    I: 4020c8
    I: 4020cb
    I: 4020cf
    I: 4020d2
    I: 4020d5
    I: 4020d8
    I: 4020db
    I: 4020e0
    I: 4020e6
    I: 4020e8
    I: 4020ee
    I: 4020f1
    I: 4020f3
    I: 4020f9
    I: 4020fc
    I: 4020ff
    I: 402102
    I: 402104
    I: 402106
    I: 402109
    I: 40210f
    I: 402111
    I: 402113
    I: 402118
    I: 40211d
    I: 402120
    I: 402123
    I: 402129 (flow 402966)
      Successors: 402966
  BB: 401e4a in func 401d20 with 3 insts
    I: 401e4a
    I: 401e50
    I: 401e55 (flow 4026d0)
      Successors: 4026d0, 401e5b
  BB: 401e5b in func 401d20 with 1 insts
    I: 401e5b (flow 401e60)
      Successors: 401e60
  BB: 401e60 in func 401d20 with 3 insts
    I: 401e60
    I: 401e66
    I: 401e6b (flow 4027e4)
      Successors: 401e71, 4027e4
  BB: 402261 in func 401d20 with 24 insts
    I: 402261
    I: 402264
    I: 402267
    I: 40226a
    I: 40226d
    I: 402271
    I: 402275
    I: 402279
    I: 40227c
    I: 402280
    I: 402284 (flow 401140)
    I: 402289
    I: 40228c
    I: 40228f
    I: 402291
    I: 402293
    I: 402295
    I: 402297
    I: 40229a
    I: 40229c
    I: 40229e
    I: 4022a8
    I: 4022aa
    I: 4022b0 (flow 402966)
      Successors: 402966
  BB: 402870 in func 401d20 with 4 insts
    I: 402870 (imm 40305d)
    I: 40287a (flow 405030)
    I: 40287f
    I: 402889 (flow 402966)
      Successors: 402966
  BB: 401e71 in func 401d20 with 1 insts
    I: 401e71 (flow 401e76)
      Successors: 401e76
  BB: 401e76 in func 401d20 with 3 insts
    I: 401e76
    I: 401e7c
    I: 401e81 (flow 40282a)
      Successors: 40282a, 401e87
  BB: 401e87 in func 401d20 with 1 insts
    I: 401e87 (flow 401e8c)
      Successors: 401e8c
  BB: 401e8c in func 401d20 with 3 insts
    I: 401e8c
    I: 401e92
    I: 401e97 (flow 4022b5)
      Successors: 401e9d, 4022b5
  BB: 40288e in func 401d20 with 7 insts
    I: 40288e (mem 403018)
    I: 402896
    I: 40289b
    I: 4028a0
    I: 4028a8
    I: 4028ab
    I: 4028b1 (flow 402966)
      Successors: 402966
  BB: 401e9d in func 401d20 with 1 insts
    I: 401e9d (flow 401ea2)
      Successors: 401ea2
  BB: 401ea2 in func 401d20 with 3 insts
    I: 401ea2
    I: 401ea8
    I: 401ead (flow 402910)
      Successors: 402910, 401eb3
  BB: 401eb3 in func 401d20 with 1 insts
    I: 401eb3 (flow 401eb8)
      Successors: 401eb8
  BB: 4026b3 in func 401d20 with 6 insts
    I: 4026b3
    I: 4026b9
    I: 4026bb
    I: 4026be
    I: 4026c1
    I: 4026cb (flow 402966)
      Successors: 402966
  BB: 4022b5 in func 401d20 with 11 insts
    I: 4022b5
    I: 4022bb
    I: 4022bd
    I: 4022c0
    I: 4022c3
    I: 4022c8
    I: 4022cd
    I: 4022d1
    I: 4022d4
    I: 4022da
    I: 4022e1 (flow 402966)
      Successors: 402966
  BB: 4028b6 in func 401d20 with 4 insts
    I: 4028b6 (imm 40304f)
    I: 4028c0 (flow 405030)
    I: 4028c5
    I: 4028cf (flow 402966)
      Successors: 402966
  BB: 401eb8 in func 401d20 with 3 insts
    I: 401eb8
    I: 401ebe
    I: 401ec3 (flow 40291f)
      Successors: 401ec9, 40291f
  BB: 401ec9 in func 401d20 with 1 insts
    I: 401ec9 (flow 401ece)
      Successors: 401ece
  BB: 401ece in func 401d20 with 3 insts
    I: 401ece
    I: 401ed4
    I: 401ed9 (flow 402230)
      Successors: 402230, 401edf
  BB: 4026d0 in func 401d20 with 6 insts
    I: 4026d0
    I: 4026d5
    I: 4026da
    I: 4026de
    I: 4026e1
    I: 4026e7 (flow 402966)
      Successors: 402966
  BB: 4028d4 in func 401d20 with 4 insts
    I: 4028d4 (imm 403059)
    I: 4028de (flow 405030)
    I: 4028e3
    I: 4028ed (flow 402966)
      Successors: 402966
  BB: 401edf in func 401d20 with 1 insts
    I: 401edf (flow 401ee4)
      Successors: 401ee4
  BB: 401ee4 in func 401d20 with 3 insts
    I: 401ee4
    I: 401eea
    I: 401eef (flow 40295b)
      Successors: 40295b, 401ef5
  BB: 4022e6 in func 401d20 with 24 insts
    I: 4022e6
    I: 4022e9
    I: 4022ec
    I: 4022ef
    I: 4022f2
    I: 4022f6
    I: 4022fa
    I: 4022fe
    I: 402301
    I: 402305
    I: 402309 (flow 401140)
    I: 40230e
    I: 402311
    I: 402314
    I: 402316
    I: 402318
    I: 40231a
    I: 40231c
    I: 40231f
    I: 402321
    I: 402323
    I: 40232d
    I: 40232f
    I: 402335 (flow 402966)
      Successors: 402966
  BB: 4026ec in func 401d20 with 25 insts
    I: 4026ec
    I: 4026f4
    I: 4026fc
    I: 402704
    I: 40270c
    I: 402714
    I: 40271c
    I: 402724
    I: 40272c
    I: 402730
    I: 402735
    I: 40273f
    I: 402742
    I: 402747
    I: 40274b
    I: 40274f (mem 403030)
    I: 402757
    I: 40275b
    I: 402763
    I: 402766
    I: 40276b
    I: 402770
    I: 402778
    I: 40277b
    I: 402781 (flow 402966)
      Successors: 402966
  BB: 4028f2 in func 401d20 with 2 insts
    I: 4028f2
    I: 4028fc (flow 402966)
      Successors: 402966
  BB: 401ef5 in func 401d20 with 1 insts
    I: 401ef5 (flow 401efa)
      Successors: 401efa
  BB: 4024f5 in func 401d20 with 28 insts
    I: 4024f5
    I: 4024fa
    I: 4024ff
    I: 402504
    I: 402509
    I: 40250e
    I: 402513
    I: 40251a
    I: 402521 (flow 401b40)
    I: 402526
    I: 402529
    I: 40252d
    I: 402530
    I: 402532
    I: 402534
    I: 402536
    I: 402539
    I: 40253c
    I: 40253e
    I: 402541
    I: 402544
    I: 402547
    I: 40254a
    I: 40254c
    I: 40254e
    I: 402558
    I: 40255a
    I: 402560 (flow 402966)
      Successors: 402966
  BB: 401efa in func 401d20 with 3 insts
    I: 401efa
    I: 401f00
    I: 401f05 (flow 40233a)
      Successors: 40233a, 401f0b
  BB: 402901 in func 401d20 with 2 insts
    I: 402901
    I: 40290b (flow 402966)
      Successors: 402966
  BB: 401f0b in func 401d20 with 1 insts
    I: 401f0b (flow 401f10)
      Successors: 401f10
  BB: 401f10 in func 401d20 with 3 insts
    I: 401f10
    I: 401f16
    I: 401f1b (flow 4022e6)
      Successors: 401f21, 4022e6
  BB: 402910 in func 401d20 with 2 insts
    I: 402910
    I: 40291a (flow 402966)
      Successors: 402966
  BB: 40291f in func 401d20 with 2 insts
    I: 40291f
    I: 402929 (flow 402966)
      Successors: 402966
  BB: 401d20 in func 401d20 with 5 insts
    Referenced by data
    I: 401d20
    I: 401d21
    I: 401d24
    I: 401d2b
    I: 401d32
      Successors: 401d3c
  BB: 401f21 in func 401d20 with 1 insts
    I: 401f21 (flow 401f26)
      Successors: 401f26
  BB: 401f26 in func 401d20 with 3 insts
    I: 401f26
    I: 401f2c
    I: 401f31 (flow 40294c)
      Successors: 40294c, 401f37
  BB: 40212e in func 401d20 with 2 insts
    I: 40212e
    I: 402138 (flow 402966)
      Successors: 402966
  BB: 40292e in func 401d20 with 4 insts
    I: 40292e (imm 403041)
    I: 402938 (flow 405030)
    I: 40293d
    I: 402947 (flow 402966)
      Successors: 402966
  BB: 401f37 in func 401d20 with 1 insts
    I: 401f37 (flow 401f3c)
      Successors: 401f3c
  BB: 40233a in func 401d20 with 10 insts
    I: 40233a
    I: 402340
    I: 402342
    I: 402345
    I: 402348
    I: 40234d
    I: 402352
    I: 402356
    I: 402359
    I: 40235f (flow 402966)
      Successors: 402966
  BB: 401d3c in func 401d20 with 4 insts
    I: 401d3c
    I: 401d42
    I: 401d48
    I: 401d4d (flow 402901)
      Successors: 402901, 401d53
  BB: 401f3c in func 401d20 with 3 insts
    I: 401f3c
    I: 401f42
    I: 401f47 (flow 402802)
      Successors: 402802, 401f4d
  BB: 40213d in func 401d20 with 30 insts
    I: 40213d
    I: 402141
    I: 402145
    I: 402149
    I: 40214d
    I: 402151
    I: 402155
    I: 402159
    I: 40215d (imm 403038)
    I: 402167
    I: 402169 (flow 405038)
    I: 40216e
    I: 402172
    I: 402176
    I: 40217a
    I: 40217e
    I: 402182
    I: 402186
    I: 40218a
    I: 40218e (imm 403038)
    I: 402198
    I: 40219a (flow 405038)
    I: 40219f
    I: 4021a6
    I: 4021ab
    I: 4021b0
    I: 4021b4
    I: 4021b7
    I: 4021bd
    I: 4021c4 (flow 402966)
      Successors: 402966
  BB: 40294c in func 401d20 with 2 insts
    I: 40294c
    I: 402956 (flow 402966)
      Successors: 402966
  BB: 401f4d in func 401d20 with 1 insts
    I: 401f4d (flow 401f52)
      Successors: 401f52
  BB: 401f52 in func 401d20 with 3 insts
    I: 401f52
    I: 401f58
    I: 401f5d (flow 402261)
      Successors: 402261, 401f63
  BB: 401d53 in func 401d20 with 1 insts
    I: 401d53 (flow 401d58)
      Successors: 401d58
  BB: 401d58 in func 401d20 with 3 insts
    I: 401d58
    I: 401d5e
    I: 401d63 (flow 40288e)
      Successors: 401d69, 40288e
  BB: 40295b in func 401d20 with 4 insts
    I: 40295b
    I: 40295d
    I: 402964
    I: 402965
      No successors
  BB: 401f63 in func 401d20 with 1 insts
    I: 401f63 (flow 401f68)
      Successors: 401f68
  BB: 402364 in func 401d20 with 118 insts
    I: 402364
    I: 402367
    I: 40236a
    I: 40236c
    I: 40236e
    I: 402370
    I: 402374
    I: 402379
    I: 40237c
    I: 40237f
    I: 402381
    I: 402383
    I: 402385
    I: 40238a
    I: 40238d
    I: 40238f
    I: 402394
    I: 402398
    I: 40239d
    I: 4023a0
    I: 4023a3
    I: 4023a6
    I: 4023ac
    I: 4023ae
    I: 4023b4
    I: 4023b7
    I: 4023ba
    I: 4023bd
    I: 4023c0
    I: 4023c2
    I: 4023c4
    I: 4023c6
    I: 4023c9
    I: 4023cb
    I: 4023cd
    I: 4023cf
    I: 4023d3
    I: 4023d8
    I: 4023db
    I: 4023de
    I: 4023e0
    I: 4023e2
    I: 4023e4
    I: 4023e8
    I: 4023ed
    I: 4023f0
    I: 4023f3
    I: 4023f5
    I: 4023f7
    I: 4023f9
    I: 4023fe
    I: 402401
    I: 402403
    I: 402408
    I: 40240c
    I: 402411
    I: 402414
    I: 402417
    I: 40241a
    I: 40241c
    I: 40241e
    I: 402420
    I: 402423
    I: 402426
    I: 402429
    I: 40242c
    I: 40242e
    I: 402430
    I: 402432
    I: 402435
    I: 40243a
    I: 40243c
    I: 402441
    I: 402445
    I: 40244a
    I: 40244d
    I: 402450
    I: 402452
    I: 402454
    I: 402456
    I: 40245a
    I: 40245f
    I: 402462
    I: 402465
    I: 40246b
    I: 40246d
    I: 402473
    I: 402478
    I: 40247b
    I: 40247d
    I: 402482
    I: 402486
    I: 40248e
    I: 402491
    I: 402494
    I: 402497
    I: 40249d
    I: 40249f
    I: 4024a5
    I: 4024a8
    I: 4024ab
    I: 4024ae
    I: 4024b1
    I: 4024b3
    I: 4024b5
    I: 4024b7
    I: 4024ba
    I: 4024bf
    I: 4024c1
    I: 4024c6
    I: 4024ca
    I: 4024d2
    I: 4024d7
    I: 4024dc
    I: 4024e0
    I: 4024e3
    I: 4024e9
    I: 4024f0 (flow 402966)
      Successors: 402966
  BB: 402565 in func 401d20 with 11 insts
    I: 402565
    I: 40256b
    I: 40256d
    I: 402570
    I: 402573
    I: 402578
    I: 40257d
    I: 402581
    I: 402584
    I: 40258a
    I: 402591 (flow 402966)
      Successors: 402966
  BB: 402966 in func 401d20 with 1 insts
    I: 402966 (flow 401d3c)
      Successors: 401d3c
  BB: 401f68 in func 401d20 with 3 insts
    I: 401f68
    I: 401f6e
    I: 401f73 (flow 40212e)
      Successors: 401f79, 40212e
  BB: 401d69 in func 401d20 with 1 insts
    I: 401d69 (flow 401d6e)
      Successors: 401d6e
  BB: 401d6e in func 401d20 with 3 insts
    I: 401d6e
    I: 401d74
    I: 401d79 (flow 40263d)
      Successors: 40263d, 401d7f
  BB: 401f79 in func 401d20 with 1 insts
    I: 401f79 (flow 401f7e)
      Successors: 401f7e
  BB: 401f7e in func 401d20 with 3 insts
    I: 401f7e
    I: 401f84
    I: 401f89 (flow 4021c9)
      Successors: 4021c9, 401f8f
  BB: 401d7f in func 401d20 with 1 insts
    I: 401d7f (flow 401d84)
      Successors: 401d84
  BB: 401d84 in func 401d20 with 3 insts
    I: 401d84
    I: 401d8a
    I: 401d8f (flow 4026b3)
      Successors: 4026b3, 401d95
  BB: 402786 in func 401d20 with 8 insts
    I: 402786
    I: 40278e
    I: 402793
    I: 40279d
    I: 4027a0
    I: 4027a5
    I: 4027ad
    I: 4027b7 (flow 402966)
      Successors: 402966
  BB: 401f8f in func 401d20 with 1 insts
    I: 401f8f (flow 401f94)
      Successors: 401f94
  BB: 401f94 in func 401d20 with 3 insts
    I: 401f94
    I: 401f9a
    I: 401f9f (flow 40213d)
      Successors: 40213d, 401fa5
  BB: 401d95 in func 401d20 with 1 insts
    I: 401d95 (flow 401d9a)
      Successors: 401d9a
  BB: 402596 in func 401d20 with 28 insts
    I: 402596
    I: 40259b
    I: 4025a0
    I: 4025a5
    I: 4025aa
    I: 4025b2
    I: 4025ba
    I: 4025c1
    I: 4025c8 (flow 401b40)
    I: 4025cd
    I: 4025d0
    I: 4025d4
    I: 4025d7
    I: 4025d9
    I: 4025db
    I: 4025dd
    I: 4025e0
    I: 4025e3
    I: 4025e5
    I: 4025e8
    I: 4025eb
    I: 4025ee
    I: 4025f1
    I: 4025f3
    I: 4025f5
    I: 4025ff
    I: 402601
    I: 402607 (flow 402966)
      Successors: 402966
  BB: 401d9a in func 401d20 with 3 insts
    I: 401d9a
    I: 401da0
    I: 401da5 (flow 4027bc)
      Successors: 401dab, 4027bc
  BB: 401fa5 in func 401d20 with 1 insts
    I: 401fa5 (flow 401faa)
      Successors: 401faa
  BB: 401faa in func 401d20 with 3 insts
    I: 401faa
    I: 401fb0
    I: 401fb5 (flow 402870)
      Successors: 402870, 401fbb
  BB: 401dab in func 401d20 with 1 insts
    I: 401dab (flow 401db0)
      Successors: 401db0
  BB: 401db0 in func 401d20 with 3 insts
    I: 401db0
    I: 401db6
    I: 401dbb (flow 4028b6)
      Successors: 401dc1, 4028b6
  BB: 401fbb in func 401d20 with 1 insts
    I: 401fbb (flow 401fc0)
      Successors: 401fc0
  BB: 4027bc in func 401d20 with 7 insts
    I: 4027bc (mem 403008)
    I: 4027c4
    I: 4027c9
    I: 4027ce
    I: 4027d6
    I: 4027d9
    I: 4027df (flow 402966)
      Successors: 402966
  BB: 401fc0 in func 401d20 with 3 insts
    I: 401fc0
    I: 401fc6
    I: 401fcb (flow 402848)
      Successors: 402848, 401fd1
  BB: 401dc1 in func 401d20 with 1 insts
    I: 401dc1 (flow 401dc6)
      Successors: 401dc6
  BB: 401dc6 in func 401d20 with 3 insts
    I: 401dc6
    I: 401dcc
    I: 401dd1 (flow 4026ec)
      Successors: 4026ec, 401dd7
  BB: 4021c9 in func 401d20 with 30 insts
    I: 4021c9
    I: 4021cc
    I: 4021cf
    I: 4021d2
    I: 4021d5
    I: 4021d9
    I: 4021dd
    I: 4021e1
    I: 4021e4
    I: 4021e8
    I: 4021ec (flow 401140)
    I: 4021f1
    I: 4021f4
    I: 4021f8
    I: 4021fb
    I: 4021fd
    I: 4021ff
    I: 402201
    I: 402204
    I: 402207
    I: 402209
    I: 40220c
    I: 40220f
    I: 402212
    I: 402215
    I: 402217
    I: 402219
    I: 402223
    I: 402225
    I: 40222b (flow 402966)
      Successors: 402966
  BB: 401fd1 in func 401d20 with 1 insts
    I: 401fd1 (flow 401fd6)
      Successors: 401fd6
  BB: 401fd6 in func 401d20 with 3 insts
    I: 401fd6
    I: 401fdc
    I: 401fe1 (flow 402049)
      Successors: 402049, 401fe7
  BB: 401dd7 in func 401d20 with 1 insts
    I: 401dd7 (flow 401ddc)
      Successors: 401ddc
  BB: 401ddc in func 401d20 with 3 insts
    I: 401ddc
    I: 401de2
    I: 401de7 (flow 4024f5)
      Successors: 4024f5, 401ded
  BB: 4027e4 in func 401d20 with 4 insts
    I: 4027e4 (imm 403041)
    I: 4027ee (flow 405030)
    I: 4027f3
    I: 4027fd (flow 402966)
      Successors: 402966
  BB: 401fe7 in func 401d20 with 1 insts
    I: 401fe7 (flow 401fec)
      Successors: 401fec
  BB: 401fec in func 401d20 with 3 insts
    I: 401fec
    I: 401ff2
    I: 401ff7 (flow 402596)
      Successors: 401ffd, 402596
  BB: 401ded in func 401d20 with 1 insts
    I: 401ded (flow 401df2)
      Successors: 401df2
  BB: 401df2 in func 401d20 with 3 insts
    I: 401df2
    I: 401df8
    I: 401dfd (flow 402786)
      Successors: 401e03, 402786
  BB: 401ffd in func 401d20 with 1 insts
    I: 401ffd (flow 402002)
      Successors: 402002
Recovering .term_proc at 40296c
  Analysing subroutine .term_proc at 40296c
    Block head at 00402979 is not code.
  Subroutine .term_proc at 40296c has 1 blocks
  BB: 40296c in func 40296c with 4 insts
    I: 40296c
    I: 402970
    I: 402974
    I: 402978
      No successors
Global Variable None
WARNING: Global constructor and destructor sections are adjacent!
Recovering region LOAD [400000, 4004e8) in segment LOAD
  8-byte reference at 400018 to 401050 (start)
  8-byte reference at 4000f8 to 401000 (.init_proc)
  8-byte reference at 400130 to 403000 ()
  8-byte reference at 400168 to 404de8 ()
  8-byte reference at 400280 to 403064 ()
  8-byte reference at 4002f0 to 404de8 ()
Recovering region .init [401000, 40101b) in segment .init
Recovering region LOAD [40101b, 401020) in segment LOAD
Recovering region .plt [401020, 401050) in segment .plt
Recovering region .text [401050, 40296b) in segment .text
Recovering region LOAD [40296b, 40296c) in segment LOAD
Recovering region .fini [40296c, 402979) in segment .fini
Recovering region .rodata [403000, 403063) in segment .rodata
  Variable aDDDD at 403038
  Variable s at 403041
  Variable aSyoKichi at 403045
  Variable aChuKichi at 40304f
  Variable aDai at 403059
  Variable aKichi at 40305d
Recovering region LOAD [403063, 403064) in segment LOAD
Recovering region .eh_frame_hdr [403064, 4030a0) in segment .eh_frame_hdr
Recovering region .eh_frame [4030a0, 403178) in segment .eh_frame
Recovering region LOAD [403178, 4031b8) in segment LOAD
Recovering region .init_array [404de8, 404df8) in segment .init_array
  8-byte reference at 404de8 to 401130 ()
  8-byte reference at 404df0 to 401100 ()
Recovering region LOAD [404df8, 404fd8) in segment LOAD
Recovering region .got [404fd8, 404fe8) in segment .got
  8-byte reference at 404fd8 to 405028 (__libc_start_main)
  8-byte reference at 404fe0 to 405040 (__gmon_start__)
Recovering region .got.plt [404fe8, 405010) in segment .got.plt
  8-byte reference at 405000 to 405030 (puts)
  8-byte reference at 405008 to 405038 (__isoc99_scanf)
Recovering region .data [405010, 405020) in segment .data
Recovering region .bss [405020, 405028) in segment .bss
Recovering extern function puts at 401030
Recovering extern function __isoc99_scanf at 401040
Recovering extern function __libc_start_main at 405028
Recovering extern function puts at 405030
Recovering extern function __isoc99_scanf at 405038
Recovering extern function __gmon_start__ at 405040
Recovered 10 functions.
Saving to: /home/ubuntu/capstone_project/result/pipeline_20260629_141746/s092944415_fla_instsub.cfg
Done analysis!
