Debugging is enabled.
Loading Standard Definitions file: /home/ubuntu/capstone_project/dependency/mcsema/mcsema/lib/python3/site-packages/mcsema_disass-3.1.3.8-py3.8.egg/mcsema_disass/defs/linux.txt
Using Batch mode.
Starting analysis
Recovering module s092944415_bcf.elf
Found main at 402540
Looking for instructions in segment .init
  Default block heads for function 401000 with loose bounds [401000, 40101b)
    block [401000, 401014)
    block [401014, 401016)
    block [401016, 40101b)
    chunk [401000, 40101b)
Looking for instructions in segment .plt
  Default block heads for function 401020 with loose bounds [401020, 40102c)
    block [401020, 40102c)
    chunk [401020, 40102c)
  Default block heads for function 401030 with loose bounds [401030, 401036)
    block [401030, 401036)
    chunk [401030, 401036)
  Default block heads for function 401040 with loose bounds [401040, 401046)
    block [401040, 401046)
    chunk [401040, 401046)
Looking for instructions in segment .text
  Default block heads for function 401050 with loose bounds [401050, 401076)
    block [401050, 401076)
    chunk [401050, 401076)
  Default block heads for function 401090 with loose bounds [401090, 4010b1)
    block [401090, 40109d)
    block [40109d, 4010a7)
    block [4010a7, 4010ae)
    block [4010b0, 4010b1)
    chunk [401090, 4010b1)
  Default block heads for function 401100 with loose bounds [401100, 401121)
    block [401100, 40110d)
    block [40110d, 40111f)
    block [401120, 401121)
    chunk [401100, 401121)
  Default block heads for function 401130 with loose bounds [401130, 401136)
    block [401130, 401136)
    chunk [401130, 401136)
    chunk [4010c0, 4010f1)
  Default block heads for function 401140 with loose bounds [401140, 402307)
    block [401140, 4011a7)
    block [4011a7, 4011ac)
    block [4011ac, 4016b2)
    block [4016b2, 4016b7)
    block [4016b7, 4016c2)
    block [4016c2, 4016c7)
    block [4016c7, 4016d8)
    block [4016d8, 4016e6)
    block [4016e6, 4016f7)
    block [4016f7, 401708)
    block [401708, 401719)
    block [401719, 40174c)
    block [40174c, 401751)
    block [401751, 401798)
    block [401798, 40179d)
    block [40179d, 4017ab)
    block [4017ab, 4017b0)
    block [4017b0, 4017c1)
    block [4017c1, 4017f4)
    block [4017f4, 4017f9)
    block [4017f9, 401839)
    block [401839, 40183e)
    block [40183e, 401843)
    block [401843, 401876)
    block [401876, 40187b)
    block [40187b, 4018bf)
    block [4018bf, 4018c4)
    block [4018c4, 4018d2)
    block [4018d2, 4018d7)
    block [4018d7, 40190a)
    block [40190a, 40190f)
    block [40190f, 401956)
    block [401956, 40195b)
    block [40195b, 401969)
    block [401969, 40196e)
    block [40196e, 40197f)
    block [40197f, 401990)
    block [401990, 4019a1)
    block [4019a1, 4019d4)
    block [4019d4, 4019d9)
    block [4019d9, 401a20)
    block [401a20, 401a25)
    block [401a25, 401a33)
    block [401a33, 401a38)
    block [401a38, 401a6b)
    block [401a6b, 401a70)
    block [401a70, 401ab7)
    block [401ab7, 401abc)
    block [401abc, 401aca)
    block [401aca, 401acf)
    block [401acf, 401add)
    block [401add, 401b10)
    block [401b10, 401b15)
    block [401b15, 401b59)
    block [401b59, 401b5e)
    block [401b5e, 401b6c)
    block [401b6c, 401b71)
    block [401b71, 401b82)
    block [401b82, 401b90)
    block [401b90, 401b9e)
    block [401b9e, 401bb0)
    block [401bb0, 401bbd)
    block [401bbd, 401bf0)
    block [401bf0, 401bf5)
    block [401bf5, 401c37)
    block [401c37, 401c3c)
    block [401c3c, 401c51)
    block [401c51, 4022d2)
    block [4022d2, 4022d7)
    block [4022d7, 4022e9)
    block [4022e9, 4022ee)
    block [4022ee, 4022f3)
    block [4022f3, 4022f8)
    block [4022f8, 4022fd)
    block [4022fd, 402302)
    block [402302, 402307)
    chunk [401140, 402307)
  Default block heads for function 402310 with loose bounds [402310, 402534)
    block [402310, 402389)
    block [402389, 4023bc)
    block [4023bc, 4023c1)
    block [4023c1, 402407)
    block [402407, 40240c)
    block [40240c, 402417)
    block [402417, 40241c)
    block [40241c, 402428)
    block [402428, 4024af)
    block [4024af, 4024e2)
    block [4024e2, 4024e7)
    block [4024e7, 402520)
    block [402520, 402525)
    block [402525, 40252a)
    block [40252a, 40252f)
    block [40252f, 402534)
    chunk [402310, 402534)
  Default block heads for function 402540 with loose bounds [402540, 40379e)
    block [402540, 402585)
    block [402585, 40258a)
    block [40258a, 4026ec)
    block [4026ec, 4026f1)
    block [4026f1, 4026f6)
    block [4026f6, 402729)
    block [402729, 40272e)
    block [40272e, 4027b2)
    block [4027b2, 4027b7)
    block [4027b7, 4027c5)
    block [4027c5, 4027ca)
    block [4027ca, 4027cf)
    block [4027cf, 402857)
    block [402857, 4028a3)
    block [4028a3, 4028e2)
    block [4028e2, 4028e7)
    block [4028e7, 40293b)
    block [40293b, 402940)
    block [402940, 402957)
    block [402957, 40295c)
    block [40295c, 4029aa)
    block [4029aa, 4029cf)
    block [4029cf, 402a02)
    block [402a02, 402a07)
    block [402a07, 402a86)
    block [402a86, 402a8b)
    block [402a8b, 402a9c)
    block [402a9c, 402adb)
    block [402adb, 402ae0)
    block [402ae0, 402b34)
    block [402b34, 402b39)
    block [402b39, 402b47)
    block [402b47, 402b4c)
    block [402b4c, 402b7f)
    block [402b7f, 402b84)
    block [402b84, 402cf7)
    block [402cf7, 402cfc)
    block [402cfc, 402d13)
    block [402d13, 402d18)
    block [402d18, 402d72)
    block [402d72, 402d97)
    block [402d97, 402de8)
    block [402de8, 402e0d)
    block [402e0d, 402e40)
    block [402e40, 402e45)
    block [402e45, 402ecf)
    block [402ecf, 402ed4)
    block [402ed4, 402ee5)
    block [402ee5, 402f24)
    block [402f24, 402f29)
    block [402f29, 402f71)
    block [402f71, 402f76)
    block [402f76, 402f7b)
    block [402f7b, 402f8b)
    block [402f8b, 402fbe)
    block [402fbe, 402fc3)
    block [402fc3, 403077)
    block [403077, 40307c)
    block [40307c, 40308a)
    block [40308a, 40308f)
    block [40308f, 4030b2)
    block [4030b2, 4030c8)
    block [4030c8, 4030dc)
    block [4030dc, 4030f2)
    block [4030f2, 403106)
    block [403106, 40311c)
    block [40311c, 40314f)
    block [40314f, 403154)
    block [403154, 403196)
    block [403196, 40319b)
    block [40319b, 4031a0)
    block [4031a0, 4031d3)
    block [4031d3, 4031d8)
    block [4031d8, 403224)
    block [403224, 403229)
    block [403229, 403237)
    block [403237, 40323c)
    block [40323c, 40326f)
    block [40326f, 403274)
    block [403274, 4032b6)
    block [4032b6, 4032bb)
    block [4032bb, 4032c0)
    block [4032c0, 4032f3)
    block [4032f3, 4032f8)
    block [4032f8, 40333a)
    block [40333a, 40333f)
    block [40333f, 403344)
    block [403344, 403349)
    block [403349, 40334e)
    block [40334e, 403381)
    block [403381, 403386)
    block [403386, 4033b9)
    block [4033b9, 4033be)
    block [4033be, 4033c3)
    block [4033c3, 4033c8)
    block [4033c8, 4033d7)
    block [4033d7, 40340a)
    block [40340a, 40340f)
    block [40340f, 403442)
    block [403442, 403447)
    block [403447, 40344c)
    block [40344c, 40345b)
    block [40345b, 403470)
    block [403470, 4034a2)
    block [4034a2, 4034bc)
    block [4034bc, 4034ff)
    block [4034ff, 403519)
    block [403519, 403665)
    block [403665, 4036b3)
    block [4036b3, 4036cd)
    block [4036cd, 403753)
    block [403753, 403767)
    block [403767, 40376c)
    block [40376c, 403780)
    block [403780, 403794)
    block [403794, 403799)
    block [403799, 40379e)
    chunk [402540, 40379e)
Looking for instructions in segment .fini
  Default block heads for function 4037a0 with loose bounds [4037a0, 4037ad)
    block [4037a0, 4037ad)
    chunk [4037a0, 4037ad)
Looking for strings in segment .rodata [404000, 404063)
  Found string b'%d%d%d%d' of length 9 at 404038, jumping to 404041
  Found string b'kyo' of length 4 at 404041, jumping to 404045
  Found string b'syo-kichi' of length 10 at 404045, jumping to 40404f
  Found string b'chu-kichi' of length 10 at 40404f, jumping to 404059
  Found string b'dai-kichi' of length 4 at 404059, jumping to 40405d
  Found string b'kichi' of length 6 at 40405d, jumping to 404063
Looking for strings in segment .eh_frame_hdr [404064, 4040a0)
Looking for strings in segment .eh_frame [4040a0, 40418c)
Looking for strings in segment .init_array [405de8, 405df0)
Looking for strings in segment .fini_array [405df0, 405df8)
Looking for strings in segment .got [405fd8, 405fe8)
Looking for strings in segment .got.plt [405fe8, 406010)
Looking for strings in segment .data [406010, 406020)
Looking for strings in segment .bss [406020, 406040)
Looking for strings in segment extern [406040, 406060)
Looking for cross-references in segment .init [401000, 40101b)
Looking for cross-references in segment .plt [401020, 401050)
  Stopping scan at 40102c
Looking for cross-references in segment .text [401050, 40379e)
  Stopping scan at 40107c
  Stopping scan at 40108c
  Stopping scan at ffffffffffffffff
  Stopping scan at 4010bc
  Stopping scan at 4010fc
  Stopping scan at ffffffffffffffff
  Stopping scan at 40112c
  Stopping scan at 40113c
  Stopping scan at 40230c
  Stopping scan at 40253c
Looking for cross-references in segment .fini [4037a0, 4037ad)
Looking for cross-references in segment .rodata [404000, 404063)
  Found string at 404038, jumping to 404041
  Found string at 404041, jumping to 404045
  Found string at 404045, jumping to 40404f
  Found string at 40404f, jumping to 404059
  Found string at 404059, jumping to 40405d
  Found string at 40405d, jumping to 404063
  Stopping scan at 40405d
Looking for cross-references in segment .eh_frame_hdr [404064, 4040a0)
  Stopping scan at 40409c
Looking for cross-references in segment .eh_frame [4040a0, 40418c)
  Stopping scan at 404188
Looking for cross-references in segment .init_array [405de8, 405df0)
  Adding qword reference from 405de8 to 401130
  Stopping scan at 405de8
Looking for cross-references in segment .fini_array [405df0, 405df8)
  Adding qword reference from 405df0 to 401100
  Stopping scan at 405df0
Looking for cross-references in segment .got [405fd8, 405fe8)
  Adding qword reference from 405fd8 to 406040
  Adding qword reference from 405fe0 to 406058
  Stopping scan at 405fe0
Looking for cross-references in segment .got.plt [405fe8, 406010)
  Adding qword reference from 406000 to 406048
  Adding qword reference from 406008 to 406050
  Stopping scan at 406008
Looking for cross-references in segment .data [406010, 406020)
  Stopping scan at 40601c
Looking for cross-references in segment .bss [406020, 406040)
  Stopping scan at 40603c
Looking for cross-references in segment extern [406040, 406060)
  Stopping scan at 40605c
Looking for thunks
  Found thunk for puts targeting 406048 at 401030
  Found thunk for __isoc99_scanf targeting 406050 at 401040
Looking for external symbols
  Function at 401030 is the external function puts
  Function at 401040 is the external function __isoc99_scanf
  Function at 406040 is the external function __libc_start_main
  Function at 406048 is the external function puts
  Function at 406050 is the external function __isoc99_scanf
  Function at 406058 is the external function __gmon_start__
Looking for entrypoints
Recovering .init_proc at 401000
  Analysing subroutine .init_proc at 401000
    Block head at 0040101b is not code.
  Subroutine .init_proc at 401000 has 3 blocks
  BB: 401000 in func 401000 with 5 insts
    Referenced by data
    I: 401000
    I: 401004
    I: 401008 (mem 405fe0)
    I: 40100f
    I: 401012 (flow 401016)
      Successors: 401014, 401016
  BB: 401014 in func 401000 with 1 insts
    I: 401014
      Successors: 401016
  BB: 401016 in func 401000 with 2 insts
    I: 401016
    I: 40101a
      No successors
Recovering 401020
  Analysing subroutine sub_401020 at 401020
  WARNING: No table entries for indirect jump at 401026; Adding next_ea 40102c as successor.
  Subroutine sub_401020 at 401020 has 2 blocks
  WARNING: No table entries for indirect jump at 401026; Adding next_ea 40102c as successor.
  BB: 401020 in func 401020 with 2 insts
    I: 401020 (mem 405ff0)
    I: 401026 (mem 405ff8)
      Successors: 40102c
  BB: 40102c in func 401020 with 1 insts
    I: 40102c
      No successors
Recovering start at 401050
  Analysing subroutine start at 401050
  Subroutine start at 401050 has 3 blocks
  BB: 401050 in func 401050 with 13 insts
    Referenced by data
    I: 401050
    I: 401054
    I: 401056
    I: 401059
    I: 40105a
    I: 40105d
    I: 401061
    I: 401062
    I: 401063
    I: 401066
    I: 401068 (imm 402540)
    I: 40106f (mem 405fd8)
    I: 401075
      No successors
  BB: 401085 in func 401050 with 2 insts
    I: 401085
    I: 40108f
      No successors
  BB: 401076 in func 401050 with 3 insts
    I: 401076
    I: 401080
    I: 401084
      No successors
Recovering 401090
  Analysing subroutine sub_401090 at 401090
  WARNING: No table entries for indirect jump at 4010ac; Adding next_ea 4010ae as successor.
  WARNING: No table entries for indirect jump at 4010ee; Adding next_ea 4010f0 as successor.
  Subroutine sub_401090 at 401090 has 11 blocks
  BB: 4010c0 in func 401090 with 8 insts
    I: 4010c0 (imm 406020)
    I: 4010c5 (imm 406020)
    I: 4010cc
    I: 4010cf
    I: 4010d3
    I: 4010d7
    I: 4010da
    I: 4010dd (flow 4010f0)
      Successors: 4010f0, 4010df
  WARNING: No table entries for indirect jump at 4010ac; Adding next_ea 4010ae as successor.
  BB: 4010a7 in func 401090 with 2 insts
    I: 4010a7 (imm 406020)
    I: 4010ac
      Successors: 4010ae
  WARNING: No table entries for indirect jump at 4010ee; Adding next_ea 4010f0 as successor.
  BB: 4010e9 in func 401090 with 2 insts
    I: 4010e9 (imm 406020)
    I: 4010ee
      Successors: 4010f0
  BB: 4010ae in func 401090 with 1 insts
    I: 4010ae
      Successors: 4010b0
  BB: 401090 in func 401090 with 3 insts
    I: 401090 (imm 406020)
    I: 401095 (imm 406020)
    I: 40109b (flow 4010b0)
      Successors: 4010b0, 40109d
  BB: 4010b0 in func 401090 with 1 insts
    I: 4010b0
      No successors
  BB: 4010b1 in func 401090 with 2 insts
    I: 4010b1
    I: 4010b5
      Successors: 4010c0
  BB: 4010f0 in func 401090 with 1 insts
    I: 4010f0
      No successors
  BB: 4010f1 in func 401090 with 2 insts
    I: 4010f1
    I: 4010f5
      No successors
  BB: 40109d in func 401090 with 3 insts
    I: 40109d
    I: 4010a2
    I: 4010a5 (flow 4010b0)
      Successors: 4010b0, 4010a7
  BB: 4010df in func 401090 with 3 insts
    I: 4010df
    I: 4010e4
    I: 4010e7 (flow 4010f0)
      Successors: 4010f0, 4010e9
Recovering 401100
  Analysing subroutine sub_401100 at 401100
  Subroutine sub_401100 at 401100 has 5 blocks
  BB: 401100 in func 401100 with 3 insts
    Referenced by data
    I: 401100
    I: 401104 (mem 406020)
    I: 40110b (flow 401120)
      Successors: 401120, 40110d
  BB: 401121 in func 401100 with 2 insts
    I: 401121
    I: 401125
      No successors
  BB: 401120 in func 401100 with 1 insts
    I: 401120
      No successors
  BB: 40110d in func 401100 with 6 insts
    I: 40110d
    I: 40110e
    I: 401111 (flow 401090)
    I: 401116 (mem 406020)
    I: 40111d
    I: 40111e
      No successors
  BB: 40111f in func 401100 with 1 insts
    I: 40111f
      Successors: 401120
Recovering 401130
  Analysing subroutine sub_401130 at 401130
  WARNING: No table entries for indirect jump at 4010ee; Adding next_ea 4010f0 as successor.
  Subroutine sub_401130 at 401130 has 6 blocks
  BB: 4010c0 in func 401130 with 8 insts
    I: 4010c0 (imm 406020)
    I: 4010c5 (imm 406020)
    I: 4010cc
    I: 4010cf
    I: 4010d3
    I: 4010d7
    I: 4010da
    I: 4010dd (flow 4010f0)
      Successors: 4010f0, 4010df
  WARNING: No table entries for indirect jump at 4010ee; Adding next_ea 4010f0 as successor.
  BB: 4010e9 in func 401130 with 2 insts
    I: 4010e9 (imm 406020)
    I: 4010ee
      Successors: 4010f0
  BB: 401130 in func 401130 with 2 insts
    Referenced by data
    I: 401130
    I: 401134 (flow 4010c0)
      Successors: 4010c0
  BB: 4010f0 in func 401130 with 1 insts
    I: 4010f0
      No successors
  BB: 401136 in func 401130 with 1 insts
    I: 401136
      No successors
  BB: 4010df in func 401130 with 3 insts
    I: 4010df
    I: 4010e4
    I: 4010e7 (flow 4010f0)
      Successors: 4010f0, 4010e9
Recovering 401140
  Analysing subroutine sub_401140 at 401140
  Subroutine sub_401140 at 401140 has 79 blocks
  BB: 401a20 in func 401140 with 1 insts
    I: 401a20 (flow 4022f3)
      Successors: 4022f3
  BB: 401a25 in func 401140 with 3 insts
    I: 401a25
    I: 401a2b
    I: 401a2d (flow 401b9e)
      Successors: 401a33, 401b9e
  BB: 401a33 in func 401140 with 1 insts
    I: 401a33 (flow 401a38)
      Successors: 401a38
  BB: 401c37 in func 401140 with 1 insts
    I: 401c37 (flow 402302)
      Successors: 402302
  BB: 401a38 in func 401140 with 15 insts
    I: 401a38 (imm 406024)
    I: 401a3f
    I: 401a41 (imm 406030)
    I: 401a48
    I: 401a4a
    I: 401a4c
    I: 401a4f
    I: 401a52
    I: 401a55
    I: 401a58
    I: 401a5b
    I: 401a5e
    I: 401a61
    I: 401a63
    I: 401a65 (flow 401a70)
      Successors: 401a70, 401a6b
  BB: 401839 in func 401140 with 1 insts
    I: 401839 (flow 4022d7)
      Successors: 4022d7
  BB: 401c3c in func 401140 with 9 insts
    I: 401c3c
    I: 401c42
    I: 401c46
    I: 401c47
    I: 401c49
    I: 401c4b
    I: 401c4d
    I: 401c4f
    I: 401c50
      No successors
  BB: 40183e in func 401140 with 1 insts
    I: 40183e (flow 401bbd)
      Successors: 401bbd
  BB: 401843 in func 401140 with 15 insts
    I: 401843 (imm 406024)
    I: 40184a
    I: 40184c (imm 406030)
    I: 401853
    I: 401855
    I: 401857
    I: 40185a
    I: 40185d
    I: 401860
    I: 401863
    I: 401866
    I: 401869
    I: 40186c
    I: 40186e
    I: 401870 (flow 40187b)
      Successors: 40187b, 401876
  BB: 401c51 in func 401140 with 256 insts
    I: 401c51
    I: 401c54
    I: 401c57
    I: 401c5b
    I: 401c5e
    I: 401c61
    I: 401c65
    I: 401c6c
    I: 401c6f
    I: 401c72
    I: 401c76
    I: 401c7d
    I: 401c80
    I: 401c83
    I: 401c87
    I: 401c8e
    I: 401c91
    I: 401c94
    I: 401c98
    I: 401c9f
    I: 401ca2
    I: 401ca5
    I: 401ca9
    I: 401cb0
    I: 401cb3
    I: 401cb6
    I: 401cba
    I: 401cc1
    I: 401cc4
    I: 401cc7
    I: 401ccb
    I: 401cd2
    I: 401cd5
    I: 401cd8
    I: 401cdc
    I: 401ce3
    I: 401ce6
    I: 401ce9
    I: 401ced
    I: 401cf4
    I: 401cf7
    I: 401cfa
    I: 401cfe
    I: 401d05
    I: 401d08
    I: 401d0b
    I: 401d0f
    I: 401d16
    I: 401d19
    I: 401d1c
    I: 401d20
    I: 401d27
    I: 401d2a
    I: 401d2d
    I: 401d31
    I: 401d34
    I: 401d37
    I: 401d3b
    I: 401d3e
    I: 401d41
    I: 401d45
    I: 401d4c
    I: 401d4f
    I: 401d52
    I: 401d56
    I: 401d5d
    I: 401d60
    I: 401d63
    I: 401d67
    I: 401d6a
    I: 401d6d
    I: 401d71
    I: 401d74
    I: 401d77
    I: 401d7b
    I: 401d7e
    I: 401d81
    I: 401d85
    I: 401d8c
    I: 401d8f
    I: 401d92
    I: 401d96
    I: 401d9d
    I: 401da0
    I: 401da3
    I: 401da7
    I: 401dae
    I: 401db1
    I: 401db4
    I: 401db8
    I: 401dbf
    I: 401dc2
    I: 401dc5
    I: 401dc9
    I: 401dd0
    I: 401dd3
    I: 401dd6
    I: 401dda
    I: 401ddd
    I: 401de0
    I: 401de4
    I: 401de7
    I: 401dea
    I: 401dee
    I: 401df1
    I: 401df4
    I: 401df8
    I: 401dfb
    I: 401dfe
    I: 401e02
    I: 401e05
    I: 401e08
    I: 401e0c
    I: 401e0f
    I: 401e12
    I: 401e16
    I: 401e19
    I: 401e1c
    I: 401e20
    I: 401e27
    I: 401e2a
    I: 401e31
    I: 401e33
    I: 401e36
    I: 401e3d
    I: 401e3f
    I: 401e42
    I: 401e49
    I: 401e4b
    I: 401e4e
    I: 401e55
    I: 401e57
    I: 401e5a
    I: 401e61
    I: 401e63
    I: 401e66
    I: 401e6d
    I: 401e6f
    I: 401e72
    I: 401e79
    I: 401e7b
    I: 401e7e
    I: 401e85
    I: 401e87
    I: 401e8e
    I: 401e95
    I: 401e97
    I: 401e99
    I: 401e9b
    I: 401ea2
    I: 401ea5
    I: 401ea8
    I: 401eaf
    I: 401eb6
    I: 401eb8
    I: 401eba
    I: 401ebc
    I: 401ec3
    I: 401ec6
    I: 401ec9
    I: 401ed0
    I: 401ed7
    I: 401ed9
    I: 401edb
    I: 401edd
    I: 401ee4
    I: 401ee7
    I: 401eea
    I: 401ef1
    I: 401ef8
    I: 401efa
    I: 401efc
    I: 401f03
    I: 401f06
    I: 401f09
    I: 401f10
    I: 401f17
    I: 401f19
    I: 401f1b
    I: 401f1d
    I: 401f24
    I: 401f27
    I: 401f2a
    I: 401f31
    I: 401f38
    I: 401f3a
    I: 401f3c
    I: 401f3e
    I: 401f45
    I: 401f47
    I: 401f4a
    I: 401f51
    I: 401f58
    I: 401f5a
    I: 401f5c
    I: 401f5e
    I: 401f65
    I: 401f68
    I: 401f6b
    I: 401f72
    I: 401f74
    I: 401f76
    I: 401f78
    I: 401f7f
    I: 401f82
    I: 401f85
    I: 401f8c
    I: 401f8e
    I: 401f90
    I: 401f92
    I: 401f99
    I: 401f9c
    I: 401f9f
    I: 401fa6
    I: 401fa8
    I: 401faa
    I: 401fac
    I: 401fb3
    I: 401fb6
    I: 401fb9
    I: 401fc0
    I: 401fc7
    I: 401fc9
    I: 401fcb
    I: 401fcd
    I: 401fd4
    I: 401fd6
    I: 401fd9
    I: 401fe0
    I: 401fe2
    I: 401fe4
    I: 401fe6
    I: 401fed
    I: 401fef
    I: 401ff2
    I: 401ff9
    I: 401ffc
    I: 401fff
    I: 402003
    I: 40200a
    I: 402011
    I: 402018
    I: 40201b
    I: 40201e
    I: 402022
    I: 402029
    I: 40202c
    I: 402033
    I: 402036
    I: 40203d
    I: 402040
    I: 402043
    I: 402047
    I: 40204e
    I: 402055
    I: 402058
      Successors: 40205b
  BB: 40205b in func 401140 with 156 insts
    I: 40205b
    I: 40205f
    I: 402066
    I: 402069
    I: 402070
    I: 402073
    I: 40207a
    I: 402081
    I: 402084
    I: 40208b
    I: 40208e
    I: 402090
    I: 402093
    I: 40209a
    I: 40209e
    I: 4020a5
    I: 4020ac
    I: 4020af
    I: 4020b1
    I: 4020b4
    I: 4020bb
    I: 4020be
    I: 4020c2
    I: 4020c9
    I: 4020cc
    I: 4020d3
    I: 4020d6
    I: 4020dd
    I: 4020e4
    I: 4020e7
    I: 4020ea
    I: 4020ee
    I: 4020f5
    I: 4020fc
    I: 4020ff
    I: 402102
    I: 402106
    I: 40210d
    I: 402110
    I: 402117
    I: 40211a
    I: 402121
    I: 402128
    I: 40212b
    I: 40212e
    I: 402132
    I: 402139
    I: 402140
    I: 402147
    I: 40214a
    I: 40214d
    I: 402151
    I: 402158
    I: 40215b
    I: 402162
    I: 402165
    I: 40216c
    I: 40216f
    I: 402172
    I: 402176
    I: 402179
    I: 40217c
    I: 402180
    I: 402187
    I: 40218a
    I: 402191
    I: 402194
    I: 40219b
    I: 40219e
    I: 4021a1
    I: 4021a4
    I: 4021a7
    I: 4021ae
    I: 4021b2
    I: 4021b5
    I: 4021b8
    I: 4021ba
    I: 4021bd
    I: 4021c4
    I: 4021c8
    I: 4021cf
    I: 4021d2
    I: 4021d9
    I: 4021dd
    I: 4021e4
    I: 4021e7
    I: 4021ea
    I: 4021ee
    I: 4021f1
    I: 4021f4
    I: 4021f8
    I: 4021ff
    I: 402202
    I: 402209
    I: 40220d
    I: 402210
    I: 402213
    I: 402216
    I: 402219
    I: 40221b
    I: 40221e
    I: 402222
    I: 402225
    I: 402228
    I: 40222b
    I: 40222e
    I: 402230
    I: 402233
    I: 40223a
    I: 40223e
    I: 402245
    I: 402248
    I: 40224b
    I: 40224e
    I: 402250
    I: 402253
    I: 402256
    I: 40225a
    I: 40225d
    I: 402260
    I: 402263
    I: 402266
    I: 40226a
    I: 40226d
    I: 402270
    I: 402273
    I: 402276
    I: 402279
    I: 40227c
    I: 40227f
    I: 402283
    I: 402286
    I: 402289
    I: 40228c
    I: 40228f
    I: 402292
    I: 402295
    I: 402299
    I: 40229c
    I: 40229f
    I: 4022a2
    I: 4022a4
    I: 4022a7
    I: 4022aa
    I: 4022ac
    I: 4022af
    I: 4022b3
    I: 4022b6
    I: 4022b8
    I: 4022bb
    I: 4022be
    I: 4022c0
    I: 4022c3
    I: 4022c7
    I: 4022ca
    I: 4022cd (flow 4011ac)
      Successors: 4011ac
  BB: 401a6b in func 401140 with 1 insts
    I: 401a6b (flow 4022f8)
      Successors: 4022f8
  BB: 401a70 in func 401140 with 19 insts
    I: 401a70
    I: 401a77
    I: 401a7b
    I: 401a7e
    I: 401a84 (imm 406024)
    I: 401a8b
    I: 401a8d (imm 406030)
    I: 401a94
    I: 401a96
    I: 401a98
    I: 401a9b
    I: 401a9e
    I: 401aa1
    I: 401aa4
    I: 401aa7
    I: 401aaa
    I: 401aad
    I: 401aaf
    I: 401ab1 (flow 401abc)
      Successors: 401abc, 401ab7
  BB: 401876 in func 401140 with 1 insts
    I: 401876 (flow 4022e9)
      Successors: 4022e9
  BB: 40187b in func 401140 with 19 insts
    I: 40187b
    I: 40187f
    I: 401883
    I: 401886
    I: 40188c (imm 406024)
    I: 401893
    I: 401895 (imm 406030)
    I: 40189c
    I: 40189e
    I: 4018a0
    I: 4018a3
    I: 4018a6
    I: 4018a9
    I: 4018ac
    I: 4018af
    I: 4018b2
    I: 4018b5
    I: 4018b7
    I: 4018b9 (flow 4018c4)
      Successors: 4018c4, 4018bf
  BB: 4016b2 in func 401140 with 1 insts
    I: 4016b2 (flow 401c51)
      Successors: 401c51
  BB: 4016b7 in func 401140 with 3 insts
    I: 4016b7
    I: 4016ba
    I: 4016bc (flow 4016c7)
      Successors: 4016c2, 4016c7
  BB: 401ab7 in func 401140 with 1 insts
    I: 401ab7 (flow 4022f8)
      Successors: 4022f8
  BB: 401abc in func 401140 with 3 insts
    I: 401abc
    I: 401ac2
    I: 401ac4 (flow 401acf)
      Successors: 401aca, 401acf
  BB: 4018bf in func 401140 with 1 insts
    I: 4018bf (flow 4022e9)
      Successors: 4022e9
  BB: 4016c2 in func 401140 with 1 insts
    I: 4016c2 (flow 4016d8)
      Successors: 4016d8
  BB: 4018c4 in func 401140 with 3 insts
    I: 4018c4
    I: 4018ca
    I: 4018cc (flow 4018d7)
      Successors: 4018d2, 4018d7
  BB: 4016c7 in func 401140 with 3 insts
    I: 4016c7
    I: 4016ce
    I: 4016d2 (flow 4016f7)
      Successors: 4016d8, 4016f7
  BB: 401aca in func 401140 with 1 insts
    I: 401aca (flow 401b71)
      Successors: 401b71
  BB: 401acf in func 401140 with 3 insts
    I: 401acf
    I: 401ad3
    I: 401ad7 (flow 401b71)
      Successors: 401b71, 401add
  BB: 4018d2 in func 401140 with 1 insts
    I: 4018d2 (flow 40197f)
      Successors: 40197f
  BB: 4022d2 in func 401140 with 1 insts
    I: 4022d2 (flow 401751)
      Successors: 401751
  BB: 4018d7 in func 401140 with 15 insts
    I: 4018d7 (imm 406024)
    I: 4018de
    I: 4018e0 (imm 406030)
    I: 4018e7
    I: 4018e9
    I: 4018eb
    I: 4018ee
    I: 4018f1
    I: 4018f4
    I: 4018f7
    I: 4018fa
    I: 4018fd
    I: 401900
    I: 401902
    I: 401904 (flow 40190f)
      Successors: 40190a, 40190f
  BB: 4016d8 in func 401140 with 3 insts
    I: 4016d8
    I: 4016dc
    I: 4016e0 (flow 401843)
      Successors: 401843, 4016e6
  BB: 4022d7 in func 401140 with 3 insts
    I: 4022d7
    I: 4022de
    I: 4022e4 (flow 4017f9)
      Successors: 4017f9
  BB: 401add in func 401140 with 15 insts
    I: 401add (imm 406024)
    I: 401ae4
    I: 401ae6 (imm 406030)
    I: 401aed
    I: 401aef
    I: 401af1
    I: 401af4
    I: 401af7
    I: 401afa
    I: 401afd
    I: 401b00
    I: 401b03
    I: 401b06
    I: 401b08
    I: 401b0a (flow 401b15)
      Successors: 401b10, 401b15
  BB: 4016e6 in func 401140 with 3 insts
    I: 4016e6
    I: 4016ed
    I: 4016f1 (flow 401843)
      Successors: 401843, 4016f7
  BB: 4022e9 in func 401140 with 1 insts
    I: 4022e9 (flow 40187b)
      Successors: 40187b
  BB: 4022ee in func 401140 with 1 insts
    I: 4022ee (flow 40190f)
      Successors: 40190f
  BB: 4022f3 in func 401140 with 1 insts
    I: 4022f3 (flow 4019d9)
      Successors: 4019d9
  BB: 4016f7 in func 401140 with 3 insts
    I: 4016f7
    I: 4016fe
    I: 401702 (flow 401719)
      Successors: 401708, 401719
  BB: 4022f8 in func 401140 with 1 insts
    I: 4022f8 (flow 401a70)
      Successors: 401a70
  BB: 4022fd in func 401140 with 1 insts
    I: 4022fd (flow 401b15)
      Successors: 401b15
  BB: 402302 in func 401140 with 1 insts
    I: 402302 (flow 401bf5)
      Successors: 401bf5
  BB: 402307 in func 401140 with 1 insts
    I: 402307
      No successors
  BB: 401708 in func 401140 with 3 insts
    I: 401708
    I: 40170f
    I: 401713 (flow 4017c1)
      Successors: 401719, 4017c1
  BB: 40190a in func 401140 with 1 insts
    I: 40190a (flow 4022ee)
      Successors: 4022ee
  BB: 40190f in func 401140 with 19 insts
    I: 40190f
    I: 401916
    I: 40191a
    I: 40191d
    I: 401923 (imm 406024)
    I: 40192a
    I: 40192c (imm 406030)
    I: 401933
    I: 401935
    I: 401937
    I: 40193a
    I: 40193d
    I: 401940
    I: 401943
    I: 401946
    I: 401949
    I: 40194c
    I: 40194e
    I: 401950 (flow 40195b)
      Successors: 40195b, 401956
  BB: 401b10 in func 401140 with 1 insts
    I: 401b10 (flow 4022fd)
      Successors: 4022fd
  BB: 401b15 in func 401140 with 19 insts
    I: 401b15
    I: 401b19
    I: 401b1d
    I: 401b20
    I: 401b26 (imm 406024)
    I: 401b2d
    I: 401b2f (imm 406030)
    I: 401b36
    I: 401b38
    I: 401b3a
    I: 401b3d
    I: 401b40
    I: 401b43
    I: 401b46
    I: 401b49
    I: 401b4c
    I: 401b4f
    I: 401b51
    I: 401b53 (flow 401b5e)
      Successors: 401b59, 401b5e
  BB: 401719 in func 401140 with 15 insts
    I: 401719 (imm 406024)
    I: 401720
    I: 401722 (imm 406030)
    I: 401729
    I: 40172b
    I: 40172d
    I: 401730
    I: 401733
    I: 401736
    I: 401739
    I: 40173c
    I: 40173f
    I: 401742
    I: 401744
    I: 401746 (flow 401751)
      Successors: 401751, 40174c
  BB: 401140 in func 401140 with 33 insts
    I: 401140
    I: 401141
    I: 401144
    I: 401146
    I: 401148
    I: 40114a
    I: 40114c
    I: 40114d
    I: 401154
    I: 401158
    I: 40115c
    I: 40115f
    I: 401162
    I: 401165
    I: 401168
    I: 40116b
    I: 40116e
    I: 401171
    I: 401174 (imm 406024)
    I: 40117b
    I: 40117d (imm 406030)
    I: 401184
    I: 401186
    I: 401188
    I: 40118b
    I: 40118e
    I: 401191
    I: 401194
    I: 401197
    I: 40119a
    I: 40119d
    I: 40119f
    I: 4011a1 (flow 4011ac)
      Successors: 4011ac, 4011a7
  BB: 40174c in func 401140 with 1 insts
    I: 40174c (flow 4022d2)
      Successors: 4022d2
  BB: 401751 in func 401140 with 19 insts
    I: 401751
    I: 401758
    I: 40175c
    I: 40175f
    I: 401765 (imm 406024)
    I: 40176c
    I: 40176e (imm 406030)
    I: 401775
    I: 401777
    I: 401779
    I: 40177c
    I: 40177f
    I: 401782
    I: 401785
    I: 401788
    I: 40178b
    I: 40178e
    I: 401790
    I: 401792 (flow 40179d)
      Successors: 401798, 40179d
  BB: 401956 in func 401140 with 1 insts
    I: 401956 (flow 4022ee)
      Successors: 4022ee
  BB: 401b59 in func 401140 with 1 insts
    I: 401b59 (flow 4022fd)
      Successors: 4022fd
  BB: 40195b in func 401140 with 3 insts
    I: 40195b
    I: 401961
    I: 401963 (flow 40196e)
      Successors: 401969, 40196e
  BB: 401b5e in func 401140 with 3 insts
    I: 401b5e
    I: 401b64
    I: 401b66 (flow 401b9e)
      Successors: 401b6c, 401b9e
  BB: 401969 in func 401140 with 1 insts
    I: 401969 (flow 40197f)
      Successors: 40197f
  BB: 401b6c in func 401140 with 1 insts
    I: 401b6c (flow 401b71)
      Successors: 401b71
  BB: 40196e in func 401140 with 3 insts
    I: 40196e
    I: 401975
    I: 401979 (flow 401b9e)
      Successors: 401b9e, 40197f
  BB: 401b71 in func 401140 with 3 insts
    I: 401b71
    I: 401b78
    I: 401b7c (flow 401bb0)
      Successors: 401bb0, 401b82
  BB: 40197f in func 401140 with 3 insts
    I: 40197f
    I: 401986
    I: 40198a (flow 401a38)
      Successors: 401990, 401a38
  BB: 401b82 in func 401140 with 3 insts
    I: 401b82
    I: 401b86
    I: 401b8a (flow 401bb0)
      Successors: 401b90, 401bb0
  BB: 401990 in func 401140 with 3 insts
    I: 401990
    I: 401997
    I: 40199b (flow 401a38)
      Successors: 401a38, 4019a1
  BB: 401b90 in func 401140 with 3 insts
    I: 401b90
    I: 401b94
    I: 401b98 (flow 401bb0)
      Successors: 401bb0, 401b9e
  BB: 401798 in func 401140 with 1 insts
    I: 401798 (flow 4022d2)
      Successors: 4022d2
  BB: 401598 in func 401140 with 86 insts
    I: 401598
    I: 40159a
    I: 40159d
    I: 4015a4
    I: 4015a8
    I: 4015ab
    I: 4015ad
    I: 4015b0
    I: 4015b7
    I: 4015bb
    I: 4015bf
    I: 4015c2
    I: 4015c6
    I: 4015c9
    I: 4015cc
    I: 4015d0
    I: 4015d3
    I: 4015d7
    I: 4015da
    I: 4015de
    I: 4015e1
    I: 4015e3
    I: 4015e6
    I: 4015e9
    I: 4015eb
    I: 4015ee
    I: 4015f2
    I: 4015f4
    I: 4015f8
    I: 4015fa
    I: 4015fd
    I: 401601
    I: 401605
    I: 401609
    I: 40160c
    I: 401610
    I: 401613
    I: 401616
    I: 401619
    I: 40161d
    I: 401620
    I: 401624
    I: 401628
    I: 40162b
    I: 40162e
    I: 401631
    I: 401634
    I: 401637
    I: 40163a
    I: 40163e
    I: 401641
    I: 401644
    I: 401646
    I: 401649
    I: 40164d
    I: 401650
    I: 401653
    I: 401655
    I: 401658
    I: 40165a
    I: 40165d
    I: 401661
    I: 401663
    I: 401666
    I: 401668
    I: 40166b
    I: 40166f
    I: 401672
    I: 401675
    I: 401679
    I: 40167c
    I: 40167f (imm 406024)
    I: 401686
    I: 401688 (imm 406030)
    I: 40168f
    I: 401691
    I: 401693
    I: 401696
    I: 401699
    I: 40169c
    I: 40169f
    I: 4016a2
    I: 4016a5
    I: 4016a8
    I: 4016aa
    I: 4016ac (flow 4016b7)
      Successors: 4016b2, 4016b7
  BB: 40179d in func 401140 with 3 insts
    I: 40179d
    I: 4017a3
    I: 4017a5 (flow 4017b0)
      Successors: 4017b0, 4017ab
  BB: 401b9e in func 401140 with 3 insts
    I: 401b9e
    I: 401ba5
    I: 401bab (flow 401bbd)
      Successors: 401bbd
  BB: 4019a1 in func 401140 with 15 insts
    I: 4019a1 (imm 406024)
    I: 4019a8
    I: 4019aa (imm 406030)
    I: 4019b1
    I: 4019b3
    I: 4019b5
    I: 4019b8
    I: 4019bb
    I: 4019be
    I: 4019c1
    I: 4019c4
    I: 4019c7
    I: 4019ca
    I: 4019cc
    I: 4019ce (flow 4019d9)
      Successors: 4019d9, 4019d4
  BB: 4011a7 in func 401140 with 1 insts
    I: 4011a7 (flow 401c51)
      Successors: 401c51
  BB: 4017ab in func 401140 with 1 insts
    I: 4017ab (flow 401843)
      Successors: 401843
  BB: 4011ac in func 401140 with 256 insts
    I: 4011ac
    I: 4011b0
    I: 4011b3
    I: 4011b7
    I: 4011be
    I: 4011c1
    I: 4011c4
    I: 4011c8
    I: 4011cf
    I: 4011d2
    I: 4011d5
    I: 4011d9
    I: 4011e0
    I: 4011e3
    I: 4011e6
    I: 4011ea
    I: 4011ed
    I: 4011f0
    I: 4011f4
    I: 4011f7
    I: 4011fa
    I: 4011fe
    I: 401205
    I: 401208
    I: 40120b
    I: 40120f
    I: 401212
    I: 401215
    I: 401219
    I: 40121c
    I: 40121f
    I: 401223
    I: 401226
    I: 401229
    I: 40122d
    I: 401234
    I: 401237
    I: 40123a
    I: 40123e
    I: 401245
    I: 401248
    I: 40124b
    I: 40124f
    I: 401253
    I: 401256
    I: 401259
    I: 40125d
    I: 401264
    I: 401267
    I: 40126a
    I: 40126e
    I: 401271
    I: 401274
    I: 401278
    I: 40127b
    I: 40127e
    I: 401282
    I: 401289
    I: 40128c
    I: 40128f
    I: 401293
    I: 401296
    I: 401299
    I: 40129d
    I: 4012a0
    I: 4012a3
    I: 4012a7
    I: 4012aa
    I: 4012ad
    I: 4012b1
    I: 4012b4
    I: 4012b7
    I: 4012bb
    I: 4012be
    I: 4012c1
    I: 4012c5
    I: 4012c9
    I: 4012cc
    I: 4012cf
    I: 4012d3
    I: 4012da
    I: 4012dd
    I: 4012e0
    I: 4012e4
    I: 4012eb
    I: 4012ee
    I: 4012f1
    I: 4012f5
    I: 4012fc
    I: 4012ff
    I: 401302
    I: 401306
    I: 40130d
    I: 401310
    I: 401313
    I: 401317
    I: 40131e
    I: 401321
    I: 401324
    I: 401328
    I: 40132c
    I: 40132f
    I: 401332
    I: 401336
    I: 40133a
    I: 40133d
    I: 401340
    I: 401344
    I: 40134b
    I: 40134e
    I: 401351
    I: 401355
    I: 40135c
    I: 40135f
    I: 401362
    I: 401366
    I: 40136a
    I: 40136d
    I: 401370
    I: 401374
    I: 401378
    I: 40137b
    I: 401382
    I: 401385
    I: 401389
    I: 401390
    I: 401393
    I: 401397
    I: 40139a
    I: 40139d
    I: 4013a0
    I: 4013a3
    I: 4013aa
    I: 4013ad
    I: 4013b4
    I: 4013b7
    I: 4013bb
    I: 4013be
    I: 4013c1
    I: 4013c4
    I: 4013c6
    I: 4013c9
    I: 4013cd
    I: 4013d4
    I: 4013d6
    I: 4013da
    I: 4013e1
    I: 4013e4
    I: 4013e7
    I: 4013ee
    I: 4013f1
    I: 4013f4
    I: 4013fb
    I: 4013fe
    I: 401402
    I: 401406
    I: 401408
    I: 40140c
    I: 401413
    I: 401416
    I: 40141a
    I: 40141d
    I: 401420
    I: 401427
    I: 40142e
    I: 401430
    I: 401434
    I: 40143b
    I: 40143d
    I: 401441
    I: 401448
    I: 40144c
    I: 40144f
    I: 401456
    I: 401459
    I: 40145c
    I: 40145f
    I: 401462
    I: 401469
    I: 40146c
    I: 40146f
    I: 401472
    I: 401475
    I: 40147c
    I: 40147f
    I: 401482
    I: 401485
    I: 401488
    I: 40148f
    I: 401492
    I: 401495
    I: 401498
    I: 40149c
    I: 4014a3
    I: 4014a6
    I: 4014a9
    I: 4014b0
    I: 4014b3
    I: 4014b6
    I: 4014bd
    I: 4014c0
    I: 4014c3
    I: 4014ca
    I: 4014cc
    I: 4014cf
    I: 4014d2
    I: 4014d5
    I: 4014d8
    I: 4014dc
    I: 4014df
    I: 4014e4
    I: 4014e7
    I: 4014eb
    I: 4014ee
    I: 4014f1
    I: 4014f5
    I: 4014f8
    I: 4014fd
    I: 401500
    I: 401507
    I: 40150a
    I: 40150e
    I: 401511
    I: 401514
    I: 401517
    I: 40151b
    I: 40151e
    I: 401521
    I: 401525
    I: 401528
    I: 40152f
    I: 401532
    I: 401536
    I: 401539
    I: 40153d
    I: 401540
    I: 401544
    I: 40154b
    I: 40154e
    I: 401555
    I: 401558
    I: 40155b
    I: 40155f
    I: 401563
    I: 401567
    I: 40156a
    I: 401571
    I: 401574
    I: 401577
    I: 40157b
    I: 40157f
    I: 401583
    I: 401586
    I: 40158d
    I: 401591
    I: 401595
      Successors: 401598
  BB: 4017b0 in func 401140 with 3 insts
    I: 4017b0
    I: 4017b7
    I: 4017bb (flow 401843)
      Successors: 4017c1, 401843
  BB: 401bb0 in func 401140 with 2 insts
    I: 401bb0
    I: 401bb7
      Successors: 401bbd
  BB: 401bbd in func 401140 with 15 insts
    I: 401bbd (imm 406024)
    I: 401bc4
    I: 401bc6 (imm 406030)
    I: 401bcd
    I: 401bcf
    I: 401bd1
    I: 401bd4
    I: 401bd7
    I: 401bda
    I: 401bdd
    I: 401be0
    I: 401be3
    I: 401be6
    I: 401be8
    I: 401bea (flow 401bf5)
      Successors: 401bf0, 401bf5
  BB: 4017c1 in func 401140 with 15 insts
    I: 4017c1 (imm 406024)
    I: 4017c8
    I: 4017ca (imm 406030)
    I: 4017d1
    I: 4017d3
    I: 4017d5
    I: 4017d8
    I: 4017db
    I: 4017de
    I: 4017e1
    I: 4017e4
    I: 4017e7
    I: 4017ea
    I: 4017ec
    I: 4017ee (flow 4017f9)
      Successors: 4017f9, 4017f4
  BB: 4019d4 in func 401140 with 1 insts
    I: 4019d4 (flow 4022f3)
      Successors: 4022f3
  BB: 4019d9 in func 401140 with 19 insts
    I: 4019d9
    I: 4019e0
    I: 4019e4
    I: 4019e7
    I: 4019ed (imm 406024)
    I: 4019f4
    I: 4019f6 (imm 406030)
    I: 4019fd
    I: 4019ff
    I: 401a01
    I: 401a04
    I: 401a07
    I: 401a0a
    I: 401a0d
    I: 401a10
    I: 401a13
    I: 401a16
    I: 401a18
    I: 401a1a (flow 401a25)
      Successors: 401a20, 401a25
  BB: 401bf0 in func 401140 with 1 insts
    I: 401bf0 (flow 402302)
      Successors: 402302
  BB: 4017f4 in func 401140 with 1 insts
    I: 4017f4 (flow 4022d7)
      Successors: 4022d7
  BB: 401bf5 in func 401140 with 18 insts
    I: 401bf5
    I: 401bfc
    I: 401bfe
    I: 401c04 (imm 406024)
    I: 401c0b
    I: 401c0d (imm 406030)
    I: 401c14
    I: 401c16
    I: 401c18
    I: 401c1b
    I: 401c1e
    I: 401c21
    I: 401c24
    I: 401c27
    I: 401c2a
    I: 401c2d
    I: 401c2f
    I: 401c31 (flow 401c3c)
      Successors: 401c3c, 401c37
  BB: 4017f9 in func 401140 with 17 insts
    I: 4017f9
    I: 401800
    I: 401806 (imm 406024)
    I: 40180d
    I: 40180f (imm 406030)
    I: 401816
    I: 401818
    I: 40181a
    I: 40181d
    I: 401820
    I: 401823
    I: 401826
    I: 401829
    I: 40182c
    I: 40182f
    I: 401831
    I: 401833 (flow 40183e)
      Successors: 401839, 40183e
Recovering 402310
  Analysing subroutine sub_402310 at 402310
  Subroutine sub_402310 at 402310 has 17 blocks
  BB: 402520 in func 402310 with 1 insts
    I: 402520 (flow 40252f)
      Successors: 40252f
  BB: 4023c1 in func 402310 with 19 insts
    I: 4023c1 (mem 404010)
    I: 4023c9
    I: 4023ce
    I: 4023d1
    I: 4023d4 (imm 406034)
    I: 4023db
    I: 4023dd (imm 406028)
    I: 4023e4
    I: 4023e6
    I: 4023e8
    I: 4023eb
    I: 4023ee
    I: 4023f1
    I: 4023f4
    I: 4023f7
    I: 4023fa
    I: 4023fd
    I: 4023ff
    I: 402401 (flow 40240c)
      Successors: 40240c, 402407
  BB: 4024e2 in func 402310 with 1 insts
    I: 4024e2 (flow 40252f)
      Successors: 40252f
  BB: 402525 in func 402310 with 3 insts
    I: 402525
    I: 402528
    I: 402529
      No successors
  BB: 402407 in func 402310 with 1 insts
    I: 402407 (flow 40252a)
      Successors: 40252a
  BB: 402428 in func 402310 with 27 insts
    I: 402428
    I: 40242d
    I: 402432
    I: 402437
    I: 40243c
    I: 402441
    I: 40244b
    I: 40244e
    I: 402453
    I: 402457
    I: 40245b
    I: 402460
    I: 402464
    I: 402468
    I: 40246d
    I: 402472
    I: 40247c
    I: 40247f
    I: 402484
    I: 402489
    I: 40248e
    I: 402493
    I: 402497
    I: 40249b
    I: 4024a0
    I: 4024a4
    I: 4024a8
      Successors: 4024af
  BB: 402389 in func 402310 with 15 insts
    I: 402389 (imm 406034)
    I: 402390
    I: 402392 (imm 406028)
    I: 402399
    I: 40239b
    I: 40239d
    I: 4023a0
    I: 4023a3
    I: 4023a6
    I: 4023a9
    I: 4023ac
    I: 4023af
    I: 4023b2
    I: 4023b4
    I: 4023b6 (flow 4023c1)
      Successors: 4023c1, 4023bc
  BB: 4024e7 in func 402310 with 17 insts
    I: 4024e7
    I: 4024ea
    I: 4024ed (imm 406034)
    I: 4024f4
    I: 4024f6 (imm 406028)
    I: 4024fd
    I: 4024ff
    I: 402501
    I: 402504
    I: 402507
    I: 40250a
    I: 40250d
    I: 402510
    I: 402513
    I: 402516
    I: 402518
    I: 40251a (flow 402525)
      Successors: 402520, 402525
  BB: 40252a in func 402310 with 1 insts
    I: 40252a (flow 4023c1)
      Successors: 4023c1
  BB: 40240c in func 402310 with 3 insts
    I: 40240c
    I: 40240f
    I: 402411 (flow 40241c)
      Successors: 40241c, 402417
  BB: 4023bc in func 402310 with 1 insts
    I: 4023bc (flow 40252a)
      Successors: 40252a
  BB: 4024af in func 402310 with 15 insts
    I: 4024af (imm 406034)
    I: 4024b6
    I: 4024b8 (imm 406028)
    I: 4024bf
    I: 4024c1
    I: 4024c3
    I: 4024c6
    I: 4024c9
    I: 4024cc
    I: 4024cf
    I: 4024d2
    I: 4024d5
    I: 4024d8
    I: 4024da
    I: 4024dc (flow 4024e7)
      Successors: 4024e2, 4024e7
  BB: 402310 in func 402310 with 25 insts
    I: 402310
    I: 402311
    I: 402314
    I: 402318
    I: 40231c
    I: 402321
    I: 402326
    I: 40232b
    I: 402330
    I: 402335
    I: 40233a
    I: 40233f
    I: 402344
    I: 402349
    I: 40234e
    I: 402353
    I: 40235d
    I: 402360
    I: 402365
    I: 402369
    I: 40236d
    I: 402372
    I: 402377 (mem 404008)
    I: 40237f
    I: 402383 (flow 402428)
      Successors: 402428, 402389
  BB: 40252f in func 402310 with 1 insts
    I: 40252f (flow 4024e7)
      Successors: 4024e7
  BB: 402534 in func 402310 with 2 insts
    I: 402534
    I: 40253e
      No successors
  BB: 402417 in func 402310 with 1 insts
    I: 402417 (flow 402428)
      Successors: 402428
  BB: 40241c in func 402310 with 2 insts
    I: 40241c
    I: 402423 (flow 4024af)
      Successors: 4024af
Recovering main at 402540
  Analysing subroutine main at 402540
    Block head at 0040379e is not code.
  Subroutine main at 402540 has 117 blocks
  BB: 402a02 in func 402540 with 1 insts
    I: 402a02 (flow 4034bc)
      Successors: 4034bc
  BB: 402a07 in func 402540 with 34 insts
    I: 402a07
    I: 402a0e
    I: 402a15
    I: 402a19
    I: 402a1c
    I: 402a20
    I: 402a23
    I: 402a26
    I: 402a29
    I: 402a2d
    I: 402a30
    I: 402a34
    I: 402a38
    I: 402a3c (flow 401140)
    I: 402a41
    I: 402a45
    I: 402a48
    I: 402a4b
    I: 402a4d
    I: 402a53 (imm 406038)
    I: 402a5a
    I: 402a5c (imm 40602c)
    I: 402a63
    I: 402a65
    I: 402a67
    I: 402a6a
    I: 402a6d
    I: 402a70
    I: 402a73
    I: 402a76
    I: 402a79
    I: 402a7c
    I: 402a7e
    I: 402a80 (flow 402a8b)
      Successors: 402a8b, 402a86
  BB: 40340a in func 402540 with 1 insts
    I: 40340a (flow 403799)
      Successors: 403799
  BB: 402e0d in func 402540 with 15 insts
    I: 402e0d (imm 406038)
    I: 402e14
    I: 402e16 (imm 40602c)
    I: 402e1d
    I: 402e1f
    I: 402e21
    I: 402e24
    I: 402e27
    I: 402e2a
    I: 402e2d
    I: 402e30
    I: 402e33
    I: 402e36
    I: 402e38
    I: 402e3a (flow 402e45)
      Successors: 402e40, 402e45
  BB: 40340f in func 402540 with 15 insts
    I: 40340f (imm 406038)
    I: 403416
    I: 403418 (imm 40602c)
    I: 40341f
    I: 403421
    I: 403423
    I: 403426
    I: 403429
    I: 40342c
    I: 40342f
    I: 403432
    I: 403435
    I: 403438
    I: 40343a
    I: 40343c (flow 403447)
      Successors: 403442, 403447
  BB: 403224 in func 402540 with 1 insts
    I: 403224 (flow 403767)
      Successors: 403767
  BB: 403229 in func 402540 with 3 insts
    I: 403229
    I: 40322f
    I: 403231 (flow 40323c)
      Successors: 40323c, 403237
  BB: 403237 in func 402540 with 1 insts
    I: 403237 (flow 4032c0)
      Successors: 4032c0
  BB: 40323c in func 402540 with 15 insts
    I: 40323c (imm 406038)
    I: 403243
    I: 403245 (imm 40602c)
    I: 40324c
    I: 40324e
    I: 403250
    I: 403253
    I: 403256
    I: 403259
    I: 40325c
    I: 40325f
    I: 403262
    I: 403265
    I: 403267
    I: 403269 (flow 403274)
      Successors: 403274, 40326f
  BB: 402e40 in func 402540 with 1 insts
    I: 402e40 (flow 403665)
      Successors: 403665
  BB: 403442 in func 402540 with 1 insts
    I: 403442 (flow 403799)
      Successors: 403799
  BB: 402e45 in func 402540 with 34 insts
    I: 402e45
    I: 402e49
    I: 402e4d
    I: 402e54
    I: 402e5b
    I: 402e62
    I: 402e66
    I: 402e6a
    I: 402e6e
    I: 402e73
    I: 402e78
    I: 402e7d
    I: 402e81
    I: 402e85
    I: 402e89 (flow 402310)
    I: 402e8e
    I: 402e91
    I: 402e94
    I: 402e96
    I: 402e9c (imm 406038)
    I: 402ea3
    I: 402ea5 (imm 40602c)
    I: 402eac
    I: 402eae
    I: 402eb0
    I: 402eb3
    I: 402eb6
    I: 402eb9
    I: 402ebc
    I: 402ebf
    I: 402ec2
    I: 402ec5
    I: 402ec7
    I: 402ec9 (flow 402ed4)
      Successors: 402ed4, 402ecf
  BB: 403447 in func 402540 with 1 insts
    I: 403447 (flow 4026f6)
      Successors: 4026f6
  BB: 40344c in func 402540 with 8 insts
    I: 40344c
    I: 40344e
    I: 403452
    I: 403453
    I: 403455
    I: 403457
    I: 403459
    I: 40345a
      No successors
  BB: 402857 in func 402540 with 19 insts
    I: 402857
    I: 40285e
    I: 402865
    I: 402868
    I: 40286a
    I: 40286e
    I: 402871
    I: 402875
    I: 402879
    I: 40287d
    I: 402880
    I: 402884
    I: 402888
    I: 40288c (flow 401140)
    I: 402891
    I: 402895
    I: 402898
    I: 40289b
    I: 40289d
      Successors: 4028a3
  BB: 40345b in func 402540 with 5 insts
    I: 40345b
    I: 40345e
    I: 403462
    I: 403465
    I: 40346b (flow 40258a)
      Successors: 40258a
  BB: 403665 in func 402540 with 16 insts
    I: 403665
    I: 403669
    I: 40366d
    I: 403674
    I: 40367b
    I: 403682
    I: 403686
    I: 40368a
    I: 40368e
    I: 403693
    I: 403698
    I: 40369d
    I: 4036a1
    I: 4036a5
    I: 4036a9 (flow 402310)
    I: 4036ae (flow 402e45)
      Successors: 402e45
  BB: 40326f in func 402540 with 1 insts
    I: 40326f (flow 40376c)
      Successors: 40376c
  BB: 403470 in func 402540 with 10 insts
    I: 403470
    I: 403477
    I: 40347e
    I: 403481
    I: 403485
    I: 403488
    I: 40348c (imm 404038)
    I: 403496
    I: 403498 (flow 406050)
    I: 40349d (flow 40272e)
      Successors: 40272e
  BB: 403274 in func 402540 with 17 insts
    I: 403274 (imm 40404f)
    I: 40327e (flow 406048)
    I: 403283 (imm 406038)
    I: 40328a
    I: 40328c (imm 40602c)
    I: 403293
    I: 403295
    I: 403297
    I: 40329a
    I: 40329d
    I: 4032a0
    I: 4032a3
    I: 4032a6
    I: 4032a9
    I: 4032ac
    I: 4032ae
    I: 4032b0 (flow 4032bb)
      Successors: 4032bb, 4032b6
  BB: 403077 in func 402540 with 1 insts
    I: 403077 (flow 4036cd)
      Successors: 4036cd
  BB: 40307c in func 402540 with 3 insts
    I: 40307c
    I: 403082
    I: 403084 (flow 40308f)
      Successors: 40308a, 40308f
  BB: 402a86 in func 402540 with 1 insts
    I: 402a86 (flow 4034bc)
      Successors: 4034bc
  BB: 40308a in func 402540 with 1 insts
    I: 40308a (flow 4030b2)
      Successors: 4030b2
  BB: 402a8b in func 402540 with 3 insts
    I: 402a8b
    I: 402a91
    I: 402a97 (flow 402a9c)
      Successors: 402a9c
  BB: 40308f in func 402540 with 7 insts
    I: 40308f
    I: 403093
    I: 403097
    I: 40309c
    I: 4030a6
    I: 4030a9
    I: 4030ae
      Successors: 4030b2
  BB: 402a9c in func 402540 with 17 insts
    I: 402a9c
    I: 402aa2
    I: 402aa8 (imm 406038)
    I: 402aaf
    I: 402ab1 (imm 40602c)
    I: 402ab8
    I: 402aba
    I: 402abc
    I: 402abf
    I: 402ac2
    I: 402ac5
    I: 402ac8
    I: 402acb
    I: 402ace
    I: 402ad1
    I: 402ad3
    I: 402ad5 (flow 402ae0)
      Successors: 402ae0, 402adb
  BB: 4034a2 in func 402540 with 6 insts
    I: 4034a2
    I: 4034a9
    I: 4034af
    I: 4034b2
    I: 4034b5
    I: 4034b7 (flow 4028e7)
      Successors: 4028e7
  BB: 4028a3 in func 402540 with 17 insts
    I: 4028a3
    I: 4028a9
    I: 4028af (imm 406038)
    I: 4028b6
    I: 4028b8 (imm 40602c)
    I: 4028bf
    I: 4028c1
    I: 4028c3
    I: 4028c6
    I: 4028c9
    I: 4028cc
    I: 4028cf
    I: 4028d2
    I: 4028d5
    I: 4028d8
    I: 4028da
    I: 4028dc (flow 4028e7)
      Successors: 4028e2, 4028e7
  BB: 4030b2 in func 402540 with 4 insts
    I: 4030b2
    I: 4030b6 (mem 404010)
    I: 4030be
    I: 4030c2 (flow 4030dc)
      Successors: 4030c8, 4030dc
  BB: 4036b3 in func 402540 with 6 insts
    I: 4036b3
    I: 4036ba
    I: 4036c0
    I: 4036c3
    I: 4036c6
    I: 4036c8 (flow 402f29)
      Successors: 402f29
  BB: 4032b6 in func 402540 with 1 insts
    I: 4032b6 (flow 40376c)
      Successors: 40376c
  BB: 4032bb in func 402540 with 1 insts
    I: 4032bb (flow 403344)
      Successors: 403344
  BB: 4034bc in func 402540 with 16 insts
    I: 4034bc
    I: 4034c3
    I: 4034ca
    I: 4034ce
    I: 4034d1
    I: 4034d5
    I: 4034d8
    I: 4034db
    I: 4034de
    I: 4034e2
    I: 4034e5
    I: 4034e9
    I: 4034ed
    I: 4034f1 (flow 401140)
    I: 4034f6
    I: 4034fa (flow 402a07)
      Successors: 402a07
  BB: 4032c0 in func 402540 with 15 insts
    I: 4032c0 (imm 406038)
    I: 4032c7
    I: 4032c9 (imm 40602c)
    I: 4032d0
    I: 4032d2
    I: 4032d4
    I: 4032d7
    I: 4032da
    I: 4032dd
    I: 4032e0
    I: 4032e3
    I: 4032e6
    I: 4032e9
    I: 4032eb
    I: 4032ed (flow 4032f8)
      Successors: 4032f8, 4032f3
  BB: 4030c8 in func 402540 with 3 insts
    I: 4030c8 (imm 404041)
    I: 4030d2 (flow 406048)
    I: 4030d7 (flow 4033c3)
      Successors: 4033c3
  BB: 4036cd in func 402540 with 30 insts
    I: 4036cd
    I: 4036d1
    I: 4036d5
    I: 4036d9
    I: 4036dd
    I: 4036e1
    I: 4036e5
    I: 4036e9
    I: 4036ee
    I: 4036f2
    I: 4036f6
    I: 4036fb
    I: 4036ff
    I: 403703
    I: 403707
    I: 40370b
    I: 40370f
    I: 403713
    I: 403717
    I: 40371b
    I: 40371f
    I: 403724
    I: 40372e
    I: 403731
    I: 403736
    I: 40373a
    I: 40373e (mem 404018)
    I: 403746
    I: 40374a
    I: 40374e (flow 402fc3)
      Successors: 402fc3
  BB: 402ecf in func 402540 with 1 insts
    I: 402ecf (flow 403665)
      Successors: 403665
  BB: 402ed4 in func 402540 with 3 insts
    I: 402ed4
    I: 402eda
    I: 402ee0 (flow 402ee5)
      Successors: 402ee5
  BB: 402adb in func 402540 with 1 insts
    I: 402adb (flow 4034ff)
      Successors: 4034ff
  BB: 4030dc in func 402540 with 4 insts
    I: 4030dc
    I: 4030e0 (mem 404020)
    I: 4030e8
    I: 4030ec (flow 403106)
      Successors: 4030f2, 403106
  BB: 402ae0 in func 402540 with 23 insts
    I: 402ae0
    I: 402ae7
    I: 402aed
    I: 402af0
    I: 402af3
    I: 402af5
    I: 402af8
    I: 402afb
    I: 402b01 (imm 406038)
    I: 402b08
    I: 402b0a (imm 40602c)
    I: 402b11
    I: 402b13
    I: 402b15
    I: 402b18
    I: 402b1b
    I: 402b1e
    I: 402b21
    I: 402b24
    I: 402b27
    I: 402b2a
    I: 402b2c
    I: 402b2e (flow 402b39)
      Successors: 402b39, 402b34
  BB: 4028e2 in func 402540 with 1 insts
    I: 4028e2 (flow 4034a2)
      Successors: 4034a2
  BB: 402ee5 in func 402540 with 17 insts
    I: 402ee5
    I: 402eeb
    I: 402ef1 (imm 406038)
    I: 402ef8
    I: 402efa (imm 40602c)
    I: 402f01
    I: 402f03
    I: 402f05
    I: 402f08
    I: 402f0b
    I: 402f0e
    I: 402f11
    I: 402f14
    I: 402f17
    I: 402f1a
    I: 402f1c
    I: 402f1e (flow 402f29)
      Successors: 402f29, 402f24
  BB: 4028e7 in func 402540 with 23 insts
    I: 4028e7
    I: 4028ee
    I: 4028f4
    I: 4028f7
    I: 4028fa
    I: 4028fc
    I: 4028ff
    I: 402902
    I: 402908 (imm 406038)
    I: 40290f
    I: 402911 (imm 40602c)
    I: 402918
    I: 40291a
    I: 40291c
    I: 40291f
    I: 402922
    I: 402925
    I: 402928
    I: 40292b
    I: 40292e
    I: 402931
    I: 402933
    I: 402935 (flow 402940)
      Successors: 402940, 40293b
  BB: 4026ec in func 402540 with 1 insts
    I: 4026ec (flow 40345b)
      Successors: 40345b
  BB: 4026f1 in func 402540 with 1 insts
    I: 4026f1 (flow 4026f6)
      Successors: 4026f6
  BB: 4030f2 in func 402540 with 3 insts
    I: 4030f2 (imm 404045)
    I: 4030fc (flow 406048)
    I: 403101 (flow 40334e)
      Successors: 40334e
  BB: 4032f3 in func 402540 with 1 insts
    I: 4032f3 (flow 403780)
      Successors: 403780
  BB: 4026f6 in func 402540 with 15 insts
    I: 4026f6 (imm 406038)
    I: 4026fd
    I: 4026ff (imm 40602c)
    I: 402706
    I: 402708
    I: 40270a
    I: 40270d
    I: 402710
    I: 402713
    I: 402716
    I: 402719
    I: 40271c
    I: 40271f
    I: 402721
    I: 402723 (flow 40272e)
      Successors: 402729, 40272e
  BB: 402cf7 in func 402540 with 1 insts
    I: 402cf7 (flow 403519)
      Successors: 403519
  BB: 4032f8 in func 402540 with 17 insts
    I: 4032f8 (imm 404059)
    I: 403302 (flow 406048)
    I: 403307 (imm 406038)
    I: 40330e
    I: 403310 (imm 40602c)
    I: 403317
    I: 403319
    I: 40331b
    I: 40331e
    I: 403321
    I: 403324
    I: 403327
    I: 40332a
    I: 40332d
    I: 403330
    I: 403332
    I: 403334 (flow 40333f)
      Successors: 40333a, 40333f
  BB: 402cfc in func 402540 with 5 insts
    I: 402cfc
    I: 402d02
    I: 402d04
    I: 402d07
    I: 402d0d (flow 402d72)
      Successors: 402d72, 402d13
  BB: 4034ff in func 402540 with 6 insts
    I: 4034ff
    I: 403506
    I: 40350c
    I: 40350f
    I: 403512
    I: 403514 (flow 402ae0)
      Successors: 402ae0
  BB: 403106 in func 402540 with 4 insts
    I: 403106
    I: 40310a (mem 404028)
    I: 403112
    I: 403116 (flow 4031a0)
      Successors: 4031a0, 40311c
  BB: 402d13 in func 402540 with 1 insts
    I: 402d13 (flow 402d18)
      Successors: 402d18
  BB: 402d18 in func 402540 with 19 insts
    I: 402d18
    I: 402d1c
    I: 402d20
    I: 402d24
    I: 402d28
    I: 402d2f
    I: 402d36
    I: 402d3d
    I: 402d44
    I: 402d49
    I: 402d4e
    I: 402d53
    I: 402d57
    I: 402d5b
    I: 402d5f (flow 402310)
    I: 402d64
    I: 402d67
    I: 402d6a
    I: 402d6c
      Successors: 402d72
  BB: 403519 in func 402540 with 85 insts
    I: 403519
    I: 40351d
    I: 403524
    I: 40352b
    I: 40352f
    I: 403533
    I: 403537
    I: 40353b
    I: 403542
    I: 403549
    I: 403550
    I: 403557
    I: 40355b
    I: 40355e
    I: 403563
    I: 403568
    I: 40356c
    I: 40356f
    I: 403572
    I: 403575
    I: 403578
    I: 40357d
    I: 403581
    I: 403583
    I: 403587
    I: 40358a
    I: 40358d
    I: 403591
    I: 403594
    I: 403598
    I: 40359b
    I: 40359e
    I: 4035a2
    I: 4035a5
    I: 4035a9
    I: 4035ae
    I: 4035b2
    I: 4035b5
    I: 4035b8
    I: 4035bd
    I: 4035c2
    I: 4035c6
    I: 4035ca
    I: 4035cd
    I: 4035d0
    I: 4035d3
    I: 4035d8
    I: 4035dd
    I: 4035e1
    I: 4035e5
    I: 4035e9
    I: 4035ec
    I: 4035f0
    I: 4035f4
    I: 4035f8
    I: 4035fb
    I: 4035fe
    I: 403602
    I: 403605
    I: 40360a
    I: 40360f
    I: 403613
    I: 403617
    I: 40361a
    I: 40361f
    I: 403623
    I: 403627
    I: 40362b
    I: 40362d
    I: 403630
    I: 403634
    I: 403638
    I: 40363b
    I: 40363e
    I: 403642
    I: 403645
    I: 403648
    I: 40364b
    I: 40364e
    I: 403651
    I: 403653
    I: 403656
    I: 403658
    I: 40365c
    I: 403660 (flow 402b84)
      Successors: 402b84
  BB: 40311c in func 402540 with 15 insts
    I: 40311c (imm 406038)
    I: 403123
    I: 403125 (imm 40602c)
    I: 40312c
    I: 40312e
    I: 403130
    I: 403133
    I: 403136
    I: 403139
    I: 40313c
    I: 40313f
    I: 403142
    I: 403145
    I: 403147
    I: 403149 (flow 403154)
      Successors: 403154, 40314f
  BB: 402f24 in func 402540 with 1 insts
    I: 402f24 (flow 4036b3)
      Successors: 4036b3
  BB: 402729 in func 402540 with 1 insts
    I: 402729 (flow 403470)
      Successors: 403470
  BB: 402f29 in func 402540 with 20 insts
    I: 402f29
    I: 402f30
    I: 402f36
    I: 402f39
    I: 402f3c
    I: 402f3e (imm 406038)
    I: 402f45
    I: 402f47 (imm 40602c)
    I: 402f4e
    I: 402f50
    I: 402f52
    I: 402f55
    I: 402f58
    I: 402f5b
    I: 402f5e
    I: 402f61
    I: 402f64
    I: 402f67
    I: 402f69
    I: 402f6b (flow 402f76)
      Successors: 402f71, 402f76
  BB: 40272e in func 402540 with 33 insts
    I: 40272e
    I: 402735
    I: 40273c
    I: 40273f
    I: 402743
    I: 402746
    I: 40274a (imm 404038)
    I: 402754
    I: 402756 (flow 406050)
    I: 40275b
    I: 402762
    I: 402769
    I: 40276b
    I: 40276d
    I: 402770
    I: 402773
    I: 402776
    I: 402779
    I: 40277f (imm 406038)
    I: 402786
    I: 402788 (imm 40602c)
    I: 40278f
    I: 402791
    I: 402793
    I: 402796
    I: 402799
    I: 40279c
    I: 40279f
    I: 4027a2
    I: 4027a5
    I: 4027a8
    I: 4027aa
    I: 4027ac (flow 4027b7)
      Successors: 4027b2, 4027b7
  BB: 402b34 in func 402540 with 1 insts
    I: 402b34 (flow 4034ff)
      Successors: 4034ff
  BB: 402b39 in func 402540 with 3 insts
    I: 402b39
    I: 402b3f
    I: 402b41 (flow 402f7b)
      Successors: 402f7b, 402b47
  BB: 40333a in func 402540 with 1 insts
    I: 40333a (flow 403780)
      Successors: 403780
  BB: 40293b in func 402540 with 1 insts
    I: 40293b (flow 4034a2)
      Successors: 4034a2
  BB: 40333f in func 402540 with 1 insts
    I: 40333f (flow 403344)
      Successors: 403344
  BB: 402540 in func 402540 with 22 insts
    Referenced by data
    I: 402540
    I: 402541
    I: 402544
    I: 402546
    I: 402548
    I: 40254a
    I: 40254b
    I: 402552 (imm 406038)
    I: 402559
    I: 40255b (imm 40602c)
    I: 402562
    I: 402564
    I: 402566
    I: 402569
    I: 40256c
    I: 40256f
    I: 402572
    I: 402575
    I: 402578
    I: 40257b
    I: 40257d
    I: 40257f (flow 40258a)
      Successors: 40258a, 402585
  BB: 402940 in func 402540 with 5 insts
    I: 402940
    I: 402946
    I: 402948
    I: 40294b
    I: 402951 (flow 4029aa)
      Successors: 4029aa, 402957
  BB: 403344 in func 402540 with 1 insts
    I: 403344 (flow 403349)
      Successors: 403349
  BB: 402b47 in func 402540 with 1 insts
    I: 402b47 (flow 402b4c)
      Successors: 402b4c
  BB: 403349 in func 402540 with 1 insts
    I: 403349 (flow 40334e)
      Successors: 40334e
  BB: 402b4c in func 402540 with 15 insts
    I: 402b4c (imm 406038)
    I: 402b53
    I: 402b55 (imm 40602c)
    I: 402b5c
    I: 402b5e
    I: 402b60
    I: 402b63
    I: 402b66
    I: 402b69
    I: 402b6c
    I: 402b6f
    I: 402b72
    I: 402b75
    I: 402b77
    I: 402b79 (flow 402b84)
      Successors: 402b84, 402b7f
  BB: 40334e in func 402540 with 15 insts
    I: 40334e (imm 406038)
    I: 403355
    I: 403357 (imm 40602c)
    I: 40335e
    I: 403360
    I: 403362
    I: 403365
    I: 403368
    I: 40336b
    I: 40336e
    I: 403371
    I: 403374
    I: 403377
    I: 403379
    I: 40337b (flow 403386)
      Successors: 403381, 403386
  BB: 40314f in func 402540 with 1 insts
    I: 40314f (flow 403753)
      Successors: 403753
  BB: 403753 in func 402540 with 3 insts
    I: 403753 (imm 40405d)
    I: 40375d (flow 406048)
    I: 403762 (flow 403154)
      Successors: 403154
  BB: 403154 in func 402540 with 17 insts
    I: 403154 (imm 40405d)
    I: 40315e (flow 406048)
    I: 403163 (imm 406038)
    I: 40316a
    I: 40316c (imm 40602c)
    I: 403173
    I: 403175
    I: 403177
    I: 40317a
    I: 40317d
    I: 403180
    I: 403183
    I: 403186
    I: 403189
    I: 40318c
    I: 40318e
    I: 403190 (flow 40319b)
      Successors: 40319b, 403196
  BB: 402957 in func 402540 with 1 insts
    I: 402957 (flow 40295c)
      Successors: 40295c
  BB: 40295c in func 402540 with 19 insts
    I: 40295c
    I: 402963
    I: 40296a
    I: 40296e
    I: 402971
    I: 402975
    I: 402978
    I: 40297c
    I: 402980
    I: 402984
    I: 402987
    I: 40298b
    I: 40298f
    I: 402993 (flow 401140)
    I: 402998
    I: 40299c
    I: 40299f
    I: 4029a2
    I: 4029a4
      Successors: 4029aa
  BB: 403767 in func 402540 with 1 insts
    I: 403767 (flow 4031d8)
      Successors: 4031d8
  BB: 40376c in func 402540 with 3 insts
    I: 40376c (imm 40404f)
    I: 403776 (flow 406048)
    I: 40377b (flow 403274)
      Successors: 403274
  BB: 402f71 in func 402540 with 1 insts
    I: 402f71 (flow 4036b3)
      Successors: 4036b3
  BB: 402d72 in func 402540 with 9 insts
    I: 402d72
    I: 402d79
    I: 402d7f
    I: 402d81
    I: 402d84
    I: 402d86
    I: 402d88
    I: 402d8b
    I: 402d91 (flow 402de8)
      Successors: 402de8, 402d97
  BB: 402f76 in func 402540 with 1 insts
    I: 402f76 (flow 402f7b)
      Successors: 402f7b
  BB: 402f7b in func 402540 with 3 insts
    I: 402f7b
    I: 402f82
    I: 402f85 (flow 4033c8)
      Successors: 4033c8, 402f8b
  BB: 402b7f in func 402540 with 1 insts
    I: 402b7f (flow 403519)
      Successors: 403519
  BB: 403780 in func 402540 with 3 insts
    I: 403780 (imm 404059)
    I: 40378a (flow 406048)
    I: 40378f (flow 4032f8)
      Successors: 4032f8
  BB: 403381 in func 402540 with 1 insts
    I: 403381 (flow 403794)
      Successors: 403794
  BB: 402b84 in func 402540 with 93 insts
    I: 402b84
    I: 402b8b
    I: 402b8f
    I: 402b96
    I: 402b9d
    I: 402ba1
    I: 402ba5
    I: 402ba9
    I: 402bad
    I: 402bb4
    I: 402bbb
    I: 402bc2
    I: 402bc9
    I: 402bcd
    I: 402bd0
    I: 402bd5
    I: 402bda
    I: 402bde
    I: 402be1
    I: 402be4
    I: 402be7
    I: 402bec
    I: 402bf1
    I: 402bf4
    I: 402bf8
    I: 402bfb
    I: 402bff
    I: 402c02
    I: 402c06
    I: 402c09
    I: 402c0d
    I: 402c10
    I: 402c15
    I: 402c19
    I: 402c1c
    I: 402c1f
    I: 402c23
    I: 402c28
    I: 402c2c
    I: 402c30
    I: 402c33
    I: 402c36
    I: 402c3b
    I: 402c40
    I: 402c44
    I: 402c48
    I: 402c4c
    I: 402c50
    I: 402c54
    I: 402c58
    I: 402c5c
    I: 402c60
    I: 402c63
    I: 402c68
    I: 402c6d
    I: 402c71
    I: 402c75
    I: 402c7a
    I: 402c7e
    I: 402c82
    I: 402c86
    I: 402c88
    I: 402c8b
    I: 402c8f
    I: 402c93
    I: 402c97
    I: 402c9a
    I: 402c9d
    I: 402ca0
    I: 402ca3
    I: 402ca7
    I: 402cab
    I: 402cae
    I: 402cb0
    I: 402cb4
    I: 402cb8
    I: 402cbb
    I: 402cbe
    I: 402cc4 (imm 406038)
    I: 402ccb
    I: 402ccd (imm 40602c)
    I: 402cd4
    I: 402cd6
    I: 402cd8
    I: 402cdb
    I: 402cde
    I: 402ce1
    I: 402ce4
    I: 402ce7
    I: 402cea
    I: 402ced
    I: 402cef
    I: 402cf1 (flow 402cfc)
      Successors: 402cfc, 402cf7
  BB: 402585 in func 402540 with 1 insts
    I: 402585 (flow 40345b)
      Successors: 40345b
  BB: 403386 in func 402540 with 15 insts
    I: 403386 (imm 406038)
    I: 40338d
    I: 40338f (imm 40602c)
    I: 403396
    I: 403398
    I: 40339a
    I: 40339d
    I: 4033a0
    I: 4033a3
    I: 4033a6
    I: 4033a9
    I: 4033ac
    I: 4033af
    I: 4033b1
    I: 4033b3 (flow 4033be)
      Successors: 4033b9, 4033be
  BB: 40258a in func 402540 with 95 insts
    I: 40258a
    I: 40258d
    I: 402591
    I: 402594
    I: 402597
    I: 40259b
    I: 4025a2
    I: 4025a5
    I: 4025a8
    I: 4025ac
    I: 4025b3
    I: 4025b6
    I: 4025b9
    I: 4025bd
    I: 4025c4
    I: 4025c7
    I: 4025ca
    I: 4025ce
    I: 4025d5
    I: 4025d8
    I: 4025db
    I: 4025df
    I: 4025e6
    I: 4025e9
    I: 4025ec
    I: 4025f0
    I: 4025f7
    I: 4025fa
    I: 4025fd
    I: 402601
    I: 402608
    I: 40260b
    I: 40260e
    I: 402612
    I: 402616
    I: 402619
    I: 40261c
    I: 402620
    I: 402624
    I: 402627
    I: 40262a
    I: 40262e
    I: 402632
    I: 402635
    I: 402638
    I: 40263c
    I: 402640
    I: 402643
    I: 402646
    I: 40264a
    I: 40264e
    I: 402651
    I: 402654
    I: 402658
    I: 40265c
    I: 40265f
    I: 402662
    I: 402666
    I: 40266a
    I: 40266d
    I: 402670
    I: 402674
    I: 402678
    I: 40267b
    I: 40267e
    I: 402682
    I: 402686
    I: 402689
    I: 40268c
    I: 402690
    I: 402694
    I: 402697
    I: 40269a
    I: 40269e
    I: 4026a2
    I: 4026a5
    I: 4026a8
    I: 4026ac
    I: 4026b0
    I: 4026b3
    I: 4026b9 (imm 406038)
    I: 4026c0
    I: 4026c2 (imm 40602c)
    I: 4026c9
    I: 4026cb
    I: 4026cd
    I: 4026d0
    I: 4026d3
    I: 4026d6
    I: 4026d9
    I: 4026dc
    I: 4026df
    I: 4026e2
    I: 4026e4
    I: 4026e6 (flow 4026f1)
      Successors: 4026f1, 4026ec
  BB: 402f8b in func 402540 with 15 insts
    I: 402f8b (imm 406038)
    I: 402f92
    I: 402f94 (imm 40602c)
    I: 402f9b
    I: 402f9d
    I: 402f9f
    I: 402fa2
    I: 402fa5
    I: 402fa8
    I: 402fab
    I: 402fae
    I: 402fb1
    I: 402fb4
    I: 402fb6
    I: 402fb8 (flow 402fc3)
      Successors: 402fc3, 402fbe
  BB: 403794 in func 402540 with 1 insts
    I: 403794 (flow 403386)
      Successors: 403386
  BB: 403196 in func 402540 with 1 insts
    I: 403196 (flow 403753)
      Successors: 403753
  BB: 402d97 in func 402540 with 19 insts
    I: 402d97
    I: 402d9b
    I: 402d9f
    I: 402da3
    I: 402da7
    I: 402dab
    I: 402daf
    I: 402db3
    I: 402dba
    I: 402dbf
    I: 402dc4
    I: 402dc9
    I: 402dcd
    I: 402dd1
    I: 402dd5 (flow 402310)
    I: 402dda
    I: 402ddd
    I: 402de0
    I: 402de2
      Successors: 402de8
  BB: 403799 in func 402540 with 1 insts
    I: 403799 (flow 40340f)
      Successors: 40340f
  BB: 40319b in func 402540 with 1 insts
    I: 40319b (flow 403349)
      Successors: 403349
  BB: 4031a0 in func 402540 with 15 insts
    I: 4031a0 (imm 406038)
    I: 4031a7
    I: 4031a9 (imm 40602c)
    I: 4031b0
    I: 4031b2
    I: 4031b4
    I: 4031b7
    I: 4031ba
    I: 4031bd
    I: 4031c0
    I: 4031c3
    I: 4031c6
    I: 4031c9
    I: 4031cb
    I: 4031cd (flow 4031d8)
      Successors: 4031d8, 4031d3
  BB: 4029aa in func 402540 with 9 insts
    I: 4029aa
    I: 4029b1
    I: 4029b7
    I: 4029b9
    I: 4029bc
    I: 4029be
    I: 4029c0
    I: 4029c3
    I: 4029c9 (flow 402a9c)
      Successors: 402a9c, 4029cf
  BB: 4027b2 in func 402540 with 1 insts
    I: 4027b2 (flow 403470)
      Successors: 403470
  BB: 4027b7 in func 402540 with 3 insts
    I: 4027b7
    I: 4027bd
    I: 4027bf (flow 4027ca)
      Successors: 4027ca, 4027c5
  BB: 4033b9 in func 402540 with 1 insts
    I: 4033b9 (flow 403794)
      Successors: 403794
  BB: 402fbe in func 402540 with 1 insts
    I: 402fbe (flow 4036cd)
      Successors: 4036cd
  BB: 4033be in func 402540 with 1 insts
    I: 4033be (flow 4033c3)
      Successors: 4033c3
  BB: 402fc3 in func 402540 with 44 insts
    I: 402fc3
    I: 402fc7
    I: 402fcb
    I: 402fcf
    I: 402fd3
    I: 402fd7
    I: 402fdb
    I: 402fdf
    I: 402fe4
    I: 402fe8
    I: 402fed
    I: 402ff1
    I: 402ff5
    I: 402ff9
    I: 402ffd
    I: 403001
    I: 403005
    I: 40300a
    I: 403014
    I: 403017
    I: 40301c
    I: 403020
    I: 403024 (mem 404018)
    I: 40302c
    I: 403030
    I: 403034
    I: 403037
    I: 40303b
    I: 40303e
    I: 403044 (imm 406038)
    I: 40304b
    I: 40304d (imm 40602c)
    I: 403054
    I: 403056
    I: 403058
    I: 40305b
    I: 40305e
    I: 403061
    I: 403064
    I: 403067
    I: 40306a
    I: 40306d
    I: 40306f
    I: 403071 (flow 40307c)
      Successors: 40307c, 403077
  BB: 4033c3 in func 402540 with 1 insts
    I: 4033c3 (flow 4033d7)
      Successors: 4033d7
  BB: 4027c5 in func 402540 with 1 insts
    I: 4027c5 (flow 4027cf)
      Successors: 4027cf
  BB: 4033c8 in func 402540 with 2 insts
    I: 4033c8 (imm 404041)
    I: 4033d2 (flow 406048)
      Successors: 4033d7
  BB: 4027ca in func 402540 with 1 insts
    I: 4027ca (flow 40344c)
      Successors: 40344c
  BB: 4027cf in func 402540 with 28 insts
    I: 4027cf
    I: 4027d6
    I: 4027dd
    I: 4027e0
    I: 4027e4
    I: 4027e7
    I: 4027eb
    I: 4027ef
    I: 4027f3 (imm 404038)
    I: 4027fd
    I: 4027ff (flow 406050)
    I: 402804
    I: 40280b
    I: 402812
    I: 402815
    I: 402819
    I: 40281c
    I: 402820
    I: 402824
    I: 402828 (imm 404038)
    I: 402832
    I: 402834 (flow 406050)
    I: 402839
    I: 402840
    I: 402846
    I: 402848
    I: 40284b
    I: 402851 (flow 4028a3)
      Successors: 4028a3, 402857
  BB: 4029cf in func 402540 with 15 insts
    I: 4029cf (imm 406038)
    I: 4029d6
    I: 4029d8 (imm 40602c)
    I: 4029df
    I: 4029e1
    I: 4029e3
    I: 4029e6
    I: 4029e9
    I: 4029ec
    I: 4029ef
    I: 4029f2
    I: 4029f5
    I: 4029f8
    I: 4029fa
    I: 4029fc (flow 402a07)
      Successors: 402a02, 402a07
  BB: 4031d3 in func 402540 with 1 insts
    I: 4031d3 (flow 403767)
      Successors: 403767
  BB: 4033d7 in func 402540 with 15 insts
    I: 4033d7 (imm 406038)
    I: 4033de
    I: 4033e0 (imm 40602c)
    I: 4033e7
    I: 4033e9
    I: 4033eb
    I: 4033ee
    I: 4033f1
    I: 4033f4
    I: 4033f7
    I: 4033fa
    I: 4033fd
    I: 403400
    I: 403402
    I: 403404 (flow 40340f)
      Successors: 40340a, 40340f
  BB: 4031d8 in func 402540 with 20 insts
    I: 4031d8
    I: 4031dc (mem 404030)
    I: 4031e4
    I: 4031e8
    I: 4031eb
    I: 4031f1 (imm 406038)
    I: 4031f8
    I: 4031fa (imm 40602c)
    I: 403201
    I: 403203
    I: 403205
    I: 403208
    I: 40320b
    I: 40320e
    I: 403211
    I: 403214
    I: 403217
    I: 40321a
    I: 40321c
    I: 40321e (flow 403229)
      Successors: 403229, 403224
  BB: 402de8 in func 402540 with 9 insts
    I: 402de8
    I: 402def
    I: 402df5
    I: 402df7
    I: 402dfa
    I: 402dfc
    I: 402dfe
    I: 402e01
    I: 402e07 (flow 402ee5)
      Successors: 402ee5, 402e0d
Recovering .term_proc at 4037a0
  Analysing subroutine .term_proc at 4037a0
    Block head at 004037ad is not code.
  Subroutine .term_proc at 4037a0 has 1 blocks
  BB: 4037a0 in func 4037a0 with 4 insts
    I: 4037a0
    I: 4037a4
    I: 4037a8
    I: 4037ac
      No successors
Global Variable None
WARNING: Global constructor and destructor sections are adjacent!
Recovering region LOAD [400000, 4004e8) in segment LOAD
  8-byte reference at 400018 to 401050 (start)
  8-byte reference at 4000f8 to 401000 (.init_proc)
  8-byte reference at 400130 to 404000 ()
  8-byte reference at 400168 to 405de8 ()
  8-byte reference at 400280 to 404064 ()
  8-byte reference at 4002f0 to 405de8 ()
Recovering region .init [401000, 40101b) in segment .init
Recovering region LOAD [40101b, 401020) in segment LOAD
Recovering region .plt [401020, 401050) in segment .plt
Recovering region .text [401050, 40379e) in segment .text
Recovering region LOAD [40379e, 4037a0) in segment LOAD
Recovering region .fini [4037a0, 4037ad) in segment .fini
Recovering region .rodata [404000, 404063) in segment .rodata
  Variable aDDDD at 404038
  Variable s at 404041
  Variable aSyoKichi at 404045
  Variable aChuKichi at 40404f
  Variable aDai at 404059
  Variable aKichi at 40405d
Recovering region LOAD [404063, 404064) in segment LOAD
Recovering region .eh_frame_hdr [404064, 4040a0) in segment .eh_frame_hdr
Recovering region .eh_frame [4040a0, 40418c) in segment .eh_frame
Recovering region LOAD [40418c, 4041d0) in segment LOAD
Recovering region .init_array [405de8, 405df8) in segment .init_array
  8-byte reference at 405de8 to 401130 ()
  8-byte reference at 405df0 to 401100 ()
Recovering region LOAD [405df8, 405fd8) in segment LOAD
Recovering region .got [405fd8, 405fe8) in segment .got
  8-byte reference at 405fd8 to 406040 (__libc_start_main)
  8-byte reference at 405fe0 to 406058 (__gmon_start__)
Recovering region .got.plt [405fe8, 406010) in segment .got.plt
  8-byte reference at 406000 to 406048 (puts)
  8-byte reference at 406008 to 406050 (__isoc99_scanf)
Recovering region .data [406010, 406020) in segment .data
Recovering region .bss [406020, 406040) in segment .bss
Recovering extern function puts at 401030
Recovering extern function __isoc99_scanf at 401040
Recovering extern function __libc_start_main at 406040
Recovering extern function puts at 406048
Recovering extern function __isoc99_scanf at 406050
Recovering extern function __gmon_start__ at 406058
Recovered 10 functions.
Saving to: /home/ubuntu/capstone_project/result/pipeline_20260629_141746/s092944415_bcf.cfg
Done analysis!
