Debugging is enabled.
Loading Standard Definitions file: /home/ubuntu/capstone_project/dependency/mcsema/mcsema/lib/python3/site-packages/mcsema_disass-3.1.3.8-py3.8.egg/mcsema_disass/defs/linux.txt
Using Batch mode.
Starting analysis
Recovering module s092944415_fla.elf
Found main at 401a70
Looking for instructions in segment .init
  Default block heads for function 401000 with loose bounds [401000, 40101b)
    block [401000, 401014)
    block [401014, 401016)
    block [401016, 40101b)
    chunk [401000, 40101b)
Looking for instructions in segment .plt
  Default block heads for function 401020 with loose bounds [401020, 40102c)
    block [401020, 40102c)
    chunk [401020, 40102c)
  Default block heads for function 401030 with loose bounds [401030, 401036)
    block [401030, 401036)
    chunk [401030, 401036)
  Default block heads for function 401040 with loose bounds [401040, 401046)
    block [401040, 401046)
    chunk [401040, 401046)
Looking for instructions in segment .text
  Default block heads for function 401050 with loose bounds [401050, 401076)
    block [401050, 401076)
    chunk [401050, 401076)
  Default block heads for function 401090 with loose bounds [401090, 4010b1)
    block [401090, 40109d)
    block [40109d, 4010a7)
    block [4010a7, 4010ae)
    block [4010b0, 4010b1)
    chunk [401090, 4010b1)
  Default block heads for function 401100 with loose bounds [401100, 401121)
    block [401100, 40110d)
    block [40110d, 40111f)
    block [401120, 401121)
    chunk [401100, 401121)
  Default block heads for function 401130 with loose bounds [401130, 401136)
    block [401130, 401136)
    chunk [401130, 401136)
    chunk [4010c0, 4010f1)
  Default block heads for function 401140 with loose bounds [401140, 40188d)
    block [401140, 4013a2)
    block [4013a2, 4013b9)
    block [4013b9, 4013be)
    block [4013be, 4013cf)
    block [4013cf, 4013d4)
    block [4013d4, 4013e5)
    block [4013e5, 4013ea)
    block [4013ea, 4013fb)
    block [4013fb, 401400)
    block [401400, 401411)
    block [401411, 401416)
    block [401416, 401427)
    block [401427, 40142c)
    block [40142c, 40143d)
    block [40143d, 401442)
    block [401442, 401453)
    block [401453, 401458)
    block [401458, 401469)
    block [401469, 40146e)
    block [40146e, 40147f)
    block [40147f, 401484)
    block [401484, 401495)
    block [401495, 40149a)
    block [40149a, 4014ab)
    block [4014ab, 4014b0)
    block [4014b0, 4014c1)
    block [4014c1, 4014c6)
    block [4014c6, 4014d7)
    block [4014d7, 4014dc)
    block [4014dc, 4014ed)
    block [4014ed, 4014f2)
    block [4014f2, 401503)
    block [401503, 401508)
    block [401508, 401519)
    block [401519, 40151e)
    block [40151e, 40152f)
    block [40152f, 401534)
    block [401534, 401545)
    block [401545, 40154a)
    block [40154a, 40155b)
    block [40155b, 401560)
    block [401560, 401571)
    block [401571, 401576)
    block [401576, 401587)
    block [401587, 40158c)
    block [40158c, 40159d)
    block [40159d, 4015a2)
    block [4015a2, 4015b3)
    block [4015b3, 4015b8)
    block [4015b8, 4015bd)
    block [4015bd, 4015dd)
    block [4015dd, 4015fd)
    block [4015fd, 40161d)
    block [40161d, 40163d)
    block [40163d, 40165d)
    block [40165d, 40167d)
    block [40167d, 40169d)
    block [40169d, 4016bd)
    block [4016bd, 4016d3)
    block [4016d3, 4016f3)
    block [4016f3, 401713)
    block [401713, 401733)
    block [401733, 401753)
    block [401753, 401773)
    block [401773, 401793)
    block [401793, 4017b3)
    block [4017b3, 4017d3)
    block [4017d3, 4017f3)
    block [4017f3, 401813)
    block [401813, 401833)
    block [401833, 401853)
    block [401853, 401869)
    block [401869, 40187f)
    block [40187f, 401888)
    block [401888, 40188d)
    chunk [401140, 40188d)
  Default block heads for function 401890 with loose bounds [401890, 401a62)
    block [401890, 401903)
    block [401903, 401914)
    block [401914, 401919)
    block [401919, 401927)
    block [401927, 40192c)
    block [40192c, 40193a)
    block [40193a, 40193f)
    block [40193f, 40194d)
    block [40194d, 401952)
    block [401952, 401960)
    block [401960, 401965)
    block [401965, 40196a)
    block [40196a, 401990)
    block [401990, 4019b2)
    block [4019b2, 4019c5)
    block [4019c5, 401a58)
    block [401a58, 401a5d)
    block [401a5d, 401a62)
    chunk [401890, 401a62)
  Default block heads for function 401a70 with loose bounds [401a70, 4024f3)
    block [401a70, 401a8c)
    block [401a8c, 401aa3)
    block [401aa3, 401aa8)
    block [401aa8, 401ab9)
    block [401ab9, 401abe)
    block [401abe, 401acf)
    block [401acf, 401ad4)
    block [401ad4, 401ae5)
    block [401ae5, 401aea)
    block [401aea, 401afb)
    block [401afb, 401b00)
    block [401b00, 401b11)
    block [401b11, 401b16)
    block [401b16, 401b27)
    block [401b27, 401b2c)
    block [401b2c, 401b3d)
    block [401b3d, 401b42)
    block [401b42, 401b53)
    block [401b53, 401b58)
    block [401b58, 401b69)
    block [401b69, 401b6e)
    block [401b6e, 401b7f)
    block [401b7f, 401b84)
    block [401b84, 401b95)
    block [401b95, 401b9a)
    block [401b9a, 401bab)
    block [401bab, 401bb0)
    block [401bb0, 401bc1)
    block [401bc1, 401bc6)
    block [401bc6, 401bd7)
    block [401bd7, 401bdc)
    block [401bdc, 401bed)
    block [401bed, 401bf2)
    block [401bf2, 401c03)
    block [401c03, 401c08)
    block [401c08, 401c19)
    block [401c19, 401c1e)
    block [401c1e, 401c2f)
    block [401c2f, 401c34)
    block [401c34, 401c45)
    block [401c45, 401c4a)
    block [401c4a, 401c5b)
    block [401c5b, 401c60)
    block [401c60, 401c71)
    block [401c71, 401c76)
    block [401c76, 401c87)
    block [401c87, 401c8c)
    block [401c8c, 401c9d)
    block [401c9d, 401ca2)
    block [401ca2, 401cb3)
    block [401cb3, 401cb8)
    block [401cb8, 401cc9)
    block [401cc9, 401cce)
    block [401cce, 401cdf)
    block [401cdf, 401ce4)
    block [401ce4, 401cf5)
    block [401cf5, 401cfa)
    block [401cfa, 401d0b)
    block [401d0b, 401d10)
    block [401d10, 401d21)
    block [401d21, 401d26)
    block [401d26, 401d37)
    block [401d37, 401d3c)
    block [401d3c, 401d4d)
    block [401d4d, 401d52)
    block [401d52, 401d63)
    block [401d63, 401d68)
    block [401d68, 401d79)
    block [401d79, 401d7e)
    block [401d7e, 401d8f)
    block [401d8f, 401d94)
    block [401d94, 401d99)
    block [401d99, 401de9)
    block [401de9, 401df8)
    block [401df8, 401e84)
    block [401e84, 401ecb)
    block [401ecb, 401efc)
    block [401efc, 401f43)
    block [401f43, 401f74)
    block [401f74, 401fbb)
    block [401fbb, 401fe5)
    block [401fe5, 4020dd)
    block [4020dd, 40212d)
    block [40212d, 40215e)
    block [40215e, 4021b4)
    block [4021b4, 4021e5)
    block [4021e5, 40223b)
    block [40223b, 402258)
    block [402258, 402274)
    block [402274, 40230e)
    block [40230e, 402344)
    block [402344, 40236c)
    block [40236c, 40238a)
    block [40238a, 4023b2)
    block [4023b2, 4023d0)
    block [4023d0, 4023f8)
    block [4023f8, 402416)
    block [402416, 40243e)
    block [40243e, 40245c)
    block [40245c, 40247a)
    block [40247a, 402489)
    block [402489, 402498)
    block [402498, 4024a7)
    block [4024a7, 4024b6)
    block [4024b6, 4024d4)
    block [4024d4, 4024e3)
    block [4024e3, 4024ee)
    block [4024ee, 4024f3)
    chunk [401a70, 4024f3)
Looking for instructions in segment .fini
  Default block heads for function 4024f4 with loose bounds [4024f4, 402501)
    block [4024f4, 402501)
    chunk [4024f4, 402501)
Looking for strings in segment .rodata [403000, 403063)
  Found string b'%d%d%d%d' of length 9 at 403038, jumping to 403041
  Found string b'kyo' of length 4 at 403041, jumping to 403045
  Found string b'syo-kichi' of length 10 at 403045, jumping to 40304f
  Found string b'chu-kichi' of length 10 at 40304f, jumping to 403059
  Found string b'dai-kichi' of length 4 at 403059, jumping to 40305d
  Found string b'kichi' of length 6 at 40305d, jumping to 403063
Looking for strings in segment .eh_frame_hdr [403064, 4030a0)
Looking for strings in segment .eh_frame [4030a0, 403178)
Looking for strings in segment .init_array [404de8, 404df0)
Looking for strings in segment .fini_array [404df0, 404df8)
Looking for strings in segment .got [404fd8, 404fe8)
Looking for strings in segment .got.plt [404fe8, 405010)
Looking for strings in segment .data [405010, 405020)
Looking for strings in segment .bss [405020, 405028)
Looking for strings in segment extern [405028, 405048)
Looking for cross-references in segment .init [401000, 40101b)
Looking for cross-references in segment .plt [401020, 401050)
  Stopping scan at 40102c
Looking for cross-references in segment .text [401050, 4024f3)
  Stopping scan at 40107c
  Stopping scan at 40108c
  Stopping scan at ffffffffffffffff
  Stopping scan at 4010bc
  Stopping scan at 4010fc
  Stopping scan at ffffffffffffffff
  Stopping scan at 40112c
  Stopping scan at 40113c
  Stopping scan at ffffffffffffffff
  Stopping scan at 401a6c
Looking for cross-references in segment .fini [4024f4, 402501)
Looking for cross-references in segment .rodata [403000, 403063)
  Found string at 403038, jumping to 403041
  Found string at 403041, jumping to 403045
  Found string at 403045, jumping to 40304f
  Found string at 40304f, jumping to 403059
  Found string at 403059, jumping to 40305d
  Found string at 40305d, jumping to 403063
  Stopping scan at 40305d
Looking for cross-references in segment .eh_frame_hdr [403064, 4030a0)
  Stopping scan at 40309c
Looking for cross-references in segment .eh_frame [4030a0, 403178)
  Stopping scan at 403174
Looking for cross-references in segment .init_array [404de8, 404df0)
  Adding qword reference from 404de8 to 401130
  Stopping scan at 404de8
Looking for cross-references in segment .fini_array [404df0, 404df8)
  Adding qword reference from 404df0 to 401100
  Stopping scan at 404df0
Looking for cross-references in segment .got [404fd8, 404fe8)
  Adding qword reference from 404fd8 to 405028
  Adding qword reference from 404fe0 to 405040
  Stopping scan at 404fe0
Looking for cross-references in segment .got.plt [404fe8, 405010)
  Adding qword reference from 405000 to 405030
  Adding qword reference from 405008 to 405038
  Stopping scan at 405008
Looking for cross-references in segment .data [405010, 405020)
  Stopping scan at 40501c
Looking for cross-references in segment .bss [405020, 405028)
  Stopping scan at 405024
Looking for cross-references in segment extern [405028, 405048)
  Stopping scan at 405044
Looking for thunks
  Found thunk for puts targeting 405030 at 401030
  Found thunk for __isoc99_scanf targeting 405038 at 401040
Looking for external symbols
  Function at 401030 is the external function puts
  Function at 401040 is the external function __isoc99_scanf
  Function at 405028 is the external function __libc_start_main
  Function at 405030 is the external function puts
  Function at 405038 is the external function __isoc99_scanf
  Function at 405040 is the external function __gmon_start__
Looking for entrypoints
Recovering .init_proc at 401000
  Analysing subroutine .init_proc at 401000
    Block head at 0040101b is not code.
  Subroutine .init_proc at 401000 has 3 blocks
  BB: 401000 in func 401000 with 5 insts
    Referenced by data
    I: 401000
    I: 401004
    I: 401008 (mem 404fe0)
    I: 40100f
    I: 401012 (flow 401016)
      Successors: 401014, 401016
  BB: 401014 in func 401000 with 1 insts
    I: 401014
      Successors: 401016
  BB: 401016 in func 401000 with 2 insts
    I: 401016
    I: 40101a
      No successors
Recovering 401020
  Analysing subroutine sub_401020 at 401020
  WARNING: No table entries for indirect jump at 401026; Adding next_ea 40102c as successor.
  Subroutine sub_401020 at 401020 has 2 blocks
  WARNING: No table entries for indirect jump at 401026; Adding next_ea 40102c as successor.
  BB: 401020 in func 401020 with 2 insts
    I: 401020 (mem 404ff0)
    I: 401026 (mem 404ff8)
      Successors: 40102c
  BB: 40102c in func 401020 with 1 insts
    I: 40102c
      No successors
Recovering start at 401050
  Analysing subroutine start at 401050
  Subroutine start at 401050 has 3 blocks
  BB: 401050 in func 401050 with 13 insts
    Referenced by data
    I: 401050
    I: 401054
    I: 401056
    I: 401059
    I: 40105a
    I: 40105d
    I: 401061
    I: 401062
    I: 401063
    I: 401066
    I: 401068 (imm 401a70)
    I: 40106f (mem 404fd8)
    I: 401075
      No successors
  BB: 401085 in func 401050 with 2 insts
    I: 401085
    I: 40108f
      No successors
  BB: 401076 in func 401050 with 3 insts
    I: 401076
    I: 401080
    I: 401084
      No successors
Recovering 401090
  Analysing subroutine sub_401090 at 401090
  WARNING: No table entries for indirect jump at 4010ac; Adding next_ea 4010ae as successor.
  WARNING: No table entries for indirect jump at 4010ee; Adding next_ea 4010f0 as successor.
  Subroutine sub_401090 at 401090 has 11 blocks
  BB: 4010c0 in func 401090 with 8 insts
    I: 4010c0 (imm 405020)
    I: 4010c5 (imm 405020)
    I: 4010cc
    I: 4010cf
    I: 4010d3
    I: 4010d7
    I: 4010da
    I: 4010dd (flow 4010f0)
      Successors: 4010f0, 4010df
  WARNING: No table entries for indirect jump at 4010ac; Adding next_ea 4010ae as successor.
  BB: 4010a7 in func 401090 with 2 insts
    I: 4010a7 (imm 405020)
    I: 4010ac
      Successors: 4010ae
  WARNING: No table entries for indirect jump at 4010ee; Adding next_ea 4010f0 as successor.
  BB: 4010e9 in func 401090 with 2 insts
    I: 4010e9 (imm 405020)
    I: 4010ee
      Successors: 4010f0
  BB: 4010ae in func 401090 with 1 insts
    I: 4010ae
      Successors: 4010b0
  BB: 401090 in func 401090 with 3 insts
    I: 401090 (imm 405020)
    I: 401095 (imm 405020)
    I: 40109b (flow 4010b0)
      Successors: 4010b0, 40109d
  BB: 4010b0 in func 401090 with 1 insts
    I: 4010b0
      No successors
  BB: 4010b1 in func 401090 with 2 insts
    I: 4010b1
    I: 4010b5
      Successors: 4010c0
  BB: 4010f0 in func 401090 with 1 insts
    I: 4010f0
      No successors
  BB: 4010f1 in func 401090 with 2 insts
    I: 4010f1
    I: 4010f5
      No successors
  BB: 40109d in func 401090 with 3 insts
    I: 40109d
    I: 4010a2
    I: 4010a5 (flow 4010b0)
      Successors: 4010b0, 4010a7
  BB: 4010df in func 401090 with 3 insts
    I: 4010df
    I: 4010e4
    I: 4010e7 (flow 4010f0)
      Successors: 4010f0, 4010e9
Recovering 401100
  Analysing subroutine sub_401100 at 401100
  Subroutine sub_401100 at 401100 has 5 blocks
  BB: 401100 in func 401100 with 3 insts
    Referenced by data
    I: 401100
    I: 401104 (mem 405020)
    I: 40110b (flow 401120)
      Successors: 401120, 40110d
  BB: 401121 in func 401100 with 2 insts
    I: 401121
    I: 401125
      No successors
  BB: 401120 in func 401100 with 1 insts
    I: 401120
      No successors
  BB: 40110d in func 401100 with 6 insts
    I: 40110d
    I: 40110e
    I: 401111 (flow 401090)
    I: 401116 (mem 405020)
    I: 40111d
    I: 40111e
      No successors
  BB: 40111f in func 401100 with 1 insts
    I: 40111f
      Successors: 401120
Recovering 401130
  Analysing subroutine sub_401130 at 401130
  WARNING: No table entries for indirect jump at 4010ee; Adding next_ea 4010f0 as successor.
  Subroutine sub_401130 at 401130 has 6 blocks
  BB: 4010c0 in func 401130 with 8 insts
    I: 4010c0 (imm 405020)
    I: 4010c5 (imm 405020)
    I: 4010cc
    I: 4010cf
    I: 4010d3
    I: 4010d7
    I: 4010da
    I: 4010dd (flow 4010f0)
      Successors: 4010f0, 4010df
  WARNING: No table entries for indirect jump at 4010ee; Adding next_ea 4010f0 as successor.
  BB: 4010e9 in func 401130 with 2 insts
    I: 4010e9 (imm 405020)
    I: 4010ee
      Successors: 4010f0
  BB: 401130 in func 401130 with 2 insts
    Referenced by data
    I: 401130
    I: 401134 (flow 4010c0)
      Successors: 4010c0
  BB: 4010f0 in func 401130 with 1 insts
    I: 4010f0
      No successors
  BB: 401136 in func 401130 with 1 insts
    I: 401136
      No successors
  BB: 4010df in func 401130 with 3 insts
    I: 4010df
    I: 4010e4
    I: 4010e7 (flow 4010f0)
      Successors: 4010f0, 4010e9
Recovering 401140
  Analysing subroutine sub_401140 at 401140
  Subroutine sub_401140 at 401140 has 76 blocks
  BB: 401400 in func 401140 with 3 insts
    I: 401400
    I: 401406
    I: 40140b (flow 401833)
      Successors: 401411, 401833
  BB: 401503 in func 401140 with 1 insts
    I: 401503 (flow 401508)
      Successors: 401508
  BB: 401484 in func 401140 with 3 insts
    I: 401484
    I: 40148a
    I: 40148f (flow 40161d)
      Successors: 40161d, 401495
  BB: 401587 in func 401140 with 1 insts
    I: 401587 (flow 40158c)
      Successors: 40158c
  BB: 401508 in func 401140 with 3 insts
    I: 401508
    I: 40150e
    I: 401513 (flow 401853)
      Successors: 401519, 401853
  BB: 401888 in func 401140 with 1 insts
    I: 401888 (flow 4013a2)
      Successors: 4013a2
  BB: 40158c in func 401140 with 3 insts
    I: 40158c
    I: 401592
    I: 401597 (flow 40163d)
      Successors: 40163d, 40159d
  BB: 40188d in func 401140 with 1 insts
    I: 40188d
      No successors
  BB: 401411 in func 401140 with 1 insts
    I: 401411 (flow 401416)
      Successors: 401416
  BB: 401713 in func 401140 with 6 insts
    I: 401713
    I: 401718
    I: 40171d
    I: 401725
    I: 401728
    I: 40172e (flow 401888)
      Successors: 401888
  BB: 401793 in func 401140 with 6 insts
    I: 401793
    I: 401798
    I: 40179d
    I: 4017a5
    I: 4017a8
    I: 4017ae (flow 401888)
      Successors: 401888
  BB: 401495 in func 401140 with 1 insts
    I: 401495 (flow 40149a)
      Successors: 40149a
  BB: 401416 in func 401140 with 3 insts
    I: 401416
    I: 40141c
    I: 401421 (flow 40167d)
      Successors: 40167d, 401427
  BB: 401813 in func 401140 with 6 insts
    I: 401813
    I: 401818
    I: 40181d
    I: 401825
    I: 401828
    I: 40182e (flow 401888)
      Successors: 401888
  BB: 401519 in func 401140 with 1 insts
    I: 401519 (flow 40151e)
      Successors: 40151e
  BB: 40149a in func 401140 with 3 insts
    I: 40149a
    I: 4014a0
    I: 4014a5 (flow 4015dd)
      Successors: 4014ab, 4015dd
  BB: 40161d in func 401140 with 6 insts
    I: 40161d
    I: 401622
    I: 401627
    I: 40162f
    I: 401632
    I: 401638 (flow 401888)
      Successors: 401888
  BB: 40159d in func 401140 with 1 insts
    I: 40159d (flow 4015a2)
      Successors: 4015a2
  BB: 40151e in func 401140 with 3 insts
    I: 40151e
    I: 401524
    I: 401529 (flow 4017d3)
      Successors: 4017d3, 40152f
  BB: 40169d in func 401140 with 6 insts
    I: 40169d
    I: 4016a2
    I: 4016a7
    I: 4016af
    I: 4016b2
    I: 4016b8 (flow 401888)
      Successors: 401888
  BB: 4015fd in func 401140 with 6 insts
    I: 4015fd
    I: 401602
    I: 401607
    I: 40160f
    I: 401612
    I: 401618 (flow 401888)
      Successors: 401888
  BB: 4013a2 in func 401140 with 4 insts
    I: 4013a2
    I: 4013a8
    I: 4013ae
    I: 4013b3 (flow 401813)
      Successors: 4013b9, 401813
  BB: 4015a2 in func 401140 with 3 insts
    I: 4015a2
    I: 4015a8
    I: 4015ad (flow 401773)
      Successors: 4015b3, 401773
  BB: 40147f in func 401140 with 1 insts
    I: 40147f (flow 401484)
      Successors: 401484
  BB: 401427 in func 401140 with 1 insts
    I: 401427 (flow 40142c)
      Successors: 40142c
  BB: 4014ab in func 401140 with 1 insts
    I: 4014ab (flow 4014b0)
      Successors: 4014b0
  BB: 40142c in func 401140 with 3 insts
    I: 40142c
    I: 401432
    I: 401437 (flow 4015bd)
      Successors: 40143d, 4015bd
  BB: 40152f in func 401140 with 1 insts
    I: 40152f (flow 401534)
      Successors: 401534
  BB: 4014b0 in func 401140 with 3 insts
    I: 4014b0
    I: 4014b6
    I: 4014bb (flow 401733)
      Successors: 4014c1, 401733
  BB: 4015b3 in func 401140 with 1 insts
    I: 4015b3 (flow 4015b8)
      Successors: 4015b8
  BB: 401534 in func 401140 with 3 insts
    I: 401534
    I: 40153a
    I: 40153f (flow 40187f)
      Successors: 401545, 40187f
  BB: 401733 in func 401140 with 6 insts
    I: 401733
    I: 401738
    I: 40173d
    I: 401745
    I: 401748
    I: 40174e (flow 401888)
      Successors: 401888
  BB: 4017b3 in func 401140 with 6 insts
    I: 4017b3
    I: 4017b8
    I: 4017bd
    I: 4017c5
    I: 4017c8
    I: 4017ce (flow 401888)
      Successors: 401888
  BB: 401833 in func 401140 with 6 insts
    I: 401833
    I: 401838
    I: 40183d
    I: 401845
    I: 401848
    I: 40184e (flow 401888)
      Successors: 401888
  BB: 4015b8 in func 401140 with 1 insts
    I: 4015b8 (flow 401888)
      Successors: 401888
  BB: 4013b9 in func 401140 with 1 insts
    I: 4013b9 (flow 4013be)
      Successors: 4013be
  BB: 40143d in func 401140 with 1 insts
    I: 40143d (flow 401442)
      Successors: 401442
  BB: 4013be in func 401140 with 3 insts
    I: 4013be
    I: 4013c4
    I: 4013c9 (flow 4016f3)
      Successors: 4016f3, 4013cf
  BB: 4015bd in func 401140 with 7 insts
    I: 4015bd
    I: 4015c1
    I: 4015c6
    I: 4015cb
    I: 4015cf
    I: 4015d2
    I: 4015d8 (flow 401888)
      Successors: 401888
  BB: 401140 in func 401140 with 161 insts
    I: 401140
    I: 401141
    I: 401144
    I: 401148
    I: 40114b
    I: 40114e
    I: 401151
    I: 401154
    I: 401157
    I: 40115a
    I: 40115e
    I: 401162
    I: 401165
    I: 401168
    I: 40116a
    I: 40116e
    I: 401171
    I: 401174
    I: 401176
    I: 40117a
    I: 40117d
    I: 401180
    I: 401182
    I: 401186
    I: 401189
    I: 40118c
    I: 40118e
    I: 401192
    I: 401195
    I: 401198
    I: 40119a
    I: 40119e
    I: 4011a1
    I: 4011a4
    I: 4011a6
    I: 4011aa
    I: 4011ad
    I: 4011b0
    I: 4011b2
    I: 4011b6
    I: 4011b9
    I: 4011bc
    I: 4011be
    I: 4011c2
    I: 4011c5
    I: 4011c8
    I: 4011ca
    I: 4011ce
    I: 4011d1
    I: 4011d4
    I: 4011d6
    I: 4011dd
    I: 4011e0
    I: 4011e3
    I: 4011e5
    I: 4011e9
    I: 4011ec
    I: 4011ef
    I: 4011f1
    I: 4011f5
    I: 4011f9
    I: 4011fe
    I: 401202
    I: 401207
    I: 40120a
    I: 401211
    I: 401215
    I: 40121a
    I: 40121e
    I: 401223
    I: 401226
    I: 40122d
    I: 401231
    I: 401233
    I: 401237
    I: 40123b
    I: 40123d
    I: 401241
    I: 401246
    I: 401249
    I: 401250
    I: 401254
    I: 40125c
    I: 401260
    I: 401265
    I: 401268
    I: 40126f
    I: 401273
    I: 401278
    I: 40127c
    I: 401281
    I: 401284
    I: 40128b
    I: 40128f
    I: 401294
    I: 401298
    I: 40129d
    I: 4012a0
    I: 4012a7
    I: 4012ab
    I: 4012ad
    I: 4012b1
    I: 4012b5
    I: 4012b9
    I: 4012bb
    I: 4012bf
    I: 4012c3
    I: 4012c6
    I: 4012cd
    I: 4012d1
    I: 4012d6
    I: 4012da
    I: 4012e2
    I: 4012e5
    I: 4012ec
    I: 4012ee
    I: 4012f2
    I: 4012f4
    I: 4012f8
    I: 4012fc
    I: 4012fe
    I: 401302
    I: 401304
    I: 40130b
    I: 40130f
    I: 401312
    I: 401319
    I: 40131b
    I: 40131f
    I: 401324
    I: 401326
    I: 40132a
    I: 40132f
    I: 401332
    I: 401339
    I: 40133b
    I: 40133f
    I: 401341
    I: 401345
    I: 401349
    I: 40134b
    I: 40134f
    I: 401351
    I: 401355
    I: 401359
    I: 40135c
    I: 401363
    I: 401365
    I: 401369
    I: 40136b
    I: 40136f
    I: 401373
    I: 401375
    I: 401379
    I: 40137b
    I: 40137f
    I: 401383
    I: 401386
    I: 40138d
    I: 401394
    I: 401398
      Successors: 4013a2
  BB: 4014c1 in func 401140 with 1 insts
    I: 4014c1 (flow 4014c6)
      Successors: 4014c6
  BB: 401442 in func 401140 with 3 insts
    I: 401442
    I: 401448
    I: 40144d (flow 4017f3)
      Successors: 401453, 4017f3
  BB: 40163d in func 401140 with 6 insts
    I: 40163d
    I: 401642
    I: 401647
    I: 40164f
    I: 401652
    I: 401658 (flow 401888)
      Successors: 401888
  BB: 4016bd in func 401140 with 3 insts
    I: 4016bd
    I: 4016c4
    I: 4016ce (flow 401888)
      Successors: 401888
  BB: 401545 in func 401140 with 1 insts
    I: 401545 (flow 40154a)
      Successors: 40154a
  BB: 4014c6 in func 401140 with 3 insts
    I: 4014c6
    I: 4014cc
    I: 4014d1 (flow 4017b3)
      Successors: 4017b3, 4014d7
  BB: 40154a in func 401140 with 3 insts
    I: 40154a
    I: 401550
    I: 401555 (flow 401869)
      Successors: 401869, 40155b
  BB: 4013cf in func 401140 with 1 insts
    I: 4013cf (flow 4013d4)
      Successors: 4013d4
  BB: 401453 in func 401140 with 1 insts
    I: 401453 (flow 401458)
      Successors: 401458
  BB: 4013d4 in func 401140 with 3 insts
    I: 4013d4
    I: 4013da
    I: 4013df (flow 40169d)
      Successors: 4013e5, 40169d
  BB: 4016d3 in func 401140 with 6 insts
    I: 4016d3
    I: 4016d8
    I: 4016dd
    I: 4016e5
    I: 4016e8
    I: 4016ee (flow 401888)
      Successors: 401888
  BB: 401753 in func 401140 with 6 insts
    I: 401753
    I: 401758
    I: 40175d
    I: 401765
    I: 401768
    I: 40176e (flow 401888)
      Successors: 401888
  BB: 4014d7 in func 401140 with 1 insts
    I: 4014d7 (flow 4014dc)
      Successors: 4014dc
  BB: 401458 in func 401140 with 3 insts
    I: 401458
    I: 40145e
    I: 401463 (flow 401753)
      Successors: 401469, 401753
  BB: 4017d3 in func 401140 with 6 insts
    I: 4017d3
    I: 4017d8
    I: 4017dd
    I: 4017e5
    I: 4017e8
    I: 4017ee (flow 401888)
      Successors: 401888
  BB: 401853 in func 401140 with 3 insts
    I: 401853
    I: 40185a
    I: 401864 (flow 401888)
      Successors: 401888
  BB: 40155b in func 401140 with 1 insts
    I: 40155b (flow 401560)
      Successors: 401560
  BB: 4014dc in func 401140 with 3 insts
    I: 4014dc
    I: 4014e2
    I: 4014e7 (flow 4015fd)
      Successors: 4015fd, 4014ed
  BB: 4015dd in func 401140 with 6 insts
    I: 4015dd
    I: 4015e2
    I: 4015e7
    I: 4015ef
    I: 4015f2
    I: 4015f8 (flow 401888)
      Successors: 401888
  BB: 40165d in func 401140 with 6 insts
    I: 40165d
    I: 401662
    I: 401667
    I: 40166f
    I: 401672
    I: 401678 (flow 401888)
      Successors: 401888
  BB: 401560 in func 401140 with 3 insts
    I: 401560
    I: 401566
    I: 40156b (flow 40165d)
      Successors: 401571, 40165d
  BB: 4013e5 in func 401140 with 1 insts
    I: 4013e5 (flow 4013ea)
      Successors: 4013ea
  BB: 401469 in func 401140 with 1 insts
    I: 401469 (flow 40146e)
      Successors: 40146e
  BB: 4013ea in func 401140 with 3 insts
    I: 4013ea
    I: 4013f0
    I: 4013f5 (flow 4016d3)
      Successors: 4013fb, 4016d3
  BB: 401869 in func 401140 with 3 insts
    I: 401869
    I: 401870
    I: 40187a (flow 401888)
      Successors: 401888
  BB: 4014ed in func 401140 with 1 insts
    I: 4014ed (flow 4014f2)
      Successors: 4014f2
  BB: 40146e in func 401140 with 3 insts
    I: 40146e
    I: 401474
    I: 401479 (flow 401793)
      Successors: 401793, 40147f
  BB: 401571 in func 401140 with 1 insts
    I: 401571 (flow 401576)
      Successors: 401576
  BB: 4014f2 in func 401140 with 3 insts
    I: 4014f2
    I: 4014f8
    I: 4014fd (flow 401713)
      Successors: 401713, 401503
  BB: 4016f3 in func 401140 with 6 insts
    I: 4016f3
    I: 4016f8
    I: 4016fd
    I: 401705
    I: 401708
    I: 40170e (flow 401888)
      Successors: 401888
  BB: 401773 in func 401140 with 6 insts
    I: 401773
    I: 401778
    I: 40177d
    I: 401785
    I: 401788
    I: 40178e (flow 401888)
      Successors: 401888
  BB: 4017f3 in func 401140 with 6 insts
    I: 4017f3
    I: 4017f8
    I: 4017fd
    I: 401805
    I: 401808
    I: 40180e (flow 401888)
      Successors: 401888
  BB: 401576 in func 401140 with 3 insts
    I: 401576
    I: 40157c
    I: 401581 (flow 4016bd)
      Successors: 4016bd, 401587
  BB: 4013fb in func 401140 with 1 insts
    I: 4013fb (flow 401400)
      Successors: 401400
  BB: 40167d in func 401140 with 6 insts
    I: 40167d
    I: 401682
    I: 401687
    I: 40168f
    I: 401692
    I: 401698 (flow 401888)
      Successors: 401888
  BB: 40187f in func 401140 with 4 insts
    I: 40187f
    I: 401882
    I: 401886
    I: 401887
      No successors
Recovering 401890
  Analysing subroutine sub_401890 at 401890
  Subroutine sub_401890 at 401890 has 19 blocks
  BB: 401903 in func 401890 with 4 insts
    I: 401903
    I: 401906
    I: 401909
    I: 40190e (flow 401a58)
      Successors: 401a58, 401914
  BB: 401890 in func 401890 with 24 insts
    I: 401890
    I: 401891
    I: 401894
    I: 401898
    I: 40189c
    I: 4018a1
    I: 4018a6
    I: 4018ab
    I: 4018b0
    I: 4018b5
    I: 4018ba
    I: 4018bf
    I: 4018c4
    I: 4018c9
    I: 4018ce
    I: 4018d3
    I: 4018dd
    I: 4018e0
    I: 4018e5
    I: 4018e9
    I: 4018ed
    I: 4018f2
    I: 4018f7
    I: 4018fc
      Successors: 401903
  BB: 401990 in func 401890 with 7 insts
    I: 401990 (mem 403008)
    I: 401998
    I: 40199d
    I: 4019a2
    I: 4019a7
    I: 4019aa
    I: 4019ad (flow 401a5d)
      Successors: 401a5d
  BB: 401914 in func 401890 with 1 insts
    I: 401914 (flow 401919)
      Successors: 401919
  BB: 401919 in func 401890 with 3 insts
    I: 401919
    I: 40191c
    I: 401921 (flow 40196a)
      Successors: 40196a, 401927
  BB: 401927 in func 401890 with 1 insts
    I: 401927 (flow 40192c)
      Successors: 40192c
  BB: 40192c in func 401890 with 3 insts
    I: 40192c
    I: 40192f
    I: 401934 (flow 4019c5)
      Successors: 40193a, 4019c5
  BB: 4019b2 in func 401890 with 3 insts
    I: 4019b2
    I: 4019b9
    I: 4019c0 (flow 401a5d)
      Successors: 401a5d
  BB: 40193a in func 401890 with 1 insts
    I: 40193a (flow 40193f)
      Successors: 40193f
  BB: 40193f in func 401890 with 3 insts
    I: 40193f
    I: 401942
    I: 401947 (flow 401990)
      Successors: 401990, 40194d
  BB: 4019c5 in func 401890 with 29 insts
    I: 4019c5
    I: 4019ca
    I: 4019cf
    I: 4019d4
    I: 4019d9
    I: 4019de
    I: 4019e8
    I: 4019eb
    I: 4019f0
    I: 4019f4
    I: 4019f8
    I: 4019fd
    I: 401a01
    I: 401a05
    I: 401a0a
    I: 401a0f
    I: 401a19
    I: 401a1c
    I: 401a21
    I: 401a26
    I: 401a2b
    I: 401a30
    I: 401a34
    I: 401a38
    I: 401a3d
    I: 401a41
    I: 401a45
    I: 401a4c
    I: 401a53 (flow 401a5d)
      Successors: 401a5d
  BB: 40194d in func 401890 with 1 insts
    I: 40194d (flow 401952)
      Successors: 401952
  BB: 401952 in func 401890 with 3 insts
    I: 401952
    I: 401955
    I: 40195a (flow 4019b2)
      Successors: 401960, 4019b2
  BB: 401a58 in func 401890 with 3 insts
    I: 401a58
    I: 401a5b
    I: 401a5c
      No successors
  BB: 401a5d in func 401890 with 1 insts
    I: 401a5d (flow 401903)
      Successors: 401903
  BB: 401960 in func 401890 with 1 insts
    I: 401960 (flow 401965)
      Successors: 401965
  BB: 401a62 in func 401890 with 2 insts
    I: 401a62
    I: 401a6c
      No successors
  BB: 401965 in func 401890 with 1 insts
    I: 401965 (flow 401a5d)
      Successors: 401a5d
  BB: 40196a in func 401890 with 8 insts
    I: 40196a
    I: 40196f (mem 403010)
    I: 401977
    I: 40197c
    I: 401981
    I: 401985
    I: 401988
    I: 40198b (flow 401a5d)
      Successors: 401a5d
Recovering main at 401a70
  Analysing subroutine main at 401a70
    Block head at 004024f3 is not code.
  Subroutine main at 401a70 has 108 blocks
  BB: 401c03 in func 401a70 with 1 insts
    I: 401c03 (flow 401c08)
      Successors: 401c08
  BB: 401c08 in func 401a70 with 3 insts
    I: 401c08
    I: 401c0e
    I: 401c13 (flow 401df8)
      Successors: 401df8, 401c19
  BB: 402416 in func 401a70 with 7 insts
    I: 402416 (mem 403018)
    I: 40241e
    I: 402423
    I: 402428
    I: 402430
    I: 402433
    I: 402439 (flow 4024ee)
      Successors: 4024ee
  BB: 401c19 in func 401a70 with 1 insts
    I: 401c19 (flow 401c1e)
      Successors: 401c1e
  BB: 401c1e in func 401a70 with 3 insts
    I: 401c1e
    I: 401c24
    I: 401c29 (flow 40238a)
      Successors: 40238a, 401c2f
  BB: 401c2f in func 401a70 with 1 insts
    I: 401c2f (flow 401c34)
      Successors: 401c34
  BB: 401c34 in func 401a70 with 3 insts
    I: 401c34
    I: 401c3a
    I: 401c3f (flow 401f43)
      Successors: 401f43, 401c45
  BB: 40223b in func 401a70 with 6 insts
    I: 40223b
    I: 402241
    I: 402243
    I: 402246
    I: 402249
    I: 402253 (flow 4024ee)
      Successors: 4024ee
  BB: 40243e in func 401a70 with 4 insts
    I: 40243e (imm 40304f)
    I: 402448 (flow 405030)
    I: 40244d
    I: 402457 (flow 4024ee)
      Successors: 4024ee
  BB: 401c45 in func 401a70 with 1 insts
    I: 401c45 (flow 401c4a)
      Successors: 401c4a
  BB: 401c4a in func 401a70 with 3 insts
    I: 401c4a
    I: 401c50
    I: 401c55 (flow 40215e)
      Successors: 401c5b, 40215e
  BB: 402258 in func 401a70 with 6 insts
    I: 402258
    I: 40225d
    I: 402262
    I: 402266
    I: 402269
    I: 40226f (flow 4024ee)
      Successors: 4024ee
  BB: 401c5b in func 401a70 with 1 insts
    I: 401c5b (flow 401c60)
      Successors: 401c60
  BB: 40245c in func 401a70 with 4 insts
    I: 40245c (imm 403059)
    I: 402466 (flow 405030)
    I: 40246b
    I: 402475 (flow 4024ee)
      Successors: 4024ee
  BB: 401c60 in func 401a70 with 3 insts
    I: 401c60
    I: 401c66
    I: 401c6b (flow 401fbb)
      Successors: 401c71, 401fbb
  BB: 401a70 in func 401a70 with 5 insts
    Referenced by data
    I: 401a70
    I: 401a71
    I: 401a74
    I: 401a7b
    I: 401a82
      Successors: 401a8c
  BB: 401c71 in func 401a70 with 1 insts
    I: 401c71 (flow 401c76)
      Successors: 401c76
  BB: 402274 in func 401a70 with 25 insts
    I: 402274
    I: 40227c
    I: 402284
    I: 40228c
    I: 402294
    I: 40229c
    I: 4022a4
    I: 4022ac
    I: 4022b4
    I: 4022b8
    I: 4022bd
    I: 4022c7
    I: 4022ca
    I: 4022cf
    I: 4022d3
    I: 4022d7 (mem 403030)
    I: 4022df
    I: 4022e3
    I: 4022eb
    I: 4022ee
    I: 4022f3
    I: 4022f8
    I: 402300
    I: 402303
    I: 402309 (flow 4024ee)
      Successors: 4024ee
  BB: 401c76 in func 401a70 with 3 insts
    I: 401c76
    I: 401c7c
    I: 401c81 (flow 402344)
      Successors: 402344, 401c87
  BB: 40247a in func 401a70 with 2 insts
    I: 40247a
    I: 402484 (flow 4024ee)
      Successors: 4024ee
  BB: 401e84 in func 401a70 with 18 insts
    I: 401e84
    I: 401e87
    I: 401e8a
    I: 401e8d
    I: 401e90
    I: 401e94
    I: 401e98
    I: 401e9c
    I: 401e9f
    I: 401ea3
    I: 401ea7 (flow 401140)
    I: 401eac
    I: 401eaf
    I: 401eb2
    I: 401eb4
    I: 401ebe
    I: 401ec0
    I: 401ec6 (flow 4024ee)
      Successors: 4024ee
  BB: 401c87 in func 401a70 with 1 insts
    I: 401c87 (flow 401c8c)
      Successors: 401c8c
  BB: 402489 in func 401a70 with 2 insts
    I: 402489
    I: 402493 (flow 4024ee)
      Successors: 4024ee
  BB: 401a8c in func 401a70 with 4 insts
    I: 401a8c
    I: 401a92
    I: 401a98
    I: 401a9d (flow 402498)
      Successors: 402498, 401aa3
  BB: 401c8c in func 401a70 with 3 insts
    I: 401c8c
    I: 401c92
    I: 401c97 (flow 4023b2)
      Successors: 4023b2, 401c9d
  BB: 402498 in func 401a70 with 2 insts
    I: 402498
    I: 4024a2 (flow 4024ee)
      Successors: 4024ee
  BB: 401c9d in func 401a70 with 1 insts
    I: 401c9d (flow 401ca2)
      Successors: 401ca2
  BB: 401ca2 in func 401a70 with 3 insts
    I: 401ca2
    I: 401ca8
    I: 401cad (flow 402416)
      Successors: 401cb3, 402416
  BB: 401aa3 in func 401a70 with 1 insts
    I: 401aa3 (flow 401aa8)
      Successors: 401aa8
  BB: 4024a7 in func 401a70 with 2 insts
    I: 4024a7
    I: 4024b1 (flow 4024ee)
      Successors: 4024ee
  BB: 401aa8 in func 401a70 with 3 insts
    I: 401aa8
    I: 401aae
    I: 401ab3 (flow 401fe5)
      Successors: 401ab9, 401fe5
  BB: 401cb3 in func 401a70 with 1 insts
    I: 401cb3 (flow 401cb8)
      Successors: 401cb8
  BB: 4024b6 in func 401a70 with 4 insts
    I: 4024b6 (imm 403041)
    I: 4024c0 (flow 405030)
    I: 4024c5
    I: 4024cf (flow 4024ee)
      Successors: 4024ee
  BB: 401cb8 in func 401a70 with 3 insts
    I: 401cb8
    I: 401cbe
    I: 401cc3 (flow 40245c)
      Successors: 401cc9, 40245c
  BB: 401ab9 in func 401a70 with 1 insts
    I: 401ab9 (flow 401abe)
      Successors: 401abe
  BB: 401abe in func 401a70 with 3 insts
    I: 401abe
    I: 401ac4
    I: 401ac9 (flow 401ecb)
      Successors: 401ecb, 401acf
  BB: 401df8 in func 401a70 with 30 insts
    I: 401df8
    I: 401dfc
    I: 401e00
    I: 401e04
    I: 401e08
    I: 401e0c
    I: 401e10
    I: 401e14
    I: 401e18 (imm 403038)
    I: 401e22
    I: 401e24 (flow 405038)
    I: 401e29
    I: 401e2d
    I: 401e31
    I: 401e35
    I: 401e39
    I: 401e3d
    I: 401e41
    I: 401e45
    I: 401e49 (imm 403038)
    I: 401e53
    I: 401e55 (flow 405038)
    I: 401e5a
    I: 401e61
    I: 401e66
    I: 401e6b
    I: 401e6f
    I: 401e72
    I: 401e78
    I: 401e7f (flow 4024ee)
      Successors: 4024ee
  BB: 401cc9 in func 401a70 with 1 insts
    I: 401cc9 (flow 401cce)
      Successors: 401cce
  BB: 401ecb in func 401a70 with 11 insts
    I: 401ecb
    I: 401ed1
    I: 401ed3
    I: 401ed6
    I: 401ed9
    I: 401ede
    I: 401ee3
    I: 401ee7
    I: 401eea
    I: 401ef0
    I: 401ef7 (flow 4024ee)
      Successors: 4024ee
  BB: 401cce in func 401a70 with 3 insts
    I: 401cce
    I: 401cd4
    I: 401cd9 (flow 401f74)
      Successors: 401f74, 401cdf
  BB: 401acf in func 401a70 with 1 insts
    I: 401acf (flow 401ad4)
      Successors: 401ad4
  BB: 401ad4 in func 401a70 with 3 insts
    I: 401ad4
    I: 401ada
    I: 401adf (flow 401efc)
      Successors: 401efc, 401ae5
  BB: 4024d4 in func 401a70 with 2 insts
    I: 4024d4
    I: 4024de (flow 4024ee)
      Successors: 4024ee
  BB: 4020dd in func 401a70 with 16 insts
    I: 4020dd
    I: 4020e2
    I: 4020e7
    I: 4020ec
    I: 4020f1
    I: 4020f6
    I: 4020fb
    I: 402102
    I: 402109 (flow 401890)
    I: 40210e
    I: 402111
    I: 402114
    I: 402116
    I: 402120
    I: 402122
    I: 402128 (flow 4024ee)
      Successors: 4024ee
  BB: 401cdf in func 401a70 with 1 insts
    I: 401cdf (flow 401ce4)
      Successors: 401ce4
  BB: 4024e3 in func 401a70 with 4 insts
    I: 4024e3
    I: 4024e5
    I: 4024ec
    I: 4024ed
      No successors
  BB: 401ce4 in func 401a70 with 3 insts
    I: 401ce4
    I: 401cea
    I: 401cef (flow 40247a)
      Successors: 40247a, 401cf5
  BB: 401ae5 in func 401a70 with 1 insts
    I: 401ae5 (flow 401aea)
      Successors: 401aea
  BB: 401aea in func 401a70 with 3 insts
    I: 401aea
    I: 401af0
    I: 401af5 (flow 4024b6)
      Successors: 401afb, 4024b6
  BB: 4024ee in func 401a70 with 1 insts
    I: 4024ee (flow 401a8c)
      Successors: 401a8c
  BB: 401cf5 in func 401a70 with 1 insts
    I: 401cf5 (flow 401cfa)
      Successors: 401cfa
  BB: 401cfa in func 401a70 with 3 insts
    I: 401cfa
    I: 401d00
    I: 401d05 (flow 4021b4)
      Successors: 401d0b, 4021b4
  BB: 401afb in func 401a70 with 1 insts
    I: 401afb (flow 401b00)
      Successors: 401b00
  BB: 401efc in func 401a70 with 18 insts
    I: 401efc
    I: 401eff
    I: 401f02
    I: 401f05
    I: 401f08
    I: 401f0c
    I: 401f10
    I: 401f14
    I: 401f17
    I: 401f1b
    I: 401f1f (flow 401140)
    I: 401f24
    I: 401f27
    I: 401f2a
    I: 401f2c
    I: 401f36
    I: 401f38
    I: 401f3e (flow 4024ee)
      Successors: 4024ee
  BB: 401b00 in func 401a70 with 3 insts
    I: 401b00
    I: 401b06
    I: 401b0b (flow 401de9)
      Successors: 401b11, 401de9
  BB: 401d0b in func 401a70 with 1 insts
    I: 401d0b (flow 401d10)
      Successors: 401d10
  BB: 40230e in func 401a70 with 8 insts
    I: 40230e
    I: 402316
    I: 40231b
    I: 402325
    I: 402328
    I: 40232d
    I: 402335
    I: 40233f (flow 4024ee)
      Successors: 4024ee
  BB: 401d10 in func 401a70 with 3 insts
    I: 401d10
    I: 401d16
    I: 401d1b (flow 402489)
      Successors: 401d21, 402489
  BB: 401b11 in func 401a70 with 1 insts
    I: 401b11 (flow 401b16)
      Successors: 401b16
  BB: 401b16 in func 401a70 with 3 insts
    I: 401b16
    I: 401b1c
    I: 401b21 (flow 4023d0)
      Successors: 4023d0, 401b27
  BB: 401d21 in func 401a70 with 1 insts
    I: 401d21 (flow 401d26)
      Successors: 401d26
  BB: 401d26 in func 401a70 with 3 insts
    I: 401d26
    I: 401d2c
    I: 401d31 (flow 4023f8)
      Successors: 4023f8, 401d37
  BB: 401b27 in func 401a70 with 1 insts
    I: 401b27 (flow 401b2c)
      Successors: 401b2c
  BB: 401b2c in func 401a70 with 3 insts
    I: 401b2c
    I: 401b32
    I: 401b37 (flow 402274)
      Successors: 402274, 401b3d
  BB: 40212d in func 401a70 with 11 insts
    I: 40212d
    I: 402133
    I: 402135
    I: 402138
    I: 40213b
    I: 402140
    I: 402145
    I: 402149
    I: 40214c
    I: 402152
    I: 402159 (flow 4024ee)
      Successors: 4024ee
  BB: 401d37 in func 401a70 with 1 insts
    I: 401d37 (flow 401d3c)
      Successors: 401d3c
  BB: 401d3c in func 401a70 with 3 insts
    I: 401d3c
    I: 401d42
    I: 401d47 (flow 4021e5)
      Successors: 4021e5, 401d4d
  BB: 401b3d in func 401a70 with 1 insts
    I: 401b3d (flow 401b42)
      Successors: 401b42
  BB: 401b42 in func 401a70 with 3 insts
    I: 401b42
    I: 401b48
    I: 401b4d (flow 40236c)
      Successors: 401b53, 40236c
  BB: 401f43 in func 401a70 with 11 insts
    I: 401f43
    I: 401f49
    I: 401f4b
    I: 401f4e
    I: 401f51
    I: 401f56
    I: 401f5b
    I: 401f5f
    I: 401f62
    I: 401f68
    I: 401f6f (flow 4024ee)
      Successors: 4024ee
  BB: 402344 in func 401a70 with 7 insts
    I: 402344 (mem 403008)
    I: 40234c
    I: 402351
    I: 402356
    I: 40235e
    I: 402361
    I: 402367 (flow 4024ee)
      Successors: 4024ee
  BB: 401d4d in func 401a70 with 1 insts
    I: 401d4d (flow 401d52)
      Successors: 401d52
  BB: 401d52 in func 401a70 with 3 insts
    I: 401d52
    I: 401d58
    I: 401d5d (flow 40223b)
      Successors: 40223b, 401d63
  BB: 401b53 in func 401a70 with 1 insts
    I: 401b53 (flow 401b58)
      Successors: 401b58
  BB: 401b58 in func 401a70 with 3 insts
    I: 401b58
    I: 401b5e
    I: 401b63 (flow 401e84)
      Successors: 401b69, 401e84
  BB: 40215e in func 401a70 with 16 insts
    I: 40215e
    I: 402163
    I: 402168
    I: 40216d
    I: 402172
    I: 40217a
    I: 402182
    I: 402189
    I: 402190 (flow 401890)
    I: 402195
    I: 402198
    I: 40219b
    I: 40219d
    I: 4021a7
    I: 4021a9
    I: 4021af (flow 4024ee)
      Successors: 4024ee
  BB: 401d63 in func 401a70 with 1 insts
    I: 401d63 (flow 401d68)
      Successors: 401d68
  BB: 401d68 in func 401a70 with 3 insts
    I: 401d68
    I: 401d6e
    I: 401d73 (flow 402258)
      Successors: 402258, 401d79
  BB: 401b69 in func 401a70 with 1 insts
    I: 401b69 (flow 401b6e)
      Successors: 401b6e
  BB: 40236c in func 401a70 with 4 insts
    I: 40236c (imm 403041)
    I: 402376 (flow 405030)
    I: 40237b
    I: 402385 (flow 4024ee)
      Successors: 4024ee
  BB: 401b6e in func 401a70 with 3 insts
    I: 401b6e
    I: 401b74
    I: 401b79 (flow 40212d)
      Successors: 40212d, 401b7f
  BB: 401f74 in func 401a70 with 18 insts
    I: 401f74
    I: 401f77
    I: 401f7a
    I: 401f7d
    I: 401f80
    I: 401f84
    I: 401f88
    I: 401f8c
    I: 401f8f
    I: 401f93
    I: 401f97 (flow 401140)
    I: 401f9c
    I: 401f9f
    I: 401fa2
    I: 401fa4
    I: 401fae
    I: 401fb0
    I: 401fb6 (flow 4024ee)
      Successors: 4024ee
  BB: 401d79 in func 401a70 with 1 insts
    I: 401d79 (flow 401d7e)
      Successors: 401d7e
  BB: 401d7e in func 401a70 with 3 insts
    I: 401d7e
    I: 401d84
    I: 401d89 (flow 40243e)
      Successors: 40243e, 401d8f
  BB: 401b7f in func 401a70 with 1 insts
    I: 401b7f (flow 401b84)
      Successors: 401b84
  BB: 401b84 in func 401a70 with 3 insts
    I: 401b84
    I: 401b8a
    I: 401b8f (flow 4024a7)
      Successors: 401b95, 4024a7
  BB: 40238a in func 401a70 with 7 insts
    I: 40238a (mem 403028)
    I: 402392
    I: 402397
    I: 40239c
    I: 4023a4
    I: 4023a7
    I: 4023ad (flow 4024ee)
      Successors: 4024ee
  BB: 401d8f in func 401a70 with 1 insts
    I: 401d8f (flow 401d94)
      Successors: 401d94
  BB: 401d94 in func 401a70 with 1 insts
    I: 401d94 (flow 4024ee)
      Successors: 4024ee
  BB: 401b95 in func 401a70 with 1 insts
    I: 401b95 (flow 401b9a)
      Successors: 401b9a
  BB: 401d99 in func 401a70 with 19 insts
    I: 401d99
    I: 401d9d
    I: 401da1
    I: 401da5
    I: 401da9
    I: 401dad
    I: 401db1 (imm 403038)
    I: 401dbb
    I: 401dbd (flow 405038)
    I: 401dc2
    I: 401dc5
    I: 401dc8
    I: 401dcb
    I: 401dce
    I: 401dd3
    I: 401dd8
    I: 401ddb
    I: 401dde
    I: 401de4 (flow 4024ee)
      Successors: 4024ee
  BB: 401b9a in func 401a70 with 3 insts
    I: 401b9a
    I: 401ba0
    I: 401ba5 (flow 401d99)
      Successors: 401d99, 401bab
  BB: 401bab in func 401a70 with 1 insts
    I: 401bab (flow 401bb0)
      Successors: 401bb0
  BB: 401bb0 in func 401a70 with 3 insts
    I: 401bb0
    I: 401bb6
    I: 401bbb (flow 4024e3)
      Successors: 401bc1, 4024e3
  BB: 4023b2 in func 401a70 with 4 insts
    I: 4023b2 (imm 403045)
    I: 4023bc (flow 405030)
    I: 4023c1
    I: 4023cb (flow 4024ee)
      Successors: 4024ee
  BB: 4021b4 in func 401a70 with 11 insts
    I: 4021b4
    I: 4021ba
    I: 4021bc
    I: 4021bf
    I: 4021c2
    I: 4021c7
    I: 4021cc
    I: 4021d0
    I: 4021d3
    I: 4021d9
    I: 4021e0 (flow 4024ee)
      Successors: 4024ee
  BB: 401fbb in func 401a70 with 10 insts
    I: 401fbb
    I: 401fc1
    I: 401fc3
    I: 401fc6
    I: 401fc9
    I: 401fce
    I: 401fd3
    I: 401fd7
    I: 401fda
    I: 401fe0 (flow 4024ee)
      Successors: 4024ee
  BB: 401bc1 in func 401a70 with 1 insts
    I: 401bc1 (flow 401bc6)
      Successors: 401bc6
  BB: 401bc6 in func 401a70 with 3 insts
    I: 401bc6
    I: 401bcc
    I: 401bd1 (flow 4024d4)
      Successors: 4024d4, 401bd7
  BB: 4023d0 in func 401a70 with 7 insts
    I: 4023d0 (mem 403020)
    I: 4023d8
    I: 4023dd
    I: 4023e2
    I: 4023ea
    I: 4023ed
    I: 4023f3 (flow 4024ee)
      Successors: 4024ee
  BB: 401bd7 in func 401a70 with 1 insts
    I: 401bd7 (flow 401bdc)
      Successors: 401bdc
  BB: 401bdc in func 401a70 with 3 insts
    I: 401bdc
    I: 401be2
    I: 401be7 (flow 4020dd)
      Successors: 4020dd, 401bed
  BB: 401fe5 in func 401a70 with 70 insts
    I: 401fe5
    I: 401fe8
    I: 401feb
    I: 401fef
    I: 401ff4
    I: 401ff7
    I: 401ffa
    I: 401ffc
    I: 401ffe
    I: 402002
    I: 402007
    I: 40200a
    I: 40200d
    I: 402010
    I: 402013
    I: 402016
    I: 402019
    I: 40201c
    I: 40201f
    I: 402021
    I: 402025
    I: 40202a
    I: 40202d
    I: 402030
    I: 402034
    I: 402039
    I: 40203c
    I: 40203f
    I: 402041
    I: 402043
    I: 402047
    I: 40204c
    I: 40204f
    I: 402052
    I: 402055
    I: 402058
    I: 40205b
    I: 40205e
    I: 402061
    I: 402064
    I: 402066
    I: 40206a
    I: 40206f
    I: 402072
    I: 402075
    I: 402079
    I: 40207e
    I: 402081
    I: 402084
    I: 402086
    I: 402088
    I: 40208c
    I: 402094
    I: 402097
    I: 40209a
    I: 40209d
    I: 4020a0
    I: 4020a3
    I: 4020a6
    I: 4020a9
    I: 4020ac
    I: 4020ae
    I: 4020b2
    I: 4020ba
    I: 4020bf
    I: 4020c4
    I: 4020c8
    I: 4020cb
    I: 4020d1
    I: 4020d8 (flow 4024ee)
      Successors: 4024ee
  BB: 4021e5 in func 401a70 with 16 insts
    I: 4021e5
    I: 4021ea
    I: 4021f2
    I: 4021fa
    I: 4021ff
    I: 402204
    I: 402209
    I: 402210
    I: 402217 (flow 401890)
    I: 40221c
    I: 40221f
    I: 402222
    I: 402224
    I: 40222e
    I: 402230
    I: 402236 (flow 4024ee)
      Successors: 4024ee
  BB: 401de9 in func 401a70 with 2 insts
    I: 401de9
    I: 401df3 (flow 4024ee)
      Successors: 4024ee
  BB: 401bed in func 401a70 with 1 insts
    I: 401bed (flow 401bf2)
      Successors: 401bf2
  BB: 401bf2 in func 401a70 with 3 insts
    I: 401bf2
    I: 401bf8
    I: 401bfd (flow 40230e)
      Successors: 401c03, 40230e
  BB: 4023f8 in func 401a70 with 4 insts
    I: 4023f8 (imm 40305d)
    I: 402402 (flow 405030)
    I: 402407
    I: 402411 (flow 4024ee)
      Successors: 4024ee
Recovering .term_proc at 4024f4
  Analysing subroutine .term_proc at 4024f4
    Block head at 00402501 is not code.
  Subroutine .term_proc at 4024f4 has 1 blocks
  BB: 4024f4 in func 4024f4 with 4 insts
    I: 4024f4
    I: 4024f8
    I: 4024fc
    I: 402500
      No successors
Global Variable None
WARNING: Global constructor and destructor sections are adjacent!
Recovering region LOAD [400000, 4004e8) in segment LOAD
  8-byte reference at 400018 to 401050 (start)
  8-byte reference at 4000f8 to 401000 (.init_proc)
  8-byte reference at 400130 to 403000 ()
  8-byte reference at 400168 to 404de8 ()
  8-byte reference at 400280 to 403064 ()
  8-byte reference at 4002f0 to 404de8 ()
Recovering region .init [401000, 40101b) in segment .init
Recovering region LOAD [40101b, 401020) in segment LOAD
Recovering region .plt [401020, 401050) in segment .plt
Recovering region .text [401050, 4024f3) in segment .text
Recovering region LOAD [4024f3, 4024f4) in segment LOAD
Recovering region .fini [4024f4, 402501) in segment .fini
Recovering region .rodata [403000, 403063) in segment .rodata
  Variable aDDDD at 403038
  Variable s at 403041
  Variable aSyoKichi at 403045
  Variable aChuKichi at 40304f
  Variable aDai at 403059
  Variable aKichi at 40305d
Recovering region LOAD [403063, 403064) in segment LOAD
Recovering region .eh_frame_hdr [403064, 4030a0) in segment .eh_frame_hdr
Recovering region .eh_frame [4030a0, 403178) in segment .eh_frame
Recovering region LOAD [403178, 4031b8) in segment LOAD
Recovering region .init_array [404de8, 404df8) in segment .init_array
  8-byte reference at 404de8 to 401130 ()
  8-byte reference at 404df0 to 401100 ()
Recovering region LOAD [404df8, 404fd8) in segment LOAD
Recovering region .got [404fd8, 404fe8) in segment .got
  8-byte reference at 404fd8 to 405028 (__libc_start_main)
  8-byte reference at 404fe0 to 405040 (__gmon_start__)
Recovering region .got.plt [404fe8, 405010) in segment .got.plt
  8-byte reference at 405000 to 405030 (puts)
  8-byte reference at 405008 to 405038 (__isoc99_scanf)
Recovering region .data [405010, 405020) in segment .data
Recovering region .bss [405020, 405028) in segment .bss
Recovering extern function puts at 401030
Recovering extern function __isoc99_scanf at 401040
Recovering extern function __libc_start_main at 405028
Recovering extern function puts at 405030
Recovering extern function __isoc99_scanf at 405038
Recovering extern function __gmon_start__ at 405040
Recovered 10 functions.
Saving to: /home/ubuntu/capstone_project/result/pipeline_20260629_141746/s092944415_fla.cfg
Done analysis!
