Debugging is enabled.
Loading Standard Definitions file: /home/ubuntu/capstone_project/dependency/mcsema/mcsema/lib/python3/site-packages/mcsema_disass-3.1.3.8-py3.8.egg/mcsema_disass/defs/linux.txt
Using Batch mode.
Starting analysis
Recovering module s092944415_instsub.elf
Found main at 401850
Looking for instructions in segment .init
  Default block heads for function 401000 with loose bounds [401000, 40101b)
    block [401000, 401014)
    block [401014, 401016)
    block [401016, 40101b)
    chunk [401000, 40101b)
Looking for instructions in segment .plt
  Default block heads for function 401020 with loose bounds [401020, 40102c)
    block [401020, 40102c)
    chunk [401020, 40102c)
  Default block heads for function 401030 with loose bounds [401030, 401036)
    block [401030, 401036)
    chunk [401030, 401036)
  Default block heads for function 401040 with loose bounds [401040, 401046)
    block [401040, 401046)
    chunk [401040, 401046)
Looking for instructions in segment .text
  Default block heads for function 401050 with loose bounds [401050, 401076)
    block [401050, 401076)
    chunk [401050, 401076)
  Default block heads for function 401090 with loose bounds [401090, 4010b1)
    block [401090, 40109d)
    block [40109d, 4010a7)
    block [4010a7, 4010ae)
    block [4010b0, 4010b1)
    chunk [401090, 4010b1)
  Default block heads for function 401100 with loose bounds [401100, 401121)
    block [401100, 40110d)
    block [40110d, 40111f)
    block [401120, 401121)
    chunk [401100, 401121)
  Default block heads for function 401130 with loose bounds [401130, 401136)
    block [401130, 401136)
    chunk [401130, 401136)
    chunk [4010c0, 4010f1)
  Default block heads for function 401140 with loose bounds [401140, 40171d)
    block [401140, 4015eb)
    block [4015eb, 4015f9)
    block [4015f9, 401607)
    block [401607, 401615)
    block [401615, 401623)
    block [401623, 401631)
    block [401631, 40163f)
    block [40163f, 40164d)
    block [40164d, 401659)
    block [401659, 401667)
    block [401667, 401675)
    block [401675, 401683)
    block [401683, 401691)
    block [401691, 40169f)
    block [40169f, 4016ad)
    block [4016ad, 4016bb)
    block [4016bb, 4016c9)
    block [4016c9, 4016d7)
    block [4016d7, 4016e5)
    block [4016e5, 4016f3)
    block [4016f3, 401701)
    block [401701, 40170d)
    block [40170d, 401714)
    block [401714, 40171d)
    chunk [401140, 40171d)
  Default block heads for function 401720 with loose bounds [401720, 401844)
    block [401720, 401799)
    block [401799, 4017ac)
    block [4017ac, 4017b8)
    block [4017b8, 40183f)
    block [40183f, 401844)
    chunk [401720, 401844)
  Default block heads for function 401850 with loose bounds [401850, 401f24)
    block [401850, 401862)
    block [401862, 4018f8)
    block [4018f8, 4018fd)
    block [4018fd, 401978)
    block [401978, 4019bb)
    block [4019bb, 4019db)
    block [4019db, 401a1e)
    block [401a1e, 401a3e)
    block [401a3e, 401a94)
    block [401a94, 401aac)
    block [401aac, 401c43)
    block [401c43, 401c8f)
    block [401c8f, 401caf)
    block [401caf, 401d01)
    block [401d01, 401d21)
    block [401d21, 401d73)
    block [401d73, 401d81)
    block [401d81, 401d8b)
    block [401d8b, 401e13)
    block [401e13, 401e3a)
    block [401e3a, 401e50)
    block [401e50, 401e64)
    block [401e64, 401e7a)
    block [401e7a, 401e8e)
    block [401e8e, 401ea4)
    block [401ea4, 401eb8)
    block [401eb8, 401ece)
    block [401ece, 401ee2)
    block [401ee2, 401ef1)
    block [401ef1, 401ef6)
    block [401ef6, 401efb)
    block [401efb, 401f00)
    block [401f00, 401f05)
    block [401f05, 401f14)
    block [401f14, 401f19)
    block [401f19, 401f24)
    chunk [401850, 401f24)
Looking for instructions in segment .fini
  Default block heads for function 401f24 with loose bounds [401f24, 401f31)
    block [401f24, 401f31)
    chunk [401f24, 401f31)
Looking for strings in segment .rodata [402000, 402063)
  Found string b'%d%d%d%d' of length 9 at 402038, jumping to 402041
  Found string b'kyo' of length 4 at 402041, jumping to 402045
  Found string b'syo-kichi' of length 10 at 402045, jumping to 40204f
  Found string b'chu-kichi' of length 10 at 40204f, jumping to 402059
  Found string b'dai-kichi' of length 4 at 402059, jumping to 40205d
  Found string b'kichi' of length 6 at 40205d, jumping to 402063
Looking for strings in segment .eh_frame_hdr [402064, 4020a0)
Looking for strings in segment .eh_frame [4020a0, 40216c)
Looking for strings in segment .init_array [403de8, 403df0)
Looking for strings in segment .fini_array [403df0, 403df8)
Looking for strings in segment .got [403fd8, 403fe8)
Looking for strings in segment .got.plt [403fe8, 404010)
Looking for strings in segment .data [404010, 404020)
Looking for strings in segment .bss [404020, 404028)
Looking for strings in segment extern [404028, 404048)
Looking for cross-references in segment .init [401000, 40101b)
Looking for cross-references in segment .plt [401020, 401050)
  Adding dword reference from 40102c to 401f0f
  Stopping scan at 40102c
Looking for cross-references in segment .text [401050, 401f24)
  Stopping scan at 40107c
  Stopping scan at 40108c
  Stopping scan at ffffffffffffffff
  Stopping scan at 4010bc
  Stopping scan at 4010fc
  Stopping scan at ffffffffffffffff
  Stopping scan at 40112c
  Stopping scan at 40113c
  Stopping scan at ffffffffffffffff
  Stopping scan at 40184c
Looking for cross-references in segment .fini [401f24, 401f31)
Looking for cross-references in segment .rodata [402000, 402063)
  Found string at 402038, jumping to 402041
  Found string at 402041, jumping to 402045
  Found string at 402045, jumping to 40204f
  Found string at 40204f, jumping to 402059
  Found string at 402059, jumping to 40205d
  Found string at 40205d, jumping to 402063
  Stopping scan at 40205d
Looking for cross-references in segment .eh_frame_hdr [402064, 4020a0)
  Stopping scan at 40209c
Looking for cross-references in segment .eh_frame [4020a0, 40216c)
  Stopping scan at 402168
Looking for cross-references in segment .init_array [403de8, 403df0)
  Adding qword reference from 403de8 to 401130
  Stopping scan at 403de8
Looking for cross-references in segment .fini_array [403df0, 403df8)
  Adding qword reference from 403df0 to 401100
  Stopping scan at 403df0
Looking for cross-references in segment .got [403fd8, 403fe8)
  Adding qword reference from 403fd8 to 404028
  Adding qword reference from 403fe0 to 404040
  Stopping scan at 403fe0
Looking for cross-references in segment .got.plt [403fe8, 404010)
  Adding qword reference from 404000 to 404030
  Adding qword reference from 404008 to 404038
  Stopping scan at 404008
Looking for cross-references in segment .data [404010, 404020)
  Stopping scan at 40401c
Looking for cross-references in segment .bss [404020, 404028)
  Stopping scan at 404024
Looking for cross-references in segment extern [404028, 404048)
  Stopping scan at 404044
Looking for thunks
  Found thunk for puts targeting 404030 at 401030
  Found thunk for __isoc99_scanf targeting 404038 at 401040
Looking for external symbols
  Function at 401030 is the external function puts
  Function at 401040 is the external function __isoc99_scanf
  Function at 404028 is the external function __libc_start_main
  Function at 404030 is the external function puts
  Function at 404038 is the external function __isoc99_scanf
  Function at 404040 is the external function __gmon_start__
Looking for entrypoints
Recovering .init_proc at 401000
  Analysing subroutine .init_proc at 401000
    Block head at 0040101b is not code.
  Subroutine .init_proc at 401000 has 3 blocks
  BB: 401000 in func 401000 with 5 insts
    Referenced by data
    I: 401000
    I: 401004
    I: 401008 (mem 403fe0)
    I: 40100f
    I: 401012 (flow 401016)
      Successors: 401014, 401016
  BB: 401014 in func 401000 with 1 insts
    I: 401014
      Successors: 401016
  BB: 401016 in func 401000 with 2 insts
    I: 401016
    I: 40101a
      No successors
Recovering 401020
  Analysing subroutine sub_401020 at 401020
  WARNING: No table entries for indirect jump at 401026; Adding next_ea 40102c as successor.
  Subroutine sub_401020 at 401020 has 2 blocks
  WARNING: No table entries for indirect jump at 401026; Adding next_ea 40102c as successor.
  BB: 401020 in func 401020 with 2 insts
    I: 401020 (mem 403ff0)
    I: 401026 (mem 403ff8)
      Successors: 40102c
  BB: 40102c in func 401020 with 1 insts
    I: 40102c
      No successors
Recovering start at 401050
  Analysing subroutine start at 401050
  Subroutine start at 401050 has 3 blocks
  BB: 401050 in func 401050 with 13 insts
    Referenced by data
    I: 401050
    I: 401054
    I: 401056
    I: 401059
    I: 40105a
    I: 40105d
    I: 401061
    I: 401062
    I: 401063
    I: 401066
    I: 401068 (imm 401850)
    I: 40106f (mem 403fd8)
    I: 401075
      No successors
  BB: 401085 in func 401050 with 2 insts
    I: 401085
    I: 40108f
      No successors
  BB: 401076 in func 401050 with 3 insts
    I: 401076
    I: 401080
    I: 401084
      No successors
Recovering 401090
  Analysing subroutine sub_401090 at 401090
  WARNING: No table entries for indirect jump at 4010ac; Adding next_ea 4010ae as successor.
  WARNING: No table entries for indirect jump at 4010ee; Adding next_ea 4010f0 as successor.
  Subroutine sub_401090 at 401090 has 11 blocks
  BB: 4010c0 in func 401090 with 8 insts
    I: 4010c0 (imm 404020)
    I: 4010c5 (imm 404020)
    I: 4010cc
    I: 4010cf
    I: 4010d3
    I: 4010d7
    I: 4010da
    I: 4010dd (flow 4010f0)
      Successors: 4010f0, 4010df
  WARNING: No table entries for indirect jump at 4010ac; Adding next_ea 4010ae as successor.
  BB: 4010a7 in func 401090 with 2 insts
    I: 4010a7 (imm 404020)
    I: 4010ac
      Successors: 4010ae
  WARNING: No table entries for indirect jump at 4010ee; Adding next_ea 4010f0 as successor.
  BB: 4010e9 in func 401090 with 2 insts
    I: 4010e9 (imm 404020)
    I: 4010ee
      Successors: 4010f0
  BB: 4010ae in func 401090 with 1 insts
    I: 4010ae
      Successors: 4010b0
  BB: 401090 in func 401090 with 3 insts
    I: 401090 (imm 404020)
    I: 401095 (imm 404020)
    I: 40109b (flow 4010b0)
      Successors: 4010b0, 40109d
  BB: 4010b0 in func 401090 with 1 insts
    I: 4010b0
      No successors
  BB: 4010b1 in func 401090 with 2 insts
    I: 4010b1
    I: 4010b5
      Successors: 4010c0
  BB: 4010f0 in func 401090 with 1 insts
    I: 4010f0
      No successors
  BB: 4010f1 in func 401090 with 2 insts
    I: 4010f1
    I: 4010f5
      No successors
  BB: 40109d in func 401090 with 3 insts
    I: 40109d
    I: 4010a2
    I: 4010a5 (flow 4010b0)
      Successors: 4010b0, 4010a7
  BB: 4010df in func 401090 with 3 insts
    I: 4010df
    I: 4010e4
    I: 4010e7 (flow 4010f0)
      Successors: 4010f0, 4010e9
Recovering 401100
  Analysing subroutine sub_401100 at 401100
  Subroutine sub_401100 at 401100 has 5 blocks
  BB: 401100 in func 401100 with 3 insts
    Referenced by data
    I: 401100
    I: 401104 (mem 404020)
    I: 40110b (flow 401120)
      Successors: 401120, 40110d
  BB: 401121 in func 401100 with 2 insts
    I: 401121
    I: 401125
      No successors
  BB: 401120 in func 401100 with 1 insts
    I: 401120
      No successors
  BB: 40110d in func 401100 with 6 insts
    I: 40110d
    I: 40110e
    I: 401111 (flow 401090)
    I: 401116 (mem 404020)
    I: 40111d
    I: 40111e
      No successors
  BB: 40111f in func 401100 with 1 insts
    I: 40111f
      Successors: 401120
Recovering 401130
  Analysing subroutine sub_401130 at 401130
  WARNING: No table entries for indirect jump at 4010ee; Adding next_ea 4010f0 as successor.
  Subroutine sub_401130 at 401130 has 6 blocks
  BB: 4010c0 in func 401130 with 8 insts
    I: 4010c0 (imm 404020)
    I: 4010c5 (imm 404020)
    I: 4010cc
    I: 4010cf
    I: 4010d3
    I: 4010d7
    I: 4010da
    I: 4010dd (flow 4010f0)
      Successors: 4010f0, 4010df
  WARNING: No table entries for indirect jump at 4010ee; Adding next_ea 4010f0 as successor.
  BB: 4010e9 in func 401130 with 2 insts
    I: 4010e9 (imm 404020)
    I: 4010ee
      Successors: 4010f0
  BB: 401130 in func 401130 with 2 insts
    Referenced by data
    I: 401130
    I: 401134 (flow 4010c0)
      Successors: 4010c0
  BB: 4010f0 in func 401130 with 1 insts
    I: 4010f0
      No successors
  BB: 401136 in func 401130 with 1 insts
    I: 401136
      No successors
  BB: 4010df in func 401130 with 3 insts
    I: 4010df
    I: 4010e4
    I: 4010e7 (flow 4010f0)
      Successors: 4010f0, 4010e9
Recovering 401140
  Analysing subroutine sub_401140 at 401140
  Subroutine sub_401140 at 401140 has 26 blocks
  BB: 401701 in func 401140 with 2 insts
    I: 401701
    I: 401708 (flow 401714)
      Successors: 401714
  BB: 401683 in func 401140 with 2 insts
    I: 401683
    I: 40168b (flow 4016ad)
      Successors: 401691, 4016ad
  BB: 401607 in func 401140 with 2 insts
    I: 401607
    I: 40160f (flow 401659)
      Successors: 401659, 401615
  BB: 40170d in func 401140 with 1 insts
    I: 40170d
      Successors: 401714
  BB: 401691 in func 401140 with 2 insts
    I: 401691
    I: 401699 (flow 4016ad)
      Successors: 4016ad, 40169f
  BB: 401714 in func 401140 with 4 insts
    I: 401714
    I: 401717
    I: 40171b
    I: 40171c
      No successors
  BB: 401615 in func 401140 with 2 insts
    I: 401615
    I: 40161d (flow 401631)
      Successors: 401631, 401623
  BB: 40171d in func 401140 with 1 insts
    I: 40171d
      No successors
  BB: 40169f in func 401140 with 2 insts
    I: 40169f
    I: 4016a7 (flow 401701)
      Successors: 401701, 4016ad
  BB: 40151f in func 401140 with 38 insts
    I: 40151f
    I: 401526
    I: 40152a
    I: 401534
    I: 401538
    I: 40153b
    I: 401545
    I: 401548
    I: 40154c
    I: 40154e
    I: 401558
    I: 40155b
    I: 40155e
    I: 401568
    I: 40156b
    I: 40156f
    I: 401573
    I: 401575
    I: 40157f
    I: 401582
    I: 401585
    I: 40158f
    I: 401592
    I: 401596
    I: 401598
    I: 4015a2
    I: 4015a5
    I: 4015a8
    I: 4015b2
    I: 4015b5
    I: 4015b9
    I: 4015c3
    I: 4015c6
    I: 4015c9
    I: 4015d3
    I: 4015d6
    I: 4015dd
    I: 4015e5 (flow 4015f9)
      Successors: 4015f9, 4015eb
  BB: 401623 in func 401140 with 2 insts
    I: 401623
    I: 40162b (flow 40164d)
      Successors: 401631, 40164d
  BB: 4016ad in func 401140 with 2 insts
    I: 4016ad
    I: 4016b5 (flow 4016d7)
      Successors: 4016bb, 4016d7
  BB: 401631 in func 401140 with 2 insts
    I: 401631
    I: 401639 (flow 401659)
      Successors: 401659, 40163f
  BB: 4016bb in func 401140 with 2 insts
    I: 4016bb
    I: 4016c3 (flow 4016d7)
      Successors: 4016c9, 4016d7
  BB: 40163f in func 401140 with 2 insts
    I: 40163f
    I: 401647 (flow 401659)
      Successors: 401659, 40164d
  BB: 401140 in func 401140 with 256 insts
    I: 401140
    I: 401141
    I: 401144
    I: 401148
    I: 40114b
    I: 40114e
    I: 401151
    I: 401154
    I: 401157
    I: 40115a
    I: 40115e
    I: 401162
    I: 401165
    I: 401168
    I: 40116a
    I: 40116c
    I: 40116e
    I: 401170
    I: 401174
    I: 401177
    I: 40117a
    I: 40117c
    I: 40117e
    I: 401180
    I: 401182
    I: 401186
    I: 401189
    I: 40118c
    I: 40118e
    I: 401190
    I: 401192
    I: 401194
    I: 401198
    I: 40119b
    I: 40119e
    I: 4011a3
    I: 4011a5
    I: 4011aa
    I: 4011ac
    I: 4011b0
    I: 4011b3
    I: 4011b6
    I: 4011bb
    I: 4011bd
    I: 4011c2
    I: 4011c4
    I: 4011c8
    I: 4011cb
    I: 4011ce
    I: 4011d3
    I: 4011d5
    I: 4011da
    I: 4011dc
    I: 4011e0
    I: 4011e3
    I: 4011e6
    I: 4011eb
    I: 4011ed
    I: 4011f2
    I: 4011f4
    I: 4011f8
    I: 4011fb
    I: 4011fe
    I: 401200
    I: 401202
    I: 401204
    I: 401206
    I: 40120a
    I: 40120d
    I: 401210
    I: 401215
    I: 401217
    I: 40121c
    I: 40121e
    I: 401222
    I: 401225
    I: 401228
    I: 40122a
    I: 40122c
    I: 40122e
    I: 401230
    I: 401234
    I: 401237
    I: 40123a
    I: 40123f
    I: 401241
    I: 401246
    I: 401248
    I: 40124c
    I: 40124f
    I: 401252
    I: 401254
    I: 401256
    I: 401258
    I: 40125a
    I: 40125e
    I: 401262
    I: 401267
    I: 40126b
    I: 401270
    I: 401272
    I: 401275
    I: 401278
    I: 40127f
    I: 401283
    I: 401288
    I: 40128c
    I: 401291
    I: 40129b
    I: 40129e
    I: 4012a1
    I: 4012ab
    I: 4012ae
    I: 4012b5
    I: 4012b9
    I: 4012bd
    I: 4012bf
    I: 4012c2
    I: 4012c6
    I: 4012ca
    I: 4012ce
    I: 4012d0
    I: 4012d3
    I: 4012d7
    I: 4012dc
    I: 4012de
    I: 4012e1
    I: 4012e4
    I: 4012eb
    I: 4012ef
    I: 4012f4
    I: 4012f8
    I: 4012fd
    I: 401307
    I: 40130a
    I: 40130d
    I: 401317
    I: 40131a
    I: 401321
    I: 401325
    I: 40132a
    I: 40132e
    I: 401333
    I: 401335
    I: 401338
    I: 40133a
    I: 40133d
    I: 401340
    I: 401342
    I: 401345
    I: 40134c
    I: 401350
    I: 401355
    I: 401359
    I: 40135e
    I: 401360
    I: 401363
    I: 401366
    I: 40136d
    I: 401371
    I: 401375
    I: 401377
    I: 40137a
    I: 40137e
    I: 401382
    I: 401386
    I: 40138a
    I: 40138c
    I: 401396
    I: 401399
    I: 40139c
    I: 4013a6
    I: 4013a9
    I: 4013ad
    I: 4013b7
    I: 4013ba
    I: 4013bd
    I: 4013c7
    I: 4013ca
    I: 4013d1
    I: 4013d5
    I: 4013da
    I: 4013de
    I: 4013e3
    I: 4013ed
    I: 4013f0
    I: 4013f3
    I: 4013fd
    I: 401400
    I: 401407
    I: 40140b
    I: 40140d
    I: 401410
    I: 401414
    I: 401418
    I: 40141a
    I: 401424
    I: 401427
    I: 40142a
    I: 401434
    I: 401437
    I: 40143b
    I: 40143f
    I: 401441
    I: 401444
    I: 401448
    I: 40144c
    I: 40144e
    I: 401451
    I: 401455
    I: 401459
    I: 401463
    I: 401466
    I: 401469
    I: 401473
    I: 401476
    I: 40147d
    I: 401481
    I: 401483
    I: 401486
    I: 40148a
    I: 40148f
    I: 401493
    I: 401495
    I: 401498
    I: 40149c
    I: 4014a1
    I: 4014a3
    I: 4014a6
    I: 4014a9
    I: 4014b0
    I: 4014b4
    I: 4014b6
    I: 4014b9
    I: 4014bd
    I: 4014c1
    I: 4014c3
    I: 4014c6
    I: 4014ca
    I: 4014ce
    I: 4014d2
    I: 4014dc
    I: 4014e0
    I: 4014e3
    I: 4014ed
    I: 4014f0
    I: 4014f4
    I: 4014f6
    I: 401500
    I: 401503
    I: 401506
    I: 401510
    I: 401513
    I: 401517
    I: 401519
    I: 40151c
      Successors: 40151f
  BB: 4016c9 in func 401140 with 2 insts
    I: 4016c9
    I: 4016d1 (flow 401701)
      Successors: 401701, 4016d7
  BB: 40164d in func 401140 with 2 insts
    I: 40164d
    I: 401654 (flow 401714)
      Successors: 401714
  BB: 4016d7 in func 401140 with 2 insts
    I: 4016d7
    I: 4016df (flow 40170d)
      Successors: 40170d, 4016e5
  BB: 401659 in func 401140 with 2 insts
    I: 401659
    I: 401661 (flow 401683)
      Successors: 401683, 401667
  BB: 4016e5 in func 401140 with 2 insts
    I: 4016e5
    I: 4016ed (flow 40170d)
      Successors: 4016f3, 40170d
  BB: 401667 in func 401140 with 2 insts
    I: 401667
    I: 40166f (flow 401683)
      Successors: 401683, 401675
  BB: 4015eb in func 401140 with 2 insts
    I: 4015eb
    I: 4015f3 (flow 401615)
      Successors: 4015f9, 401615
  BB: 4016f3 in func 401140 with 2 insts
    I: 4016f3
    I: 4016fb (flow 40170d)
      Successors: 401701, 40170d
  BB: 401675 in func 401140 with 2 insts
    I: 401675
    I: 40167d (flow 401701)
      Successors: 401701, 401683
  BB: 4015f9 in func 401140 with 2 insts
    I: 4015f9
    I: 401601 (flow 401659)
      Successors: 401659, 401607
Recovering 401720
  Analysing subroutine sub_401720 at 401720
  Subroutine sub_401720 at 401720 has 6 blocks
  BB: 401720 in func 401720 with 25 insts
    I: 401720
    I: 401721
    I: 401724
    I: 401728
    I: 40172c
    I: 401731
    I: 401736
    I: 40173b
    I: 401740
    I: 401745
    I: 40174a
    I: 40174f
    I: 401754
    I: 401759
    I: 40175e
    I: 401763
    I: 40176d
    I: 401770
    I: 401775
    I: 401779
    I: 40177d
    I: 401782
    I: 401787 (mem 402008)
    I: 40178f
    I: 401793 (flow 4017b8)
      Successors: 4017b8, 401799
  BB: 401844 in func 401720 with 2 insts
    I: 401844
    I: 40184e
      No successors
  BB: 4017ac in func 401720 with 2 insts
    I: 4017ac
    I: 4017b3 (flow 40183f)
      Successors: 40183f
  BB: 4017b8 in func 401720 with 27 insts
    I: 4017b8
    I: 4017bd
    I: 4017c2
    I: 4017c7
    I: 4017cc
    I: 4017d1
    I: 4017db
    I: 4017de
    I: 4017e3
    I: 4017e7
    I: 4017eb
    I: 4017f0
    I: 4017f4
    I: 4017f8
    I: 4017fd
    I: 401802
    I: 40180c
    I: 40180f
    I: 401814
    I: 401819
    I: 40181e
    I: 401823
    I: 401827
    I: 40182b
    I: 401830
    I: 401834
    I: 401838
      Successors: 40183f
  BB: 401799 in func 401720 with 3 insts
    I: 401799 (mem 402010)
    I: 4017a1
    I: 4017a6 (flow 4017b8)
      Successors: 4017b8, 4017ac
  BB: 40183f in func 401720 with 3 insts
    I: 40183f
    I: 401842
    I: 401843
      No successors
Recovering main at 401850
  Analysing subroutine main at 401850
  Subroutine main at 401850 has 37 blocks
  BB: 401f00 in func 401850 with 1 insts
    I: 401f00 (flow 401f14)
      Successors: 401f14
  BB: 401d01 in func 401850 with 8 insts
    I: 401d01
    I: 401d07
    I: 401d09
    I: 401d0c
    I: 401d0f
    I: 401d11
    I: 401d15
    I: 401d1b (flow 401d73)
      Successors: 401d21, 401d73
  BB: 401d81 in func 401850 with 2 insts
    I: 401d81
    I: 401d85 (flow 401f05)
      Successors: 401d8b, 401f05
  BB: 401f05 in func 401850 with 1 insts
    I: 401f05 (imm 402041)
      Successors: 401f0f
  BB: 401d8b in func 401850 with 21 insts
    I: 401d8b
    I: 401d93
    I: 401d9b
    I: 401da3
    I: 401dab
    I: 401db3
    I: 401dbb
    I: 401dc3
    I: 401dcb
    I: 401dcf
    I: 401dd4
    I: 401dde
    I: 401de1
    I: 401de6
    I: 401dea
    I: 401dee (mem 402018)
    I: 401df6
    I: 401dfa
    I: 401e02
    I: 401e05
    I: 401e0d (flow 401e3a)
      Successors: 401e3a, 401e13
  BB: 401e8e in func 401850 with 3 insts
    I: 401e8e (mem 402028)
    I: 401e96
    I: 401e9e (flow 401eb8)
      Successors: 401eb8, 401ea4
  BB: 401c8f in func 401850 with 8 insts
    I: 401c8f
    I: 401c95
    I: 401c97
    I: 401c9a
    I: 401c9d
    I: 401c9f
    I: 401ca3
    I: 401ca9 (flow 401d01)
      Successors: 401d01, 401caf
  BB: 401f0f in func 401850 with 1 insts
    Referenced by data
    I: 401f0f (flow 404030)
      Successors: 401f14
  BB: 401e13 in func 401850 with 6 insts
    I: 401e13
    I: 401e1b
    I: 401e20
    I: 401e2a
    I: 401e2d
    I: 401e32
      Successors: 401e3a
  BB: 401a94 in func 401850 with 6 insts
    I: 401a94
    I: 401a9a
    I: 401a9c
    I: 401a9f
    I: 401aa2
    I: 401aa6 (flow 401d81)
      Successors: 401d81, 401aac
  BB: 401f14 in func 401850 with 1 insts
    I: 401f14 (flow 401862)
      Successors: 401862
  BB: 401f19 in func 401850 with 4 insts
    I: 401f19
    I: 401f1b
    I: 401f22
    I: 401f23
      No successors
  BB: 401a1e in func 401850 with 8 insts
    I: 401a1e
    I: 401a24
    I: 401a26
    I: 401a29
    I: 401a2c
    I: 401a2e
    I: 401a32
    I: 401a38 (flow 401a94)
      Successors: 401a94, 401a3e
  BB: 4018f8 in func 401850 with 1 insts
    I: 4018f8 (flow 401f19)
      Successors: 401f19
  BB: 401d21 in func 401850 with 19 insts
    I: 401d21
    I: 401d26
    I: 401d2e
    I: 401d36
    I: 401d3b
    I: 401d40
    I: 401d45
    I: 401d4c
    I: 401d53 (flow 401720)
    I: 401d58
    I: 401d5b
    I: 401d5e
    I: 401d60
    I: 401d62
    I: 401d64
    I: 401d66
    I: 401d69
    I: 401d6b
    I: 401d6d
      Successors: 401d73
  BB: 401ea4 in func 401850 with 3 insts
    I: 401ea4 (imm 40205d)
    I: 401eae (flow 404030)
    I: 401eb3 (flow 401ef6)
      Successors: 401ef6
  BB: 401aac in func 401850 with 115 insts
    I: 401aac
    I: 401aaf
    I: 401ab2
    I: 401ab7
    I: 401ab9
    I: 401abe
    I: 401ac2
    I: 401ac7
    I: 401aca
    I: 401acd
    I: 401ad3
    I: 401ad5
    I: 401adb
    I: 401ae0
    I: 401ae3
    I: 401ae5
    I: 401aea
    I: 401aee
    I: 401af3
    I: 401af6
    I: 401af9
    I: 401afc
    I: 401b02
    I: 401b04
    I: 401b0a
    I: 401b0d
    I: 401b10
    I: 401b13
    I: 401b16
    I: 401b18
    I: 401b1a
    I: 401b1c
    I: 401b1f
    I: 401b21
    I: 401b23
    I: 401b25
    I: 401b29
    I: 401b2e
    I: 401b31
    I: 401b34
    I: 401b39
    I: 401b3b
    I: 401b40
    I: 401b44
    I: 401b49
    I: 401b4c
    I: 401b4f
    I: 401b55
    I: 401b57
    I: 401b5d
    I: 401b5f
    I: 401b64
    I: 401b66
    I: 401b6b
    I: 401b6f
    I: 401b74
    I: 401b77
    I: 401b7a
    I: 401b7d
    I: 401b83
    I: 401b85
    I: 401b8b
    I: 401b8e
    I: 401b91
    I: 401b94
    I: 401b97
    I: 401b99
    I: 401b9b
    I: 401b9d
    I: 401ba0
    I: 401ba2
    I: 401ba4
    I: 401ba6
    I: 401baa
    I: 401baf
    I: 401bb2
    I: 401bb5
    I: 401bb7
    I: 401bb9
    I: 401bbb
    I: 401bbf
    I: 401bc4
    I: 401bc7
    I: 401bca
    I: 401bd0
    I: 401bd2
    I: 401bd8
    I: 401bdd
    I: 401be0
    I: 401be2
    I: 401be7
    I: 401beb
    I: 401bf3
    I: 401bf6
    I: 401bf9
    I: 401bfc
    I: 401bfe
    I: 401c00
    I: 401c02
    I: 401c05
    I: 401c08
    I: 401c0b
    I: 401c0e
    I: 401c14
    I: 401c16
    I: 401c1c
    I: 401c1f
    I: 401c21
    I: 401c23
    I: 401c25
    I: 401c29
    I: 401c31
    I: 401c33
    I: 401c37
    I: 401c3d (flow 401c8f)
      Successors: 401c43, 401c8f
  BB: 401caf in func 401850 with 19 insts
    I: 401caf
    I: 401cb4
    I: 401cb9
    I: 401cbe
    I: 401cc3
    I: 401ccb
    I: 401cd3
    I: 401cda
    I: 401ce1 (flow 401720)
    I: 401ce6
    I: 401ce9
    I: 401cec
    I: 401cee
    I: 401cf0
    I: 401cf2
    I: 401cf4
    I: 401cf7
    I: 401cf9
    I: 401cfb
      Successors: 401d01
  BB: 401eb8 in func 401850 with 3 insts
    I: 401eb8 (mem 402030)
    I: 401ec0
    I: 401ec8 (flow 401ee2)
      Successors: 401ee2, 401ece
  BB: 401e3a in func 401850 with 3 insts
    I: 401e3a (mem 402010)
    I: 401e42
    I: 401e4a (flow 401e64)
      Successors: 401e50, 401e64
  BB: 4019bb in func 401850 with 8 insts
    I: 4019bb
    I: 4019c1
    I: 4019c3
    I: 4019c6
    I: 4019c9
    I: 4019cb
    I: 4019cf
    I: 4019d5 (flow 401a1e)
      Successors: 4019db, 401a1e
  BB: 401a3e in func 401850 with 27 insts
    I: 401a3e
    I: 401a41
    I: 401a44
    I: 401a47
    I: 401a4a
    I: 401a4e
    I: 401a52
    I: 401a56
    I: 401a59
    I: 401a5d
    I: 401a61 (flow 401140)
    I: 401a66
    I: 401a69
    I: 401a6d
    I: 401a70
    I: 401a72
    I: 401a74
    I: 401a76
    I: 401a79
    I: 401a7c
    I: 401a7e
    I: 401a81
    I: 401a84
    I: 401a87
    I: 401a8a
    I: 401a8c
    I: 401a8e
      Successors: 401a94
  BB: 401c43 in func 401850 with 19 insts
    I: 401c43
    I: 401c48
    I: 401c4d
    I: 401c52
    I: 401c57
    I: 401c5c
    I: 401c61
    I: 401c68
    I: 401c6f (flow 401720)
    I: 401c74
    I: 401c77
    I: 401c7a
    I: 401c7c
    I: 401c7e
    I: 401c80
    I: 401c82
    I: 401c85
    I: 401c87
    I: 401c89
      Successors: 401c8f
  BB: 401ece in func 401850 with 3 insts
    I: 401ece (imm 40204f)
    I: 401ed8 (flow 404030)
    I: 401edd (flow 401ef1)
      Successors: 401ef1
  BB: 401850 in func 401850 with 4 insts
    Referenced by data
    I: 401850
    I: 401851
    I: 401854
    I: 40185b
      Successors: 401862
  BB: 401e50 in func 401850 with 3 insts
    I: 401e50 (imm 402041)
    I: 401e5a (flow 404030)
    I: 401e5f (flow 401f00)
      Successors: 401f00
  BB: 4019db in func 401850 with 21 insts
    I: 4019db
    I: 4019de
    I: 4019e1
    I: 4019e4
    I: 4019e7
    I: 4019eb
    I: 4019ef
    I: 4019f3
    I: 4019f6
    I: 4019fa
    I: 4019fe (flow 401140)
    I: 401a03
    I: 401a06
    I: 401a09
    I: 401a0b
    I: 401a0d
    I: 401a0f
    I: 401a11
    I: 401a14
    I: 401a16
    I: 401a18
      Successors: 401a1e
  BB: 401862 in func 401850 with 43 insts
    I: 401862
    I: 401866
    I: 40186a
    I: 40186e
    I: 401872
    I: 401876
    I: 40187a (imm 402038)
    I: 401884
    I: 401886 (flow 404038)
    I: 40188b
    I: 40188e
    I: 401891
    I: 401894
    I: 401897
    I: 401899
    I: 40189c
    I: 4018a0
    I: 4018a3
    I: 4018a6
    I: 4018a9
    I: 4018ac
    I: 4018b1
    I: 4018b7
    I: 4018b9
    I: 4018bf
    I: 4018c2
    I: 4018c4
    I: 4018ca
    I: 4018cd
    I: 4018d0
    I: 4018d3
    I: 4018d5
    I: 4018d7
    I: 4018da
    I: 4018e0
    I: 4018e2
    I: 4018e4
    I: 4018e7
    I: 4018e9
    I: 4018eb
    I: 4018ed
    I: 4018ef
    I: 4018f2 (flow 4018fd)
      Successors: 4018f8, 4018fd
  BB: 401ee2 in func 401850 with 2 insts
    I: 401ee2 (imm 402059)
    I: 401eec (flow 404030)
      Successors: 401ef1
  BB: 401e64 in func 401850 with 3 insts
    I: 401e64 (mem 402020)
    I: 401e6c
    I: 401e74 (flow 401e8e)
      Successors: 401e7a, 401e8e
  BB: 401ef1 in func 401850 with 1 insts
    I: 401ef1 (flow 401ef6)
      Successors: 401ef6
  BB: 401d73 in func 401850 with 4 insts
    I: 401d73
    I: 401d79
    I: 401d7b
    I: 401d7e
      Successors: 401d81
  BB: 401ef6 in func 401850 with 1 insts
    I: 401ef6 (flow 401efb)
      Successors: 401efb
  BB: 401978 in func 401850 with 21 insts
    I: 401978
    I: 40197b
    I: 40197e
    I: 401981
    I: 401984
    I: 401988
    I: 40198c
    I: 401990
    I: 401993
    I: 401997
    I: 40199b (flow 401140)
    I: 4019a0
    I: 4019a3
    I: 4019a6
    I: 4019a8
    I: 4019aa
    I: 4019ac
    I: 4019ae
    I: 4019b1
    I: 4019b3
    I: 4019b5
      Successors: 4019bb
  BB: 401e7a in func 401850 with 3 insts
    I: 401e7a (imm 402045)
    I: 401e84 (flow 404030)
    I: 401e89 (flow 401efb)
      Successors: 401efb
  BB: 401efb in func 401850 with 1 insts
    I: 401efb (flow 401f00)
      Successors: 401f00
  BB: 4018fd in func 401850 with 27 insts
    I: 4018fd
    I: 401901
    I: 401905
    I: 401909
    I: 40190d
    I: 401911
    I: 401915
    I: 401919
    I: 40191d (imm 402038)
    I: 401927
    I: 401929 (flow 404038)
    I: 40192e
    I: 401932
    I: 401936
    I: 40193a
    I: 40193e
    I: 401942
    I: 401946
    I: 40194a
    I: 40194e (imm 402038)
    I: 401958
    I: 40195a (flow 404038)
    I: 40195f
    I: 401966
    I: 401968
    I: 40196c
    I: 401972 (flow 4019bb)
      Successors: 401978, 4019bb
Recovering .term_proc at 401f24
  Analysing subroutine .term_proc at 401f24
    Block head at 00401f31 is not code.
  Subroutine .term_proc at 401f24 has 1 blocks
  BB: 401f24 in func 401f24 with 4 insts
    I: 401f24
    I: 401f28
    I: 401f2c
    I: 401f30
      No successors
Global Variable None
WARNING: Global constructor and destructor sections are adjacent!
Recovering region LOAD [400000, 4004e8) in segment LOAD
  8-byte reference at 400018 to 401050 (start)
  8-byte reference at 4000f8 to 401000 (.init_proc)
  8-byte reference at 400130 to 402000 ()
  8-byte reference at 400168 to 403de8 ()
  8-byte reference at 400280 to 402064 ()
  8-byte reference at 4002f0 to 403de8 ()
Recovering region .init [401000, 40101b) in segment .init
Recovering region LOAD [40101b, 401020) in segment LOAD
Recovering region .plt [401020, 401050) in segment .plt
  4-byte reference at 40102c to 401f0f ()
Recovering region .text [401050, 401f24) in segment .text
Recovering region .fini [401f24, 401f31) in segment .fini
Recovering region .rodata [402000, 402063) in segment .rodata
  Variable aDDDD at 402038
  Variable s at 402041
  Variable aSyoKichi at 402045
  Variable aChuKichi at 40204f
  Variable aDai at 402059
  Variable aKichi at 40205d
Recovering region LOAD [402063, 402064) in segment LOAD
Recovering region .eh_frame_hdr [402064, 4020a0) in segment .eh_frame_hdr
Recovering region .eh_frame [4020a0, 40216c) in segment .eh_frame
Recovering region LOAD [40216c, 4021b0) in segment LOAD
Recovering region .init_array [403de8, 403df8) in segment .init_array
  8-byte reference at 403de8 to 401130 ()
  8-byte reference at 403df0 to 401100 ()
Recovering region LOAD [403df8, 403fd8) in segment LOAD
Recovering region .got [403fd8, 403fe8) in segment .got
  8-byte reference at 403fd8 to 404028 (__libc_start_main)
  8-byte reference at 403fe0 to 404040 (__gmon_start__)
Recovering region .got.plt [403fe8, 404010) in segment .got.plt
  8-byte reference at 404000 to 404030 (puts)
  8-byte reference at 404008 to 404038 (__isoc99_scanf)
Recovering region .data [404010, 404020) in segment .data
Recovering region .bss [404020, 404028) in segment .bss
Recovering extern function puts at 401030
Recovering extern function __isoc99_scanf at 401040
Recovering extern function __libc_start_main at 404028
Recovering extern function puts at 404030
Recovering extern function __isoc99_scanf at 404038
Recovering extern function __gmon_start__ at 404040
Recovered 10 functions.
Saving to: /home/ubuntu/capstone_project/result/pipeline_20260629_141746/s092944415_instsub.cfg
Done analysis!
