Debugging is enabled.
Loading Standard Definitions file: /home/ubuntu/capstone_project/dependency/mcsema/mcsema/lib/python3/site-packages/mcsema_disass-3.1.3.8-py3.8.egg/mcsema_disass/defs/linux.txt
Using Batch mode.
Starting analysis
Recovering module s118760076_fla.elf
Found main at 401450
Looking for instructions in segment .init
  Default block heads for function 401000 with loose bounds [401000, 40101b)
    block [401000, 401014)
    block [401014, 401016)
    block [401016, 40101b)
    chunk [401000, 40101b)
Looking for instructions in segment .plt
  Default block heads for function 401020 with loose bounds [401020, 40102c)
    block [401020, 40102c)
    chunk [401020, 40102c)
  Default block heads for function 401030 with loose bounds [401030, 401036)
    block [401030, 401036)
    chunk [401030, 401036)
  Default block heads for function 401040 with loose bounds [401040, 401046)
    block [401040, 401046)
    chunk [401040, 401046)
Looking for instructions in segment .text
  Default block heads for function 401050 with loose bounds [401050, 401076)
    block [401050, 401076)
    chunk [401050, 401076)
  Default block heads for function 401090 with loose bounds [401090, 4010b1)
    block [401090, 40109d)
    block [40109d, 4010a7)
    block [4010a7, 4010ae)
    block [4010b0, 4010b1)
    chunk [401090, 4010b1)
  Default block heads for function 401100 with loose bounds [401100, 401121)
    block [401100, 40110d)
    block [40110d, 40111f)
    block [401120, 401121)
    chunk [401100, 401121)
  Default block heads for function 401130 with loose bounds [401130, 401136)
    block [401130, 401136)
    chunk [401130, 401136)
    chunk [4010c0, 4010f1)
  Default block heads for function 401140 with loose bounds [401140, 401446)
    block [401140, 401158)
    block [401158, 401169)
    block [401169, 40116e)
    block [40116e, 40117c)
    block [40117c, 401181)
    block [401181, 40118f)
    block [40118f, 401194)
    block [401194, 4011a2)
    block [4011a2, 4011a7)
    block [4011a7, 4011b5)
    block [4011b5, 4011ba)
    block [4011ba, 4011c8)
    block [4011c8, 4011cd)
    block [4011cd, 4011db)
    block [4011db, 4011e0)
    block [4011e0, 4011ee)
    block [4011ee, 4011f3)
    block [4011f3, 401201)
    block [401201, 401206)
    block [401206, 401214)
    block [401214, 401219)
    block [401219, 401227)
    block [401227, 40122c)
    block [40122c, 40123a)
    block [40123a, 40123f)
    block [40123f, 40124d)
    block [40124d, 401252)
    block [401252, 401260)
    block [401260, 401265)
    block [401265, 401273)
    block [401273, 401278)
    block [401278, 401286)
    block [401286, 40128b)
    block [40128b, 401299)
    block [401299, 40129e)
    block [40129e, 4012a3)
    block [4012a3, 4012be)
    block [4012be, 4012df)
    block [4012df, 401301)
    block [401301, 40132c)
    block [40132c, 401345)
    block [401345, 401357)
    block [401357, 401375)
    block [401375, 401393)
    block [401393, 4013a5)
    block [4013a5, 4013b1)
    block [4013b1, 4013c6)
    block [4013c6, 4013df)
    block [4013df, 4013fa)
    block [4013fa, 40140c)
    block [40140c, 40141e)
    block [40141e, 40143c)
    block [40143c, 401441)
    block [401441, 401446)
    chunk [401140, 401446)
  Default block heads for function 401450 with loose bounds [401450, 401921)
    block [401450, 401484)
    block [401484, 40149b)
    block [40149b, 4014a0)
    block [4014a0, 4014b1)
    block [4014b1, 4014b6)
    block [4014b6, 4014c7)
    block [4014c7, 4014cc)
    block [4014cc, 4014dd)
    block [4014dd, 4014e2)
    block [4014e2, 4014f3)
    block [4014f3, 4014f8)
    block [4014f8, 401509)
    block [401509, 40150e)
    block [40150e, 40151f)
    block [40151f, 401524)
    block [401524, 401535)
    block [401535, 40153a)
    block [40153a, 40154b)
    block [40154b, 401550)
    block [401550, 401561)
    block [401561, 401566)
    block [401566, 401577)
    block [401577, 40157c)
    block [40157c, 40158d)
    block [40158d, 401592)
    block [401592, 4015a3)
    block [4015a3, 4015a8)
    block [4015a8, 4015b9)
    block [4015b9, 4015be)
    block [4015be, 4015cf)
    block [4015cf, 4015d4)
    block [4015d4, 4015e5)
    block [4015e5, 4015ea)
    block [4015ea, 4015fb)
    block [4015fb, 401600)
    block [401600, 401611)
    block [401611, 401616)
    block [401616, 401627)
    block [401627, 40162c)
    block [40162c, 40163d)
    block [40163d, 401642)
    block [401642, 401647)
    block [401647, 401665)
    block [401665, 40167b)
    block [40167b, 401694)
    block [401694, 4016b5)
    block [4016b5, 40170d)
    block [40170d, 401723)
    block [401723, 401732)
    block [401732, 401750)
    block [401750, 401769)
    block [401769, 40178a)
    block [40178a, 4017b2)
    block [4017b2, 4017f5)
    block [4017f5, 40181d)
    block [40181d, 401877)
    block [401877, 4018be)
    block [4018be, 4018cd)
    block [4018cd, 4018dc)
    block [4018dc, 4018fa)
    block [4018fa, 401910)
    block [401910, 40191c)
    block [40191c, 401921)
    chunk [401450, 401921)
Looking for instructions in segment .fini
  Default block heads for function 401924 with loose bounds [401924, 401931)
    block [401924, 401931)
    chunk [401924, 401931)
Looking for strings in segment .rodata [402000, 40200d)
  Found string b'%d%d' of length 5 at 402004, jumping to 402009
  Found string b'%d\n' of length 4 at 402009, jumping to 40200d
Looking for strings in segment .eh_frame_hdr [402010, 402044)
Looking for strings in segment .eh_frame [402048, 4020fc)
Looking for strings in segment .init_array [403de8, 403df0)
Looking for strings in segment .fini_array [403df0, 403df8)
Looking for strings in segment .got [403fd8, 403fe8)
Looking for strings in segment .got.plt [403fe8, 404010)
Looking for strings in segment .data [404010, 404020)
Looking for strings in segment .bss [404020, 404028)
Looking for strings in segment extern [404028, 404048)
Looking for cross-references in segment .init [401000, 40101b)
Looking for cross-references in segment .plt [401020, 401050)
  Stopping scan at 40102c
Looking for cross-references in segment .text [401050, 401921)
  Stopping scan at 40107c
  Stopping scan at 40108c
  Stopping scan at ffffffffffffffff
  Stopping scan at 4010bc
  Stopping scan at 4010fc
  Stopping scan at ffffffffffffffff
  Stopping scan at 40112c
  Stopping scan at 40113c
  Stopping scan at 40144c
Looking for cross-references in segment .fini [401924, 401931)
Looking for cross-references in segment .rodata [402000, 40200d)
  Found string at 402004, jumping to 402009
  Found string at 402009, jumping to 40200d
  Stopping scan at 402009
Looking for cross-references in segment .eh_frame_hdr [402010, 402044)
  Stopping scan at 402040
Looking for cross-references in segment .eh_frame [402048, 4020fc)
  Stopping scan at 4020f8
Looking for cross-references in segment .init_array [403de8, 403df0)
  Adding qword reference from 403de8 to 401130
  Stopping scan at 403de8
Looking for cross-references in segment .fini_array [403df0, 403df8)
  Adding qword reference from 403df0 to 401100
  Stopping scan at 403df0
Looking for cross-references in segment .got [403fd8, 403fe8)
  Adding qword reference from 403fd8 to 404028
  Adding qword reference from 403fe0 to 404040
  Stopping scan at 403fe0
Looking for cross-references in segment .got.plt [403fe8, 404010)
  Adding qword reference from 404000 to 404030
  Adding qword reference from 404008 to 404038
  Stopping scan at 404008
Looking for cross-references in segment .data [404010, 404020)
  Stopping scan at 40401c
Looking for cross-references in segment .bss [404020, 404028)
  Stopping scan at 404024
Looking for cross-references in segment extern [404028, 404048)
  Stopping scan at 404044
Looking for thunks
  Found thunk for printf targeting 404030 at 401030
  Found thunk for __isoc99_scanf targeting 404038 at 401040
Looking for external symbols
  Function at 401030 is the external function printf
  Function at 401040 is the external function __isoc99_scanf
  Function at 404028 is the external function __libc_start_main
  Function at 404030 is the external function printf
  Function at 404038 is the external function __isoc99_scanf
  Function at 404040 is the external function __gmon_start__
Looking for entrypoints
Recovering .init_proc at 401000
  Analysing subroutine .init_proc at 401000
    Block head at 0040101b is not code.
  Subroutine .init_proc at 401000 has 3 blocks
  BB: 401000 in func 401000 with 5 insts
    Referenced by data
    I: 401000
    I: 401004
    I: 401008 (mem 403fe0)
    I: 40100f
    I: 401012 (flow 401016)
      Successors: 401014, 401016
  BB: 401014 in func 401000 with 1 insts
    I: 401014
      Successors: 401016
  BB: 401016 in func 401000 with 2 insts
    I: 401016
    I: 40101a
      No successors
Recovering 401020
  Analysing subroutine sub_401020 at 401020
  WARNING: No table entries for indirect jump at 401026; Adding next_ea 40102c as successor.
  Subroutine sub_401020 at 401020 has 2 blocks
  WARNING: No table entries for indirect jump at 401026; Adding next_ea 40102c as successor.
  BB: 401020 in func 401020 with 2 insts
    I: 401020 (mem 403ff0)
    I: 401026 (mem 403ff8)
      Successors: 40102c
  BB: 40102c in func 401020 with 1 insts
    I: 40102c
      No successors
Recovering start at 401050
  Analysing subroutine start at 401050
  Subroutine start at 401050 has 3 blocks
  BB: 401050 in func 401050 with 13 insts
    Referenced by data
    I: 401050
    I: 401054
    I: 401056
    I: 401059
    I: 40105a
    I: 40105d
    I: 401061
    I: 401062
    I: 401063
    I: 401066
    I: 401068 (imm 401450)
    I: 40106f (mem 403fd8)
    I: 401075
      No successors
  BB: 401085 in func 401050 with 2 insts
    I: 401085
    I: 40108f
      No successors
  BB: 401076 in func 401050 with 3 insts
    I: 401076
    I: 401080
    I: 401084
      No successors
Recovering 401090
  Analysing subroutine sub_401090 at 401090
  WARNING: No table entries for indirect jump at 4010ac; Adding next_ea 4010ae as successor.
  WARNING: No table entries for indirect jump at 4010ee; Adding next_ea 4010f0 as successor.
  Subroutine sub_401090 at 401090 has 11 blocks
  BB: 4010c0 in func 401090 with 8 insts
    I: 4010c0 (imm 404020)
    I: 4010c5 (imm 404020)
    I: 4010cc
    I: 4010cf
    I: 4010d3
    I: 4010d7
    I: 4010da
    I: 4010dd (flow 4010f0)
      Successors: 4010f0, 4010df
  WARNING: No table entries for indirect jump at 4010ac; Adding next_ea 4010ae as successor.
  BB: 4010a7 in func 401090 with 2 insts
    I: 4010a7 (imm 404020)
    I: 4010ac
      Successors: 4010ae
  WARNING: No table entries for indirect jump at 4010ee; Adding next_ea 4010f0 as successor.
  BB: 4010e9 in func 401090 with 2 insts
    I: 4010e9 (imm 404020)
    I: 4010ee
      Successors: 4010f0
  BB: 4010ae in func 401090 with 1 insts
    I: 4010ae
      Successors: 4010b0
  BB: 401090 in func 401090 with 3 insts
    I: 401090 (imm 404020)
    I: 401095 (imm 404020)
    I: 40109b (flow 4010b0)
      Successors: 4010b0, 40109d
  BB: 4010b0 in func 401090 with 1 insts
    I: 4010b0
      No successors
  BB: 4010b1 in func 401090 with 2 insts
    I: 4010b1
    I: 4010b5
      Successors: 4010c0
  BB: 4010f0 in func 401090 with 1 insts
    I: 4010f0
      No successors
  BB: 4010f1 in func 401090 with 2 insts
    I: 4010f1
    I: 4010f5
      No successors
  BB: 40109d in func 401090 with 3 insts
    I: 40109d
    I: 4010a2
    I: 4010a5 (flow 4010b0)
      Successors: 4010b0, 4010a7
  BB: 4010df in func 401090 with 3 insts
    I: 4010df
    I: 4010e4
    I: 4010e7 (flow 4010f0)
      Successors: 4010f0, 4010e9
Recovering 401100
  Analysing subroutine sub_401100 at 401100
  Subroutine sub_401100 at 401100 has 5 blocks
  BB: 401100 in func 401100 with 3 insts
    Referenced by data
    I: 401100
    I: 401104 (mem 404020)
    I: 40110b (flow 401120)
      Successors: 401120, 40110d
  BB: 401121 in func 401100 with 2 insts
    I: 401121
    I: 401125
      No successors
  BB: 401120 in func 401100 with 1 insts
    I: 401120
      No successors
  BB: 40110d in func 401100 with 6 insts
    I: 40110d
    I: 40110e
    I: 401111 (flow 401090)
    I: 401116 (mem 404020)
    I: 40111d
    I: 40111e
      No successors
  BB: 40111f in func 401100 with 1 insts
    I: 40111f
      Successors: 401120
Recovering 401130
  Analysing subroutine sub_401130 at 401130
  WARNING: No table entries for indirect jump at 4010ee; Adding next_ea 4010f0 as successor.
  Subroutine sub_401130 at 401130 has 6 blocks
  BB: 4010c0 in func 401130 with 8 insts
    I: 4010c0 (imm 404020)
    I: 4010c5 (imm 404020)
    I: 4010cc
    I: 4010cf
    I: 4010d3
    I: 4010d7
    I: 4010da
    I: 4010dd (flow 4010f0)
      Successors: 4010f0, 4010df
  WARNING: No table entries for indirect jump at 4010ee; Adding next_ea 4010f0 as successor.
  BB: 4010e9 in func 401130 with 2 insts
    I: 4010e9 (imm 404020)
    I: 4010ee
      Successors: 4010f0
  BB: 401130 in func 401130 with 2 insts
    Referenced by data
    I: 401130
    I: 401134 (flow 4010c0)
      Successors: 4010c0
  BB: 4010f0 in func 401130 with 1 insts
    I: 4010f0
      No successors
  BB: 401136 in func 401130 with 1 insts
    I: 401136
      No successors
  BB: 4010df in func 401130 with 3 insts
    I: 4010df
    I: 4010e4
    I: 4010e7 (flow 4010f0)
      Successors: 4010f0, 4010e9
Recovering 401140
  Analysing subroutine sub_401140 at 401140
  Subroutine sub_401140 at 401140 has 55 blocks
  BB: 401181 in func 401140 with 3 insts
    I: 401181
    I: 401184
    I: 401189 (flow 40140c)
      Successors: 40140c, 40118f
  BB: 401301 in func 401140 with 12 insts
    I: 401301
    I: 401304
    I: 401309
    I: 40130b
    I: 40130e
    I: 401311
    I: 401314
    I: 401319
    I: 40131e
    I: 401321
    I: 401324
    I: 401327 (flow 401441)
      Successors: 401441
  BB: 401201 in func 401140 with 1 insts
    I: 401201 (flow 401206)
      Successors: 401206
  BB: 401286 in func 401140 with 1 insts
    I: 401286 (flow 40128b)
      Successors: 40128b
  BB: 401206 in func 401140 with 3 insts
    I: 401206
    I: 401209
    I: 40120e (flow 4013a5)
      Successors: 401214, 4013a5
  BB: 40128b in func 401140 with 3 insts
    I: 40128b
    I: 40128e
    I: 401293 (flow 401301)
      Successors: 401299, 401301
  BB: 40140c in func 401140 with 4 insts
    I: 40140c
    I: 40140f
    I: 401416
    I: 401419 (flow 401441)
      Successors: 401441
  BB: 40118f in func 401140 with 1 insts
    I: 40118f (flow 401194)
      Successors: 401194
  BB: 401393 in func 401140 with 4 insts
    I: 401393
    I: 401396
    I: 401399
    I: 4013a0 (flow 401441)
      Successors: 401441
  BB: 401194 in func 401140 with 3 insts
    I: 401194
    I: 401197
    I: 40119c (flow 401345)
      Successors: 4011a2, 401345
  BB: 401214 in func 401140 with 1 insts
    I: 401214 (flow 401219)
      Successors: 401219
  BB: 401299 in func 401140 with 1 insts
    I: 401299 (flow 40129e)
      Successors: 40129e
  BB: 401219 in func 401140 with 3 insts
    I: 401219
    I: 40121c
    I: 401221 (flow 4013b1)
      Successors: 4013b1, 401227
  BB: 40141e in func 401140 with 8 insts
    I: 40141e
    I: 401421
    I: 401424
    I: 401427
    I: 40142a
    I: 40142d
    I: 401430
    I: 401437 (flow 401441)
      Successors: 401441
  BB: 40129e in func 401140 with 1 insts
    I: 40129e (flow 401441)
      Successors: 401441
  BB: 4011a2 in func 401140 with 1 insts
    I: 4011a2 (flow 4011a7)
      Successors: 4011a7
  BB: 4012a3 in func 401140 with 7 insts
    I: 4012a3
    I: 4012a6
    I: 4012ab
    I: 4012b0
    I: 4012b3
    I: 4012b6
    I: 4012b9 (flow 401441)
      Successors: 401441
  BB: 4013a5 in func 401140 with 2 insts
    I: 4013a5
    I: 4013ac (flow 401441)
      Successors: 401441
  BB: 4011a7 in func 401140 with 3 insts
    I: 4011a7
    I: 4011aa
    I: 4011af (flow 401357)
      Successors: 4011b5, 401357
  BB: 401227 in func 401140 with 1 insts
    I: 401227 (flow 40122c)
      Successors: 40122c
  BB: 40122c in func 401140 with 3 insts
    I: 40122c
    I: 40122f
    I: 401234 (flow 401393)
      Successors: 40123a, 401393
  BB: 40132c in func 401140 with 6 insts
    I: 40132c
    I: 401331
    I: 401336
    I: 40133a
    I: 40133d
    I: 401340 (flow 401441)
      Successors: 401441
  BB: 4013b1 in func 401140 with 5 insts
    I: 4013b1
    I: 4013b4
    I: 4013b7
    I: 4013ba
    I: 4013c1 (flow 401441)
      Successors: 401441
  BB: 4011b5 in func 401140 with 1 insts
    I: 4011b5 (flow 4011ba)
      Successors: 4011ba
  BB: 4011ba in func 401140 with 3 insts
    I: 4011ba
    I: 4011bd
    I: 4011c2 (flow 4013df)
      Successors: 4011c8, 4013df
  BB: 40123a in func 401140 with 1 insts
    I: 40123a (flow 40123f)
      Successors: 40123f
  BB: 40143c in func 401140 with 3 insts
    I: 40143c
    I: 40143f
    I: 401440
      No successors
  BB: 4012be in func 401140 with 5 insts
    I: 4012be
    I: 4012c5
    I: 4012cc
    I: 4012d3
    I: 4012da (flow 401441)
      Successors: 401441
  BB: 40123f in func 401140 with 3 insts
    I: 40123f
    I: 401242
    I: 401247 (flow 40143c)
      Successors: 40143c, 40124d
  BB: 401140 in func 401140 with 6 insts
    I: 401140
    I: 401141
    I: 401144
    I: 401147
    I: 40114a
    I: 401151
      Successors: 401158
  BB: 401441 in func 401140 with 1 insts
    I: 401441 (flow 401158)
      Successors: 401158
  BB: 401345 in func 401140 with 4 insts
    I: 401345
    I: 401348
    I: 40134b
    I: 401352 (flow 401441)
      Successors: 401441
  BB: 4013c6 in func 401140 with 6 insts
    I: 4013c6
    I: 4013cb
    I: 4013d0
    I: 4013d4
    I: 4013d7
    I: 4013da (flow 401441)
      Successors: 401441
  BB: 401446 in func 401140 with 1 insts
    I: 401446
      No successors
  BB: 4011c8 in func 401140 with 1 insts
    I: 4011c8 (flow 4011cd)
      Successors: 4011cd
  BB: 4011cd in func 401140 with 3 insts
    I: 4011cd
    I: 4011d0
    I: 4011d5 (flow 4013c6)
      Successors: 4011db, 4013c6
  BB: 40124d in func 401140 with 1 insts
    I: 40124d (flow 401252)
      Successors: 401252
  BB: 401252 in func 401140 with 3 insts
    I: 401252
    I: 401255
    I: 40125a (flow 40132c)
      Successors: 401260, 40132c
  BB: 401357 in func 401140 with 8 insts
    I: 401357
    I: 40135a
    I: 40135d
    I: 401362
    I: 401367
    I: 40136a
    I: 40136d
    I: 401370 (flow 401441)
      Successors: 401441
  BB: 401158 in func 401140 with 4 insts
    I: 401158
    I: 40115b
    I: 40115e
    I: 401163 (flow 4012df)
      Successors: 401169, 4012df
  BB: 4011db in func 401140 with 1 insts
    I: 4011db (flow 4011e0)
      Successors: 4011e0
  BB: 4012df in func 401140 with 9 insts
    I: 4012df
    I: 4012e2
    I: 4012e7
    I: 4012e9
    I: 4012ee
    I: 4012f3
    I: 4012f6
    I: 4012f9
    I: 4012fc (flow 401441)
      Successors: 401441
  BB: 4011e0 in func 401140 with 3 insts
    I: 4011e0
    I: 4011e3
    I: 4011e8 (flow 4012be)
      Successors: 4012be, 4011ee
  BB: 401260 in func 401140 with 1 insts
    I: 401260 (flow 401265)
      Successors: 401265
  BB: 4013df in func 401140 with 7 insts
    I: 4013df
    I: 4013e2
    I: 4013e7
    I: 4013ec
    I: 4013ef
    I: 4013f2
    I: 4013f5 (flow 401441)
      Successors: 401441
  BB: 401265 in func 401140 with 3 insts
    I: 401265
    I: 401268
    I: 40126d (flow 401375)
      Successors: 401273, 401375
  BB: 401169 in func 401140 with 1 insts
    I: 401169 (flow 40116e)
      Successors: 40116e
  BB: 40116e in func 401140 with 3 insts
    I: 40116e
    I: 401171
    I: 401176 (flow 4013fa)
      Successors: 4013fa, 40117c
  BB: 4011ee in func 401140 with 1 insts
    I: 4011ee (flow 4011f3)
      Successors: 4011f3
  BB: 4011f3 in func 401140 with 3 insts
    I: 4011f3
    I: 4011f6
    I: 4011fb (flow 4012a3)
      Successors: 401201, 4012a3
  BB: 401273 in func 401140 with 1 insts
    I: 401273 (flow 401278)
      Successors: 401278
  BB: 401375 in func 401140 with 8 insts
    I: 401375
    I: 401378
    I: 40137b
    I: 401380
    I: 401385
    I: 401388
    I: 40138b
    I: 40138e (flow 401441)
      Successors: 401441
  BB: 401278 in func 401140 with 3 insts
    I: 401278
    I: 40127b
    I: 401280 (flow 40141e)
      Successors: 401286, 40141e
  BB: 4013fa in func 401140 with 4 insts
    I: 4013fa
    I: 4013fd
    I: 401404
    I: 401407 (flow 401441)
      Successors: 401441
  BB: 40117c in func 401140 with 1 insts
    I: 40117c (flow 401181)
      Successors: 401181
Recovering main at 401450
  Analysing subroutine main at 401450
    Block head at 00401921 is not code.
  Subroutine main at 401450 has 63 blocks
  BB: 401600 in func 401450 with 3 insts
    I: 401600
    I: 401606
    I: 40160b (flow 401910)
      Successors: 401910, 401611
  BB: 401484 in func 401450 with 4 insts
    I: 401484
    I: 40148a
    I: 401490
    I: 401495 (flow 4018fa)
      Successors: 4018fa, 40149b
  BB: 401509 in func 401450 with 1 insts
    I: 401509 (flow 40150e)
      Successors: 40150e
  BB: 40178a in func 401450 with 8 insts
    I: 40178a
    I: 401791
    I: 401793
    I: 401798
    I: 40179d
    I: 4017a4
    I: 4017a7
    I: 4017ad (flow 40191c)
      Successors: 40191c
  BB: 40158d in func 401450 with 1 insts
    I: 40158d (flow 401592)
      Successors: 401592
  BB: 40150e in func 401450 with 3 insts
    I: 40150e
    I: 401514
    I: 401519 (flow 40170d)
      Successors: 40170d, 40151f
  BB: 40170d in func 401450 with 3 insts
    I: 40170d
    I: 401714
    I: 40171e (flow 40191c)
      Successors: 40191c
  BB: 401910 in func 401450 with 4 insts
    I: 401910
    I: 401913
    I: 40191a
    I: 40191b
      No successors
  BB: 401611 in func 401450 with 1 insts
    I: 401611 (flow 401616)
      Successors: 401616
  BB: 401592 in func 401450 with 3 insts
    I: 401592
    I: 401598
    I: 40159d (flow 4018dc)
      Successors: 4015a3, 4018dc
  BB: 401694 in func 401450 with 7 insts
    I: 401694
    I: 40169a
    I: 40169f
    I: 4016a4
    I: 4016a7
    I: 4016aa
    I: 4016b0 (flow 40191c)
      Successors: 40191c
  BB: 401616 in func 401450 with 3 insts
    I: 401616
    I: 40161c
    I: 401621 (flow 401665)
      Successors: 401665, 401627
  BB: 4015fb in func 401450 with 1 insts
    I: 4015fb (flow 401600)
      Successors: 401600
  BB: 40149b in func 401450 with 1 insts
    I: 40149b (flow 4014a0)
      Successors: 4014a0
  BB: 40191c in func 401450 with 1 insts
    I: 40191c (flow 401484)
      Successors: 401484
  BB: 40181d in func 401450 with 17 insts
    I: 40181d
    I: 401824
    I: 401826
    I: 40182d
    I: 40182f (flow 401140)
    I: 401834
    I: 40183a
    I: 401841
    I: 401848
    I: 40184a (flow 401140)
    I: 40184f
    I: 401855
    I: 401857 (imm 402009)
    I: 401861
    I: 401863 (flow 404030)
    I: 401868
    I: 401872 (flow 40191c)
      Successors: 40191c
  BB: 40151f in func 401450 with 1 insts
    I: 40151f (flow 401524)
      Successors: 401524
  BB: 4014a0 in func 401450 with 3 insts
    I: 4014a0
    I: 4014a6
    I: 4014ab (flow 4017f5)
      Successors: 4014b1, 4017f5
  BB: 4015a3 in func 401450 with 1 insts
    I: 4015a3 (flow 4015a8)
      Successors: 4015a8
  BB: 401524 in func 401450 with 3 insts
    I: 401524
    I: 40152a
    I: 40152f (flow 40167b)
      Successors: 40167b, 401535
  BB: 401723 in func 401450 with 2 insts
    I: 401723
    I: 40172d (flow 40191c)
      Successors: 40191c
  BB: 401627 in func 401450 with 1 insts
    I: 401627 (flow 40162c)
      Successors: 40162c
  BB: 4015a8 in func 401450 with 3 insts
    I: 4015a8
    I: 4015ae
    I: 4015b3 (flow 401732)
      Successors: 4015b9, 401732
  BB: 40162c in func 401450 with 3 insts
    I: 40162c
    I: 401632
    I: 401637 (flow 401647)
      Successors: 40163d, 401647
  BB: 4014b1 in func 401450 with 1 insts
    I: 4014b1 (flow 4014b6)
      Successors: 4014b6
  BB: 401732 in func 401450 with 5 insts
    I: 401732
    I: 401738
    I: 40173b
    I: 401741
    I: 40174b (flow 40191c)
      Successors: 40191c
  BB: 4017b2 in func 401450 with 11 insts
    I: 4017b2
    I: 4017b9
    I: 4017c0
    I: 4017c7
    I: 4017ce (flow 401140)
    I: 4017d3
    I: 4017d5 (imm 402009)
    I: 4017df
    I: 4017e1 (flow 404030)
    I: 4017e6
    I: 4017f0 (flow 40191c)
      Successors: 40191c
  BB: 401535 in func 401450 with 1 insts
    I: 401535 (flow 40153a)
      Successors: 40153a
  BB: 4014b6 in func 401450 with 3 insts
    I: 4014b6
    I: 4014bc
    I: 4014c1 (flow 401877)
      Successors: 401877, 4014c7
  BB: 4016b5 in func 401450 with 18 insts
    I: 4016b5
    I: 4016bc
    I: 4016c3
    I: 4016c7
    I: 4016ca
    I: 4016d1
    I: 4016d8
    I: 4016dc
    I: 4016df (imm 402004)
    I: 4016e9
    I: 4016eb (flow 404038)
    I: 4016f0
    I: 4016f2
    I: 4016f7
    I: 4016fc
    I: 4016ff
    I: 401702
    I: 401708 (flow 40191c)
      Successors: 40191c
  BB: 4015b9 in func 401450 with 1 insts
    I: 4015b9 (flow 4015be)
      Successors: 4015be
  BB: 40153a in func 401450 with 3 insts
    I: 40153a
    I: 401540
    I: 401545 (flow 4018be)
      Successors: 40154b, 4018be
  BB: 40163d in func 401450 with 1 insts
    I: 40163d (flow 401642)
      Successors: 401642
  BB: 4015be in func 401450 with 3 insts
    I: 4015be
    I: 4015c4
    I: 4015c9 (flow 40181d)
      Successors: 40181d, 4015cf
  BB: 4018be in func 401450 with 2 insts
    I: 4018be
    I: 4018c8 (flow 40191c)
      Successors: 40191c
  BB: 401642 in func 401450 with 1 insts
    I: 401642 (flow 40191c)
      Successors: 40191c
  BB: 4014c7 in func 401450 with 1 insts
    I: 4014c7 (flow 4014cc)
      Successors: 4014cc
  BB: 401647 in func 401450 with 7 insts
    I: 401647
    I: 40164a
    I: 40164f
    I: 401654
    I: 401657
    I: 40165a
    I: 401660 (flow 40191c)
      Successors: 40191c
  BB: 40154b in func 401450 with 1 insts
    I: 40154b (flow 401550)
      Successors: 401550
  BB: 4014cc in func 401450 with 3 insts
    I: 4014cc
    I: 4014d2
    I: 4014d7 (flow 401694)
      Successors: 401694, 4014dd
  BB: 4018cd in func 401450 with 2 insts
    I: 4018cd
    I: 4018d7 (flow 40191c)
      Successors: 40191c
  BB: 4015cf in func 401450 with 1 insts
    I: 4015cf (flow 4015d4)
      Successors: 4015d4
  BB: 401450 in func 401450 with 10 insts
    Referenced by data
    I: 401450
    I: 401451
    I: 401454
    I: 40145b
    I: 401462 (imm 402006)
    I: 40146c
    I: 401470
    I: 401472 (flow 404038)
    I: 401477
    I: 40147a
      Successors: 401484
  BB: 401550 in func 401450 with 3 insts
    I: 401550
    I: 401556
    I: 40155b (flow 4016b5)
      Successors: 401561, 4016b5
  BB: 401750 in func 401450 with 3 insts
    I: 401750
    I: 40175a
    I: 401764 (flow 40191c)
      Successors: 40191c
  BB: 4015d4 in func 401450 with 3 insts
    I: 4015d4
    I: 4015da
    I: 4015df (flow 40178a)
      Successors: 40178a, 4015e5
  BB: 4018dc in func 401450 with 5 insts
    I: 4018dc
    I: 4018e2
    I: 4018e5
    I: 4018eb
    I: 4018f5 (flow 40191c)
      Successors: 40191c
  BB: 4014dd in func 401450 with 1 insts
    I: 4014dd (flow 4014e2)
      Successors: 4014e2
  BB: 401561 in func 401450 with 1 insts
    I: 401561 (flow 401566)
      Successors: 401566
  BB: 4014e2 in func 401450 with 3 insts
    I: 4014e2
    I: 4014e8
    I: 4014ed (flow 401723)
      Successors: 401723, 4014f3
  BB: 4015e5 in func 401450 with 1 insts
    I: 4015e5 (flow 4015ea)
      Successors: 4015ea
  BB: 401566 in func 401450 with 3 insts
    I: 401566
    I: 40156c
    I: 401571 (flow 4017b2)
      Successors: 4017b2, 401577
  BB: 401665 in func 401450 with 3 insts
    I: 401665
    I: 40166c
    I: 401676 (flow 40191c)
      Successors: 40191c
  BB: 401769 in func 401450 with 7 insts
    I: 401769
    I: 40176f
    I: 401774
    I: 401779
    I: 40177c
    I: 40177f
    I: 401785 (flow 40191c)
      Successors: 40191c
  BB: 4015ea in func 401450 with 3 insts
    I: 4015ea
    I: 4015f0
    I: 4015f5 (flow 401750)
      Successors: 401750, 4015fb
  BB: 4014f3 in func 401450 with 1 insts
    I: 4014f3 (flow 4014f8)
      Successors: 4014f8
  BB: 4017f5 in func 401450 with 8 insts
    I: 4017f5
    I: 4017fc
    I: 4017fe
    I: 401803
    I: 401808
    I: 40180f
    I: 401812
    I: 401818 (flow 40191c)
      Successors: 40191c
  BB: 401877 in func 401450 with 13 insts
    I: 401877
    I: 40187e
    I: 401880
    I: 401887
    I: 40188e
    I: 401890
    I: 401897 (flow 401140)
    I: 40189c
    I: 40189e (imm 402009)
    I: 4018a8
    I: 4018aa (flow 404030)
    I: 4018af
    I: 4018b9 (flow 40191c)
      Successors: 40191c
  BB: 4014f8 in func 401450 with 3 insts
    I: 4014f8
    I: 4014fe
    I: 401503 (flow 4018cd)
      Successors: 401509, 4018cd
  BB: 4018fa in func 401450 with 3 insts
    I: 4018fa
    I: 401901
    I: 40190b (flow 40191c)
      Successors: 40191c
  BB: 40167b in func 401450 with 3 insts
    I: 40167b
    I: 401685
    I: 40168f (flow 40191c)
      Successors: 40191c
  BB: 40157c in func 401450 with 3 insts
    I: 40157c
    I: 401582
    I: 401587 (flow 401769)
      Successors: 401769, 40158d
  BB: 401577 in func 401450 with 1 insts
    I: 401577 (flow 40157c)
      Successors: 40157c
Recovering .term_proc at 401924
  Analysing subroutine .term_proc at 401924
    Block head at 00401931 is not code.
  Subroutine .term_proc at 401924 has 1 blocks
  BB: 401924 in func 401924 with 4 insts
    I: 401924
    I: 401928
    I: 40192c
    I: 401930
      No successors
Global Variable None
WARNING: Global constructor and destructor sections are adjacent!
Recovering region LOAD [400000, 4004e8) in segment LOAD
  8-byte reference at 400018 to 401050 (start)
  8-byte reference at 4000f8 to 401000 (.init_proc)
  8-byte reference at 400130 to 402000 ()
  8-byte reference at 400168 to 403de8 ()
  8-byte reference at 400280 to 402010 ()
  8-byte reference at 4002f0 to 403de8 ()
Recovering region .init [401000, 40101b) in segment .init
Recovering region LOAD [40101b, 401020) in segment LOAD
Recovering region .plt [401020, 401050) in segment .plt
Recovering region .text [401050, 401921) in segment .text
Recovering region LOAD [401921, 401924) in segment LOAD
Recovering region .fini [401924, 401931) in segment .fini
Recovering region .rodata [402000, 40200d) in segment .rodata
  Variable aDD at 402004
  Variable format at 402009
Recovering region LOAD [40200d, 402010) in segment LOAD
Recovering region .eh_frame_hdr [402010, 402044) in segment .eh_frame_hdr
Recovering region LOAD [402044, 402048) in segment LOAD
Recovering region .eh_frame [402048, 4020fc) in segment .eh_frame
Recovering region LOAD [4020fc, 402140) in segment LOAD
Recovering region .init_array [403de8, 403df8) in segment .init_array
  8-byte reference at 403de8 to 401130 ()
  8-byte reference at 403df0 to 401100 ()
Recovering region LOAD [403df8, 403fd8) in segment LOAD
Recovering region .got [403fd8, 403fe8) in segment .got
  8-byte reference at 403fd8 to 404028 (__libc_start_main)
  8-byte reference at 403fe0 to 404040 (__gmon_start__)
Recovering region .got.plt [403fe8, 404010) in segment .got.plt
  8-byte reference at 404000 to 404030 (printf)
  8-byte reference at 404008 to 404038 (__isoc99_scanf)
Recovering region .data [404010, 404020) in segment .data
Recovering region .bss [404020, 404028) in segment .bss
Recovering extern function printf at 401030
Recovering extern function __isoc99_scanf at 401040
Recovering extern function __libc_start_main at 404028
Recovering extern function printf at 404030
Recovering extern function __isoc99_scanf at 404038
Recovering extern function __gmon_start__ at 404040
Recovered 9 functions.
Saving to: /home/ubuntu/capstone_project/result/pipeline_20260629_141746/s118760076_fla.cfg
Done analysis!
