Debugging is enabled.
Loading Standard Definitions file: /home/ubuntu/capstone_project/dependency/mcsema/mcsema/lib/python3/site-packages/mcsema_disass-3.1.3.8-py3.8.egg/mcsema_disass/defs/linux.txt
Using Batch mode.
Starting analysis
Recovering module s118760076_instsub.elf
Found main at 401280
Looking for instructions in segment .init
  Default block heads for function 401000 with loose bounds [401000, 40101b)
    block [401000, 401014)
    block [401014, 401016)
    block [401016, 40101b)
    chunk [401000, 40101b)
Looking for instructions in segment .plt
  Default block heads for function 401020 with loose bounds [401020, 40102c)
    block [401020, 40102c)
    chunk [401020, 40102c)
  Default block heads for function 401030 with loose bounds [401030, 401036)
    block [401030, 401036)
    chunk [401030, 401036)
  Default block heads for function 401040 with loose bounds [401040, 401046)
    block [401040, 401046)
    chunk [401040, 401046)
Looking for instructions in segment .text
  Default block heads for function 401050 with loose bounds [401050, 401076)
    block [401050, 401076)
    chunk [401050, 401076)
  Default block heads for function 401090 with loose bounds [401090, 4010b1)
    block [401090, 40109d)
    block [40109d, 4010a7)
    block [4010a7, 4010ae)
    block [4010b0, 4010b1)
    chunk [401090, 4010b1)
  Default block heads for function 401100 with loose bounds [401100, 401121)
    block [401100, 40110d)
    block [40110d, 40111f)
    block [401120, 401121)
    chunk [401100, 401121)
  Default block heads for function 401130 with loose bounds [401130, 401136)
    block [401130, 401136)
    chunk [401130, 401136)
    chunk [4010c0, 4010f1)
  Default block heads for function 401140 with loose bounds [401140, 40127b)
    block [401140, 401151)
    block [401151, 40115d)
    block [40115d, 401172)
    block [401172, 401185)
    block [401185, 4011aa)
    block [4011aa, 4011b4)
    block [4011b4, 4011ba)
    block [4011ba, 4011e7)
    block [4011e7, 4011ff)
    block [4011ff, 401205)
    block [401205, 40120a)
    block [40120a, 401222)
    block [401222, 40122c)
    block [40122c, 401238)
    block [401238, 401243)
    block [401243, 401249)
    block [401249, 401276)
    block [401276, 40127b)
    chunk [401140, 40127b)
  Default block heads for function 401280 with loose bounds [401280, 4014aa)
    block [401280, 4012b0)
    block [4012b0, 4012bc)
    block [4012bc, 4012c6)
    block [4012c6, 4012d5)
    block [4012d5, 401319)
    block [401319, 401325)
    block [401325, 40132a)
    block [40132a, 401342)
    block [401342, 40134c)
    block [40134c, 40135b)
    block [40135b, 401371)
    block [401371, 4013aa)
    block [4013aa, 4013c0)
    block [4013c0, 401424)
    block [401424, 40146f)
    block [40146f, 401474)
    block [401474, 401479)
    block [401479, 401497)
    block [401497, 40149e)
    block [40149e, 4014aa)
    chunk [401280, 4014aa)
Looking for instructions in segment .fini
  Default block heads for function 4014ac with loose bounds [4014ac, 4014b9)
    block [4014ac, 4014b9)
    chunk [4014ac, 4014b9)
Looking for strings in segment .rodata [402000, 40200d)
  Found string b'%d%d' of length 5 at 402004, jumping to 402009
  Found string b'%d\n' of length 4 at 402009, jumping to 40200d
Looking for strings in segment .eh_frame_hdr [402010, 402044)
Looking for strings in segment .eh_frame [402048, 4020f4)
Looking for strings in segment .init_array [403de8, 403df0)
Looking for strings in segment .fini_array [403df0, 403df8)
Looking for strings in segment .got [403fd8, 403fe8)
Looking for strings in segment .got.plt [403fe8, 404010)
Looking for strings in segment .data [404010, 404020)
Looking for strings in segment .bss [404020, 404028)
Looking for strings in segment extern [404028, 404048)
Looking for cross-references in segment .init [401000, 40101b)
Looking for cross-references in segment .plt [401020, 401050)
  Stopping scan at 40102c
Looking for cross-references in segment .text [401050, 4014aa)
  Stopping scan at 40107c
  Stopping scan at 40108c
  Stopping scan at ffffffffffffffff
  Stopping scan at 4010bc
  Stopping scan at 4010fc
  Stopping scan at ffffffffffffffff
  Stopping scan at 40112c
  Stopping scan at 40113c
  Stopping scan at 40127c
Looking for cross-references in segment .fini [4014ac, 4014b9)
Looking for cross-references in segment .rodata [402000, 40200d)
  Found string at 402004, jumping to 402009
  Found string at 402009, jumping to 40200d
  Stopping scan at 402009
Looking for cross-references in segment .eh_frame_hdr [402010, 402044)
  Stopping scan at 402040
Looking for cross-references in segment .eh_frame [402048, 4020f4)
  Stopping scan at 4020f0
Looking for cross-references in segment .init_array [403de8, 403df0)
  Adding qword reference from 403de8 to 401130
  Stopping scan at 403de8
Looking for cross-references in segment .fini_array [403df0, 403df8)
  Adding qword reference from 403df0 to 401100
  Stopping scan at 403df0
Looking for cross-references in segment .got [403fd8, 403fe8)
  Adding qword reference from 403fd8 to 404028
  Adding qword reference from 403fe0 to 404040
  Stopping scan at 403fe0
Looking for cross-references in segment .got.plt [403fe8, 404010)
  Adding qword reference from 404000 to 404030
  Adding qword reference from 404008 to 404038
  Stopping scan at 404008
Looking for cross-references in segment .data [404010, 404020)
  Stopping scan at 40401c
Looking for cross-references in segment .bss [404020, 404028)
  Stopping scan at 404024
Looking for cross-references in segment extern [404028, 404048)
  Stopping scan at 404044
Looking for thunks
  Found thunk for printf targeting 404030 at 401030
  Found thunk for __isoc99_scanf targeting 404038 at 401040
Looking for external symbols
  Function at 401030 is the external function printf
  Function at 401040 is the external function __isoc99_scanf
  Function at 404028 is the external function __libc_start_main
  Function at 404030 is the external function printf
  Function at 404038 is the external function __isoc99_scanf
  Function at 404040 is the external function __gmon_start__
Looking for entrypoints
Recovering .init_proc at 401000
  Analysing subroutine .init_proc at 401000
    Block head at 0040101b is not code.
  Subroutine .init_proc at 401000 has 3 blocks
  BB: 401000 in func 401000 with 5 insts
    Referenced by data
    I: 401000
    I: 401004
    I: 401008 (mem 403fe0)
    I: 40100f
    I: 401012 (flow 401016)
      Successors: 401014, 401016
  BB: 401014 in func 401000 with 1 insts
    I: 401014
      Successors: 401016
  BB: 401016 in func 401000 with 2 insts
    I: 401016
    I: 40101a
      No successors
Recovering 401020
  Analysing subroutine sub_401020 at 401020
  WARNING: No table entries for indirect jump at 401026; Adding next_ea 40102c as successor.
  Subroutine sub_401020 at 401020 has 2 blocks
  WARNING: No table entries for indirect jump at 401026; Adding next_ea 40102c as successor.
  BB: 401020 in func 401020 with 2 insts
    I: 401020 (mem 403ff0)
    I: 401026 (mem 403ff8)
      Successors: 40102c
  BB: 40102c in func 401020 with 1 insts
    I: 40102c
      No successors
Recovering start at 401050
  Analysing subroutine start at 401050
  Subroutine start at 401050 has 3 blocks
  BB: 401050 in func 401050 with 13 insts
    Referenced by data
    I: 401050
    I: 401054
    I: 401056
    I: 401059
    I: 40105a
    I: 40105d
    I: 401061
    I: 401062
    I: 401063
    I: 401066
    I: 401068 (imm 401280)
    I: 40106f (mem 403fd8)
    I: 401075
      No successors
  BB: 401085 in func 401050 with 2 insts
    I: 401085
    I: 40108f
      No successors
  BB: 401076 in func 401050 with 3 insts
    I: 401076
    I: 401080
    I: 401084
      No successors
Recovering 401090
  Analysing subroutine sub_401090 at 401090
  WARNING: No table entries for indirect jump at 4010ac; Adding next_ea 4010ae as successor.
  WARNING: No table entries for indirect jump at 4010ee; Adding next_ea 4010f0 as successor.
  Subroutine sub_401090 at 401090 has 11 blocks
  BB: 4010c0 in func 401090 with 8 insts
    I: 4010c0 (imm 404020)
    I: 4010c5 (imm 404020)
    I: 4010cc
    I: 4010cf
    I: 4010d3
    I: 4010d7
    I: 4010da
    I: 4010dd (flow 4010f0)
      Successors: 4010f0, 4010df
  WARNING: No table entries for indirect jump at 4010ac; Adding next_ea 4010ae as successor.
  BB: 4010a7 in func 401090 with 2 insts
    I: 4010a7 (imm 404020)
    I: 4010ac
      Successors: 4010ae
  WARNING: No table entries for indirect jump at 4010ee; Adding next_ea 4010f0 as successor.
  BB: 4010e9 in func 401090 with 2 insts
    I: 4010e9 (imm 404020)
    I: 4010ee
      Successors: 4010f0
  BB: 4010ae in func 401090 with 1 insts
    I: 4010ae
      Successors: 4010b0
  BB: 401090 in func 401090 with 3 insts
    I: 401090 (imm 404020)
    I: 401095 (imm 404020)
    I: 40109b (flow 4010b0)
      Successors: 4010b0, 40109d
  BB: 4010b0 in func 401090 with 1 insts
    I: 4010b0
      No successors
  BB: 4010b1 in func 401090 with 2 insts
    I: 4010b1
    I: 4010b5
      Successors: 4010c0
  BB: 4010f0 in func 401090 with 1 insts
    I: 4010f0
      No successors
  BB: 4010f1 in func 401090 with 2 insts
    I: 4010f1
    I: 4010f5
      No successors
  BB: 40109d in func 401090 with 3 insts
    I: 40109d
    I: 4010a2
    I: 4010a5 (flow 4010b0)
      Successors: 4010b0, 4010a7
  BB: 4010df in func 401090 with 3 insts
    I: 4010df
    I: 4010e4
    I: 4010e7 (flow 4010f0)
      Successors: 4010f0, 4010e9
Recovering 401100
  Analysing subroutine sub_401100 at 401100
  Subroutine sub_401100 at 401100 has 5 blocks
  BB: 401100 in func 401100 with 3 insts
    Referenced by data
    I: 401100
    I: 401104 (mem 404020)
    I: 40110b (flow 401120)
      Successors: 401120, 40110d
  BB: 401121 in func 401100 with 2 insts
    I: 401121
    I: 401125
      No successors
  BB: 401120 in func 401100 with 1 insts
    I: 401120
      No successors
  BB: 40110d in func 401100 with 6 insts
    I: 40110d
    I: 40110e
    I: 401111 (flow 401090)
    I: 401116 (mem 404020)
    I: 40111d
    I: 40111e
      No successors
  BB: 40111f in func 401100 with 1 insts
    I: 40111f
      Successors: 401120
Recovering 401130
  Analysing subroutine sub_401130 at 401130
  WARNING: No table entries for indirect jump at 4010ee; Adding next_ea 4010f0 as successor.
  Subroutine sub_401130 at 401130 has 6 blocks
  BB: 4010c0 in func 401130 with 8 insts
    I: 4010c0 (imm 404020)
    I: 4010c5 (imm 404020)
    I: 4010cc
    I: 4010cf
    I: 4010d3
    I: 4010d7
    I: 4010da
    I: 4010dd (flow 4010f0)
      Successors: 4010f0, 4010df
  WARNING: No table entries for indirect jump at 4010ee; Adding next_ea 4010f0 as successor.
  BB: 4010e9 in func 401130 with 2 insts
    I: 4010e9 (imm 404020)
    I: 4010ee
      Successors: 4010f0
  BB: 401130 in func 401130 with 2 insts
    Referenced by data
    I: 401130
    I: 401134 (flow 4010c0)
      Successors: 4010c0
  BB: 4010f0 in func 401130 with 1 insts
    I: 4010f0
      No successors
  BB: 401136 in func 401130 with 1 insts
    I: 401136
      No successors
  BB: 4010df in func 401130 with 3 insts
    I: 4010df
    I: 4010e4
    I: 4010e7 (flow 4010f0)
      Successors: 4010f0, 4010e9
Recovering 401140
  Analysing subroutine sub_401140 at 401140
  Subroutine sub_401140 at 401140 has 19 blocks
  BB: 401185 in func 401140 with 12 insts
    I: 401185
    I: 401188
    I: 40118d
    I: 40118f
    I: 401192
    I: 401195
    I: 401198
    I: 40119b
    I: 40119d
    I: 40119f
    I: 4011a1
    I: 4011a4 (flow 4011ba)
      Successors: 4011ba, 4011aa
  BB: 401205 in func 401140 with 1 insts
    I: 401205 (flow 40120a)
      Successors: 40120a
  BB: 40120a in func 401140 with 6 insts
    I: 40120a
    I: 40120d
    I: 401212
    I: 401215
    I: 40121a
    I: 40121d (flow 401172)
      Successors: 401172
  BB: 401222 in func 401140 with 2 insts
    I: 401222
    I: 401226 (flow 401243)
      Successors: 401243, 40122c
  BB: 4011aa in func 401140 with 2 insts
    I: 4011aa
    I: 4011ae (flow 4011ba)
      Successors: 4011ba, 4011b4
  BB: 40122c in func 401140 with 3 insts
    I: 40122c
    I: 40122f
    I: 401232 (flow 401243)
      Successors: 401238, 401243
  BB: 4011b4 in func 401140 with 2 insts
    I: 4011b4
    I: 4011b7
      Successors: 4011ba
  BB: 401238 in func 401140 with 3 insts
    I: 401238
    I: 40123b
    I: 40123e (flow 401249)
      Successors: 401249
  BB: 4011ba in func 401140 with 12 insts
    I: 4011ba
    I: 4011bd
    I: 4011c0
    I: 4011c3
    I: 4011c6
    I: 4011cb
    I: 4011d1
    I: 4011d3
    I: 4011d9
    I: 4011dc
    I: 4011de
    I: 4011e1 (flow 401205)
      Successors: 401205, 4011e7
  BB: 401140 in func 401140 with 5 insts
    I: 401140
    I: 401141
    I: 401144
    I: 401147
    I: 40114a
      Successors: 401151
  BB: 401243 in func 401140 with 2 insts
    I: 401243
    I: 401246
      Successors: 401249
  BB: 401249 in func 401140 with 12 insts
    I: 401249
    I: 40124c
    I: 40124f
    I: 401254
    I: 401256
    I: 40125b
    I: 40125e
    I: 401261
    I: 401266
    I: 401269
    I: 40126e
    I: 401271 (flow 401151)
      Successors: 401151
  BB: 401151 in func 401140 with 3 insts
    I: 401151
    I: 401154
    I: 401157 (flow 401276)
      Successors: 40115d, 401276
  BB: 40115d in func 401140 with 3 insts
    I: 40115d
    I: 401164
    I: 40116b
      Successors: 401172
  BB: 4011e7 in func 401140 with 8 insts
    I: 4011e7
    I: 4011ea
    I: 4011ed
    I: 4011f0
    I: 4011f2
    I: 4011f4
    I: 4011f6
    I: 4011f9 (flow 401205)
      Successors: 401205, 4011ff
  BB: 401172 in func 401140 with 5 insts
    I: 401172
    I: 401175
    I: 40117a
    I: 40117c
    I: 40117f (flow 401222)
      Successors: 401222, 401185
  BB: 401276 in func 401140 with 3 insts
    I: 401276
    I: 401279
    I: 40127a
      No successors
  BB: 40127b in func 401140 with 1 insts
    I: 40127b
      No successors
  BB: 4011ff in func 401140 with 2 insts
    I: 4011ff
    I: 401202
      Successors: 401205
Recovering main at 401280
  Analysing subroutine main at 401280
    Block head at 004014aa is not code.
  Subroutine main at 401280 has 20 blocks
  BB: 401280 in func 401280 with 10 insts
    Referenced by data
    I: 401280
    I: 401281
    I: 401284
    I: 40128b
    I: 401292 (imm 402006)
    I: 40129c
    I: 4012a0
    I: 4012a2 (flow 404038)
    I: 4012a7
    I: 4012aa (flow 4012bc)
      Successors: 4012b0, 4012bc
  BB: 401497 in func 401280 with 1 insts
    I: 401497
      Successors: 40149e
  BB: 401319 in func 401280 with 2 insts
    I: 401319
    I: 401320 (flow 40149e)
      Successors: 40149e
  BB: 40149e in func 401280 with 4 insts
    I: 40149e
    I: 4014a1
    I: 4014a8
    I: 4014a9
      No successors
  BB: 401424 in func 401280 with 16 insts
    I: 401424
    I: 40142b
    I: 401432
    I: 401434
    I: 401436
    I: 401439
    I: 401440
    I: 401447
    I: 401449
    I: 40144f
    I: 401451
    I: 401457 (flow 401140)
    I: 40145c
    I: 40145e (imm 402009)
    I: 401468
    I: 40146a (flow 404030)
      Successors: 40146f
  BB: 401325 in func 401280 with 1 insts
    I: 401325 (flow 40132a)
      Successors: 40132a
  BB: 40132a in func 401280 with 6 insts
    I: 40132a
    I: 401330
    I: 401332
    I: 401335
    I: 401337
    I: 40133d (flow 4012c6)
      Successors: 4012c6
  BB: 4013aa in func 401280 with 4 insts
    I: 4013aa
    I: 4013b1
    I: 4013b3
    I: 4013ba (flow 401424)
      Successors: 4013c0, 401424
  BB: 4012b0 in func 401280 with 2 insts
    I: 4012b0
    I: 4012b7 (flow 40149e)
      Successors: 40149e
  BB: 4012bc in func 401280 with 1 insts
    I: 4012bc
      Successors: 4012c6
  BB: 4013c0 in func 401280 with 22 insts
    I: 4013c0
    I: 4013c7
    I: 4013ce
    I: 4013d3
    I: 4013d6
    I: 4013d8
    I: 4013de
    I: 4013e0 (flow 401140)
    I: 4013e5
    I: 4013eb
    I: 4013f2
    I: 4013f9
    I: 4013fb (flow 401140)
    I: 401400
    I: 401406
    I: 401408
    I: 40140a
    I: 40140c
    I: 40140e (imm 402009)
    I: 401418
    I: 40141a (flow 404030)
    I: 40141f (flow 40146f)
      Successors: 40146f
  BB: 401342 in func 401280 with 1 insts
    I: 401342
      Successors: 40134c
  BB: 4012c6 in func 401280 with 3 insts
    I: 4012c6
    I: 4012cc
    I: 4012cf (flow 401342)
      Successors: 401342, 4012d5
  BB: 40134c in func 401280 with 3 insts
    I: 40134c
    I: 401352
    I: 401355 (flow 401497)
      Successors: 40135b, 401497
  BB: 4012d5 in func 401280 with 13 insts
    I: 4012d5
    I: 4012dc
    I: 4012e3
    I: 4012e7
    I: 4012ea
    I: 4012f1
    I: 4012f8
    I: 4012fc
    I: 4012ff (imm 402004)
    I: 401309
    I: 40130b (flow 404038)
    I: 401310
    I: 401313 (flow 401325)
      Successors: 401319, 401325
  BB: 40135b in func 401280 with 4 insts
    I: 40135b
    I: 401362
    I: 401364
    I: 40136b (flow 4013aa)
      Successors: 401371, 4013aa
  BB: 40146f in func 401280 with 1 insts
    I: 40146f (flow 401474)
      Successors: 401474
  BB: 401371 in func 401280 with 10 insts
    I: 401371
    I: 401378
    I: 40137f
    I: 401386
    I: 40138d (flow 401140)
    I: 401392
    I: 401394 (imm 402009)
    I: 40139e
    I: 4013a0 (flow 404030)
    I: 4013a5 (flow 401474)
      Successors: 401474
  BB: 401474 in func 401280 with 1 insts
    I: 401474 (flow 401479)
      Successors: 401479
  BB: 401479 in func 401280 with 6 insts
    I: 401479
    I: 40147f
    I: 401484
    I: 401487
    I: 40148c
    I: 401492 (flow 40134c)
      Successors: 40134c
Recovering .term_proc at 4014ac
  Analysing subroutine .term_proc at 4014ac
    Block head at 004014b9 is not code.
  Subroutine .term_proc at 4014ac has 1 blocks
  BB: 4014ac in func 4014ac with 4 insts
    I: 4014ac
    I: 4014b0
    I: 4014b4
    I: 4014b8
      No successors
Global Variable None
WARNING: Global constructor and destructor sections are adjacent!
Recovering region LOAD [400000, 4004e8) in segment LOAD
  8-byte reference at 400018 to 401050 (start)
  8-byte reference at 4000f8 to 401000 (.init_proc)
  8-byte reference at 400130 to 402000 ()
  8-byte reference at 400168 to 403de8 ()
  8-byte reference at 400280 to 402010 ()
  8-byte reference at 4002f0 to 403de8 ()
Recovering region .init [401000, 40101b) in segment .init
Recovering region LOAD [40101b, 401020) in segment LOAD
Recovering region .plt [401020, 401050) in segment .plt
Recovering region .text [401050, 4014aa) in segment .text
Recovering region LOAD [4014aa, 4014ac) in segment LOAD
Recovering region .fini [4014ac, 4014b9) in segment .fini
Recovering region .rodata [402000, 40200d) in segment .rodata
  Variable aDD at 402004
  Variable format at 402009
Recovering region LOAD [40200d, 402010) in segment LOAD
Recovering region .eh_frame_hdr [402010, 402044) in segment .eh_frame_hdr
Recovering region LOAD [402044, 402048) in segment LOAD
Recovering region .eh_frame [402048, 4020f4) in segment .eh_frame
Recovering region LOAD [4020f4, 402138) in segment LOAD
Recovering region .init_array [403de8, 403df8) in segment .init_array
  8-byte reference at 403de8 to 401130 ()
  8-byte reference at 403df0 to 401100 ()
Recovering region LOAD [403df8, 403fd8) in segment LOAD
Recovering region .got [403fd8, 403fe8) in segment .got
  8-byte reference at 403fd8 to 404028 (__libc_start_main)
  8-byte reference at 403fe0 to 404040 (__gmon_start__)
Recovering region .got.plt [403fe8, 404010) in segment .got.plt
  8-byte reference at 404000 to 404030 (printf)
  8-byte reference at 404008 to 404038 (__isoc99_scanf)
Recovering region .data [404010, 404020) in segment .data
Recovering region .bss [404020, 404028) in segment .bss
Recovering extern function printf at 401030
Recovering extern function __isoc99_scanf at 401040
Recovering extern function __libc_start_main at 404028
Recovering extern function printf at 404030
Recovering extern function __isoc99_scanf at 404038
Recovering extern function __gmon_start__ at 404040
Recovered 9 functions.
Saving to: /home/ubuntu/capstone_project/result/pipeline_20260629_141746/s118760076_instsub.cfg
Done analysis!
