Debugging is enabled.
Loading Standard Definitions file: /home/ubuntu/capstone_project/dependency/mcsema/mcsema/lib/python3/site-packages/mcsema_disass-3.1.3.8-py3.8.egg/mcsema_disass/defs/linux.txt
Using Batch mode.
Starting analysis
Recovering module s118760076_fla_bcf_instsub.elf
Found main at 4019b0
Looking for instructions in segment .init
  Default block heads for function 401000 with loose bounds [401000, 40101b)
    block [401000, 401014)
    block [401014, 401016)
    block [401016, 40101b)
    chunk [401000, 40101b)
Looking for instructions in segment .plt
  Default block heads for function 401020 with loose bounds [401020, 40102c)
    block [401020, 40102c)
    chunk [401020, 40102c)
  Default block heads for function 401030 with loose bounds [401030, 401036)
    block [401030, 401036)
    chunk [401030, 401036)
  Default block heads for function 401040 with loose bounds [401040, 401046)
    block [401040, 401046)
    chunk [401040, 401046)
Looking for instructions in segment .text
  Default block heads for function 401050 with loose bounds [401050, 401076)
    block [401050, 401076)
    chunk [401050, 401076)
  Default block heads for function 401090 with loose bounds [401090, 4010b1)
    block [401090, 40109d)
    block [40109d, 4010a7)
    block [4010a7, 4010ae)
    block [4010b0, 4010b1)
    chunk [401090, 4010b1)
  Default block heads for function 401100 with loose bounds [401100, 401121)
    block [401100, 40110d)
    block [40110d, 40111f)
    block [401120, 401121)
    chunk [401100, 401121)
  Default block heads for function 401130 with loose bounds [401130, 401136)
    block [401130, 401136)
    chunk [401130, 401136)
    chunk [4010c0, 4010f1)
  Default block heads for function 401140 with loose bounds [401140, 4019af)
    block [401140, 40118d)
    block [40118d, 40119e)
    block [40119e, 4011a3)
    block [4011a3, 4011b1)
    block [4011b1, 4011b6)
    block [4011b6, 4011c4)
    block [4011c4, 4011c9)
    block [4011c9, 4011d7)
    block [4011d7, 4011dc)
    block [4011dc, 4011ea)
    block [4011ea, 4011ef)
    block [4011ef, 4011fd)
    block [4011fd, 401202)
    block [401202, 401210)
    block [401210, 401215)
    block [401215, 401223)
    block [401223, 401228)
    block [401228, 401236)
    block [401236, 40123b)
    block [40123b, 401249)
    block [401249, 40124e)
    block [40124e, 40125c)
    block [40125c, 401261)
    block [401261, 40126f)
    block [40126f, 401274)
    block [401274, 401282)
    block [401282, 401287)
    block [401287, 401295)
    block [401295, 40129a)
    block [40129a, 4012a8)
    block [4012a8, 4012ad)
    block [4012ad, 4012bb)
    block [4012bb, 4012c0)
    block [4012c0, 4012ce)
    block [4012ce, 4012d3)
    block [4012d3, 4012e1)
    block [4012e1, 4012e6)
    block [4012e6, 4012f4)
    block [4012f4, 4012f9)
    block [4012f9, 401307)
    block [401307, 40130c)
    block [40130c, 40131a)
    block [40131a, 40131f)
    block [40131f, 40132d)
    block [40132d, 401332)
    block [401332, 401340)
    block [401340, 401345)
    block [401345, 401353)
    block [401353, 401358)
    block [401358, 401366)
    block [401366, 40136b)
    block [40136b, 401379)
    block [401379, 40137e)
    block [40137e, 40138c)
    block [40138c, 401391)
    block [401391, 401396)
    block [401396, 4013bc)
    block [4013bc, 401487)
    block [401487, 401493)
    block [401493, 4014b4)
    block [4014b4, 4014de)
    block [4014de, 401506)
    block [401506, 40158d)
    block [40158d, 40165e)
    block [40165e, 401679)
    block [401679, 401695)
    block [401695, 4016ad)
    block [4016ad, 4016ed)
    block [4016ed, 40172d)
    block [40172d, 401745)
    block [401745, 401751)
    block [401751, 401770)
    block [401770, 4017ef)
    block [4017ef, 401885)
    block [401885, 4018a0)
    block [4018a0, 4018c1)
    block [4018c1, 4018d6)
    block [4018d6, 4018eb)
    block [4018eb, 401927)
    block [401927, 401932)
    block [401932, 401976)
    block [401976, 40199f)
    block [40199f, 4019aa)
    block [4019aa, 4019af)
    chunk [401140, 4019af)
  Default block heads for function 4019b0 with loose bounds [4019b0, 402326)
    block [4019b0, 4019e4)
    block [4019e4, 4019fb)
    block [4019fb, 401a00)
    block [401a00, 401a11)
    block [401a11, 401a16)
    block [401a16, 401a27)
    block [401a27, 401a2c)
    block [401a2c, 401a3d)
    block [401a3d, 401a42)
    block [401a42, 401a53)
    block [401a53, 401a58)
    block [401a58, 401a69)
    block [401a69, 401a6e)
    block [401a6e, 401a7f)
    block [401a7f, 401a84)
    block [401a84, 401a95)
    block [401a95, 401a9a)
    block [401a9a, 401aab)
    block [401aab, 401ab0)
    block [401ab0, 401ac1)
    block [401ac1, 401ac6)
    block [401ac6, 401ad7)
    block [401ad7, 401adc)
    block [401adc, 401aed)
    block [401aed, 401af2)
    block [401af2, 401b03)
    block [401b03, 401b08)
    block [401b08, 401b19)
    block [401b19, 401b1e)
    block [401b1e, 401b2f)
    block [401b2f, 401b34)
    block [401b34, 401b45)
    block [401b45, 401b4a)
    block [401b4a, 401b5b)
    block [401b5b, 401b60)
    block [401b60, 401b71)
    block [401b71, 401b76)
    block [401b76, 401b87)
    block [401b87, 401b8c)
    block [401b8c, 401b9d)
    block [401b9d, 401ba2)
    block [401ba2, 401bb3)
    block [401bb3, 401bb8)
    block [401bb8, 401bc9)
    block [401bc9, 401bce)
    block [401bce, 401bdf)
    block [401bdf, 401be4)
    block [401be4, 401bf5)
    block [401bf5, 401bfa)
    block [401bfa, 401c0b)
    block [401c0b, 401c10)
    block [401c10, 401c21)
    block [401c21, 401c26)
    block [401c26, 401c37)
    block [401c37, 401c3c)
    block [401c3c, 401c4d)
    block [401c4d, 401c52)
    block [401c52, 401c63)
    block [401c63, 401c68)
    block [401c68, 401c6d)
    block [401c6d, 401c8b)
    block [401c8b, 401ca1)
    block [401ca1, 401cba)
    block [401cba, 401d3c)
    block [401d3c, 401d9d)
    block [401d9d, 401dbb)
    block [401dbb, 401e13)
    block [401e13, 401e29)
    block [401e29, 401e38)
    block [401e38, 401e62)
    block [401e62, 401e7b)
    block [401e7b, 401e9c)
    block [401e9c, 401f26)
    block [401f26, 401fc8)
    block [401fc8, 401fe6)
    block [401fe6, 402029)
    block [402029, 402051)
    block [402051, 4020db)
    block [4020db, 4021c3)
    block [4021c3, 4021d2)
    block [4021d2, 40222c)
    block [40222c, 40223b)
    block [40223b, 40224a)
    block [40224a, 402272)
    block [402272, 402288)
    block [402288, 402294)
    block [402294, 4022a3)
    block [4022a3, 4022b2)
    block [4022b2, 402321)
    block [402321, 402326)
    chunk [4019b0, 402326)
Looking for instructions in segment .fini
  Default block heads for function 402328 with loose bounds [402328, 402335)
    block [402328, 402335)
    chunk [402328, 402335)
Looking for strings in segment .rodata [403000, 40300d)
  Found string b'%d%d' of length 5 at 403004, jumping to 403009
  Found string b'%d\n' of length 4 at 403009, jumping to 40300d
Looking for strings in segment .eh_frame_hdr [403010, 403044)
Looking for strings in segment .eh_frame [403048, 4030fc)
Looking for strings in segment .init_array [404de8, 404df0)
Looking for strings in segment .fini_array [404df0, 404df8)
Looking for strings in segment .got [404fd8, 404fe8)
Looking for strings in segment .got.plt [404fe8, 405010)
Looking for strings in segment .data [405010, 405020)
Looking for strings in segment .bss [405020, 405038)
Looking for strings in segment extern [405038, 405058)
Looking for cross-references in segment .init [401000, 40101b)
Looking for cross-references in segment .plt [401020, 401050)
  Stopping scan at 40102c
Looking for cross-references in segment .text [401050, 402326)
  Stopping scan at 40107c
  Stopping scan at 40108c
  Stopping scan at ffffffffffffffff
  Stopping scan at 4010bc
  Stopping scan at 4010fc
  Stopping scan at ffffffffffffffff
  Stopping scan at 40112c
  Stopping scan at 40113c
  Stopping scan at ffffffffffffffff
Looking for cross-references in segment .fini [402328, 402335)
Looking for cross-references in segment .rodata [403000, 40300d)
  Found string at 403004, jumping to 403009
  Found string at 403009, jumping to 40300d
  Stopping scan at 403009
Looking for cross-references in segment .eh_frame_hdr [403010, 403044)
  Stopping scan at 403040
Looking for cross-references in segment .eh_frame [403048, 4030fc)
  Stopping scan at 4030f8
Looking for cross-references in segment .init_array [404de8, 404df0)
  Adding qword reference from 404de8 to 401130
  Stopping scan at 404de8
Looking for cross-references in segment .fini_array [404df0, 404df8)
  Adding qword reference from 404df0 to 401100
  Stopping scan at 404df0
Looking for cross-references in segment .got [404fd8, 404fe8)
  Adding qword reference from 404fd8 to 405038
  Adding qword reference from 404fe0 to 405050
  Stopping scan at 404fe0
Looking for cross-references in segment .got.plt [404fe8, 405010)
  Adding qword reference from 405000 to 405040
  Adding qword reference from 405008 to 405048
  Stopping scan at 405008
Looking for cross-references in segment .data [405010, 405020)
  Stopping scan at 40501c
Looking for cross-references in segment .bss [405020, 405038)
  Stopping scan at 405034
Looking for cross-references in segment extern [405038, 405058)
  Stopping scan at 405054
Looking for thunks
  Found thunk for printf targeting 405040 at 401030
  Found thunk for __isoc99_scanf targeting 405048 at 401040
Looking for external symbols
  Function at 401030 is the external function printf
  Function at 401040 is the external function __isoc99_scanf
  Function at 405038 is the external function __libc_start_main
  Function at 405040 is the external function printf
  Function at 405048 is the external function __isoc99_scanf
  Function at 405050 is the external function __gmon_start__
Looking for entrypoints
Recovering .init_proc at 401000
  Analysing subroutine .init_proc at 401000
    Block head at 0040101b is not code.
  Subroutine .init_proc at 401000 has 3 blocks
  BB: 401000 in func 401000 with 5 insts
    Referenced by data
    I: 401000
    I: 401004
    I: 401008 (mem 404fe0)
    I: 40100f
    I: 401012 (flow 401016)
      Successors: 401014, 401016
  BB: 401014 in func 401000 with 1 insts
    I: 401014
      Successors: 401016
  BB: 401016 in func 401000 with 2 insts
    I: 401016
    I: 40101a
      No successors
Recovering 401020
  Analysing subroutine sub_401020 at 401020
  WARNING: No table entries for indirect jump at 401026; Adding next_ea 40102c as successor.
  Subroutine sub_401020 at 401020 has 2 blocks
  WARNING: No table entries for indirect jump at 401026; Adding next_ea 40102c as successor.
  BB: 401020 in func 401020 with 2 insts
    I: 401020 (mem 404ff0)
    I: 401026 (mem 404ff8)
      Successors: 40102c
  BB: 40102c in func 401020 with 1 insts
    I: 40102c
      No successors
Recovering start at 401050
  Analysing subroutine start at 401050
  Subroutine start at 401050 has 3 blocks
  BB: 401050 in func 401050 with 13 insts
    Referenced by data
    I: 401050
    I: 401054
    I: 401056
    I: 401059
    I: 40105a
    I: 40105d
    I: 401061
    I: 401062
    I: 401063
    I: 401066
    I: 401068 (imm 4019b0)
    I: 40106f (mem 404fd8)
    I: 401075
      No successors
  BB: 401085 in func 401050 with 2 insts
    I: 401085
    I: 40108f
      No successors
  BB: 401076 in func 401050 with 3 insts
    I: 401076
    I: 401080
    I: 401084
      No successors
Recovering 401090
  Analysing subroutine sub_401090 at 401090
  WARNING: No table entries for indirect jump at 4010ac; Adding next_ea 4010ae as successor.
  WARNING: No table entries for indirect jump at 4010ee; Adding next_ea 4010f0 as successor.
  Subroutine sub_401090 at 401090 has 11 blocks
  BB: 4010c0 in func 401090 with 8 insts
    I: 4010c0 (imm 405020)
    I: 4010c5 (imm 405020)
    I: 4010cc
    I: 4010cf
    I: 4010d3
    I: 4010d7
    I: 4010da
    I: 4010dd (flow 4010f0)
      Successors: 4010f0, 4010df
  WARNING: No table entries for indirect jump at 4010ac; Adding next_ea 4010ae as successor.
  BB: 4010a7 in func 401090 with 2 insts
    I: 4010a7 (imm 405020)
    I: 4010ac
      Successors: 4010ae
  WARNING: No table entries for indirect jump at 4010ee; Adding next_ea 4010f0 as successor.
  BB: 4010e9 in func 401090 with 2 insts
    I: 4010e9 (imm 405020)
    I: 4010ee
      Successors: 4010f0
  BB: 4010ae in func 401090 with 1 insts
    I: 4010ae
      Successors: 4010b0
  BB: 401090 in func 401090 with 3 insts
    I: 401090 (imm 405020)
    I: 401095 (imm 405020)
    I: 40109b (flow 4010b0)
      Successors: 4010b0, 40109d
  BB: 4010b0 in func 401090 with 1 insts
    I: 4010b0
      No successors
  BB: 4010b1 in func 401090 with 2 insts
    I: 4010b1
    I: 4010b5
      Successors: 4010c0
  BB: 4010f0 in func 401090 with 1 insts
    I: 4010f0
      No successors
  BB: 4010f1 in func 401090 with 2 insts
    I: 4010f1
    I: 4010f5
      No successors
  BB: 40109d in func 401090 with 3 insts
    I: 40109d
    I: 4010a2
    I: 4010a5 (flow 4010b0)
      Successors: 4010b0, 4010a7
  BB: 4010df in func 401090 with 3 insts
    I: 4010df
    I: 4010e4
    I: 4010e7 (flow 4010f0)
      Successors: 4010f0, 4010e9
Recovering 401100
  Analysing subroutine sub_401100 at 401100
  Subroutine sub_401100 at 401100 has 5 blocks
  BB: 401100 in func 401100 with 3 insts
    Referenced by data
    I: 401100
    I: 401104 (mem 405020)
    I: 40110b (flow 401120)
      Successors: 401120, 40110d
  BB: 401121 in func 401100 with 2 insts
    I: 401121
    I: 401125
      No successors
  BB: 401120 in func 401100 with 1 insts
    I: 401120
      No successors
  BB: 40110d in func 401100 with 6 insts
    I: 40110d
    I: 40110e
    I: 401111 (flow 401090)
    I: 401116 (mem 405020)
    I: 40111d
    I: 40111e
      No successors
  BB: 40111f in func 401100 with 1 insts
    I: 40111f
      Successors: 401120
Recovering 401130
  Analysing subroutine sub_401130 at 401130
  WARNING: No table entries for indirect jump at 4010ee; Adding next_ea 4010f0 as successor.
  Subroutine sub_401130 at 401130 has 6 blocks
  BB: 4010c0 in func 401130 with 8 insts
    I: 4010c0 (imm 405020)
    I: 4010c5 (imm 405020)
    I: 4010cc
    I: 4010cf
    I: 4010d3
    I: 4010d7
    I: 4010da
    I: 4010dd (flow 4010f0)
      Successors: 4010f0, 4010df
  WARNING: No table entries for indirect jump at 4010ee; Adding next_ea 4010f0 as successor.
  BB: 4010e9 in func 401130 with 2 insts
    I: 4010e9 (imm 405020)
    I: 4010ee
      Successors: 4010f0
  BB: 401130 in func 401130 with 2 insts
    Referenced by data
    I: 401130
    I: 401134 (flow 4010c0)
      Successors: 4010c0
  BB: 4010f0 in func 401130 with 1 insts
    I: 4010f0
      No successors
  BB: 401136 in func 401130 with 1 insts
    I: 401136
      No successors
  BB: 4010df in func 401130 with 3 insts
    I: 4010df
    I: 4010e4
    I: 4010e7 (flow 4010f0)
      Successors: 4010f0, 4010e9
Recovering 401140
  Analysing subroutine sub_401140 at 401140
  Subroutine sub_401140 at 401140 has 85 blocks
  BB: 401202 in func 401140 with 3 insts
    I: 401202
    I: 401205
    I: 40120a (flow 401679)
      Successors: 401210, 401679
  BB: 401210 in func 401140 with 1 insts
    I: 401210 (flow 401215)
      Successors: 401215
  BB: 401215 in func 401140 with 3 insts
    I: 401215
    I: 401218
    I: 40121d (flow 40158d)
      Successors: 401223, 40158d
  BB: 401223 in func 401140 with 1 insts
    I: 401223 (flow 401228)
      Successors: 401228
  BB: 401228 in func 401140 with 3 insts
    I: 401228
    I: 40122b
    I: 401230 (flow 40165e)
      Successors: 40165e, 401236
  BB: 401236 in func 401140 with 1 insts
    I: 401236 (flow 40123b)
      Successors: 40123b
  BB: 40123b in func 401140 with 3 insts
    I: 40123b
    I: 40123e
    I: 401243 (flow 4018eb)
      Successors: 401249, 4018eb
  BB: 401249 in func 401140 with 1 insts
    I: 401249 (flow 40124e)
      Successors: 40124e
  BB: 40124e in func 401140 with 3 insts
    I: 40124e
    I: 401251
    I: 401256 (flow 40172d)
      Successors: 40125c, 40172d
  BB: 40125c in func 401140 with 1 insts
    I: 40125c (flow 401261)
      Successors: 401261
  BB: 40165e in func 401140 with 7 insts
    I: 40165e
    I: 401661
    I: 401666
    I: 40166b
    I: 40166e
    I: 401671
    I: 401674 (flow 4019aa)
      Successors: 4019aa
  BB: 401261 in func 401140 with 3 insts
    I: 401261
    I: 401264
    I: 401269 (flow 401396)
      Successors: 401396, 40126f
  BB: 40126f in func 401140 with 1 insts
    I: 40126f (flow 401274)
      Successors: 401274
  BB: 401274 in func 401140 with 3 insts
    I: 401274
    I: 401277
    I: 40127c (flow 401885)
      Successors: 401282, 401885
  BB: 401679 in func 401140 with 7 insts
    I: 401679
    I: 40167d
    I: 401682
    I: 401687
    I: 40168a
    I: 40168d
    I: 401690 (flow 4019aa)
      Successors: 4019aa
  BB: 401282 in func 401140 with 1 insts
    I: 401282 (flow 401287)
      Successors: 401287
  BB: 401885 in func 401140 with 7 insts
    I: 401885
    I: 401888
    I: 40188d
    I: 401892
    I: 401895
    I: 401898
    I: 40189b (flow 4019aa)
      Successors: 4019aa
  BB: 401287 in func 401140 with 3 insts
    I: 401287
    I: 40128a
    I: 40128f (flow 40199f)
      Successors: 401295, 40199f
  BB: 401487 in func 401140 with 2 insts
    I: 401487
    I: 40148e (flow 4019aa)
      Successors: 4019aa
  BB: 401493 in func 401140 with 9 insts
    I: 401493
    I: 401497
    I: 401499
    I: 40149d
    I: 4014a2
    I: 4014a7
    I: 4014a9
    I: 4014ac
    I: 4014af (flow 4019aa)
      Successors: 4019aa
  BB: 401295 in func 401140 with 1 insts
    I: 401295 (flow 40129a)
      Successors: 40129a
  BB: 401695 in func 401140 with 6 insts
    I: 401695
    I: 401699
    I: 40169b
    I: 40169f
    I: 4016a1
    I: 4016a8 (flow 4019aa)
      Successors: 4019aa
  BB: 40129a in func 401140 with 3 insts
    I: 40129a
    I: 40129d
    I: 4012a2 (flow 4018a0)
      Successors: 4012a8, 4018a0
  BB: 4018a0 in func 401140 with 9 insts
    I: 4018a0
    I: 4018a4
    I: 4018a6
    I: 4018aa
    I: 4018af
    I: 4018b4
    I: 4018b6
    I: 4018b9
    I: 4018bc (flow 4019aa)
      Successors: 4019aa
  BB: 4012a8 in func 401140 with 1 insts
    I: 4012a8 (flow 4012ad)
      Successors: 4012ad
  BB: 4012ad in func 401140 with 3 insts
    I: 4012ad
    I: 4012b0
    I: 4012b5 (flow 4014b4)
      Successors: 4012bb, 4014b4
  BB: 4016ad in func 401140 with 18 insts
    I: 4016ad
    I: 4016b1
    I: 4016b3
    I: 4016b7
    I: 4016b9
    I: 4016bc
    I: 4016bf
    I: 4016c4
    I: 4016c9
    I: 4016cb
    I: 4016d0
    I: 4016d3
    I: 4016d5
    I: 4016da
    I: 4016df
    I: 4016e2
    I: 4016e5
    I: 4016e8 (flow 4019aa)
      Successors: 4019aa
  BB: 4014b4 in func 401140 with 8 insts
    I: 4014b4
    I: 4014b8
    I: 4014be
    I: 4014c2
    I: 4014c8
    I: 4014cc
    I: 4014d2
    I: 4014d9 (flow 4019aa)
      Successors: 4019aa
  BB: 4012bb in func 401140 with 1 insts
    I: 4012bb (flow 4012c0)
      Successors: 4012c0
  BB: 4012c0 in func 401140 with 3 insts
    I: 4012c0
    I: 4012c3
    I: 4012c8 (flow 401770)
      Successors: 401770, 4012ce
  BB: 4018c1 in func 401140 with 5 insts
    I: 4018c1
    I: 4018c5
    I: 4018c7
    I: 4018ce
    I: 4018d1 (flow 4019aa)
      Successors: 4019aa
  BB: 4012ce in func 401140 with 1 insts
    I: 4012ce (flow 4012d3)
      Successors: 4012d3
  BB: 4012d3 in func 401140 with 3 insts
    I: 4012d3
    I: 4012d6
    I: 4012db (flow 4016ad)
      Successors: 4012e1, 4016ad
  BB: 4018d6 in func 401140 with 5 insts
    I: 4018d6
    I: 4018da
    I: 4018dc
    I: 4018e3
    I: 4018e6 (flow 4019aa)
      Successors: 4019aa
  BB: 4014de in func 401140 with 11 insts
    I: 4014de
    I: 4014e2
    I: 4014e4
    I: 4014e9
    I: 4014eb
    I: 4014ef
    I: 4014f4
    I: 4014f9
    I: 4014fb
    I: 4014fe
    I: 401501 (flow 4019aa)
      Successors: 4019aa
  BB: 4012e1 in func 401140 with 1 insts
    I: 4012e1 (flow 4012e6)
      Successors: 4012e6
  BB: 4012e6 in func 401140 with 3 insts
    I: 4012e6
    I: 4012e9
    I: 4012ee (flow 401932)
      Successors: 401932, 4012f4
  BB: 4018eb in func 401140 with 17 insts
    I: 4018eb
    I: 4018ee
    I: 4018f2
    I: 4018f4
    I: 4018f6
    I: 4018f8
    I: 4018fa
    I: 4018fe
    I: 401900
    I: 401904
    I: 401906
    I: 40190c
    I: 40190f
    I: 401915
    I: 401919
    I: 40191b
    I: 401922 (flow 4019aa)
      Successors: 4019aa
  BB: 4016ed in func 401140 with 18 insts
    I: 4016ed
    I: 4016f1
    I: 4016f3
    I: 4016f7
    I: 4016f9
    I: 4016fc
    I: 4016ff
    I: 401704
    I: 401709
    I: 40170b
    I: 401710
    I: 401713
    I: 401715
    I: 40171a
    I: 40171f
    I: 401722
    I: 401725
    I: 401728 (flow 4019aa)
      Successors: 4019aa
  BB: 4012f4 in func 401140 with 1 insts
    I: 4012f4 (flow 4012f9)
      Successors: 4012f9
  BB: 4012f9 in func 401140 with 3 insts
    I: 4012f9
    I: 4012fc
    I: 401301 (flow 401487)
      Successors: 401487, 401307
  BB: 401506 in func 401140 with 40 insts
    I: 401506 (imm 405024)
    I: 40150d
    I: 40150f (imm 40502c)
    I: 401516
    I: 401518
    I: 40151a
    I: 401520
    I: 401523
    I: 401529
    I: 40152c
    I: 40152f
    I: 401532
    I: 401536
    I: 401539
    I: 40153d
    I: 401540
    I: 401542
    I: 401545
    I: 401549
    I: 40154b
    I: 40154e
    I: 401550
    I: 401553
    I: 401556
    I: 401559
    I: 40155d
    I: 401560
    I: 401563
    I: 401566
    I: 401569
    I: 40156c
    I: 40156e
    I: 401571
    I: 401573
    I: 401575
    I: 40157a
    I: 40157f
    I: 401582
    I: 401585
    I: 401588 (flow 4019aa)
      Successors: 4019aa
  BB: 401307 in func 401140 with 1 insts
    I: 401307 (flow 40130c)
      Successors: 40130c
  BB: 40130c in func 401140 with 3 insts
    I: 40130c
    I: 40130f
    I: 401314 (flow 401745)
      Successors: 40131a, 401745
  BB: 40131a in func 401140 with 1 insts
    I: 40131a (flow 40131f)
      Successors: 40131f
  BB: 40131f in func 401140 with 3 insts
    I: 40131f
    I: 401322
    I: 401327 (flow 401751)
      Successors: 401751, 40132d
  BB: 401927 in func 401140 with 5 insts
    I: 401927
    I: 40192b
    I: 40192d
    I: 401930
    I: 401931
      No successors
  BB: 40132d in func 401140 with 1 insts
    I: 40132d (flow 401332)
      Successors: 401332
  BB: 40172d in func 401140 with 6 insts
    I: 40172d
    I: 401731
    I: 401733
    I: 401737
    I: 401739
    I: 401740 (flow 4019aa)
      Successors: 4019aa
  BB: 401332 in func 401140 with 3 insts
    I: 401332
    I: 401335
    I: 40133a (flow 4014de)
      Successors: 401340, 4014de
  BB: 401932 in func 401140 with 19 insts
    I: 401932
    I: 401935
    I: 401938
    I: 40193b
    I: 40193f
    I: 401942
    I: 401945
    I: 401949
    I: 40194c
    I: 40194f
    I: 401953
    I: 401956
    I: 401959
    I: 40195d
    I: 401960
    I: 401962
    I: 401964
    I: 40196a
    I: 401971 (flow 4019aa)
      Successors: 4019aa
  BB: 401140 in func 401140 with 24 insts
    I: 401140
    I: 401141
    I: 401144
    I: 401148
    I: 40114b
    I: 40114e (imm 405024)
    I: 401155
    I: 401157 (imm 40502c)
    I: 40115e
    I: 401160
    I: 401162
    I: 401165
    I: 401167
    I: 401169
    I: 40116c
    I: 40116f
    I: 401172
    I: 401175
    I: 401178
    I: 40117b
    I: 40117e
    I: 401181
    I: 401183
    I: 401186
      Successors: 40118d
  BB: 401340 in func 401140 with 1 insts
    I: 401340 (flow 401345)
      Successors: 401345
  BB: 401345 in func 401140 with 3 insts
    I: 401345
    I: 401348
    I: 40134d (flow 401493)
      Successors: 401353, 401493
  BB: 401745 in func 401140 with 2 insts
    I: 401745
    I: 40174c (flow 4019aa)
      Successors: 4019aa
  BB: 401751 in func 401140 with 9 insts
    I: 401751
    I: 401755
    I: 401757
    I: 401759
    I: 40175c
    I: 40175e
    I: 401762
    I: 401764
    I: 40176b (flow 4019aa)
      Successors: 4019aa
  BB: 401353 in func 401140 with 1 insts
    I: 401353 (flow 401358)
      Successors: 401358
  BB: 401358 in func 401140 with 3 insts
    I: 401358
    I: 40135b
    I: 401360 (flow 401976)
      Successors: 401976, 401366
  BB: 401366 in func 401140 with 1 insts
    I: 401366 (flow 40136b)
      Successors: 40136b
  BB: 40136b in func 401140 with 3 insts
    I: 40136b
    I: 40136e
    I: 401373 (flow 4018c1)
      Successors: 401379, 4018c1
  BB: 401770 in func 401140 with 40 insts
    I: 401770 (imm 405024)
    I: 401777
    I: 401779 (imm 40502c)
    I: 401780
    I: 401782
    I: 401784
    I: 401787
    I: 401789
    I: 40178b
    I: 40178e
    I: 401791
    I: 401794
    I: 401798
    I: 40179b
    I: 40179f
    I: 4017a2
    I: 4017a4
    I: 4017a7
    I: 4017ab
    I: 4017ad
    I: 4017b0
    I: 4017b2
    I: 4017b5
    I: 4017b8
    I: 4017bb
    I: 4017bf
    I: 4017c2
    I: 4017c5
    I: 4017c8
    I: 4017cb
    I: 4017ce
    I: 4017d0
    I: 4017d3
    I: 4017d5
    I: 4017d7
    I: 4017dc
    I: 4017e1
    I: 4017e4
    I: 4017e7
    I: 4017ea (flow 4019aa)
      Successors: 4019aa
  BB: 401976 in func 401140 with 11 insts
    I: 401976
    I: 40197a
    I: 40197c
    I: 401981
    I: 401983
    I: 401985
    I: 401989
    I: 40198b
    I: 40198f
    I: 401993
    I: 40199a (flow 4019aa)
      Successors: 4019aa
  BB: 401379 in func 401140 with 1 insts
    I: 401379 (flow 40137e)
      Successors: 40137e
  BB: 40137e in func 401140 with 3 insts
    I: 40137e
    I: 401381
    I: 401386 (flow 4016ed)
      Successors: 40138c, 4016ed
  BB: 40138c in func 401140 with 1 insts
    I: 40138c (flow 401391)
      Successors: 401391
  BB: 40118d in func 401140 with 4 insts
    I: 40118d
    I: 401190
    I: 401193
    I: 401198 (flow 401506)
      Successors: 40119e, 401506
  BB: 40158d in func 401140 with 63 insts
    I: 40158d
    I: 401591
    I: 401593
    I: 401598
    I: 40159a
    I: 40159c
    I: 4015a0
    I: 4015a2
    I: 4015a6
    I: 4015a8
    I: 4015ac
    I: 4015ae
    I: 4015b1
    I: 4015b4
    I: 4015b9
    I: 4015bf
    I: 4015c1
    I: 4015c7
    I: 4015ca
    I: 4015cc
    I: 4015cf
    I: 4015d2
    I: 4015d4
    I: 4015d7 (imm 405024)
    I: 4015de
    I: 4015e0 (imm 40502c)
    I: 4015e7
    I: 4015e9
    I: 4015eb
    I: 4015f1
    I: 4015f4
    I: 4015fa
    I: 4015fd
    I: 401600
    I: 401603
    I: 401607
    I: 40160a
    I: 40160e
    I: 401611
    I: 401613
    I: 401616
    I: 40161a
    I: 40161c
    I: 40161f
    I: 401621
    I: 401624
    I: 401627
    I: 40162a
    I: 40162e
    I: 401631
    I: 401634
    I: 401637
    I: 40163a
    I: 40163d
    I: 40163f
    I: 401642
    I: 401644
    I: 401646
    I: 40164b
    I: 401650
    I: 401653
    I: 401656
    I: 401659 (flow 4019aa)
      Successors: 4019aa
  BB: 401391 in func 401140 with 1 insts
    I: 401391 (flow 4019aa)
      Successors: 4019aa
  BB: 401396 in func 401140 with 12 insts
    I: 401396
    I: 401399
    I: 40139c
    I: 40139e
    I: 4013a0
    I: 4013a2
    I: 4013a4
    I: 4013a9
    I: 4013ae
    I: 4013b1
    I: 4013b4
    I: 4013b7 (flow 4019aa)
      Successors: 4019aa
  BB: 40119e in func 401140 with 1 insts
    I: 40119e (flow 4011a3)
      Successors: 4011a3
  BB: 40199f in func 401140 with 2 insts
    I: 40199f
    I: 4019a3
      Successors: 4019aa
  BB: 4011a3 in func 401140 with 3 insts
    I: 4011a3
    I: 4011a6
    I: 4011ab (flow 4013bc)
      Successors: 4011b1, 4013bc
  BB: 4019aa in func 401140 with 1 insts
    I: 4019aa (flow 40118d)
      Successors: 40118d
  BB: 4019af in func 401140 with 1 insts
    I: 4019af
      No successors
  BB: 4011b1 in func 401140 with 1 insts
    I: 4011b1 (flow 4011b6)
      Successors: 4011b6
  BB: 4011b6 in func 401140 with 3 insts
    I: 4011b6
    I: 4011b9
    I: 4011be (flow 4018d6)
      Successors: 4011c4, 4018d6
  BB: 4013bc in func 401140 with 60 insts
    I: 4013bc
    I: 4013bf
    I: 4013c2
    I: 4013c5
    I: 4013c9
    I: 4013cc
    I: 4013d0
    I: 4013d3
    I: 4013d7
    I: 4013da
    I: 4013de
    I: 4013e1
    I: 4013e5
    I: 4013e8
    I: 4013ec
    I: 4013ef
    I: 4013f3
    I: 4013f6
    I: 4013fa
    I: 4013fd
    I: 401401
    I: 401404
    I: 401408
    I: 40140b
    I: 40140f
    I: 401412
    I: 401416
    I: 401419
    I: 40141d
    I: 401420
    I: 401424
    I: 401428
    I: 40142a
    I: 40142e
    I: 401430
    I: 401434
    I: 40143a (imm 405024)
    I: 401441
    I: 401443 (imm 40502c)
    I: 40144a
    I: 40144c
    I: 40144e
    I: 401451
    I: 401453
    I: 401455
    I: 401458
    I: 40145b
    I: 40145e
    I: 401461
    I: 401464
    I: 401467
    I: 401469
    I: 40146b
    I: 40146d
    I: 40146f
    I: 401474
    I: 401479
    I: 40147c
    I: 40147f
    I: 401482 (flow 4019aa)
      Successors: 4019aa
  BB: 4011c4 in func 401140 with 1 insts
    I: 4011c4 (flow 4011c9)
      Successors: 4011c9
  BB: 4011c9 in func 401140 with 3 insts
    I: 4011c9
    I: 4011cc
    I: 4011d1 (flow 401695)
      Successors: 401695, 4011d7
  BB: 4011d7 in func 401140 with 1 insts
    I: 4011d7 (flow 4011dc)
      Successors: 4011dc
  BB: 4011dc in func 401140 with 3 insts
    I: 4011dc
    I: 4011df
    I: 4011e4 (flow 401927)
      Successors: 4011ea, 401927
  BB: 4011ea in func 401140 with 1 insts
    I: 4011ea (flow 4011ef)
      Successors: 4011ef
  BB: 4011ef in func 401140 with 3 insts
    I: 4011ef
    I: 4011f2
    I: 4011f7 (flow 4017ef)
      Successors: 4011fd, 4017ef
  BB: 4017ef in func 401140 with 45 insts
    I: 4017ef
    I: 4017f3
    I: 4017f6
    I: 4017f9
    I: 4017fb
    I: 4017fe (imm 405024)
    I: 401805
    I: 401807 (imm 40502c)
    I: 40180e
    I: 401810
    I: 401812
    I: 401818
    I: 40181b
    I: 401821
    I: 401824
    I: 401827
    I: 40182a
    I: 40182e
    I: 401831
    I: 401835
    I: 401838
    I: 40183a
    I: 40183d
    I: 401841
    I: 401843
    I: 401846
    I: 401848
    I: 40184b
    I: 40184e
    I: 401851
    I: 401855
    I: 401858
    I: 40185b
    I: 40185e
    I: 401861
    I: 401864
    I: 401866
    I: 401869
    I: 40186b
    I: 40186d
    I: 401872
    I: 401877
    I: 40187a
    I: 40187d
    I: 401880 (flow 4019aa)
      Successors: 4019aa
  BB: 4011fd in func 401140 with 1 insts
    I: 4011fd (flow 401202)
      Successors: 401202
Recovering main at 4019b0
  Analysing subroutine main at 4019b0
    Block head at 00402326 is not code.
  Subroutine main at 4019b0 has 90 blocks
  BB: 401a00 in func 4019b0 with 3 insts
    I: 401a00
    I: 401a06
    I: 401a0b (flow 4021d2)
      Successors: 401a11, 4021d2
  BB: 401c0b in func 4019b0 with 1 insts
    I: 401c0b (flow 401c10)
      Successors: 401c10
  BB: 401c10 in func 4019b0 with 3 insts
    I: 401c10
    I: 401c16
    I: 401c1b (flow 40223b)
      Successors: 401c21, 40223b
  BB: 401a11 in func 4019b0 with 1 insts
    I: 401a11 (flow 401a16)
      Successors: 401a16
  BB: 401e13 in func 4019b0 with 3 insts
    I: 401e13
    I: 401e1a
    I: 401e24 (flow 402321)
      Successors: 402321
  BB: 401a16 in func 4019b0 with 3 insts
    I: 401a16
    I: 401a1c
    I: 401a21 (flow 401d9d)
      Successors: 401d9d, 401a27
  BB: 401c21 in func 4019b0 with 1 insts
    I: 401c21 (flow 401c26)
      Successors: 401c26
  BB: 401c26 in func 4019b0 with 3 insts
    I: 401c26
    I: 401c2c
    I: 401c31 (flow 401dbb)
      Successors: 401dbb, 401c37
  BB: 401a27 in func 4019b0 with 1 insts
    I: 401a27 (flow 401a2c)
      Successors: 401a2c
  BB: 401e29 in func 4019b0 with 2 insts
    I: 401e29
    I: 401e33 (flow 402321)
      Successors: 402321
  BB: 402029 in func 4019b0 with 8 insts
    I: 402029
    I: 402030
    I: 402032
    I: 402037
    I: 40203c
    I: 402043
    I: 402046
    I: 40204c (flow 402321)
      Successors: 402321
  BB: 401a2c in func 4019b0 with 3 insts
    I: 401a2c
    I: 401a32
    I: 401a37 (flow 401d3c)
      Successors: 401d3c, 401a3d
  BB: 40222c in func 4019b0 with 2 insts
    I: 40222c
    I: 402236 (flow 402321)
      Successors: 402321
  BB: 401c37 in func 4019b0 with 1 insts
    I: 401c37 (flow 401c3c)
      Successors: 401c3c
  BB: 401e38 in func 4019b0 with 11 insts
    I: 401e38
    I: 401e3e
    I: 401e40
    I: 401e42
    I: 401e44
    I: 401e47
    I: 401e49
    I: 401e4b
    I: 401e4d
    I: 401e53
    I: 401e5d (flow 402321)
      Successors: 402321
  BB: 40223b in func 4019b0 with 2 insts
    I: 40223b
    I: 402245 (flow 402321)
      Successors: 402321
  BB: 401c3c in func 4019b0 with 3 insts
    I: 401c3c
    I: 401c42
    I: 401c47 (flow 402288)
      Successors: 402288, 401c4d
  BB: 401a3d in func 4019b0 with 1 insts
    I: 401a3d (flow 401a42)
      Successors: 401a42
  BB: 401a42 in func 4019b0 with 3 insts
    I: 401a42
    I: 401a48
    I: 401a4d (flow 401e62)
      Successors: 401e62, 401a53
  BB: 40224a in func 4019b0 with 7 insts
    I: 40224a
    I: 402250
    I: 402255
    I: 402258
    I: 40225d
    I: 402263
    I: 40226d (flow 402321)
      Successors: 402321
  BB: 401c4d in func 4019b0 with 1 insts
    I: 401c4d (flow 401c52)
      Successors: 401c52
  BB: 402051 in func 4019b0 with 40 insts
    I: 402051 (imm 405028)
    I: 402058
    I: 40205a (imm 405030)
    I: 402061
    I: 402063
    I: 402065
    I: 40206b
    I: 40206e
    I: 402074
    I: 402077
    I: 40207a
    I: 40207d
    I: 402081
    I: 402084
    I: 402088
    I: 40208b
    I: 40208d
    I: 402090
    I: 402094
    I: 402096
    I: 402099
    I: 40209b
    I: 40209e
    I: 4020a1
    I: 4020a4
    I: 4020a8
    I: 4020ab
    I: 4020ae
    I: 4020b1
    I: 4020b4
    I: 4020b7
    I: 4020b9
    I: 4020bc
    I: 4020be
    I: 4020c0
    I: 4020c5
    I: 4020ca
    I: 4020cd
    I: 4020d0
    I: 4020d6 (flow 402321)
      Successors: 402321
  BB: 401c52 in func 4019b0 with 3 insts
    I: 401c52
    I: 401c58
    I: 401c5d (flow 402294)
      Successors: 401c63, 402294
  BB: 401a53 in func 4019b0 with 1 insts
    I: 401a53 (flow 401a58)
      Successors: 401a58
  BB: 401a58 in func 4019b0 with 3 insts
    I: 401a58
    I: 401a5e
    I: 401a63 (flow 402272)
      Successors: 401a69, 402272
  BB: 401e62 in func 4019b0 with 3 insts
    I: 401e62
    I: 401e6c
    I: 401e76 (flow 402321)
      Successors: 402321
  BB: 401c63 in func 4019b0 with 1 insts
    I: 401c63 (flow 401c68)
      Successors: 401c68
  BB: 401c68 in func 4019b0 with 1 insts
    I: 401c68 (flow 402321)
      Successors: 402321
  BB: 401a69 in func 4019b0 with 1 insts
    I: 401a69 (flow 401a6e)
      Successors: 401a6e
  BB: 401c6d in func 4019b0 with 7 insts
    I: 401c6d
    I: 401c70
    I: 401c75
    I: 401c7a
    I: 401c7d
    I: 401c80
    I: 401c86 (flow 402321)
      Successors: 402321
  BB: 401a6e in func 4019b0 with 3 insts
    I: 401a6e
    I: 401a74
    I: 401a79 (flow 4022b2)
      Successors: 4022b2, 401a7f
  BB: 402272 in func 4019b0 with 3 insts
    I: 402272
    I: 402279
    I: 402283 (flow 402321)
      Successors: 402321
  BB: 401e7b in func 4019b0 with 7 insts
    I: 401e7b
    I: 401e81
    I: 401e86
    I: 401e8b
    I: 401e8e
    I: 401e91
    I: 401e97 (flow 402321)
      Successors: 402321
  BB: 401a7f in func 4019b0 with 1 insts
    I: 401a7f (flow 401a84)
      Successors: 401a84
  BB: 401a84 in func 4019b0 with 3 insts
    I: 401a84
    I: 401a8a
    I: 401a8f (flow 40224a)
      Successors: 40224a, 401a95
  BB: 402288 in func 4019b0 with 4 insts
    I: 402288
    I: 40228b
    I: 402292
    I: 402293
      No successors
  BB: 401c8b in func 4019b0 with 3 insts
    I: 401c8b
    I: 401c92
    I: 401c9c (flow 402321)
      Successors: 402321
  BB: 402294 in func 4019b0 with 2 insts
    I: 402294
    I: 40229e (flow 402321)
      Successors: 402321
  BB: 401a95 in func 4019b0 with 1 insts
    I: 401a95 (flow 401a9a)
      Successors: 401a9a
  BB: 401a9a in func 4019b0 with 3 insts
    I: 401a9a
    I: 401aa0
    I: 401aa5 (flow 4021c3)
      Successors: 401aab, 4021c3
  BB: 401e9c in func 4019b0 with 40 insts
    I: 401e9c (imm 405028)
    I: 401ea3
    I: 401ea5 (imm 405030)
    I: 401eac
    I: 401eae
    I: 401eb0
    I: 401eb6
    I: 401eb9
    I: 401ebf
    I: 401ec2
    I: 401ec5
    I: 401ec8
    I: 401ecc
    I: 401ecf
    I: 401ed3
    I: 401ed6
    I: 401ed8
    I: 401edb
    I: 401edf
    I: 401ee1
    I: 401ee4
    I: 401ee6
    I: 401ee9
    I: 401eec
    I: 401eef
    I: 401ef3
    I: 401ef6
    I: 401ef9
    I: 401efc
    I: 401eff
    I: 401f02
    I: 401f04
    I: 401f07
    I: 401f09
    I: 401f0b
    I: 401f10
    I: 401f15
    I: 401f18
    I: 401f1b
    I: 401f21 (flow 402321)
      Successors: 402321
  BB: 401ca1 in func 4019b0 with 3 insts
    I: 401ca1
    I: 401cab
    I: 401cb5 (flow 402321)
      Successors: 402321
  BB: 4022a3 in func 4019b0 with 2 insts
    I: 4022a3
    I: 4022ad (flow 402321)
      Successors: 402321
  BB: 401aab in func 4019b0 with 1 insts
    I: 401aab (flow 401ab0)
      Successors: 401ab0
  BB: 401ab0 in func 4019b0 with 3 insts
    I: 401ab0
    I: 401ab6
    I: 401abb (flow 401e38)
      Successors: 401e38, 401ac1
  BB: 4022b2 in func 4019b0 with 21 insts
    I: 4022b2
    I: 4022b9
    I: 4022c0
    I: 4022c5
    I: 4022c8
    I: 4022ca
    I: 4022d0
    I: 4022d2 (flow 401140)
    I: 4022d7
    I: 4022dd
    I: 4022e4
    I: 4022eb
    I: 4022ed (flow 401140)
    I: 4022f2
    I: 4022f8
    I: 4022fe
    I: 402300
    I: 402306 (imm 403009)
    I: 402310
    I: 402312 (flow 405040)
    I: 402317
      Successors: 402321
  BB: 401cba in func 4019b0 with 40 insts
    I: 401cba (imm 405028)
    I: 401cc1
    I: 401cc3 (imm 405030)
    I: 401cca
    I: 401ccc
    I: 401cce
    I: 401cd1
    I: 401cd3
    I: 401cd5
    I: 401cd8
    I: 401cdb
    I: 401cde
    I: 401ce2
    I: 401ce5
    I: 401ce9
    I: 401cec
    I: 401cee
    I: 401cf1
    I: 401cf5
    I: 401cf7
    I: 401cfa
    I: 401cfc
    I: 401cff
    I: 401d02
    I: 401d05
    I: 401d09
    I: 401d0c
    I: 401d0f
    I: 401d12
    I: 401d15
    I: 401d18
    I: 401d1a
    I: 401d1d
    I: 401d1f
    I: 401d21
    I: 401d26
    I: 401d2b
    I: 401d2e
    I: 401d31
    I: 401d37 (flow 402321)
      Successors: 402321
  BB: 401ac1 in func 4019b0 with 1 insts
    I: 401ac1 (flow 401ac6)
      Successors: 401ac6
  BB: 401ac6 in func 4019b0 with 3 insts
    I: 401ac6
    I: 401acc
    I: 401ad1 (flow 401fe6)
      Successors: 401fe6, 401ad7
  BB: 401ad7 in func 4019b0 with 1 insts
    I: 401ad7 (flow 401adc)
      Successors: 401adc
  BB: 4020db in func 4019b0 with 64 insts
    I: 4020db
    I: 4020e2
    I: 4020e9
    I: 4020eb
    I: 4020ed
    I: 4020f0
    I: 4020f2 (flow 401140)
    I: 4020f7
    I: 4020fd
    I: 402104
    I: 40210b
    I: 40210d (flow 401140)
    I: 402112
    I: 402118
    I: 40211a
    I: 40211c
    I: 40211e
    I: 402120
    I: 402122
    I: 402124
    I: 402126
    I: 402128 (imm 403009)
    I: 402132
    I: 402134 (flow 405040)
    I: 402139 (imm 405028)
    I: 402140
    I: 402142 (imm 405030)
    I: 402149
    I: 40214b
    I: 40214d
    I: 402153
    I: 402156
    I: 40215c
    I: 40215f
    I: 402162
    I: 402165
    I: 402169
    I: 40216c
    I: 402170
    I: 402173
    I: 402175
    I: 402178
    I: 40217c
    I: 40217e
    I: 402181
    I: 402183
    I: 402186
    I: 402189
    I: 40218c
    I: 402190
    I: 402193
    I: 402196
    I: 402199
    I: 40219c
    I: 40219f
    I: 4021a1
    I: 4021a4
    I: 4021a6
    I: 4021a8
    I: 4021ad
    I: 4021b2
    I: 4021b5
    I: 4021b8
    I: 4021be (flow 402321)
      Successors: 402321
  BB: 401adc in func 4019b0 with 3 insts
    I: 401adc
    I: 401ae2
    I: 401ae7 (flow 401f26)
      Successors: 401aed, 401f26
  BB: 401aed in func 4019b0 with 1 insts
    I: 401aed (flow 401af2)
      Successors: 401af2
  BB: 401af2 in func 4019b0 with 3 insts
    I: 401af2
    I: 401af8
    I: 401afd (flow 401e29)
      Successors: 401e29, 401b03
  BB: 401b03 in func 4019b0 with 1 insts
    I: 401b03 (flow 401b08)
      Successors: 401b08
  BB: 401b08 in func 4019b0 with 3 insts
    I: 401b08
    I: 401b0e
    I: 401b13 (flow 4020db)
      Successors: 401b19, 4020db
  BB: 401b19 in func 4019b0 with 1 insts
    I: 401b19 (flow 401b1e)
      Successors: 401b1e
  BB: 401b1e in func 4019b0 with 3 insts
    I: 401b1e
    I: 401b24
    I: 401b29 (flow 401c8b)
      Successors: 401c8b, 401b2f
  BB: 402321 in func 4019b0 with 1 insts
    I: 402321 (flow 4019e4)
      Successors: 4019e4
  BB: 401f26 in func 4019b0 with 46 insts
    I: 401f26
    I: 401f2d
    I: 401f2f
    I: 401f36
    I: 401f39
    I: 401f3b
    I: 401f3e (imm 405028)
    I: 401f45
    I: 401f47 (imm 405030)
    I: 401f4e
    I: 401f50
    I: 401f52
    I: 401f58
    I: 401f5b
    I: 401f61
    I: 401f64
    I: 401f67
    I: 401f6a
    I: 401f6e
    I: 401f71
    I: 401f75
    I: 401f78
    I: 401f7a
    I: 401f7d
    I: 401f81
    I: 401f83
    I: 401f86
    I: 401f88
    I: 401f8b
    I: 401f8e
    I: 401f91
    I: 401f95
    I: 401f98
    I: 401f9b
    I: 401f9e
    I: 401fa1
    I: 401fa4
    I: 401fa6
    I: 401fa9
    I: 401fab
    I: 401fad
    I: 401fb2
    I: 401fb7
    I: 401fba
    I: 401fbd
    I: 401fc3 (flow 402321)
      Successors: 402321
  BB: 401b2f in func 4019b0 with 1 insts
    I: 401b2f (flow 401b34)
      Successors: 401b34
  BB: 401b34 in func 4019b0 with 3 insts
    I: 401b34
    I: 401b3a
    I: 401b3f (flow 401e9c)
      Successors: 401e9c, 401b45
  BB: 401d3c in func 4019b0 with 29 insts
    I: 401d3c
    I: 401d42
    I: 401d45
    I: 401d48
    I: 401d4a
    I: 401d4d (imm 405028)
    I: 401d54
    I: 401d56 (imm 405030)
    I: 401d5d
    I: 401d5f
    I: 401d61
    I: 401d64
    I: 401d66
    I: 401d68
    I: 401d6b
    I: 401d6e
    I: 401d71
    I: 401d74
    I: 401d77
    I: 401d7a
    I: 401d7c
    I: 401d7e
    I: 401d80
    I: 401d82
    I: 401d87
    I: 401d8c
    I: 401d8f
    I: 401d92
    I: 401d98 (flow 402321)
      Successors: 402321
  BB: 401b45 in func 4019b0 with 1 insts
    I: 401b45 (flow 401b4a)
      Successors: 401b4a
  BB: 401b4a in func 4019b0 with 3 insts
    I: 401b4a
    I: 401b50
    I: 401b55 (flow 401fc8)
      Successors: 401fc8, 401b5b
  BB: 401b5b in func 4019b0 with 1 insts
    I: 401b5b (flow 401b60)
      Successors: 401b60
  BB: 401b60 in func 4019b0 with 3 insts
    I: 401b60
    I: 401b66
    I: 401b6b (flow 401cba)
      Successors: 401b71, 401cba
  BB: 401b71 in func 4019b0 with 1 insts
    I: 401b71 (flow 401b76)
      Successors: 401b76
  BB: 401b76 in func 4019b0 with 3 insts
    I: 401b76
    I: 401b7c
    I: 401b81 (flow 401e13)
      Successors: 401e13, 401b87
  BB: 401b87 in func 4019b0 with 1 insts
    I: 401b87 (flow 401b8c)
      Successors: 401b8c
  BB: 401b8c in func 4019b0 with 3 insts
    I: 401b8c
    I: 401b92
    I: 401b97 (flow 401e7b)
      Successors: 401e7b, 401b9d
  BB: 401b9d in func 4019b0 with 1 insts
    I: 401b9d (flow 401ba2)
      Successors: 401ba2
  BB: 401d9d in func 4019b0 with 7 insts
    I: 401d9d
    I: 401da0
    I: 401da5
    I: 401daa
    I: 401dad
    I: 401db0
    I: 401db6 (flow 402321)
      Successors: 402321
  BB: 401ba2 in func 4019b0 with 3 insts
    I: 401ba2
    I: 401ba8
    I: 401bad (flow 402029)
      Successors: 402029, 401bb3
  BB: 4019b0 in func 4019b0 with 10 insts
    Referenced by data
    I: 4019b0
    I: 4019b1
    I: 4019b4
    I: 4019bb
    I: 4019c2 (imm 403006)
    I: 4019cc
    I: 4019d0
    I: 4019d2 (flow 405048)
    I: 4019d7
    I: 4019da
      Successors: 4019e4
  BB: 401bb3 in func 4019b0 with 1 insts
    I: 401bb3 (flow 401bb8)
      Successors: 401bb8
  BB: 401bb8 in func 4019b0 with 3 insts
    I: 401bb8
    I: 401bbe
    I: 401bc3 (flow 4022a3)
      Successors: 401bc9, 4022a3
  BB: 401dbb in func 4019b0 with 18 insts
    I: 401dbb
    I: 401dc2
    I: 401dc9
    I: 401dcd
    I: 401dd0
    I: 401dd7
    I: 401dde
    I: 401de2
    I: 401de5 (imm 403004)
    I: 401def
    I: 401df1 (flow 405048)
    I: 401df6
    I: 401df8
    I: 401dfd
    I: 401e02
    I: 401e05
    I: 401e08
    I: 401e0e (flow 402321)
      Successors: 402321
  BB: 4021c3 in func 4019b0 with 2 insts
    I: 4021c3
    I: 4021cd (flow 402321)
      Successors: 402321
  BB: 401fc8 in func 4019b0 with 7 insts
    I: 401fc8
    I: 401fcb
    I: 401fd0
    I: 401fd5
    I: 401fd8
    I: 401fdb
    I: 401fe1 (flow 402321)
      Successors: 402321
  BB: 401bc9 in func 4019b0 with 1 insts
    I: 401bc9 (flow 401bce)
      Successors: 401bce
  BB: 401bce in func 4019b0 with 3 insts
    I: 401bce
    I: 401bd4
    I: 401bd9 (flow 40222c)
      Successors: 40222c, 401bdf
  BB: 4021d2 in func 4019b0 with 18 insts
    I: 4021d2
    I: 4021d9
    I: 4021e0
    I: 4021e2
    I: 4021e4
    I: 4021e7
    I: 4021ee
    I: 4021f5
    I: 4021fa
    I: 4021fd
    I: 4021ff
    I: 402205 (flow 401140)
    I: 40220a
    I: 40220c (imm 403009)
    I: 402216
    I: 402218 (flow 405040)
    I: 40221d
    I: 402227 (flow 402321)
      Successors: 402321
  BB: 401bdf in func 4019b0 with 1 insts
    I: 401bdf (flow 401be4)
      Successors: 401be4
  BB: 4019e4 in func 4019b0 with 4 insts
    I: 4019e4
    I: 4019ea
    I: 4019f0
    I: 4019f5 (flow 401ca1)
      Successors: 401ca1, 4019fb
  BB: 401be4 in func 4019b0 with 3 insts
    I: 401be4
    I: 401bea
    I: 401bef (flow 402051)
      Successors: 402051, 401bf5
  BB: 401fe6 in func 4019b0 with 11 insts
    I: 401fe6
    I: 401fed
    I: 401ff4
    I: 401ffb
    I: 402002 (flow 401140)
    I: 402007
    I: 402009 (imm 403009)
    I: 402013
    I: 402015 (flow 405040)
    I: 40201a
    I: 402024 (flow 402321)
      Successors: 402321
  BB: 401bf5 in func 4019b0 with 1 insts
    I: 401bf5 (flow 401bfa)
      Successors: 401bfa
  BB: 401bfa in func 4019b0 with 3 insts
    I: 401bfa
    I: 401c00
    I: 401c05 (flow 401c6d)
      Successors: 401c0b, 401c6d
  BB: 4019fb in func 4019b0 with 1 insts
    I: 4019fb (flow 401a00)
      Successors: 401a00
Recovering .term_proc at 402328
  Analysing subroutine .term_proc at 402328
    Block head at 00402335 is not code.
  Subroutine .term_proc at 402328 has 1 blocks
  BB: 402328 in func 402328 with 4 insts
    I: 402328
    I: 40232c
    I: 402330
    I: 402334
      No successors
Global Variable None
WARNING: Global constructor and destructor sections are adjacent!
Recovering region LOAD [400000, 4004e8) in segment LOAD
  8-byte reference at 400018 to 401050 (start)
  8-byte reference at 4000f8 to 401000 (.init_proc)
  8-byte reference at 400130 to 403000 ()
  8-byte reference at 400168 to 404de8 ()
  8-byte reference at 400280 to 403010 ()
  8-byte reference at 4002f0 to 404de8 ()
Recovering region .init [401000, 40101b) in segment .init
Recovering region LOAD [40101b, 401020) in segment LOAD
Recovering region .plt [401020, 401050) in segment .plt
Recovering region .text [401050, 402326) in segment .text
Recovering region LOAD [402326, 402328) in segment LOAD
Recovering region .fini [402328, 402335) in segment .fini
Recovering region .rodata [403000, 40300d) in segment .rodata
  Variable aDD at 403004
  Variable format at 403009
Recovering region LOAD [40300d, 403010) in segment LOAD
Recovering region .eh_frame_hdr [403010, 403044) in segment .eh_frame_hdr
Recovering region LOAD [403044, 403048) in segment LOAD
Recovering region .eh_frame [403048, 4030fc) in segment .eh_frame
Recovering region LOAD [4030fc, 403140) in segment LOAD
Recovering region .init_array [404de8, 404df8) in segment .init_array
  8-byte reference at 404de8 to 401130 ()
  8-byte reference at 404df0 to 401100 ()
Recovering region LOAD [404df8, 404fd8) in segment LOAD
Recovering region .got [404fd8, 404fe8) in segment .got
  8-byte reference at 404fd8 to 405038 (__libc_start_main)
  8-byte reference at 404fe0 to 405050 (__gmon_start__)
Recovering region .got.plt [404fe8, 405010) in segment .got.plt
  8-byte reference at 405000 to 405040 (printf)
  8-byte reference at 405008 to 405048 (__isoc99_scanf)
Recovering region .data [405010, 405020) in segment .data
Recovering region .bss [405020, 405038) in segment .bss
Recovering extern function printf at 401030
Recovering extern function __isoc99_scanf at 401040
Recovering extern function __libc_start_main at 405038
Recovering extern function printf at 405040
Recovering extern function __isoc99_scanf at 405048
Recovering extern function __gmon_start__ at 405050
Recovered 9 functions.
Saving to: /home/ubuntu/capstone_project/result/pipeline_20260629_141746/s118760076_fla_bcf_instsub.cfg
Done analysis!
