Debugging is enabled.
Loading Standard Definitions file: /home/ubuntu/capstone_project/dependency/mcsema/mcsema/lib/python3/site-packages/mcsema_disass-3.1.3.8-py3.8.egg/mcsema_disass/defs/linux.txt
Using Batch mode.
Starting analysis
Recovering module s150561866_fla_instsub.elf
Found main at 4017e0
Looking for instructions in segment .init
  Default block heads for function 401000 with loose bounds [401000, 40101b)
    block [401000, 401014)
    block [401014, 401016)
    block [401016, 40101b)
    chunk [401000, 40101b)
Looking for instructions in segment .plt
  Default block heads for function 401020 with loose bounds [401020, 40102c)
    block [401020, 40102c)
    chunk [401020, 40102c)
  Default block heads for function 401030 with loose bounds [401030, 401036)
    block [401030, 401036)
    chunk [401030, 401036)
  Default block heads for function 401040 with loose bounds [401040, 401046)
    block [401040, 401046)
    chunk [401040, 401046)
  Default block heads for function 401050 with loose bounds [401050, 401056)
    block [401050, 401056)
    chunk [401050, 401056)
  Default block heads for function 401060 with loose bounds [401060, 401066)
    block [401060, 401066)
    chunk [401060, 401066)
Looking for instructions in segment .text
  Default block heads for function 401070 with loose bounds [401070, 401096)
    block [401070, 401096)
    chunk [401070, 401096)
  Default block heads for function 4010b0 with loose bounds [4010b0, 4010d1)
    block [4010b0, 4010bd)
    block [4010bd, 4010c7)
    block [4010c7, 4010ce)
    block [4010d0, 4010d1)
    chunk [4010b0, 4010d1)
  Default block heads for function 401120 with loose bounds [401120, 401141)
    block [401120, 40112d)
    block [40112d, 40113f)
    block [401140, 401141)
    chunk [401120, 401141)
  Default block heads for function 401150 with loose bounds [401150, 401156)
    block [401150, 401156)
    chunk [401150, 401156)
    chunk [4010e0, 401111)
  Default block heads for function 401160 with loose bounds [401160, 4017dc)
    block [401160, 40119a)
    block [40119a, 4011ab)
    block [4011ab, 4011b0)
    block [4011b0, 4011be)
    block [4011be, 4011c3)
    block [4011c3, 4011d1)
    block [4011d1, 4011d6)
    block [4011d6, 4011e4)
    block [4011e4, 4011e9)
    block [4011e9, 4011f7)
    block [4011f7, 4011fc)
    block [4011fc, 40120a)
    block [40120a, 40120f)
    block [40120f, 40121d)
    block [40121d, 401222)
    block [401222, 401230)
    block [401230, 401235)
    block [401235, 401243)
    block [401243, 401248)
    block [401248, 401256)
    block [401256, 40125b)
    block [40125b, 401269)
    block [401269, 40126e)
    block [40126e, 40127c)
    block [40127c, 401281)
    block [401281, 40128f)
    block [40128f, 401294)
    block [401294, 4012a2)
    block [4012a2, 4012a7)
    block [4012a7, 4012b5)
    block [4012b5, 4012ba)
    block [4012ba, 4012c8)
    block [4012c8, 4012cd)
    block [4012cd, 4012db)
    block [4012db, 4012e0)
    block [4012e0, 4012ee)
    block [4012ee, 4012f3)
    block [4012f3, 401301)
    block [401301, 401306)
    block [401306, 40130b)
    block [40130b, 401326)
    block [401326, 401344)
    block [401344, 40135d)
    block [40135d, 40137b)
    block [40137b, 401397)
    block [401397, 4013be)
    block [4013be, 4013da)
    block [4013da, 401408)
    block [401408, 401422)
    block [401422, 40143b)
    block [40143b, 4014d7)
    block [4014d7, 4014f4)
    block [4014f4, 401510)
    block [401510, 4015e3)
    block [4015e3, 401600)
    block [401600, 40161c)
    block [40161c, 4016fc)
    block [4016fc, 4017c7)
    block [4017c7, 4017d7)
    block [4017d7, 4017dc)
    chunk [401160, 4017dc)
  Default block heads for function 4017e0 with loose bounds [4017e0, 401988)
    block [4017e0, 40180d)
    block [40180d, 40181e)
    block [40181e, 401823)
    block [401823, 401831)
    block [401831, 401836)
    block [401836, 401844)
    block [401844, 401849)
    block [401849, 401857)
    block [401857, 40185c)
    block [40185c, 40186a)
    block [40186a, 40186f)
    block [40186f, 40187d)
    block [40187d, 401882)
    block [401882, 401887)
    block [401887, 4018be)
    block [4018be, 4018d7)
    block [4018d7, 4018f0)
    block [4018f0, 4018fc)
    block [4018fc, 401960)
    block [401960, 401983)
    block [401983, 401988)
    chunk [4017e0, 401988)
Looking for instructions in segment .fini
  Default block heads for function 401988 with loose bounds [401988, 401995)
    block [401988, 401995)
    chunk [401988, 401995)
Looking for strings in segment .rodata [402000, 40203f)
  Found string b'%d%c%d\n' of length 8 at 402030, jumping to 402038
  Found string b'%d\n%d\n' of length 7 at 402038, jumping to 40203f
Looking for strings in segment .eh_frame_hdr [402040, 402074)
Looking for strings in segment .eh_frame [402078, 40212c)
Looking for strings in segment .init_array [403de8, 403df0)
Looking for strings in segment .fini_array [403df0, 403df8)
Looking for strings in segment .got [403fd8, 403fe8)
Looking for strings in segment .got.plt [403fe8, 404020)
Looking for strings in segment .data [404020, 404030)
Looking for strings in segment .bss [404030, 404038)
Looking for strings in segment extern [404038, 404068)
Looking for cross-references in segment .init [401000, 40101b)
Looking for cross-references in segment .plt [401020, 401070)
  Stopping scan at 40102c
Looking for cross-references in segment .text [401070, 401988)
  Stopping scan at 40109c
  Stopping scan at 4010ac
  Stopping scan at ffffffffffffffff
  Stopping scan at 4010dc
  Stopping scan at 40111c
  Stopping scan at ffffffffffffffff
  Stopping scan at 40114c
  Stopping scan at 40115c
  Stopping scan at 4017dc
Looking for cross-references in segment .fini [401988, 401995)
Looking for cross-references in segment .rodata [402000, 40203f)
  Found string at 402030, jumping to 402038
  Found string at 402038, jumping to 40203f
  Stopping scan at 402038
Looking for cross-references in segment .eh_frame_hdr [402040, 402074)
  Stopping scan at 402070
Looking for cross-references in segment .eh_frame [402078, 40212c)
  Stopping scan at 402128
Looking for cross-references in segment .init_array [403de8, 403df0)
  Adding qword reference from 403de8 to 401150
  Stopping scan at 403de8
Looking for cross-references in segment .fini_array [403df0, 403df8)
  Adding qword reference from 403df0 to 401120
  Stopping scan at 403df0
Looking for cross-references in segment .got [403fd8, 403fe8)
  Adding qword reference from 403fd8 to 404038
  Adding qword reference from 403fe0 to 404060
  Stopping scan at 403fe0
Looking for cross-references in segment .got.plt [403fe8, 404020)
  Adding qword reference from 404000 to 404040
  Adding qword reference from 404008 to 404048
  Adding qword reference from 404010 to 404050
  Adding qword reference from 404018 to 404058
  Stopping scan at 404018
Looking for cross-references in segment .data [404020, 404030)
  Stopping scan at 40402c
Looking for cross-references in segment .bss [404030, 404038)
  Stopping scan at 404034
Looking for cross-references in segment extern [404038, 404068)
  Stopping scan at 404064
Looking for thunks
  Found thunk for printf targeting 404040 at 401030
  Found thunk for cos targeting 404048 at 401040
  Found thunk for sin targeting 404050 at 401050
  Found thunk for __isoc99_scanf targeting 404058 at 401060
Looking for external symbols
  Function at 401030 is the external function printf
  Function at 401040 is the external function cos
  Function at 401050 is the external function sin
  Function at 401060 is the external function __isoc99_scanf
  Function at 404038 is the external function __libc_start_main
  Function at 404040 is the external function printf
  Function at 404048 is the external function cos
  Function at 404050 is the external function sin
  Function at 404058 is the external function __isoc99_scanf
  Function at 404060 is the external function __gmon_start__
Looking for entrypoints
Recovering .init_proc at 401000
  Analysing subroutine .init_proc at 401000
    Block head at 0040101b is not code.
  Subroutine .init_proc at 401000 has 3 blocks
  BB: 401000 in func 401000 with 5 insts
    Referenced by data
    I: 401000
    I: 401004
    I: 401008 (mem 403fe0)
    I: 40100f
    I: 401012 (flow 401016)
      Successors: 401014, 401016
  BB: 401014 in func 401000 with 1 insts
    I: 401014
      Successors: 401016
  BB: 401016 in func 401000 with 2 insts
    I: 401016
    I: 40101a
      No successors
Recovering 401020
  Analysing subroutine sub_401020 at 401020
  WARNING: No table entries for indirect jump at 401026; Adding next_ea 40102c as successor.
  Subroutine sub_401020 at 401020 has 2 blocks
  WARNING: No table entries for indirect jump at 401026; Adding next_ea 40102c as successor.
  BB: 401020 in func 401020 with 2 insts
    I: 401020 (mem 403ff0)
    I: 401026 (mem 403ff8)
      Successors: 40102c
  BB: 40102c in func 401020 with 1 insts
    I: 40102c
      No successors
Recovering start at 401070
  Analysing subroutine start at 401070
  Subroutine start at 401070 has 3 blocks
  BB: 401070 in func 401070 with 13 insts
    Referenced by data
    I: 401070
    I: 401074
    I: 401076
    I: 401079
    I: 40107a
    I: 40107d
    I: 401081
    I: 401082
    I: 401083
    I: 401086
    I: 401088 (imm 4017e0)
    I: 40108f (mem 403fd8)
    I: 401095
      No successors
  BB: 4010a5 in func 401070 with 2 insts
    I: 4010a5
    I: 4010af
      No successors
  BB: 401096 in func 401070 with 3 insts
    I: 401096
    I: 4010a0
    I: 4010a4
      No successors
Recovering 4010b0
  Analysing subroutine sub_4010B0 at 4010b0
  WARNING: No table entries for indirect jump at 4010cc; Adding next_ea 4010ce as successor.
  WARNING: No table entries for indirect jump at 40110e; Adding next_ea 401110 as successor.
  Subroutine sub_4010B0 at 4010b0 has 11 blocks
  BB: 4010e0 in func 4010b0 with 8 insts
    I: 4010e0 (imm 404030)
    I: 4010e5 (imm 404030)
    I: 4010ec
    I: 4010ef
    I: 4010f3
    I: 4010f7
    I: 4010fa
    I: 4010fd (flow 401110)
      Successors: 401110, 4010ff
  WARNING: No table entries for indirect jump at 4010cc; Adding next_ea 4010ce as successor.
  BB: 4010c7 in func 4010b0 with 2 insts
    I: 4010c7 (imm 404030)
    I: 4010cc
      Successors: 4010ce
  WARNING: No table entries for indirect jump at 40110e; Adding next_ea 401110 as successor.
  BB: 401109 in func 4010b0 with 2 insts
    I: 401109 (imm 404030)
    I: 40110e
      Successors: 401110
  BB: 4010ce in func 4010b0 with 1 insts
    I: 4010ce
      Successors: 4010d0
  BB: 4010b0 in func 4010b0 with 3 insts
    I: 4010b0 (imm 404030)
    I: 4010b5 (imm 404030)
    I: 4010bb (flow 4010d0)
      Successors: 4010d0, 4010bd
  BB: 4010d0 in func 4010b0 with 1 insts
    I: 4010d0
      No successors
  BB: 4010d1 in func 4010b0 with 2 insts
    I: 4010d1
    I: 4010d5
      Successors: 4010e0
  BB: 401110 in func 4010b0 with 1 insts
    I: 401110
      No successors
  BB: 401111 in func 4010b0 with 2 insts
    I: 401111
    I: 401115
      No successors
  BB: 4010bd in func 4010b0 with 3 insts
    I: 4010bd
    I: 4010c2
    I: 4010c5 (flow 4010d0)
      Successors: 4010d0, 4010c7
  BB: 4010ff in func 4010b0 with 3 insts
    I: 4010ff
    I: 401104
    I: 401107 (flow 401110)
      Successors: 401110, 401109
Recovering 401120
  Analysing subroutine sub_401120 at 401120
  Subroutine sub_401120 at 401120 has 5 blocks
  BB: 401120 in func 401120 with 3 insts
    Referenced by data
    I: 401120
    I: 401124 (mem 404030)
    I: 40112b (flow 401140)
      Successors: 401140, 40112d
  BB: 401141 in func 401120 with 2 insts
    I: 401141
    I: 401145
      No successors
  BB: 401140 in func 401120 with 1 insts
    I: 401140
      No successors
  BB: 40112d in func 401120 with 6 insts
    I: 40112d
    I: 40112e
    I: 401131 (flow 4010b0)
    I: 401136 (mem 404030)
    I: 40113d
    I: 40113e
      No successors
  BB: 40113f in func 401120 with 1 insts
    I: 40113f
      Successors: 401140
Recovering 401150
  Analysing subroutine sub_401150 at 401150
  WARNING: No table entries for indirect jump at 40110e; Adding next_ea 401110 as successor.
  Subroutine sub_401150 at 401150 has 6 blocks
  BB: 4010e0 in func 401150 with 8 insts
    I: 4010e0 (imm 404030)
    I: 4010e5 (imm 404030)
    I: 4010ec
    I: 4010ef
    I: 4010f3
    I: 4010f7
    I: 4010fa
    I: 4010fd (flow 401110)
      Successors: 401110, 4010ff
  WARNING: No table entries for indirect jump at 40110e; Adding next_ea 401110 as successor.
  BB: 401109 in func 401150 with 2 insts
    I: 401109 (imm 404030)
    I: 40110e
      Successors: 401110
  BB: 401150 in func 401150 with 2 insts
    Referenced by data
    I: 401150
    I: 401154 (flow 4010e0)
      Successors: 4010e0
  BB: 401110 in func 401150 with 1 insts
    I: 401110
      No successors
  BB: 401156 in func 401150 with 1 insts
    I: 401156
      No successors
  BB: 4010ff in func 401150 with 3 insts
    I: 4010ff
    I: 401104
    I: 401107 (flow 401110)
      Successors: 401110, 401109
Recovering 401160
  Analysing subroutine sub_401160 at 401160
  Subroutine sub_401160 at 401160 has 61 blocks
  BB: 401600 in func 401160 with 6 insts
    I: 401600
    I: 401605
    I: 40160a
    I: 401611
    I: 401614
    I: 401617 (flow 4017d7)
      Successors: 4017d7
  BB: 401281 in func 401160 with 3 insts
    I: 401281
    I: 401284
    I: 401289 (flow 4014f4)
      Successors: 4014f4, 40128f
  BB: 401301 in func 401160 with 1 insts
    I: 401301 (flow 401306)
      Successors: 401306
  BB: 401306 in func 401160 with 1 insts
    I: 401306 (flow 4017d7)
      Successors: 4017d7
  BB: 401408 in func 401160 with 7 insts
    I: 401408
    I: 40140a
    I: 40140f
    I: 401414
    I: 401417
    I: 40141a
    I: 40141d (flow 4017d7)
      Successors: 4017d7
  BB: 40120a in func 401160 with 1 insts
    I: 40120a (flow 40120f)
      Successors: 40120f
  BB: 40130b in func 401160 with 7 insts
    I: 40130b
    I: 40130e
    I: 401313
    I: 401318
    I: 40131b
    I: 40131e
    I: 401321 (flow 4017d7)
      Successors: 4017d7
  BB: 40120f in func 401160 with 3 insts
    I: 40120f
    I: 401212
    I: 401217 (flow 401510)
      Successors: 401510, 40121d
  BB: 40128f in func 401160 with 1 insts
    I: 40128f (flow 401294)
      Successors: 401294
  BB: 401510 in func 401160 with 45 insts
    I: 401510
    I: 401513
    I: 401518
    I: 40151b
    I: 40151d
    I: 401522
    I: 401526
    I: 40152b
    I: 40152e
    I: 401533
    I: 401538
    I: 40153a
    I: 40153f
    I: 401543 (mem 402028)
    I: 40154b
    I: 40154f (mem 402020)
    I: 401557
    I: 40155b (flow 404048)
    I: 401560
    I: 401563
    I: 401568 (mem 402010)
    I: 40156f
    I: 401573
    I: 401577
    I: 40157c
    I: 401581
    I: 401586
    I: 401589
    I: 40158e
    I: 401593
    I: 401595
    I: 40159a
    I: 40159e (mem 402028)
    I: 4015a6
    I: 4015aa (mem 402020)
    I: 4015b2
    I: 4015b6 (flow 404050)
    I: 4015bb
    I: 4015be
    I: 4015c3 (mem 402010)
    I: 4015ca
    I: 4015ce
    I: 4015d2
    I: 4015d7
    I: 4015de (flow 4017d7)
      Successors: 4017d7
  BB: 401294 in func 401160 with 3 insts
    I: 401294
    I: 401297
    I: 40129c (flow 40161c)
      Successors: 4012a2, 40161c
  BB: 401397 in func 401160 with 10 insts
    I: 401397
    I: 40139a
    I: 40139c
    I: 40139e
    I: 4013a1
    I: 4013a5
    I: 4013aa
    I: 4013ad
    I: 4013b2
    I: 4013b9 (flow 4017d7)
      Successors: 4017d7
  BB: 40119a in func 401160 with 4 insts
    I: 40119a
    I: 40119d
    I: 4011a0
    I: 4011a5 (flow 4015e3)
      Successors: 4011ab, 4015e3
  BB: 40161c in func 401160 with 48 insts
    I: 40161c
    I: 40161f
    I: 401624
    I: 401627
    I: 401629
    I: 40162e
    I: 401632
    I: 401637
    I: 40163a
    I: 40163f
    I: 401644
    I: 401649
    I: 40164d (mem 402028)
    I: 401655
    I: 401659 (mem 402020)
    I: 401661
    I: 401665 (flow 404048)
    I: 40166a
    I: 40166d
    I: 401672 (mem 402010)
    I: 401679
    I: 40167d
    I: 401681
    I: 401686
    I: 401689
    I: 40168e
    I: 401691
    I: 401693
    I: 401698
    I: 40169c
    I: 4016a1
    I: 4016a4
    I: 4016a9
    I: 4016ae
    I: 4016b3
    I: 4016b7 (mem 402028)
    I: 4016bf
    I: 4016c3 (mem 402020)
    I: 4016cb
    I: 4016cf (flow 404050)
    I: 4016d4
    I: 4016d7
    I: 4016dc (mem 402010)
    I: 4016e3
    I: 4016e7
    I: 4016eb
    I: 4016f0
    I: 4016f7 (flow 4017d7)
      Successors: 4017d7
  BB: 40121d in func 401160 with 1 insts
    I: 40121d (flow 401222)
      Successors: 401222
  BB: 401222 in func 401160 with 3 insts
    I: 401222
    I: 401225
    I: 40122a (flow 4013be)
      Successors: 401230, 4013be
  BB: 4012a2 in func 401160 with 1 insts
    I: 4012a2 (flow 4012a7)
      Successors: 4012a7
  BB: 401422 in func 401160 with 6 insts
    I: 401422
    I: 401427
    I: 40142c
    I: 401430
    I: 401433
    I: 401436 (flow 4017d7)
      Successors: 4017d7
  BB: 4016fc in func 401160 with 44 insts
    I: 4016fc
    I: 401701
    I: 401706
    I: 401709
    I: 40170b
    I: 40170d
    I: 401712
    I: 401716 (mem 402028)
    I: 40171e
    I: 401722 (mem 402020)
    I: 40172a
    I: 40172e (flow 404048)
    I: 401733
    I: 401736
    I: 40173b (mem 402010)
    I: 401742
    I: 401746
    I: 40174a
    I: 40174f
    I: 401752
    I: 401757
    I: 40175a
    I: 40175c
    I: 401761
    I: 401765
    I: 40176a
    I: 40176d
    I: 401772
    I: 401777
    I: 401779
    I: 40177e
    I: 401782 (mem 402028)
    I: 40178a
    I: 40178e (mem 402020)
    I: 401796
    I: 40179a (flow 404050)
    I: 40179f
    I: 4017a2
    I: 4017a7 (mem 402010)
    I: 4017ae
    I: 4017b2
    I: 4017b6
    I: 4017bb
    I: 4017c2 (flow 4017d7)
      Successors: 4017d7
  BB: 401326 in func 401160 with 6 insts
    I: 401326
    I: 40132b
    I: 401330
    I: 401333
    I: 401338
    I: 40133f (flow 4017d7)
      Successors: 4017d7
  BB: 4012a7 in func 401160 with 3 insts
    I: 4012a7
    I: 4012aa
    I: 4012af (flow 401408)
      Successors: 401408, 4012b5
  BB: 4011ab in func 401160 with 1 insts
    I: 4011ab (flow 4011b0)
      Successors: 4011b0
  BB: 4011b0 in func 401160 with 3 insts
    I: 4011b0
    I: 4011b3
    I: 4011b8 (flow 4013da)
      Successors: 4013da, 4011be
  BB: 401230 in func 401160 with 1 insts
    I: 401230 (flow 401235)
      Successors: 401235
  BB: 401235 in func 401160 with 3 insts
    I: 401235
    I: 401238
    I: 40123d (flow 40130b)
      Successors: 40130b, 401243
  BB: 4012b5 in func 401160 with 1 insts
    I: 4012b5 (flow 4012ba)
      Successors: 4012ba
  BB: 4012ba in func 401160 with 3 insts
    I: 4012ba
    I: 4012bd
    I: 4012c2 (flow 401422)
      Successors: 4012c8, 401422
  BB: 40143b in func 401160 with 30 insts
    I: 40143b
    I: 401440
    I: 401445
    I: 40144a (mem 402028)
    I: 401452
    I: 401456 (mem 402020)
    I: 40145e
    I: 401462 (flow 404048)
    I: 401467
    I: 40146a
    I: 40146f (mem 402010)
    I: 401476
    I: 40147a
    I: 40147e
    I: 401483
    I: 401488
    I: 40148d
    I: 401492 (mem 402028)
    I: 40149a
    I: 40149e (mem 402020)
    I: 4014a6
    I: 4014aa (flow 404050)
    I: 4014af
    I: 4014b2
    I: 4014b7 (mem 402010)
    I: 4014be
    I: 4014c2
    I: 4014c6
    I: 4014cb
    I: 4014d2 (flow 4017d7)
      Successors: 4017d7
  BB: 4011be in func 401160 with 1 insts
    I: 4011be (flow 4011c3)
      Successors: 4011c3
  BB: 4013be in func 401160 with 6 insts
    I: 4013be
    I: 4013c3
    I: 4013c8
    I: 4013cf
    I: 4013d2
    I: 4013d5 (flow 4017d7)
      Successors: 4017d7
  BB: 4011c3 in func 401160 with 3 insts
    I: 4011c3
    I: 4011c6
    I: 4011cb (flow 4017c7)
      Successors: 4011d1, 4017c7
  BB: 401243 in func 401160 with 1 insts
    I: 401243 (flow 401248)
      Successors: 401248
  BB: 401344 in func 401160 with 6 insts
    I: 401344
    I: 401349
    I: 40134e
    I: 401352
    I: 401355
    I: 401358 (flow 4017d7)
      Successors: 4017d7
  BB: 4017c7 in func 401160 with 5 insts
    I: 4017c7
    I: 4017cc
    I: 4017d1
    I: 4017d5
    I: 4017d6
      No successors
  BB: 401248 in func 401160 with 3 insts
    I: 401248
    I: 40124b
    I: 401250 (flow 401397)
      Successors: 401256, 401397
  BB: 4012c8 in func 401160 with 1 insts
    I: 4012c8 (flow 4012cd)
      Successors: 4012cd
  BB: 4012cd in func 401160 with 3 insts
    I: 4012cd
    I: 4012d0
    I: 4012d5 (flow 4016fc)
      Successors: 4012db, 4016fc
  BB: 4011d1 in func 401160 with 1 insts
    I: 4011d1 (flow 4011d6)
      Successors: 4011d6
  BB: 4011d6 in func 401160 with 3 insts
    I: 4011d6
    I: 4011d9
    I: 4011de (flow 40137b)
      Successors: 40137b, 4011e4
  BB: 401256 in func 401160 with 1 insts
    I: 401256 (flow 40125b)
      Successors: 40125b
  BB: 4014d7 in func 401160 with 7 insts
    I: 4014d7
    I: 4014dc
    I: 4014e1
    I: 4014e6
    I: 4014e9
    I: 4014ec
    I: 4014ef (flow 4017d7)
      Successors: 4017d7
  BB: 4017d7 in func 401160 with 1 insts
    I: 4017d7 (flow 40119a)
      Successors: 40119a
  BB: 4013da in func 401160 with 11 insts
    I: 4013da
    I: 4013dd
    I: 4013e2
    I: 4013e5
    I: 4013e7
    I: 4013ec
    I: 4013ee
    I: 4013f3
    I: 4013f7
    I: 4013fc
    I: 401403 (flow 4017d7)
      Successors: 4017d7
  BB: 40125b in func 401160 with 3 insts
    I: 40125b
    I: 40125e
    I: 401263 (flow 4014d7)
      Successors: 401269, 4014d7
  BB: 4012db in func 401160 with 1 insts
    I: 4012db (flow 4012e0)
      Successors: 4012e0
  BB: 40135d in func 401160 with 6 insts
    I: 40135d
    I: 401360
    I: 401365
    I: 40136a
    I: 40136f
    I: 401376 (flow 4017d7)
      Successors: 4017d7
  BB: 4017dc in func 401160 with 1 insts
    I: 4017dc
      No successors
  BB: 401160 in func 401160 with 20 insts
    I: 401160
    I: 401161
    I: 401164
    I: 401168
    I: 40116b
    I: 40116e
    I: 401171
    I: 401173
    I: 401175
    I: 401177
    I: 40117c
    I: 40117e
    I: 401180
    I: 401182
    I: 401187
    I: 401188
    I: 40118a
    I: 40118d
    I: 401190
    I: 401193
      Successors: 40119a
  BB: 4012e0 in func 401160 with 3 insts
    I: 4012e0
    I: 4012e3
    I: 4012e8 (flow 401600)
      Successors: 401600, 4012ee
  BB: 4015e3 in func 401160 with 7 insts
    I: 4015e3
    I: 4015e8
    I: 4015ed
    I: 4015f2
    I: 4015f5
    I: 4015f8
    I: 4015fb (flow 4017d7)
      Successors: 4017d7
  BB: 4011e4 in func 401160 with 1 insts
    I: 4011e4 (flow 4011e9)
      Successors: 4011e9
  BB: 4011e9 in func 401160 with 3 insts
    I: 4011e9
    I: 4011ec
    I: 4011f1 (flow 401344)
      Successors: 401344, 4011f7
  BB: 401269 in func 401160 with 1 insts
    I: 401269 (flow 40126e)
      Successors: 40126e
  BB: 40126e in func 401160 with 3 insts
    I: 40126e
    I: 401271
    I: 401276 (flow 401326)
      Successors: 40127c, 401326
  BB: 4012ee in func 401160 with 1 insts
    I: 4012ee (flow 4012f3)
      Successors: 4012f3
  BB: 4011fc in func 401160 with 3 insts
    I: 4011fc
    I: 4011ff
    I: 401204 (flow 40143b)
      Successors: 40120a, 40143b
  BB: 4012f3 in func 401160 with 3 insts
    I: 4012f3
    I: 4012f6
    I: 4012fb (flow 40135d)
      Successors: 401301, 40135d
  BB: 4014f4 in func 401160 with 6 insts
    I: 4014f4
    I: 4014f9
    I: 4014fe
    I: 401505
    I: 401508
    I: 40150b (flow 4017d7)
      Successors: 4017d7
  BB: 4011f7 in func 401160 with 1 insts
    I: 4011f7 (flow 4011fc)
      Successors: 4011fc
  BB: 40137b in func 401160 with 6 insts
    I: 40137b
    I: 401380
    I: 401385
    I: 40138c
    I: 40138f
    I: 401392 (flow 4017d7)
      Successors: 4017d7
  BB: 40127c in func 401160 with 1 insts
    I: 40127c (flow 401281)
      Successors: 401281
Recovering main at 4017e0
  Analysing subroutine main at 4017e0
  Subroutine main at 4017e0 has 21 blocks
  BB: 401882 in func 4017e0 with 1 insts
    I: 401882 (flow 401983)
      Successors: 401983
  BB: 401983 in func 4017e0 with 1 insts
    I: 401983 (flow 40180d)
      Successors: 40180d
  BB: 401887 in func 4017e0 with 13 insts
    I: 401887 (imm 402030)
    I: 401891
    I: 401895
    I: 401899
    I: 40189d
    I: 40189f (flow 404058)
    I: 4018a4
    I: 4018a6
    I: 4018ab
    I: 4018b0
    I: 4018b3
    I: 4018b6
    I: 4018b9 (flow 401983)
      Successors: 401983
  BB: 40180d in func 4017e0 with 4 insts
    I: 40180d
    I: 401810
    I: 401813
    I: 401818 (flow 4018be)
      Successors: 4018be, 40181e
  BB: 40181e in func 4017e0 with 1 insts
    I: 40181e (flow 401823)
      Successors: 401823
  BB: 401823 in func 4017e0 with 3 insts
    I: 401823
    I: 401826
    I: 40182b (flow 4018d7)
      Successors: 401831, 4018d7
  BB: 401831 in func 4017e0 with 1 insts
    I: 401831 (flow 401836)
      Successors: 401836
  BB: 401836 in func 4017e0 with 3 insts
    I: 401836
    I: 401839
    I: 40183e (flow 4018f0)
      Successors: 4018f0, 401844
  BB: 4018be in func 4017e0 with 6 insts
    I: 4018be
    I: 4018c3
    I: 4018c8
    I: 4018cc
    I: 4018cf
    I: 4018d2 (flow 401983)
      Successors: 401983
  BB: 401844 in func 4017e0 with 1 insts
    I: 401844 (flow 401849)
      Successors: 401849
  BB: 401849 in func 4017e0 with 3 insts
    I: 401849
    I: 40184c
    I: 401851 (flow 4018fc)
      Successors: 4018fc, 401857
  BB: 401857 in func 4017e0 with 1 insts
    I: 401857 (flow 40185c)
      Successors: 40185c
  BB: 4018d7 in func 4017e0 with 6 insts
    I: 4018d7
    I: 4018dc
    I: 4018e1
    I: 4018e5
    I: 4018e8
    I: 4018eb (flow 401983)
      Successors: 401983
  BB: 40185c in func 4017e0 with 3 insts
    I: 40185c
    I: 40185f
    I: 401864 (flow 401887)
      Successors: 40186a, 401887
  BB: 4017e0 in func 4017e0 with 10 insts
    Referenced by data
    I: 4017e0
    I: 4017e1
    I: 4017e4
    I: 4017e8
    I: 4017ef
    I: 4017f6
    I: 4017f9
    I: 4017fe
    I: 401801
    I: 401806
      Successors: 40180d
  BB: 401960 in func 4017e0 with 9 insts
    I: 401960
    I: 401965
    I: 40196a (imm 402038)
    I: 401974
    I: 401976 (flow 404040)
    I: 40197b
    I: 40197d
    I: 401981
    I: 401982
      No successors
  BB: 40186a in func 4017e0 with 1 insts
    I: 40186a (flow 40186f)
      Successors: 40186f
  BB: 40186f in func 4017e0 with 3 insts
    I: 40186f
    I: 401872
    I: 401877 (flow 401960)
      Successors: 401960, 40187d
  BB: 4018f0 in func 4017e0 with 2 insts
    I: 4018f0
    I: 4018f7 (flow 401983)
      Successors: 401983
  BB: 4018fc in func 4017e0 with 23 insts
    I: 4018fc
    I: 4018ff
    I: 401902 (flow 401160)
    I: 401907
    I: 40190c
    I: 401911
    I: 401915
    I: 401919
    I: 40191d
    I: 401921
    I: 401926
    I: 40192b
    I: 401930
    I: 401935
    I: 40193a
    I: 40193f
    I: 401942
    I: 401945
    I: 40194a
    I: 40194c
    I: 401951
    I: 401954
    I: 40195b (flow 401983)
      Successors: 401983
  BB: 40187d in func 4017e0 with 1 insts
    I: 40187d (flow 401882)
      Successors: 401882
Recovering .term_proc at 401988
  Analysing subroutine .term_proc at 401988
    Block head at 00401995 is not code.
  Subroutine .term_proc at 401988 has 1 blocks
  BB: 401988 in func 401988 with 4 insts
    I: 401988
    I: 40198c
    I: 401990
    I: 401994
      No successors
Global Variable None
WARNING: Global constructor and destructor sections are adjacent!
Recovering region LOAD [400000, 400578) in segment LOAD
  8-byte reference at 400018 to 401070 (start)
  8-byte reference at 4000f8 to 401000 (.init_proc)
  8-byte reference at 400130 to 402000 ()
  8-byte reference at 400168 to 403de8 ()
  8-byte reference at 400280 to 402040 ()
  8-byte reference at 4002f0 to 403de8 ()
Recovering region .init [401000, 40101b) in segment .init
Recovering region LOAD [40101b, 401020) in segment LOAD
Recovering region .plt [401020, 401070) in segment .plt
Recovering region .text [401070, 401988) in segment .text
Recovering region .fini [401988, 401995) in segment .fini
Recovering region .rodata [402000, 40203f) in segment .rodata
  Variable aDCD at 402030
  Variable format at 402038
Recovering region LOAD [40203f, 402040) in segment LOAD
Recovering region .eh_frame_hdr [402040, 402074) in segment .eh_frame_hdr
Recovering region LOAD [402074, 402078) in segment LOAD
Recovering region .eh_frame [402078, 40212c) in segment .eh_frame
Recovering region LOAD [40212c, 402170) in segment LOAD
Recovering region .init_array [403de8, 403df8) in segment .init_array
  8-byte reference at 403de8 to 401150 ()
  8-byte reference at 403df0 to 401120 ()
Recovering region LOAD [403df8, 403fd8) in segment LOAD
Recovering region .got [403fd8, 403fe8) in segment .got
  8-byte reference at 403fd8 to 404038 (__libc_start_main)
  8-byte reference at 403fe0 to 404060 (__gmon_start__)
Recovering region .got.plt [403fe8, 404020) in segment .got.plt
  8-byte reference at 404000 to 404040 (printf)
  8-byte reference at 404008 to 404048 (cos)
  8-byte reference at 404010 to 404050 (sin)
  8-byte reference at 404018 to 404058 (__isoc99_scanf)
Recovering region .data [404020, 404030) in segment .data
Recovering region .bss [404030, 404038) in segment .bss
Recovering extern function printf at 401030
Recovering extern function cos at 401040
Recovering extern function sin at 401050
Recovering extern function __isoc99_scanf at 401060
Recovering extern function __libc_start_main at 404038
Recovering extern function printf at 404040
Recovering extern function cos at 404048
Recovering extern function sin at 404050
Recovering extern function __isoc99_scanf at 404058
Recovering extern function __gmon_start__ at 404060
Recovered 9 functions.
Saving to: /home/ubuntu/capstone_project/result/pipeline_20260629_141746/s150561866_fla_instsub.cfg
Done analysis!
