Debugging is enabled.
Loading Standard Definitions file: /home/ubuntu/capstone_project/dependency/mcsema/mcsema/lib/python3/site-packages/mcsema_disass-3.1.3.8-py3.8.egg/mcsema_disass/defs/linux.txt
Using Batch mode.
Starting analysis
Recovering module s166576559_fla_bcf_instsub.elf
Found main at 401f80
Looking for instructions in segment .init
  Default block heads for function 401000 with loose bounds [401000, 40101b)
    block [401000, 401014)
    block [401014, 401016)
    block [401016, 40101b)
    chunk [401000, 40101b)
Looking for instructions in segment .plt
  Default block heads for function 401020 with loose bounds [401020, 40102c)
    block [401020, 40102c)
    chunk [401020, 40102c)
  Default block heads for function 401030 with loose bounds [401030, 401036)
    block [401030, 401036)
    chunk [401030, 401036)
  Default block heads for function 401040 with loose bounds [401040, 401046)
    block [401040, 401046)
    chunk [401040, 401046)
  Default block heads for function 401050 with loose bounds [401050, 401056)
    block [401050, 401056)
    chunk [401050, 401056)
  Default block heads for function 401060 with loose bounds [401060, 401066)
    block [401060, 401066)
    chunk [401060, 401066)
Looking for instructions in segment .text
  Default block heads for function 401070 with loose bounds [401070, 401096)
    block [401070, 401096)
    chunk [401070, 401096)
  Default block heads for function 4010b0 with loose bounds [4010b0, 4010d1)
    block [4010b0, 4010bd)
    block [4010bd, 4010c7)
    block [4010c7, 4010ce)
    block [4010d0, 4010d1)
    chunk [4010b0, 4010d1)
  Default block heads for function 401120 with loose bounds [401120, 401141)
    block [401120, 40112d)
    block [40112d, 40113f)
    block [401140, 401141)
    chunk [401120, 401141)
  Default block heads for function 401150 with loose bounds [401150, 401156)
    block [401150, 401156)
    chunk [401150, 401156)
    chunk [4010e0, 401111)
  Default block heads for function 401160 with loose bounds [401160, 4014f7)
    block [401160, 4011af)
    block [4011af, 4011c0)
    block [4011c0, 4011c5)
    block [4011c5, 4011d3)
    block [4011d3, 4011d8)
    block [4011d8, 4011e6)
    block [4011e6, 4011eb)
    block [4011eb, 4011f9)
    block [4011f9, 4011fe)
    block [4011fe, 40120c)
    block [40120c, 401211)
    block [401211, 40121f)
    block [40121f, 401224)
    block [401224, 401232)
    block [401232, 401237)
    block [401237, 401245)
    block [401245, 40124a)
    block [40124a, 401258)
    block [401258, 40125d)
    block [40125d, 40126b)
    block [40126b, 401270)
    block [401270, 40127e)
    block [40127e, 401283)
    block [401283, 401288)
    block [401288, 4012e0)
    block [4012e0, 401377)
    block [401377, 401383)
    block [401383, 40139f)
    block [40139f, 40141e)
    block [40141e, 401485)
    block [401485, 401491)
    block [401491, 4014b8)
    block [4014b8, 4014bd)
    block [4014bd, 4014d9)
    block [4014d9, 4014f2)
    block [4014f2, 4014f7)
    chunk [401160, 4014f7)
  Default block heads for function 401500 with loose bounds [401500, 401c6d)
    block [401500, 401511)
    block [401511, 401522)
    block [401522, 401527)
    block [401527, 401535)
    block [401535, 40153a)
    block [40153a, 401548)
    block [401548, 40154d)
    block [40154d, 40155b)
    block [40155b, 401560)
    block [401560, 40156e)
    block [40156e, 401573)
    block [401573, 401581)
    block [401581, 401586)
    block [401586, 401594)
    block [401594, 401599)
    block [401599, 4015a7)
    block [4015a7, 4015ac)
    block [4015ac, 4015ba)
    block [4015ba, 4015bf)
    block [4015bf, 4015cd)
    block [4015cd, 4015d2)
    block [4015d2, 4015e0)
    block [4015e0, 4015e5)
    block [4015e5, 4015f3)
    block [4015f3, 4015f8)
    block [4015f8, 401606)
    block [401606, 40160b)
    block [40160b, 401619)
    block [401619, 40161e)
    block [40161e, 40162c)
    block [40162c, 401631)
    block [401631, 40163f)
    block [40163f, 401644)
    block [401644, 401652)
    block [401652, 401657)
    block [401657, 401665)
    block [401665, 40166a)
    block [40166a, 401678)
    block [401678, 40167d)
    block [40167d, 40168b)
    block [40168b, 401690)
    block [401690, 40169e)
    block [40169e, 4016a3)
    block [4016a3, 4016b1)
    block [4016b1, 4016b6)
    block [4016b6, 4016c4)
    block [4016c4, 4016c9)
    block [4016c9, 4016d7)
    block [4016d7, 4016dc)
    block [4016dc, 4016e1)
    block [4016e1, 40172e)
    block [40172e, 4017c9)
    block [4017c9, 4017e4)
    block [4017e4, 40181a)
    block [40181a, 40183c)
    block [40183c, 40184e)
    block [40184e, 4018a3)
    block [4018a3, 401922)
    block [401922, 40192e)
    block [40192e, 40194f)
    block [40194f, 40198b)
    block [40198b, 401a0a)
    block [401a0a, 401aa7)
    block [401aa7, 401ab3)
    block [401ab3, 401ac5)
    block [401ac5, 401b4c)
    block [401b4c, 401be1)
    block [401be1, 401bfc)
    block [401bfc, 401c25)
    block [401c25, 401c27)
    block [401c27, 401c33)
    block [401c33, 401c3f)
    block [401c3f, 401c61)
    block [401c61, 401c68)
    block [401c68, 401c6d)
    chunk [401500, 401c6d)
  Default block heads for function 401c70 with loose bounds [401c70, 401f7e)
    block [401c70, 401c81)
    block [401c81, 401c92)
    block [401c92, 401c97)
    block [401c97, 401ca5)
    block [401ca5, 401caa)
    block [401caa, 401cb8)
    block [401cb8, 401cbd)
    block [401cbd, 401ccb)
    block [401ccb, 401cd0)
    block [401cd0, 401cde)
    block [401cde, 401ce3)
    block [401ce3, 401cf1)
    block [401cf1, 401cf6)
    block [401cf6, 401d04)
    block [401d04, 401d09)
    block [401d09, 401d17)
    block [401d17, 401d1c)
    block [401d1c, 401d2a)
    block [401d2a, 401d2f)
    block [401d2f, 401d3d)
    block [401d3d, 401d42)
    block [401d42, 401d50)
    block [401d50, 401d55)
    block [401d55, 401d63)
    block [401d63, 401d68)
    block [401d68, 401d76)
    block [401d76, 401d7b)
    block [401d7b, 401d80)
    block [401d80, 401da1)
    block [401da1, 401dd7)
    block [401dd7, 401e2c)
    block [401e2c, 401e97)
    block [401e97, 401ea3)
    block [401ea3, 401eb5)
    block [401eb5, 401ec1)
    block [401ec1, 401ee2)
    block [401ee2, 401f18)
    block [401f18, 401f3a)
    block [401f3a, 401f4c)
    block [401f4c, 401f5c)
    block [401f5c, 401f79)
    block [401f79, 401f7e)
    chunk [401c70, 401f7e)
  Default block heads for function 401f80 with loose bounds [401f80, 40348c)
    block [401f80, 401fc7)
    block [401fc7, 401fd8)
    block [401fd8, 401fdd)
    block [401fdd, 401feb)
    block [401feb, 401ff0)
    block [401ff0, 401ffe)
    block [401ffe, 402003)
    block [402003, 402011)
    block [402011, 402016)
    block [402016, 402024)
    block [402024, 402029)
    block [402029, 402037)
    block [402037, 40203c)
    block [40203c, 40204a)
    block [40204a, 40204f)
    block [40204f, 40205d)
    block [40205d, 402062)
    block [402062, 402070)
    block [402070, 402075)
    block [402075, 402083)
    block [402083, 402088)
    block [402088, 402096)
    block [402096, 40209b)
    block [40209b, 4020a9)
    block [4020a9, 4020ae)
    block [4020ae, 4020bc)
    block [4020bc, 4020c1)
    block [4020c1, 4020cf)
    block [4020cf, 4020d4)
    block [4020d4, 4020e2)
    block [4020e2, 4020e7)
    block [4020e7, 4020f5)
    block [4020f5, 4020fa)
    block [4020fa, 402108)
    block [402108, 40210d)
    block [40210d, 40211b)
    block [40211b, 402120)
    block [402120, 40212e)
    block [40212e, 402133)
    block [402133, 402141)
    block [402141, 402146)
    block [402146, 402154)
    block [402154, 402159)
    block [402159, 402167)
    block [402167, 40216c)
    block [40216c, 40217a)
    block [40217a, 40217f)
    block [40217f, 40218d)
    block [40218d, 402192)
    block [402192, 4021a0)
    block [4021a0, 4021a5)
    block [4021a5, 4021b3)
    block [4021b3, 4021b8)
    block [4021b8, 4021c6)
    block [4021c6, 4021cb)
    block [4021cb, 4021d9)
    block [4021d9, 4021de)
    block [4021de, 4021ec)
    block [4021ec, 4021f1)
    block [4021f1, 4021ff)
    block [4021ff, 402204)
    block [402204, 402212)
    block [402212, 402217)
    block [402217, 402225)
    block [402225, 40222a)
    block [40222a, 402238)
    block [402238, 40223d)
    block [40223d, 40224b)
    block [40224b, 402250)
    block [402250, 40225e)
    block [40225e, 402263)
    block [402263, 402271)
    block [402271, 402276)
    block [402276, 402284)
    block [402284, 402289)
    block [402289, 402297)
    block [402297, 40229c)
    block [40229c, 4022aa)
    block [4022aa, 4022af)
    block [4022af, 4022bd)
    block [4022bd, 4022c2)
    block [4022c2, 4022d0)
    block [4022d0, 4022d5)
    block [4022d5, 4022e3)
    block [4022e3, 4022e8)
    block [4022e8, 4022f6)
    block [4022f6, 4022fb)
    block [4022fb, 402309)
    block [402309, 40230e)
    block [40230e, 40231c)
    block [40231c, 402321)
    block [402321, 40232f)
    block [40232f, 402334)
    block [402334, 402342)
    block [402342, 402347)
    block [402347, 402355)
    block [402355, 40235a)
    block [40235a, 402368)
    block [402368, 40236d)
    block [40236d, 40237b)
    block [40237b, 402380)
    block [402380, 40238e)
    block [40238e, 402393)
    block [402393, 4023a1)
    block [4023a1, 4023a6)
    block [4023a6, 4023b4)
    block [4023b4, 4023b9)
    block [4023b9, 4023c7)
    block [4023c7, 4023cc)
    block [4023cc, 4023da)
    block [4023da, 4023df)
    block [4023df, 4023ed)
    block [4023ed, 4023f2)
    block [4023f2, 402400)
    block [402400, 402405)
    block [402405, 402413)
    block [402413, 402418)
    block [402418, 402426)
    block [402426, 40242b)
    block [40242b, 402439)
    block [402439, 40243e)
    block [40243e, 40244c)
    block [40244c, 402451)
    block [402451, 40245f)
    block [40245f, 402464)
    block [402464, 402472)
    block [402472, 402477)
    block [402477, 40247c)
    block [40247c, 4024d4)
    block [4024d4, 4025e1)
    block [4025e1, 4025ed)
    block [4025ed, 40261e)
    block [40261e, 40262a)
    block [40262a, 402675)
    block [402675, 4026f4)
    block [4026f4, 40278f)
    block [40278f, 4027aa)
    block [4027aa, 402885)
    block [402885, 402904)
    block [402904, 402962)
    block [402962, 40296e)
    block [40296e, 4029f5)
    block [4029f5, 402a4a)
    block [402a4a, 402a56)
    block [402a56, 402aab)
    block [402aab, 402b13)
    block [402b13, 402b1f)
    block [402b1f, 402b6c)
    block [402b6c, 402c07)
    block [402c07, 402c13)
    block [402c13, 402c9a)
    block [402c9a, 402cfe)
    block [402cfe, 402d19)
    block [402d19, 402d3d)
    block [402d3d, 402dbc)
    block [402dbc, 402e20)
    block [402e20, 402e3b)
    block [402e3b, 402e90)
    block [402e90, 402eec)
    block [402eec, 402f07)
    block [402f07, 402f1f)
    block [402f1f, 402fa6)
    block [402fa6, 403049)
    block [403049, 403064)
    block [403064, 403070)
    block [403070, 4030bd)
    block [4030bd, 403112)
    block [403112, 40311e)
    block [40311e, 40314f)
    block [40314f, 4031ce)
    block [4031ce, 403255)
    block [403255, 403261)
    block [403261, 4032b6)
    block [4032b6, 40330b)
    block [40330b, 403317)
    block [403317, 40333e)
    block [40333e, 403370)
    block [403370, 403377)
    block [403377, 403393)
    block [403393, 4033a7)
    block [4033a7, 4033c4)
    block [4033c4, 4033d0)
    block [4033d0, 4033f7)
    block [4033f7, 403417)
    block [403417, 403427)
    block [403427, 40343b)
    block [40343b, 40344b)
    block [40344b, 403468)
    block [403468, 403474)
    block [403474, 403480)
    block [403480, 403487)
    block [403487, 40348c)
    chunk [401f80, 40348c)
Looking for instructions in segment .fini
  Default block heads for function 40348c with loose bounds [40348c, 403499)
    block [40348c, 403499)
    chunk [40348c, 403499)
Looking for strings in segment .rodata [404000, 404010)
  Found string b'NG' of length 3 at 40400a, jumping to 40400d
  Found string b'OK' of length 3 at 40400d, jumping to 404010
Looking for strings in segment .eh_frame_hdr [404010, 404054)
Looking for strings in segment .eh_frame [404058, 404154)
Looking for strings in segment .init_array [405de8, 405df0)
Looking for strings in segment .fini_array [405df0, 405df8)
Looking for strings in segment .got [405fd8, 405fe8)
Looking for strings in segment .got.plt [405fe8, 406020)
Looking for strings in segment .data [406020, 406030)
Looking for strings in segment .bss [406030, 4060c8)
Looking for strings in segment extern [4060c8, 4060f8)
Looking for cross-references in segment .init [401000, 40101b)
Looking for cross-references in segment .plt [401020, 401070)
  Stopping scan at 40102c
Looking for cross-references in segment .text [401070, 40348c)
  Stopping scan at 40109c
  Stopping scan at 4010ac
  Stopping scan at ffffffffffffffff
  Stopping scan at 4010dc
  Stopping scan at 40111c
  Stopping scan at ffffffffffffffff
  Stopping scan at 40114c
  Stopping scan at 40115c
  Stopping scan at 4014fc
  Stopping scan at ffffffffffffffff
  Stopping scan at ffffffffffffffff
Looking for cross-references in segment .fini [40348c, 403499)
Looking for cross-references in segment .rodata [404000, 404010)
  Stopping scan at 40400c
Looking for cross-references in segment .eh_frame_hdr [404010, 404054)
  Stopping scan at 404050
Looking for cross-references in segment .eh_frame [404058, 404154)
  Stopping scan at 404150
Looking for cross-references in segment .init_array [405de8, 405df0)
  Adding qword reference from 405de8 to 401150
  Stopping scan at 405de8
Looking for cross-references in segment .fini_array [405df0, 405df8)
  Adding qword reference from 405df0 to 401120
  Stopping scan at 405df0
Looking for cross-references in segment .got [405fd8, 405fe8)
  Adding qword reference from 405fd8 to 4060c8
  Adding qword reference from 405fe0 to 4060f0
  Stopping scan at 405fe0
Looking for cross-references in segment .got.plt [405fe8, 406020)
  Adding qword reference from 406000 to 4060d0
  Adding qword reference from 406008 to 4060d8
  Adding qword reference from 406010 to 4060e0
  Adding qword reference from 406018 to 4060e8
  Stopping scan at 406018
Looking for cross-references in segment .data [406020, 406030)
  Stopping scan at 40602c
Looking for cross-references in segment .bss [406030, 4060c8)
  Stopping scan at 4060c4
Looking for cross-references in segment extern [4060c8, 4060f8)
  Stopping scan at 4060f4
Looking for thunks
  Found thunk for puts targeting 4060d0 at 401030
  Found thunk for strlen targeting 4060d8 at 401040
  Found thunk for memset targeting 4060e0 at 401050
  Found thunk for __isoc99_scanf targeting 4060e8 at 401060
Looking for external symbols
  Function at 401030 is the external function puts
  Function at 401040 is the external function strlen
  Function at 401050 is the external function memset
  Function at 401060 is the external function __isoc99_scanf
  Function at 4060c8 is the external function __libc_start_main
  Function at 4060d0 is the external function puts
  Function at 4060d8 is the external function strlen
  Function at 4060e0 is the external function memset
  Function at 4060e8 is the external function __isoc99_scanf
  Function at 4060f0 is the external function __gmon_start__
Looking for entrypoints
Recovering .init_proc at 401000
  Analysing subroutine .init_proc at 401000
    Block head at 0040101b is not code.
  Subroutine .init_proc at 401000 has 3 blocks
  BB: 401000 in func 401000 with 5 insts
    Referenced by data
    I: 401000
    I: 401004
    I: 401008 (mem 405fe0)
    I: 40100f
    I: 401012 (flow 401016)
      Successors: 401014, 401016
  BB: 401014 in func 401000 with 1 insts
    I: 401014
      Successors: 401016
  BB: 401016 in func 401000 with 2 insts
    I: 401016
    I: 40101a
      No successors
Recovering 401020
  Analysing subroutine sub_401020 at 401020
  WARNING: No table entries for indirect jump at 401026; Adding next_ea 40102c as successor.
  Subroutine sub_401020 at 401020 has 2 blocks
  WARNING: No table entries for indirect jump at 401026; Adding next_ea 40102c as successor.
  BB: 401020 in func 401020 with 2 insts
    I: 401020 (mem 405ff0)
    I: 401026 (mem 405ff8)
      Successors: 40102c
  BB: 40102c in func 401020 with 1 insts
    I: 40102c
      No successors
Recovering start at 401070
  Analysing subroutine start at 401070
  Subroutine start at 401070 has 3 blocks
  BB: 401070 in func 401070 with 13 insts
    Referenced by data
    I: 401070
    I: 401074
    I: 401076
    I: 401079
    I: 40107a
    I: 40107d
    I: 401081
    I: 401082
    I: 401083
    I: 401086
    I: 401088 (imm 401f80)
    I: 40108f (mem 405fd8)
    I: 401095
      No successors
  BB: 4010a5 in func 401070 with 2 insts
    I: 4010a5
    I: 4010af
      No successors
  BB: 401096 in func 401070 with 3 insts
    I: 401096
    I: 4010a0
    I: 4010a4
      No successors
Recovering 4010b0
  Analysing subroutine sub_4010B0 at 4010b0
  WARNING: No table entries for indirect jump at 4010cc; Adding next_ea 4010ce as successor.
  WARNING: No table entries for indirect jump at 40110e; Adding next_ea 401110 as successor.
  Subroutine sub_4010B0 at 4010b0 has 11 blocks
  BB: 4010e0 in func 4010b0 with 8 insts
    I: 4010e0 (imm 406030)
    I: 4010e5 (imm 406030)
    I: 4010ec
    I: 4010ef
    I: 4010f3
    I: 4010f7
    I: 4010fa
    I: 4010fd (flow 401110)
      Successors: 401110, 4010ff
  WARNING: No table entries for indirect jump at 4010cc; Adding next_ea 4010ce as successor.
  BB: 4010c7 in func 4010b0 with 2 insts
    I: 4010c7 (imm 406030)
    I: 4010cc
      Successors: 4010ce
  WARNING: No table entries for indirect jump at 40110e; Adding next_ea 401110 as successor.
  BB: 401109 in func 4010b0 with 2 insts
    I: 401109 (imm 406030)
    I: 40110e
      Successors: 401110
  BB: 4010ce in func 4010b0 with 1 insts
    I: 4010ce
      Successors: 4010d0
  BB: 4010b0 in func 4010b0 with 3 insts
    I: 4010b0 (imm 406030)
    I: 4010b5 (imm 406030)
    I: 4010bb (flow 4010d0)
      Successors: 4010d0, 4010bd
  BB: 4010d0 in func 4010b0 with 1 insts
    I: 4010d0
      No successors
  BB: 4010d1 in func 4010b0 with 2 insts
    I: 4010d1
    I: 4010d5
      Successors: 4010e0
  BB: 401110 in func 4010b0 with 1 insts
    I: 401110
      No successors
  BB: 401111 in func 4010b0 with 2 insts
    I: 401111
    I: 401115
      No successors
  BB: 4010bd in func 4010b0 with 3 insts
    I: 4010bd
    I: 4010c2
    I: 4010c5 (flow 4010d0)
      Successors: 4010d0, 4010c7
  BB: 4010ff in func 4010b0 with 3 insts
    I: 4010ff
    I: 401104
    I: 401107 (flow 401110)
      Successors: 401110, 401109
Recovering 401120
  Analysing subroutine sub_401120 at 401120
  Subroutine sub_401120 at 401120 has 5 blocks
  BB: 401120 in func 401120 with 3 insts
    Referenced by data
    I: 401120
    I: 401124 (mem 406030)
    I: 40112b (flow 401140)
      Successors: 401140, 40112d
  BB: 401141 in func 401120 with 2 insts
    I: 401141
    I: 401145
      No successors
  BB: 401140 in func 401120 with 1 insts
    I: 401140
      No successors
  BB: 40112d in func 401120 with 6 insts
    I: 40112d
    I: 40112e
    I: 401131 (flow 4010b0)
    I: 401136 (mem 406030)
    I: 40113d
    I: 40113e
      No successors
  BB: 40113f in func 401120 with 1 insts
    I: 40113f
      Successors: 401140
Recovering 401150
  Analysing subroutine sub_401150 at 401150
  WARNING: No table entries for indirect jump at 40110e; Adding next_ea 401110 as successor.
  Subroutine sub_401150 at 401150 has 6 blocks
  BB: 4010e0 in func 401150 with 8 insts
    I: 4010e0 (imm 406030)
    I: 4010e5 (imm 406030)
    I: 4010ec
    I: 4010ef
    I: 4010f3
    I: 4010f7
    I: 4010fa
    I: 4010fd (flow 401110)
      Successors: 401110, 4010ff
  WARNING: No table entries for indirect jump at 40110e; Adding next_ea 401110 as successor.
  BB: 401109 in func 401150 with 2 insts
    I: 401109 (imm 406030)
    I: 40110e
      Successors: 401110
  BB: 401150 in func 401150 with 2 insts
    Referenced by data
    I: 401150
    I: 401154 (flow 4010e0)
      Successors: 4010e0
  BB: 401110 in func 401150 with 1 insts
    I: 401110
      No successors
  BB: 401156 in func 401150 with 1 insts
    I: 401156
      No successors
  BB: 4010ff in func 401150 with 3 insts
    I: 4010ff
    I: 401104
    I: 401107 (flow 401110)
      Successors: 401110, 401109
Recovering 401160
  Analysing subroutine sub_401160 at 401160
  Subroutine sub_401160 at 401160 has 37 blocks
  BB: 401283 in func 401160 with 1 insts
    I: 401283 (flow 4014f2)
      Successors: 4014f2
  BB: 401383 in func 401160 with 7 insts
    I: 401383
    I: 401387
    I: 40138c
    I: 401391
    I: 401394
    I: 401397
    I: 40139a (flow 4014f2)
      Successors: 4014f2
  BB: 401485 in func 401160 with 2 insts
    I: 401485
    I: 40148c (flow 4014f2)
      Successors: 4014f2
  BB: 4011fe in func 401160 with 3 insts
    I: 4011fe
    I: 401201
    I: 401206 (flow 401288)
      Successors: 401288, 40120c
  BB: 401288 in func 401160 with 28 insts
    I: 401288
    I: 40128c
    I: 401290
    I: 401293
    I: 401295
    I: 401298
    I: 40129c
    I: 40129e
    I: 4012a1
    I: 4012a3
    I: 4012a6
    I: 4012a9
    I: 4012ac
    I: 4012b0
    I: 4012b3
    I: 4012b6
    I: 4012b9
    I: 4012bc
    I: 4012bf
    I: 4012c1
    I: 4012c4
    I: 4012c6
    I: 4012c8
    I: 4012cd
    I: 4012d2
    I: 4012d5
    I: 4012d8
    I: 4012db (flow 4014f2)
      Successors: 4014f2
  BB: 40120c in func 401160 with 1 insts
    I: 40120c (flow 401211)
      Successors: 401211
  BB: 401211 in func 401160 with 3 insts
    I: 401211
    I: 401214
    I: 401219 (flow 4014b8)
      Successors: 4014b8, 40121f
  BB: 401491 in func 401160 with 9 insts
    I: 401491
    I: 401495
    I: 401497
    I: 40149d
    I: 4014a0
    I: 4014a6
    I: 4014aa
    I: 4014ac
    I: 4014b3 (flow 4014f2)
      Successors: 4014f2
  BB: 40141e in func 401160 with 27 insts
    I: 40141e
    I: 401422
    I: 401425 (disp 406040)
    I: 401430 (imm 4060a8)
    I: 401437
    I: 401439 (imm 4060b8)
    I: 401440
    I: 401442
    I: 401444
    I: 40144a
    I: 40144d
    I: 401453
    I: 401456
    I: 401459
    I: 40145c
    I: 40145f
    I: 401462
    I: 401465
    I: 401467
    I: 401469
    I: 40146b
    I: 40146d
    I: 401472
    I: 401477
    I: 40147a
    I: 40147d
    I: 401480 (flow 4014f2)
      Successors: 4014f2
  BB: 40139f in func 401160 with 40 insts
    I: 40139f (imm 4060a8)
    I: 4013a6
    I: 4013a8 (imm 4060b8)
    I: 4013af
    I: 4013b1
    I: 4013b3
    I: 4013b6
    I: 4013b8
    I: 4013ba
    I: 4013bd
    I: 4013c0
    I: 4013c3
    I: 4013c7
    I: 4013ca
    I: 4013ce
    I: 4013d1
    I: 4013d3
    I: 4013d6
    I: 4013da
    I: 4013dc
    I: 4013df
    I: 4013e1
    I: 4013e4
    I: 4013e7
    I: 4013ea
    I: 4013ee
    I: 4013f1
    I: 4013f4
    I: 4013f7
    I: 4013fa
    I: 4013fd
    I: 4013ff
    I: 401402
    I: 401404
    I: 401406
    I: 40140b
    I: 401410
    I: 401413
    I: 401416
    I: 401419 (flow 4014f2)
      Successors: 4014f2
  BB: 40121f in func 401160 with 1 insts
    I: 40121f (flow 401224)
      Successors: 401224
  BB: 401224 in func 401160 with 3 insts
    I: 401224
    I: 401227
    I: 40122c (flow 401485)
      Successors: 401232, 401485
  BB: 4011af in func 401160 with 4 insts
    I: 4011af
    I: 4011b2
    I: 4011b5
    I: 4011ba (flow 4014d9)
      Successors: 4011c0, 4014d9
  BB: 401232 in func 401160 with 1 insts
    I: 401232 (flow 401237)
      Successors: 401237
  BB: 401237 in func 401160 with 3 insts
    I: 401237
    I: 40123a
    I: 40123f (flow 401491)
      Successors: 401491, 401245
  BB: 4014b8 in func 401160 with 3 insts
    I: 4014b8
    I: 4014bb
    I: 4014bc
      No successors
  BB: 4014bd in func 401160 with 6 insts
    I: 4014bd
    I: 4014c0
    I: 4014c4
    I: 4014c7
    I: 4014cd
    I: 4014d4 (flow 4014f2)
      Successors: 4014f2
  BB: 4011c0 in func 401160 with 1 insts
    I: 4011c0 (flow 4011c5)
      Successors: 4011c5
  BB: 4011c5 in func 401160 with 3 insts
    I: 4011c5
    I: 4011c8
    I: 4011cd (flow 40141e)
      Successors: 4011d3, 40141e
  BB: 401245 in func 401160 with 1 insts
    I: 401245 (flow 40124a)
      Successors: 40124a
  BB: 40124a in func 401160 with 3 insts
    I: 40124a
    I: 40124d
    I: 401252 (flow 4012e0)
      Successors: 401258, 4012e0
  BB: 4011d3 in func 401160 with 1 insts
    I: 4011d3 (flow 4011d8)
      Successors: 4011d8
  BB: 401258 in func 401160 with 1 insts
    I: 401258 (flow 40125d)
      Successors: 40125d
  BB: 4011d8 in func 401160 with 3 insts
    I: 4011d8
    I: 4011db
    I: 4011e0 (flow 401377)
      Successors: 4011e6, 401377
  BB: 4014d9 in func 401160 with 4 insts
    I: 4014d9
    I: 4014dd
    I: 4014e0 (disp 406040)
    I: 4014eb
      Successors: 4014f2
  BB: 40125d in func 401160 with 3 insts
    I: 40125d
    I: 401260
    I: 401265 (flow 401383)
      Successors: 40126b, 401383
  BB: 401160 in func 401160 with 22 insts
    I: 401160
    I: 401161
    I: 401164
    I: 401168 (imm 4060a8)
    I: 40116f
    I: 401171 (imm 4060b8)
    I: 401178
    I: 40117a
    I: 40117c
    I: 401182
    I: 401185
    I: 40118b
    I: 40118e
    I: 401191
    I: 401194
    I: 401197
    I: 40119a
    I: 40119d
    I: 4011a0
    I: 4011a3
    I: 4011a5
    I: 4011a8
      Successors: 4011af
  BB: 4012e0 in func 401160 with 46 insts
    I: 4012e0
    I: 4012e3
    I: 4012e7
    I: 4012ea
    I: 4012ee
    I: 4012f2
    I: 4012f8 (imm 4060a8)
    I: 4012ff
    I: 401301 (imm 4060b8)
    I: 401308
    I: 40130a
    I: 40130c
    I: 40130f
    I: 401311
    I: 401313
    I: 401316
    I: 401319
    I: 40131c
    I: 401320
    I: 401323
    I: 401327
    I: 40132a
    I: 40132c
    I: 40132f
    I: 401333
    I: 401335
    I: 401338
    I: 40133a
    I: 40133d
    I: 401340
    I: 401343
    I: 401347
    I: 40134a
    I: 40134d
    I: 401350
    I: 401353
    I: 401356
    I: 401358
    I: 40135b
    I: 40135d
    I: 40135f
    I: 401364
    I: 401369
    I: 40136c
    I: 40136f
    I: 401372 (flow 4014f2)
      Successors: 4014f2
  BB: 4011e6 in func 401160 with 1 insts
    I: 4011e6 (flow 4011eb)
      Successors: 4011eb
  BB: 4011eb in func 401160 with 3 insts
    I: 4011eb
    I: 4011ee
    I: 4011f3 (flow 4014bd)
      Successors: 4011f9, 4014bd
  BB: 40126b in func 401160 with 1 insts
    I: 40126b (flow 401270)
      Successors: 401270
  BB: 401270 in func 401160 with 3 insts
    I: 401270
    I: 401273
    I: 401278 (flow 40139f)
      Successors: 40127e, 40139f
  BB: 4014f2 in func 401160 with 1 insts
    I: 4014f2 (flow 4011af)
      Successors: 4011af
  BB: 401377 in func 401160 with 2 insts
    I: 401377
    I: 40137e (flow 4014f2)
      Successors: 4014f2
  BB: 4011f9 in func 401160 with 1 insts
    I: 4011f9 (flow 4011fe)
      Successors: 4011fe
  BB: 4014f7 in func 401160 with 1 insts
    I: 4014f7
      No successors
  BB: 40127e in func 401160 with 1 insts
    I: 40127e (flow 401283)
      Successors: 401283
Recovering 401500
  Analysing subroutine sub_401500 at 401500
  Subroutine sub_401500 at 401500 has 76 blocks
  BB: 401500 in func 401500 with 5 insts
    I: 401500
    I: 401501
    I: 401504
    I: 401507
    I: 40150a
      Successors: 401511
  BB: 401581 in func 401500 with 1 insts
    I: 401581 (flow 401586)
      Successors: 401586
  BB: 401586 in func 401500 with 3 insts
    I: 401586
    I: 401589
    I: 40158e (flow 401c61)
      Successors: 401c61, 401594
  BB: 401606 in func 401500 with 1 insts
    I: 401606 (flow 40160b)
      Successors: 40160b
  BB: 4015f8 in func 401500 with 3 insts
    I: 4015f8
    I: 4015fb
    I: 401600 (flow 401ab3)
      Successors: 401ab3, 401606
  BB: 401a0a in func 401500 with 44 insts
    I: 401a0a
    I: 401a0e (disp 406040)
    I: 401a15
    I: 401a19 (disp 406040)
    I: 401a20 (imm 4060c4)
    I: 401a27
    I: 401a29 (imm 4060b4)
    I: 401a30
    I: 401a32
    I: 401a34
    I: 401a3a
    I: 401a3d
    I: 401a43
    I: 401a46
    I: 401a49
    I: 401a4c
    I: 401a50
    I: 401a53
    I: 401a57
    I: 401a5a
    I: 401a5c
    I: 401a5f
    I: 401a63
    I: 401a65
    I: 401a68
    I: 401a6a
    I: 401a6d
    I: 401a70
    I: 401a73
    I: 401a77
    I: 401a7a
    I: 401a7d
    I: 401a80
    I: 401a83
    I: 401a86
    I: 401a88
    I: 401a8b
    I: 401a8d
    I: 401a8f
    I: 401a94
    I: 401a99
    I: 401a9c
    I: 401a9f
    I: 401aa2 (flow 401c68)
      Successors: 401c68
  BB: 40160b in func 401500 with 3 insts
    I: 40160b
    I: 40160e
    I: 401613 (flow 4016e1)
      Successors: 401619, 4016e1
  BB: 40168b in func 401500 with 1 insts
    I: 40168b (flow 401690)
      Successors: 401690
  BB: 40198b in func 401500 with 40 insts
    I: 40198b (imm 4060c4)
    I: 401992
    I: 401994 (imm 4060b4)
    I: 40199b
    I: 40199d
    I: 40199f
    I: 4019a2
    I: 4019a4
    I: 4019a6
    I: 4019a9
    I: 4019ac
    I: 4019af
    I: 4019b3
    I: 4019b6
    I: 4019ba
    I: 4019bd
    I: 4019bf
    I: 4019c2
    I: 4019c6
    I: 4019c8
    I: 4019cb
    I: 4019cd
    I: 4019d0
    I: 4019d3
    I: 4019d6
    I: 4019da
    I: 4019dd
    I: 4019e0
    I: 4019e3
    I: 4019e6
    I: 4019e9
    I: 4019eb
    I: 4019ee
    I: 4019f0
    I: 4019f2
    I: 4019f7
    I: 4019fc
    I: 4019ff
    I: 401a02
    I: 401a05 (flow 401c68)
      Successors: 401c68
  BB: 401690 in func 401500 with 3 insts
    I: 401690
    I: 401693
    I: 401698 (flow 40183c)
      Successors: 40183c, 40169e
  BB: 401511 in func 401500 with 4 insts
    I: 401511
    I: 401514
    I: 401517
    I: 40151c (flow 40181a)
      Successors: 401522, 40181a
  BB: 401594 in func 401500 with 1 insts
    I: 401594 (flow 401599)
      Successors: 401599
  BB: 401619 in func 401500 with 1 insts
    I: 401619 (flow 40161e)
      Successors: 40161e
  BB: 401599 in func 401500 with 3 insts
    I: 401599
    I: 40159c
    I: 4015a1 (flow 401bfc)
      Successors: 401bfc, 4015a7
  BB: 40181a in func 401500 with 6 insts
    I: 40181a
    I: 40181e (disp 406040)
    I: 401825
    I: 401829 (disp 406040)
    I: 401830
    I: 401837 (flow 401c68)
      Successors: 401c68
  BB: 40169e in func 401500 with 1 insts
    I: 40169e (flow 4016a3)
      Successors: 4016a3
  BB: 40161e in func 401500 with 3 insts
    I: 40161e
    I: 401621
    I: 401626 (flow 401ac5)
      Successors: 40162c, 401ac5
  BB: 401522 in func 401500 with 1 insts
    I: 401522 (flow 401527)
      Successors: 401527
  BB: 4016a3 in func 401500 with 3 insts
    I: 4016a3
    I: 4016a6
    I: 4016ab (flow 401c3f)
      Successors: 4016b1, 401c3f
  BB: 4018a3 in func 401500 with 40 insts
    I: 4018a3 (imm 4060c4)
    I: 4018aa
    I: 4018ac (imm 4060b4)
    I: 4018b3
    I: 4018b5
    I: 4018b7
    I: 4018ba
    I: 4018bc
    I: 4018be
    I: 4018c1
    I: 4018c4
    I: 4018c7
    I: 4018cb
    I: 4018ce
    I: 4018d2
    I: 4018d5
    I: 4018d7
    I: 4018da
    I: 4018de
    I: 4018e0
    I: 4018e3
    I: 4018e5
    I: 4018e8
    I: 4018eb
    I: 4018ee
    I: 4018f2
    I: 4018f5
    I: 4018f8
    I: 4018fb
    I: 4018fe
    I: 401901
    I: 401903
    I: 401906
    I: 401908
    I: 40190a
    I: 40190f
    I: 401914
    I: 401917
    I: 40191a
    I: 40191d (flow 401c68)
      Successors: 401c68
  BB: 401922 in func 401500 with 2 insts
    I: 401922
    I: 401929 (flow 401c68)
      Successors: 401c68
  BB: 401c25 in func 401500 with 2 insts
    I: 401c25
    I: 401c26
      No successors
  BB: 401527 in func 401500 with 3 insts
    I: 401527
    I: 40152a
    I: 40152f (flow 401a0a)
      Successors: 401a0a, 401535
  BB: 4015a7 in func 401500 with 1 insts
    I: 4015a7 (flow 4015ac)
      Successors: 4015ac
  BB: 401aa7 in func 401500 with 2 insts
    I: 401aa7
    I: 401aae (flow 401c68)
      Successors: 401c68
  BB: 401c27 in func 401500 with 2 insts
    I: 401c27
    I: 401c2e (flow 401c68)
      Successors: 401c68
  BB: 4015ac in func 401500 with 3 insts
    I: 4015ac
    I: 4015af
    I: 4015b4 (flow 40198b)
      Successors: 4015ba, 40198b
  BB: 40162c in func 401500 with 1 insts
    I: 40162c (flow 401631)
      Successors: 401631
  BB: 40172e in func 401500 with 45 insts
    I: 40172e
    I: 401732 (disp 406040)
    I: 40173a
    I: 40173d
    I: 40173f
    I: 401742 (imm 4060c4)
    I: 401749
    I: 40174b (imm 4060b4)
    I: 401752
    I: 401754
    I: 401756
    I: 40175c
    I: 40175f
    I: 401765
    I: 401768
    I: 40176b
    I: 40176e
    I: 401772
    I: 401775
    I: 401779
    I: 40177c
    I: 40177e
    I: 401781
    I: 401785
    I: 401787
    I: 40178a
    I: 40178c
    I: 40178f
    I: 401792
    I: 401795
    I: 401799
    I: 40179c
    I: 40179f
    I: 4017a2
    I: 4017a5
    I: 4017a8
    I: 4017aa
    I: 4017ad
    I: 4017af
    I: 4017b1
    I: 4017b6
    I: 4017bb
    I: 4017be
    I: 4017c1
    I: 4017c4 (flow 401c68)
      Successors: 401c68
  BB: 40192e in func 401500 with 7 insts
    I: 40192e
    I: 401932
    I: 401937
    I: 40193c (disp 406040)
    I: 401944
    I: 401947
    I: 40194a (flow 401c68)
      Successors: 401c68
  BB: 401631 in func 401500 with 3 insts
    I: 401631
    I: 401634
    I: 401639 (flow 401c27)
      Successors: 401c27, 40163f
  BB: 4016b1 in func 401500 with 1 insts
    I: 4016b1 (flow 4016b6)
      Successors: 4016b6
  BB: 401ab3 in func 401500 with 4 insts
    I: 401ab3
    I: 401ab6
    I: 401ab9
    I: 401ac0 (flow 401c68)
      Successors: 401c68
  BB: 401c33 in func 401500 with 2 insts
    I: 401c33
    I: 401c3a (flow 401c68)
      Successors: 401c68
  BB: 401535 in func 401500 with 1 insts
    I: 401535 (flow 40153a)
      Successors: 40153a
  BB: 4016b6 in func 401500 with 3 insts
    I: 4016b6
    I: 4016b9
    I: 4016be (flow 401b4c)
      Successors: 4016c4, 401b4c
  BB: 4015ba in func 401500 with 1 insts
    I: 4015ba (flow 4015bf)
      Successors: 4015bf
  BB: 40153a in func 401500 with 3 insts
    I: 40153a
    I: 40153d
    I: 401542 (flow 4018a3)
      Successors: 401548, 4018a3
  BB: 40183c in func 401500 with 4 insts
    I: 40183c
    I: 40183f
    I: 401842
    I: 401849 (flow 401c68)
      Successors: 401c68
  BB: 4015bf in func 401500 with 3 insts
    I: 4015bf
    I: 4015c2
    I: 4015c7 (flow 401c25)
      Successors: 401c25, 4015cd
  BB: 40163f in func 401500 with 1 insts
    I: 40163f (flow 401644)
      Successors: 401644
  BB: 401c3f in func 401500 with 6 insts
    I: 401c3f
    I: 401c43 (disp 406040)
    I: 401c4a
    I: 401c4e (disp 406040)
    I: 401c55
    I: 401c5c (flow 401c68)
      Successors: 401c68
  BB: 401644 in func 401500 with 3 insts
    I: 401644
    I: 401647
    I: 40164c (flow 401c33)
      Successors: 401652, 401c33
  BB: 4016c4 in func 401500 with 1 insts
    I: 4016c4 (flow 4016c9)
      Successors: 4016c9
  BB: 401ac5 in func 401500 with 40 insts
    I: 401ac5 (imm 4060c4)
    I: 401acc
    I: 401ace (imm 4060b4)
    I: 401ad5
    I: 401ad7
    I: 401ad9
    I: 401adf
    I: 401ae2
    I: 401ae8
    I: 401aeb
    I: 401aee
    I: 401af1
    I: 401af5
    I: 401af8
    I: 401afc
    I: 401aff
    I: 401b01
    I: 401b04
    I: 401b08
    I: 401b0a
    I: 401b0d
    I: 401b0f
    I: 401b12
    I: 401b15
    I: 401b18
    I: 401b1c
    I: 401b1f
    I: 401b22
    I: 401b25
    I: 401b28
    I: 401b2b
    I: 401b2d
    I: 401b30
    I: 401b32
    I: 401b34
    I: 401b39
    I: 401b3e
    I: 401b41
    I: 401b44
    I: 401b47 (flow 401c68)
      Successors: 401c68
  BB: 401548 in func 401500 with 1 insts
    I: 401548 (flow 40154d)
      Successors: 40154d
  BB: 4016c9 in func 401500 with 3 insts
    I: 4016c9
    I: 4016cc
    I: 4016d1 (flow 40184e)
      Successors: 40184e, 4016d7
  BB: 4017c9 in func 401500 with 7 insts
    I: 4017c9
    I: 4017cc
    I: 4017d1
    I: 4017d6
    I: 4017d9
    I: 4017dc
    I: 4017df (flow 401c68)
      Successors: 401c68
  BB: 401b4c in func 401500 with 45 insts
    I: 401b4c
    I: 401b4f
    I: 401b52
    I: 401b55
    I: 401b57
    I: 401b5a (imm 4060c4)
    I: 401b61
    I: 401b63 (imm 4060b4)
    I: 401b6a
    I: 401b6c
    I: 401b6e
    I: 401b74
    I: 401b77
    I: 401b7d
    I: 401b80
    I: 401b83
    I: 401b86
    I: 401b8a
    I: 401b8d
    I: 401b91
    I: 401b94
    I: 401b96
    I: 401b99
    I: 401b9d
    I: 401b9f
    I: 401ba2
    I: 401ba4
    I: 401ba7
    I: 401baa
    I: 401bad
    I: 401bb1
    I: 401bb4
    I: 401bb7
    I: 401bba
    I: 401bbd
    I: 401bc0
    I: 401bc2
    I: 401bc5
    I: 401bc7
    I: 401bc9
    I: 401bce
    I: 401bd3
    I: 401bd6
    I: 401bd9
    I: 401bdc (flow 401c68)
      Successors: 401c68
  BB: 40154d in func 401500 with 3 insts
    I: 40154d
    I: 401550
    I: 401555 (flow 401922)
      Successors: 401922, 40155b
  BB: 4015cd in func 401500 with 1 insts
    I: 4015cd (flow 4015d2)
      Successors: 4015d2
  BB: 40184e in func 401500 with 24 insts
    I: 40184e (imm 4060c4)
    I: 401855
    I: 401857 (imm 4060b4)
    I: 40185e
    I: 401860
    I: 401862
    I: 401868
    I: 40186b
    I: 401871
    I: 401874
    I: 401877
    I: 40187a
    I: 40187d
    I: 401880
    I: 401883
    I: 401885
    I: 401887
    I: 401889
    I: 40188b
    I: 401890
    I: 401895
    I: 401898
    I: 40189b
    I: 40189e (flow 401c68)
      Successors: 401c68
  BB: 40194f in func 401500 with 13 insts
    I: 40194f
    I: 401953 (disp 406040)
    I: 40195a
    I: 40195f
    I: 401962
    I: 401967
    I: 40196a
    I: 40196e
    I: 401973
    I: 401978 (disp 406040)
    I: 401980
    I: 401983
    I: 401986 (flow 401c68)
      Successors: 401c68
  BB: 4015d2 in func 401500 with 3 insts
    I: 4015d2
    I: 4015d5
    I: 4015da (flow 40192e)
      Successors: 4015e0, 40192e
  BB: 401652 in func 401500 with 1 insts
    I: 401652 (flow 401657)
      Successors: 401657
  BB: 401657 in func 401500 with 3 insts
    I: 401657
    I: 40165a
    I: 40165f (flow 40194f)
      Successors: 401665, 40194f
  BB: 4016d7 in func 401500 with 1 insts
    I: 4016d7 (flow 4016dc)
      Successors: 4016dc
  BB: 40155b in func 401500 with 1 insts
    I: 40155b (flow 401560)
      Successors: 401560
  BB: 4016dc in func 401500 with 1 insts
    I: 4016dc (flow 401c68)
      Successors: 401c68
  BB: 401560 in func 401500 with 3 insts
    I: 401560
    I: 401563
    I: 401568 (flow 401aa7)
      Successors: 40156e, 401aa7
  BB: 4015e0 in func 401500 with 1 insts
    I: 4015e0 (flow 4015e5)
      Successors: 4015e5
  BB: 4016e1 in func 401500 with 24 insts
    I: 4016e1 (imm 4060c4)
    I: 4016e8
    I: 4016ea (imm 4060b4)
    I: 4016f1
    I: 4016f3
    I: 4016f5
    I: 4016f8
    I: 4016fa
    I: 4016fc
    I: 4016ff
    I: 401702
    I: 401705
    I: 401708
    I: 40170b
    I: 40170e
    I: 401710
    I: 401712
    I: 401714
    I: 401716
    I: 40171b
    I: 401720
    I: 401723
    I: 401726
    I: 401729 (flow 401c68)
      Successors: 401c68
  BB: 401be1 in func 401500 with 7 insts
    I: 401be1
    I: 401be4
    I: 401be9
    I: 401bee
    I: 401bf1
    I: 401bf4
    I: 401bf7 (flow 401c68)
      Successors: 401c68
  BB: 4017e4 in func 401500 with 13 insts
    I: 4017e4
    I: 4017e8 (disp 406040)
    I: 4017ef
    I: 4017f1
    I: 4017f4
    I: 4017f6
    I: 4017f9
    I: 4017fd
    I: 401802
    I: 401807 (disp 406040)
    I: 40180f
    I: 401812
    I: 401815 (flow 401c68)
      Successors: 401c68
  BB: 4015e5 in func 401500 with 3 insts
    I: 4015e5
    I: 4015e8
    I: 4015ed (flow 40172e)
      Successors: 4015f3, 40172e
  BB: 401665 in func 401500 with 1 insts
    I: 401665 (flow 40166a)
      Successors: 40166a
  BB: 401c61 in func 401500 with 1 insts
    I: 401c61
      Successors: 401c68
  BB: 401c68 in func 401500 with 1 insts
    I: 401c68 (flow 401511)
      Successors: 401511
  BB: 40166a in func 401500 with 3 insts
    I: 40166a
    I: 40166d
    I: 401672 (flow 4017e4)
      Successors: 401678, 4017e4
  BB: 401c6d in func 401500 with 1 insts
    I: 401c6d
      No successors
  BB: 40156e in func 401500 with 1 insts
    I: 40156e (flow 401573)
      Successors: 401573
  BB: 401573 in func 401500 with 3 insts
    I: 401573
    I: 401576
    I: 40157b (flow 401be1)
      Successors: 401581, 401be1
  BB: 4015f3 in func 401500 with 1 insts
    I: 4015f3 (flow 4015f8)
      Successors: 4015f8
  BB: 401678 in func 401500 with 1 insts
    I: 401678 (flow 40167d)
      Successors: 40167d
  BB: 401bfc in func 401500 with 8 insts
    I: 401bfc
    I: 401bff
    I: 401c05
    I: 401c08
    I: 401c0e
    I: 401c12 (disp 406040)
    I: 401c19
    I: 401c20 (flow 401c68)
      Successors: 401c68
  BB: 40167d in func 401500 with 3 insts
    I: 40167d
    I: 401680
    I: 401685 (flow 4017c9)
      Successors: 4017c9, 40168b
Recovering 401c70
  Analysing subroutine sub_401C70 at 401c70
  Subroutine sub_401C70 at 401c70 has 43 blocks
  BB: 401d80 in func 401c70 with 7 insts
    I: 401d80
    I: 401d84
    I: 401d89
    I: 401d8e (disp 406040)
    I: 401d96
    I: 401d99
    I: 401d9c (flow 401f79)
      Successors: 401f79
  BB: 401c81 in func 401c70 with 4 insts
    I: 401c81
    I: 401c84
    I: 401c87
    I: 401c8c (flow 401ea3)
      Successors: 401c92, 401ea3
  BB: 401d04 in func 401c70 with 1 insts
    I: 401d04 (flow 401d09)
      Successors: 401d09
  BB: 401d09 in func 401c70 with 3 insts
    I: 401d09
    I: 401d0c
    I: 401d11 (flow 401f4c)
      Successors: 401f4c, 401d17
  BB: 401c92 in func 401c70 with 1 insts
    I: 401c92 (flow 401c97)
      Successors: 401c97
  BB: 401e97 in func 401c70 with 2 insts
    I: 401e97
    I: 401e9e (flow 401f79)
      Successors: 401f79
  BB: 401c97 in func 401c70 with 3 insts
    I: 401c97
    I: 401c9a
    I: 401c9f (flow 401da1)
      Successors: 401da1, 401ca5
  BB: 401f18 in func 401c70 with 6 insts
    I: 401f18
    I: 401f1c (disp 406040)
    I: 401f23
    I: 401f27 (disp 406040)
    I: 401f2e
    I: 401f35 (flow 401f79)
      Successors: 401f79
  BB: 401d17 in func 401c70 with 1 insts
    I: 401d17 (flow 401d1c)
      Successors: 401d1c
  BB: 401d1c in func 401c70 with 3 insts
    I: 401d1c
    I: 401d1f
    I: 401d24 (flow 401f3a)
      Successors: 401d2a, 401f3a
  BB: 401da1 in func 401c70 with 13 insts
    I: 401da1
    I: 401da5 (disp 406040)
    I: 401dac
    I: 401dae
    I: 401db1
    I: 401db3
    I: 401db6
    I: 401dba
    I: 401dbf
    I: 401dc4 (disp 406040)
    I: 401dcc
    I: 401dcf
    I: 401dd2 (flow 401f79)
      Successors: 401f79
  BB: 401ea3 in func 401c70 with 4 insts
    I: 401ea3
    I: 401ea6
    I: 401ea9
    I: 401eb0 (flow 401f79)
      Successors: 401f79
  BB: 401ca5 in func 401c70 with 1 insts
    I: 401ca5 (flow 401caa)
      Successors: 401caa
  BB: 401caa in func 401c70 with 3 insts
    I: 401caa
    I: 401cad
    I: 401cb2 (flow 401e2c)
      Successors: 401cb8, 401e2c
  BB: 401d2a in func 401c70 with 1 insts
    I: 401d2a (flow 401d2f)
      Successors: 401d2f
  BB: 401e2c in func 401c70 with 28 insts
    I: 401e2c
    I: 401e30 (disp 406040)
    I: 401e37
    I: 401e3b (disp 406040)
    I: 401e42 (imm 4060bc)
    I: 401e49
    I: 401e4b (imm 4060ac)
    I: 401e52
    I: 401e54
    I: 401e56
    I: 401e5c
    I: 401e5f
    I: 401e65
    I: 401e68
    I: 401e6b
    I: 401e6e
    I: 401e71
    I: 401e74
    I: 401e77
    I: 401e79
    I: 401e7b
    I: 401e7d
    I: 401e7f
    I: 401e84
    I: 401e89
    I: 401e8c
    I: 401e8f
    I: 401e92 (flow 401f79)
      Successors: 401f79
  BB: 401d2f in func 401c70 with 3 insts
    I: 401d2f
    I: 401d32
    I: 401d37 (flow 401dd7)
      Successors: 401d3d, 401dd7
  BB: 401eb5 in func 401c70 with 2 insts
    I: 401eb5
    I: 401ebc (flow 401f79)
      Successors: 401f79
  BB: 401cb8 in func 401c70 with 1 insts
    I: 401cb8 (flow 401cbd)
      Successors: 401cbd
  BB: 401f3a in func 401c70 with 4 insts
    I: 401f3a
    I: 401f3d
    I: 401f40
    I: 401f47 (flow 401f79)
      Successors: 401f79
  BB: 401cbd in func 401c70 with 3 insts
    I: 401cbd
    I: 401cc0
    I: 401cc5 (flow 401d80)
      Successors: 401d80, 401ccb
  BB: 401d3d in func 401c70 with 1 insts
    I: 401d3d (flow 401d42)
      Successors: 401d42
  BB: 401ec1 in func 401c70 with 7 insts
    I: 401ec1
    I: 401ec5
    I: 401eca
    I: 401ecf (disp 406040)
    I: 401ed7
    I: 401eda
    I: 401edd (flow 401f79)
      Successors: 401f79
  BB: 401d42 in func 401c70 with 3 insts
    I: 401d42
    I: 401d45
    I: 401d4a (flow 401f18)
      Successors: 401d50, 401f18
  BB: 401ccb in func 401c70 with 1 insts
    I: 401ccb (flow 401cd0)
      Successors: 401cd0
  BB: 401f4c in func 401c70 with 7 insts
    I: 401f4c
    I: 401f4f
    I: 401f52
    I: 401f55
    I: 401f57
    I: 401f5a
    I: 401f5b
      No successors
  BB: 401cd0 in func 401c70 with 3 insts
    I: 401cd0
    I: 401cd3
    I: 401cd8 (flow 401ee2)
      Successors: 401ee2, 401cde
  BB: 401d50 in func 401c70 with 1 insts
    I: 401d50 (flow 401d55)
      Successors: 401d55
  BB: 401d55 in func 401c70 with 3 insts
    I: 401d55
    I: 401d58
    I: 401d5d (flow 401e97)
      Successors: 401d63, 401e97
  BB: 401dd7 in func 401c70 with 24 insts
    I: 401dd7 (imm 4060bc)
    I: 401dde
    I: 401de0 (imm 4060ac)
    I: 401de7
    I: 401de9
    I: 401deb
    I: 401df1
    I: 401df4
    I: 401dfa
    I: 401dfd
    I: 401e00
    I: 401e03
    I: 401e06
    I: 401e09
    I: 401e0c
    I: 401e0e
    I: 401e10
    I: 401e12
    I: 401e14
    I: 401e19
    I: 401e1e
    I: 401e21
    I: 401e24
    I: 401e27 (flow 401f79)
      Successors: 401f79
  BB: 401f5c in func 401c70 with 5 insts
    I: 401f5c
    I: 401f60 (disp 406040)
    I: 401f67
    I: 401f6b (disp 406040)
    I: 401f72
      Successors: 401f79
  BB: 401cde in func 401c70 with 1 insts
    I: 401cde (flow 401ce3)
      Successors: 401ce3
  BB: 401ee2 in func 401c70 with 13 insts
    I: 401ee2
    I: 401ee6 (disp 406040)
    I: 401eed
    I: 401eef
    I: 401ef2
    I: 401ef4
    I: 401ef7
    I: 401efb
    I: 401f00
    I: 401f05 (disp 406040)
    I: 401f0d
    I: 401f10
    I: 401f13 (flow 401f79)
      Successors: 401f79
  BB: 401ce3 in func 401c70 with 3 insts
    I: 401ce3
    I: 401ce6
    I: 401ceb (flow 401ec1)
      Successors: 401cf1, 401ec1
  BB: 401d63 in func 401c70 with 1 insts
    I: 401d63 (flow 401d68)
      Successors: 401d68
  BB: 401d68 in func 401c70 with 3 insts
    I: 401d68
    I: 401d6b
    I: 401d70 (flow 401eb5)
      Successors: 401eb5, 401d76
  BB: 401c70 in func 401c70 with 5 insts
    I: 401c70
    I: 401c71
    I: 401c74
    I: 401c77
    I: 401c7a
      Successors: 401c81
  BB: 401cf1 in func 401c70 with 1 insts
    I: 401cf1 (flow 401cf6)
      Successors: 401cf6
  BB: 401cf6 in func 401c70 with 3 insts
    I: 401cf6
    I: 401cf9
    I: 401cfe (flow 401f5c)
      Successors: 401d04, 401f5c
  BB: 401d76 in func 401c70 with 1 insts
    I: 401d76 (flow 401d7b)
      Successors: 401d7b
  BB: 401f79 in func 401c70 with 1 insts
    I: 401f79 (flow 401c81)
      Successors: 401c81
  BB: 401d7b in func 401c70 with 1 insts
    I: 401d7b (flow 401f79)
      Successors: 401f79
  BB: 401f7e in func 401c70 with 1 insts
    I: 401f7e
      No successors
Recovering main at 401f80
  Analysing subroutine main at 401f80
  Subroutine main at 401f80 has 192 blocks
  BB: 402400 in func 401f80 with 1 insts
    I: 402400 (flow 402405)
      Successors: 402405
  BB: 402003 in func 401f80 with 3 insts
    I: 402003
    I: 402006
    I: 40200b (flow 403255)
      Successors: 402011, 403255
  BB: 402204 in func 401f80 with 3 insts
    I: 402204
    I: 402207
    I: 40220c (flow 403370)
      Successors: 403370, 402212
  BB: 402405 in func 401f80 with 3 insts
    I: 402405
    I: 402408
    I: 40240d (flow 40262a)
      Successors: 40262a, 402413
  BB: 402c07 in func 401f80 with 2 insts
    I: 402c07
    I: 402c0e (flow 403487)
      Successors: 403487
  BB: 402011 in func 401f80 with 1 insts
    I: 402011 (flow 402016)
      Successors: 402016
  BB: 402212 in func 401f80 with 1 insts
    I: 402212 (flow 402217)
      Successors: 402217
  BB: 402413 in func 401f80 with 1 insts
    I: 402413 (flow 402418)
      Successors: 402418
  BB: 402c13 in func 401f80 with 40 insts
    I: 402c13 (imm 4060c0)
    I: 402c1a
    I: 402c1c (imm 4060b0)
    I: 402c23
    I: 402c25
    I: 402c27
    I: 402c2d
    I: 402c30
    I: 402c36
    I: 402c39
    I: 402c3c
    I: 402c3f
    I: 402c43
    I: 402c46
    I: 402c4a
    I: 402c4d
    I: 402c4f
    I: 402c52
    I: 402c56
    I: 402c58
    I: 402c5b
    I: 402c5d
    I: 402c60
    I: 402c63
    I: 402c66
    I: 402c6a
    I: 402c6d
    I: 402c70
    I: 402c73
    I: 402c76
    I: 402c79
    I: 402c7b
    I: 402c7e
    I: 402c80
    I: 402c82
    I: 402c87
    I: 402c8c
    I: 402c8f
    I: 402c92
    I: 402c95 (flow 403487)
      Successors: 403487
  BB: 402016 in func 401f80 with 3 insts
    I: 402016
    I: 402019
    I: 40201e (flow 4025ed)
      Successors: 402024, 4025ed
  BB: 403417 in func 401f80 with 3 insts
    I: 403417
    I: 40341b
    I: 403422 (flow 403487)
      Successors: 403487
  BB: 402217 in func 401f80 with 3 insts
    I: 402217
    I: 40221a
    I: 40221f (flow 403049)
      Successors: 403049, 402225
  BB: 402418 in func 401f80 with 3 insts
    I: 402418
    I: 40241b
    I: 402420 (flow 402eec)
      Successors: 402eec, 402426
  BB: 40261e in func 401f80 with 2 insts
    I: 40261e
    I: 402625 (flow 403487)
      Successors: 403487
  BB: 402e20 in func 401f80 with 7 insts
    I: 402e20
    I: 402e23
    I: 402e28
    I: 402e2d
    I: 402e30
    I: 402e33
    I: 402e36 (flow 403487)
      Successors: 403487
  BB: 402024 in func 401f80 with 1 insts
    I: 402024 (flow 402029)
      Successors: 402029
  BB: 402225 in func 401f80 with 1 insts
    I: 402225 (flow 40222a)
      Successors: 40222a
  BB: 402426 in func 401f80 with 1 insts
    I: 402426 (flow 40242b)
      Successors: 40242b
  BB: 403427 in func 401f80 with 4 insts
    I: 403427
    I: 40342b
    I: 40342f
    I: 403436 (flow 403487)
      Successors: 403487
  BB: 402029 in func 401f80 with 3 insts
    I: 402029
    I: 40202c
    I: 402031 (flow 4027aa)
      Successors: 4027aa, 402037
  BB: 40222a in func 401f80 with 3 insts
    I: 40222a
    I: 40222d
    I: 402232 (flow 402b13)
      Successors: 402238, 402b13
  BB: 40242b in func 401f80 with 3 insts
    I: 40242b
    I: 40242e
    I: 402433 (flow 40330b)
      Successors: 402439, 40330b
  BB: 40262a in func 401f80 with 17 insts
    I: 40262a (flow 401160)
    I: 40262f
    I: 402633
    I: 402635
    I: 40263a (flow 4060e0)
    I: 40263f
    I: 402643
    I: 402645
    I: 40264a (flow 4060e0)
    I: 40264f
    I: 402653
    I: 402655
    I: 40265a (flow 4060e0)
    I: 40265f
    I: 402663
    I: 402669
    I: 402670 (flow 403487)
      Successors: 403487
  BB: 402037 in func 401f80 with 1 insts
    I: 402037 (flow 40203c)
      Successors: 40203c
  BB: 402238 in func 401f80 with 1 insts
    I: 402238 (flow 40223d)
      Successors: 40223d
  BB: 402439 in func 401f80 with 1 insts
    I: 402439 (flow 40243e)
      Successors: 40243e
  BB: 402e3b in func 401f80 with 24 insts
    I: 402e3b (imm 4060c0)
    I: 402e42
    I: 402e44 (imm 4060b0)
    I: 402e4b
    I: 402e4d
    I: 402e4f
    I: 402e55
    I: 402e58
    I: 402e5e
    I: 402e61
    I: 402e64
    I: 402e67
    I: 402e6a
    I: 402e6d
    I: 402e70
    I: 402e72
    I: 402e74
    I: 402e76
    I: 402e78
    I: 402e7d
    I: 402e82
    I: 402e85
    I: 402e88
    I: 402e8b (flow 403487)
      Successors: 403487
  BB: 40203c in func 401f80 with 3 insts
    I: 40203c
    I: 40203f
    I: 402044 (flow 402a4a)
      Successors: 40204a, 402a4a
  BB: 40223d in func 401f80 with 3 insts
    I: 40223d
    I: 402240
    I: 402245 (flow 403468)
      Successors: 403468, 40224b
  BB: 40243e in func 401f80 with 3 insts
    I: 40243e
    I: 402441
    I: 402446 (flow 403317)
      Successors: 40244c, 403317
  BB: 40343b in func 401f80 with 3 insts
    I: 40343b
    I: 40343f
    I: 403446 (flow 403487)
      Successors: 403487
  BB: 403049 in func 401f80 with 7 insts
    I: 403049
    I: 40304c
    I: 403051
    I: 403056
    I: 403059
    I: 40305c
    I: 40305f (flow 403487)
      Successors: 403487
  BB: 40204a in func 401f80 with 1 insts
    I: 40204a (flow 40204f)
      Successors: 40204f
  BB: 40224b in func 401f80 with 1 insts
    I: 40224b (flow 402250)
      Successors: 402250
  BB: 40244c in func 401f80 with 1 insts
    I: 40244c (flow 402451)
      Successors: 402451
  BB: 402a4a in func 401f80 with 2 insts
    I: 402a4a
    I: 402a51 (flow 403487)
      Successors: 403487
  BB: 40344b in func 401f80 with 7 insts
    I: 40344b
    I: 40344f
    I: 403451
    I: 403455
    I: 403457 (flow 401c70)
    I: 40345c
    I: 403463 (flow 403487)
      Successors: 403487
  BB: 40204f in func 401f80 with 3 insts
    I: 40204f
    I: 402052
    I: 402057 (flow 4031ce)
      Successors: 40205d, 4031ce
  BB: 402250 in func 401f80 with 3 insts
    I: 402250
    I: 402253
    I: 402258 (flow 40311e)
      Successors: 40225e, 40311e
  BB: 402451 in func 401f80 with 3 insts
    I: 402451
    I: 402454
    I: 402459 (flow 40314f)
      Successors: 40314f, 40245f
  BB: 403255 in func 401f80 with 2 insts
    I: 403255
    I: 40325c (flow 403487)
      Successors: 403487
  BB: 402a56 in func 401f80 with 24 insts
    I: 402a56 (imm 4060c0)
    I: 402a5d
    I: 402a5f (imm 4060b0)
    I: 402a66
    I: 402a68
    I: 402a6a
    I: 402a70
    I: 402a73
    I: 402a79
    I: 402a7c
    I: 402a7f
    I: 402a82
    I: 402a85
    I: 402a88
    I: 402a8b
    I: 402a8d
    I: 402a8f
    I: 402a91
    I: 402a93
    I: 402a98
    I: 402a9d
    I: 402aa0
    I: 402aa3
    I: 402aa6 (flow 403487)
      Successors: 403487
  BB: 40205d in func 401f80 with 1 insts
    I: 40205d (flow 402062)
      Successors: 402062
  BB: 40225e in func 401f80 with 1 insts
    I: 40225e (flow 402263)
      Successors: 402263
  BB: 40245f in func 401f80 with 1 insts
    I: 40245f (flow 402464)
      Successors: 402464
  BB: 403261 in func 401f80 with 24 insts
    I: 403261 (imm 4060c0)
    I: 403268
    I: 40326a (imm 4060b0)
    I: 403271
    I: 403273
    I: 403275
    I: 40327b
    I: 40327e
    I: 403284
    I: 403287
    I: 40328a
    I: 40328d
    I: 403290
    I: 403293
    I: 403296
    I: 403298
    I: 40329a
    I: 40329c
    I: 40329e
    I: 4032a3
    I: 4032a8
    I: 4032ab
    I: 4032ae
    I: 4032b1 (flow 403487)
      Successors: 403487
  BB: 402062 in func 401f80 with 3 insts
    I: 402062
    I: 402065
    I: 40206a (flow 403417)
      Successors: 402070, 403417
  BB: 402263 in func 401f80 with 3 insts
    I: 402263
    I: 402266
    I: 40226b (flow 403377)
      Successors: 402271, 403377
  BB: 402464 in func 401f80 with 3 insts
    I: 402464
    I: 402467
    I: 40246c (flow 402d3d)
      Successors: 402472, 402d3d
  BB: 403064 in func 401f80 with 2 insts
    I: 403064
    I: 40306b (flow 403487)
      Successors: 403487
  BB: 403468 in func 401f80 with 2 insts
    I: 403468
    I: 40346f (flow 403487)
      Successors: 403487
  BB: 402070 in func 401f80 with 1 insts
    I: 402070 (flow 402075)
      Successors: 402075
  BB: 402271 in func 401f80 with 1 insts
    I: 402271 (flow 402276)
      Successors: 402276
  BB: 402472 in func 401f80 with 1 insts
    I: 402472 (flow 402477)
      Successors: 402477
  BB: 403070 in func 401f80 with 24 insts
    I: 403070 (imm 4060c0)
    I: 403077
    I: 403079 (imm 4060b0)
    I: 403080
    I: 403082
    I: 403084
    I: 403087
    I: 403089
    I: 40308b
    I: 40308e
    I: 403091
    I: 403094
    I: 403097
    I: 40309a
    I: 40309d
    I: 40309f
    I: 4030a1
    I: 4030a3
    I: 4030a5
    I: 4030aa
    I: 4030af
    I: 4030b2
    I: 4030b5
    I: 4030b8 (flow 403487)
      Successors: 403487
  BB: 403474 in func 401f80 with 2 insts
    I: 403474
    I: 40347b (flow 403487)
      Successors: 403487
  BB: 402075 in func 401f80 with 3 insts
    I: 402075
    I: 402078
    I: 40207d (flow 4024d4)
      Successors: 402083, 4024d4
  BB: 402276 in func 401f80 with 3 insts
    I: 402276
    I: 402279
    I: 40227e (flow 4033d0)
      Successors: 4033d0, 402284
  BB: 402477 in func 401f80 with 1 insts
    I: 402477 (flow 403487)
      Successors: 403487
  BB: 402675 in func 401f80 with 40 insts
    I: 402675 (imm 4060c0)
    I: 40267c
    I: 40267e (imm 4060b0)
    I: 402685
    I: 402687
    I: 402689
    I: 40268c
    I: 40268e
    I: 402690
    I: 402693
    I: 402696
    I: 402699
    I: 40269d
    I: 4026a0
    I: 4026a4
    I: 4026a7
    I: 4026a9
    I: 4026ac
    I: 4026b0
    I: 4026b2
    I: 4026b5
    I: 4026b7
    I: 4026ba
    I: 4026bd
    I: 4026c0
    I: 4026c4
    I: 4026c7
    I: 4026ca
    I: 4026cd
    I: 4026d0
    I: 4026d3
    I: 4026d5
    I: 4026d8
    I: 4026da
    I: 4026dc
    I: 4026e1
    I: 4026e6
    I: 4026e9
    I: 4026ec
    I: 4026ef (flow 403487)
      Successors: 403487
  BB: 40247c in func 401f80 with 28 insts
    I: 40247c
    I: 402480
    I: 402484
    I: 402487
    I: 402489
    I: 40248c
    I: 402490
    I: 402492
    I: 402495
    I: 402497
    I: 40249a
    I: 40249d
    I: 4024a0
    I: 4024a4
    I: 4024a7
    I: 4024aa
    I: 4024ad
    I: 4024b0
    I: 4024b3
    I: 4024b5
    I: 4024b8
    I: 4024ba
    I: 4024bc
    I: 4024c1
    I: 4024c6
    I: 4024c9
    I: 4024cc
    I: 4024cf (flow 403487)
      Successors: 403487
  BB: 403480 in func 401f80 with 1 insts
    I: 403480
      Successors: 403487
  BB: 402083 in func 401f80 with 1 insts
    I: 402083 (flow 402088)
      Successors: 402088
  BB: 402284 in func 401f80 with 1 insts
    I: 402284 (flow 402289)
      Successors: 402289
  BB: 402885 in func 401f80 with 40 insts
    I: 402885 (imm 4060c0)
    I: 40288c
    I: 40288e (imm 4060b0)
    I: 402895
    I: 402897
    I: 402899
    I: 40289c
    I: 40289e
    I: 4028a0
    I: 4028a3
    I: 4028a6
    I: 4028a9
    I: 4028ad
    I: 4028b0
    I: 4028b4
    I: 4028b7
    I: 4028b9
    I: 4028bc
    I: 4028c0
    I: 4028c2
    I: 4028c5
    I: 4028c7
    I: 4028ca
    I: 4028cd
    I: 4028d0
    I: 4028d4
    I: 4028d7
    I: 4028da
    I: 4028dd
    I: 4028e0
    I: 4028e3
    I: 4028e5
    I: 4028e8
    I: 4028ea
    I: 4028ec
    I: 4028f1
    I: 4028f6
    I: 4028f9
    I: 4028fc
    I: 4028ff (flow 403487)
      Successors: 403487
  BB: 403487 in func 401f80 with 1 insts
    I: 403487 (flow 401fc7)
      Successors: 401fc7
  BB: 402088 in func 401f80 with 3 insts
    I: 402088
    I: 40208b
    I: 402090 (flow 4026f4)
      Successors: 4026f4, 402096
  BB: 402289 in func 401f80 with 3 insts
    I: 402289
    I: 40228c
    I: 402291 (flow 402885)
      Successors: 402885, 402297
  BB: 402e90 in func 401f80 with 29 insts
    I: 402e90
    I: 402e94
    I: 402e97
    I: 402e9a
    I: 402e9c
    I: 402e9f (imm 4060c0)
    I: 402ea6
    I: 402ea8 (imm 4060b0)
    I: 402eaf
    I: 402eb1
    I: 402eb3
    I: 402eb6
    I: 402eb8
    I: 402eba
    I: 402ebd
    I: 402ec0
    I: 402ec3
    I: 402ec6
    I: 402ec9
    I: 402ecc
    I: 402ece
    I: 402ed0
    I: 402ed2
    I: 402ed4
    I: 402ed9
    I: 402ede
    I: 402ee1
    I: 402ee4
    I: 402ee7 (flow 403487)
      Successors: 403487
  BB: 402096 in func 401f80 with 1 insts
    I: 402096 (flow 40209b)
      Successors: 40209b
  BB: 402297 in func 401f80 with 1 insts
    I: 402297 (flow 40229c)
      Successors: 40229c
  BB: 402c9a in func 401f80 with 29 insts
    I: 402c9a
    I: 402c9e
    I: 402ca1
    I: 402ca4
    I: 402ca6
    I: 402ca9 (imm 4060c0)
    I: 402cb0
    I: 402cb2 (imm 4060b0)
    I: 402cb9
    I: 402cbb
    I: 402cbd
    I: 402cc3
    I: 402cc6
    I: 402ccc
    I: 402ccf
    I: 402cd2
    I: 402cd5
    I: 402cd8
    I: 402cdb
    I: 402cde
    I: 402ce0
    I: 402ce2
    I: 402ce4
    I: 402ce6
    I: 402ceb
    I: 402cf0
    I: 402cf3
    I: 402cf6
    I: 402cf9 (flow 403487)
      Successors: 403487
  BB: 40209b in func 401f80 with 3 insts
    I: 40209b
    I: 40209e
    I: 4020a3 (flow 40333e)
      Successors: 4020a9, 40333e
  BB: 40229c in func 401f80 with 3 insts
    I: 40229c
    I: 40229f
    I: 4022a4 (flow 402962)
      Successors: 4022aa, 402962
  BB: 4020a9 in func 401f80 with 1 insts
    I: 4020a9 (flow 4020ae)
      Successors: 4020ae
  BB: 4022aa in func 401f80 with 1 insts
    I: 4022aa (flow 4022af)
      Successors: 4022af
  BB: 402aab in func 401f80 with 31 insts
    I: 402aab
    I: 402aaf
    I: 402ab1
    I: 402ab3
    I: 402ab6
    I: 402ab8
    I: 402abc
    I: 402abe (imm 4060c0)
    I: 402ac5
    I: 402ac7 (imm 4060b0)
    I: 402ace
    I: 402ad0
    I: 402ad2
    I: 402ad8
    I: 402adb
    I: 402ae1
    I: 402ae4
    I: 402ae7
    I: 402aea
    I: 402aed
    I: 402af0
    I: 402af3
    I: 402af5
    I: 402af7
    I: 402af9
    I: 402afb
    I: 402b00
    I: 402b05
    I: 402b08
    I: 402b0b
    I: 402b0e (flow 403487)
      Successors: 403487
  BB: 4020ae in func 401f80 with 3 insts
    I: 4020ae
    I: 4020b1
    I: 4020b6 (flow 4030bd)
      Successors: 4020bc, 4030bd
  BB: 4022af in func 401f80 with 3 insts
    I: 4022af
    I: 4022b2
    I: 4022b7 (flow 403112)
      Successors: 403112, 4022bd
  BB: 4032b6 in func 401f80 with 24 insts
    I: 4032b6 (imm 4060c0)
    I: 4032bd
    I: 4032bf (imm 4060b0)
    I: 4032c6
    I: 4032c8
    I: 4032ca
    I: 4032d0
    I: 4032d3
    I: 4032d9
    I: 4032dc
    I: 4032df
    I: 4032e2
    I: 4032e5
    I: 4032e8
    I: 4032eb
    I: 4032ed
    I: 4032ef
    I: 4032f1
    I: 4032f3
    I: 4032f8
    I: 4032fd
    I: 403300
    I: 403303
    I: 403306 (flow 403487)
      Successors: 403487
  BB: 4020bc in func 401f80 with 1 insts
    I: 4020bc (flow 4020c1)
      Successors: 4020c1
  BB: 4022bd in func 401f80 with 1 insts
    I: 4022bd (flow 4022c2)
      Successors: 4022c2
  BB: 4030bd in func 401f80 with 24 insts
    I: 4030bd (imm 4060c0)
    I: 4030c4
    I: 4030c6 (imm 4060b0)
    I: 4030cd
    I: 4030cf
    I: 4030d1
    I: 4030d7
    I: 4030da
    I: 4030e0
    I: 4030e3
    I: 4030e6
    I: 4030e9
    I: 4030ec
    I: 4030ef
    I: 4030f2
    I: 4030f4
    I: 4030f6
    I: 4030f8
    I: 4030fa
    I: 4030ff
    I: 403104
    I: 403107
    I: 40310a
    I: 40310d (flow 403487)
      Successors: 403487
  BB: 4020c1 in func 401f80 with 3 insts
    I: 4020c1
    I: 4020c4
    I: 4020c9 (flow 402e20)
      Successors: 402e20, 4020cf
  BB: 4022c2 in func 401f80 with 3 insts
    I: 4022c2
    I: 4022c5
    I: 4022ca (flow 402d19)
      Successors: 4022d0, 402d19
  BB: 4020cf in func 401f80 with 1 insts
    I: 4020cf (flow 4020d4)
      Successors: 4020d4
  BB: 4022d0 in func 401f80 with 1 insts
    I: 4022d0 (flow 4022d5)
      Successors: 4022d5
  BB: 4020d4 in func 401f80 with 3 insts
    I: 4020d4
    I: 4020d7
    I: 4020dc (flow 402aab)
      Successors: 4020e2, 402aab
  BB: 4022d5 in func 401f80 with 3 insts
    I: 4022d5
    I: 4022d8
    I: 4022dd (flow 402cfe)
      Successors: 4022e3, 402cfe
  BB: 4024d4 in func 401f80 with 80 insts
    I: 4024d4
    I: 4024d7
    I: 4024db
    I: 4024de
    I: 4024e1
    I: 4024e5
    I: 4024e8
    I: 4024ec
    I: 4024ef
    I: 4024f3
    I: 4024f6
    I: 4024fa
    I: 4024fd
    I: 402501
    I: 402504
    I: 402508
    I: 40250b
    I: 40250f
    I: 402512
    I: 402516
    I: 402519
    I: 40251d
    I: 402520
    I: 402524
    I: 402527
    I: 40252b
    I: 40252e
    I: 402532
    I: 402535
    I: 402539
    I: 40253c
    I: 402540
    I: 402543
    I: 402547
    I: 40254a
    I: 40254e
    I: 402551
    I: 402555
    I: 402558
    I: 40255c
    I: 402562 (imm 4060c0)
    I: 402569
    I: 40256b (imm 4060b0)
    I: 402572
    I: 402574
    I: 402576
    I: 402579
    I: 40257b
    I: 40257d
    I: 402580
    I: 402583
    I: 402586
    I: 40258a
    I: 40258d
    I: 402591
    I: 402594
    I: 402596
    I: 402599
    I: 40259d
    I: 40259f
    I: 4025a2
    I: 4025a4
    I: 4025a7
    I: 4025aa
    I: 4025ad
    I: 4025b1
    I: 4025b4
    I: 4025b7
    I: 4025ba
    I: 4025bd
    I: 4025c0
    I: 4025c2
    I: 4025c5
    I: 4025c7
    I: 4025c9
    I: 4025ce
    I: 4025d3
    I: 4025d6
    I: 4025d9
    I: 4025dc (flow 403487)
      Successors: 403487
  BB: 4020e2 in func 401f80 with 1 insts
    I: 4020e2 (flow 4020e7)
      Successors: 4020e7
  BB: 4022e3 in func 401f80 with 1 insts
    I: 4022e3 (flow 4022e8)
      Successors: 4022e8
  BB: 4020e7 in func 401f80 with 3 insts
    I: 4020e7
    I: 4020ea
    I: 4020ef (flow 402a56)
      Successors: 4020f5, 402a56
  BB: 4022e8 in func 401f80 with 3 insts
    I: 4022e8
    I: 4022eb
    I: 4022f0 (flow 40278f)
      Successors: 4022f6, 40278f
  BB: 402eec in func 401f80 with 7 insts
    I: 402eec
    I: 402eef
    I: 402ef4
    I: 402ef9
    I: 402efc
    I: 402eff
    I: 402f02 (flow 403487)
      Successors: 403487
  BB: 4026f4 in func 401f80 with 47 insts
    I: 4026f4
    I: 4026f8
    I: 4026fa
    I: 4026fe
    I: 402700
    I: 402703
    I: 402705
    I: 402708 (imm 4060c0)
    I: 40270f
    I: 402711 (imm 4060b0)
    I: 402718
    I: 40271a
    I: 40271c
    I: 402722
    I: 402725
    I: 40272b
    I: 40272e
    I: 402731
    I: 402734
    I: 402738
    I: 40273b
    I: 40273f
    I: 402742
    I: 402744
    I: 402747
    I: 40274b
    I: 40274d
    I: 402750
    I: 402752
    I: 402755
    I: 402758
    I: 40275b
    I: 40275f
    I: 402762
    I: 402765
    I: 402768
    I: 40276b
    I: 40276e
    I: 402770
    I: 402773
    I: 402775
    I: 402777
    I: 40277c
    I: 402781
    I: 402784
    I: 402787
    I: 40278a (flow 403487)
      Successors: 403487
  BB: 4020f5 in func 401f80 with 1 insts
    I: 4020f5 (flow 4020fa)
      Successors: 4020fa
  BB: 4022f6 in func 401f80 with 1 insts
    I: 4022f6 (flow 4022fb)
      Successors: 4022fb
  BB: 4020fa in func 401f80 with 3 insts
    I: 4020fa
    I: 4020fd
    I: 402102 (flow 4025e1)
      Successors: 402108, 4025e1
  BB: 4022fb in func 401f80 with 3 insts
    I: 4022fb
    I: 4022fe
    I: 402303 (flow 402f07)
      Successors: 402309, 402f07
  BB: 402cfe in func 401f80 with 7 insts
    I: 402cfe
    I: 402d01
    I: 402d06
    I: 402d0b
    I: 402d0e
    I: 402d11
    I: 402d14 (flow 403487)
      Successors: 403487
  BB: 402904 in func 401f80 with 29 insts
    I: 402904
    I: 402908
    I: 40290a
    I: 40290e
    I: 402910 (flow 401500)
    I: 402915 (imm 4060c0)
    I: 40291c
    I: 40291e (imm 4060b0)
    I: 402925
    I: 402927
    I: 402929
    I: 40292c
    I: 40292e
    I: 402930
    I: 402933
    I: 402936
    I: 402939
    I: 40293c
    I: 40293f
    I: 402942
    I: 402944
    I: 402946
    I: 402948
    I: 40294a
    I: 40294f
    I: 402954
    I: 402957
    I: 40295a
    I: 40295d (flow 403487)
      Successors: 403487
  BB: 402f07 in func 401f80 with 6 insts
    I: 402f07
    I: 402f0b
    I: 402f0d
    I: 402f11
    I: 402f13
    I: 402f1a (flow 403487)
      Successors: 403487
  BB: 402108 in func 401f80 with 1 insts
    I: 402108 (flow 40210d)
      Successors: 40210d
  BB: 402309 in func 401f80 with 1 insts
    I: 402309 (flow 40230e)
      Successors: 40230e
  BB: 40330b in func 401f80 with 2 insts
    I: 40330b
    I: 403312 (flow 403487)
      Successors: 403487
  BB: 40210d in func 401f80 with 3 insts
    I: 40210d
    I: 402110
    I: 402115 (flow 4033f7)
      Successors: 40211b, 4033f7
  BB: 40230e in func 401f80 with 3 insts
    I: 40230e
    I: 402311
    I: 402316 (flow 4029f5)
      Successors: 40231c, 4029f5
  BB: 403112 in func 401f80 with 2 insts
    I: 403112
    I: 403119 (flow 403487)
      Successors: 403487
  BB: 402b13 in func 401f80 with 2 insts
    I: 402b13
    I: 402b1a (flow 403487)
      Successors: 403487
  BB: 403317 in func 401f80 with 9 insts
    I: 403317
    I: 40331b
    I: 40331d
    I: 403323
    I: 403326
    I: 40332c
    I: 403330
    I: 403332
    I: 403339 (flow 403487)
      Successors: 403487
  BB: 402d19 in func 401f80 with 9 insts
    I: 402d19
    I: 402d1d
    I: 402d20
    I: 402d24
    I: 402d29
    I: 402d2e
    I: 402d32
    I: 402d35
    I: 402d38 (flow 403487)
      Successors: 403487
  BB: 40211b in func 401f80 with 1 insts
    I: 40211b (flow 402120)
      Successors: 402120
  BB: 40231c in func 401f80 with 1 insts
    I: 40231c (flow 402321)
      Successors: 402321
  BB: 40311e in func 401f80 with 13 insts
    I: 40311e
    I: 403122
    I: 403125
    I: 403129
    I: 40312c
    I: 403130
    I: 403133
    I: 403137
    I: 40313c
    I: 403141
    I: 403144
    I: 403147
    I: 40314a (flow 403487)
      Successors: 403487
  BB: 402b1f in func 401f80 with 24 insts
    I: 402b1f (imm 4060c0)
    I: 402b26
    I: 402b28 (imm 4060b0)
    I: 402b2f
    I: 402b31
    I: 402b33
    I: 402b36
    I: 402b38
    I: 402b3a
    I: 402b3d
    I: 402b40
    I: 402b43
    I: 402b46
    I: 402b49
    I: 402b4c
    I: 402b4e
    I: 402b50
    I: 402b52
    I: 402b54
    I: 402b59
    I: 402b5e
    I: 402b61
    I: 402b64
    I: 402b67 (flow 403487)
      Successors: 403487
  BB: 402120 in func 401f80 with 3 insts
    I: 402120
    I: 402123
    I: 402128 (flow 403480)
      Successors: 403480, 40212e
  BB: 402321 in func 401f80 with 3 insts
    I: 402321
    I: 402324
    I: 402329 (flow 402fa6)
      Successors: 402fa6, 40232f
  BB: 402f1f in func 401f80 with 40 insts
    I: 402f1f (imm 4060c0)
    I: 402f26
    I: 402f28 (imm 4060b0)
    I: 402f2f
    I: 402f31
    I: 402f33
    I: 402f39
    I: 402f3c
    I: 402f42
    I: 402f45
    I: 402f48
    I: 402f4b
    I: 402f4f
    I: 402f52
    I: 402f56
    I: 402f59
    I: 402f5b
    I: 402f5e
    I: 402f62
    I: 402f64
    I: 402f67
    I: 402f69
    I: 402f6c
    I: 402f6f
    I: 402f72
    I: 402f76
    I: 402f79
    I: 402f7c
    I: 402f7f
    I: 402f82
    I: 402f85
    I: 402f87
    I: 402f8a
    I: 402f8c
    I: 402f8e
    I: 402f93
    I: 402f98
    I: 402f9b
    I: 402f9e
    I: 402fa1 (flow 403487)
      Successors: 403487
  BB: 40212e in func 401f80 with 1 insts
    I: 40212e (flow 402133)
      Successors: 402133
  BB: 40232f in func 401f80 with 1 insts
    I: 40232f (flow 402334)
      Successors: 402334
  BB: 402133 in func 401f80 with 3 insts
    I: 402133
    I: 402136
    I: 40213b (flow 403064)
      Successors: 402141, 403064
  BB: 402334 in func 401f80 with 3 insts
    I: 402334
    I: 402337
    I: 40233c (flow 40344b)
      Successors: 402342, 40344b
  BB: 402d3d in func 401f80 with 40 insts
    I: 402d3d (imm 4060c0)
    I: 402d44
    I: 402d46 (imm 4060b0)
    I: 402d4d
    I: 402d4f
    I: 402d51
    I: 402d54
    I: 402d56
    I: 402d58
    I: 402d5b
    I: 402d5e
    I: 402d61
    I: 402d65
    I: 402d68
    I: 402d6c
    I: 402d6f
    I: 402d71
    I: 402d74
    I: 402d78
    I: 402d7a
    I: 402d7d
    I: 402d7f
    I: 402d82
    I: 402d85
    I: 402d88
    I: 402d8c
    I: 402d8f
    I: 402d92
    I: 402d95
    I: 402d98
    I: 402d9b
    I: 402d9d
    I: 402da0
    I: 402da2
    I: 402da4
    I: 402da9
    I: 402dae
    I: 402db1
    I: 402db4
    I: 402db7 (flow 403487)
      Successors: 403487
  BB: 40333e in func 401f80 with 9 insts
    I: 40333e
    I: 403342
    I: 403344 (imm 40400d)
    I: 40334e (imm 40400a)
    I: 403358
    I: 40335b
    I: 40335f (flow 4060d0)
    I: 403364
    I: 40336b (flow 403487)
      Successors: 403487
  BB: 402141 in func 401f80 with 1 insts
    I: 402141 (flow 402146)
      Successors: 402146
  BB: 402342 in func 401f80 with 1 insts
    I: 402342 (flow 402347)
      Successors: 402347
  BB: 402146 in func 401f80 with 3 insts
    I: 402146
    I: 402149
    I: 40214e (flow 403070)
      Successors: 403070, 402154
  BB: 402347 in func 401f80 with 3 insts
    I: 402347
    I: 40234a
    I: 40234f (flow 402c13)
      Successors: 402c13, 402355
  BB: 40314f in func 401f80 with 40 insts
    I: 40314f (imm 4060c0)
    I: 403156
    I: 403158 (imm 4060b0)
    I: 40315f
    I: 403161
    I: 403163
    I: 403166
    I: 403168
    I: 40316a
    I: 40316d
    I: 403170
    I: 403173
    I: 403177
    I: 40317a
    I: 40317e
    I: 403181
    I: 403183
    I: 403186
    I: 40318a
    I: 40318c
    I: 40318f
    I: 403191
    I: 403194
    I: 403197
    I: 40319a
    I: 40319e
    I: 4031a1
    I: 4031a4
    I: 4031a7
    I: 4031aa
    I: 4031ad
    I: 4031af
    I: 4031b2
    I: 4031b4
    I: 4031b6
    I: 4031bb
    I: 4031c0
    I: 4031c3
    I: 4031c6
    I: 4031c9 (flow 403487)
      Successors: 403487
  BB: 402154 in func 401f80 with 1 insts
    I: 402154 (flow 402159)
      Successors: 402159
  BB: 402355 in func 401f80 with 1 insts
    I: 402355 (flow 40235a)
      Successors: 40235a
  BB: 402159 in func 401f80 with 3 insts
    I: 402159
    I: 40215c
    I: 402161 (flow 402e90)
      Successors: 402e90, 402167
  BB: 40235a in func 401f80 with 3 insts
    I: 40235a
    I: 40235d
    I: 402362 (flow 402c07)
      Successors: 402368, 402c07
  BB: 402962 in func 401f80 with 2 insts
    I: 402962
    I: 402969 (flow 403487)
      Successors: 403487
  BB: 402167 in func 401f80 with 1 insts
    I: 402167 (flow 40216c)
      Successors: 40216c
  BB: 402368 in func 401f80 with 1 insts
    I: 402368 (flow 40236d)
      Successors: 40236d
  BB: 40216c in func 401f80 with 3 insts
    I: 40216c
    I: 40216f
    I: 402174 (flow 403427)
      Successors: 40217a, 403427
  BB: 40236d in func 401f80 with 3 insts
    I: 40236d
    I: 402370
    I: 402375 (flow 402675)
      Successors: 40237b, 402675
  BB: 40296e in func 401f80 with 40 insts
    I: 40296e (imm 4060c0)
    I: 402975
    I: 402977 (imm 4060b0)
    I: 40297e
    I: 402980
    I: 402982
    I: 402988
    I: 40298b
    I: 402991
    I: 402994
    I: 402997
    I: 40299a
    I: 40299e
    I: 4029a1
    I: 4029a5
    I: 4029a8
    I: 4029aa
    I: 4029ad
    I: 4029b1
    I: 4029b3
    I: 4029b6
    I: 4029b8
    I: 4029bb
    I: 4029be
    I: 4029c1
    I: 4029c5
    I: 4029c8
    I: 4029cb
    I: 4029ce
    I: 4029d1
    I: 4029d4
    I: 4029d6
    I: 4029d9
    I: 4029db
    I: 4029dd
    I: 4029e2
    I: 4029e7
    I: 4029ea
    I: 4029ed
    I: 4029f0 (flow 403487)
      Successors: 403487
  BB: 402b6c in func 401f80 with 44 insts
    I: 402b6c
    I: 402b70
    I: 402b76
    I: 402b7a
    I: 402b80 (imm 4060c0)
    I: 402b87
    I: 402b89 (imm 4060b0)
    I: 402b90
    I: 402b92
    I: 402b94
    I: 402b9a
    I: 402b9d
    I: 402ba3
    I: 402ba6
    I: 402ba9
    I: 402bac
    I: 402bb0
    I: 402bb3
    I: 402bb7
    I: 402bba
    I: 402bbc
    I: 402bbf
    I: 402bc3
    I: 402bc5
    I: 402bc8
    I: 402bca
    I: 402bcd
    I: 402bd0
    I: 402bd3
    I: 402bd7
    I: 402bda
    I: 402bdd
    I: 402be0
    I: 402be3
    I: 402be6
    I: 402be8
    I: 402beb
    I: 402bed
    I: 402bef
    I: 402bf4
    I: 402bf9
    I: 402bfc
    I: 402bff
    I: 402c02 (flow 403487)
      Successors: 403487
  BB: 403370 in func 401f80 with 4 insts
    I: 403370
    I: 403372
    I: 403375
    I: 403376
      No successors
  BB: 403377 in func 401f80 with 6 insts
    I: 403377
    I: 40337a
    I: 40337e
    I: 403381
    I: 403387
    I: 40338e (flow 403487)
      Successors: 403487
  BB: 40217a in func 401f80 with 1 insts
    I: 40217a (flow 40217f)
      Successors: 40217f
  BB: 40237b in func 401f80 with 1 insts
    I: 40237b (flow 402380)
      Successors: 402380
  BB: 40217f in func 401f80 with 3 insts
    I: 40217f
    I: 402182
    I: 402187 (flow 403393)
      Successors: 403393, 40218d
  BB: 401f80 in func 401f80 with 22 insts
    Referenced by data
    I: 401f80
    I: 401f81
    I: 401f84
    I: 401f88 (imm 4060c0)
    I: 401f8f
    I: 401f91 (imm 4060b0)
    I: 401f98
    I: 401f9a
    I: 401f9c
    I: 401f9f
    I: 401fa1
    I: 401fa3
    I: 401fa6
    I: 401fa9
    I: 401fac
    I: 401faf
    I: 401fb2
    I: 401fb5
    I: 401fb8
    I: 401fbb
    I: 401fbd
    I: 401fc0
      Successors: 401fc7
  BB: 402380 in func 401f80 with 3 insts
    I: 402380
    I: 402383
    I: 402388 (flow 4033c4)
      Successors: 4033c4, 40238e
  BB: 40218d in func 401f80 with 1 insts
    I: 40218d (flow 402192)
      Successors: 402192
  BB: 40238e in func 401f80 with 1 insts
    I: 40238e (flow 402393)
      Successors: 402393
  BB: 40278f in func 401f80 with 7 insts
    I: 40278f
    I: 402792
    I: 402797
    I: 40279c
    I: 40279f
    I: 4027a2
    I: 4027a5 (flow 403487)
      Successors: 403487
  BB: 402192 in func 401f80 with 3 insts
    I: 402192
    I: 402195
    I: 40219a (flow 40247c)
      Successors: 4021a0, 40247c
  BB: 402393 in func 401f80 with 3 insts
    I: 402393
    I: 402396
    I: 40239b (flow 4033a7)
      Successors: 4023a1, 4033a7
  BB: 403393 in func 401f80 with 4 insts
    I: 403393
    I: 403397
    I: 40339b
    I: 4033a2 (flow 403487)
      Successors: 403487
  BB: 4021a0 in func 401f80 with 1 insts
    I: 4021a0 (flow 4021a5)
      Successors: 4021a5
  BB: 4023a1 in func 401f80 with 1 insts
    I: 4023a1 (flow 4023a6)
      Successors: 4023a6
  BB: 4021a5 in func 401f80 with 3 insts
    I: 4021a5
    I: 4021a8
    I: 4021ad (flow 402e3b)
      Successors: 402e3b, 4021b3
  BB: 4023a6 in func 401f80 with 3 insts
    I: 4023a6
    I: 4023a9
    I: 4023ae (flow 402c9a)
      Successors: 402c9a, 4023b4
  BB: 402fa6 in func 401f80 with 49 insts
    I: 402fa6
    I: 402faa
    I: 402fac
    I: 402fb0
    I: 402fb2 (flow 401c70)
    I: 402fb7
    I: 402fba
    I: 402fbd
    I: 402fbf
    I: 402fc2 (imm 4060c0)
    I: 402fc9
    I: 402fcb (imm 4060b0)
    I: 402fd2
    I: 402fd4
    I: 402fd6
    I: 402fdc
    I: 402fdf
    I: 402fe5
    I: 402fe8
    I: 402feb
    I: 402fee
    I: 402ff2
    I: 402ff5
    I: 402ff9
    I: 402ffc
    I: 402ffe
    I: 403001
    I: 403005
    I: 403007
    I: 40300a
    I: 40300c
    I: 40300f
    I: 403012
    I: 403015
    I: 403019
    I: 40301c
    I: 40301f
    I: 403022
    I: 403025
    I: 403028
    I: 40302a
    I: 40302d
    I: 40302f
    I: 403031
    I: 403036
    I: 40303b
    I: 40303e
    I: 403041
    I: 403044 (flow 403487)
      Successors: 403487
  BB: 4033a7 in func 401f80 with 7 insts
    I: 4033a7
    I: 4033ab
    I: 4033ad
    I: 4033b1
    I: 4033b3 (flow 401500)
    I: 4033b8
    I: 4033bf (flow 403487)
      Successors: 403487
  BB: 4027aa in func 401f80 with 60 insts
    I: 4027aa
    I: 4027ae (imm 404007)
    I: 4027b8
    I: 4027ba (flow 4060e8)
    I: 4027bf
    I: 4027c3
    I: 4027c6
    I: 4027cc
    I: 4027cf
    I: 4027d5
    I: 4027d9
    I: 4027db
    I: 4027df (flow 4060d8)
    I: 4027e4
    I: 4027e7
    I: 4027f1
    I: 4027f4
    I: 4027f8
    I: 402802
    I: 402805
    I: 402809
    I: 40280c
    I: 40280f
    I: 402815
    I: 402818
    I: 40281e
    I: 402822
    I: 402824
    I: 402828
    I: 40282b
    I: 40282f
    I: 402832
    I: 402834
    I: 402836
    I: 402838
    I: 40283b
    I: 40283d
    I: 40283f
    I: 402841
    I: 402844
    I: 402848
    I: 40284b
    I: 40284f
    I: 402852
    I: 402854
    I: 402856
    I: 402858
    I: 40285b
    I: 40285d
    I: 40285f
    I: 402861
    I: 402864
    I: 402868
    I: 40286a
    I: 40286e
    I: 402873
    I: 402878
    I: 40287a
    I: 40287d
    I: 402880 (flow 403487)
      Successors: 403487
  BB: 4021b3 in func 401f80 with 1 insts
    I: 4021b3 (flow 4021b8)
      Successors: 4021b8
  BB: 4023b4 in func 401f80 with 1 insts
    I: 4023b4 (flow 4023b9)
      Successors: 4023b9
  BB: 4021b8 in func 401f80 with 3 insts
    I: 4021b8
    I: 4021bb
    I: 4021c0 (flow 402b1f)
      Successors: 4021c6, 402b1f
  BB: 4023b9 in func 401f80 with 3 insts
    I: 4023b9
    I: 4023bc
    I: 4023c1 (flow 403261)
      Successors: 403261, 4023c7
  BB: 402dbc in func 401f80 with 31 insts
    I: 402dbc
    I: 402dc0
    I: 402dc3
    I: 402dc7
    I: 402dcb
    I: 402dce
    I: 402dd0
    I: 402dd3 (imm 4060c0)
    I: 402dda
    I: 402ddc (imm 4060b0)
    I: 402de3
    I: 402de5
    I: 402de7
    I: 402dea
    I: 402dec
    I: 402dee
    I: 402df1
    I: 402df4
    I: 402df7
    I: 402dfa
    I: 402dfd
    I: 402e00
    I: 402e02
    I: 402e04
    I: 402e06
    I: 402e08
    I: 402e0d
    I: 402e12
    I: 402e15
    I: 402e18
    I: 402e1b (flow 403487)
      Successors: 403487
  BB: 4033c4 in func 401f80 with 2 insts
    I: 4033c4
    I: 4033cb (flow 403487)
      Successors: 403487
  BB: 4021c6 in func 401f80 with 1 insts
    I: 4021c6 (flow 4021cb)
      Successors: 4021cb
  BB: 401fc7 in func 401f80 with 4 insts
    I: 401fc7
    I: 401fca
    I: 401fcd
    I: 401fd2 (flow 40343b)
      Successors: 401fd8, 40343b
  BB: 4023c7 in func 401f80 with 1 insts
    I: 4023c7 (flow 4023cc)
      Successors: 4023cc
  BB: 4021cb in func 401f80 with 3 insts
    I: 4021cb
    I: 4021ce
    I: 4021d3 (flow 40261e)
      Successors: 4021d9, 40261e
  BB: 4023cc in func 401f80 with 3 insts
    I: 4023cc
    I: 4023cf
    I: 4023d4 (flow 403474)
      Successors: 4023da, 403474
  BB: 4031ce in func 401f80 with 40 insts
    I: 4031ce (imm 4060c0)
    I: 4031d5
    I: 4031d7 (imm 4060b0)
    I: 4031de
    I: 4031e0
    I: 4031e2
    I: 4031e8
    I: 4031eb
    I: 4031f1
    I: 4031f4
    I: 4031f7
    I: 4031fa
    I: 4031fe
    I: 403201
    I: 403205
    I: 403208
    I: 40320a
    I: 40320d
    I: 403211
    I: 403213
    I: 403216
    I: 403218
    I: 40321b
    I: 40321e
    I: 403221
    I: 403225
    I: 403228
    I: 40322b
    I: 40322e
    I: 403231
    I: 403234
    I: 403236
    I: 403239
    I: 40323b
    I: 40323d
    I: 403242
    I: 403247
    I: 40324a
    I: 40324d
    I: 403250 (flow 403487)
      Successors: 403487
  BB: 4033d0 in func 401f80 with 13 insts
    I: 4033d0
    I: 4033d4
    I: 4033d6
    I: 4033d8
    I: 4033da
    I: 4033dc
    I: 4033df
    I: 4033e1
    I: 4033e3
    I: 4033e5
    I: 4033e9
    I: 4033eb
    I: 4033f2 (flow 403487)
      Successors: 403487
  BB: 401fd8 in func 401f80 with 1 insts
    I: 401fd8 (flow 401fdd)
      Successors: 401fdd
  BB: 4021d9 in func 401f80 with 1 insts
    I: 4021d9 (flow 4021de)
      Successors: 4021de
  BB: 4023da in func 401f80 with 1 insts
    I: 4023da (flow 4023df)
      Successors: 4023df
  BB: 401fdd in func 401f80 with 3 insts
    I: 401fdd
    I: 401fe0
    I: 401fe5 (flow 402dbc)
      Successors: 401feb, 402dbc
  BB: 4021de in func 401f80 with 3 insts
    I: 4021de
    I: 4021e1
    I: 4021e6 (flow 402904)
      Successors: 4021ec, 402904
  BB: 4023df in func 401f80 with 3 insts
    I: 4023df
    I: 4023e2
    I: 4023e7 (flow 402b6c)
      Successors: 402b6c, 4023ed
  BB: 4025e1 in func 401f80 with 2 insts
    I: 4025e1
    I: 4025e8 (flow 403487)
      Successors: 403487
  BB: 401feb in func 401f80 with 1 insts
    I: 401feb (flow 401ff0)
      Successors: 401ff0
  BB: 4021ec in func 401f80 with 1 insts
    I: 4021ec (flow 4021f1)
      Successors: 4021f1
  BB: 4023ed in func 401f80 with 1 insts
    I: 4023ed (flow 4023f2)
      Successors: 4023f2
  BB: 4025ed in func 401f80 with 11 insts
    I: 4025ed
    I: 4025f1 (imm 404004)
    I: 4025fb
    I: 4025fd (flow 4060e8)
    I: 402602
    I: 402606
    I: 40260b
    I: 402610
    I: 402613
    I: 402616
    I: 402619 (flow 403487)
      Successors: 403487
  BB: 401ff0 in func 401f80 with 3 insts
    I: 401ff0
    I: 401ff3
    I: 401ff8 (flow 402f1f)
      Successors: 401ffe, 402f1f
  BB: 4021f1 in func 401f80 with 3 insts
    I: 4021f1
    I: 4021f4
    I: 4021f9 (flow 4032b6)
      Successors: 4032b6, 4021ff
  BB: 4023f2 in func 401f80 with 3 insts
    I: 4023f2
    I: 4023f5
    I: 4023fa (flow 40296e)
      Successors: 402400, 40296e
  BB: 4029f5 in func 401f80 with 24 insts
    I: 4029f5 (imm 4060c0)
    I: 4029fc
    I: 4029fe (imm 4060b0)
    I: 402a05
    I: 402a07
    I: 402a09
    I: 402a0f
    I: 402a12
    I: 402a18
    I: 402a1b
    I: 402a1e
    I: 402a21
    I: 402a24
    I: 402a27
    I: 402a2a
    I: 402a2c
    I: 402a2e
    I: 402a30
    I: 402a32
    I: 402a37
    I: 402a3c
    I: 402a3f
    I: 402a42
    I: 402a45 (flow 403487)
      Successors: 403487
  BB: 4033f7 in func 401f80 with 6 insts
    I: 4033f7
    I: 4033fb
    I: 403401
    I: 403405
    I: 40340b
    I: 403412 (flow 403487)
      Successors: 403487
  BB: 401ffe in func 401f80 with 1 insts
    I: 401ffe (flow 402003)
      Successors: 402003
  BB: 4021ff in func 401f80 with 1 insts
    I: 4021ff (flow 402204)
      Successors: 402204
Recovering .term_proc at 40348c
  Analysing subroutine .term_proc at 40348c
    Block head at 00403499 is not code.
  Subroutine .term_proc at 40348c has 1 blocks
  BB: 40348c in func 40348c with 4 insts
    I: 40348c
    I: 403490
    I: 403494
    I: 403498
      No successors
Global Variable None
WARNING: Global constructor and destructor sections are adjacent!
Recovering region LOAD [400000, 400558) in segment LOAD
  8-byte reference at 400018 to 401070 (start)
  8-byte reference at 4000f8 to 401000 (.init_proc)
  8-byte reference at 400130 to 404000 ()
  8-byte reference at 400168 to 405de8 ()
  8-byte reference at 400280 to 404010 ()
  8-byte reference at 4002f0 to 405de8 ()
Recovering region .init [401000, 40101b) in segment .init
Recovering region LOAD [40101b, 401020) in segment LOAD
Recovering region .plt [401020, 401070) in segment .plt
Recovering region .text [401070, 40348c) in segment .text
Recovering region .fini [40348c, 403499) in segment .fini
Recovering region .rodata [404000, 404010) in segment .rodata
  Variable s at 40400a
  Variable aOk at 40400d
Recovering region .eh_frame_hdr [404010, 404054) in segment .eh_frame_hdr
Recovering region LOAD [404054, 404058) in segment LOAD
Recovering region .eh_frame [404058, 404154) in segment .eh_frame
Recovering region LOAD [404154, 404198) in segment LOAD
Recovering region .init_array [405de8, 405df8) in segment .init_array
  8-byte reference at 405de8 to 401150 ()
  8-byte reference at 405df0 to 401120 ()
Recovering region LOAD [405df8, 405fd8) in segment LOAD
Recovering region .got [405fd8, 405fe8) in segment .got
  8-byte reference at 405fd8 to 4060c8 (__libc_start_main)
  8-byte reference at 405fe0 to 4060f0 (__gmon_start__)
Recovering region .got.plt [405fe8, 406020) in segment .got.plt
  8-byte reference at 406000 to 4060d0 (puts)
  8-byte reference at 406008 to 4060d8 (strlen)
  8-byte reference at 406010 to 4060e0 (memset)
  8-byte reference at 406018 to 4060e8 (__isoc99_scanf)
Recovering region .data [406020, 406030) in segment .data
Recovering region .bss [406030, 4060c8) in segment .bss
Recovering extern function puts at 401030
Recovering extern function strlen at 401040
Recovering extern function memset at 401050
Recovering extern function __isoc99_scanf at 401060
Recovering extern function __libc_start_main at 4060c8
Recovering extern function puts at 4060d0
Recovering extern function strlen at 4060d8
Recovering extern function memset at 4060e0
Recovering extern function __isoc99_scanf at 4060e8
Recovering extern function __gmon_start__ at 4060f0
Recovered 11 functions.
Saving to: /home/ubuntu/capstone_project/result/pipeline_20260629_141746/s166576559_fla_bcf_instsub.cfg
Done analysis!
