Debugging is enabled.
Loading Standard Definitions file: /home/ubuntu/capstone_project/dependency/mcsema/mcsema/lib/python3/site-packages/mcsema_disass-3.1.3.8-py3.8.egg/mcsema_disass/defs/linux.txt
Using Batch mode.
Starting analysis
Recovering module s166576559_bcf_instsub.elf
Found main at 401820
Looking for instructions in segment .init
  Default block heads for function 401000 with loose bounds [401000, 40101b)
    block [401000, 401014)
    block [401014, 401016)
    block [401016, 40101b)
    chunk [401000, 40101b)
Looking for instructions in segment .plt
  Default block heads for function 401020 with loose bounds [401020, 40102c)
    block [401020, 40102c)
    chunk [401020, 40102c)
  Default block heads for function 401030 with loose bounds [401030, 401036)
    block [401030, 401036)
    chunk [401030, 401036)
  Default block heads for function 401040 with loose bounds [401040, 401046)
    block [401040, 401046)
    chunk [401040, 401046)
  Default block heads for function 401050 with loose bounds [401050, 401056)
    block [401050, 401056)
    chunk [401050, 401056)
  Default block heads for function 401060 with loose bounds [401060, 401066)
    block [401060, 401066)
    chunk [401060, 401066)
Looking for instructions in segment .text
  Default block heads for function 401070 with loose bounds [401070, 401096)
    block [401070, 401096)
    chunk [401070, 401096)
  Default block heads for function 4010b0 with loose bounds [4010b0, 4010d1)
    block [4010b0, 4010bd)
    block [4010bd, 4010c7)
    block [4010c7, 4010ce)
    block [4010d0, 4010d1)
    chunk [4010b0, 4010d1)
  Default block heads for function 401120 with loose bounds [401120, 401141)
    block [401120, 40112d)
    block [40112d, 40113f)
    block [401140, 401141)
    chunk [401120, 401141)
  Default block heads for function 401150 with loose bounds [401150, 401156)
    block [401150, 401156)
    chunk [401150, 401156)
    chunk [4010e0, 401111)
  Default block heads for function 401160 with loose bounds [401160, 40146f)
    block [401160, 4011e0)
    block [4011e0, 4011e5)
    block [4011e5, 401269)
    block [401269, 40126e)
    block [40126e, 401273)
    block [401273, 4012eb)
    block [4012eb, 4012f0)
    block [4012f0, 40133a)
    block [40133a, 40133f)
    block [40133f, 40134a)
    block [40134a, 40134f)
    block [40134f, 40138c)
    block [40138c, 401391)
    block [401391, 401413)
    block [401413, 401418)
    block [401418, 40141d)
    block [40141d, 401439)
    block [401439, 40143e)
    block [40143e, 401453)
    block [401453, 401458)
    block [401458, 40146f)
    chunk [401160, 40146f)
  Default block heads for function 401470 with loose bounds [401470, 401634)
    block [401470, 40147a)
    block [40147a, 40148c)
    block [40148c, 4014b9)
    block [4014b9, 4014cf)
    block [4014cf, 40153f)
    block [40153f, 401544)
    block [401544, 40158f)
    block [40158f, 401594)
    block [401594, 401599)
    block [401599, 40159e)
    block [40159e, 4015b0)
    block [4015b0, 4015dd)
    block [4015dd, 4015f3)
    block [4015f3, 4015fe)
    block [4015fe, 40160a)
    block [40160a, 401627)
    block [401627, 401629)
    block [401629, 401634)
    chunk [401470, 401634)
  Default block heads for function 401640 with loose bounds [401640, 40181e)
    block [401640, 40164a)
    block [40164a, 40165c)
    block [40165c, 401689)
    block [401689, 40169f)
    block [40169f, 4016aa)
    block [4016aa, 401722)
    block [401722, 401727)
    block [401727, 40179f)
    block [40179f, 4017a4)
    block [4017a4, 4017a9)
    block [4017a9, 4017bb)
    block [4017bb, 4017e8)
    block [4017e8, 4017fe)
    block [4017fe, 401809)
    block [401809, 401819)
    block [401819, 40181e)
    chunk [401640, 40181e)
  Default block heads for function 401820 with loose bounds [401820, 40211c)
    block [401820, 401865)
    block [401865, 40186a)
    block [40186a, 401970)
    block [401970, 401975)
    block [401975, 40197a)
    block [40197a, 4019bf)
    block [4019bf, 4019c4)
    block [4019c4, 401a2b)
    block [401a2b, 401a30)
    block [401a30, 401a3b)
    block [401a3b, 401a40)
    block [401a40, 401ab8)
    block [401ab8, 401abd)
    block [401abd, 401b02)
    block [401b02, 401b07)
    block [401b07, 401b0c)
    block [401b0c, 401b84)
    block [401b84, 401b89)
    block [401b89, 401c38)
    block [401c38, 401c3d)
    block [401c3d, 401c42)
    block [401c42, 401c54)
    block [401c54, 401cff)
    block [401cff, 401d10)
    block [401d10, 401d15)
    block [401d15, 401d31)
    block [401d31, 401da9)
    block [401da9, 401dae)
    block [401dae, 401e32)
    block [401e32, 401e37)
    block [401e37, 401e3c)
    block [401e3c, 401e81)
    block [401e81, 401e86)
    block [401e86, 401f03)
    block [401f03, 401f08)
    block [401f08, 401f13)
    block [401f13, 401f18)
    block [401f18, 401f2d)
    block [401f2d, 401f42)
    block [401f42, 401f4f)
    block [401f4f, 401f5b)
    block [401f5b, 401f75)
    block [401f75, 401fba)
    block [401fba, 401fbf)
    block [401fbf, 402004)
    block [402004, 402009)
    block [402009, 40200e)
    block [40200e, 402013)
    block [402013, 402031)
    block [402031, 402036)
    block [402036, 40203b)
    block [40203b, 40204f)
    block [40204f, 40207a)
    block [40207a, 402081)
    block [402081, 402096)
    block [402096, 4020b0)
    block [4020b0, 4020b5)
    block [4020b5, 4020f9)
    block [4020f9, 402112)
    block [402112, 402117)
    block [402117, 40211c)
    chunk [401820, 40211c)
Looking for instructions in segment .fini
  Default block heads for function 40211c with loose bounds [40211c, 402129)
    block [40211c, 402129)
    chunk [40211c, 402129)
Looking for strings in segment .rodata [403000, 403010)
  Found string b'NG' of length 3 at 40300a, jumping to 40300d
  Found string b'OK' of length 3 at 40300d, jumping to 403010
Looking for strings in segment .eh_frame_hdr [403010, 403054)
Looking for strings in segment .eh_frame [403058, 403154)
Looking for strings in segment .init_array [404de8, 404df0)
Looking for strings in segment .fini_array [404df0, 404df8)
Looking for strings in segment .got [404fd8, 404fe8)
Looking for strings in segment .got.plt [404fe8, 405020)
Looking for strings in segment .data [405020, 405030)
Looking for strings in segment .bss [405030, 4050c8)
Looking for strings in segment extern [4050c8, 4050f8)
Looking for cross-references in segment .init [401000, 40101b)
Looking for cross-references in segment .plt [401020, 401070)
  Stopping scan at 40102c
Looking for cross-references in segment .text [401070, 40211c)
  Stopping scan at 40109c
  Stopping scan at 4010ac
  Stopping scan at ffffffffffffffff
  Stopping scan at 4010dc
  Stopping scan at 40111c
  Stopping scan at ffffffffffffffff
  Stopping scan at 40114c
  Stopping scan at 40115c
  Stopping scan at ffffffffffffffff
  Stopping scan at 40163c
  Stopping scan at ffffffffffffffff
Looking for cross-references in segment .fini [40211c, 402129)
Looking for cross-references in segment .rodata [403000, 403010)
  Stopping scan at 40300c
Looking for cross-references in segment .eh_frame_hdr [403010, 403054)
  Stopping scan at 403050
Looking for cross-references in segment .eh_frame [403058, 403154)
  Stopping scan at 403150
Looking for cross-references in segment .init_array [404de8, 404df0)
  Adding qword reference from 404de8 to 401150
  Stopping scan at 404de8
Looking for cross-references in segment .fini_array [404df0, 404df8)
  Adding qword reference from 404df0 to 401120
  Stopping scan at 404df0
Looking for cross-references in segment .got [404fd8, 404fe8)
  Adding qword reference from 404fd8 to 4050c8
  Adding qword reference from 404fe0 to 4050f0
  Stopping scan at 404fe0
Looking for cross-references in segment .got.plt [404fe8, 405020)
  Adding qword reference from 405000 to 4050d0
  Adding qword reference from 405008 to 4050d8
  Adding qword reference from 405010 to 4050e0
  Adding qword reference from 405018 to 4050e8
  Stopping scan at 405018
Looking for cross-references in segment .data [405020, 405030)
  Stopping scan at 40502c
Looking for cross-references in segment .bss [405030, 4050c8)
  Stopping scan at 4050c4
Looking for cross-references in segment extern [4050c8, 4050f8)
  Stopping scan at 4050f4
Looking for thunks
  Found thunk for puts targeting 4050d0 at 401030
  Found thunk for strlen targeting 4050d8 at 401040
  Found thunk for memset targeting 4050e0 at 401050
  Found thunk for __isoc99_scanf targeting 4050e8 at 401060
Looking for external symbols
  Function at 401030 is the external function puts
  Function at 401040 is the external function strlen
  Function at 401050 is the external function memset
  Function at 401060 is the external function __isoc99_scanf
  Function at 4050c8 is the external function __libc_start_main
  Function at 4050d0 is the external function puts
  Function at 4050d8 is the external function strlen
  Function at 4050e0 is the external function memset
  Function at 4050e8 is the external function __isoc99_scanf
  Function at 4050f0 is the external function __gmon_start__
Looking for entrypoints
Recovering .init_proc at 401000
  Analysing subroutine .init_proc at 401000
    Block head at 0040101b is not code.
  Subroutine .init_proc at 401000 has 3 blocks
  BB: 401000 in func 401000 with 5 insts
    Referenced by data
    I: 401000
    I: 401004
    I: 401008 (mem 404fe0)
    I: 40100f
    I: 401012 (flow 401016)
      Successors: 401014, 401016
  BB: 401014 in func 401000 with 1 insts
    I: 401014
      Successors: 401016
  BB: 401016 in func 401000 with 2 insts
    I: 401016
    I: 40101a
      No successors
Recovering 401020
  Analysing subroutine sub_401020 at 401020
  WARNING: No table entries for indirect jump at 401026; Adding next_ea 40102c as successor.
  Subroutine sub_401020 at 401020 has 2 blocks
  WARNING: No table entries for indirect jump at 401026; Adding next_ea 40102c as successor.
  BB: 401020 in func 401020 with 2 insts
    I: 401020 (mem 404ff0)
    I: 401026 (mem 404ff8)
      Successors: 40102c
  BB: 40102c in func 401020 with 1 insts
    I: 40102c
      No successors
Recovering start at 401070
  Analysing subroutine start at 401070
  Subroutine start at 401070 has 3 blocks
  BB: 401070 in func 401070 with 13 insts
    Referenced by data
    I: 401070
    I: 401074
    I: 401076
    I: 401079
    I: 40107a
    I: 40107d
    I: 401081
    I: 401082
    I: 401083
    I: 401086
    I: 401088 (imm 401820)
    I: 40108f (mem 404fd8)
    I: 401095
      No successors
  BB: 4010a5 in func 401070 with 2 insts
    I: 4010a5
    I: 4010af
      No successors
  BB: 401096 in func 401070 with 3 insts
    I: 401096
    I: 4010a0
    I: 4010a4
      No successors
Recovering 4010b0
  Analysing subroutine sub_4010B0 at 4010b0
  WARNING: No table entries for indirect jump at 4010cc; Adding next_ea 4010ce as successor.
  WARNING: No table entries for indirect jump at 40110e; Adding next_ea 401110 as successor.
  Subroutine sub_4010B0 at 4010b0 has 11 blocks
  BB: 4010e0 in func 4010b0 with 8 insts
    I: 4010e0 (imm 405030)
    I: 4010e5 (imm 405030)
    I: 4010ec
    I: 4010ef
    I: 4010f3
    I: 4010f7
    I: 4010fa
    I: 4010fd (flow 401110)
      Successors: 401110, 4010ff
  WARNING: No table entries for indirect jump at 4010cc; Adding next_ea 4010ce as successor.
  BB: 4010c7 in func 4010b0 with 2 insts
    I: 4010c7 (imm 405030)
    I: 4010cc
      Successors: 4010ce
  WARNING: No table entries for indirect jump at 40110e; Adding next_ea 401110 as successor.
  BB: 401109 in func 4010b0 with 2 insts
    I: 401109 (imm 405030)
    I: 40110e
      Successors: 401110
  BB: 4010ce in func 4010b0 with 1 insts
    I: 4010ce
      Successors: 4010d0
  BB: 4010b0 in func 4010b0 with 3 insts
    I: 4010b0 (imm 405030)
    I: 4010b5 (imm 405030)
    I: 4010bb (flow 4010d0)
      Successors: 4010d0, 4010bd
  BB: 4010d0 in func 4010b0 with 1 insts
    I: 4010d0
      No successors
  BB: 4010d1 in func 4010b0 with 2 insts
    I: 4010d1
    I: 4010d5
      Successors: 4010e0
  BB: 401110 in func 4010b0 with 1 insts
    I: 401110
      No successors
  BB: 401111 in func 4010b0 with 2 insts
    I: 401111
    I: 401115
      No successors
  BB: 4010bd in func 4010b0 with 3 insts
    I: 4010bd
    I: 4010c2
    I: 4010c5 (flow 4010d0)
      Successors: 4010d0, 4010c7
  BB: 4010ff in func 4010b0 with 3 insts
    I: 4010ff
    I: 401104
    I: 401107 (flow 401110)
      Successors: 401110, 401109
Recovering 401120
  Analysing subroutine sub_401120 at 401120
  Subroutine sub_401120 at 401120 has 5 blocks
  BB: 401120 in func 401120 with 3 insts
    Referenced by data
    I: 401120
    I: 401124 (mem 405030)
    I: 40112b (flow 401140)
      Successors: 401140, 40112d
  BB: 401141 in func 401120 with 2 insts
    I: 401141
    I: 401145
      No successors
  BB: 401140 in func 401120 with 1 insts
    I: 401140
      No successors
  BB: 40112d in func 401120 with 6 insts
    I: 40112d
    I: 40112e
    I: 401131 (flow 4010b0)
    I: 401136 (mem 405030)
    I: 40113d
    I: 40113e
      No successors
  BB: 40113f in func 401120 with 1 insts
    I: 40113f
      Successors: 401140
Recovering 401150
  Analysing subroutine sub_401150 at 401150
  WARNING: No table entries for indirect jump at 40110e; Adding next_ea 401110 as successor.
  Subroutine sub_401150 at 401150 has 6 blocks
  BB: 4010e0 in func 401150 with 8 insts
    I: 4010e0 (imm 405030)
    I: 4010e5 (imm 405030)
    I: 4010ec
    I: 4010ef
    I: 4010f3
    I: 4010f7
    I: 4010fa
    I: 4010fd (flow 401110)
      Successors: 401110, 4010ff
  WARNING: No table entries for indirect jump at 40110e; Adding next_ea 401110 as successor.
  BB: 401109 in func 401150 with 2 insts
    I: 401109 (imm 405030)
    I: 40110e
      Successors: 401110
  BB: 401150 in func 401150 with 2 insts
    Referenced by data
    I: 401150
    I: 401154 (flow 4010e0)
      Successors: 4010e0
  BB: 401110 in func 401150 with 1 insts
    I: 401110
      No successors
  BB: 401156 in func 401150 with 1 insts
    I: 401156
      No successors
  BB: 4010ff in func 401150 with 3 insts
    I: 4010ff
    I: 401104
    I: 401107 (flow 401110)
      Successors: 401110, 401109
Recovering 401160
  Analysing subroutine sub_401160 at 401160
  Subroutine sub_401160 at 401160 has 22 blocks
  BB: 40138c in func 401160 with 1 insts
    I: 40138c (flow 401458)
      Successors: 401458
  BB: 401391 in func 401160 with 39 insts
    I: 401391
    I: 401395
    I: 401398 (disp 405040)
    I: 4013a3 (imm 4050a8)
    I: 4013aa
    I: 4013ac (imm 4050b8)
    I: 4013b3
    I: 4013b5
    I: 4013b7
    I: 4013ba
    I: 4013bc
    I: 4013be
    I: 4013c1
    I: 4013c4
    I: 4013c7
    I: 4013cb
    I: 4013ce
    I: 4013d2
    I: 4013d5
    I: 4013d8
    I: 4013db
    I: 4013df
    I: 4013e1
    I: 4013e4
    I: 4013e6
    I: 4013e8
    I: 4013eb
    I: 4013ee
    I: 4013f2
    I: 4013f5
    I: 4013f8
    I: 4013fb
    I: 4013fe
    I: 401401
    I: 401404
    I: 401407
    I: 401409
    I: 40140b
    I: 40140d (flow 401418)
      Successors: 401418, 401413
  BB: 401413 in func 401160 with 1 insts
    I: 401413 (flow 401458)
      Successors: 401458
  BB: 401418 in func 401160 with 1 insts
    I: 401418 (flow 40141d)
      Successors: 40141d
  BB: 40141d in func 401160 with 7 insts
    I: 40141d
    I: 401421
    I: 401423
    I: 401429
    I: 40142c
    I: 401432
    I: 401434 (flow 401273)
      Successors: 401273
  BB: 401439 in func 401160 with 3 insts
    I: 401439
    I: 40143c
    I: 40143d
      No successors
  BB: 40133a in func 401160 with 1 insts
    I: 40133a (flow 401453)
      Successors: 401453
  BB: 40143e in func 401160 with 5 insts
    I: 40143e
    I: 401441
    I: 401445
    I: 401448
    I: 40144e (flow 4011e5)
      Successors: 4011e5
  BB: 40133f in func 401160 with 3 insts
    I: 40133f
    I: 401342
    I: 401344 (flow 40134f)
      Successors: 40134a, 40134f
  BB: 40134a in func 401160 with 1 insts
    I: 40134a (flow 401439)
      Successors: 401439
  BB: 40134f in func 401160 with 20 insts
    I: 40134f (imm 4050a8)
    I: 401356
    I: 401358 (imm 4050b8)
    I: 40135f
    I: 401361
    I: 401363
    I: 401366
    I: 401368
    I: 40136a
    I: 40136d
    I: 401370
    I: 401373
    I: 401376
    I: 401379
    I: 40137c
    I: 40137e
    I: 401380
    I: 401382
    I: 401384
    I: 401386 (flow 401391)
      Successors: 401391, 40138c
  BB: 401453 in func 401160 with 1 insts
    I: 401453 (flow 4012f0)
      Successors: 4012f0
  BB: 401458 in func 401160 with 4 insts
    I: 401458
    I: 40145c
    I: 40145f (disp 405040)
    I: 40146a (flow 401391)
      Successors: 401391
  BB: 401160 in func 401160 with 39 insts
    I: 401160
    I: 401161
    I: 401164
    I: 401168 (imm 4050a8)
    I: 40116f
    I: 401171 (imm 4050b8)
    I: 401178
    I: 40117a
    I: 40117c
    I: 401182
    I: 401185
    I: 40118b
    I: 40118e
    I: 401191
    I: 401194
    I: 401198
    I: 40119b
    I: 40119f
    I: 4011a2
    I: 4011a5
    I: 4011a8
    I: 4011ac
    I: 4011ae
    I: 4011b1
    I: 4011b3
    I: 4011b5
    I: 4011b8
    I: 4011bb
    I: 4011bf
    I: 4011c2
    I: 4011c5
    I: 4011c8
    I: 4011cb
    I: 4011ce
    I: 4011d1
    I: 4011d4
    I: 4011d6
    I: 4011d8
    I: 4011da (flow 4011e5)
      Successors: 4011e0, 4011e5
  BB: 4011e0 in func 401160 with 1 insts
    I: 4011e0 (flow 40143e)
      Successors: 40143e
  BB: 4011e5 in func 401160 with 41 insts
    I: 4011e5
    I: 4011e8
    I: 4011ec
    I: 4011f0
    I: 4011f3
    I: 4011f9 (imm 4050a8)
    I: 401200
    I: 401202 (imm 4050b8)
    I: 401209
    I: 40120b
    I: 40120d
    I: 401210
    I: 401212
    I: 401214
    I: 401217
    I: 40121a
    I: 40121d
    I: 401221
    I: 401224
    I: 401228
    I: 40122b
    I: 40122e
    I: 401231
    I: 401235
    I: 401237
    I: 40123a
    I: 40123c
    I: 40123e
    I: 401241
    I: 401244
    I: 401248
    I: 40124b
    I: 40124e
    I: 401251
    I: 401254
    I: 401257
    I: 40125a
    I: 40125d
    I: 40125f
    I: 401261
    I: 401263 (flow 40126e)
      Successors: 401269, 40126e
  BB: 401269 in func 401160 with 1 insts
    I: 401269 (flow 40143e)
      Successors: 40143e
  BB: 4012eb in func 401160 with 1 insts
    I: 4012eb (flow 401453)
      Successors: 401453
  BB: 40126e in func 401160 with 1 insts
    I: 40126e (flow 401273)
      Successors: 401273
  BB: 40146f in func 401160 with 1 insts
    I: 40146f
      No successors
  BB: 4012f0 in func 401160 with 24 insts
    I: 4012f0
    I: 4012f4
    I: 4012f7
    I: 4012fa
    I: 4012fd (imm 4050a8)
    I: 401304
    I: 401306 (imm 4050b8)
    I: 40130d
    I: 40130f
    I: 401311
    I: 401314
    I: 401316
    I: 401318
    I: 40131b
    I: 40131e
    I: 401321
    I: 401324
    I: 401327
    I: 40132a
    I: 40132c
    I: 40132e
    I: 401330
    I: 401332
    I: 401334 (flow 40133f)
      Successors: 40133a, 40133f
  BB: 401273 in func 401160 with 36 insts
    I: 401273 (imm 4050a8)
    I: 40127a
    I: 40127c (imm 4050b8)
    I: 401283
    I: 401285
    I: 401287
    I: 40128d
    I: 401290
    I: 401296
    I: 401299
    I: 40129c
    I: 40129f
    I: 4012a3
    I: 4012a6
    I: 4012aa
    I: 4012ad
    I: 4012b0
    I: 4012b3
    I: 4012b7
    I: 4012b9
    I: 4012bc
    I: 4012be
    I: 4012c0
    I: 4012c3
    I: 4012c6
    I: 4012ca
    I: 4012cd
    I: 4012d0
    I: 4012d3
    I: 4012d6
    I: 4012d9
    I: 4012dc
    I: 4012df
    I: 4012e1
    I: 4012e3
    I: 4012e5 (flow 4012f0)
      Successors: 4012f0, 4012eb
Recovering 401470
  Analysing subroutine sub_401470 at 401470
  Subroutine sub_401470 at 401470 has 19 blocks
  BB: 40160a in func 401470 with 6 insts
    I: 40160a
    I: 40160d
    I: 401613
    I: 401616
    I: 40161c
    I: 401620 (disp 405040)
      Successors: 401627
  BB: 40148c in func 401470 with 9 insts
    I: 40148c
    I: 401490 (disp 405040)
    I: 401497
    I: 40149c
    I: 40149f
    I: 4014a4
    I: 4014a7
    I: 4014ab (disp 405040)
    I: 4014b3 (flow 4014cf)
      Successors: 4014b9, 4014cf
  BB: 40158f in func 401470 with 1 insts
    I: 40158f (flow 401629)
      Successors: 401629
  BB: 401594 in func 401470 with 1 insts
    I: 401594 (flow 40147a)
      Successors: 40147a
  BB: 401599 in func 401470 with 1 insts
    I: 401599 (flow 40159e)
      Successors: 40159e
  BB: 40159e in func 401470 with 3 insts
    I: 40159e
    I: 4015a2 (disp 405040)
    I: 4015aa (flow 4015fe)
      Successors: 4015b0, 4015fe
  BB: 401627 in func 401470 with 2 insts
    I: 401627
    I: 401628
      No successors
  BB: 401629 in func 401470 with 3 insts
    I: 401629
    I: 40162c
    I: 40162f (flow 401544)
      Successors: 401544
  BB: 4015b0 in func 401470 with 9 insts
    I: 4015b0
    I: 4015b4 (disp 405040)
    I: 4015bb
    I: 4015c0
    I: 4015c3
    I: 4015c8
    I: 4015cb
    I: 4015cf (disp 405040)
    I: 4015d7 (flow 4015f3)
      Successors: 4015f3, 4015dd
  BB: 401634 in func 401470 with 2 insts
    I: 401634
    I: 40163e
      No successors
  BB: 4014b9 in func 401470 with 4 insts
    I: 4014b9
    I: 4014bd (disp 405040)
    I: 4014c4
    I: 4014c8 (disp 405040)
      Successors: 4014cf
  BB: 40153f in func 401470 with 1 insts
    I: 40153f (flow 401629)
      Successors: 401629
  BB: 401544 in func 401470 with 22 insts
    I: 401544
    I: 401547
    I: 40154a (imm 4050c4)
    I: 401551
    I: 401553 (imm 4050b4)
    I: 40155a
    I: 40155c
    I: 40155e
    I: 401564
    I: 401567
    I: 40156d
    I: 401570
    I: 401573
    I: 401576
    I: 401579
    I: 40157c
    I: 40157f
    I: 401581
    I: 401583
    I: 401585
    I: 401587
    I: 401589 (flow 401594)
      Successors: 401594, 40158f
  BB: 4014cf in func 401470 with 36 insts
    I: 4014cf (imm 4050c4)
    I: 4014d6
    I: 4014d8 (imm 4050b4)
    I: 4014df
    I: 4014e1
    I: 4014e3
    I: 4014e6
    I: 4014e8
    I: 4014ea
    I: 4014ed
    I: 4014f0
    I: 4014f3
    I: 4014f7
    I: 4014fa
    I: 4014fe
    I: 401501
    I: 401504
    I: 401507
    I: 40150b
    I: 40150d
    I: 401510
    I: 401512
    I: 401514
    I: 401517
    I: 40151a
    I: 40151e
    I: 401521
    I: 401524
    I: 401527
    I: 40152a
    I: 40152d
    I: 401530
    I: 401533
    I: 401535
    I: 401537
    I: 401539 (flow 401544)
      Successors: 401544, 40153f
  BB: 4015dd in func 401470 with 4 insts
    I: 4015dd
    I: 4015e1 (disp 405040)
    I: 4015e8
    I: 4015ec (disp 405040)
      Successors: 4015f3
  BB: 401470 in func 401470 with 4 insts
    I: 401470
    I: 401471
    I: 401474
    I: 401477
      Successors: 40147a
  BB: 4015f3 in func 401470 with 3 insts
    I: 4015f3
    I: 4015f6
    I: 4015f9 (flow 40159e)
      Successors: 40159e
  BB: 40147a in func 401470 with 3 insts
    I: 40147a
    I: 40147e (disp 405040)
    I: 401486 (flow 401599)
      Successors: 401599, 40148c
  BB: 4015fe in func 401470 with 3 insts
    I: 4015fe
    I: 401601
    I: 401604 (flow 401627)
      Successors: 40160a, 401627
Recovering 401640
  Analysing subroutine sub_401640 at 401640
  Subroutine sub_401640 at 401640 has 17 blocks
  BB: 401640 in func 401640 with 4 insts
    I: 401640
    I: 401641
    I: 401644
    I: 401647
      Successors: 40164a
  BB: 401722 in func 401640 with 1 insts
    I: 401722 (flow 401819)
      Successors: 401819
  BB: 4017a4 in func 401640 with 1 insts
    I: 4017a4 (flow 4017a9)
      Successors: 4017a9
  BB: 401727 in func 401640 with 36 insts
    I: 401727 (imm 4050bc)
    I: 40172e
    I: 401730 (imm 4050ac)
    I: 401737
    I: 401739
    I: 40173b
    I: 401741
    I: 401744
    I: 40174a
    I: 40174d
    I: 401750
    I: 401753
    I: 401757
    I: 40175a
    I: 40175e
    I: 401761
    I: 401764
    I: 401767
    I: 40176b
    I: 40176d
    I: 401770
    I: 401772
    I: 401774
    I: 401777
    I: 40177a
    I: 40177e
    I: 401781
    I: 401784
    I: 401787
    I: 40178a
    I: 40178d
    I: 401790
    I: 401793
    I: 401795
    I: 401797
    I: 401799 (flow 4017a4)
      Successors: 4017a4, 40179f
  BB: 4017e8 in func 401640 with 4 insts
    I: 4017e8
    I: 4017ec (disp 405040)
    I: 4017f3
    I: 4017f7 (disp 405040)
      Successors: 4017fe
  BB: 401689 in func 401640 with 4 insts
    I: 401689
    I: 40168d (disp 405040)
    I: 401694
    I: 401698 (disp 405040)
      Successors: 40169f
  BB: 40164a in func 401640 with 3 insts
    I: 40164a
    I: 40164e (disp 405040)
    I: 401656 (flow 4016aa)
      Successors: 4016aa, 40165c
  BB: 4016aa in func 401640 with 36 insts
    I: 4016aa (imm 4050bc)
    I: 4016b1
    I: 4016b3 (imm 4050ac)
    I: 4016ba
    I: 4016bc
    I: 4016be
    I: 4016c4
    I: 4016c7
    I: 4016cd
    I: 4016d0
    I: 4016d3
    I: 4016d6
    I: 4016da
    I: 4016dd
    I: 4016e1
    I: 4016e4
    I: 4016e7
    I: 4016ea
    I: 4016ee
    I: 4016f0
    I: 4016f3
    I: 4016f5
    I: 4016f7
    I: 4016fa
    I: 4016fd
    I: 401701
    I: 401704
    I: 401707
    I: 40170a
    I: 40170d
    I: 401710
    I: 401713
    I: 401716
    I: 401718
    I: 40171a
    I: 40171c (flow 401727)
      Successors: 401722, 401727
  BB: 4017a9 in func 401640 with 3 insts
    I: 4017a9
    I: 4017ad (disp 405040)
    I: 4017b5 (flow 401809)
      Successors: 401809, 4017bb
  BB: 401809 in func 401640 with 7 insts
    I: 401809
    I: 40180c
    I: 40180f
    I: 401812
    I: 401814
    I: 401817
    I: 401818
      No successors
  BB: 40169f in func 401640 with 3 insts
    I: 40169f
    I: 4016a2
    I: 4016a5 (flow 40164a)
      Successors: 40164a
  BB: 40181e in func 401640 with 1 insts
    I: 40181e
      No successors
  BB: 401819 in func 401640 with 1 insts
    I: 401819 (flow 401727)
      Successors: 401727
  BB: 4017bb in func 401640 with 9 insts
    I: 4017bb
    I: 4017bf (disp 405040)
    I: 4017c6
    I: 4017cb
    I: 4017ce
    I: 4017d3
    I: 4017d6
    I: 4017da (disp 405040)
    I: 4017e2 (flow 4017fe)
      Successors: 4017e8, 4017fe
  BB: 40165c in func 401640 with 9 insts
    I: 40165c
    I: 401660 (disp 405040)
    I: 401667
    I: 40166c
    I: 40166f
    I: 401674
    I: 401677
    I: 40167b (disp 405040)
    I: 401683 (flow 40169f)
      Successors: 401689, 40169f
  BB: 4017fe in func 401640 with 3 insts
    I: 4017fe
    I: 401801
    I: 401804 (flow 4017a9)
      Successors: 4017a9
  BB: 40179f in func 401640 with 1 insts
    I: 40179f (flow 401819)
      Successors: 401819
Recovering main at 401820
  Analysing subroutine main at 401820
  Subroutine main at 401820 has 61 blocks
  BB: 401e81 in func 401820 with 1 insts
    I: 401e81 (flow 402112)
      Successors: 402112
  BB: 401b02 in func 401820 with 1 insts
    I: 401b02 (flow 4020b0)
      Successors: 4020b0
  BB: 401f03 in func 401820 with 1 insts
    I: 401f03 (flow 402112)
      Successors: 402112
  BB: 401b84 in func 401820 with 1 insts
    I: 401b84 (flow 4020b5)
      Successors: 4020b5
  BB: 402004 in func 401820 with 1 insts
    I: 402004 (flow 402117)
      Successors: 402117
  BB: 401e86 in func 401820 with 40 insts
    I: 401e86
    I: 401e8a
    I: 401e8d
    I: 401e90
    I: 401e93 (imm 4050c0)
    I: 401e9a
    I: 401e9c (imm 4050b0)
    I: 401ea3
    I: 401ea5
    I: 401ea7
    I: 401eaa
    I: 401eac
    I: 401eae
    I: 401eb1
    I: 401eb4
    I: 401eb7
    I: 401ebb
    I: 401ebe
    I: 401ec2
    I: 401ec5
    I: 401ec8
    I: 401ecb
    I: 401ecf
    I: 401ed1
    I: 401ed4
    I: 401ed6
    I: 401ed8
    I: 401edb
    I: 401ede
    I: 401ee2
    I: 401ee5
    I: 401ee8
    I: 401eeb
    I: 401eee
    I: 401ef1
    I: 401ef4
    I: 401ef7
    I: 401ef9
    I: 401efb
    I: 401efd (flow 401f08)
      Successors: 401f08, 401f03
  BB: 401b07 in func 401820 with 1 insts
    I: 401b07 (flow 40207a)
      Successors: 40207a
  BB: 401f08 in func 401820 with 3 insts
    I: 401f08
    I: 401f0b
    I: 401f0d (flow 401f18)
      Successors: 401f18, 401f13
  BB: 401b89 in func 401820 with 51 insts
    I: 401b89 (flow 401160)
    I: 401b8e
    I: 401b92
    I: 401b94
    I: 401b99 (flow 4050e0)
    I: 401b9e
    I: 401ba2
    I: 401ba4
    I: 401ba9 (flow 4050e0)
    I: 401bae
    I: 401bb2
    I: 401bb4
    I: 401bb9 (flow 4050e0)
    I: 401bbe
    I: 401bc2
    I: 401bc8 (imm 4050c0)
    I: 401bcf
    I: 401bd1 (imm 4050b0)
    I: 401bd8
    I: 401bda
    I: 401bdc
    I: 401bdf
    I: 401be1
    I: 401be3
    I: 401be6
    I: 401be9
    I: 401bec
    I: 401bf0
    I: 401bf3
    I: 401bf7
    I: 401bfa
    I: 401bfd
    I: 401c00
    I: 401c04
    I: 401c06
    I: 401c09
    I: 401c0b
    I: 401c0d
    I: 401c10
    I: 401c13
    I: 401c17
    I: 401c1a
    I: 401c1d
    I: 401c20
    I: 401c23
    I: 401c26
    I: 401c29
    I: 401c2c
    I: 401c2e
    I: 401c30
    I: 401c32 (flow 401c3d)
      Successors: 401c38, 401c3d
  BB: 402009 in func 401820 with 1 insts
    I: 402009 (flow 40204f)
      Successors: 40204f
  BB: 402081 in func 401820 with 5 insts
    I: 402081
    I: 402084
    I: 402088
    I: 40208b
    I: 402091 (flow 40186a)
      Successors: 40186a
  BB: 401b0c in func 401820 with 36 insts
    I: 401b0c (imm 4050c0)
    I: 401b13
    I: 401b15 (imm 4050b0)
    I: 401b1c
    I: 401b1e
    I: 401b20
    I: 401b26
    I: 401b29
    I: 401b2f
    I: 401b32
    I: 401b35
    I: 401b38
    I: 401b3c
    I: 401b3f
    I: 401b43
    I: 401b46
    I: 401b49
    I: 401b4c
    I: 401b50
    I: 401b52
    I: 401b55
    I: 401b57
    I: 401b59
    I: 401b5c
    I: 401b5f
    I: 401b63
    I: 401b66
    I: 401b69
    I: 401b6c
    I: 401b6f
    I: 401b72
    I: 401b75
    I: 401b78
    I: 401b7a
    I: 401b7c
    I: 401b7e (flow 401b89)
      Successors: 401b89, 401b84
  BB: 40200e in func 401820 with 1 insts
    I: 40200e (flow 402013)
      Successors: 402013
  BB: 401d10 in func 401820 with 1 insts
    I: 401d10 (flow 401d15)
      Successors: 401d15
  BB: 402112 in func 401820 with 1 insts
    I: 402112 (flow 401e86)
      Successors: 401e86
  BB: 401f13 in func 401820 with 1 insts
    I: 401f13 (flow 40204f)
      Successors: 40204f
  BB: 402013 in func 401820 with 8 insts
    I: 402013
    I: 402017
    I: 40201b
    I: 40201f
    I: 402022
    I: 402025
    I: 402028
    I: 40202b (flow 402036)
      Successors: 402031, 402036
  BB: 401d15 in func 401820 with 11 insts
    I: 401d15
    I: 401d19
    I: 401d1b
    I: 401d1d
    I: 401d1f
    I: 401d21
    I: 401d24
    I: 401d26
    I: 401d28
    I: 401d2a
    I: 401d2c (flow 401c42)
      Successors: 401c42
  BB: 402096 in func 401820 with 5 insts
    I: 402096
    I: 40209a (imm 403004)
    I: 4020a4
    I: 4020a6 (flow 4050e8)
    I: 4020ab (flow 4019c4)
      Successors: 4019c4
  BB: 402117 in func 401820 with 1 insts
    I: 402117 (flow 401fbf)
      Successors: 401fbf
  BB: 401f18 in func 401820 with 5 insts
    I: 401f18
    I: 401f1c
    I: 401f20
    I: 401f23
    I: 401f27 (flow 401f42)
      Successors: 401f42, 401f2d
  BB: 401820 in func 401820 with 23 insts
    Referenced by data
    I: 401820
    I: 401821
    I: 401824
    I: 401828 (imm 4050c0)
    I: 40182f
    I: 401831 (imm 4050b0)
    I: 401838
    I: 40183a
    I: 40183c
    I: 40183f
    I: 401841
    I: 401843
    I: 401846
    I: 401849
    I: 40184c
    I: 40184f
    I: 401852
    I: 401855
    I: 401857
    I: 401859
    I: 40185b
    I: 40185d
    I: 40185f (flow 40186a)
      Successors: 40186a, 401865
  BB: 401da9 in func 401820 with 1 insts
    I: 401da9 (flow 4020f9)
      Successors: 4020f9
  BB: 401a2b in func 401820 with 1 insts
    I: 401a2b (flow 402096)
      Successors: 402096
  BB: 401f2d in func 401820 with 5 insts
    I: 401f2d
    I: 401f31
    I: 401f35
    I: 401f38
    I: 401f3c (flow 402013)
      Successors: 401f42, 402013
  BB: 401dae in func 401820 with 40 insts
    I: 401dae
    I: 401db2
    I: 401db6
    I: 401dbc
    I: 401dc2 (imm 4050c0)
    I: 401dc9
    I: 401dcb (imm 4050b0)
    I: 401dd2
    I: 401dd4
    I: 401dd6
    I: 401dd9
    I: 401ddb
    I: 401ddd
    I: 401de0
    I: 401de3
    I: 401de6
    I: 401dea
    I: 401ded
    I: 401df1
    I: 401df4
    I: 401df7
    I: 401dfa
    I: 401dfe
    I: 401e00
    I: 401e03
    I: 401e05
    I: 401e07
    I: 401e0a
    I: 401e0d
    I: 401e11
    I: 401e14
    I: 401e17
    I: 401e1a
    I: 401e1d
    I: 401e20
    I: 401e23
    I: 401e26
    I: 401e28
    I: 401e2a
    I: 401e2c (flow 401e37)
      Successors: 401e32, 401e37
  BB: 40197a in func 401820 with 20 insts
    I: 40197a (imm 4050c0)
    I: 401981
    I: 401983 (imm 4050b0)
    I: 40198a
    I: 40198c
    I: 40198e
    I: 401994
    I: 401997
    I: 40199d
    I: 4019a0
    I: 4019a3
    I: 4019a6
    I: 4019a9
    I: 4019ac
    I: 4019af
    I: 4019b1
    I: 4019b3
    I: 4019b5
    I: 4019b7
    I: 4019b9 (flow 4019c4)
      Successors: 4019c4, 4019bf
  BB: 401a30 in func 401820 with 3 insts
    I: 401a30
    I: 401a33
    I: 401a35 (flow 401a40)
      Successors: 401a40, 401a3b
  BB: 401d31 in func 401820 with 36 insts
    I: 401d31 (imm 4050c0)
    I: 401d38
    I: 401d3a (imm 4050b0)
    I: 401d41
    I: 401d43
    I: 401d45
    I: 401d4b
    I: 401d4e
    I: 401d54
    I: 401d57
    I: 401d5a
    I: 401d5d
    I: 401d61
    I: 401d64
    I: 401d68
    I: 401d6b
    I: 401d6e
    I: 401d71
    I: 401d75
    I: 401d77
    I: 401d7a
    I: 401d7c
    I: 401d7e
    I: 401d81
    I: 401d84
    I: 401d88
    I: 401d8b
    I: 401d8e
    I: 401d91
    I: 401d94
    I: 401d97
    I: 401d9a
    I: 401d9d
    I: 401d9f
    I: 401da1
    I: 401da3 (flow 401dae)
      Successors: 401da9, 401dae
  BB: 401e32 in func 401820 with 1 insts
    I: 401e32 (flow 4020f9)
      Successors: 4020f9
  BB: 402031 in func 401820 with 1 insts
    I: 402031 (flow 40204f)
      Successors: 40204f
  BB: 4020b0 in func 401820 with 1 insts
    I: 4020b0 (flow 401abd)
      Successors: 401abd
  BB: 4020b5 in func 401820 with 16 insts
    I: 4020b5 (flow 401160)
    I: 4020ba
    I: 4020be
    I: 4020c0
    I: 4020c5 (flow 4050e0)
    I: 4020ca
    I: 4020ce
    I: 4020d0
    I: 4020d5 (flow 4050e0)
    I: 4020da
    I: 4020de
    I: 4020e0
    I: 4020e5 (flow 4050e0)
    I: 4020ea
    I: 4020ee
    I: 4020f4 (flow 401b89)
      Successors: 401b89
  BB: 402036 in func 401820 with 1 insts
    I: 402036 (flow 40203b)
      Successors: 40203b
  BB: 401e37 in func 401820 with 1 insts
    I: 401e37 (flow 401e3c)
      Successors: 401e3c
  BB: 401ab8 in func 401820 with 1 insts
    I: 401ab8 (flow 4020b0)
      Successors: 4020b0
  BB: 401c38 in func 401820 with 1 insts
    I: 401c38 (flow 4020b5)
      Successors: 4020b5
  BB: 401fba in func 401820 with 1 insts
    I: 401fba (flow 402117)
      Successors: 402117
  BB: 40203b in func 401820 with 7 insts
    I: 40203b
    I: 40203f
    I: 402041
    I: 402043
    I: 402046
    I: 402048
    I: 40204a (flow 401e3c)
      Successors: 401e3c
  BB: 401a3b in func 401820 with 1 insts
    I: 401a3b (flow 401b0c)
      Successors: 401b0c
  BB: 401e3c in func 401820 with 20 insts
    I: 401e3c (imm 4050c0)
    I: 401e43
    I: 401e45 (imm 4050b0)
    I: 401e4c
    I: 401e4e
    I: 401e50
    I: 401e56
    I: 401e59
    I: 401e5f
    I: 401e62
    I: 401e65
    I: 401e68
    I: 401e6b
    I: 401e6e
    I: 401e71
    I: 401e73
    I: 401e75
    I: 401e77
    I: 401e79
    I: 401e7b (flow 401e86)
      Successors: 401e81, 401e86
  BB: 401abd in func 401820 with 20 insts
    I: 401abd (imm 4050c0)
    I: 401ac4
    I: 401ac6 (imm 4050b0)
    I: 401acd
    I: 401acf
    I: 401ad1
    I: 401ad7
    I: 401ada
    I: 401ae0
    I: 401ae3
    I: 401ae6
    I: 401ae9
    I: 401aec
    I: 401aef
    I: 401af2
    I: 401af4
    I: 401af6
    I: 401af8
    I: 401afa
    I: 401afc (flow 401b07)
      Successors: 401b02, 401b07
  BB: 401c3d in func 401820 with 1 insts
    I: 401c3d (flow 401c42)
      Successors: 401c42
  BB: 4019bf in func 401820 with 1 insts
    I: 4019bf (flow 402096)
      Successors: 402096
  BB: 401a40 in func 401820 with 36 insts
    I: 401a40 (imm 4050c0)
    I: 401a47
    I: 401a49 (imm 4050b0)
    I: 401a50
    I: 401a52
    I: 401a54
    I: 401a5a
    I: 401a5d
    I: 401a63
    I: 401a66
    I: 401a69
    I: 401a6c
    I: 401a70
    I: 401a73
    I: 401a77
    I: 401a7a
    I: 401a7d
    I: 401a80
    I: 401a84
    I: 401a86
    I: 401a89
    I: 401a8b
    I: 401a8d
    I: 401a90
    I: 401a93
    I: 401a97
    I: 401a9a
    I: 401a9d
    I: 401aa0
    I: 401aa3
    I: 401aa6
    I: 401aa9
    I: 401aac
    I: 401aae
    I: 401ab0
    I: 401ab2 (flow 401abd)
      Successors: 401ab8, 401abd
  BB: 401fbf in func 401820 with 20 insts
    I: 401fbf (imm 4050c0)
    I: 401fc6
    I: 401fc8 (imm 4050b0)
    I: 401fcf
    I: 401fd1
    I: 401fd3
    I: 401fd9
    I: 401fdc
    I: 401fe2
    I: 401fe5
    I: 401fe8
    I: 401feb
    I: 401fee
    I: 401ff1
    I: 401ff4
    I: 401ff6
    I: 401ff8
    I: 401ffa
    I: 401ffc
    I: 401ffe (flow 402009)
      Successors: 402009, 402004
  BB: 401c42 in func 401820 with 5 insts
    I: 401c42
    I: 401c46
    I: 401c4a
    I: 401c4c
    I: 401c4e (flow 401d31)
      Successors: 401d31, 401c54
  BB: 401f42 in func 401820 with 3 insts
    I: 401f42
    I: 401f46
    I: 401f49 (flow 401f5b)
      Successors: 401f5b, 401f4f
  BB: 4019c4 in func 401820 with 28 insts
    I: 4019c4
    I: 4019c8 (imm 403004)
    I: 4019d2
    I: 4019d4 (flow 4050e8)
    I: 4019d9
    I: 4019dd
    I: 4019e0
    I: 4019e3
    I: 4019e6 (imm 4050c0)
    I: 4019ed
    I: 4019ef (imm 4050b0)
    I: 4019f6
    I: 4019f8
    I: 4019fa
    I: 401a00
    I: 401a03
    I: 401a09
    I: 401a0c
    I: 401a0f
    I: 401a12
    I: 401a15
    I: 401a18
    I: 401a1b
    I: 401a1d
    I: 401a1f
    I: 401a21
    I: 401a23
    I: 401a25 (flow 401a30)
      Successors: 401a30, 401a2b
  BB: 401f4f in func 401820 with 4 insts
    I: 401f4f
    I: 401f53
    I: 401f57
    I: 401f59
      Successors: 401f5b
  BB: 40204f in func 401820 with 8 insts
    I: 40204f
    I: 402053
    I: 402055 (imm 40300d)
    I: 40205f (imm 40300a)
    I: 402069
    I: 40206c
    I: 402070 (flow 4050d0)
    I: 402075 (flow 40197a)
      Successors: 40197a
  BB: 401c54 in func 401820 with 43 insts
    I: 401c54
    I: 401c58 (imm 403007)
    I: 401c62
    I: 401c64 (flow 4050e8)
    I: 401c69
    I: 401c6d
    I: 401c71
    I: 401c74
    I: 401c76
    I: 401c79
    I: 401c7b
    I: 401c7d (flow 4050d8)
    I: 401c82
    I: 401c86
    I: 401c8a
    I: 401c8e
    I: 401c92
    I: 401c95
    I: 401c99
    I: 401ca3
    I: 401ca6
    I: 401caa
    I: 401cb4
    I: 401cb7
    I: 401cbc
    I: 401cbf
    I: 401cc3
    I: 401cc6
    I: 401cc8
    I: 401ccb
    I: 401ccf
    I: 401cd2
    I: 401cd6
    I: 401cd9
    I: 401cdd
    I: 401ce0
    I: 401ce3
    I: 401ce9
    I: 401cec
    I: 401cf2
    I: 401cf5
    I: 401cf7
    I: 401cf9 (flow 401d10)
      Successors: 401d10, 401cff
  BB: 401f5b in func 401820 with 7 insts
    I: 401f5b
    I: 401f5f
    I: 401f63
    I: 401f65
    I: 401f67 (flow 401640)
    I: 401f6c
    I: 401f6f (flow 40200e)
      Successors: 401f75, 40200e
  BB: 401865 in func 401820 with 1 insts
    I: 401865 (flow 402081)
      Successors: 402081
  BB: 40186a in func 401820 with 76 insts
    I: 40186a
    I: 40186d
    I: 401871
    I: 401874
    I: 401877
    I: 40187b
    I: 40187f
    I: 401882
    I: 401885
    I: 401889
    I: 40188d
    I: 401890
    I: 401893
    I: 401897
    I: 40189b
    I: 40189e
    I: 4018a1
    I: 4018a5
    I: 4018a9
    I: 4018ac
    I: 4018af
    I: 4018b3
    I: 4018b7
    I: 4018ba
    I: 4018bd
    I: 4018c1
    I: 4018c5
    I: 4018c8
    I: 4018cb
    I: 4018cf
    I: 4018d3
    I: 4018d6
    I: 4018d9
    I: 4018dd
    I: 4018e1
    I: 4018e4
    I: 4018e7
    I: 4018eb
    I: 4018ef
    I: 4018f2
    I: 4018f8 (imm 4050c0)
    I: 4018ff
    I: 401901 (imm 4050b0)
    I: 401908
    I: 40190a
    I: 40190c
    I: 401912
    I: 401915
    I: 40191b
    I: 40191e
    I: 401921
    I: 401924
    I: 401928
    I: 40192b
    I: 40192f
    I: 401932
    I: 401935
    I: 401938
    I: 40193c
    I: 40193e
    I: 401941
    I: 401943
    I: 401945
    I: 401948
    I: 40194b
    I: 40194f
    I: 401952
    I: 401955
    I: 401958
    I: 40195b
    I: 40195e
    I: 401961
    I: 401964
    I: 401966
    I: 401968
    I: 40196a (flow 401975)
      Successors: 401970, 401975
  BB: 401970 in func 401820 with 1 insts
    I: 401970 (flow 402081)
      Successors: 402081
  BB: 401975 in func 401820 with 1 insts
    I: 401975 (flow 40197a)
      Successors: 40197a
  BB: 401f75 in func 401820 with 20 insts
    I: 401f75 (imm 4050c0)
    I: 401f7c
    I: 401f7e (imm 4050b0)
    I: 401f85
    I: 401f87
    I: 401f89
    I: 401f8f
    I: 401f92
    I: 401f98
    I: 401f9b
    I: 401f9e
    I: 401fa1
    I: 401fa4
    I: 401fa7
    I: 401faa
    I: 401fac
    I: 401fae
    I: 401fb0
    I: 401fb2
    I: 401fb4 (flow 401fbf)
      Successors: 401fba, 401fbf
  BB: 4020f9 in func 401820 with 5 insts
    I: 4020f9
    I: 4020fd
    I: 402101
    I: 402107
    I: 40210d (flow 401dae)
      Successors: 401dae
  BB: 40207a in func 401820 with 4 insts
    I: 40207a
    I: 40207c
    I: 40207f
    I: 402080
      No successors
  BB: 401cff in func 401820 with 5 insts
    I: 401cff
    I: 401d03
    I: 401d07
    I: 401d09
    I: 401d0b (flow 401470)
      Successors: 401d10
Recovering .term_proc at 40211c
  Analysing subroutine .term_proc at 40211c
    Block head at 00402129 is not code.
  Subroutine .term_proc at 40211c has 1 blocks
  BB: 40211c in func 40211c with 4 insts
    I: 40211c
    I: 402120
    I: 402124
    I: 402128
      No successors
Global Variable None
WARNING: Global constructor and destructor sections are adjacent!
Recovering region LOAD [400000, 400558) in segment LOAD
  8-byte reference at 400018 to 401070 (start)
  8-byte reference at 4000f8 to 401000 (.init_proc)
  8-byte reference at 400130 to 403000 ()
  8-byte reference at 400168 to 404de8 ()
  8-byte reference at 400280 to 403010 ()
  8-byte reference at 4002f0 to 404de8 ()
Recovering region .init [401000, 40101b) in segment .init
Recovering region LOAD [40101b, 401020) in segment LOAD
Recovering region .plt [401020, 401070) in segment .plt
Recovering region .text [401070, 40211c) in segment .text
Recovering region .fini [40211c, 402129) in segment .fini
Recovering region .rodata [403000, 403010) in segment .rodata
  Variable s at 40300a
  Variable aOk at 40300d
Recovering region .eh_frame_hdr [403010, 403054) in segment .eh_frame_hdr
Recovering region LOAD [403054, 403058) in segment LOAD
Recovering region .eh_frame [403058, 403154) in segment .eh_frame
Recovering region LOAD [403154, 403198) in segment LOAD
Recovering region .init_array [404de8, 404df8) in segment .init_array
  8-byte reference at 404de8 to 401150 ()
  8-byte reference at 404df0 to 401120 ()
Recovering region LOAD [404df8, 404fd8) in segment LOAD
Recovering region .got [404fd8, 404fe8) in segment .got
  8-byte reference at 404fd8 to 4050c8 (__libc_start_main)
  8-byte reference at 404fe0 to 4050f0 (__gmon_start__)
Recovering region .got.plt [404fe8, 405020) in segment .got.plt
  8-byte reference at 405000 to 4050d0 (puts)
  8-byte reference at 405008 to 4050d8 (strlen)
  8-byte reference at 405010 to 4050e0 (memset)
  8-byte reference at 405018 to 4050e8 (__isoc99_scanf)
Recovering region .data [405020, 405030) in segment .data
Recovering region .bss [405030, 4050c8) in segment .bss
Recovering extern function puts at 401030
Recovering extern function strlen at 401040
Recovering extern function memset at 401050
Recovering extern function __isoc99_scanf at 401060
Recovering extern function __libc_start_main at 4050c8
Recovering extern function puts at 4050d0
Recovering extern function strlen at 4050d8
Recovering extern function memset at 4050e0
Recovering extern function __isoc99_scanf at 4050e8
Recovering extern function __gmon_start__ at 4050f0
Recovered 11 functions.
Saving to: /home/ubuntu/capstone_project/result/pipeline_20260629_141746/s166576559_bcf_instsub.cfg
Done analysis!
