Debugging is enabled.
Loading Standard Definitions file: /home/ubuntu/capstone_project/dependency/mcsema/mcsema/lib/python3/site-packages/mcsema_disass-3.1.3.8-py3.8.egg/mcsema_disass/defs/linux.txt
Using Batch mode.
Starting analysis
Recovering module s166576559_bcf.elf
Found main at 4016b0
Looking for instructions in segment .init
  Default block heads for function 401000 with loose bounds [401000, 40101b)
    block [401000, 401014)
    block [401014, 401016)
    block [401016, 40101b)
    chunk [401000, 40101b)
Looking for instructions in segment .plt
  Default block heads for function 401020 with loose bounds [401020, 40102c)
    block [401020, 40102c)
    chunk [401020, 40102c)
  Default block heads for function 401030 with loose bounds [401030, 401036)
    block [401030, 401036)
    chunk [401030, 401036)
  Default block heads for function 401040 with loose bounds [401040, 401046)
    block [401040, 401046)
    chunk [401040, 401046)
  Default block heads for function 401050 with loose bounds [401050, 401056)
    block [401050, 401056)
    chunk [401050, 401056)
  Default block heads for function 401060 with loose bounds [401060, 401066)
    block [401060, 401066)
    chunk [401060, 401066)
Looking for instructions in segment .text
  Default block heads for function 401070 with loose bounds [401070, 401096)
    block [401070, 401096)
    chunk [401070, 401096)
  Default block heads for function 4010b0 with loose bounds [4010b0, 4010d1)
    block [4010b0, 4010bd)
    block [4010bd, 4010c7)
    block [4010c7, 4010ce)
    block [4010d0, 4010d1)
    chunk [4010b0, 4010d1)
  Default block heads for function 401120 with loose bounds [401120, 401141)
    block [401120, 40112d)
    block [40112d, 40113f)
    block [401140, 401141)
    chunk [401120, 401141)
  Default block heads for function 401150 with loose bounds [401150, 401156)
    block [401150, 401156)
    chunk [401150, 401156)
    chunk [4010e0, 401111)
  Default block heads for function 401160 with loose bounds [401160, 401219)
    block [401160, 40116b)
    block [40116b, 40119e)
    block [40119e, 4011a3)
    block [4011a3, 4011e0)
    block [4011e0, 4011e5)
    block [4011e5, 4011f0)
    block [4011f0, 4011f5)
    block [4011f5, 401212)
    block [401212, 401214)
    block [401214, 401219)
    chunk [401160, 401219)
  Default block heads for function 401220 with loose bounds [401220, 40136f)
    block [401220, 40122a)
    block [40122a, 40123c)
    block [40123c, 40125f)
    block [40125f, 401275)
    block [401275, 401280)
    block [401280, 4012b3)
    block [4012b3, 4012b8)
    block [4012b8, 4012eb)
    block [4012eb, 4012f0)
    block [4012f0, 4012f5)
    block [4012f5, 401307)
    block [401307, 40132a)
    block [40132a, 401340)
    block [401340, 40134b)
    block [40134b, 401357)
    block [401357, 401368)
    block [401368, 40136a)
    block [40136a, 40136f)
    chunk [401220, 40136f)
  Default block heads for function 401370 with loose bounds [401370, 4016ad)
    block [401370, 4013b1)
    block [4013b1, 4013b6)
    block [4013b6, 40141d)
    block [40141d, 401422)
    block [401422, 401427)
    block [401427, 40143c)
    block [40143c, 401464)
    block [401464, 401480)
    block [401480, 401491)
    block [401491, 4014c4)
    block [4014c4, 4014c9)
    block [4014c9, 4014fc)
    block [4014fc, 401501)
    block [401501, 401506)
    block [401506, 40151b)
    block [40151b, 401543)
    block [401543, 40155f)
    block [40155f, 401592)
    block [401592, 401597)
    block [401597, 4015d6)
    block [4015d6, 4015db)
    block [4015db, 4015e0)
    block [4015e0, 401613)
    block [401613, 401618)
    block [401618, 401662)
    block [401662, 401667)
    block [401667, 40166f)
    block [40166f, 401692)
    block [401692, 401697)
    block [401697, 4016a8)
    block [4016a8, 4016ad)
    chunk [401370, 4016ad)
  Default block heads for function 4016b0 with loose bounds [4016b0, 401de4)
    block [4016b0, 4016c2)
    block [4016c2, 4016e1)
    block [4016e1, 4016e6)
    block [4016e6, 401719)
    block [401719, 40171e)
    block [40171e, 401793)
    block [401793, 401798)
    block [401798, 40179d)
    block [40179d, 4017a9)
    block [4017a9, 4017dc)
    block [4017dc, 4017e1)
    block [4017e1, 40189c)
    block [40189c, 4018a1)
    block [4018a1, 4018af)
    block [4018af, 4018b4)
    block [4018b4, 4018c5)
    block [4018c5, 4018ca)
    block [4018ca, 4018fd)
    block [4018fd, 401902)
    block [401902, 40193e)
    block [40193e, 401943)
    block [401943, 401948)
    block [401948, 40197b)
    block [40197b, 401980)
    block [401980, 4019c4)
    block [4019c4, 4019c9)
    block [4019c9, 4019ce)
    block [4019ce, 4019d8)
    block [4019d8, 4019e7)
    block [4019e7, 4019f9)
    block [4019f9, 401a2c)
    block [401a2c, 401a31)
    block [401a31, 401a74)
    block [401a74, 401a79)
    block [401a79, 401a87)
    block [401a87, 401a8c)
    block [401a8c, 401abf)
    block [401abf, 401ac4)
    block [401ac4, 401b00)
    block [401b00, 401b05)
    block [401b05, 401b0a)
    block [401b0a, 401b21)
    block [401b21, 401b26)
    block [401b26, 401b59)
    block [401b59, 401b5e)
    block [401b5e, 401b91)
    block [401b91, 401b96)
    block [401b96, 401b9b)
    block [401b9b, 401bb4)
    block [401bb4, 401be7)
    block [401be7, 401bec)
    block [401bec, 401c1f)
    block [401c1f, 401c24)
    block [401c24, 401c29)
    block [401c29, 401c2e)
    block [401c2e, 401c3c)
    block [401c3c, 401c64)
    block [401c64, 401c97)
    block [401c97, 401c9c)
    block [401c9c, 401ccf)
    block [401ccf, 401cd4)
    block [401cd4, 401cdf)
    block [401cdf, 401d26)
    block [401d26, 401d9e)
    block [401d9e, 401dac)
    block [401dac, 401dc2)
    block [401dc2, 401dc7)
    block [401dc7, 401dd5)
    block [401dd5, 401dda)
    block [401dda, 401ddf)
    block [401ddf, 401de4)
    chunk [4016b0, 401de4)
Looking for instructions in segment .fini
  Default block heads for function 401de4 with loose bounds [401de4, 401df1)
    block [401de4, 401df1)
    chunk [401de4, 401df1)
Looking for strings in segment .rodata [402000, 402010)
  Found string b'NG' of length 3 at 40200a, jumping to 40200d
  Found string b'OK' of length 3 at 40200d, jumping to 402010
Looking for strings in segment .eh_frame_hdr [402010, 402054)
Looking for strings in segment .eh_frame [402058, 402154)
Looking for strings in segment .init_array [403de8, 403df0)
Looking for strings in segment .fini_array [403df0, 403df8)
Looking for strings in segment .got [403fd8, 403fe8)
Looking for strings in segment .got.plt [403fe8, 404020)
Looking for strings in segment .data [404020, 404030)
Looking for strings in segment .bss [404030, 4040c8)
Looking for strings in segment extern [4040c8, 4040f8)
Looking for cross-references in segment .init [401000, 40101b)
Looking for cross-references in segment .plt [401020, 401070)
  Stopping scan at 40102c
Looking for cross-references in segment .text [401070, 401de4)
  Stopping scan at 40109c
  Stopping scan at 4010ac
  Stopping scan at ffffffffffffffff
  Stopping scan at 4010dc
  Stopping scan at 40111c
  Stopping scan at ffffffffffffffff
  Stopping scan at 40114c
  Stopping scan at 40115c
  Stopping scan at 40121c
  Stopping scan at ffffffffffffffff
  Stopping scan at ffffffffffffffff
Looking for cross-references in segment .fini [401de4, 401df1)
Looking for cross-references in segment .rodata [402000, 402010)
  Stopping scan at 40200c
Looking for cross-references in segment .eh_frame_hdr [402010, 402054)
  Stopping scan at 402050
Looking for cross-references in segment .eh_frame [402058, 402154)
  Stopping scan at 402150
Looking for cross-references in segment .init_array [403de8, 403df0)
  Adding qword reference from 403de8 to 401150
  Stopping scan at 403de8
Looking for cross-references in segment .fini_array [403df0, 403df8)
  Adding qword reference from 403df0 to 401120
  Stopping scan at 403df0
Looking for cross-references in segment .got [403fd8, 403fe8)
  Adding qword reference from 403fd8 to 4040c8
  Adding qword reference from 403fe0 to 4040f0
  Stopping scan at 403fe0
Looking for cross-references in segment .got.plt [403fe8, 404020)
  Adding qword reference from 404000 to 4040d0
  Adding qword reference from 404008 to 4040d8
  Adding qword reference from 404010 to 4040e0
  Adding qword reference from 404018 to 4040e8
  Stopping scan at 404018
Looking for cross-references in segment .data [404020, 404030)
  Stopping scan at 40402c
Looking for cross-references in segment .bss [404030, 4040c8)
  Stopping scan at 4040c4
Looking for cross-references in segment extern [4040c8, 4040f8)
  Stopping scan at 4040f4
Looking for thunks
  Found thunk for puts targeting 4040d0 at 401030
  Found thunk for strlen targeting 4040d8 at 401040
  Found thunk for memset targeting 4040e0 at 401050
  Found thunk for __isoc99_scanf targeting 4040e8 at 401060
Looking for external symbols
  Function at 401030 is the external function puts
  Function at 401040 is the external function strlen
  Function at 401050 is the external function memset
  Function at 401060 is the external function __isoc99_scanf
  Function at 4040c8 is the external function __libc_start_main
  Function at 4040d0 is the external function puts
  Function at 4040d8 is the external function strlen
  Function at 4040e0 is the external function memset
  Function at 4040e8 is the external function __isoc99_scanf
  Function at 4040f0 is the external function __gmon_start__
Looking for entrypoints
Recovering .init_proc at 401000
  Analysing subroutine .init_proc at 401000
    Block head at 0040101b is not code.
  Subroutine .init_proc at 401000 has 3 blocks
  BB: 401000 in func 401000 with 5 insts
    Referenced by data
    I: 401000
    I: 401004
    I: 401008 (mem 403fe0)
    I: 40100f
    I: 401012 (flow 401016)
      Successors: 401014, 401016
  BB: 401014 in func 401000 with 1 insts
    I: 401014
      Successors: 401016
  BB: 401016 in func 401000 with 2 insts
    I: 401016
    I: 40101a
      No successors
Recovering 401020
  Analysing subroutine sub_401020 at 401020
  WARNING: No table entries for indirect jump at 401026; Adding next_ea 40102c as successor.
  Subroutine sub_401020 at 401020 has 2 blocks
  WARNING: No table entries for indirect jump at 401026; Adding next_ea 40102c as successor.
  BB: 401020 in func 401020 with 2 insts
    I: 401020 (mem 403ff0)
    I: 401026 (mem 403ff8)
      Successors: 40102c
  BB: 40102c in func 401020 with 1 insts
    I: 40102c
      No successors
Recovering start at 401070
  Analysing subroutine start at 401070
  Subroutine start at 401070 has 3 blocks
  BB: 401070 in func 401070 with 13 insts
    Referenced by data
    I: 401070
    I: 401074
    I: 401076
    I: 401079
    I: 40107a
    I: 40107d
    I: 401081
    I: 401082
    I: 401083
    I: 401086
    I: 401088 (imm 4016b0)
    I: 40108f (mem 403fd8)
    I: 401095
      No successors
  BB: 4010a5 in func 401070 with 2 insts
    I: 4010a5
    I: 4010af
      No successors
  BB: 401096 in func 401070 with 3 insts
    I: 401096
    I: 4010a0
    I: 4010a4
      No successors
Recovering 4010b0
  Analysing subroutine sub_4010B0 at 4010b0
  WARNING: No table entries for indirect jump at 4010cc; Adding next_ea 4010ce as successor.
  WARNING: No table entries for indirect jump at 40110e; Adding next_ea 401110 as successor.
  Subroutine sub_4010B0 at 4010b0 has 11 blocks
  BB: 4010e0 in func 4010b0 with 8 insts
    I: 4010e0 (imm 404030)
    I: 4010e5 (imm 404030)
    I: 4010ec
    I: 4010ef
    I: 4010f3
    I: 4010f7
    I: 4010fa
    I: 4010fd (flow 401110)
      Successors: 401110, 4010ff
  WARNING: No table entries for indirect jump at 4010cc; Adding next_ea 4010ce as successor.
  BB: 4010c7 in func 4010b0 with 2 insts
    I: 4010c7 (imm 404030)
    I: 4010cc
      Successors: 4010ce
  WARNING: No table entries for indirect jump at 40110e; Adding next_ea 401110 as successor.
  BB: 401109 in func 4010b0 with 2 insts
    I: 401109 (imm 404030)
    I: 40110e
      Successors: 401110
  BB: 4010ce in func 4010b0 with 1 insts
    I: 4010ce
      Successors: 4010d0
  BB: 4010b0 in func 4010b0 with 3 insts
    I: 4010b0 (imm 404030)
    I: 4010b5 (imm 404030)
    I: 4010bb (flow 4010d0)
      Successors: 4010d0, 4010bd
  BB: 4010d0 in func 4010b0 with 1 insts
    I: 4010d0
      No successors
  BB: 4010d1 in func 4010b0 with 2 insts
    I: 4010d1
    I: 4010d5
      Successors: 4010e0
  BB: 401110 in func 4010b0 with 1 insts
    I: 401110
      No successors
  BB: 401111 in func 4010b0 with 2 insts
    I: 401111
    I: 401115
      No successors
  BB: 4010bd in func 4010b0 with 3 insts
    I: 4010bd
    I: 4010c2
    I: 4010c5 (flow 4010d0)
      Successors: 4010d0, 4010c7
  BB: 4010ff in func 4010b0 with 3 insts
    I: 4010ff
    I: 401104
    I: 401107 (flow 401110)
      Successors: 401110, 401109
Recovering 401120
  Analysing subroutine sub_401120 at 401120
  Subroutine sub_401120 at 401120 has 5 blocks
  BB: 401120 in func 401120 with 3 insts
    Referenced by data
    I: 401120
    I: 401124 (mem 404030)
    I: 40112b (flow 401140)
      Successors: 401140, 40112d
  BB: 401141 in func 401120 with 2 insts
    I: 401141
    I: 401145
      No successors
  BB: 401140 in func 401120 with 1 insts
    I: 401140
      No successors
  BB: 40112d in func 401120 with 6 insts
    I: 40112d
    I: 40112e
    I: 401131 (flow 4010b0)
    I: 401136 (mem 404030)
    I: 40113d
    I: 40113e
      No successors
  BB: 40113f in func 401120 with 1 insts
    I: 40113f
      Successors: 401140
Recovering 401150
  Analysing subroutine sub_401150 at 401150
  WARNING: No table entries for indirect jump at 40110e; Adding next_ea 401110 as successor.
  Subroutine sub_401150 at 401150 has 6 blocks
  BB: 4010e0 in func 401150 with 8 insts
    I: 4010e0 (imm 404030)
    I: 4010e5 (imm 404030)
    I: 4010ec
    I: 4010ef
    I: 4010f3
    I: 4010f7
    I: 4010fa
    I: 4010fd (flow 401110)
      Successors: 401110, 4010ff
  WARNING: No table entries for indirect jump at 40110e; Adding next_ea 401110 as successor.
  BB: 401109 in func 401150 with 2 insts
    I: 401109 (imm 404030)
    I: 40110e
      Successors: 401110
  BB: 401150 in func 401150 with 2 insts
    Referenced by data
    I: 401150
    I: 401154 (flow 4010e0)
      Successors: 4010e0
  BB: 401110 in func 401150 with 1 insts
    I: 401110
      No successors
  BB: 401156 in func 401150 with 1 insts
    I: 401156
      No successors
  BB: 4010ff in func 401150 with 3 insts
    I: 4010ff
    I: 401104
    I: 401107 (flow 401110)
      Successors: 401110, 401109
Recovering 401160
  Analysing subroutine sub_401160 at 401160
  Subroutine sub_401160 at 401160 has 11 blocks
  BB: 401160 in func 401160 with 3 insts
    I: 401160
    I: 401161
    I: 401164
      Successors: 40116b
  BB: 4011e0 in func 401160 with 1 insts
    I: 4011e0 (flow 401214)
      Successors: 401214
  BB: 4011a3 in func 401160 with 18 insts
    I: 4011a3
    I: 4011a7
    I: 4011aa
    I: 4011ad (imm 4040a8)
    I: 4011b4
    I: 4011b6 (imm 4040b8)
    I: 4011bd
    I: 4011bf
    I: 4011c1
    I: 4011c4
    I: 4011c7
    I: 4011ca
    I: 4011cd
    I: 4011d0
    I: 4011d3
    I: 4011d6
    I: 4011d8
    I: 4011da (flow 4011e5)
      Successors: 4011e0, 4011e5
  BB: 4011e5 in func 401160 with 3 insts
    I: 4011e5
    I: 4011e8
    I: 4011ea (flow 4011f5)
      Successors: 4011f0, 4011f5
  BB: 40116b in func 401160 with 15 insts
    I: 40116b (imm 4040a8)
    I: 401172
    I: 401174 (imm 4040b8)
    I: 40117b
    I: 40117d
    I: 40117f
    I: 401182
    I: 401185
    I: 401188
    I: 40118b
    I: 40118e
    I: 401191
    I: 401194
    I: 401196
    I: 401198 (flow 4011a3)
      Successors: 4011a3, 40119e
  BB: 4011f0 in func 401160 with 1 insts
    I: 4011f0 (flow 401212)
      Successors: 401212
  BB: 401212 in func 401160 with 2 insts
    I: 401212
    I: 401213
      No successors
  BB: 401214 in func 401160 with 1 insts
    I: 401214 (flow 4011a3)
      Successors: 4011a3
  BB: 4011f5 in func 401160 with 6 insts
    I: 4011f5
    I: 4011f9 (disp 404040)
    I: 401204
    I: 401207
    I: 40120a
    I: 40120d (flow 40116b)
      Successors: 40116b
  BB: 401219 in func 401160 with 1 insts
    I: 401219
      No successors
  BB: 40119e in func 401160 with 1 insts
    I: 40119e (flow 401214)
      Successors: 401214
Recovering 401220
  Analysing subroutine sub_401220 at 401220
  Subroutine sub_401220 at 401220 has 19 blocks
  BB: 401280 in func 401220 with 15 insts
    I: 401280 (imm 4040c4)
    I: 401287
    I: 401289 (imm 4040b4)
    I: 401290
    I: 401292
    I: 401294
    I: 401297
    I: 40129a
    I: 40129d
    I: 4012a0
    I: 4012a3
    I: 4012a6
    I: 4012a9
    I: 4012ab
    I: 4012ad (flow 4012b8)
      Successors: 4012b8, 4012b3
  BB: 401307 in func 401220 with 7 insts
    I: 401307
    I: 40130b (disp 404040)
    I: 401312
    I: 401315
    I: 401318
    I: 40131c (disp 404040)
    I: 401324 (flow 401340)
      Successors: 401340, 40132a
  BB: 401220 in func 401220 with 4 insts
    I: 401220
    I: 401221
    I: 401224
    I: 401227
      Successors: 40122a
  BB: 40122a in func 401220 with 3 insts
    I: 40122a
    I: 40122e (disp 404040)
    I: 401236 (flow 401280)
      Successors: 401280, 40123c
  BB: 40132a in func 401220 with 4 insts
    I: 40132a
    I: 40132e (disp 404040)
    I: 401335
    I: 401339 (disp 404040)
      Successors: 401340
  BB: 4012b3 in func 401220 with 1 insts
    I: 4012b3 (flow 40136a)
      Successors: 40136a
  BB: 4012b8 in func 401220 with 15 insts
    I: 4012b8 (imm 4040c4)
    I: 4012bf
    I: 4012c1 (imm 4040b4)
    I: 4012c8
    I: 4012ca
    I: 4012cc
    I: 4012cf
    I: 4012d2
    I: 4012d5
    I: 4012d8
    I: 4012db
    I: 4012de
    I: 4012e1
    I: 4012e3
    I: 4012e5 (flow 4012f0)
      Successors: 4012f0, 4012eb
  BB: 40123c in func 401220 with 7 insts
    I: 40123c
    I: 401240 (disp 404040)
    I: 401247
    I: 40124a
    I: 40124d
    I: 401251 (disp 404040)
    I: 401259 (flow 401275)
      Successors: 401275, 40125f
  BB: 401340 in func 401220 with 3 insts
    I: 401340
    I: 401343
    I: 401346 (flow 4012f5)
      Successors: 4012f5
  BB: 40134b in func 401220 with 3 insts
    I: 40134b
    I: 40134e
    I: 401351 (flow 401368)
      Successors: 401368, 401357
  BB: 401357 in func 401220 with 4 insts
    I: 401357
    I: 40135a
    I: 40135d
    I: 401361 (disp 404040)
      Successors: 401368
  BB: 40125f in func 401220 with 4 insts
    I: 40125f
    I: 401263 (disp 404040)
    I: 40126a
    I: 40126e (disp 404040)
      Successors: 401275
  BB: 401368 in func 401220 with 2 insts
    I: 401368
    I: 401369
      No successors
  BB: 40136a in func 401220 with 1 insts
    I: 40136a (flow 4012b8)
      Successors: 4012b8
  BB: 4012eb in func 401220 with 1 insts
    I: 4012eb (flow 40136a)
      Successors: 40136a
  BB: 40136f in func 401220 with 1 insts
    I: 40136f
      No successors
  BB: 4012f0 in func 401220 with 1 insts
    I: 4012f0 (flow 4012f5)
      Successors: 4012f5
  BB: 401275 in func 401220 with 3 insts
    I: 401275
    I: 401278
    I: 40127b (flow 40122a)
      Successors: 40122a
  BB: 4012f5 in func 401220 with 3 insts
    I: 4012f5
    I: 4012f9 (disp 404040)
    I: 401301 (flow 40134b)
      Successors: 40134b, 401307
Recovering 401370
  Analysing subroutine sub_401370 at 401370
  Subroutine sub_401370 at 401370 has 32 blocks
  BB: 401480 in func 401370 with 5 insts
    I: 401480
    I: 401484
    I: 401488
    I: 40148a
    I: 40148c (flow 401427)
      Successors: 401427
  BB: 401501 in func 401370 with 1 insts
    I: 401501 (flow 401506)
      Successors: 401506
  BB: 401506 in func 401370 with 4 insts
    I: 401506
    I: 40150a
    I: 40150d (disp 404040)
    I: 401515 (flow 4015e0)
      Successors: 4015e0, 40151b
  BB: 401491 in func 401370 with 15 insts
    I: 401491 (imm 4040bc)
    I: 401498
    I: 40149a (imm 4040ac)
    I: 4014a1
    I: 4014a3
    I: 4014a5
    I: 4014a8
    I: 4014ab
    I: 4014ae
    I: 4014b1
    I: 4014b4
    I: 4014b7
    I: 4014ba
    I: 4014bc
    I: 4014be (flow 4014c9)
      Successors: 4014c9, 4014c4
  BB: 401592 in func 401370 with 1 insts
    I: 401592 (flow 401697)
      Successors: 401697
  BB: 401613 in func 401370 with 1 insts
    I: 401613 (flow 4016a8)
      Successors: 4016a8
  BB: 401692 in func 401370 with 1 insts
    I: 401692 (flow 4014c9)
      Successors: 4014c9
  BB: 401697 in func 401370 with 5 insts
    I: 401697
    I: 40169b
    I: 40169f
    I: 4016a1
    I: 4016a3 (flow 401597)
      Successors: 401597
  BB: 401597 in func 401370 with 19 insts
    I: 401597
    I: 40159b
    I: 40159f
    I: 4015a1
    I: 4015a3 (imm 4040bc)
    I: 4015aa
    I: 4015ac (imm 4040ac)
    I: 4015b3
    I: 4015b5
    I: 4015b7
    I: 4015ba
    I: 4015bd
    I: 4015c0
    I: 4015c3
    I: 4015c6
    I: 4015c9
    I: 4015cc
    I: 4015ce
    I: 4015d0 (flow 4015db)
      Successors: 4015db, 4015d6
  BB: 401618 in func 401370 with 23 insts
    I: 401618
    I: 40161c
    I: 401620
    I: 401622
    I: 401624
    I: 401627
    I: 401629
    I: 40162c
    I: 40162f (imm 4040bc)
    I: 401636
    I: 401638 (imm 4040ac)
    I: 40163f
    I: 401641
    I: 401643
    I: 401646
    I: 401649
    I: 40164c
    I: 40164f
    I: 401652
    I: 401655
    I: 401658
    I: 40165a
    I: 40165c (flow 401667)
      Successors: 401662, 401667
  BB: 40151b in func 401370 with 9 insts
    I: 40151b
    I: 40151f
    I: 401523
    I: 401526 (disp 404040)
    I: 40152d
    I: 401530
    I: 401532
    I: 401535 (disp 404040)
    I: 40153d (flow 40155f)
      Successors: 401543, 40155f
  BB: 40141d in func 401370 with 1 insts
    I: 40141d (flow 40166f)
      Successors: 40166f
  BB: 401422 in func 401370 with 1 insts
    I: 401422 (flow 401427)
      Successors: 401427
  BB: 401427 in func 401370 with 4 insts
    I: 401427
    I: 40142b
    I: 40142e (disp 404040)
    I: 401436 (flow 401491)
      Successors: 401491, 40143c
  BB: 4016a8 in func 401370 with 1 insts
    I: 4016a8 (flow 401618)
      Successors: 401618
  BB: 4016ad in func 401370 with 1 insts
    I: 4016ad
      No successors
  BB: 4013b1 in func 401370 with 1 insts
    I: 4013b1 (flow 40166f)
      Successors: 40166f
  BB: 4013b6 in func 401370 with 31 insts
    I: 4013b6
    I: 4013b9
    I: 4013bc
    I: 4013bf
    I: 4013c3
    I: 4013c7
    I: 4013ca
    I: 4013cd
    I: 4013d1
    I: 4013d5
    I: 4013d8
    I: 4013db
    I: 4013df
    I: 4013e3
    I: 4013e6
    I: 4013e8
    I: 4013ea (imm 4040bc)
    I: 4013f1
    I: 4013f3 (imm 4040ac)
    I: 4013fa
    I: 4013fc
    I: 4013fe
    I: 401401
    I: 401404
    I: 401407
    I: 40140a
    I: 40140d
    I: 401410
    I: 401413
    I: 401415
    I: 401417 (flow 401422)
      Successors: 401422, 40141d
  BB: 40143c in func 401370 with 9 insts
    I: 40143c
    I: 401440
    I: 401444
    I: 401447 (disp 404040)
    I: 40144e
    I: 401451
    I: 401453
    I: 401456 (disp 404040)
    I: 40145e (flow 401480)
      Successors: 401480, 401464
  BB: 401543 in func 401370 with 6 insts
    I: 401543
    I: 401547
    I: 40154b
    I: 40154e (disp 404040)
    I: 401555
    I: 401558 (disp 404040)
      Successors: 40155f
  BB: 4014c4 in func 401370 with 1 insts
    I: 4014c4 (flow 401692)
      Successors: 401692
  BB: 4014c9 in func 401370 with 15 insts
    I: 4014c9 (imm 4040bc)
    I: 4014d0
    I: 4014d2 (imm 4040ac)
    I: 4014d9
    I: 4014db
    I: 4014dd
    I: 4014e0
    I: 4014e3
    I: 4014e6
    I: 4014e9
    I: 4014ec
    I: 4014ef
    I: 4014f2
    I: 4014f4
    I: 4014f6 (flow 401501)
      Successors: 401501, 4014fc
  BB: 4015d6 in func 401370 with 1 insts
    I: 4015d6 (flow 401697)
      Successors: 401697
  BB: 4015db in func 401370 with 1 insts
    I: 4015db (flow 401506)
      Successors: 401506
  BB: 40155f in func 401370 with 15 insts
    I: 40155f (imm 4040bc)
    I: 401566
    I: 401568 (imm 4040ac)
    I: 40156f
    I: 401571
    I: 401573
    I: 401576
    I: 401579
    I: 40157c
    I: 40157f
    I: 401582
    I: 401585
    I: 401588
    I: 40158a
    I: 40158c (flow 401597)
      Successors: 401592, 401597
  BB: 4015e0 in func 401370 with 15 insts
    I: 4015e0 (imm 4040bc)
    I: 4015e7
    I: 4015e9 (imm 4040ac)
    I: 4015f0
    I: 4015f2
    I: 4015f4
    I: 4015f7
    I: 4015fa
    I: 4015fd
    I: 401600
    I: 401603
    I: 401606
    I: 401609
    I: 40160b
    I: 40160d (flow 401618)
      Successors: 401618, 401613
  BB: 401662 in func 401370 with 1 insts
    I: 401662 (flow 4016a8)
      Successors: 4016a8
  BB: 401464 in func 401370 with 6 insts
    I: 401464
    I: 401468
    I: 40146c
    I: 40146f (disp 404040)
    I: 401476
    I: 401479 (disp 404040)
      Successors: 401480
  BB: 401667 in func 401370 with 4 insts
    I: 401667
    I: 40166a
    I: 40166d
    I: 40166e
      No successors
  BB: 40166f in func 401370 with 11 insts
    I: 40166f
    I: 401672
    I: 401675
    I: 401678
    I: 40167c
    I: 40167f
    I: 401682
    I: 401686
    I: 401689
    I: 40168b
    I: 40168d (flow 4013b6)
      Successors: 4013b6
  BB: 401370 in func 401370 with 20 insts
    I: 401370
    I: 401371
    I: 401374
    I: 401378
    I: 40137b
    I: 40137e (imm 4040bc)
    I: 401385
    I: 401387 (imm 4040ac)
    I: 40138e
    I: 401390
    I: 401392
    I: 401395
    I: 401398
    I: 40139b
    I: 40139e
    I: 4013a1
    I: 4013a4
    I: 4013a7
    I: 4013a9
    I: 4013ab (flow 4013b6)
      Successors: 4013b1, 4013b6
  BB: 4014fc in func 401370 with 1 insts
    I: 4014fc (flow 401692)
      Successors: 401692
Recovering main at 4016b0
  Analysing subroutine main at 4016b0
  Subroutine main at 4016b0 has 71 blocks
  BB: 401980 in func 4016b0 with 17 insts
    I: 401980
    I: 40198a
    I: 401991 (imm 4040c0)
    I: 401998
    I: 40199a (imm 4040b0)
    I: 4019a1
    I: 4019a3
    I: 4019a5
    I: 4019a8
    I: 4019ab
    I: 4019ae
    I: 4019b1
    I: 4019b4
    I: 4019b7
    I: 4019ba
    I: 4019bc
    I: 4019be (flow 4019c9)
      Successors: 4019c9, 4019c4
  BB: 401b00 in func 4016b0 with 1 insts
    I: 401b00 (flow 401dc7)
      Successors: 401dc7
  BB: 401902 in func 4016b0 with 18 insts
    I: 401902
    I: 401905
    I: 401908
    I: 40190b (imm 4040c0)
    I: 401912
    I: 401914 (imm 4040b0)
    I: 40191b
    I: 40191d
    I: 40191f
    I: 401922
    I: 401925
    I: 401928
    I: 40192b
    I: 40192e
    I: 401931
    I: 401934
    I: 401936
    I: 401938 (flow 401943)
      Successors: 401943, 40193e
  BB: 401b05 in func 4016b0 with 1 insts
    I: 401b05 (flow 401b0a)
      Successors: 401b0a
  BB: 401a87 in func 4016b0 with 1 insts
    I: 401a87 (flow 401b0a)
      Successors: 401b0a
  BB: 401b0a in func 4016b0 with 5 insts
    I: 401b0a
    I: 401b10
    I: 401b13 (flow 401370)
    I: 401b18
    I: 401b1b (flow 401b26)
      Successors: 401b21, 401b26
  BB: 401a8c in func 4016b0 with 15 insts
    I: 401a8c (imm 4040c0)
    I: 401a93
    I: 401a95 (imm 4040b0)
    I: 401a9c
    I: 401a9e
    I: 401aa0
    I: 401aa3
    I: 401aa6
    I: 401aa9
    I: 401aac
    I: 401aaf
    I: 401ab2
    I: 401ab5
    I: 401ab7
    I: 401ab9 (flow 401ac4)
      Successors: 401ac4, 401abf
  BB: 401b91 in func 4016b0 with 1 insts
    I: 401b91 (flow 401dd5)
      Successors: 401dd5
  BB: 401793 in func 4016b0 with 1 insts
    I: 401793 (flow 401cdf)
      Successors: 401cdf
  BB: 401b96 in func 4016b0 with 1 insts
    I: 401b96 (flow 401b9b)
      Successors: 401b9b
  BB: 401c97 in func 4016b0 with 1 insts
    I: 401c97 (flow 401ddf)
      Successors: 401ddf
  BB: 401798 in func 4016b0 with 1 insts
    I: 401798 (flow 40179d)
      Successors: 40179d
  BB: 401719 in func 4016b0 with 1 insts
    I: 401719 (flow 401cdf)
      Successors: 401cdf
  BB: 401b9b in func 4016b0 with 5 insts
    I: 401b9b
    I: 401b9f
    I: 401ba3
    I: 401ba7
    I: 401bae (flow 401c29)
      Successors: 401c29, 401bb4
  BB: 401c9c in func 4016b0 with 15 insts
    I: 401c9c (imm 4040c0)
    I: 401ca3
    I: 401ca5 (imm 4040b0)
    I: 401cac
    I: 401cae
    I: 401cb0
    I: 401cb3
    I: 401cb6
    I: 401cb9
    I: 401cbc
    I: 401cbf
    I: 401cc2
    I: 401cc5
    I: 401cc7
    I: 401cc9 (flow 401cd4)
      Successors: 401cd4, 401ccf
  BB: 40189c in func 4016b0 with 1 insts
    I: 40189c (flow 401d26)
      Successors: 401d26
  BB: 40179d in func 4016b0 with 3 insts
    I: 40179d
    I: 4017a0
    I: 4017a3 (flow 401948)
      Successors: 401948, 4017a9
  BB: 40171e in func 4016b0 with 29 insts
    I: 40171e (flow 401160)
    I: 401723
    I: 401727
    I: 401729
    I: 40172e (flow 4040e0)
    I: 401733
    I: 40173a
    I: 40173c
    I: 401741 (flow 4040e0)
    I: 401746
    I: 40174d
    I: 40174f
    I: 401754 (flow 4040e0)
    I: 401759
    I: 401760 (imm 4040c0)
    I: 401767
    I: 401769 (imm 4040b0)
    I: 401770
    I: 401772
    I: 401774
    I: 401777
    I: 40177a
    I: 40177d
    I: 401780
    I: 401783
    I: 401786
    I: 401789
    I: 40178b
    I: 40178d (flow 401798)
      Successors: 401798, 401793
  BB: 401c1f in func 4016b0 with 1 insts
    I: 401c1f (flow 401dda)
      Successors: 401dda
  BB: 4018a1 in func 4016b0 with 3 insts
    I: 4018a1
    I: 4018a7
    I: 4018a9 (flow 4018b4)
      Successors: 4018b4, 4018af
  BB: 401b21 in func 4016b0 with 1 insts
    I: 401b21 (flow 401c3c)
      Successors: 401c3c
  BB: 401d9e in func 4016b0 with 4 insts
    I: 401d9e
    I: 401da1
    I: 401da4
    I: 401da7 (flow 401902)
      Successors: 401902
  BB: 401c24 in func 4016b0 with 1 insts
    I: 401c24 (flow 401c3c)
      Successors: 401c3c
  BB: 401b26 in func 4016b0 with 15 insts
    I: 401b26 (imm 4040c0)
    I: 401b2d
    I: 401b2f (imm 4040b0)
    I: 401b36
    I: 401b38
    I: 401b3a
    I: 401b3d
    I: 401b40
    I: 401b43
    I: 401b46
    I: 401b49
    I: 401b4c
    I: 401b4f
    I: 401b51
    I: 401b53 (flow 401b5e)
      Successors: 401b59, 401b5e
  BB: 401d26 in func 4016b0 with 22 insts
    I: 401d26
    I: 401d2d (imm 402007)
    I: 401d37
    I: 401d39 (flow 4040e8)
    I: 401d3e
    I: 401d45
    I: 401d48
    I: 401d4e
    I: 401d55 (flow 4040d8)
    I: 401d5a
    I: 401d5e
    I: 401d66
    I: 401d69
    I: 401d6f
    I: 401d76
    I: 401d7a
    I: 401d7d
    I: 401d81
    I: 401d88
    I: 401d8f
    I: 401d92
    I: 401d99 (flow 4017e1)
      Successors: 4017e1
  BB: 4017a9 in func 4016b0 with 15 insts
    I: 4017a9 (imm 4040c0)
    I: 4017b0
    I: 4017b2 (imm 4040b0)
    I: 4017b9
    I: 4017bb
    I: 4017bd
    I: 4017c0
    I: 4017c3
    I: 4017c6
    I: 4017c9
    I: 4017cc
    I: 4017cf
    I: 4017d2
    I: 4017d4
    I: 4017d6 (flow 4017e1)
      Successors: 4017e1, 4017dc
  BB: 401c29 in func 4016b0 with 1 insts
    I: 401c29 (flow 401c2e)
      Successors: 401c2e
  BB: 401a2c in func 4016b0 with 1 insts
    I: 401a2c (flow 401dc2)
      Successors: 401dc2
  BB: 401dac in func 4016b0 with 3 insts
    I: 401dac
    I: 401db6
    I: 401dbd (flow 401980)
      Successors: 401980
  BB: 401c2e in func 4016b0 with 4 insts
    I: 401c2e
    I: 401c31
    I: 401c34
    I: 401c37 (flow 4019ce)
      Successors: 4019ce
  BB: 4018af in func 4016b0 with 1 insts
    I: 4018af (flow 4018c5)
      Successors: 4018c5
  BB: 4016b0 in func 4016b0 with 4 insts
    Referenced by data
    I: 4016b0
    I: 4016b1
    I: 4016b4
    I: 4016bb
      Successors: 4016c2
  BB: 401a31 in func 4016b0 with 18 insts
    I: 401a31
    I: 401a38
    I: 401a3b
    I: 401a41 (imm 4040c0)
    I: 401a48
    I: 401a4a (imm 4040b0)
    I: 401a51
    I: 401a53
    I: 401a55
    I: 401a58
    I: 401a5b
    I: 401a5e
    I: 401a61
    I: 401a64
    I: 401a67
    I: 401a6a
    I: 401a6c
    I: 401a6e (flow 401a79)
      Successors: 401a79, 401a74
  BB: 4019f9 in func 4016b0 with 15 insts
    I: 4019f9 (imm 4040c0)
    I: 401a00
    I: 401a02 (imm 4040b0)
    I: 401a09
    I: 401a0b
    I: 401a0d
    I: 401a10
    I: 401a13
    I: 401a16
    I: 401a19
    I: 401a1c
    I: 401a1f
    I: 401a22
    I: 401a24
    I: 401a26 (flow 401a31)
      Successors: 401a31, 401a2c
  BB: 4018b4 in func 4016b0 with 3 insts
    I: 4018b4
    I: 4018ba
    I: 4018c0 (flow 401220)
      Successors: 4018c5
  BB: 401bb4 in func 4016b0 with 15 insts
    I: 401bb4 (imm 4040c0)
    I: 401bbb
    I: 401bbd (imm 4040b0)
    I: 401bc4
    I: 401bc6
    I: 401bc8
    I: 401bcb
    I: 401bce
    I: 401bd1
    I: 401bd4
    I: 401bd7
    I: 401bda
    I: 401bdd
    I: 401bdf
    I: 401be1 (flow 401bec)
      Successors: 401bec, 401be7
  BB: 401c3c in func 4016b0 with 7 insts
    I: 401c3c
    I: 401c3f (imm 40200d)
    I: 401c49 (imm 40200a)
    I: 401c53
    I: 401c56
    I: 401c5a (flow 4040d0)
    I: 401c5f (flow 4016c2)
      Successors: 4016c2
  BB: 40193e in func 4016b0 with 1 insts
    I: 40193e (flow 401d9e)
      Successors: 401d9e
  BB: 401abf in func 4016b0 with 1 insts
    I: 401abf (flow 401dc7)
      Successors: 401dc7
  BB: 4016c2 in func 4016b0 with 6 insts
    I: 4016c2 (imm 402004)
    I: 4016cc
    I: 4016d0
    I: 4016d2 (flow 4040e8)
    I: 4016d7
    I: 4016db (flow 4016e6)
      Successors: 4016e1, 4016e6
  BB: 401943 in func 4016b0 with 1 insts
    I: 401943 (flow 40179d)
      Successors: 40179d
  BB: 4019c4 in func 4016b0 with 1 insts
    I: 4019c4 (flow 401dac)
      Successors: 401dac
  BB: 4018c5 in func 4016b0 with 1 insts
    I: 4018c5 (flow 4018ca)
      Successors: 4018ca
  BB: 401ac4 in func 4016b0 with 17 insts
    I: 401ac4
    I: 401ac7
    I: 401acd (imm 4040c0)
    I: 401ad4
    I: 401ad6 (imm 4040b0)
    I: 401add
    I: 401adf
    I: 401ae1
    I: 401ae4
    I: 401ae7
    I: 401aea
    I: 401aed
    I: 401af0
    I: 401af3
    I: 401af6
    I: 401af8
    I: 401afa (flow 401b05)
      Successors: 401b00, 401b05
  BB: 401dc2 in func 4016b0 with 1 insts
    I: 401dc2 (flow 401a31)
      Successors: 401a31
  BB: 401948 in func 4016b0 with 15 insts
    I: 401948 (imm 4040c0)
    I: 40194f
    I: 401951 (imm 4040b0)
    I: 401958
    I: 40195a
    I: 40195c
    I: 40195f
    I: 401962
    I: 401965
    I: 401968
    I: 40196b
    I: 40196e
    I: 401971
    I: 401973
    I: 401975 (flow 401980)
      Successors: 401980, 40197b
  BB: 4019c9 in func 4016b0 with 1 insts
    I: 4019c9 (flow 4019ce)
      Successors: 4019ce
  BB: 4018ca in func 4016b0 with 15 insts
    I: 4018ca (imm 4040c0)
    I: 4018d1
    I: 4018d3 (imm 4040b0)
    I: 4018da
    I: 4018dc
    I: 4018de
    I: 4018e1
    I: 4018e4
    I: 4018e7
    I: 4018ea
    I: 4018ed
    I: 4018f0
    I: 4018f3
    I: 4018f5
    I: 4018f7 (flow 401902)
      Successors: 401902, 4018fd
  BB: 401dc7 in func 4016b0 with 3 insts
    I: 401dc7
    I: 401dca
    I: 401dd0 (flow 401ac4)
      Successors: 401ac4
  BB: 4019ce in func 4016b0 with 2 insts
    I: 4019ce
    I: 4019d2 (flow 401c3c)
      Successors: 4019d8, 401c3c
  BB: 401ccf in func 4016b0 with 1 insts
    I: 401ccf (flow 401ddf)
      Successors: 401ddf
  BB: 401cd4 in func 4016b0 with 4 insts
    I: 401cd4
    I: 401cd6
    I: 401cdd
    I: 401cde
      No successors
  BB: 401dd5 in func 4016b0 with 1 insts
    I: 401dd5 (flow 401b5e)
      Successors: 401b5e
  BB: 4019d8 in func 4016b0 with 3 insts
    I: 4019d8
    I: 4019dc
    I: 4019e1 (flow 4019f9)
      Successors: 4019f9, 4019e7
  BB: 401b59 in func 4016b0 with 1 insts
    I: 401b59 (flow 401dd5)
      Successors: 401dd5
  BB: 401dda in func 4016b0 with 1 insts
    I: 401dda (flow 401bec)
      Successors: 401bec
  BB: 4017dc in func 4016b0 with 1 insts
    I: 4017dc (flow 401d26)
      Successors: 401d26
  BB: 401b5e in func 4016b0 with 15 insts
    I: 401b5e (imm 4040c0)
    I: 401b65
    I: 401b67 (imm 4040b0)
    I: 401b6e
    I: 401b70
    I: 401b72
    I: 401b75
    I: 401b78
    I: 401b7b
    I: 401b7e
    I: 401b81
    I: 401b84
    I: 401b87
    I: 401b89
    I: 401b8b (flow 401b96)
      Successors: 401b91, 401b96
  BB: 401cdf in func 4016b0 with 15 insts
    I: 401cdf (flow 401160)
    I: 401ce4
    I: 401ce8
    I: 401cea
    I: 401cef (flow 4040e0)
    I: 401cf4
    I: 401cfb
    I: 401cfd
    I: 401d02 (flow 4040e0)
    I: 401d07
    I: 401d0e
    I: 401d10
    I: 401d15 (flow 4040e0)
    I: 401d1a
    I: 401d21 (flow 40171e)
      Successors: 40171e
  BB: 401ddf in func 4016b0 with 1 insts
    I: 401ddf (flow 401c9c)
      Successors: 401c9c
  BB: 4016e1 in func 4016b0 with 1 insts
    I: 4016e1 (flow 401c64)
      Successors: 401c64
  BB: 4017e1 in func 4016b0 with 40 insts
    I: 4017e1
    I: 4017e8 (imm 402007)
    I: 4017f2
    I: 4017f4 (flow 4040e8)
    I: 4017f9
    I: 401800
    I: 401803
    I: 401809
    I: 401810 (flow 4040d8)
    I: 401815
    I: 401819
    I: 401821
    I: 401824
    I: 40182a
    I: 401831
    I: 401835
    I: 401838
    I: 40183c
    I: 401843
    I: 40184a
    I: 40184d
    I: 401854
    I: 40185a
    I: 401860
    I: 401863
    I: 401869 (imm 4040c0)
    I: 401870
    I: 401872 (imm 4040b0)
    I: 401879
    I: 40187b
    I: 40187d
    I: 401880
    I: 401883
    I: 401886
    I: 401889
    I: 40188c
    I: 40188f
    I: 401892
    I: 401894
    I: 401896 (flow 4018a1)
      Successors: 4018a1, 40189c
  BB: 401c64 in func 4016b0 with 15 insts
    I: 401c64 (imm 4040c0)
    I: 401c6b
    I: 401c6d (imm 4040b0)
    I: 401c74
    I: 401c76
    I: 401c78
    I: 401c7b
    I: 401c7e
    I: 401c81
    I: 401c84
    I: 401c87
    I: 401c8a
    I: 401c8d
    I: 401c8f
    I: 401c91 (flow 401c9c)
      Successors: 401c9c, 401c97
  BB: 4016e6 in func 4016b0 with 15 insts
    I: 4016e6 (imm 4040c0)
    I: 4016ed
    I: 4016ef (imm 4040b0)
    I: 4016f6
    I: 4016f8
    I: 4016fa
    I: 4016fd
    I: 401700
    I: 401703
    I: 401706
    I: 401709
    I: 40170c
    I: 40170f
    I: 401711
    I: 401713 (flow 40171e)
      Successors: 401719, 40171e
  BB: 4019e7 in func 4016b0 with 3 insts
    I: 4019e7
    I: 4019eb
    I: 4019f3 (flow 401b9b)
      Successors: 4019f9, 401b9b
  BB: 401be7 in func 4016b0 with 1 insts
    I: 401be7 (flow 401dda)
      Successors: 401dda
  BB: 401bec in func 4016b0 with 15 insts
    I: 401bec (imm 4040c0)
    I: 401bf3
    I: 401bf5 (imm 4040b0)
    I: 401bfc
    I: 401bfe
    I: 401c00
    I: 401c03
    I: 401c06
    I: 401c09
    I: 401c0c
    I: 401c0f
    I: 401c12
    I: 401c15
    I: 401c17
    I: 401c19 (flow 401c24)
      Successors: 401c24, 401c1f
  BB: 401a74 in func 4016b0 with 1 insts
    I: 401a74 (flow 401dc2)
      Successors: 401dc2
  BB: 401a79 in func 4016b0 with 3 insts
    I: 401a79
    I: 401a7f
    I: 401a81 (flow 401a8c)
      Successors: 401a8c, 401a87
  BB: 40197b in func 4016b0 with 1 insts
    I: 40197b (flow 401dac)
      Successors: 401dac
  BB: 4018fd in func 4016b0 with 1 insts
    I: 4018fd (flow 401d9e)
      Successors: 401d9e
Recovering .term_proc at 401de4
  Analysing subroutine .term_proc at 401de4
    Block head at 00401df1 is not code.
  Subroutine .term_proc at 401de4 has 1 blocks
  BB: 401de4 in func 401de4 with 4 insts
    I: 401de4
    I: 401de8
    I: 401dec
    I: 401df0
      No successors
Global Variable None
WARNING: Global constructor and destructor sections are adjacent!
Recovering region LOAD [400000, 400558) in segment LOAD
  8-byte reference at 400018 to 401070 (start)
  8-byte reference at 4000f8 to 401000 (.init_proc)
  8-byte reference at 400130 to 402000 ()
  8-byte reference at 400168 to 403de8 ()
  8-byte reference at 400280 to 402010 ()
  8-byte reference at 4002f0 to 403de8 ()
Recovering region .init [401000, 40101b) in segment .init
Recovering region LOAD [40101b, 401020) in segment LOAD
Recovering region .plt [401020, 401070) in segment .plt
Recovering region .text [401070, 401de4) in segment .text
Recovering region .fini [401de4, 401df1) in segment .fini
Recovering region .rodata [402000, 402010) in segment .rodata
  Variable s at 40200a
  Variable aOk at 40200d
Recovering region .eh_frame_hdr [402010, 402054) in segment .eh_frame_hdr
Recovering region LOAD [402054, 402058) in segment LOAD
Recovering region .eh_frame [402058, 402154) in segment .eh_frame
Recovering region LOAD [402154, 402198) in segment LOAD
Recovering region .init_array [403de8, 403df8) in segment .init_array
  8-byte reference at 403de8 to 401150 ()
  8-byte reference at 403df0 to 401120 ()
Recovering region LOAD [403df8, 403fd8) in segment LOAD
Recovering region .got [403fd8, 403fe8) in segment .got
  8-byte reference at 403fd8 to 4040c8 (__libc_start_main)
  8-byte reference at 403fe0 to 4040f0 (__gmon_start__)
Recovering region .got.plt [403fe8, 404020) in segment .got.plt
  8-byte reference at 404000 to 4040d0 (puts)
  8-byte reference at 404008 to 4040d8 (strlen)
  8-byte reference at 404010 to 4040e0 (memset)
  8-byte reference at 404018 to 4040e8 (__isoc99_scanf)
Recovering region .data [404020, 404030) in segment .data
Recovering region .bss [404030, 4040c8) in segment .bss
Recovering extern function puts at 401030
Recovering extern function strlen at 401040
Recovering extern function memset at 401050
Recovering extern function __isoc99_scanf at 401060
Recovering extern function __libc_start_main at 4040c8
Recovering extern function puts at 4040d0
Recovering extern function strlen at 4040d8
Recovering extern function memset at 4040e0
Recovering extern function __isoc99_scanf at 4040e8
Recovering extern function __gmon_start__ at 4040f0
Recovered 11 functions.
Saving to: /home/ubuntu/capstone_project/result/pipeline_20260629_141746/s166576559_bcf.cfg
Done analysis!
