Debugging is enabled.
Loading Standard Definitions file: /home/ubuntu/capstone_project/dependency/mcsema/mcsema/lib/python3/site-packages/mcsema_disass-3.1.3.8-py3.8.egg/mcsema_disass/defs/linux.txt
Using Batch mode.
Starting analysis
Recovering module s166576559_fla.elf
Found main at 401690
Looking for instructions in segment .init
  Default block heads for function 401000 with loose bounds [401000, 40101b)
    block [401000, 401014)
    block [401014, 401016)
    block [401016, 40101b)
    chunk [401000, 40101b)
Looking for instructions in segment .plt
  Default block heads for function 401020 with loose bounds [401020, 40102c)
    block [401020, 40102c)
    chunk [401020, 40102c)
  Default block heads for function 401030 with loose bounds [401030, 401036)
    block [401030, 401036)
    chunk [401030, 401036)
  Default block heads for function 401040 with loose bounds [401040, 401046)
    block [401040, 401046)
    chunk [401040, 401046)
  Default block heads for function 401050 with loose bounds [401050, 401056)
    block [401050, 401056)
    chunk [401050, 401056)
  Default block heads for function 401060 with loose bounds [401060, 401066)
    block [401060, 401066)
    chunk [401060, 401066)
Looking for instructions in segment .text
  Default block heads for function 401070 with loose bounds [401070, 401096)
    block [401070, 401096)
    chunk [401070, 401096)
  Default block heads for function 4010b0 with loose bounds [4010b0, 4010d1)
    block [4010b0, 4010bd)
    block [4010bd, 4010c7)
    block [4010c7, 4010ce)
    block [4010d0, 4010d1)
    chunk [4010b0, 4010d1)
  Default block heads for function 401120 with loose bounds [401120, 401141)
    block [401120, 40112d)
    block [40112d, 40113f)
    block [401140, 401141)
    chunk [401120, 401141)
  Default block heads for function 401150 with loose bounds [401150, 401156)
    block [401150, 401156)
    chunk [401150, 401156)
    chunk [4010e0, 401111)
  Default block heads for function 401160 with loose bounds [401160, 401216)
    block [401160, 401172)
    block [401172, 401183)
    block [401183, 401188)
    block [401188, 401196)
    block [401196, 40119b)
    block [40119b, 4011a9)
    block [4011a9, 4011ae)
    block [4011ae, 4011bc)
    block [4011bc, 4011c1)
    block [4011c1, 4011c6)
    block [4011c6, 4011df)
    block [4011df, 4011fa)
    block [4011fa, 40120f)
    block [40120f, 401211)
    block [401211, 401216)
    chunk [401160, 401216)
  Default block heads for function 401220 with loose bounds [401220, 401476)
    block [401220, 401231)
    block [401231, 401242)
    block [401242, 401247)
    block [401247, 401255)
    block [401255, 40125a)
    block [40125a, 401268)
    block [401268, 40126d)
    block [40126d, 40127b)
    block [40127b, 401280)
    block [401280, 40128e)
    block [40128e, 401293)
    block [401293, 4012a1)
    block [4012a1, 4012a6)
    block [4012a6, 4012b4)
    block [4012b4, 4012b9)
    block [4012b9, 4012c7)
    block [4012c7, 4012cc)
    block [4012cc, 4012da)
    block [4012da, 4012df)
    block [4012df, 4012ed)
    block [4012ed, 4012f2)
    block [4012f2, 401300)
    block [401300, 401305)
    block [401305, 401313)
    block [401313, 401318)
    block [401318, 40131d)
    block [40131d, 40133e)
    block [40133e, 401370)
    block [401370, 401392)
    block [401392, 4013a4)
    block [4013a4, 4013b0)
    block [4013b0, 4013d1)
    block [4013d1, 401403)
    block [401403, 401425)
    block [401425, 401437)
    block [401437, 401452)
    block [401452, 40146f)
    block [40146f, 401471)
    block [401471, 401476)
    chunk [401220, 401476)
  Default block heads for function 401480 with loose bounds [401480, 401686)
    block [401480, 401491)
    block [401491, 4014a2)
    block [4014a2, 4014a7)
    block [4014a7, 4014b5)
    block [4014b5, 4014ba)
    block [4014ba, 4014c8)
    block [4014c8, 4014cd)
    block [4014cd, 4014db)
    block [4014db, 4014e0)
    block [4014e0, 4014ee)
    block [4014ee, 4014f3)
    block [4014f3, 401501)
    block [401501, 401506)
    block [401506, 401514)
    block [401514, 401519)
    block [401519, 401527)
    block [401527, 40152c)
    block [40152c, 40153a)
    block [40153a, 40153f)
    block [40153f, 40154d)
    block [40154d, 401552)
    block [401552, 401557)
    block [401557, 401578)
    block [401578, 4015aa)
    block [4015aa, 4015cc)
    block [4015cc, 4015de)
    block [4015de, 4015ea)
    block [4015ea, 40160b)
    block [40160b, 40163d)
    block [40163d, 40165f)
    block [40165f, 401671)
    block [401671, 401681)
    block [401681, 401686)
    chunk [401480, 401686)
  Default block heads for function 401690 with loose bounds [401690, 401be2)
    block [401690, 4016ac)
    block [4016ac, 4016c3)
    block [4016c3, 4016c8)
    block [4016c8, 4016d9)
    block [4016d9, 4016de)
    block [4016de, 4016ef)
    block [4016ef, 4016f4)
    block [4016f4, 401705)
    block [401705, 40170a)
    block [40170a, 40171b)
    block [40171b, 401720)
    block [401720, 401731)
    block [401731, 401736)
    block [401736, 401747)
    block [401747, 40174c)
    block [40174c, 40175d)
    block [40175d, 401762)
    block [401762, 401773)
    block [401773, 401778)
    block [401778, 401789)
    block [401789, 40178e)
    block [40178e, 40179f)
    block [40179f, 4017a4)
    block [4017a4, 4017b5)
    block [4017b5, 4017ba)
    block [4017ba, 4017cb)
    block [4017cb, 4017d0)
    block [4017d0, 4017e1)
    block [4017e1, 4017e6)
    block [4017e6, 4017f7)
    block [4017f7, 4017fc)
    block [4017fc, 40180d)
    block [40180d, 401812)
    block [401812, 401823)
    block [401823, 401828)
    block [401828, 401839)
    block [401839, 40183e)
    block [40183e, 40184f)
    block [40184f, 401854)
    block [401854, 401865)
    block [401865, 40186a)
    block [40186a, 40187b)
    block [40187b, 401880)
    block [401880, 401891)
    block [401891, 401896)
    block [401896, 4018a7)
    block [4018a7, 4018ac)
    block [4018ac, 4018b1)
    block [4018b1, 4018e2)
    block [4018e2, 4018f1)
    block [4018f1, 401942)
    block [401942, 401960)
    block [401960, 4019f7)
    block [4019f7, 401a17)
    block [401a17, 401a26)
    block [401a26, 401a3e)
    block [401a3e, 401a5e)
    block [401a5e, 401a7a)
    block [401a7a, 401a9b)
    block [401a9b, 401abf)
    block [401abf, 401ade)
    block [401ade, 401af6)
    block [401af6, 401b21)
    block [401b21, 401b30)
    block [401b30, 401b3f)
    block [401b3f, 401b6a)
    block [401b6a, 401b79)
    block [401b79, 401b88)
    block [401b88, 401ba0)
    block [401ba0, 401bd2)
    block [401bd2, 401bdd)
    block [401bdd, 401be2)
    chunk [401690, 401be2)
Looking for instructions in segment .fini
  Default block heads for function 401be4 with loose bounds [401be4, 401bf1)
    block [401be4, 401bf1)
    chunk [401be4, 401bf1)
Looking for strings in segment .rodata [402000, 402010)
  Found string b'NG' of length 3 at 40200a, jumping to 40200d
  Found string b'OK' of length 3 at 40200d, jumping to 402010
Looking for strings in segment .eh_frame_hdr [402010, 402054)
Looking for strings in segment .eh_frame [402058, 402154)
Looking for strings in segment .init_array [403de8, 403df0)
Looking for strings in segment .fini_array [403df0, 403df8)
Looking for strings in segment .got [403fd8, 403fe8)
Looking for strings in segment .got.plt [403fe8, 404020)
Looking for strings in segment .data [404020, 404030)
Looking for strings in segment .bss [404030, 4040a8)
Looking for strings in segment extern [4040a8, 4040d8)
Looking for cross-references in segment .init [401000, 40101b)
Looking for cross-references in segment .plt [401020, 401070)
  Stopping scan at 40102c
Looking for cross-references in segment .text [401070, 401be2)
  Stopping scan at 40109c
  Stopping scan at 4010ac
  Stopping scan at ffffffffffffffff
  Stopping scan at 4010dc
  Stopping scan at 40111c
  Stopping scan at ffffffffffffffff
  Stopping scan at 40114c
  Stopping scan at 40115c
  Stopping scan at 40121c
  Stopping scan at 40147c
  Stopping scan at 40168c
Looking for cross-references in segment .fini [401be4, 401bf1)
Looking for cross-references in segment .rodata [402000, 402010)
  Stopping scan at 40200c
Looking for cross-references in segment .eh_frame_hdr [402010, 402054)
  Stopping scan at 402050
Looking for cross-references in segment .eh_frame [402058, 402154)
  Stopping scan at 402150
Looking for cross-references in segment .init_array [403de8, 403df0)
  Adding qword reference from 403de8 to 401150
  Stopping scan at 403de8
Looking for cross-references in segment .fini_array [403df0, 403df8)
  Adding qword reference from 403df0 to 401120
  Stopping scan at 403df0
Looking for cross-references in segment .got [403fd8, 403fe8)
  Adding qword reference from 403fd8 to 4040a8
  Adding qword reference from 403fe0 to 4040d0
  Stopping scan at 403fe0
Looking for cross-references in segment .got.plt [403fe8, 404020)
  Adding qword reference from 404000 to 4040b0
  Adding qword reference from 404008 to 4040b8
  Adding qword reference from 404010 to 4040c0
  Adding qword reference from 404018 to 4040c8
  Stopping scan at 404018
Looking for cross-references in segment .data [404020, 404030)
  Stopping scan at 40402c
Looking for cross-references in segment .bss [404030, 4040a8)
  Stopping scan at 4040a4
Looking for cross-references in segment extern [4040a8, 4040d8)
  Stopping scan at 4040d4
Looking for thunks
  Found thunk for puts targeting 4040b0 at 401030
  Found thunk for strlen targeting 4040b8 at 401040
  Found thunk for memset targeting 4040c0 at 401050
  Found thunk for __isoc99_scanf targeting 4040c8 at 401060
Looking for external symbols
  Function at 401030 is the external function puts
  Function at 401040 is the external function strlen
  Function at 401050 is the external function memset
  Function at 401060 is the external function __isoc99_scanf
  Function at 4040a8 is the external function __libc_start_main
  Function at 4040b0 is the external function puts
  Function at 4040b8 is the external function strlen
  Function at 4040c0 is the external function memset
  Function at 4040c8 is the external function __isoc99_scanf
  Function at 4040d0 is the external function __gmon_start__
Looking for entrypoints
Recovering .init_proc at 401000
  Analysing subroutine .init_proc at 401000
    Block head at 0040101b is not code.
  Subroutine .init_proc at 401000 has 3 blocks
  BB: 401000 in func 401000 with 5 insts
    Referenced by data
    I: 401000
    I: 401004
    I: 401008 (mem 403fe0)
    I: 40100f
    I: 401012 (flow 401016)
      Successors: 401014, 401016
  BB: 401014 in func 401000 with 1 insts
    I: 401014
      Successors: 401016
  BB: 401016 in func 401000 with 2 insts
    I: 401016
    I: 40101a
      No successors
Recovering 401020
  Analysing subroutine sub_401020 at 401020
  WARNING: No table entries for indirect jump at 401026; Adding next_ea 40102c as successor.
  Subroutine sub_401020 at 401020 has 2 blocks
  WARNING: No table entries for indirect jump at 401026; Adding next_ea 40102c as successor.
  BB: 401020 in func 401020 with 2 insts
    I: 401020 (mem 403ff0)
    I: 401026 (mem 403ff8)
      Successors: 40102c
  BB: 40102c in func 401020 with 1 insts
    I: 40102c
      No successors
Recovering start at 401070
  Analysing subroutine start at 401070
  Subroutine start at 401070 has 3 blocks
  BB: 401070 in func 401070 with 13 insts
    Referenced by data
    I: 401070
    I: 401074
    I: 401076
    I: 401079
    I: 40107a
    I: 40107d
    I: 401081
    I: 401082
    I: 401083
    I: 401086
    I: 401088 (imm 401690)
    I: 40108f (mem 403fd8)
    I: 401095
      No successors
  BB: 4010a5 in func 401070 with 2 insts
    I: 4010a5
    I: 4010af
      No successors
  BB: 401096 in func 401070 with 3 insts
    I: 401096
    I: 4010a0
    I: 4010a4
      No successors
Recovering 4010b0
  Analysing subroutine sub_4010B0 at 4010b0
  WARNING: No table entries for indirect jump at 4010cc; Adding next_ea 4010ce as successor.
  WARNING: No table entries for indirect jump at 40110e; Adding next_ea 401110 as successor.
  Subroutine sub_4010B0 at 4010b0 has 11 blocks
  BB: 4010e0 in func 4010b0 with 8 insts
    I: 4010e0 (imm 404030)
    I: 4010e5 (imm 404030)
    I: 4010ec
    I: 4010ef
    I: 4010f3
    I: 4010f7
    I: 4010fa
    I: 4010fd (flow 401110)
      Successors: 401110, 4010ff
  WARNING: No table entries for indirect jump at 4010cc; Adding next_ea 4010ce as successor.
  BB: 4010c7 in func 4010b0 with 2 insts
    I: 4010c7 (imm 404030)
    I: 4010cc
      Successors: 4010ce
  WARNING: No table entries for indirect jump at 40110e; Adding next_ea 401110 as successor.
  BB: 401109 in func 4010b0 with 2 insts
    I: 401109 (imm 404030)
    I: 40110e
      Successors: 401110
  BB: 4010ce in func 4010b0 with 1 insts
    I: 4010ce
      Successors: 4010d0
  BB: 4010b0 in func 4010b0 with 3 insts
    I: 4010b0 (imm 404030)
    I: 4010b5 (imm 404030)
    I: 4010bb (flow 4010d0)
      Successors: 4010d0, 4010bd
  BB: 4010d0 in func 4010b0 with 1 insts
    I: 4010d0
      No successors
  BB: 4010d1 in func 4010b0 with 2 insts
    I: 4010d1
    I: 4010d5
      Successors: 4010e0
  BB: 401110 in func 4010b0 with 1 insts
    I: 401110
      No successors
  BB: 401111 in func 4010b0 with 2 insts
    I: 401111
    I: 401115
      No successors
  BB: 4010bd in func 4010b0 with 3 insts
    I: 4010bd
    I: 4010c2
    I: 4010c5 (flow 4010d0)
      Successors: 4010d0, 4010c7
  BB: 4010ff in func 4010b0 with 3 insts
    I: 4010ff
    I: 401104
    I: 401107 (flow 401110)
      Successors: 401110, 401109
Recovering 401120
  Analysing subroutine sub_401120 at 401120
  Subroutine sub_401120 at 401120 has 5 blocks
  BB: 401120 in func 401120 with 3 insts
    Referenced by data
    I: 401120
    I: 401124 (mem 404030)
    I: 40112b (flow 401140)
      Successors: 401140, 40112d
  BB: 401141 in func 401120 with 2 insts
    I: 401141
    I: 401145
      No successors
  BB: 401140 in func 401120 with 1 insts
    I: 401140
      No successors
  BB: 40112d in func 401120 with 6 insts
    I: 40112d
    I: 40112e
    I: 401131 (flow 4010b0)
    I: 401136 (mem 404030)
    I: 40113d
    I: 40113e
      No successors
  BB: 40113f in func 401120 with 1 insts
    I: 40113f
      Successors: 401140
Recovering 401150
  Analysing subroutine sub_401150 at 401150
  WARNING: No table entries for indirect jump at 40110e; Adding next_ea 401110 as successor.
  Subroutine sub_401150 at 401150 has 6 blocks
  BB: 4010e0 in func 401150 with 8 insts
    I: 4010e0 (imm 404030)
    I: 4010e5 (imm 404030)
    I: 4010ec
    I: 4010ef
    I: 4010f3
    I: 4010f7
    I: 4010fa
    I: 4010fd (flow 401110)
      Successors: 401110, 4010ff
  WARNING: No table entries for indirect jump at 40110e; Adding next_ea 401110 as successor.
  BB: 401109 in func 401150 with 2 insts
    I: 401109 (imm 404030)
    I: 40110e
      Successors: 401110
  BB: 401150 in func 401150 with 2 insts
    Referenced by data
    I: 401150
    I: 401154 (flow 4010e0)
      Successors: 4010e0
  BB: 401110 in func 401150 with 1 insts
    I: 401110
      No successors
  BB: 401156 in func 401150 with 1 insts
    I: 401156
      No successors
  BB: 4010ff in func 401150 with 3 insts
    I: 4010ff
    I: 401104
    I: 401107 (flow 401110)
      Successors: 401110, 401109
Recovering 401160
  Analysing subroutine sub_401160 at 401160
  Subroutine sub_401160 at 401160 has 16 blocks
  BB: 401160 in func 401160 with 4 insts
    I: 401160
    I: 401161
    I: 401164
    I: 40116b
      Successors: 401172
  BB: 4011c1 in func 401160 with 1 insts
    I: 4011c1 (flow 401211)
      Successors: 401211
  BB: 401183 in func 401160 with 1 insts
    I: 401183 (flow 401188)
      Successors: 401188
  BB: 4011c6 in func 401160 with 6 insts
    I: 4011c6
    I: 4011cb
    I: 4011d0
    I: 4011d4
    I: 4011d7
    I: 4011da (flow 401211)
      Successors: 401211
  BB: 401188 in func 401160 with 3 insts
    I: 401188
    I: 40118b
    I: 401190 (flow 40120f)
      Successors: 401196, 40120f
  BB: 4011a9 in func 401160 with 1 insts
    I: 4011a9 (flow 4011ae)
      Successors: 4011ae
  BB: 4011ae in func 401160 with 3 insts
    I: 4011ae
    I: 4011b1
    I: 4011b6 (flow 4011c6)
      Successors: 4011bc, 4011c6
  BB: 40120f in func 401160 with 2 insts
    I: 40120f
    I: 401210
      No successors
  BB: 401211 in func 401160 with 1 insts
    I: 401211 (flow 401172)
      Successors: 401172
  BB: 401172 in func 401160 with 4 insts
    I: 401172
    I: 401175
    I: 401178
    I: 40117d (flow 4011df)
      Successors: 401183, 4011df
  BB: 401196 in func 401160 with 1 insts
    I: 401196 (flow 40119b)
      Successors: 40119b
  BB: 401216 in func 401160 with 1 insts
    I: 401216
      No successors
  BB: 4011fa in func 401160 with 5 insts
    I: 4011fa
    I: 4011fd
    I: 401200
    I: 401203
    I: 40120a (flow 401211)
      Successors: 401211
  BB: 40119b in func 401160 with 3 insts
    I: 40119b
    I: 40119e
    I: 4011a3 (flow 4011fa)
      Successors: 4011a9, 4011fa
  BB: 4011bc in func 401160 with 1 insts
    I: 4011bc (flow 4011c1)
      Successors: 4011c1
  BB: 4011df in func 401160 with 4 insts
    I: 4011df
    I: 4011e3 (disp 404040)
    I: 4011ee
    I: 4011f5 (flow 401211)
      Successors: 401211
Recovering 401220
  Analysing subroutine sub_401220 at 401220
  Subroutine sub_401220 at 401220 has 40 blocks
  BB: 401280 in func 401220 with 3 insts
    I: 401280
    I: 401283
    I: 401288 (flow 4013b0)
      Successors: 4013b0, 40128e
  BB: 401300 in func 401220 with 1 insts
    I: 401300 (flow 401305)
      Successors: 401305
  BB: 401403 in func 401220 with 6 insts
    I: 401403
    I: 401407 (disp 404040)
    I: 40140e
    I: 401412 (disp 404040)
    I: 401419
    I: 401420 (flow 401471)
      Successors: 401471
  BB: 401305 in func 401220 with 3 insts
    I: 401305
    I: 401308
    I: 40130d (flow 40133e)
      Successors: 401313, 40133e
  BB: 40128e in func 401220 with 1 insts
    I: 40128e (flow 401293)
      Successors: 401293
  BB: 401392 in func 401220 with 4 insts
    I: 401392
    I: 401395
    I: 401398
    I: 40139f (flow 401471)
      Successors: 401471
  BB: 401293 in func 401220 with 3 insts
    I: 401293
    I: 401296
    I: 40129b (flow 401425)
      Successors: 4012a1, 401425
  BB: 401313 in func 401220 with 1 insts
    I: 401313 (flow 401318)
      Successors: 401318
  BB: 401318 in func 401220 with 1 insts
    I: 401318 (flow 401471)
      Successors: 401471
  BB: 40131d in func 401220 with 7 insts
    I: 40131d
    I: 401321
    I: 401326
    I: 40132b (disp 404040)
    I: 401333
    I: 401336
    I: 401339 (flow 401471)
      Successors: 401471
  BB: 401220 in func 401220 with 5 insts
    I: 401220
    I: 401221
    I: 401224
    I: 401227
    I: 40122a
      Successors: 401231
  BB: 4012a1 in func 401220 with 1 insts
    I: 4012a1 (flow 4012a6)
      Successors: 4012a6
  BB: 4013a4 in func 401220 with 2 insts
    I: 4013a4
    I: 4013ab (flow 401471)
      Successors: 401471
  BB: 401425 in func 401220 with 4 insts
    I: 401425
    I: 401428
    I: 40142b
    I: 401432 (flow 401471)
      Successors: 401471
  BB: 4012a6 in func 401220 with 3 insts
    I: 4012a6
    I: 4012a9
    I: 4012ae (flow 4013d1)
      Successors: 4013d1, 4012b4
  BB: 4013b0 in func 401220 with 7 insts
    I: 4013b0
    I: 4013b4
    I: 4013b9
    I: 4013be (disp 404040)
    I: 4013c6
    I: 4013c9
    I: 4013cc (flow 401471)
      Successors: 401471
  BB: 401231 in func 401220 with 4 insts
    I: 401231
    I: 401234
    I: 401237
    I: 40123c (flow 4013a4)
      Successors: 401242, 4013a4
  BB: 4012b4 in func 401220 with 1 insts
    I: 4012b4 (flow 4012b9)
      Successors: 4012b9
  BB: 401437 in func 401220 with 7 insts
    I: 401437
    I: 40143a
    I: 40143f
    I: 401444
    I: 401447
    I: 40144a
    I: 40144d (flow 401471)
      Successors: 401471
  BB: 4012b9 in func 401220 with 3 insts
    I: 4012b9
    I: 4012bc
    I: 4012c1 (flow 401392)
      Successors: 401392, 4012c7
  BB: 40133e in func 401220 with 11 insts
    I: 40133e
    I: 401342 (disp 404040)
    I: 401349
    I: 40134c
    I: 40134f
    I: 401353
    I: 401358
    I: 40135d (disp 404040)
    I: 401365
    I: 401368
    I: 40136b (flow 401471)
      Successors: 401471
  BB: 401242 in func 401220 with 1 insts
    I: 401242 (flow 401247)
      Successors: 401247
  BB: 401247 in func 401220 with 3 insts
    I: 401247
    I: 40124a
    I: 40124f (flow 401437)
      Successors: 401255, 401437
  BB: 4012c7 in func 401220 with 1 insts
    I: 4012c7 (flow 4012cc)
      Successors: 4012cc
  BB: 4012cc in func 401220 with 3 insts
    I: 4012cc
    I: 4012cf
    I: 4012d4 (flow 401452)
      Successors: 4012da, 401452
  BB: 4013d1 in func 401220 with 11 insts
    I: 4013d1
    I: 4013d5 (disp 404040)
    I: 4013dc
    I: 4013df
    I: 4013e2
    I: 4013e6
    I: 4013eb
    I: 4013f0 (disp 404040)
    I: 4013f8
    I: 4013fb
    I: 4013fe (flow 401471)
      Successors: 401471
  BB: 401452 in func 401220 with 6 insts
    I: 401452
    I: 401455
    I: 401458
    I: 40145c (disp 404040)
    I: 401463
    I: 40146a (flow 401471)
      Successors: 401471
  BB: 401255 in func 401220 with 1 insts
    I: 401255 (flow 40125a)
      Successors: 40125a
  BB: 4012da in func 401220 with 1 insts
    I: 4012da (flow 4012df)
      Successors: 4012df
  BB: 40125a in func 401220 with 3 insts
    I: 40125a
    I: 40125d
    I: 401262 (flow 401370)
      Successors: 401268, 401370
  BB: 4012df in func 401220 with 3 insts
    I: 4012df
    I: 4012e2
    I: 4012e7 (flow 40146f)
      Successors: 4012ed, 40146f
  BB: 401268 in func 401220 with 1 insts
    I: 401268 (flow 40126d)
      Successors: 40126d
  BB: 40126d in func 401220 with 3 insts
    I: 40126d
    I: 401270
    I: 401275 (flow 40131d)
      Successors: 40127b, 40131d
  BB: 4012ed in func 401220 with 1 insts
    I: 4012ed (flow 4012f2)
      Successors: 4012f2
  BB: 40146f in func 401220 with 2 insts
    I: 40146f
    I: 401470
      No successors
  BB: 401370 in func 401220 with 6 insts
    I: 401370
    I: 401374 (disp 404040)
    I: 40137b
    I: 40137f (disp 404040)
    I: 401386
    I: 40138d (flow 401471)
      Successors: 401471
  BB: 401471 in func 401220 with 1 insts
    I: 401471 (flow 401231)
      Successors: 401231
  BB: 4012f2 in func 401220 with 3 insts
    I: 4012f2
    I: 4012f5
    I: 4012fa (flow 401403)
      Successors: 401300, 401403
  BB: 401476 in func 401220 with 1 insts
    I: 401476
      No successors
  BB: 40127b in func 401220 with 1 insts
    I: 40127b (flow 401280)
      Successors: 401280
Recovering 401480
  Analysing subroutine sub_401480 at 401480
  Subroutine sub_401480 at 401480 has 34 blocks
  BB: 401480 in func 401480 with 5 insts
    I: 401480
    I: 401481
    I: 401484
    I: 401487
    I: 40148a
      Successors: 401491
  BB: 401501 in func 401480 with 1 insts
    I: 401501 (flow 401506)
      Successors: 401506
  BB: 401681 in func 401480 with 1 insts
    I: 401681 (flow 401491)
      Successors: 401491
  BB: 401686 in func 401480 with 1 insts
    I: 401686
      No successors
  BB: 401506 in func 401480 with 3 insts
    I: 401506
    I: 401509
    I: 40150e (flow 40163d)
      Successors: 401514, 40163d
  BB: 40160b in func 401480 with 11 insts
    I: 40160b
    I: 40160f (disp 404040)
    I: 401616
    I: 401619
    I: 40161c
    I: 401620
    I: 401625
    I: 40162a (disp 404040)
    I: 401632
    I: 401635
    I: 401638 (flow 401681)
      Successors: 401681
  BB: 401491 in func 401480 with 4 insts
    I: 401491
    I: 401494
    I: 401497
    I: 40149c (flow 4015de)
      Successors: 4014a2, 4015de
  BB: 401514 in func 401480 with 1 insts
    I: 401514 (flow 401519)
      Successors: 401519
  BB: 401519 in func 401480 with 3 insts
    I: 401519
    I: 40151c
    I: 401521 (flow 40165f)
      Successors: 40165f, 401527
  BB: 4014a2 in func 401480 with 1 insts
    I: 4014a2 (flow 4014a7)
      Successors: 4014a7
  BB: 4014a7 in func 401480 with 3 insts
    I: 4014a7
    I: 4014aa
    I: 4014af (flow 401578)
      Successors: 401578, 4014b5
  BB: 401527 in func 401480 with 1 insts
    I: 401527 (flow 40152c)
      Successors: 40152c
  BB: 4015aa in func 401480 with 6 insts
    I: 4015aa
    I: 4015ae (disp 404040)
    I: 4015b5
    I: 4015b9 (disp 404040)
    I: 4015c0
    I: 4015c7 (flow 401681)
      Successors: 401681
  BB: 40152c in func 401480 with 3 insts
    I: 40152c
    I: 40152f
    I: 401534 (flow 4015cc)
      Successors: 40153a, 4015cc
  BB: 4014b5 in func 401480 with 1 insts
    I: 4014b5 (flow 4014ba)
      Successors: 4014ba
  BB: 4014ba in func 401480 with 3 insts
    I: 4014ba
    I: 4014bd
    I: 4014c2 (flow 4015aa)
      Successors: 4014c8, 4015aa
  BB: 40153a in func 401480 with 1 insts
    I: 40153a (flow 40153f)
      Successors: 40153f
  BB: 40163d in func 401480 with 6 insts
    I: 40163d
    I: 401641 (disp 404040)
    I: 401648
    I: 40164c (disp 404040)
    I: 401653
    I: 40165a (flow 401681)
      Successors: 401681
  BB: 40153f in func 401480 with 3 insts
    I: 40153f
    I: 401542
    I: 401547 (flow 401557)
      Successors: 40154d, 401557
  BB: 4014c8 in func 401480 with 1 insts
    I: 4014c8 (flow 4014cd)
      Successors: 4014cd
  BB: 4015cc in func 401480 with 4 insts
    I: 4015cc
    I: 4015cf
    I: 4015d2
    I: 4015d9 (flow 401681)
      Successors: 401681
  BB: 4014cd in func 401480 with 3 insts
    I: 4014cd
    I: 4014d0
    I: 4014d5 (flow 40160b)
      Successors: 40160b, 4014db
  BB: 40154d in func 401480 with 1 insts
    I: 40154d (flow 401552)
      Successors: 401552
  BB: 401552 in func 401480 with 1 insts
    I: 401552 (flow 401681)
      Successors: 401681
  BB: 401557 in func 401480 with 7 insts
    I: 401557
    I: 40155b
    I: 401560
    I: 401565 (disp 404040)
    I: 40156d
    I: 401570
    I: 401573 (flow 401681)
      Successors: 401681
  BB: 4014db in func 401480 with 1 insts
    I: 4014db (flow 4014e0)
      Successors: 4014e0
  BB: 4015de in func 401480 with 2 insts
    I: 4015de
    I: 4015e5 (flow 401681)
      Successors: 401681
  BB: 40165f in func 401480 with 4 insts
    I: 40165f
    I: 401662
    I: 401665
    I: 40166c (flow 401681)
      Successors: 401681
  BB: 4014e0 in func 401480 with 3 insts
    I: 4014e0
    I: 4014e3
    I: 4014e8 (flow 4015ea)
      Successors: 4015ea, 4014ee
  BB: 4015ea in func 401480 with 7 insts
    I: 4015ea
    I: 4015ee
    I: 4015f3
    I: 4015f8 (disp 404040)
    I: 401600
    I: 401603
    I: 401606 (flow 401681)
      Successors: 401681
  BB: 4014ee in func 401480 with 1 insts
    I: 4014ee (flow 4014f3)
      Successors: 4014f3
  BB: 401671 in func 401480 with 7 insts
    I: 401671
    I: 401674
    I: 401677
    I: 40167a
    I: 40167c
    I: 40167f
    I: 401680
      No successors
  BB: 4014f3 in func 401480 with 3 insts
    I: 4014f3
    I: 4014f6
    I: 4014fb (flow 401671)
      Successors: 401501, 401671
  BB: 401578 in func 401480 with 11 insts
    I: 401578
    I: 40157c (disp 404040)
    I: 401583
    I: 401586
    I: 401589
    I: 40158d
    I: 401592
    I: 401597 (disp 404040)
    I: 40159f
    I: 4015a2
    I: 4015a5 (flow 401681)
      Successors: 401681
Recovering main at 401690
  Analysing subroutine main at 401690
    Block head at 00401be2 is not code.
  Subroutine main at 401690 has 72 blocks
  BB: 401880 in func 401690 with 3 insts
    I: 401880
    I: 401886
    I: 40188b (flow 401a3e)
      Successors: 401891, 401a3e
  BB: 401705 in func 401690 with 1 insts
    I: 401705 (flow 40170a)
      Successors: 40170a
  BB: 401b88 in func 401690 with 5 insts
    I: 401b88
    I: 401b8b
    I: 401b8e
    I: 401b91
    I: 401b9b (flow 401bdd)
      Successors: 401bdd
  BB: 401789 in func 401690 with 1 insts
    I: 401789 (flow 40178e)
      Successors: 40178e
  BB: 40170a in func 401690 with 3 insts
    I: 40170a
    I: 401710
    I: 401715 (flow 401a17)
      Successors: 40171b, 401a17
  BB: 40180d in func 401690 with 1 insts
    I: 40180d (flow 401812)
      Successors: 401812
  BB: 40178e in func 401690 with 3 insts
    I: 40178e
    I: 401794
    I: 401799 (flow 401a5e)
      Successors: 401a5e, 40179f
  BB: 401690 in func 401690 with 5 insts
    Referenced by data
    I: 401690
    I: 401691
    I: 401694
    I: 40169b
    I: 4016a2
      Successors: 4016ac
  BB: 401891 in func 401690 with 1 insts
    I: 401891 (flow 401896)
      Successors: 401896
  BB: 401812 in func 401690 with 3 insts
    I: 401812
    I: 401818
    I: 40181d (flow 401942)
      Successors: 401942, 401823
  BB: 4017f7 in func 401690 with 1 insts
    I: 4017f7 (flow 4017fc)
      Successors: 4017fc
  BB: 401896 in func 401690 with 3 insts
    I: 401896
    I: 40189c
    I: 4018a1 (flow 401b21)
      Successors: 401b21, 4018a7
  BB: 401a17 in func 401690 with 2 insts
    I: 401a17
    I: 401a21 (flow 401bdd)
      Successors: 401bdd
  BB: 40171b in func 401690 with 1 insts
    I: 40171b (flow 401720)
      Successors: 401720
  BB: 401a9b in func 401690 with 7 insts
    I: 401a9b
    I: 401a9f
    I: 401aa4
    I: 401aa9
    I: 401ab1
    I: 401ab4
    I: 401aba (flow 401bdd)
      Successors: 401bdd
  BB: 40179f in func 401690 with 1 insts
    I: 40179f (flow 4017a4)
      Successors: 4017a4
  BB: 401720 in func 401690 with 3 insts
    I: 401720
    I: 401726
    I: 40172b (flow 4018f1)
      Successors: 401731, 4018f1
  BB: 401b21 in func 401690 with 2 insts
    I: 401b21
    I: 401b2b (flow 401bdd)
      Successors: 401bdd
  BB: 401ba0 in func 401690 with 8 insts
    I: 401ba0
    I: 401ba3 (imm 40200d)
    I: 401bad (imm 40200a)
    I: 401bb7
    I: 401bba
    I: 401bbe (flow 4040b0)
    I: 401bc3
    I: 401bcd (flow 401bdd)
      Successors: 401bdd
  BB: 401823 in func 401690 with 1 insts
    I: 401823 (flow 401828)
      Successors: 401828
  BB: 4017a4 in func 401690 with 3 insts
    I: 4017a4
    I: 4017aa
    I: 4017af (flow 401b79)
      Successors: 401b79, 4017b5
  BB: 401a26 in func 401690 with 5 insts
    I: 401a26
    I: 401a29
    I: 401a2c
    I: 401a2f
    I: 401a39 (flow 401bdd)
      Successors: 401bdd
  BB: 4018a7 in func 401690 with 1 insts
    I: 4018a7 (flow 4018ac)
      Successors: 4018ac
  BB: 401828 in func 401690 with 3 insts
    I: 401828
    I: 40182e
    I: 401833 (flow 4018e2)
      Successors: 401839, 4018e2
  BB: 4016ac in func 401690 with 4 insts
    I: 4016ac
    I: 4016b2
    I: 4016b8
    I: 4016bd (flow 401af6)
      Successors: 4016c3, 401af6
  BB: 4018ac in func 401690 with 1 insts
    I: 4018ac (flow 401bdd)
      Successors: 401bdd
  BB: 401b30 in func 401690 with 2 insts
    I: 401b30
    I: 401b3a (flow 401bdd)
      Successors: 401bdd
  BB: 401731 in func 401690 with 1 insts
    I: 401731 (flow 401736)
      Successors: 401736
  BB: 4018b1 in func 401690 with 10 insts
    I: 4018b1 (imm 402004)
    I: 4018bb
    I: 4018bf
    I: 4018c1 (flow 4040c8)
    I: 4018c6
    I: 4018cb
    I: 4018d0
    I: 4018d4
    I: 4018d7
    I: 4018dd (flow 401bdd)
      Successors: 401bdd
  BB: 4017b5 in func 401690 with 1 insts
    I: 4017b5 (flow 4017ba)
      Successors: 4017ba
  BB: 401736 in func 401690 with 3 insts
    I: 401736
    I: 40173c
    I: 401741 (flow 401ba0)
      Successors: 401ba0, 401747
  BB: 401839 in func 401690 with 1 insts
    I: 401839 (flow 40183e)
      Successors: 40183e
  BB: 4017ba in func 401690 with 3 insts
    I: 4017ba
    I: 4017c0
    I: 4017c5 (flow 401b6a)
      Successors: 401b6a, 4017cb
  BB: 40183e in func 401690 with 3 insts
    I: 40183e
    I: 401844
    I: 401849 (flow 401ade)
      Successors: 401ade, 40184f
  BB: 401a3e in func 401690 with 4 insts
    I: 401a3e
    I: 401a48
    I: 401a4f
    I: 401a59 (flow 401bdd)
      Successors: 401bdd
  BB: 401abf in func 401690 with 6 insts
    I: 401abf
    I: 401ac4
    I: 401ac9
    I: 401ad0
    I: 401ad3
    I: 401ad9 (flow 401bdd)
      Successors: 401bdd
  BB: 401b3f in func 401690 with 9 insts
    I: 401b3f
    I: 401b43
    I: 401b47
    I: 401b4b
    I: 401b50
    I: 401b55
    I: 401b5c
    I: 401b5f
    I: 401b65 (flow 401bdd)
      Successors: 401bdd
  BB: 401942 in func 401690 with 7 insts
    I: 401942
    I: 401945
    I: 40194a
    I: 40194f
    I: 401952
    I: 401955
    I: 40195b (flow 401bdd)
      Successors: 401bdd
  BB: 4016c3 in func 401690 with 1 insts
    I: 4016c3 (flow 4016c8)
      Successors: 4016c8
  BB: 401747 in func 401690 with 1 insts
    I: 401747 (flow 40174c)
      Successors: 40174c
  BB: 4016c8 in func 401690 with 3 insts
    I: 4016c8
    I: 4016ce
    I: 4016d3 (flow 401a26)
      Successors: 4016d9, 401a26
  BB: 4017cb in func 401690 with 1 insts
    I: 4017cb (flow 4017d0)
      Successors: 4017d0
  BB: 40174c in func 401690 with 3 insts
    I: 40174c
    I: 401752
    I: 401757 (flow 401b88)
      Successors: 401b88, 40175d
  BB: 40184f in func 401690 with 1 insts
    I: 40184f (flow 401854)
      Successors: 401854
  BB: 4017d0 in func 401690 with 3 insts
    I: 4017d0
    I: 4017d6
    I: 4017db (flow 4019f7)
      Successors: 4017e1, 4019f7
  BB: 401bd2 in func 401690 with 4 insts
    I: 401bd2
    I: 401bd4
    I: 401bdb
    I: 401bdc
      No successors
  BB: 401854 in func 401690 with 3 insts
    I: 401854
    I: 40185a
    I: 40185f (flow 401960)
      Successors: 401960, 401865
  BB: 4016d9 in func 401690 with 1 insts
    I: 4016d9 (flow 4016de)
      Successors: 4016de
  BB: 401bdd in func 401690 with 1 insts
    I: 401bdd (flow 4016ac)
      Successors: 4016ac
  BB: 40175d in func 401690 with 1 insts
    I: 40175d (flow 401762)
      Successors: 401762
  BB: 4016de in func 401690 with 3 insts
    I: 4016de
    I: 4016e4
    I: 4016e9 (flow 401a9b)
      Successors: 401a9b, 4016ef
  BB: 401a5e in func 401690 with 6 insts
    I: 401a5e
    I: 401a63
    I: 401a68
    I: 401a6c
    I: 401a6f
    I: 401a75 (flow 401bdd)
      Successors: 401bdd
  BB: 401960 in func 401690 with 28 insts
    I: 401960
    I: 401967 (imm 402007)
    I: 401971
    I: 401973 (flow 4040c8)
    I: 401978
    I: 40197f
    I: 401982
    I: 401988
    I: 40198f (flow 4040b8)
    I: 401994
    I: 401998
    I: 4019a0
    I: 4019a3
    I: 4019a9
    I: 4019b0
    I: 4019b4
    I: 4019b7
    I: 4019bb
    I: 4019c2
    I: 4019c9
    I: 4019cc
    I: 4019d3
    I: 4019d9
    I: 4019de
    I: 4019e3
    I: 4019e9
    I: 4019ec
    I: 4019f2 (flow 401bdd)
      Successors: 401bdd
  BB: 4017e1 in func 401690 with 1 insts
    I: 4017e1 (flow 4017e6)
      Successors: 4017e6
  BB: 401762 in func 401690 with 3 insts
    I: 401762
    I: 401768
    I: 40176d (flow 401bd2)
      Successors: 401bd2, 401773
  BB: 4018e2 in func 401690 with 2 insts
    I: 4018e2
    I: 4018ec (flow 401bdd)
      Successors: 401bdd
  BB: 401ade in func 401690 with 4 insts
    I: 401ade
    I: 401ae1
    I: 401ae7
    I: 401af1 (flow 401bdd)
      Successors: 401bdd
  BB: 401865 in func 401690 with 1 insts
    I: 401865 (flow 40186a)
      Successors: 40186a
  BB: 4017e6 in func 401690 with 3 insts
    I: 4017e6
    I: 4017ec
    I: 4017f1 (flow 4018b1)
      Successors: 4018b1, 4017f7
  BB: 40186a in func 401690 with 3 insts
    I: 40186a
    I: 401870
    I: 401875 (flow 401b30)
      Successors: 401b30, 40187b
  BB: 401b6a in func 401690 with 2 insts
    I: 401b6a
    I: 401b74 (flow 401bdd)
      Successors: 401bdd
  BB: 4016ef in func 401690 with 1 insts
    I: 4016ef (flow 4016f4)
      Successors: 4016f4
  BB: 4018f1 in func 401690 with 16 insts
    I: 4018f1 (flow 401160)
    I: 4018f6
    I: 4018fa
    I: 4018fc
    I: 401901 (flow 4040c0)
    I: 401906
    I: 40190d
    I: 40190f
    I: 401914 (flow 4040c0)
    I: 401919
    I: 401920
    I: 401922
    I: 401927 (flow 4040c0)
    I: 40192c
    I: 401933
    I: 40193d (flow 401bdd)
      Successors: 401bdd
  BB: 401773 in func 401690 with 1 insts
    I: 401773 (flow 401778)
      Successors: 401778
  BB: 4016f4 in func 401690 with 3 insts
    I: 4016f4
    I: 4016fa
    I: 4016ff (flow 401a7a)
      Successors: 401a7a, 401705
  BB: 401af6 in func 401690 with 10 insts
    I: 401af6
    I: 401afc
    I: 401aff (flow 401480)
    I: 401b04
    I: 401b06
    I: 401b0b
    I: 401b10
    I: 401b13
    I: 401b16
    I: 401b1c (flow 401bdd)
      Successors: 401bdd
  BB: 4019f7 in func 401690 with 5 insts
    I: 4019f7
    I: 4019fd
    I: 401a03 (flow 401220)
    I: 401a08
    I: 401a12 (flow 401bdd)
      Successors: 401bdd
  BB: 401778 in func 401690 with 3 insts
    I: 401778
    I: 40177e
    I: 401783 (flow 401b3f)
      Successors: 401789, 401b3f
  BB: 401b79 in func 401690 with 2 insts
    I: 401b79
    I: 401b83 (flow 401bdd)
      Successors: 401bdd
  BB: 401a7a in func 401690 with 7 insts
    I: 401a7a
    I: 401a7e
    I: 401a83
    I: 401a88
    I: 401a8d
    I: 401a90
    I: 401a96 (flow 401bdd)
      Successors: 401bdd
  BB: 40187b in func 401690 with 1 insts
    I: 40187b (flow 401880)
      Successors: 401880
  BB: 4017fc in func 401690 with 3 insts
    I: 4017fc
    I: 401802
    I: 401807 (flow 401abf)
      Successors: 40180d, 401abf
Recovering .term_proc at 401be4
  Analysing subroutine .term_proc at 401be4
    Block head at 00401bf1 is not code.
  Subroutine .term_proc at 401be4 has 1 blocks
  BB: 401be4 in func 401be4 with 4 insts
    I: 401be4
    I: 401be8
    I: 401bec
    I: 401bf0
      No successors
Global Variable None
WARNING: Global constructor and destructor sections are adjacent!
Recovering region LOAD [400000, 400558) in segment LOAD
  8-byte reference at 400018 to 401070 (start)
  8-byte reference at 4000f8 to 401000 (.init_proc)
  8-byte reference at 400130 to 402000 ()
  8-byte reference at 400168 to 403de8 ()
  8-byte reference at 400280 to 402010 ()
  8-byte reference at 4002f0 to 403de8 ()
Recovering region .init [401000, 40101b) in segment .init
Recovering region LOAD [40101b, 401020) in segment LOAD
Recovering region .plt [401020, 401070) in segment .plt
Recovering region .text [401070, 401be2) in segment .text
Recovering region LOAD [401be2, 401be4) in segment LOAD
Recovering region .fini [401be4, 401bf1) in segment .fini
Recovering region .rodata [402000, 402010) in segment .rodata
  Variable s at 40200a
  Variable aOk at 40200d
Recovering region .eh_frame_hdr [402010, 402054) in segment .eh_frame_hdr
Recovering region LOAD [402054, 402058) in segment LOAD
Recovering region .eh_frame [402058, 402154) in segment .eh_frame
Recovering region LOAD [402154, 402198) in segment LOAD
Recovering region .init_array [403de8, 403df8) in segment .init_array
  8-byte reference at 403de8 to 401150 ()
  8-byte reference at 403df0 to 401120 ()
Recovering region LOAD [403df8, 403fd8) in segment LOAD
Recovering region .got [403fd8, 403fe8) in segment .got
  8-byte reference at 403fd8 to 4040a8 (__libc_start_main)
  8-byte reference at 403fe0 to 4040d0 (__gmon_start__)
Recovering region .got.plt [403fe8, 404020) in segment .got.plt
  8-byte reference at 404000 to 4040b0 (puts)
  8-byte reference at 404008 to 4040b8 (strlen)
  8-byte reference at 404010 to 4040c0 (memset)
  8-byte reference at 404018 to 4040c8 (__isoc99_scanf)
Recovering region .data [404020, 404030) in segment .data
Recovering region .bss [404030, 4040a8) in segment .bss
Recovering extern function puts at 401030
Recovering extern function strlen at 401040
Recovering extern function memset at 401050
Recovering extern function __isoc99_scanf at 401060
Recovering extern function __libc_start_main at 4040a8
Recovering extern function puts at 4040b0
Recovering extern function strlen at 4040b8
Recovering extern function memset at 4040c0
Recovering extern function __isoc99_scanf at 4040c8
Recovering extern function __gmon_start__ at 4040d0
Recovered 11 functions.
Saving to: /home/ubuntu/capstone_project/result/pipeline_20260629_141746/s166576559_fla.cfg
Done analysis!
