Debugging is enabled.
Loading Standard Definitions file: /home/ubuntu/capstone_project/dependency/mcsema/mcsema/lib/python3/site-packages/mcsema_disass-3.1.3.8-py3.8.egg/mcsema_disass/defs/linux.txt
Using Batch mode.
Starting analysis
Recovering module s178043981_fla_bcf.elf
Found main at 401140
Looking for instructions in segment .init
  Default block heads for function 401000 with loose bounds [401000, 40101b)
    block [401000, 401014)
    block [401014, 401016)
    block [401016, 40101b)
    chunk [401000, 40101b)
Looking for instructions in segment .plt
  Default block heads for function 401020 with loose bounds [401020, 40102c)
    block [401020, 40102c)
    chunk [401020, 40102c)
  Default block heads for function 401030 with loose bounds [401030, 401036)
    block [401030, 401036)
    chunk [401030, 401036)
  Default block heads for function 401040 with loose bounds [401040, 401046)
    block [401040, 401046)
    chunk [401040, 401046)
Looking for instructions in segment .text
  Default block heads for function 401050 with loose bounds [401050, 401076)
    block [401050, 401076)
    chunk [401050, 401076)
  Default block heads for function 401090 with loose bounds [401090, 4010b1)
    block [401090, 40109d)
    block [40109d, 4010a7)
    block [4010a7, 4010ae)
    block [4010b0, 4010b1)
    chunk [401090, 4010b1)
  Default block heads for function 401100 with loose bounds [401100, 401121)
    block [401100, 40110d)
    block [40110d, 40111f)
    block [401120, 401121)
    chunk [401100, 401121)
  Default block heads for function 401130 with loose bounds [401130, 401136)
    block [401130, 401136)
    chunk [401130, 401136)
    chunk [4010c0, 4010f1)
  Default block heads for function 401140 with loose bounds [401140, 40293a)
    block [401140, 401156)
    block [401156, 401167)
    block [401167, 40116c)
    block [40116c, 40117a)
    block [40117a, 40117f)
    block [40117f, 40118d)
    block [40118d, 401192)
    block [401192, 4011a0)
    block [4011a0, 4011a5)
    block [4011a5, 4011b3)
    block [4011b3, 4011b8)
    block [4011b8, 4011c6)
    block [4011c6, 4011cb)
    block [4011cb, 4011d9)
    block [4011d9, 4011de)
    block [4011de, 4011ec)
    block [4011ec, 4011f1)
    block [4011f1, 4011ff)
    block [4011ff, 401204)
    block [401204, 401212)
    block [401212, 401217)
    block [401217, 401225)
    block [401225, 40122a)
    block [40122a, 401238)
    block [401238, 40123d)
    block [40123d, 40124b)
    block [40124b, 401250)
    block [401250, 40125e)
    block [40125e, 401263)
    block [401263, 401271)
    block [401271, 401276)
    block [401276, 401284)
    block [401284, 401289)
    block [401289, 401297)
    block [401297, 40129c)
    block [40129c, 4012aa)
    block [4012aa, 4012af)
    block [4012af, 4012bd)
    block [4012bd, 4012c2)
    block [4012c2, 4012d0)
    block [4012d0, 4012d5)
    block [4012d5, 4012e3)
    block [4012e3, 4012e8)
    block [4012e8, 4012f6)
    block [4012f6, 4012fb)
    block [4012fb, 401309)
    block [401309, 40130e)
    block [40130e, 40131c)
    block [40131c, 401321)
    block [401321, 40132f)
    block [40132f, 401334)
    block [401334, 401342)
    block [401342, 401347)
    block [401347, 401355)
    block [401355, 40135a)
    block [40135a, 401368)
    block [401368, 40136d)
    block [40136d, 40137b)
    block [40137b, 401380)
    block [401380, 40138e)
    block [40138e, 401393)
    block [401393, 4013a1)
    block [4013a1, 4013a6)
    block [4013a6, 4013b4)
    block [4013b4, 4013b9)
    block [4013b9, 4013c7)
    block [4013c7, 4013cc)
    block [4013cc, 4013da)
    block [4013da, 4013df)
    block [4013df, 4013ed)
    block [4013ed, 4013f2)
    block [4013f2, 401400)
    block [401400, 401405)
    block [401405, 401413)
    block [401413, 401418)
    block [401418, 401426)
    block [401426, 40142b)
    block [40142b, 401439)
    block [401439, 40143e)
    block [40143e, 40144c)
    block [40144c, 401451)
    block [401451, 40145f)
    block [40145f, 401464)
    block [401464, 401472)
    block [401472, 401477)
    block [401477, 401485)
    block [401485, 40148a)
    block [40148a, 401498)
    block [401498, 40149d)
    block [40149d, 4014ab)
    block [4014ab, 4014b0)
    block [4014b0, 4014be)
    block [4014be, 4014c3)
    block [4014c3, 4014d1)
    block [4014d1, 4014d6)
    block [4014d6, 4014e4)
    block [4014e4, 4014e9)
    block [4014e9, 4014f7)
    block [4014f7, 4014fc)
    block [4014fc, 40150a)
    block [40150a, 40150f)
    block [40150f, 40151d)
    block [40151d, 401522)
    block [401522, 401530)
    block [401530, 401535)
    block [401535, 401543)
    block [401543, 401548)
    block [401548, 401556)
    block [401556, 40155b)
    block [40155b, 401569)
    block [401569, 40156e)
    block [40156e, 40157c)
    block [40157c, 401581)
    block [401581, 40158f)
    block [40158f, 401594)
    block [401594, 4015a2)
    block [4015a2, 4015a7)
    block [4015a7, 4015b5)
    block [4015b5, 4015ba)
    block [4015ba, 4015c8)
    block [4015c8, 4015cd)
    block [4015cd, 4015db)
    block [4015db, 4015e0)
    block [4015e0, 4015ee)
    block [4015ee, 4015f3)
    block [4015f3, 401601)
    block [401601, 401606)
    block [401606, 401614)
    block [401614, 401619)
    block [401619, 401627)
    block [401627, 40162c)
    block [40162c, 40163a)
    block [40163a, 40163f)
    block [40163f, 40164d)
    block [40164d, 401652)
    block [401652, 401660)
    block [401660, 401665)
    block [401665, 401673)
    block [401673, 401678)
    block [401678, 401686)
    block [401686, 40168b)
    block [40168b, 401699)
    block [401699, 40169e)
    block [40169e, 4016ac)
    block [4016ac, 4016b1)
    block [4016b1, 4016bf)
    block [4016bf, 4016c4)
    block [4016c4, 4016d2)
    block [4016d2, 4016d7)
    block [4016d7, 4016e5)
    block [4016e5, 4016ea)
    block [4016ea, 4016f8)
    block [4016f8, 4016fd)
    block [4016fd, 40170b)
    block [40170b, 401710)
    block [401710, 40171e)
    block [40171e, 401723)
    block [401723, 401731)
    block [401731, 401736)
    block [401736, 401744)
    block [401744, 401749)
    block [401749, 401757)
    block [401757, 40175c)
    block [40175c, 40176a)
    block [40176a, 40176f)
    block [40176f, 40177d)
    block [40177d, 401782)
    block [401782, 401790)
    block [401790, 401795)
    block [401795, 4017a3)
    block [4017a3, 4017a8)
    block [4017a8, 4017b6)
    block [4017b6, 4017bb)
    block [4017bb, 4017c9)
    block [4017c9, 4017ce)
    block [4017ce, 4017dc)
    block [4017dc, 4017e1)
    block [4017e1, 4017ef)
    block [4017ef, 4017f4)
    block [4017f4, 401802)
    block [401802, 401807)
    block [401807, 401815)
    block [401815, 40181a)
    block [40181a, 401828)
    block [401828, 40182d)
    block [40182d, 40183b)
    block [40183b, 401840)
    block [401840, 40184e)
    block [40184e, 401853)
    block [401853, 401861)
    block [401861, 401866)
    block [401866, 401874)
    block [401874, 401879)
    block [401879, 401887)
    block [401887, 40188c)
    block [40188c, 40189a)
    block [40189a, 40189f)
    block [40189f, 4018ad)
    block [4018ad, 4018b2)
    block [4018b2, 4018c0)
    block [4018c0, 4018c5)
    block [4018c5, 4018d3)
    block [4018d3, 4018d8)
    block [4018d8, 4018e6)
    block [4018e6, 4018eb)
    block [4018eb, 4018f9)
    block [4018f9, 4018fe)
    block [4018fe, 40190c)
    block [40190c, 401911)
    block [401911, 40191f)
    block [40191f, 401924)
    block [401924, 401932)
    block [401932, 401937)
    block [401937, 401945)
    block [401945, 40194a)
    block [40194a, 401958)
    block [401958, 40195d)
    block [40195d, 40196b)
    block [40196b, 401970)
    block [401970, 40197e)
    block [40197e, 401983)
    block [401983, 401988)
    block [401988, 4019b7)
    block [4019b7, 4019f3)
    block [4019f3, 401a13)
    block [401a13, 401a56)
    block [401a56, 401aa9)
    block [401aa9, 401ac4)
    block [401ac4, 401ad9)
    block [401ad9, 401aec)
    block [401aec, 401b2f)
    block [401b2f, 401b7e)
    block [401b7e, 401b99)
    block [401b99, 401bbd)
    block [401bbd, 401c00)
    block [401c00, 401c4c)
    block [401c4c, 401c58)
    block [401c58, 401c9b)
    block [401c9b, 401cde)
    block [401cde, 401cea)
    block [401cea, 401d2d)
    block [401d2d, 401d79)
    block [401d79, 401d85)
    block [401d85, 401dc8)
    block [401dc8, 401e12)
    block [401e12, 401e1e)
    block [401e1e, 401e37)
    block [401e37, 401e4a)
    block [401e4a, 401e63)
    block [401e63, 401e87)
    block [401e87, 401e9c)
    block [401e9c, 401edf)
    block [401edf, 401f22)
    block [401f22, 401f2e)
    block [401f2e, 401f71)
    block [401f71, 401fbd)
    block [401fbd, 401fc9)
    block [401fc9, 40200c)
    block [40200c, 40204f)
    block [40204f, 40205b)
    block [40205b, 402070)
    block [402070, 402083)
    block [402083, 4020c6)
    block [4020c6, 402115)
    block [402115, 402130)
    block [402130, 402173)
    block [402173, 4021bd)
    block [4021bd, 4021c9)
    block [4021c9, 4021e2)
    block [4021e2, 4021f5)
    block [4021f5, 402238)
    block [402238, 402287)
    block [402287, 4022a2)
    block [4022a2, 4022c6)
    block [4022c6, 402309)
    block [402309, 402355)
    block [402355, 402361)
    block [402361, 40236d)
    block [40236d, 4023b0)
    block [4023b0, 4023fc)
    block [4023fc, 402408)
    block [402408, 402414)
    block [402414, 402429)
    block [402429, 402435)
    block [402435, 40244a)
    block [40244a, 40248d)
    block [40248d, 4024d7)
    block [4024d7, 4024e3)
    block [4024e3, 4024fc)
    block [4024fc, 40250f)
    block [40250f, 402528)
    block [402528, 40253b)
    block [40253b, 402554)
    block [402554, 402567)
    block [402567, 402580)
    block [402580, 4025a4)
    block [4025a4, 4025b9)
    block [4025b9, 4025c5)
    block [4025c5, 402608)
    block [402608, 402654)
    block [402654, 402660)
    block [402660, 4026a3)
    block [4026a3, 4026e6)
    block [4026e6, 4026f2)
    block [4026f2, 402707)
    block [402707, 402713)
    block [402713, 402728)
    block [402728, 402734)
    block [402734, 402749)
    block [402749, 40278c)
    block [40278c, 4027e3)
    block [4027e3, 4027ef)
    block [4027ef, 4027fb)
    block [4027fb, 402803)
    block [402803, 40280f)
    block [40280f, 40281b)
    block [40281b, 402830)
    block [402830, 40283c)
    block [40283c, 402851)
    block [402851, 402864)
    block [402864, 402870)
    block [402870, 402885)
    block [402885, 402891)
    block [402891, 40289d)
    block [40289d, 4028b0)
    block [4028b0, 4028bc)
    block [4028bc, 4028d1)
    block [4028d1, 4028e6)
    block [4028e6, 4028f9)
    block [4028f9, 40290e)
    block [40290e, 40291a)
    block [40291a, 402935)
    block [402935, 40293a)
    chunk [401140, 40293a)
Looking for instructions in segment .fini
  Default block heads for function 40293c with loose bounds [40293c, 402949)
    block [40293c, 402949)
    chunk [40293c, 402949)
Looking for strings in segment .rodata [403000, 40300b)
  Found string b'%d\n' of length 4 at 403007, jumping to 40300b
Looking for strings in segment .eh_frame_hdr [40300c, 403038)
Looking for strings in segment .eh_frame [403038, 4030c8)
Looking for strings in segment .init_array [404de8, 404df0)
Looking for strings in segment .fini_array [404df0, 404df8)
Looking for strings in segment .got [404fd8, 404fe8)
Looking for strings in segment .got.plt [404fe8, 405010)
Looking for strings in segment .data [405010, 405020)
Looking for strings in segment .bss [405020, 405030)
Looking for strings in segment extern [405030, 405050)
Looking for cross-references in segment .init [401000, 40101b)
Looking for cross-references in segment .plt [401020, 401050)
  Adding dword reference from 40102c to 401f0f
  Stopping scan at 40102c
Looking for cross-references in segment .text [401050, 40293a)
  Stopping scan at 40107c
  Stopping scan at 40108c
  Stopping scan at ffffffffffffffff
  Stopping scan at 4010bc
  Stopping scan at 4010fc
  Stopping scan at ffffffffffffffff
  Stopping scan at 40112c
  Stopping scan at 40113c
Looking for cross-references in segment .fini [40293c, 402949)
Looking for cross-references in segment .rodata [403000, 40300b)
  Stopping scan at 403008
Looking for cross-references in segment .eh_frame_hdr [40300c, 403038)
  Stopping scan at 403034
Looking for cross-references in segment .eh_frame [403038, 4030c8)
  Stopping scan at 4030c4
Looking for cross-references in segment .init_array [404de8, 404df0)
  Adding qword reference from 404de8 to 401130
  Stopping scan at 404de8
Looking for cross-references in segment .fini_array [404df0, 404df8)
  Adding qword reference from 404df0 to 401100
  Stopping scan at 404df0
Looking for cross-references in segment .got [404fd8, 404fe8)
  Adding qword reference from 404fd8 to 405030
  Adding qword reference from 404fe0 to 405048
  Stopping scan at 404fe0
Looking for cross-references in segment .got.plt [404fe8, 405010)
  Adding qword reference from 405000 to 405038
  Adding qword reference from 405008 to 405040
  Stopping scan at 405008
Looking for cross-references in segment .data [405010, 405020)
  Stopping scan at 40501c
Looking for cross-references in segment .bss [405020, 405030)
  Stopping scan at 40502c
Looking for cross-references in segment extern [405030, 405050)
  Stopping scan at 40504c
Looking for thunks
  Found thunk for printf targeting 405038 at 401030
  Found thunk for __isoc99_scanf targeting 405040 at 401040
Looking for external symbols
  Function at 401030 is the external function printf
  Function at 401040 is the external function __isoc99_scanf
  Function at 405030 is the external function __libc_start_main
  Function at 405038 is the external function printf
  Function at 405040 is the external function __isoc99_scanf
  Function at 405048 is the external function __gmon_start__
Looking for entrypoints
Recovering .init_proc at 401000
  Analysing subroutine .init_proc at 401000
    Block head at 0040101b is not code.
  Subroutine .init_proc at 401000 has 3 blocks
  BB: 401000 in func 401000 with 5 insts
    Referenced by data
    I: 401000
    I: 401004
    I: 401008 (mem 404fe0)
    I: 40100f
    I: 401012 (flow 401016)
      Successors: 401014, 401016
  BB: 401014 in func 401000 with 1 insts
    I: 401014
      Successors: 401016
  BB: 401016 in func 401000 with 2 insts
    I: 401016
    I: 40101a
      No successors
Recovering 401020
  Analysing subroutine sub_401020 at 401020
  WARNING: No table entries for indirect jump at 401026; Adding next_ea 40102c as successor.
  Subroutine sub_401020 at 401020 has 2 blocks
  WARNING: No table entries for indirect jump at 401026; Adding next_ea 40102c as successor.
  BB: 401020 in func 401020 with 2 insts
    I: 401020 (mem 404ff0)
    I: 401026 (mem 404ff8)
      Successors: 40102c
  BB: 40102c in func 401020 with 1 insts
    I: 40102c
      No successors
Recovering start at 401050
  Analysing subroutine start at 401050
  Subroutine start at 401050 has 3 blocks
  BB: 401050 in func 401050 with 13 insts
    Referenced by data
    I: 401050
    I: 401054
    I: 401056
    I: 401059
    I: 40105a
    I: 40105d
    I: 401061
    I: 401062
    I: 401063
    I: 401066
    I: 401068 (imm 401140)
    I: 40106f (mem 404fd8)
    I: 401075
      No successors
  BB: 401085 in func 401050 with 2 insts
    I: 401085
    I: 40108f
      No successors
  BB: 401076 in func 401050 with 3 insts
    I: 401076
    I: 401080
    I: 401084
      No successors
Recovering 401090
  Analysing subroutine sub_401090 at 401090
  WARNING: No table entries for indirect jump at 4010ac; Adding next_ea 4010ae as successor.
  WARNING: No table entries for indirect jump at 4010ee; Adding next_ea 4010f0 as successor.
  Subroutine sub_401090 at 401090 has 11 blocks
  BB: 4010c0 in func 401090 with 8 insts
    I: 4010c0 (imm 405020)
    I: 4010c5 (imm 405020)
    I: 4010cc
    I: 4010cf
    I: 4010d3
    I: 4010d7
    I: 4010da
    I: 4010dd (flow 4010f0)
      Successors: 4010f0, 4010df
  WARNING: No table entries for indirect jump at 4010ac; Adding next_ea 4010ae as successor.
  BB: 4010a7 in func 401090 with 2 insts
    I: 4010a7 (imm 405020)
    I: 4010ac
      Successors: 4010ae
  WARNING: No table entries for indirect jump at 4010ee; Adding next_ea 4010f0 as successor.
  BB: 4010e9 in func 401090 with 2 insts
    I: 4010e9 (imm 405020)
    I: 4010ee
      Successors: 4010f0
  BB: 4010ae in func 401090 with 1 insts
    I: 4010ae
      Successors: 4010b0
  BB: 401090 in func 401090 with 3 insts
    I: 401090 (imm 405020)
    I: 401095 (imm 405020)
    I: 40109b (flow 4010b0)
      Successors: 4010b0, 40109d
  BB: 4010b0 in func 401090 with 1 insts
    I: 4010b0
      No successors
  BB: 4010b1 in func 401090 with 2 insts
    I: 4010b1
    I: 4010b5
      Successors: 4010c0
  BB: 4010f0 in func 401090 with 1 insts
    I: 4010f0
      No successors
  BB: 4010f1 in func 401090 with 2 insts
    I: 4010f1
    I: 4010f5
      No successors
  BB: 40109d in func 401090 with 3 insts
    I: 40109d
    I: 4010a2
    I: 4010a5 (flow 4010b0)
      Successors: 4010b0, 4010a7
  BB: 4010df in func 401090 with 3 insts
    I: 4010df
    I: 4010e4
    I: 4010e7 (flow 4010f0)
      Successors: 4010f0, 4010e9
Recovering 401100
  Analysing subroutine sub_401100 at 401100
  Subroutine sub_401100 at 401100 has 5 blocks
  BB: 401100 in func 401100 with 3 insts
    Referenced by data
    I: 401100
    I: 401104 (mem 405020)
    I: 40110b (flow 401120)
      Successors: 401120, 40110d
  BB: 401121 in func 401100 with 2 insts
    I: 401121
    I: 401125
      No successors
  BB: 401120 in func 401100 with 1 insts
    I: 401120
      No successors
  BB: 40110d in func 401100 with 6 insts
    I: 40110d
    I: 40110e
    I: 401111 (flow 401090)
    I: 401116 (mem 405020)
    I: 40111d
    I: 40111e
      No successors
  BB: 40111f in func 401100 with 1 insts
    I: 40111f
      Successors: 401120
Recovering 401130
  Analysing subroutine sub_401130 at 401130
  WARNING: No table entries for indirect jump at 4010ee; Adding next_ea 4010f0 as successor.
  Subroutine sub_401130 at 401130 has 6 blocks
  BB: 4010c0 in func 401130 with 8 insts
    I: 4010c0 (imm 405020)
    I: 4010c5 (imm 405020)
    I: 4010cc
    I: 4010cf
    I: 4010d3
    I: 4010d7
    I: 4010da
    I: 4010dd (flow 4010f0)
      Successors: 4010f0, 4010df
  WARNING: No table entries for indirect jump at 4010ee; Adding next_ea 4010f0 as successor.
  BB: 4010e9 in func 401130 with 2 insts
    I: 4010e9 (imm 405020)
    I: 4010ee
      Successors: 4010f0
  BB: 401130 in func 401130 with 2 insts
    Referenced by data
    I: 401130
    I: 401134 (flow 4010c0)
      Successors: 4010c0
  BB: 4010f0 in func 401130 with 1 insts
    I: 4010f0
      No successors
  BB: 401136 in func 401130 with 1 insts
    I: 401136
      No successors
  BB: 4010df in func 401130 with 3 insts
    I: 4010df
    I: 4010e4
    I: 4010e7 (flow 4010f0)
      Successors: 4010f0, 4010e9
Recovering main at 401140
  Analysing subroutine main at 401140
    Block head at 0040293a is not code.
  Subroutine main at 401140 has 334 blocks
  BB: 401802 in func 401140 with 1 insts
    I: 401802 (flow 401807)
      Successors: 401807
  BB: 402803 in func 401140 with 2 insts
    I: 402803
    I: 40280a (flow 402935)
      Successors: 402935
  BB: 401807 in func 401140 with 3 insts
    I: 401807
    I: 40180a
    I: 40180f (flow 401c4c)
      Successors: 401c4c, 401815
  BB: 40200c in func 401140 with 19 insts
    I: 40200c (imm 405024)
    I: 402013
    I: 402015 (imm 405028)
    I: 40201c
    I: 40201e
    I: 402020
    I: 402023
    I: 402026
    I: 402029
    I: 40202c
    I: 40202f
    I: 402032
    I: 402035
    I: 402037
    I: 40203c
    I: 402041
    I: 402044
    I: 402047
    I: 40204a (flow 402935)
      Successors: 402935
  BB: 40280f in func 401140 with 2 insts
    I: 40280f
    I: 402816 (flow 402935)
      Successors: 402935
  BB: 401815 in func 401140 with 1 insts
    I: 401815 (flow 40181a)
      Successors: 40181a
  BB: 40181a in func 401140 with 3 insts
    I: 40181a
    I: 40181d
    I: 401822 (flow 402287)
      Successors: 401828, 402287
  BB: 40281b in func 401140 with 5 insts
    I: 40281b
    I: 40281e
    I: 402821
    I: 402824
    I: 40282b (flow 402935)
      Successors: 402935
  BB: 401828 in func 401140 with 1 insts
    I: 401828 (flow 40182d)
      Successors: 40182d
  BB: 40182d in func 401140 with 3 insts
    I: 40182d
    I: 401830
    I: 401835 (flow 402309)
      Successors: 402309, 40183b
  BB: 402830 in func 401140 with 2 insts
    I: 402830
    I: 402837 (flow 402935)
      Successors: 402935
  BB: 40183b in func 401140 with 1 insts
    I: 40183b (flow 401840)
      Successors: 401840
  BB: 40283c in func 401140 with 5 insts
    I: 40283c
    I: 40283f
    I: 402842
    I: 402845
    I: 40284c (flow 402935)
      Successors: 402935
  BB: 401840 in func 401140 with 3 insts
    I: 401840
    I: 401843
    I: 401848 (flow 40283c)
      Successors: 40283c, 40184e
  BB: 40184e in func 401140 with 1 insts
    I: 40184e (flow 401853)
      Successors: 401853
  BB: 40204f in func 401140 with 2 insts
    I: 40204f
    I: 402056 (flow 402935)
      Successors: 402935
  BB: 402851 in func 401140 with 3 insts
    I: 402851
    I: 402858
    I: 40285f (flow 402935)
      Successors: 402935
  BB: 401853 in func 401140 with 3 insts
    I: 401853
    I: 401856
    I: 40185b (flow 402713)
      Successors: 401861, 402713
  BB: 40205b in func 401140 with 5 insts
    I: 40205b
    I: 40205e
    I: 402061
    I: 402064
    I: 40206b (flow 402935)
      Successors: 402935
  BB: 401861 in func 401140 with 1 insts
    I: 401861 (flow 401866)
      Successors: 401866
  BB: 402864 in func 401140 with 2 insts
    I: 402864
    I: 40286b (flow 402935)
      Successors: 402935
  BB: 401866 in func 401140 with 3 insts
    I: 401866
    I: 401869
    I: 40186e (flow 401a13)
      Successors: 401a13, 401874
  BB: 402070 in func 401140 with 3 insts
    I: 402070
    I: 402077
    I: 40207e (flow 402935)
      Successors: 402935
  BB: 402870 in func 401140 with 5 insts
    I: 402870
    I: 402873
    I: 402876
    I: 402879
    I: 402880 (flow 402935)
      Successors: 402935
  BB: 401874 in func 401140 with 1 insts
    I: 401874 (flow 401879)
      Successors: 401879
  BB: 401879 in func 401140 with 3 insts
    I: 401879
    I: 40187c
    I: 401881 (flow 402728)
      Successors: 402728, 401887
  BB: 402083 in func 401140 with 19 insts
    I: 402083 (imm 405024)
    I: 40208a
    I: 40208c (imm 405028)
    I: 402093
    I: 402095
    I: 402097
    I: 40209a
    I: 40209d
    I: 4020a0
    I: 4020a3
    I: 4020a6
    I: 4020a9
    I: 4020ac
    I: 4020ae
    I: 4020b3
    I: 4020b8
    I: 4020bb
    I: 4020be
    I: 4020c1 (flow 402935)
      Successors: 402935
  BB: 402885 in func 401140 with 2 insts
    I: 402885
    I: 40288c (flow 402935)
      Successors: 402935
  BB: 401887 in func 401140 with 1 insts
    I: 401887 (flow 40188c)
      Successors: 40188c
  BB: 40188c in func 401140 with 3 insts
    I: 40188c
    I: 40188f
    I: 401894 (flow 401cde)
      Successors: 40189a, 401cde
  BB: 402891 in func 401140 with 2 insts
    I: 402891
    I: 402898 (flow 402935)
      Successors: 402935
  BB: 40189a in func 401140 with 1 insts
    I: 40189a (flow 40189f)
      Successors: 40189f
  BB: 40289d in func 401140 with 3 insts
    I: 40289d
    I: 4028a4
    I: 4028ab (flow 402935)
      Successors: 402935
  BB: 40189f in func 401140 with 3 insts
    I: 40189f
    I: 4018a2
    I: 4018a7 (flow 402408)
      Successors: 402408, 4018ad
  BB: 4018ad in func 401140 with 1 insts
    I: 4018ad (flow 4018b2)
      Successors: 4018b2
  BB: 4028b0 in func 401140 with 2 insts
    I: 4028b0
    I: 4028b7 (flow 402935)
      Successors: 402935
  BB: 4018b2 in func 401140 with 3 insts
    I: 4018b2
    I: 4018b5
    I: 4018ba (flow 402580)
      Successors: 4018c0, 402580
  BB: 4028bc in func 401140 with 5 insts
    I: 4028bc
    I: 4028bf
    I: 4028c2
    I: 4028c5
    I: 4028cc (flow 402935)
      Successors: 402935
  BB: 4018c0 in func 401140 with 1 insts
    I: 4018c0 (flow 4018c5)
      Successors: 4018c5
  BB: 4018c5 in func 401140 with 3 insts
    I: 4018c5
    I: 4018c8
    I: 4018cd (flow 40204f)
      Successors: 4018d3, 40204f
  BB: 4020c6 in func 401140 with 23 insts
    I: 4020c6
    I: 4020ca
    I: 4020cd
    I: 4020cf
    I: 4020d2 (imm 405024)
    I: 4020d9
    I: 4020db (imm 405028)
    I: 4020e2
    I: 4020e4
    I: 4020e6
    I: 4020e9
    I: 4020ec
    I: 4020ef
    I: 4020f2
    I: 4020f5
    I: 4020f8
    I: 4020fb
    I: 4020fd
    I: 402102
    I: 402107
    I: 40210a
    I: 40210d
    I: 402110 (flow 402935)
      Successors: 402935
  BB: 4028d1 in func 401140 with 5 insts
    I: 4028d1
    I: 4028d4
    I: 4028d7
    I: 4028da
    I: 4028e1 (flow 402935)
      Successors: 402935
  BB: 4018d3 in func 401140 with 1 insts
    I: 4018d3 (flow 4018d8)
      Successors: 4018d8
  BB: 4018d8 in func 401140 with 3 insts
    I: 4018d8
    I: 4018db
    I: 4018e0 (flow 40205b)
      Successors: 40205b, 4018e6
  BB: 4018e6 in func 401140 with 1 insts
    I: 4018e6 (flow 4018eb)
      Successors: 4018eb
  BB: 4028e6 in func 401140 with 3 insts
    I: 4028e6
    I: 4028ed
    I: 4028f4 (flow 402935)
      Successors: 402935
  BB: 4018eb in func 401140 with 3 insts
    I: 4018eb
    I: 4018ee
    I: 4018f3 (flow 401e63)
      Successors: 4018f9, 401e63
  BB: 4018f9 in func 401140 with 1 insts
    I: 4018f9 (flow 4018fe)
      Successors: 4018fe
  BB: 4028f9 in func 401140 with 5 insts
    I: 4028f9
    I: 4028fc
    I: 4028ff
    I: 402902
    I: 402909 (flow 402935)
      Successors: 402935
  BB: 4018fe in func 401140 with 3 insts
    I: 4018fe
    I: 401901
    I: 401906 (flow 402707)
      Successors: 40190c, 402707
  BB: 40190c in func 401140 with 1 insts
    I: 40190c (flow 401911)
      Successors: 401911
  BB: 40290e in func 401140 with 2 insts
    I: 40290e
    I: 402915 (flow 402935)
      Successors: 402935
  BB: 401911 in func 401140 with 3 insts
    I: 401911
    I: 401914
    I: 401919 (flow 401e1e)
      Successors: 401e1e, 40191f
  BB: 402115 in func 401140 with 7 insts
    I: 402115
    I: 402118
    I: 40211d
    I: 402122
    I: 402125
    I: 402128
    I: 40212b (flow 402935)
      Successors: 402935
  BB: 40291a in func 401140 with 5 insts
    I: 40291a
    I: 40291d (imm 403007)
    I: 402927
    I: 402929 (flow 405038)
    I: 40292e
      Successors: 402935
  BB: 40191f in func 401140 with 1 insts
    I: 40191f (flow 401924)
      Successors: 401924
  BB: 401924 in func 401140 with 3 insts
    I: 401924
    I: 401927
    I: 40192c (flow 402830)
      Successors: 402830, 401932
  BB: 402130 in func 401140 with 19 insts
    I: 402130 (imm 405024)
    I: 402137
    I: 402139 (imm 405028)
    I: 402140
    I: 402142
    I: 402144
    I: 402147
    I: 40214a
    I: 40214d
    I: 402150
    I: 402153
    I: 402156
    I: 402159
    I: 40215b
    I: 402160
    I: 402165
    I: 402168
    I: 40216b
    I: 40216e (flow 402935)
      Successors: 402935
  BB: 401932 in func 401140 with 1 insts
    I: 401932 (flow 401937)
      Successors: 401937
  BB: 402935 in func 401140 with 1 insts
    I: 402935 (flow 401156)
      Successors: 401156
  BB: 401937 in func 401140 with 3 insts
    I: 401937
    I: 40193a
    I: 40193f (flow 40291a)
      Successors: 40291a, 401945
  BB: 401140 in func 401140 with 5 insts
    Referenced by data
    I: 401140
    I: 401141
    I: 401144
    I: 401148
    I: 40114f
      Successors: 401156
  BB: 401945 in func 401140 with 1 insts
    I: 401945 (flow 40194a)
      Successors: 40194a
  BB: 40194a in func 401140 with 3 insts
    I: 40194a
    I: 40194d
    I: 401952 (flow 4026f2)
      Successors: 401958, 4026f2
  BB: 401156 in func 401140 with 4 insts
    I: 401156
    I: 401159
    I: 40115c
    I: 401161 (flow 402660)
      Successors: 402660, 401167
  BB: 401958 in func 401140 with 1 insts
    I: 401958 (flow 40195d)
      Successors: 40195d
  BB: 40195d in func 401140 with 3 insts
    I: 40195d
    I: 401960
    I: 401965 (flow 402414)
      Successors: 40196b, 402414
  BB: 401167 in func 401140 with 1 insts
    I: 401167 (flow 40116c)
      Successors: 40116c
  BB: 40196b in func 401140 with 1 insts
    I: 40196b (flow 401970)
      Successors: 401970
  BB: 40116c in func 401140 with 3 insts
    I: 40116c
    I: 40116f
    I: 401174 (flow 401edf)
      Successors: 40117a, 401edf
  BB: 401970 in func 401140 with 3 insts
    I: 401970
    I: 401973
    I: 401978 (flow 4027fb)
      Successors: 4027fb, 40197e
  BB: 402173 in func 401140 with 20 insts
    I: 402173
    I: 40217a (imm 405024)
    I: 402181
    I: 402183 (imm 405028)
    I: 40218a
    I: 40218c
    I: 40218e
    I: 402191
    I: 402194
    I: 402197
    I: 40219a
    I: 40219d
    I: 4021a0
    I: 4021a3
    I: 4021a5
    I: 4021aa
    I: 4021af
    I: 4021b2
    I: 4021b5
    I: 4021b8 (flow 402935)
      Successors: 402935
  BB: 40117a in func 401140 with 1 insts
    I: 40117a (flow 40117f)
      Successors: 40117f
  BB: 40197e in func 401140 with 1 insts
    I: 40197e (flow 401983)
      Successors: 401983
  BB: 40117f in func 401140 with 3 insts
    I: 40117f
    I: 401182
    I: 401187 (flow 401fbd)
      Successors: 40118d, 401fbd
  BB: 401983 in func 401140 with 1 insts
    I: 401983 (flow 402935)
      Successors: 402935
  BB: 401988 in func 401140 with 11 insts
    I: 401988 (imm 403004)
    I: 401992
    I: 401996
    I: 401998 (flow 405040)
    I: 40199d
    I: 40199f
    I: 4019a4
    I: 4019a9
    I: 4019ac
    I: 4019af
    I: 4019b2 (flow 402935)
      Successors: 402935
  BB: 40118d in func 401140 with 1 insts
    I: 40118d (flow 401192)
      Successors: 401192
  BB: 401192 in func 401140 with 3 insts
    I: 401192
    I: 401195
    I: 40119a (flow 401c00)
      Successors: 4011a0, 401c00
  BB: 4011a0 in func 401140 with 1 insts
    I: 4011a0 (flow 4011a5)
      Successors: 4011a5
  BB: 4011a5 in func 401140 with 3 insts
    I: 4011a5
    I: 4011a8
    I: 4011ad (flow 401ad9)
      Successors: 401ad9, 4011b3
  BB: 4011b3 in func 401140 with 1 insts
    I: 4011b3 (flow 4011b8)
      Successors: 4011b8
  BB: 4019b7 in func 401140 with 11 insts
    I: 4019b7
    I: 4019be
    I: 4019c5
    I: 4019cc
    I: 4019d3
    I: 4019da
    I: 4019df
    I: 4019e4
    I: 4019e8
    I: 4019eb
    I: 4019ee (flow 402935)
      Successors: 402935
  BB: 4011b8 in func 401140 with 3 insts
    I: 4011b8
    I: 4011bb
    I: 4011c0 (flow 401d85)
      Successors: 401d85, 4011c6
  BB: 4021bd in func 401140 with 2 insts
    I: 4021bd
    I: 4021c4 (flow 402935)
      Successors: 402935
  BB: 4011c6 in func 401140 with 1 insts
    I: 4011c6 (flow 4011cb)
      Successors: 4011cb
  BB: 4021c9 in func 401140 with 6 insts
    I: 4021c9
    I: 4021ce
    I: 4021d3
    I: 4021d7
    I: 4021da
    I: 4021dd (flow 402935)
      Successors: 402935
  BB: 4011cb in func 401140 with 3 insts
    I: 4011cb
    I: 4011ce
    I: 4011d3 (flow 4019f3)
      Successors: 4011d9, 4019f3
  BB: 4011d9 in func 401140 with 1 insts
    I: 4011d9 (flow 4011de)
      Successors: 4011de
  BB: 4011de in func 401140 with 3 insts
    I: 4011de
    I: 4011e1
    I: 4011e6 (flow 40248d)
      Successors: 4011ec, 40248d
  BB: 4021e2 in func 401140 with 3 insts
    I: 4021e2
    I: 4021e9
    I: 4021f0 (flow 402935)
      Successors: 402935
  BB: 4011ec in func 401140 with 1 insts
    I: 4011ec (flow 4011f1)
      Successors: 4011f1
  BB: 4011f1 in func 401140 with 3 insts
    I: 4011f1
    I: 4011f4
    I: 4011f9 (flow 401cea)
      Successors: 401cea, 4011ff
  BB: 4019f3 in func 401140 with 6 insts
    I: 4019f3
    I: 4019f6 (imm 403007)
    I: 401a00
    I: 401a02 (flow 405038)
    I: 401a07
    I: 401a0e (flow 402935)
      Successors: 402935
  BB: 4021f5 in func 401140 with 19 insts
    I: 4021f5 (imm 405024)
    I: 4021fc
    I: 4021fe (imm 405028)
    I: 402205
    I: 402207
    I: 402209
    I: 40220c
    I: 40220f
    I: 402212
    I: 402215
    I: 402218
    I: 40221b
    I: 40221e
    I: 402220
    I: 402225
    I: 40222a
    I: 40222d
    I: 402230
    I: 402233 (flow 402935)
      Successors: 402935
  BB: 4011ff in func 401140 with 1 insts
    I: 4011ff (flow 401204)
      Successors: 401204
  BB: 401204 in func 401140 with 3 insts
    I: 401204
    I: 401207
    I: 40120c (flow 402554)
      Successors: 401212, 402554
  BB: 401212 in func 401140 with 1 insts
    I: 401212 (flow 401217)
      Successors: 401217
  BB: 401a13 in func 401140 with 19 insts
    I: 401a13 (imm 405024)
    I: 401a1a
    I: 401a1c (imm 405028)
    I: 401a23
    I: 401a25
    I: 401a27
    I: 401a2a
    I: 401a2d
    I: 401a30
    I: 401a33
    I: 401a36
    I: 401a39
    I: 401a3c
    I: 401a3e
    I: 401a43
    I: 401a48
    I: 401a4b
    I: 401a4e
    I: 401a51 (flow 402935)
      Successors: 402935
  BB: 401217 in func 401140 with 3 insts
    I: 401217
    I: 40121a
    I: 40121f (flow 401ac4)
      Successors: 401ac4, 401225
  BB: 401225 in func 401140 with 1 insts
    I: 401225 (flow 40122a)
      Successors: 40122a
  BB: 40122a in func 401140 with 3 insts
    I: 40122a
    I: 40122d
    I: 401232 (flow 4028bc)
      Successors: 401238, 4028bc
  BB: 401238 in func 401140 with 1 insts
    I: 401238 (flow 40123d)
      Successors: 40123d
  BB: 402238 in func 401140 with 23 insts
    I: 402238
    I: 40223c
    I: 40223f
    I: 402241
    I: 402244 (imm 405024)
    I: 40224b
    I: 40224d (imm 405028)
    I: 402254
    I: 402256
    I: 402258
    I: 40225b
    I: 40225e
    I: 402261
    I: 402264
    I: 402267
    I: 40226a
    I: 40226d
    I: 40226f
    I: 402274
    I: 402279
    I: 40227c
    I: 40227f
    I: 402282 (flow 402935)
      Successors: 402935
  BB: 40123d in func 401140 with 3 insts
    I: 40123d
    I: 401240
    I: 401245 (flow 40253b)
      Successors: 40253b, 40124b
  BB: 40124b in func 401140 with 1 insts
    I: 40124b (flow 401250)
      Successors: 401250
  BB: 401250 in func 401140 with 3 insts
    I: 401250
    I: 401253
    I: 401258 (flow 402130)
      Successors: 402130, 40125e
  BB: 401a56 in func 401140 with 24 insts
    I: 401a56
    I: 401a5b
    I: 401a5e
    I: 401a61
    I: 401a63
    I: 401a66 (imm 405024)
    I: 401a6d
    I: 401a6f (imm 405028)
    I: 401a76
    I: 401a78
    I: 401a7a
    I: 401a7d
    I: 401a80
    I: 401a83
    I: 401a86
    I: 401a89
    I: 401a8c
    I: 401a8f
    I: 401a91
    I: 401a96
    I: 401a9b
    I: 401a9e
    I: 401aa1
    I: 401aa4 (flow 402935)
      Successors: 402935
  BB: 40125e in func 401140 with 1 insts
    I: 40125e (flow 401263)
      Successors: 401263
  BB: 401263 in func 401140 with 3 insts
    I: 401263
    I: 401266
    I: 40126b (flow 40278c)
      Successors: 401271, 40278c
  BB: 401271 in func 401140 with 1 insts
    I: 401271 (flow 401276)
      Successors: 401276
  BB: 401276 in func 401140 with 3 insts
    I: 401276
    I: 401279
    I: 40127e (flow 402891)
      Successors: 402891, 401284
  BB: 401284 in func 401140 with 1 insts
    I: 401284 (flow 401289)
      Successors: 401289
  BB: 402287 in func 401140 with 7 insts
    I: 402287
    I: 40228a
    I: 40228f
    I: 402294
    I: 402297
    I: 40229a
    I: 40229d (flow 402935)
      Successors: 402935
  BB: 401289 in func 401140 with 3 insts
    I: 401289
    I: 40128c
    I: 401291 (flow 4021e2)
      Successors: 4021e2, 401297
  BB: 401297 in func 401140 with 1 insts
    I: 401297 (flow 40129c)
      Successors: 40129c
  BB: 40129c in func 401140 with 3 insts
    I: 40129c
    I: 40129f
    I: 4012a4 (flow 402885)
      Successors: 4012aa, 402885
  BB: 4022a2 in func 401140 with 10 insts
    I: 4022a2
    I: 4022a5
    I: 4022a8
    I: 4022ab
    I: 4022ae
    I: 4022b3
    I: 4022b8
    I: 4022bb
    I: 4022be
    I: 4022c1 (flow 402935)
      Successors: 402935
  BB: 401aa9 in func 401140 with 7 insts
    I: 401aa9
    I: 401aac
    I: 401ab1
    I: 401ab6
    I: 401ab9
    I: 401abc
    I: 401abf (flow 402935)
      Successors: 402935
  BB: 4012aa in func 401140 with 1 insts
    I: 4012aa (flow 4012af)
      Successors: 4012af
  BB: 4012af in func 401140 with 3 insts
    I: 4012af
    I: 4012b2
    I: 4012b7 (flow 401fc9)
      Successors: 401fc9, 4012bd
  BB: 4012bd in func 401140 with 1 insts
    I: 4012bd (flow 4012c2)
      Successors: 4012c2
  BB: 4012c2 in func 401140 with 3 insts
    I: 4012c2
    I: 4012c5
    I: 4012ca (flow 4021c9)
      Successors: 4012d0, 4021c9
  BB: 401ac4 in func 401140 with 5 insts
    I: 401ac4
    I: 401ac7
    I: 401aca
    I: 401acd
    I: 401ad4 (flow 402935)
      Successors: 402935
  BB: 4022c6 in func 401140 with 19 insts
    I: 4022c6 (imm 405024)
    I: 4022cd
    I: 4022cf (imm 405028)
    I: 4022d6
    I: 4022d8
    I: 4022da
    I: 4022dd
    I: 4022e0
    I: 4022e3
    I: 4022e6
    I: 4022e9
    I: 4022ec
    I: 4022ef
    I: 4022f1
    I: 4022f6
    I: 4022fb
    I: 4022fe
    I: 402301
    I: 402304 (flow 402935)
      Successors: 402935
  BB: 4012d0 in func 401140 with 1 insts
    I: 4012d0 (flow 4012d5)
      Successors: 4012d5
  BB: 4012d5 in func 401140 with 3 insts
    I: 4012d5
    I: 4012d8
    I: 4012dd (flow 401d79)
      Successors: 401d79, 4012e3
  BB: 401ad9 in func 401140 with 3 insts
    I: 401ad9
    I: 401ae0
    I: 401ae7 (flow 402935)
      Successors: 402935
  BB: 4012e3 in func 401140 with 1 insts
    I: 4012e3 (flow 4012e8)
      Successors: 4012e8
  BB: 4012e8 in func 401140 with 3 insts
    I: 4012e8
    I: 4012eb
    I: 4012f0 (flow 40289d)
      Successors: 40289d, 4012f6
  BB: 401aec in func 401140 with 19 insts
    I: 401aec (imm 405024)
    I: 401af3
    I: 401af5 (imm 405028)
    I: 401afc
    I: 401afe
    I: 401b00
    I: 401b03
    I: 401b06
    I: 401b09
    I: 401b0c
    I: 401b0f
    I: 401b12
    I: 401b15
    I: 401b17
    I: 401b1c
    I: 401b21
    I: 401b24
    I: 401b27
    I: 401b2a (flow 402935)
      Successors: 402935
  BB: 4012f6 in func 401140 with 1 insts
    I: 4012f6 (flow 4012fb)
      Successors: 4012fb
  BB: 4012fb in func 401140 with 3 insts
    I: 4012fb
    I: 4012fe
    I: 401303 (flow 4020c6)
      Successors: 401309, 4020c6
  BB: 401309 in func 401140 with 1 insts
    I: 401309 (flow 40130e)
      Successors: 40130e
  BB: 402309 in func 401140 with 22 insts
    I: 402309
    I: 40230c
    I: 40230f
    I: 402312 (imm 405024)
    I: 402319
    I: 40231b (imm 405028)
    I: 402322
    I: 402324
    I: 402326
    I: 402329
    I: 40232c
    I: 40232f
    I: 402332
    I: 402335
    I: 402338
    I: 40233b
    I: 40233d
    I: 402342
    I: 402347
    I: 40234a
    I: 40234d
    I: 402350 (flow 402935)
      Successors: 402935
  BB: 40130e in func 401140 with 3 insts
    I: 40130e
    I: 401311
    I: 401316 (flow 401e87)
      Successors: 40131c, 401e87
  BB: 40131c in func 401140 with 1 insts
    I: 40131c (flow 401321)
      Successors: 401321
  BB: 401321 in func 401140 with 3 insts
    I: 401321
    I: 401324
    I: 401329 (flow 4024e3)
      Successors: 4024e3, 40132f
  BB: 40132f in func 401140 with 1 insts
    I: 40132f (flow 401334)
      Successors: 401334
  BB: 401b2f in func 401140 with 23 insts
    I: 401b2f
    I: 401b33
    I: 401b36
    I: 401b38
    I: 401b3b (imm 405024)
    I: 401b42
    I: 401b44 (imm 405028)
    I: 401b4b
    I: 401b4d
    I: 401b4f
    I: 401b52
    I: 401b55
    I: 401b58
    I: 401b5b
    I: 401b5e
    I: 401b61
    I: 401b64
    I: 401b66
    I: 401b6b
    I: 401b70
    I: 401b73
    I: 401b76
    I: 401b79 (flow 402935)
      Successors: 402935
  BB: 401334 in func 401140 with 3 insts
    I: 401334
    I: 401337
    I: 40133c (flow 402083)
      Successors: 401342, 402083
  BB: 401342 in func 401140 with 1 insts
    I: 401342 (flow 401347)
      Successors: 401347
  BB: 401347 in func 401140 with 3 insts
    I: 401347
    I: 40134a
    I: 40134f (flow 401aec)
      Successors: 401aec, 401355
  BB: 401355 in func 401140 with 1 insts
    I: 401355 (flow 40135a)
      Successors: 40135a
  BB: 402355 in func 401140 with 2 insts
    I: 402355
    I: 40235c (flow 402935)
      Successors: 402935
  BB: 40135a in func 401140 with 3 insts
    I: 40135a
    I: 40135d
    I: 401362 (flow 4022c6)
      Successors: 401368, 4022c6
  BB: 402361 in func 401140 with 2 insts
    I: 402361
    I: 402368 (flow 402935)
      Successors: 402935
  BB: 401368 in func 401140 with 1 insts
    I: 401368 (flow 40136d)
      Successors: 40136d
  BB: 40136d in func 401140 with 3 insts
    I: 40136d
    I: 401370
    I: 401375 (flow 4028f9)
      Successors: 4028f9, 40137b
  BB: 40236d in func 401140 with 19 insts
    I: 40236d (imm 405024)
    I: 402374
    I: 402376 (imm 405028)
    I: 40237d
    I: 40237f
    I: 402381
    I: 402384
    I: 402387
    I: 40238a
    I: 40238d
    I: 402390
    I: 402393
    I: 402396
    I: 402398
    I: 40239d
    I: 4023a2
    I: 4023a5
    I: 4023a8
    I: 4023ab (flow 402935)
      Successors: 402935
  BB: 40137b in func 401140 with 1 insts
    I: 40137b (flow 401380)
      Successors: 401380
  BB: 401b7e in func 401140 with 7 insts
    I: 401b7e
    I: 401b81
    I: 401b86
    I: 401b8b
    I: 401b8e
    I: 401b91
    I: 401b94 (flow 402935)
      Successors: 402935
  BB: 401380 in func 401140 with 3 insts
    I: 401380
    I: 401383
    I: 401388 (flow 402851)
      Successors: 402851, 40138e
  BB: 40138e in func 401140 with 1 insts
    I: 40138e (flow 401393)
      Successors: 401393
  BB: 401393 in func 401140 with 3 insts
    I: 401393
    I: 401396
    I: 40139b (flow 402173)
      Successors: 4013a1, 402173
  BB: 401b99 in func 401140 with 10 insts
    I: 401b99
    I: 401b9c
    I: 401b9f
    I: 401ba2
    I: 401ba5
    I: 401baa
    I: 401baf
    I: 401bb2
    I: 401bb5
    I: 401bb8 (flow 402935)
      Successors: 402935
  BB: 4013a1 in func 401140 with 1 insts
    I: 4013a1 (flow 4013a6)
      Successors: 4013a6
  BB: 4013a6 in func 401140 with 3 insts
    I: 4013a6
    I: 4013a9
    I: 4013ae (flow 402749)
      Successors: 402749, 4013b4
  BB: 4023b0 in func 401140 with 22 insts
    I: 4023b0
    I: 4023b3
    I: 4023b6
    I: 4023b9 (imm 405024)
    I: 4023c0
    I: 4023c2 (imm 405028)
    I: 4023c9
    I: 4023cb
    I: 4023cd
    I: 4023d0
    I: 4023d3
    I: 4023d6
    I: 4023d9
    I: 4023dc
    I: 4023df
    I: 4023e2
    I: 4023e4
    I: 4023e9
    I: 4023ee
    I: 4023f1
    I: 4023f4
    I: 4023f7 (flow 402935)
      Successors: 402935
  BB: 4013b4 in func 401140 with 1 insts
    I: 4013b4 (flow 4013b9)
      Successors: 4013b9
  BB: 4013b9 in func 401140 with 3 insts
    I: 4013b9
    I: 4013bc
    I: 4013c1 (flow 4024fc)
      Successors: 4024fc, 4013c7
  BB: 401bbd in func 401140 with 19 insts
    I: 401bbd (imm 405024)
    I: 401bc4
    I: 401bc6 (imm 405028)
    I: 401bcd
    I: 401bcf
    I: 401bd1
    I: 401bd4
    I: 401bd7
    I: 401bda
    I: 401bdd
    I: 401be0
    I: 401be3
    I: 401be6
    I: 401be8
    I: 401bed
    I: 401bf2
    I: 401bf5
    I: 401bf8
    I: 401bfb (flow 402935)
      Successors: 402935
  BB: 4013c7 in func 401140 with 1 insts
    I: 4013c7 (flow 4013cc)
      Successors: 4013cc
  BB: 4013cc in func 401140 with 3 insts
    I: 4013cc
    I: 4013cf
    I: 4013d4 (flow 402429)
      Successors: 402429, 4013da
  BB: 4013da in func 401140 with 1 insts
    I: 4013da (flow 4013df)
      Successors: 4013df
  BB: 4013df in func 401140 with 3 insts
    I: 4013df
    I: 4013e2
    I: 4013e7 (flow 4022a2)
      Successors: 4022a2, 4013ed
  BB: 4013ed in func 401140 with 1 insts
    I: 4013ed (flow 4013f2)
      Successors: 4013f2
  BB: 4013f2 in func 401140 with 3 insts
    I: 4013f2
    I: 4013f5
    I: 4013fa (flow 402864)
      Successors: 401400, 402864
  BB: 4023fc in func 401140 with 2 insts
    I: 4023fc
    I: 402403 (flow 402935)
      Successors: 402935
  BB: 401400 in func 401140 with 1 insts
    I: 401400 (flow 401405)
      Successors: 401405
  BB: 401c00 in func 401140 with 22 insts
    I: 401c00
    I: 401c03
    I: 401c06
    I: 401c09 (imm 405024)
    I: 401c10
    I: 401c12 (imm 405028)
    I: 401c19
    I: 401c1b
    I: 401c1d
    I: 401c20
    I: 401c23
    I: 401c26
    I: 401c29
    I: 401c2c
    I: 401c2f
    I: 401c32
    I: 401c34
    I: 401c39
    I: 401c3e
    I: 401c41
    I: 401c44
    I: 401c47 (flow 402935)
      Successors: 402935
  BB: 401405 in func 401140 with 3 insts
    I: 401405
    I: 401408
    I: 40140d (flow 401b7e)
      Successors: 401413, 401b7e
  BB: 402408 in func 401140 with 2 insts
    I: 402408
    I: 40240f (flow 402935)
      Successors: 402935
  BB: 401413 in func 401140 with 1 insts
    I: 401413 (flow 401418)
      Successors: 401418
  BB: 402414 in func 401140 with 5 insts
    I: 402414
    I: 402417
    I: 40241a
    I: 40241d
    I: 402424 (flow 402935)
      Successors: 402935
  BB: 401418 in func 401140 with 3 insts
    I: 401418
    I: 40141b
    I: 401420 (flow 40244a)
      Successors: 40244a, 401426
  BB: 401426 in func 401140 with 1 insts
    I: 401426 (flow 40142b)
      Successors: 40142b
  BB: 402429 in func 401140 with 2 insts
    I: 402429
    I: 402430 (flow 402935)
      Successors: 402935
  BB: 40142b in func 401140 with 3 insts
    I: 40142b
    I: 40142e
    I: 401433 (flow 4023fc)
      Successors: 401439, 4023fc
  BB: 402435 in func 401140 with 5 insts
    I: 402435
    I: 402438
    I: 40243b
    I: 40243e
    I: 402445 (flow 402935)
      Successors: 402935
  BB: 401439 in func 401140 with 1 insts
    I: 401439 (flow 40143e)
      Successors: 40143e
  BB: 40143e in func 401140 with 3 insts
    I: 40143e
    I: 401441
    I: 401446 (flow 402803)
      Successors: 402803, 40144c
  BB: 40244a in func 401140 with 19 insts
    I: 40244a (imm 405024)
    I: 402451
    I: 402453 (imm 405028)
    I: 40245a
    I: 40245c
    I: 40245e
    I: 402461
    I: 402464
    I: 402467
    I: 40246a
    I: 40246d
    I: 402470
    I: 402473
    I: 402475
    I: 40247a
    I: 40247f
    I: 402482
    I: 402485
    I: 402488 (flow 402935)
      Successors: 402935
  BB: 40144c in func 401140 with 1 insts
    I: 40144c (flow 401451)
      Successors: 401451
  BB: 401c4c in func 401140 with 2 insts
    I: 401c4c
    I: 401c53 (flow 402935)
      Successors: 402935
  BB: 401451 in func 401140 with 3 insts
    I: 401451
    I: 401454
    I: 401459 (flow 4028d1)
      Successors: 4028d1, 40145f
  BB: 401c58 in func 401140 with 19 insts
    I: 401c58 (imm 405024)
    I: 401c5f
    I: 401c61 (imm 405028)
    I: 401c68
    I: 401c6a
    I: 401c6c
    I: 401c6f
    I: 401c72
    I: 401c75
    I: 401c78
    I: 401c7b
    I: 401c7e
    I: 401c81
    I: 401c83
    I: 401c88
    I: 401c8d
    I: 401c90
    I: 401c93
    I: 401c96 (flow 402935)
      Successors: 402935
  BB: 40145f in func 401140 with 1 insts
    I: 40145f (flow 401464)
      Successors: 401464
  BB: 401464 in func 401140 with 3 insts
    I: 401464
    I: 401467
    I: 40146c (flow 4023b0)
      Successors: 4023b0, 401472
  BB: 401472 in func 401140 with 1 insts
    I: 401472 (flow 401477)
      Successors: 401477
  BB: 401477 in func 401140 with 3 insts
    I: 401477
    I: 40147a
    I: 40147f (flow 401bbd)
      Successors: 401485, 401bbd
  BB: 401485 in func 401140 with 1 insts
    I: 401485 (flow 40148a)
      Successors: 40148a
  BB: 40148a in func 401140 with 3 insts
    I: 40148a
    I: 40148d
    I: 401492 (flow 4027ef)
      Successors: 401498, 4027ef
  BB: 40248d in func 401140 with 20 insts
    I: 40248d
    I: 402494 (imm 405024)
    I: 40249b
    I: 40249d (imm 405028)
    I: 4024a4
    I: 4024a6
    I: 4024a8
    I: 4024ab
    I: 4024ae
    I: 4024b1
    I: 4024b4
    I: 4024b7
    I: 4024ba
    I: 4024bd
    I: 4024bf
    I: 4024c4
    I: 4024c9
    I: 4024cc
    I: 4024cf
    I: 4024d2 (flow 402935)
      Successors: 402935
  BB: 401498 in func 401140 with 1 insts
    I: 401498 (flow 40149d)
      Successors: 40149d
  BB: 401c9b in func 401140 with 19 insts
    I: 401c9b (imm 405024)
    I: 401ca2
    I: 401ca4 (imm 405028)
    I: 401cab
    I: 401cad
    I: 401caf
    I: 401cb2
    I: 401cb5
    I: 401cb8
    I: 401cbb
    I: 401cbe
    I: 401cc1
    I: 401cc4
    I: 401cc6
    I: 401ccb
    I: 401cd0
    I: 401cd3
    I: 401cd6
    I: 401cd9 (flow 402935)
      Successors: 402935
  BB: 40149d in func 401140 with 3 insts
    I: 40149d
    I: 4014a0
    I: 4014a5 (flow 4026a3)
      Successors: 4014ab, 4026a3
  BB: 4014ab in func 401140 with 1 insts
    I: 4014ab (flow 4014b0)
      Successors: 4014b0
  BB: 4014b0 in func 401140 with 3 insts
    I: 4014b0
    I: 4014b3
    I: 4014b8 (flow 402528)
      Successors: 402528, 4014be
  BB: 4014be in func 401140 with 1 insts
    I: 4014be (flow 4014c3)
      Successors: 4014c3
  BB: 4014c3 in func 401140 with 3 insts
    I: 4014c3
    I: 4014c6
    I: 4014cb (flow 401b2f)
      Successors: 4014d1, 401b2f
  BB: 4014d1 in func 401140 with 1 insts
    I: 4014d1 (flow 4014d6)
      Successors: 4014d6
  BB: 4014d6 in func 401140 with 3 insts
    I: 4014d6
    I: 4014d9
    I: 4014de (flow 402870)
      Successors: 402870, 4014e4
  BB: 4024d7 in func 401140 with 2 insts
    I: 4024d7
    I: 4024de (flow 402935)
      Successors: 402935
  BB: 401cde in func 401140 with 2 insts
    I: 401cde
    I: 401ce5 (flow 402935)
      Successors: 402935
  BB: 4024e3 in func 401140 with 6 insts
    I: 4024e3
    I: 4024e8
    I: 4024ed
    I: 4024f1
    I: 4024f4
    I: 4024f7 (flow 402935)
      Successors: 402935
  BB: 4014e4 in func 401140 with 1 insts
    I: 4014e4 (flow 4014e9)
      Successors: 4014e9
  BB: 4014e9 in func 401140 with 3 insts
    I: 4014e9
    I: 4014ec
    I: 4014f1 (flow 4021f5)
      Successors: 4021f5, 4014f7
  BB: 401cea in func 401140 with 19 insts
    I: 401cea (imm 405024)
    I: 401cf1
    I: 401cf3 (imm 405028)
    I: 401cfa
    I: 401cfc
    I: 401cfe
    I: 401d01
    I: 401d04
    I: 401d07
    I: 401d0a
    I: 401d0d
    I: 401d10
    I: 401d13
    I: 401d15
    I: 401d1a
    I: 401d1f
    I: 401d22
    I: 401d25
    I: 401d28 (flow 402935)
      Successors: 402935
  BB: 4014f7 in func 401140 with 1 insts
    I: 4014f7 (flow 4014fc)
      Successors: 4014fc
  BB: 4014fc in func 401140 with 3 insts
    I: 4014fc
    I: 4014ff
    I: 401504 (flow 4027e3)
      Successors: 40150a, 4027e3
  BB: 4024fc in func 401140 with 3 insts
    I: 4024fc
    I: 402503
    I: 40250a (flow 402935)
      Successors: 402935
  BB: 40150a in func 401140 with 1 insts
    I: 40150a (flow 40150f)
      Successors: 40150f
  BB: 40150f in func 401140 with 3 insts
    I: 40150f
    I: 401512
    I: 401517 (flow 401f2e)
      Successors: 40151d, 401f2e
  BB: 40250f in func 401140 with 6 insts
    I: 40250f
    I: 402514
    I: 402519
    I: 40251d
    I: 402520
    I: 402523 (flow 402935)
      Successors: 402935
  BB: 40151d in func 401140 with 1 insts
    I: 40151d (flow 401522)
      Successors: 401522
  BB: 401522 in func 401140 with 3 insts
    I: 401522
    I: 401525
    I: 40152a (flow 401e12)
      Successors: 401530, 401e12
  BB: 402528 in func 401140 with 3 insts
    I: 402528
    I: 40252f
    I: 402536 (flow 402935)
      Successors: 402935
  BB: 401d2d in func 401140 with 22 insts
    I: 401d2d
    I: 401d30
    I: 401d33
    I: 401d36 (imm 405024)
    I: 401d3d
    I: 401d3f (imm 405028)
    I: 401d46
    I: 401d48
    I: 401d4a
    I: 401d4d
    I: 401d50
    I: 401d53
    I: 401d56
    I: 401d59
    I: 401d5c
    I: 401d5f
    I: 401d61
    I: 401d66
    I: 401d6b
    I: 401d6e
    I: 401d71
    I: 401d74 (flow 402935)
      Successors: 402935
  BB: 401530 in func 401140 with 1 insts
    I: 401530 (flow 401535)
      Successors: 401535
  BB: 401535 in func 401140 with 3 insts
    I: 401535
    I: 401538
    I: 40153d (flow 401b99)
      Successors: 401b99, 401543
  BB: 40253b in func 401140 with 6 insts
    I: 40253b
    I: 402540
    I: 402545
    I: 402549
    I: 40254c
    I: 40254f (flow 402935)
      Successors: 402935
  BB: 401543 in func 401140 with 1 insts
    I: 401543 (flow 401548)
      Successors: 401548
  BB: 401548 in func 401140 with 3 insts
    I: 401548
    I: 40154b
    I: 401550 (flow 402115)
      Successors: 402115, 401556
  BB: 402554 in func 401140 with 3 insts
    I: 402554
    I: 40255b
    I: 402562 (flow 402935)
      Successors: 402935
  BB: 401556 in func 401140 with 1 insts
    I: 401556 (flow 40155b)
      Successors: 40155b
  BB: 40155b in func 401140 with 3 insts
    I: 40155b
    I: 40155e
    I: 401563 (flow 4028e6)
      Successors: 401569, 4028e6
  BB: 402567 in func 401140 with 6 insts
    I: 402567
    I: 40256c
    I: 402571
    I: 402575
    I: 402578
    I: 40257b (flow 402935)
      Successors: 402935
  BB: 401569 in func 401140 with 1 insts
    I: 401569 (flow 40156e)
      Successors: 40156e
  BB: 40156e in func 401140 with 3 insts
    I: 40156e
    I: 401571
    I: 401576 (flow 4025c5)
      Successors: 40157c, 4025c5
  BB: 401d79 in func 401140 with 2 insts
    I: 401d79
    I: 401d80 (flow 402935)
      Successors: 402935
  BB: 40157c in func 401140 with 1 insts
    I: 40157c (flow 401581)
      Successors: 401581
  BB: 402580 in func 401140 with 10 insts
    I: 402580
    I: 402583
    I: 402586
    I: 402589
    I: 40258c
    I: 402591
    I: 402596
    I: 402599
    I: 40259c
    I: 40259f (flow 402935)
      Successors: 402935
  BB: 401581 in func 401140 with 3 insts
    I: 401581
    I: 401584
    I: 401589 (flow 401a56)
      Successors: 401a56, 40158f
  BB: 401d85 in func 401140 with 19 insts
    I: 401d85 (imm 405024)
    I: 401d8c
    I: 401d8e (imm 405028)
    I: 401d95
    I: 401d97
    I: 401d99
    I: 401d9c
    I: 401d9f
    I: 401da2
    I: 401da5
    I: 401da8
    I: 401dab
    I: 401dae
    I: 401db0
    I: 401db5
    I: 401dba
    I: 401dbd
    I: 401dc0
    I: 401dc3 (flow 402935)
      Successors: 402935
  BB: 40158f in func 401140 with 1 insts
    I: 40158f (flow 401594)
      Successors: 401594
  BB: 401594 in func 401140 with 3 insts
    I: 401594
    I: 401597
    I: 40159c (flow 40236d)
      Successors: 4015a2, 40236d
  BB: 4015a2 in func 401140 with 1 insts
    I: 4015a2 (flow 4015a7)
      Successors: 4015a7
  BB: 4025a4 in func 401140 with 5 insts
    I: 4025a4
    I: 4025a7
    I: 4025aa
    I: 4025ad
    I: 4025b4 (flow 402935)
      Successors: 402935
  BB: 4015a7 in func 401140 with 3 insts
    I: 4015a7
    I: 4015aa
    I: 4015af (flow 40290e)
      Successors: 4015b5, 40290e
  BB: 4015b5 in func 401140 with 1 insts
    I: 4015b5 (flow 4015ba)
      Successors: 4015ba
  BB: 4025b9 in func 401140 with 2 insts
    I: 4025b9
    I: 4025c0 (flow 402935)
      Successors: 402935
  BB: 4015ba in func 401140 with 3 insts
    I: 4015ba
    I: 4015bd
    I: 4015c2 (flow 4025a4)
      Successors: 4015c8, 4025a4
  BB: 4025c5 in func 401140 with 19 insts
    I: 4025c5 (imm 405024)
    I: 4025cc
    I: 4025ce (imm 405028)
    I: 4025d5
    I: 4025d7
    I: 4025d9
    I: 4025dc
    I: 4025df
    I: 4025e2
    I: 4025e5
    I: 4025e8
    I: 4025eb
    I: 4025ee
    I: 4025f0
    I: 4025f5
    I: 4025fa
    I: 4025fd
    I: 402600
    I: 402603 (flow 402935)
      Successors: 402935
  BB: 4015c8 in func 401140 with 1 insts
    I: 4015c8 (flow 4015cd)
      Successors: 4015cd
  BB: 401dc8 in func 401140 with 20 insts
    I: 401dc8
    I: 401dcf (imm 405024)
    I: 401dd6
    I: 401dd8 (imm 405028)
    I: 401ddf
    I: 401de1
    I: 401de3
    I: 401de6
    I: 401de9
    I: 401dec
    I: 401def
    I: 401df2
    I: 401df5
    I: 401df8
    I: 401dfa
    I: 401dff
    I: 401e04
    I: 401e07
    I: 401e0a
    I: 401e0d (flow 402935)
      Successors: 402935
  BB: 4015cd in func 401140 with 3 insts
    I: 4015cd
    I: 4015d0
    I: 4015d5 (flow 4024d7)
      Successors: 4015db, 4024d7
  BB: 4015db in func 401140 with 1 insts
    I: 4015db (flow 4015e0)
      Successors: 4015e0
  BB: 4015e0 in func 401140 with 3 insts
    I: 4015e0
    I: 4015e3
    I: 4015e8 (flow 40200c)
      Successors: 40200c, 4015ee
  BB: 4015ee in func 401140 with 1 insts
    I: 4015ee (flow 4015f3)
      Successors: 4015f3
  BB: 4015f3 in func 401140 with 3 insts
    I: 4015f3
    I: 4015f6
    I: 4015fb (flow 402355)
      Successors: 401601, 402355
  BB: 401601 in func 401140 with 1 insts
    I: 401601 (flow 401606)
      Successors: 401606
  BB: 401606 in func 401140 with 3 insts
    I: 401606
    I: 401609
    I: 40160e (flow 401f22)
      Successors: 401f22, 401614
  BB: 402608 in func 401140 with 22 insts
    I: 402608
    I: 40260b
    I: 40260e
    I: 402611 (imm 405024)
    I: 402618
    I: 40261a (imm 405028)
    I: 402621
    I: 402623
    I: 402625
    I: 402628
    I: 40262b
    I: 40262e
    I: 402631
    I: 402634
    I: 402637
    I: 40263a
    I: 40263c
    I: 402641
    I: 402646
    I: 402649
    I: 40264c
    I: 40264f (flow 402935)
      Successors: 402935
  BB: 401e12 in func 401140 with 2 insts
    I: 401e12
    I: 401e19 (flow 402935)
      Successors: 402935
  BB: 401614 in func 401140 with 1 insts
    I: 401614 (flow 401619)
      Successors: 401619
  BB: 401619 in func 401140 with 3 insts
    I: 401619
    I: 40161c
    I: 401621 (flow 4025b9)
      Successors: 4025b9, 401627
  BB: 401e1e in func 401140 with 6 insts
    I: 401e1e
    I: 401e23
    I: 401e28
    I: 401e2c
    I: 401e2f
    I: 401e32 (flow 402935)
      Successors: 402935
  BB: 401627 in func 401140 with 1 insts
    I: 401627 (flow 40162c)
      Successors: 40162c
  BB: 40162c in func 401140 with 3 insts
    I: 40162c
    I: 40162f
    I: 401634 (flow 40280f)
      Successors: 40163a, 40280f
  BB: 401e37 in func 401140 with 3 insts
    I: 401e37
    I: 401e3e
    I: 401e45 (flow 402935)
      Successors: 402935
  BB: 40163a in func 401140 with 1 insts
    I: 40163a (flow 40163f)
      Successors: 40163f
  BB: 40163f in func 401140 with 3 insts
    I: 40163f
    I: 401642
    I: 401647 (flow 402361)
      Successors: 402361, 40164d
  BB: 401e4a in func 401140 with 6 insts
    I: 401e4a
    I: 401e4f
    I: 401e54
    I: 401e58
    I: 401e5b
    I: 401e5e (flow 402935)
      Successors: 402935
  BB: 40164d in func 401140 with 1 insts
    I: 40164d (flow 401652)
      Successors: 401652
  BB: 401652 in func 401140 with 3 insts
    I: 401652
    I: 401655
    I: 40165a (flow 401e4a)
      Successors: 401660, 401e4a
  BB: 402654 in func 401140 with 2 insts
    I: 402654
    I: 40265b (flow 402935)
      Successors: 402935
  BB: 401660 in func 401140 with 1 insts
    I: 401660 (flow 401665)
      Successors: 401665
  BB: 402660 in func 401140 with 19 insts
    I: 402660 (imm 405024)
    I: 402667
    I: 402669 (imm 405028)
    I: 402670
    I: 402672
    I: 402674
    I: 402677
    I: 40267a
    I: 40267d
    I: 402680
    I: 402683
    I: 402686
    I: 402689
    I: 40268b
    I: 402690
    I: 402695
    I: 402698
    I: 40269b
    I: 40269e (flow 402935)
      Successors: 402935
  BB: 401e63 in func 401140 with 10 insts
    I: 401e63
    I: 401e66
    I: 401e69
    I: 401e6c
    I: 401e6f
    I: 401e74
    I: 401e79
    I: 401e7c
    I: 401e7f
    I: 401e82 (flow 402935)
      Successors: 402935
  BB: 401665 in func 401140 with 3 insts
    I: 401665
    I: 401668
    I: 40166d (flow 401f71)
      Successors: 401f71, 401673
  BB: 401673 in func 401140 with 1 insts
    I: 401673 (flow 401678)
      Successors: 401678
  BB: 401678 in func 401140 with 3 insts
    I: 401678
    I: 40167b
    I: 401680 (flow 402608)
      Successors: 402608, 401686
  BB: 401686 in func 401140 with 1 insts
    I: 401686 (flow 40168b)
      Successors: 40168b
  BB: 401e87 in func 401140 with 5 insts
    I: 401e87
    I: 401e8a
    I: 401e8d
    I: 401e90
    I: 401e97 (flow 402935)
      Successors: 402935
  BB: 40168b in func 401140 with 3 insts
    I: 40168b
    I: 40168e
    I: 401693 (flow 402238)
      Successors: 402238, 401699
  BB: 401699 in func 401140 with 1 insts
    I: 401699 (flow 40169e)
      Successors: 40169e
  BB: 401e9c in func 401140 with 19 insts
    I: 401e9c (imm 405024)
    I: 401ea3
    I: 401ea5 (imm 405028)
    I: 401eac
    I: 401eae
    I: 401eb0
    I: 401eb3
    I: 401eb6
    I: 401eb9
    I: 401ebc
    I: 401ebf
    I: 401ec2
    I: 401ec5
    I: 401ec7
    I: 401ecc
    I: 401ed1
    I: 401ed4
    I: 401ed7
    I: 401eda (flow 402935)
      Successors: 402935
  BB: 40169e in func 401140 with 3 insts
    I: 40169e
    I: 4016a1
    I: 4016a6 (flow 401aa9)
      Successors: 401aa9, 4016ac
  BB: 4026a3 in func 401140 with 19 insts
    I: 4026a3 (imm 405024)
    I: 4026aa
    I: 4026ac (imm 405028)
    I: 4026b3
    I: 4026b5
    I: 4026b7
    I: 4026ba
    I: 4026bd
    I: 4026c0
    I: 4026c3
    I: 4026c6
    I: 4026c9
    I: 4026cc
    I: 4026ce
    I: 4026d3
    I: 4026d8
    I: 4026db
    I: 4026de
    I: 4026e1 (flow 402935)
      Successors: 402935
  BB: 4016ac in func 401140 with 1 insts
    I: 4016ac (flow 4016b1)
      Successors: 4016b1
  BB: 4016b1 in func 401140 with 3 insts
    I: 4016b1
    I: 4016b4
    I: 4016b9 (flow 401c9b)
      Successors: 401c9b, 4016bf
  BB: 4016bf in func 401140 with 1 insts
    I: 4016bf (flow 4016c4)
      Successors: 4016c4
  BB: 4016c4 in func 401140 with 3 insts
    I: 4016c4
    I: 4016c7
    I: 4016cc (flow 402734)
      Successors: 4016d2, 402734
  BB: 4016d2 in func 401140 with 1 insts
    I: 4016d2 (flow 4016d7)
      Successors: 4016d7
  BB: 4016d7 in func 401140 with 3 insts
    I: 4016d7
    I: 4016da
    I: 4016df (flow 401d2d)
      Successors: 401d2d, 4016e5
  BB: 401edf in func 401140 with 14 insts
    I: 401edf (imm 405024)
    I: 401ee6
    I: 401ee8 (imm 405028)
    I: 401eef
    I: 401ef1
    I: 401ef3
    I: 401ef6
    I: 401ef9
    I: 401efc
    I: 401eff
    I: 401f02
    I: 401f05
    I: 401f08
    I: 401f0a
      Successors: 401f0f
  BB: 4016e5 in func 401140 with 1 insts
    I: 4016e5 (flow 4016ea)
      Successors: 4016ea
  BB: 4026e6 in func 401140 with 2 insts
    I: 4026e6
    I: 4026ed (flow 402935)
      Successors: 402935
  BB: 4016ea in func 401140 with 3 insts
    I: 4016ea
    I: 4016ed
    I: 4016f2 (flow 401c58)
      Successors: 4016f8, 401c58
  BB: 4026f2 in func 401140 with 5 insts
    I: 4026f2
    I: 4026f5
    I: 4026f8
    I: 4026fb
    I: 402702 (flow 402935)
      Successors: 402935
  BB: 4016f8 in func 401140 with 1 insts
    I: 4016f8 (flow 4016fd)
      Successors: 4016fd
  BB: 4016fd in func 401140 with 3 insts
    I: 4016fd
    I: 401700
    I: 401705 (flow 401e37)
      Successors: 40170b, 401e37
  BB: 402707 in func 401140 with 2 insts
    I: 402707
    I: 40270e (flow 402935)
      Successors: 402935
  BB: 40170b in func 401140 with 1 insts
    I: 40170b (flow 401710)
      Successors: 401710
  BB: 401f0f in func 401140 with 5 insts
    Referenced by data
    I: 401f0f
    I: 401f14
    I: 401f17
    I: 401f1a
    I: 401f1d (flow 402935)
      Successors: 402935
  BB: 401710 in func 401140 with 3 insts
    I: 401710
    I: 401713
    I: 401718 (flow 4028b0)
      Successors: 4028b0, 40171e
  BB: 402713 in func 401140 with 5 insts
    I: 402713
    I: 402716
    I: 402719
    I: 40271c
    I: 402723 (flow 402935)
      Successors: 402935
  BB: 40171e in func 401140 with 1 insts
    I: 40171e (flow 401723)
      Successors: 401723
  BB: 401f22 in func 401140 with 2 insts
    I: 401f22
    I: 401f29 (flow 402935)
      Successors: 402935
  BB: 401723 in func 401140 with 3 insts
    I: 401723
    I: 401726
    I: 40172b (flow 4021bd)
      Successors: 401731, 4021bd
  BB: 402728 in func 401140 with 2 insts
    I: 402728
    I: 40272f (flow 402935)
      Successors: 402935
  BB: 401f2e in func 401140 with 19 insts
    I: 401f2e (imm 405024)
    I: 401f35
    I: 401f37 (imm 405028)
    I: 401f3e
    I: 401f40
    I: 401f42
    I: 401f45
    I: 401f48
    I: 401f4b
    I: 401f4e
    I: 401f51
    I: 401f54
    I: 401f57
    I: 401f59
    I: 401f5e
    I: 401f63
    I: 401f66
    I: 401f69
    I: 401f6c (flow 402935)
      Successors: 402935
  BB: 401731 in func 401140 with 1 insts
    I: 401731 (flow 401736)
      Successors: 401736
  BB: 402734 in func 401140 with 5 insts
    I: 402734
    I: 402737
    I: 40273a
    I: 40273d
    I: 402744 (flow 402935)
      Successors: 402935
  BB: 401736 in func 401140 with 3 insts
    I: 401736
    I: 401739
    I: 40173e (flow 4019b7)
      Successors: 401744, 4019b7
  BB: 401744 in func 401140 with 1 insts
    I: 401744 (flow 401749)
      Successors: 401749
  BB: 401749 in func 401140 with 3 insts
    I: 401749
    I: 40174c
    I: 401751 (flow 402567)
      Successors: 402567, 401757
  BB: 402749 in func 401140 with 19 insts
    I: 402749 (imm 405024)
    I: 402750
    I: 402752 (imm 405028)
    I: 402759
    I: 40275b
    I: 40275d
    I: 402760
    I: 402763
    I: 402766
    I: 402769
    I: 40276c
    I: 40276f
    I: 402772
    I: 402774
    I: 402779
    I: 40277e
    I: 402781
    I: 402784
    I: 402787 (flow 402935)
      Successors: 402935
  BB: 401757 in func 401140 with 1 insts
    I: 401757 (flow 40175c)
      Successors: 40175c
  BB: 40175c in func 401140 with 3 insts
    I: 40175c
    I: 40175f
    I: 401764 (flow 4026e6)
      Successors: 40176a, 4026e6
  BB: 40176a in func 401140 with 1 insts
    I: 40176a (flow 40176f)
      Successors: 40176f
  BB: 40176f in func 401140 with 3 insts
    I: 40176f
    I: 401772
    I: 401777 (flow 40281b)
      Successors: 40281b, 40177d
  BB: 401f71 in func 401140 with 22 insts
    I: 401f71
    I: 401f74
    I: 401f77
    I: 401f7a (imm 405024)
    I: 401f81
    I: 401f83 (imm 405028)
    I: 401f8a
    I: 401f8c
    I: 401f8e
    I: 401f91
    I: 401f94
    I: 401f97
    I: 401f9a
    I: 401f9d
    I: 401fa0
    I: 401fa3
    I: 401fa5
    I: 401faa
    I: 401faf
    I: 401fb2
    I: 401fb5
    I: 401fb8 (flow 402935)
      Successors: 402935
  BB: 40177d in func 401140 with 1 insts
    I: 40177d (flow 401782)
      Successors: 401782
  BB: 401782 in func 401140 with 3 insts
    I: 401782
    I: 401785
    I: 40178a (flow 401dc8)
      Successors: 401790, 401dc8
  BB: 40278c in func 401140 with 23 insts
    I: 40278c
    I: 40278f (imm 403007)
    I: 402799
    I: 40279b (flow 405038)
    I: 4027a0 (imm 405024)
    I: 4027a7
    I: 4027a9 (imm 405028)
    I: 4027b0
    I: 4027b2
    I: 4027b4
    I: 4027b7
    I: 4027ba
    I: 4027bd
    I: 4027c0
    I: 4027c3
    I: 4027c6
    I: 4027c9
    I: 4027cb
    I: 4027d0
    I: 4027d5
    I: 4027d8
    I: 4027db
    I: 4027de (flow 402935)
      Successors: 402935
  BB: 401790 in func 401140 with 1 insts
    I: 401790 (flow 401795)
      Successors: 401795
  BB: 401795 in func 401140 with 3 insts
    I: 401795
    I: 401798
    I: 40179d (flow 40250f)
      Successors: 4017a3, 40250f
  BB: 4017a3 in func 401140 with 1 insts
    I: 4017a3 (flow 4017a8)
      Successors: 4017a8
  BB: 4017a8 in func 401140 with 3 insts
    I: 4017a8
    I: 4017ab
    I: 4017b0 (flow 402435)
      Successors: 402435, 4017b6
  BB: 4017b6 in func 401140 with 1 insts
    I: 4017b6 (flow 4017bb)
      Successors: 4017bb
  BB: 4017bb in func 401140 with 3 insts
    I: 4017bb
    I: 4017be
    I: 4017c3 (flow 401988)
      Successors: 401988, 4017c9
  BB: 401fbd in func 401140 with 2 insts
    I: 401fbd
    I: 401fc4 (flow 402935)
      Successors: 402935
  BB: 4017c9 in func 401140 with 1 insts
    I: 4017c9 (flow 4017ce)
      Successors: 4017ce
  BB: 401fc9 in func 401140 with 19 insts
    I: 401fc9 (imm 405024)
    I: 401fd0
    I: 401fd2 (imm 405028)
    I: 401fd9
    I: 401fdb
    I: 401fdd
    I: 401fe0
    I: 401fe3
    I: 401fe6
    I: 401fe9
    I: 401fec
    I: 401fef
    I: 401ff2
    I: 401ff4
    I: 401ff9
    I: 401ffe
    I: 402001
    I: 402004
    I: 402007 (flow 402935)
      Successors: 402935
  BB: 4017ce in func 401140 with 3 insts
    I: 4017ce
    I: 4017d1
    I: 4017d6 (flow 402070)
      Successors: 402070, 4017dc
  BB: 4017dc in func 401140 with 1 insts
    I: 4017dc (flow 4017e1)
      Successors: 4017e1
  BB: 4017e1 in func 401140 with 3 insts
    I: 4017e1
    I: 4017e4
    I: 4017e9 (flow 402654)
      Successors: 402654, 4017ef
  BB: 4027e3 in func 401140 with 2 insts
    I: 4027e3
    I: 4027ea (flow 402935)
      Successors: 402935
  BB: 4017ef in func 401140 with 1 insts
    I: 4017ef (flow 4017f4)
      Successors: 4017f4
  BB: 4027ef in func 401140 with 2 insts
    I: 4027ef
    I: 4027f6 (flow 402935)
      Successors: 402935
  BB: 4017f4 in func 401140 with 3 insts
    I: 4017f4
    I: 4017f7
    I: 4017fc (flow 401e9c)
      Successors: 401802, 401e9c
  BB: 4027fb in func 401140 with 4 insts
    I: 4027fb
    I: 4027fd
    I: 402801
    I: 402802
      No successors
Recovering .term_proc at 40293c
  Analysing subroutine .term_proc at 40293c
    Block head at 00402949 is not code.
  Subroutine .term_proc at 40293c has 1 blocks
  BB: 40293c in func 40293c with 4 insts
    I: 40293c
    I: 402940
    I: 402944
    I: 402948
      No successors
Global Variable None
WARNING: Global constructor and destructor sections are adjacent!
Recovering region LOAD [400000, 4004e8) in segment LOAD
  8-byte reference at 400018 to 401050 (start)
  8-byte reference at 4000f8 to 401000 (.init_proc)
  8-byte reference at 400130 to 403000 ()
  8-byte reference at 400168 to 404de8 ()
  8-byte reference at 400280 to 40300c ()
  8-byte reference at 4002f0 to 404de8 ()
Recovering region .init [401000, 40101b) in segment .init
Recovering region LOAD [40101b, 401020) in segment LOAD
Recovering region .plt [401020, 401050) in segment .plt
  4-byte reference at 40102c to 401f0f ()
Recovering region .text [401050, 40293a) in segment .text
Recovering region LOAD [40293a, 40293c) in segment LOAD
Recovering region .fini [40293c, 402949) in segment .fini
Recovering region .rodata [403000, 40300b) in segment .rodata
  Variable format at 403007
Recovering region LOAD [40300b, 40300c) in segment LOAD
Recovering region .eh_frame_hdr [40300c, 403038) in segment .eh_frame_hdr
Recovering region .eh_frame [403038, 4030c8) in segment .eh_frame
Recovering region LOAD [4030c8, 403108) in segment LOAD
Recovering region .init_array [404de8, 404df8) in segment .init_array
  8-byte reference at 404de8 to 401130 ()
  8-byte reference at 404df0 to 401100 ()
Recovering region LOAD [404df8, 404fd8) in segment LOAD
Recovering region .got [404fd8, 404fe8) in segment .got
  8-byte reference at 404fd8 to 405030 (__libc_start_main)
  8-byte reference at 404fe0 to 405048 (__gmon_start__)
Recovering region .got.plt [404fe8, 405010) in segment .got.plt
  8-byte reference at 405000 to 405038 (printf)
  8-byte reference at 405008 to 405040 (__isoc99_scanf)
Recovering region .data [405010, 405020) in segment .data
Recovering region .bss [405020, 405030) in segment .bss
Recovering extern function printf at 401030
Recovering extern function __isoc99_scanf at 401040
Recovering extern function __libc_start_main at 405030
Recovering extern function printf at 405038
Recovering extern function __isoc99_scanf at 405040
Recovering extern function __gmon_start__ at 405048
Recovered 8 functions.
Saving to: /home/ubuntu/capstone_project/result/pipeline_20260629_141746/s178043981_fla_bcf.cfg
Done analysis!
