Debugging is enabled.
Loading Standard Definitions file: /home/ubuntu/capstone_project/dependency/mcsema/mcsema/lib/python3/site-packages/mcsema_disass-3.1.3.8-py3.8.egg/mcsema_disass/defs/linux.txt
Using Batch mode.
Starting analysis
Recovering module s178043981_bcf_instsub.elf
Found main at 401140
Looking for instructions in segment .init
  Default block heads for function 401000 with loose bounds [401000, 40101b)
    block [401000, 401014)
    block [401014, 401016)
    block [401016, 40101b)
    chunk [401000, 40101b)
Looking for instructions in segment .plt
  Default block heads for function 401020 with loose bounds [401020, 40102c)
    block [401020, 40102c)
    chunk [401020, 40102c)
  Default block heads for function 401030 with loose bounds [401030, 401036)
    block [401030, 401036)
    chunk [401030, 401036)
  Default block heads for function 401040 with loose bounds [401040, 401046)
    block [401040, 401046)
    chunk [401040, 401046)
Looking for instructions in segment .text
  Default block heads for function 401050 with loose bounds [401050, 401076)
    block [401050, 401076)
    chunk [401050, 401076)
  Default block heads for function 401090 with loose bounds [401090, 4010b1)
    block [401090, 40109d)
    block [40109d, 4010a7)
    block [4010a7, 4010ae)
    block [4010b0, 4010b1)
    chunk [401090, 4010b1)
  Default block heads for function 401100 with loose bounds [401100, 401121)
    block [401100, 40110d)
    block [40110d, 40111f)
    block [401120, 401121)
    chunk [401100, 401121)
  Default block heads for function 401130 with loose bounds [401130, 401136)
    block [401130, 401136)
    chunk [401130, 401136)
    chunk [4010c0, 4010f1)
  Default block heads for function 401140 with loose bounds [401140, 402361)
    block [401140, 401185)
    block [401185, 40118a)
    block [40118a, 401233)
    block [401233, 401238)
    block [401238, 40123d)
    block [40123d, 40125b)
    block [40125b, 40129b)
    block [40129b, 4012e0)
    block [4012e0, 4012e5)
    block [4012e5, 401374)
    block [401374, 401379)
    block [401379, 40137e)
    block [40137e, 40138f)
    block [40138f, 4013a6)
    block [4013a6, 4013b0)
    block [4013b0, 4013bd)
    block [4013bd, 401402)
    block [401402, 401407)
    block [401407, 4014b7)
    block [4014b7, 4014bc)
    block [4014bc, 4014c7)
    block [4014c7, 4014cc)
    block [4014cc, 4014e3)
    block [4014e3, 40155b)
    block [40155b, 401560)
    block [401560, 4015d8)
    block [4015d8, 4015dd)
    block [4015dd, 4015e2)
    block [4015e2, 4015fe)
    block [4015fe, 401608)
    block [401608, 401615)
    block [401615, 40161f)
    block [40161f, 40168f)
    block [40168f, 401694)
    block [401694, 401719)
    block [401719, 40171e)
    block [40171e, 401729)
    block [401729, 40172e)
    block [40172e, 40176c)
    block [40176c, 4017b1)
    block [4017b1, 4017b6)
    block [4017b6, 40183d)
    block [40183d, 401842)
    block [401842, 401847)
    block [401847, 401884)
    block [401884, 401889)
    block [401889, 4018c6)
    block [4018c6, 4018cb)
    block [4018cb, 4018d0)
    block [4018d0, 4018ec)
    block [4018ec, 4018f1)
    block [4018f1, 401905)
    block [401905, 40197d)
    block [40197d, 401982)
    block [401982, 401a04)
    block [401a04, 401a09)
    block [401a09, 401a0e)
    block [401a0e, 401a1b)
    block [401a1b, 401a25)
    block [401a25, 401a32)
    block [401a32, 401a3c)
    block [401a3c, 401a49)
    block [401a49, 401a95)
    block [401a95, 401aac)
    block [401aac, 401af1)
    block [401af1, 401af6)
    block [401af6, 401b6e)
    block [401b6e, 401b73)
    block [401b73, 401b78)
    block [401b78, 401b94)
    block [401b94, 401bd9)
    block [401bd9, 401bde)
    block [401bde, 401c1b)
    block [401c1b, 401c20)
    block [401c20, 401c25)
    block [401c25, 401c41)
    block [401c41, 401c46)
    block [401c46, 401c5a)
    block [401c5a, 401cca)
    block [401cca, 401ccf)
    block [401ccf, 401d1e)
    block [401d1e, 401d23)
    block [401d23, 401d28)
    block [401d28, 401d6d)
    block [401d6d, 401d72)
    block [401d72, 401def)
    block [401def, 401df4)
    block [401df4, 401dff)
    block [401dff, 401e04)
    block [401e04, 401e0e)
    block [401e0e, 401e1b)
    block [401e1b, 401e25)
    block [401e25, 401e32)
    block [401e32, 401e3c)
    block [401e3c, 401eb4)
    block [401eb4, 401eb9)
    block [401eb9, 401f3e)
    block [401f3e, 401f43)
    block [401f43, 401f4e)
    block [401f4e, 401f53)
    block [401f53, 401f91)
    block [401f91, 401fa8)
    block [401fa8, 401fad)
    block [401fad, 401fc9)
    block [401fc9, 401fce)
    block [401fce, 401fea)
    block [401fea, 40202f)
    block [40202f, 402034)
    block [402034, 402079)
    block [402079, 40207e)
    block [40207e, 402083)
    block [402083, 4020c8)
    block [4020c8, 4020cd)
    block [4020cd, 402119)
    block [402119, 40211e)
    block [40211e, 402123)
    block [402123, 402128)
    block [402128, 402144)
    block [402144, 402189)
    block [402189, 40218e)
    block [40218e, 4021ea)
    block [4021ea, 4021ef)
    block [4021ef, 4021f4)
    block [4021f4, 402239)
    block [402239, 40223e)
    block [40223e, 40227b)
    block [40227b, 402280)
    block [402280, 402285)
    block [402285, 40228c)
    block [40228c, 4022a1)
    block [4022a1, 4022bd)
    block [4022bd, 4022c2)
    block [4022c2, 4022c7)
    block [4022c7, 4022cc)
    block [4022cc, 4022e8)
    block [4022e8, 4022ed)
    block [4022ed, 4022fc)
    block [4022fc, 402301)
    block [402301, 402306)
    block [402306, 402315)
    block [402315, 40231a)
    block [40231a, 40231f)
    block [40231f, 402324)
    block [402324, 402340)
    block [402340, 40235c)
    block [40235c, 402361)
    chunk [401140, 402361)
Looking for instructions in segment .fini
  Default block heads for function 402364 with loose bounds [402364, 402371)
    block [402364, 402371)
    chunk [402364, 402371)
Looking for strings in segment .rodata [403000, 40300b)
  Found string b'%d\n' of length 4 at 403007, jumping to 40300b
Looking for strings in segment .eh_frame_hdr [40300c, 403038)
Looking for strings in segment .eh_frame [403038, 4030c8)
Looking for strings in segment .init_array [404de8, 404df0)
Looking for strings in segment .fini_array [404df0, 404df8)
Looking for strings in segment .got [404fd8, 404fe8)
Looking for strings in segment .got.plt [404fe8, 405010)
Looking for strings in segment .data [405010, 405020)
Looking for strings in segment .bss [405020, 405030)
Looking for strings in segment extern [405030, 405050)
Looking for cross-references in segment .init [401000, 40101b)
Looking for cross-references in segment .plt [401020, 401050)
  Adding dword reference from 40102c to 401f0f
  Stopping scan at 40102c
Looking for cross-references in segment .text [401050, 402361)
  Stopping scan at 40107c
  Stopping scan at 40108c
  Stopping scan at ffffffffffffffff
  Stopping scan at 4010bc
  Stopping scan at 4010fc
  Stopping scan at ffffffffffffffff
  Stopping scan at 40112c
  Stopping scan at 40113c
Looking for cross-references in segment .fini [402364, 402371)
Looking for cross-references in segment .rodata [403000, 40300b)
  Stopping scan at 403008
Looking for cross-references in segment .eh_frame_hdr [40300c, 403038)
  Stopping scan at 403034
Looking for cross-references in segment .eh_frame [403038, 4030c8)
  Stopping scan at 4030c4
Looking for cross-references in segment .init_array [404de8, 404df0)
  Adding qword reference from 404de8 to 401130
  Stopping scan at 404de8
Looking for cross-references in segment .fini_array [404df0, 404df8)
  Adding qword reference from 404df0 to 401100
  Stopping scan at 404df0
Looking for cross-references in segment .got [404fd8, 404fe8)
  Adding qword reference from 404fd8 to 405030
  Adding qword reference from 404fe0 to 405048
  Stopping scan at 404fe0
Looking for cross-references in segment .got.plt [404fe8, 405010)
  Adding qword reference from 405000 to 405038
  Adding qword reference from 405008 to 405040
  Stopping scan at 405008
Looking for cross-references in segment .data [405010, 405020)
  Stopping scan at 40501c
Looking for cross-references in segment .bss [405020, 405030)
  Stopping scan at 40502c
Looking for cross-references in segment extern [405030, 405050)
  Stopping scan at 40504c
Looking for thunks
  Found thunk for printf targeting 405038 at 401030
  Found thunk for __isoc99_scanf targeting 405040 at 401040
Looking for external symbols
  Function at 401030 is the external function printf
  Function at 401040 is the external function __isoc99_scanf
  Function at 405030 is the external function __libc_start_main
  Function at 405038 is the external function printf
  Function at 405040 is the external function __isoc99_scanf
  Function at 405048 is the external function __gmon_start__
Looking for entrypoints
Recovering .init_proc at 401000
  Analysing subroutine .init_proc at 401000
    Block head at 0040101b is not code.
  Subroutine .init_proc at 401000 has 3 blocks
  BB: 401000 in func 401000 with 5 insts
    Referenced by data
    I: 401000
    I: 401004
    I: 401008 (mem 404fe0)
    I: 40100f
    I: 401012 (flow 401016)
      Successors: 401014, 401016
  BB: 401014 in func 401000 with 1 insts
    I: 401014
      Successors: 401016
  BB: 401016 in func 401000 with 2 insts
    I: 401016
    I: 40101a
      No successors
Recovering 401020
  Analysing subroutine sub_401020 at 401020
  WARNING: No table entries for indirect jump at 401026; Adding next_ea 40102c as successor.
  Subroutine sub_401020 at 401020 has 2 blocks
  WARNING: No table entries for indirect jump at 401026; Adding next_ea 40102c as successor.
  BB: 401020 in func 401020 with 2 insts
    I: 401020 (mem 404ff0)
    I: 401026 (mem 404ff8)
      Successors: 40102c
  BB: 40102c in func 401020 with 1 insts
    I: 40102c
      No successors
Recovering start at 401050
  Analysing subroutine start at 401050
  Subroutine start at 401050 has 3 blocks
  BB: 401050 in func 401050 with 13 insts
    Referenced by data
    I: 401050
    I: 401054
    I: 401056
    I: 401059
    I: 40105a
    I: 40105d
    I: 401061
    I: 401062
    I: 401063
    I: 401066
    I: 401068 (imm 401140)
    I: 40106f (mem 404fd8)
    I: 401075
      No successors
  BB: 401085 in func 401050 with 2 insts
    I: 401085
    I: 40108f
      No successors
  BB: 401076 in func 401050 with 3 insts
    I: 401076
    I: 401080
    I: 401084
      No successors
Recovering 401090
  Analysing subroutine sub_401090 at 401090
  WARNING: No table entries for indirect jump at 4010ac; Adding next_ea 4010ae as successor.
  WARNING: No table entries for indirect jump at 4010ee; Adding next_ea 4010f0 as successor.
  Subroutine sub_401090 at 401090 has 11 blocks
  BB: 4010c0 in func 401090 with 8 insts
    I: 4010c0 (imm 405020)
    I: 4010c5 (imm 405020)
    I: 4010cc
    I: 4010cf
    I: 4010d3
    I: 4010d7
    I: 4010da
    I: 4010dd (flow 4010f0)
      Successors: 4010f0, 4010df
  WARNING: No table entries for indirect jump at 4010ac; Adding next_ea 4010ae as successor.
  BB: 4010a7 in func 401090 with 2 insts
    I: 4010a7 (imm 405020)
    I: 4010ac
      Successors: 4010ae
  WARNING: No table entries for indirect jump at 4010ee; Adding next_ea 4010f0 as successor.
  BB: 4010e9 in func 401090 with 2 insts
    I: 4010e9 (imm 405020)
    I: 4010ee
      Successors: 4010f0
  BB: 4010ae in func 401090 with 1 insts
    I: 4010ae
      Successors: 4010b0
  BB: 401090 in func 401090 with 3 insts
    I: 401090 (imm 405020)
    I: 401095 (imm 405020)
    I: 40109b (flow 4010b0)
      Successors: 4010b0, 40109d
  BB: 4010b0 in func 401090 with 1 insts
    I: 4010b0
      No successors
  BB: 4010b1 in func 401090 with 2 insts
    I: 4010b1
    I: 4010b5
      Successors: 4010c0
  BB: 4010f0 in func 401090 with 1 insts
    I: 4010f0
      No successors
  BB: 4010f1 in func 401090 with 2 insts
    I: 4010f1
    I: 4010f5
      No successors
  BB: 40109d in func 401090 with 3 insts
    I: 40109d
    I: 4010a2
    I: 4010a5 (flow 4010b0)
      Successors: 4010b0, 4010a7
  BB: 4010df in func 401090 with 3 insts
    I: 4010df
    I: 4010e4
    I: 4010e7 (flow 4010f0)
      Successors: 4010f0, 4010e9
Recovering 401100
  Analysing subroutine sub_401100 at 401100
  Subroutine sub_401100 at 401100 has 5 blocks
  BB: 401100 in func 401100 with 3 insts
    Referenced by data
    I: 401100
    I: 401104 (mem 405020)
    I: 40110b (flow 401120)
      Successors: 401120, 40110d
  BB: 401121 in func 401100 with 2 insts
    I: 401121
    I: 401125
      No successors
  BB: 401120 in func 401100 with 1 insts
    I: 401120
      No successors
  BB: 40110d in func 401100 with 6 insts
    I: 40110d
    I: 40110e
    I: 401111 (flow 401090)
    I: 401116 (mem 405020)
    I: 40111d
    I: 40111e
      No successors
  BB: 40111f in func 401100 with 1 insts
    I: 40111f
      Successors: 401120
Recovering 401130
  Analysing subroutine sub_401130 at 401130
  WARNING: No table entries for indirect jump at 4010ee; Adding next_ea 4010f0 as successor.
  Subroutine sub_401130 at 401130 has 6 blocks
  BB: 4010c0 in func 401130 with 8 insts
    I: 4010c0 (imm 405020)
    I: 4010c5 (imm 405020)
    I: 4010cc
    I: 4010cf
    I: 4010d3
    I: 4010d7
    I: 4010da
    I: 4010dd (flow 4010f0)
      Successors: 4010f0, 4010df
  WARNING: No table entries for indirect jump at 4010ee; Adding next_ea 4010f0 as successor.
  BB: 4010e9 in func 401130 with 2 insts
    I: 4010e9 (imm 405020)
    I: 4010ee
      Successors: 4010f0
  BB: 401130 in func 401130 with 2 insts
    Referenced by data
    I: 401130
    I: 401134 (flow 4010c0)
      Successors: 4010c0
  BB: 4010f0 in func 401130 with 1 insts
    I: 4010f0
      No successors
  BB: 401136 in func 401130 with 1 insts
    I: 401136
      No successors
  BB: 4010df in func 401130 with 3 insts
    I: 4010df
    I: 4010e4
    I: 4010e7 (flow 4010f0)
      Successors: 4010f0, 4010e9
Recovering main at 401140
  Analysing subroutine main at 401140
    Block head at 00402361 is not code.
  Subroutine main at 401140 has 147 blocks
  BB: 401402 in func 401140 with 1 insts
    I: 401402 (flow 4022bd)
      Successors: 4022bd
  BB: 401a04 in func 401140 with 1 insts
    I: 401a04 (flow 4022ed)
      Successors: 4022ed
  BB: 401e04 in func 401140 with 2 insts
    I: 401e04
    I: 401e08
      Successors: 401e0e
  BB: 401407 in func 401140 with 61 insts
    I: 401407
    I: 40140b
    I: 40140f
    I: 401413
    I: 401417
    I: 40141b
    I: 40141d
    I: 401420
    I: 401422
    I: 401425
    I: 401427
    I: 401429
    I: 40142b
    I: 40142d
    I: 40142f
    I: 401431
    I: 401433
    I: 401435
    I: 401437
    I: 401439
    I: 40143b
    I: 40143d
    I: 40143f
    I: 401441
    I: 401444
    I: 401447 (imm 405024)
    I: 40144e
    I: 401450 (imm 405028)
    I: 401457
    I: 401459
    I: 40145b
    I: 40145e
    I: 401460
    I: 401462
    I: 401465
    I: 401468
    I: 40146b
    I: 40146f
    I: 401472
    I: 401476
    I: 401479
    I: 40147c
    I: 40147f
    I: 401483
    I: 401485
    I: 401488
    I: 40148a
    I: 40148c
    I: 40148f
    I: 401492
    I: 401496
    I: 401499
    I: 40149c
    I: 40149f
    I: 4014a2
    I: 4014a5
    I: 4014a8
    I: 4014ab
    I: 4014ad
    I: 4014af
    I: 4014b1 (flow 4014bc)
      Successors: 4014bc, 4014b7
  BB: 401608 in func 401140 with 3 insts
    I: 401608
    I: 40160c
    I: 40160f (flow 401905)
      Successors: 401905, 401615
  BB: 401a09 in func 401140 with 1 insts
    I: 401a09 (flow 401a0e)
      Successors: 401a0e
  BB: 401a0e in func 401140 with 3 insts
    I: 401a0e
    I: 401a12
    I: 401a15 (flow 401c5a)
      Successors: 401c5a, 401a1b
  BB: 401e0e in func 401140 with 3 insts
    I: 401e0e
    I: 401e12
    I: 401e15 (flow 402123)
      Successors: 402123, 401e1b
  BB: 401615 in func 401140 with 2 insts
    I: 401615
    I: 401619
      Successors: 40161f
  BB: 401c1b in func 401140 with 1 insts
    I: 401c1b (flow 402301)
      Successors: 402301
  BB: 401e1b in func 401140 with 2 insts
    I: 401e1b
    I: 401e1f
      Successors: 401e25
  BB: 401a1b in func 401140 with 2 insts
    I: 401a1b
    I: 401a1f
      Successors: 401a25
  BB: 40161f in func 401140 with 36 insts
    I: 40161f (imm 405024)
    I: 401626
    I: 401628 (imm 405028)
    I: 40162f
    I: 401631
    I: 401633
    I: 401636
    I: 401638
    I: 40163a
    I: 40163d
    I: 401640
    I: 401643
    I: 401647
    I: 40164a
    I: 40164e
    I: 401651
    I: 401654
    I: 401657
    I: 40165b
    I: 40165d
    I: 401660
    I: 401662
    I: 401664
    I: 401667
    I: 40166a
    I: 40166e
    I: 401671
    I: 401674
    I: 401677
    I: 40167a
    I: 40167d
    I: 401680
    I: 401683
    I: 401685
    I: 401687
    I: 401689 (flow 401694)
      Successors: 401694, 40168f
  BB: 401c20 in func 401140 with 1 insts
    I: 401c20 (flow 401c25)
      Successors: 401c25
  BB: 401a25 in func 401140 with 3 insts
    I: 401a25
    I: 401a29
    I: 401a2c (flow 401c41)
      Successors: 401c41, 401a32
  BB: 401c25 in func 401140 with 11 insts
    I: 401c25
    I: 401c29
    I: 401c2b
    I: 401c2d
    I: 401c2f
    I: 401c31
    I: 401c34
    I: 401c36
    I: 401c38
    I: 401c3a
    I: 401c3c (flow 401a25)
      Successors: 401a25
  BB: 401e25 in func 401140 with 3 insts
    I: 401e25
    I: 401e29
    I: 401e2c (flow 401fea)
      Successors: 401e32, 401fea
  BB: 40202f in func 401140 with 1 insts
    I: 40202f (flow 40231f)
      Successors: 40231f
  BB: 401a32 in func 401140 with 2 insts
    I: 401a32
    I: 401a36
      Successors: 401a3c
  BB: 401233 in func 401140 with 1 insts
    I: 401233 (flow 40228c)
      Successors: 40228c
  BB: 401e32 in func 401140 with 2 insts
    I: 401e32
    I: 401e36
      Successors: 401e3c
  BB: 402034 in func 401140 with 20 insts
    I: 402034 (imm 405024)
    I: 40203b
    I: 40203d (imm 405028)
    I: 402044
    I: 402046
    I: 402048
    I: 40204e
    I: 402051
    I: 402057
    I: 40205a
    I: 40205d
    I: 402060
    I: 402063
    I: 402066
    I: 402069
    I: 40206b
    I: 40206d
    I: 40206f
    I: 402071
    I: 402073 (flow 40207e)
      Successors: 402079, 40207e
  BB: 401238 in func 401140 with 1 insts
    I: 401238 (flow 40123d)
      Successors: 40123d
  BB: 402239 in func 401140 with 1 insts
    I: 402239 (flow 40235c)
      Successors: 40235c
  BB: 401a3c in func 401140 with 3 insts
    I: 401a3c
    I: 401a40
    I: 401a43 (flow 401b94)
      Successors: 401a49, 401b94
  BB: 40123d in func 401140 with 6 insts
    I: 40123d
    I: 401241 (imm 403004)
    I: 40124b
    I: 40124d (flow 405040)
    I: 401252
    I: 401255 (flow 402285)
      Successors: 40125b, 402285
  BB: 40183d in func 401140 with 1 insts
    I: 40183d (flow 4022cc)
      Successors: 4022cc
  BB: 401e3c in func 401140 with 36 insts
    I: 401e3c (imm 405024)
    I: 401e43
    I: 401e45 (imm 405028)
    I: 401e4c
    I: 401e4e
    I: 401e50
    I: 401e56
    I: 401e59
    I: 401e5f
    I: 401e62
    I: 401e65
    I: 401e68
    I: 401e6c
    I: 401e6f
    I: 401e73
    I: 401e76
    I: 401e79
    I: 401e7c
    I: 401e80
    I: 401e82
    I: 401e85
    I: 401e87
    I: 401e89
    I: 401e8c
    I: 401e8f
    I: 401e93
    I: 401e96
    I: 401e99
    I: 401e9c
    I: 401e9f
    I: 401ea2
    I: 401ea5
    I: 401ea8
    I: 401eaa
    I: 401eac
    I: 401eae (flow 401eb9)
      Successors: 401eb9, 401eb4
  BB: 40223e in func 401140 with 20 insts
    I: 40223e (imm 405024)
    I: 402245
    I: 402247 (imm 405028)
    I: 40224e
    I: 402250
    I: 402252
    I: 402255
    I: 402257
    I: 402259
    I: 40225c
    I: 40225f
    I: 402262
    I: 402265
    I: 402268
    I: 40226b
    I: 40226d
    I: 40226f
    I: 402271
    I: 402273
    I: 402275 (flow 402280)
      Successors: 402280, 40227b
  BB: 401c41 in func 401140 with 1 insts
    I: 401c41 (flow 401c46)
      Successors: 401c46
  BB: 401842 in func 401140 with 1 insts
    I: 401842 (flow 401847)
      Successors: 401847
  BB: 401c46 in func 401140 with 7 insts
    I: 401c46
    I: 401c4a
    I: 401c4c
    I: 401c4e
    I: 401c51
    I: 401c53
    I: 401c55 (flow 401a0e)
      Successors: 401a0e
  BB: 401847 in func 401140 with 20 insts
    I: 401847 (imm 405024)
    I: 40184e
    I: 401850 (imm 405028)
    I: 401857
    I: 401859
    I: 40185b
    I: 40185e
    I: 401860
    I: 401862
    I: 401865
    I: 401868
    I: 40186b
    I: 40186e
    I: 401871
    I: 401874
    I: 401876
    I: 401878
    I: 40187a
    I: 40187c
    I: 40187e (flow 401889)
      Successors: 401889, 401884
  BB: 401a49 in func 401140 with 24 insts
    I: 401a49
    I: 401a4d
    I: 401a51
    I: 401a55
    I: 401a59
    I: 401a5d
    I: 401a5f
    I: 401a62
    I: 401a64
    I: 401a66
    I: 401a68
    I: 401a6b
    I: 401a6d
    I: 401a6f
    I: 401a71
    I: 401a73
    I: 401a78
    I: 401a7a
    I: 401a7f
    I: 401a81
    I: 401a86
    I: 401a88
    I: 401a8d
    I: 401a8f (flow 401aac)
      Successors: 401aac, 401a95
  BB: 401c5a in func 401140 with 36 insts
    I: 401c5a (imm 405024)
    I: 401c61
    I: 401c63 (imm 405028)
    I: 401c6a
    I: 401c6c
    I: 401c6e
    I: 401c71
    I: 401c73
    I: 401c75
    I: 401c78
    I: 401c7b
    I: 401c7e
    I: 401c82
    I: 401c85
    I: 401c89
    I: 401c8c
    I: 401c8f
    I: 401c92
    I: 401c96
    I: 401c98
    I: 401c9b
    I: 401c9d
    I: 401c9f
    I: 401ca2
    I: 401ca5
    I: 401ca9
    I: 401cac
    I: 401caf
    I: 401cb2
    I: 401cb5
    I: 401cb8
    I: 401cbb
    I: 401cbe
    I: 401cc0
    I: 401cc2
    I: 401cc4 (flow 401ccf)
      Successors: 401cca, 401ccf
  BB: 40125b in func 401140 with 13 insts
    I: 40125b
    I: 40125f
    I: 401263
    I: 401267
    I: 40126b
    I: 40126f
    I: 401273
    I: 40127a
    I: 401280
    I: 401286
    I: 40128c
    I: 401292
    I: 401295 (flow 40137e)
      Successors: 40129b, 40137e
  BB: 402079 in func 401140 with 1 insts
    I: 402079 (flow 40231f)
      Successors: 40231f
  BB: 40227b in func 401140 with 1 insts
    I: 40227b (flow 40235c)
      Successors: 40235c
  BB: 40207e in func 401140 with 1 insts
    I: 40207e (flow 402083)
      Successors: 402083
  BB: 402280 in func 401140 with 1 insts
    I: 402280 (flow 40123d)
      Successors: 40123d
  BB: 402083 in func 401140 with 20 insts
    I: 402083 (imm 405024)
    I: 40208a
    I: 40208c (imm 405028)
    I: 402093
    I: 402095
    I: 402097
    I: 40209d
    I: 4020a0
    I: 4020a6
    I: 4020a9
    I: 4020ac
    I: 4020af
    I: 4020b2
    I: 4020b5
    I: 4020b8
    I: 4020ba
    I: 4020bc
    I: 4020be
    I: 4020c0
    I: 4020c2 (flow 4020cd)
      Successors: 4020c8, 4020cd
  BB: 401884 in func 401140 with 1 insts
    I: 401884 (flow 4022e8)
      Successors: 4022e8
  BB: 402285 in func 401140 with 4 insts
    I: 402285
    I: 402287
    I: 40228a
    I: 40228b
      No successors
  BB: 401889 in func 401140 with 20 insts
    I: 401889 (imm 405024)
    I: 401890
    I: 401892 (imm 405028)
    I: 401899
    I: 40189b
    I: 40189d
    I: 4018a0
    I: 4018a2
    I: 4018a4
    I: 4018a7
    I: 4018aa
    I: 4018ad
    I: 4018b0
    I: 4018b3
    I: 4018b6
    I: 4018b8
    I: 4018ba
    I: 4018bc
    I: 4018be
    I: 4018c0 (flow 4018cb)
      Successors: 4018cb, 4018c6
  BB: 40228c in func 401140 with 5 insts
    I: 40228c
    I: 40228f
    I: 402293
    I: 402296
    I: 40229c (flow 40118a)
      Successors: 40118a
  BB: 40168f in func 401140 with 1 insts
    I: 40168f (flow 4022c7)
      Successors: 4022c7
  BB: 401694 in func 401140 with 40 insts
    I: 401694
    I: 401698
    I: 40169b
    I: 40169e
    I: 4016a1 (imm 405024)
    I: 4016a8
    I: 4016aa (imm 405028)
    I: 4016b1
    I: 4016b3
    I: 4016b5
    I: 4016bb
    I: 4016be
    I: 4016c4
    I: 4016c7
    I: 4016ca
    I: 4016cd
    I: 4016d1
    I: 4016d4
    I: 4016d8
    I: 4016db
    I: 4016de
    I: 4016e1
    I: 4016e5
    I: 4016e7
    I: 4016ea
    I: 4016ec
    I: 4016ee
    I: 4016f1
    I: 4016f4
    I: 4016f8
    I: 4016fb
    I: 4016fe
    I: 401701
    I: 401704
    I: 401707
    I: 40170a
    I: 40170d
    I: 40170f
    I: 401711
    I: 401713 (flow 40171e)
      Successors: 401719, 40171e
  BB: 401a95 in func 401140 with 6 insts
    I: 401a95
    I: 401a99
    I: 401a9b
    I: 401aa1
    I: 401aa4
    I: 401aaa
      Successors: 401aac
  BB: 40129b in func 401140 with 20 insts
    I: 40129b (imm 405024)
    I: 4012a2
    I: 4012a4 (imm 405028)
    I: 4012ab
    I: 4012ad
    I: 4012af
    I: 4012b5
    I: 4012b8
    I: 4012be
    I: 4012c1
    I: 4012c4
    I: 4012c7
    I: 4012ca
    I: 4012cd
    I: 4012d0
    I: 4012d2
    I: 4012d4
    I: 4012d6
    I: 4012d8
    I: 4012da (flow 4012e5)
      Successors: 4012e0, 4012e5
  BB: 4022a1 in func 401140 with 6 insts
    I: 4022a1
    I: 4022a5
    I: 4022a7 (imm 403007)
    I: 4022b1
    I: 4022b3 (flow 405038)
    I: 4022b8 (flow 4012e5)
      Successors: 4012e5
  BB: 401aac in func 401140 with 20 insts
    I: 401aac (imm 405024)
    I: 401ab3
    I: 401ab5 (imm 405028)
    I: 401abc
    I: 401abe
    I: 401ac0
    I: 401ac6
    I: 401ac9
    I: 401acf
    I: 401ad2
    I: 401ad5
    I: 401ad8
    I: 401adb
    I: 401ade
    I: 401ae1
    I: 401ae3
    I: 401ae5
    I: 401ae7
    I: 401ae9
    I: 401aeb (flow 401af6)
      Successors: 401af1, 401af6
  BB: 401eb4 in func 401140 with 1 insts
    I: 401eb4 (flow 40231a)
      Successors: 40231a
  BB: 4014b7 in func 401140 with 1 insts
    I: 4014b7 (flow 4022bd)
      Successors: 4022bd
  BB: 401eb9 in func 401140 with 24 insts
    I: 401eb9
    I: 401ebd
    I: 401ec0
    I: 401ec3
    I: 401ec6 (imm 405024)
    I: 401ecd
    I: 401ecf (imm 405028)
    I: 401ed6
    I: 401ed8
    I: 401eda
    I: 401ee0
    I: 401ee3
    I: 401ee9
    I: 401eec
    I: 401eef
    I: 401ef2
    I: 401ef6
    I: 401ef9
    I: 401efd
    I: 401f00
    I: 401f03
    I: 401f06
    I: 401f0a
    I: 401f0c
      Successors: 401f0f
  BB: 4014bc in func 401140 with 3 insts
    I: 4014bc
    I: 4014bf
    I: 4014c1 (flow 4014cc)
      Successors: 4014cc, 4014c7
  BB: 4022bd in func 401140 with 1 insts
    I: 4022bd (flow 401407)
      Successors: 401407
  BB: 4022c2 in func 401140 with 1 insts
    I: 4022c2 (flow 401560)
      Successors: 401560
  BB: 4018c6 in func 401140 with 1 insts
    I: 4018c6 (flow 4022e8)
      Successors: 4022e8
  BB: 4014c7 in func 401140 with 1 insts
    I: 4014c7 (flow 4014e3)
      Successors: 4014e3
  BB: 4020c8 in func 401140 with 1 insts
    I: 4020c8 (flow 402324)
      Successors: 402324
  BB: 4022c7 in func 401140 with 1 insts
    I: 4022c7 (flow 401694)
      Successors: 401694
  BB: 401cca in func 401140 with 1 insts
    I: 401cca (flow 402306)
      Successors: 402306
  BB: 4018cb in func 401140 with 1 insts
    I: 4018cb (flow 4018d0)
      Successors: 4018d0
  BB: 4014cc in func 401140 with 6 insts
    I: 4014cc
    I: 4014d0
    I: 4014d2
    I: 4014d8
    I: 4014db
    I: 4014e1
      Successors: 4014e3
  BB: 4020cd in func 401140 with 26 insts
    I: 4020cd
    I: 4020d1
    I: 4020d3
    I: 4020d5
    I: 4020d8
    I: 4020da
    I: 4020dc (imm 405024)
    I: 4020e3
    I: 4020e5 (imm 405028)
    I: 4020ec
    I: 4020ee
    I: 4020f0
    I: 4020f3
    I: 4020f5
    I: 4020f7
    I: 4020fa
    I: 4020fd
    I: 402100
    I: 402103
    I: 402106
    I: 402109
    I: 40210b
    I: 40210d
    I: 40210f
    I: 402111
    I: 402113 (flow 40211e)
      Successors: 402119, 40211e
  BB: 4022cc in func 401140 with 11 insts
    I: 4022cc
    I: 4022d0
    I: 4022d2
    I: 4022d4
    I: 4022d6
    I: 4022d8
    I: 4022db
    I: 4022dd
    I: 4022df
    I: 4022e1
    I: 4022e3 (flow 4017b6)
      Successors: 4017b6
  BB: 401ccf in func 401140 with 22 insts
    I: 401ccf
    I: 401cd3
    I: 401cd9 (imm 405024)
    I: 401ce0
    I: 401ce2 (imm 405028)
    I: 401ce9
    I: 401ceb
    I: 401ced
    I: 401cf3
    I: 401cf6
    I: 401cfc
    I: 401cff
    I: 401d02
    I: 401d05
    I: 401d08
    I: 401d0b
    I: 401d0e
    I: 401d10
    I: 401d12
    I: 401d14
    I: 401d16
    I: 401d18 (flow 401d23)
      Successors: 401d23, 401d1e
  BB: 4018d0 in func 401140 with 7 insts
    I: 4018d0
    I: 4018d4
    I: 4018d6
    I: 4018dc
    I: 4018df
    I: 4018e5
    I: 4018e7 (flow 40161f)
      Successors: 40161f
  BB: 4012e0 in func 401140 with 1 insts
    I: 4012e0 (flow 4022a1)
      Successors: 4022a1
  BB: 4014e3 in func 401140 with 36 insts
    I: 4014e3 (imm 405024)
    I: 4014ea
    I: 4014ec (imm 405028)
    I: 4014f3
    I: 4014f5
    I: 4014f7
    I: 4014fd
    I: 401500
    I: 401506
    I: 401509
    I: 40150c
    I: 40150f
    I: 401513
    I: 401516
    I: 40151a
    I: 40151d
    I: 401520
    I: 401523
    I: 401527
    I: 401529
    I: 40152c
    I: 40152e
    I: 401530
    I: 401533
    I: 401536
    I: 40153a
    I: 40153d
    I: 401540
    I: 401543
    I: 401546
    I: 401549
    I: 40154c
    I: 40154f
    I: 401551
    I: 401553
    I: 401555 (flow 401560)
      Successors: 401560, 40155b
  BB: 4012e5 in func 401140 with 41 insts
    I: 4012e5
    I: 4012e9
    I: 4012eb (imm 403007)
    I: 4012f5
    I: 4012f7 (flow 405038)
    I: 4012fc (imm 405024)
    I: 401303
    I: 401305 (imm 405028)
    I: 40130c
    I: 40130e
    I: 401310
    I: 401316
    I: 401319
    I: 40131f
    I: 401322
    I: 401325
    I: 401328
    I: 40132c
    I: 40132f
    I: 401333
    I: 401336
    I: 401339
    I: 40133c
    I: 401340
    I: 401342
    I: 401345
    I: 401347
    I: 401349
    I: 40134c
    I: 40134f
    I: 401353
    I: 401356
    I: 401359
    I: 40135c
    I: 40135f
    I: 401362
    I: 401365
    I: 401368
    I: 40136a
    I: 40136c
    I: 40136e (flow 401379)
      Successors: 401379, 401374
  BB: 4022e8 in func 401140 with 1 insts
    I: 4022e8 (flow 401889)
      Successors: 401889
  BB: 4018ec in func 401140 with 1 insts
    I: 4018ec (flow 4018f1)
      Successors: 4018f1
  BB: 4022ed in func 401140 with 3 insts
    I: 4022ed
    I: 4022f1
    I: 4022f7 (flow 401982)
      Successors: 401982
  BB: 4018f1 in func 401140 with 7 insts
    I: 4018f1
    I: 4018f5
    I: 4018f7
    I: 4018f9
    I: 4018fc
    I: 4018fe
    I: 401900 (flow 401608)
      Successors: 401608
  BB: 401af1 in func 401140 with 1 insts
    I: 401af1 (flow 4022fc)
      Successors: 4022fc
  BB: 401af6 in func 401140 with 36 insts
    I: 401af6 (imm 405024)
    I: 401afd
    I: 401aff (imm 405028)
    I: 401b06
    I: 401b08
    I: 401b0a
    I: 401b10
    I: 401b13
    I: 401b19
    I: 401b1c
    I: 401b1f
    I: 401b22
    I: 401b26
    I: 401b29
    I: 401b2d
    I: 401b30
    I: 401b33
    I: 401b36
    I: 401b3a
    I: 401b3c
    I: 401b3f
    I: 401b41
    I: 401b43
    I: 401b46
    I: 401b49
    I: 401b4d
    I: 401b50
    I: 401b53
    I: 401b56
    I: 401b59
    I: 401b5c
    I: 401b5f
    I: 401b62
    I: 401b64
    I: 401b66
    I: 401b68 (flow 401b73)
      Successors: 401b73, 401b6e
  BB: 4022fc in func 401140 with 1 insts
    I: 4022fc (flow 401af6)
      Successors: 401af6
  BB: 402301 in func 401140 with 1 insts
    I: 402301 (flow 401bde)
      Successors: 401bde
  BB: 401905 in func 401140 with 36 insts
    I: 401905 (imm 405024)
    I: 40190c
    I: 40190e (imm 405028)
    I: 401915
    I: 401917
    I: 401919
    I: 40191f
    I: 401922
    I: 401928
    I: 40192b
    I: 40192e
    I: 401931
    I: 401935
    I: 401938
    I: 40193c
    I: 40193f
    I: 401942
    I: 401945
    I: 401949
    I: 40194b
    I: 40194e
    I: 401950
    I: 401952
    I: 401955
    I: 401958
    I: 40195c
    I: 40195f
    I: 401962
    I: 401965
    I: 401968
    I: 40196b
    I: 40196e
    I: 401971
    I: 401973
    I: 401975
    I: 401977 (flow 401982)
      Successors: 401982, 40197d
  BB: 402306 in func 401140 with 3 insts
    I: 402306
    I: 40230a
    I: 402310 (flow 401ccf)
      Successors: 401ccf
  BB: 401f0f in func 401140 with 16 insts
    Referenced by data
    I: 401f0f
    I: 401f11
    I: 401f13
    I: 401f16
    I: 401f19
    I: 401f1d
    I: 401f20
    I: 401f23
    I: 401f26
    I: 401f29
    I: 401f2c
    I: 401f2f
    I: 401f32
    I: 401f34
    I: 401f36
    I: 401f38 (flow 401f43)
      Successors: 401f43, 401f3e
  BB: 402315 in func 401140 with 1 insts
    I: 402315 (flow 401d72)
      Successors: 401d72
  BB: 401719 in func 401140 with 1 insts
    I: 401719 (flow 4022c7)
      Successors: 4022c7
  BB: 402119 in func 401140 with 1 insts
    I: 402119 (flow 402324)
      Successors: 402324
  BB: 40231a in func 401140 with 1 insts
    I: 40231a (flow 401eb9)
      Successors: 401eb9
  BB: 40171e in func 401140 with 3 insts
    I: 40171e
    I: 401721
    I: 401723 (flow 40172e)
      Successors: 401729, 40172e
  BB: 401d1e in func 401140 with 1 insts
    I: 401d1e (flow 402306)
      Successors: 402306
  BB: 40211e in func 401140 with 1 insts
    I: 40211e (flow 401e0e)
      Successors: 401e0e
  BB: 40231f in func 401140 with 1 insts
    I: 40231f (flow 402034)
      Successors: 402034
  BB: 401d23 in func 401140 with 1 insts
    I: 401d23 (flow 401d28)
      Successors: 401d28
  BB: 402123 in func 401140 with 1 insts
    I: 402123 (flow 402128)
      Successors: 402128
  BB: 402324 in func 401140 with 7 insts
    I: 402324
    I: 402328
    I: 40232a
    I: 402330
    I: 402333
    I: 402339
    I: 40233b (flow 4020cd)
      Successors: 4020cd
  BB: 401d28 in func 401140 with 20 insts
    I: 401d28 (imm 405024)
    I: 401d2f
    I: 401d31 (imm 405028)
    I: 401d38
    I: 401d3a
    I: 401d3c
    I: 401d42
    I: 401d45
    I: 401d4b
    I: 401d4e
    I: 401d51
    I: 401d54
    I: 401d57
    I: 401d5a
    I: 401d5d
    I: 401d5f
    I: 401d61
    I: 401d63
    I: 401d65
    I: 401d67 (flow 401d72)
      Successors: 401d72, 401d6d
  BB: 401729 in func 401140 with 1 insts
    I: 401729 (flow 4018ec)
      Successors: 4018ec
  BB: 402128 in func 401140 with 11 insts
    I: 402128
    I: 40212c
    I: 40212e
    I: 402130
    I: 402132
    I: 402134
    I: 402137
    I: 402139
    I: 40213b
    I: 40213d
    I: 40213f (flow 401d28)
      Successors: 401d28
  BB: 40172e in func 401140 with 20 insts
    I: 40172e
    I: 401732
    I: 401736
    I: 40173a
    I: 40173e
    I: 401742
    I: 401744
    I: 401747
    I: 401749
    I: 40174c
    I: 40174e
    I: 401750
    I: 401752
    I: 401754
    I: 401756
    I: 401758
    I: 40175d
    I: 40175f
    I: 401764
    I: 401766 (flow 401847)
      Successors: 40176c, 401847
  BB: 401f3e in func 401140 with 1 insts
    I: 401f3e (flow 40231a)
      Successors: 40231a
  BB: 401140 in func 401140 with 23 insts
    Referenced by data
    I: 401140
    I: 401141
    I: 401144
    I: 401148 (imm 405024)
    I: 40114f
    I: 401151 (imm 405028)
    I: 401158
    I: 40115a
    I: 40115c
    I: 40115f
    I: 401161
    I: 401163
    I: 401166
    I: 401169
    I: 40116c
    I: 40116f
    I: 401172
    I: 401175
    I: 401177
    I: 401179
    I: 40117b
    I: 40117d
    I: 40117f (flow 40118a)
      Successors: 40118a, 401185
  BB: 402340 in func 401140 with 6 insts
    I: 402340
    I: 402344
    I: 402346 (imm 403007)
    I: 402350
    I: 402352 (flow 405038)
    I: 402357 (flow 40218e)
      Successors: 40218e
  BB: 401f43 in func 401140 with 3 insts
    I: 401f43
    I: 401f46
    I: 401f48 (flow 401f53)
      Successors: 401f53, 401f4e
  BB: 402144 in func 401140 with 20 insts
    I: 402144 (imm 405024)
    I: 40214b
    I: 40214d (imm 405028)
    I: 402154
    I: 402156
    I: 402158
    I: 40215e
    I: 402161
    I: 402167
    I: 40216a
    I: 40216d
    I: 402170
    I: 402173
    I: 402176
    I: 402179
    I: 40217b
    I: 40217d
    I: 40217f
    I: 402181
    I: 402183 (flow 40218e)
      Successors: 402189, 40218e
  BB: 401f4e in func 401140 with 1 insts
    I: 401f4e (flow 401fc9)
      Successors: 401fc9
  BB: 401f53 in func 401140 with 20 insts
    I: 401f53
    I: 401f57
    I: 401f5b
    I: 401f5f
    I: 401f63
    I: 401f67
    I: 401f69
    I: 401f6c
    I: 401f6e
    I: 401f71
    I: 401f73
    I: 401f75
    I: 401f7a
    I: 401f7c
    I: 401f81
    I: 401f83
    I: 401f85
    I: 401f87
    I: 401f89
    I: 401f8b (flow 401fa8)
      Successors: 401fa8, 401f91
  BB: 40155b in func 401140 with 1 insts
    I: 40155b (flow 4022c2)
      Successors: 4022c2
  BB: 40235c in func 401140 with 1 insts
    I: 40235c (flow 40223e)
      Successors: 40223e
  BB: 401560 in func 401140 with 36 insts
    I: 401560 (imm 405024)
    I: 401567
    I: 401569 (imm 405028)
    I: 401570
    I: 401572
    I: 401574
    I: 40157a
    I: 40157d
    I: 401583
    I: 401586
    I: 401589
    I: 40158c
    I: 401590
    I: 401593
    I: 401597
    I: 40159a
    I: 40159d
    I: 4015a0
    I: 4015a4
    I: 4015a6
    I: 4015a9
    I: 4015ab
    I: 4015ad
    I: 4015b0
    I: 4015b3
    I: 4015b7
    I: 4015ba
    I: 4015bd
    I: 4015c0
    I: 4015c3
    I: 4015c6
    I: 4015c9
    I: 4015cc
    I: 4015ce
    I: 4015d0
    I: 4015d2 (flow 4015dd)
      Successors: 4015d8, 4015dd
  BB: 40176c in func 401140 with 20 insts
    I: 40176c (imm 405024)
    I: 401773
    I: 401775 (imm 405028)
    I: 40177c
    I: 40177e
    I: 401780
    I: 401786
    I: 401789
    I: 40178f
    I: 401792
    I: 401795
    I: 401798
    I: 40179b
    I: 40179e
    I: 4017a1
    I: 4017a3
    I: 4017a5
    I: 4017a7
    I: 4017a9
    I: 4017ab (flow 4017b6)
      Successors: 4017b1, 4017b6
  BB: 401d6d in func 401140 with 1 insts
    I: 401d6d (flow 402315)
      Successors: 402315
  BB: 401b6e in func 401140 with 1 insts
    I: 401b6e (flow 4022fc)
      Successors: 4022fc
  BB: 401d72 in func 401140 with 40 insts
    I: 401d72
    I: 401d76
    I: 401d79
    I: 401d7c
    I: 401d7f (imm 405024)
    I: 401d86
    I: 401d88 (imm 405028)
    I: 401d8f
    I: 401d91
    I: 401d93
    I: 401d96
    I: 401d98
    I: 401d9a
    I: 401d9d
    I: 401da0
    I: 401da3
    I: 401da7
    I: 401daa
    I: 401dae
    I: 401db1
    I: 401db4
    I: 401db7
    I: 401dbb
    I: 401dbd
    I: 401dc0
    I: 401dc2
    I: 401dc4
    I: 401dc7
    I: 401dca
    I: 401dce
    I: 401dd1
    I: 401dd4
    I: 401dd7
    I: 401dda
    I: 401ddd
    I: 401de0
    I: 401de3
    I: 401de5
    I: 401de7
    I: 401de9 (flow 401df4)
      Successors: 401df4, 401def
  BB: 401b73 in func 401140 with 1 insts
    I: 401b73 (flow 401b78)
      Successors: 401b78
  BB: 401374 in func 401140 with 1 insts
    I: 401374 (flow 4022a1)
      Successors: 4022a1
  BB: 401b78 in func 401140 with 11 insts
    I: 401b78
    I: 401b7c
    I: 401b7e
    I: 401b80
    I: 401b82
    I: 401b84
    I: 401b87
    I: 401b89
    I: 401b8b
    I: 401b8d
    I: 401b8f (flow 401a3c)
      Successors: 401a3c
  BB: 401379 in func 401140 with 1 insts
    I: 401379 (flow 4021f4)
      Successors: 4021f4
  BB: 40197d in func 401140 with 1 insts
    I: 40197d (flow 4022ed)
      Successors: 4022ed
  BB: 40137e in func 401140 with 4 insts
    I: 40137e
    I: 401382
    I: 401387
    I: 401389 (flow 4013a6)
      Successors: 4013a6, 40138f
  BB: 401982 in func 401140 with 38 insts
    I: 401982
    I: 401986
    I: 40198c (imm 405024)
    I: 401993
    I: 401995 (imm 405028)
    I: 40199c
    I: 40199e
    I: 4019a0
    I: 4019a6
    I: 4019a9
    I: 4019af
    I: 4019b2
    I: 4019b5
    I: 4019b8
    I: 4019bc
    I: 4019bf
    I: 4019c3
    I: 4019c6
    I: 4019c9
    I: 4019cc
    I: 4019d0
    I: 4019d2
    I: 4019d5
    I: 4019d7
    I: 4019d9
    I: 4019dc
    I: 4019df
    I: 4019e3
    I: 4019e6
    I: 4019e9
    I: 4019ec
    I: 4019ef
    I: 4019f2
    I: 4019f5
    I: 4019f8
    I: 4019fa
    I: 4019fc
    I: 4019fe (flow 401a09)
      Successors: 401a09, 401a04
  BB: 401185 in func 401140 with 1 insts
    I: 401185 (flow 40228c)
      Successors: 40228c
  BB: 402189 in func 401140 with 1 insts
    I: 402189 (flow 402340)
      Successors: 402340
  BB: 40118a in func 401140 with 48 insts
    I: 40118a
    I: 40118d
    I: 401191
    I: 401194
    I: 401197
    I: 40119b
    I: 40119f
    I: 4011a2
    I: 4011a5
    I: 4011a9
    I: 4011ad
    I: 4011b0
    I: 4011b3
    I: 4011b7
    I: 4011bb
    I: 4011be
    I: 4011c1
    I: 4011c5
    I: 4011c9
    I: 4011cc
    I: 4011cf
    I: 4011d3
    I: 4011d7
    I: 4011da
    I: 4011dd
    I: 4011e1
    I: 4011e5
    I: 4011e8
    I: 4011ee (imm 405024)
    I: 4011f5
    I: 4011f7 (imm 405028)
    I: 4011fe
    I: 401200
    I: 401202
    I: 401208
    I: 40120b
    I: 401211
    I: 401214
    I: 401217
    I: 40121a
    I: 40121d
    I: 401220
    I: 401223
    I: 401225
    I: 401227
    I: 401229
    I: 40122b
    I: 40122d (flow 401238)
      Successors: 401238, 401233
  BB: 40218e in func 401140 with 25 insts
    I: 40218e
    I: 402192
    I: 402194 (imm 403007)
    I: 40219e
    I: 4021a0 (flow 405038)
    I: 4021a5 (imm 405024)
    I: 4021ac
    I: 4021ae (imm 405028)
    I: 4021b5
    I: 4021b7
    I: 4021b9
    I: 4021bf
    I: 4021c2
    I: 4021c8
    I: 4021cb
    I: 4021ce
    I: 4021d1
    I: 4021d4
    I: 4021d7
    I: 4021da
    I: 4021dc
    I: 4021de
    I: 4021e0
    I: 4021e2
    I: 4021e4 (flow 4021ef)
      Successors: 4021ea, 4021ef
  BB: 40138f in func 401140 with 6 insts
    I: 40138f
    I: 401393
    I: 401395
    I: 40139b
    I: 40139e
    I: 4013a4
      Successors: 4013a6
  BB: 401f91 in func 401140 with 10 insts
    I: 401f91
    I: 401f95
    I: 401f97
    I: 401f99
    I: 401f9b
    I: 401f9d
    I: 401fa0
    I: 401fa2
    I: 401fa4
    I: 401fa6
      Successors: 401fa8
  BB: 401b94 in func 401140 with 20 insts
    I: 401b94 (imm 405024)
    I: 401b9b
    I: 401b9d (imm 405028)
    I: 401ba4
    I: 401ba6
    I: 401ba8
    I: 401bae
    I: 401bb1
    I: 401bb7
    I: 401bba
    I: 401bbd
    I: 401bc0
    I: 401bc3
    I: 401bc6
    I: 401bc9
    I: 401bcb
    I: 401bcd
    I: 401bcf
    I: 401bd1
    I: 401bd3 (flow 401bde)
      Successors: 401bd9, 401bde
  BB: 4013a6 in func 401140 with 2 insts
    I: 4013a6
    I: 4013aa
      Successors: 4013b0
  BB: 401fa8 in func 401140 with 1 insts
    I: 401fa8 (flow 401fad)
      Successors: 401fad
  BB: 401fad in func 401140 with 11 insts
    I: 401fad
    I: 401fb1
    I: 401fb3
    I: 401fb5
    I: 401fb7
    I: 401fb9
    I: 401fbc
    I: 401fbe
    I: 401fc0
    I: 401fc2
    I: 401fc4 (flow 401e3c)
      Successors: 401e3c
  BB: 4013b0 in func 401140 with 3 insts
    I: 4013b0
    I: 4013b4
    I: 4013b7 (flow 4015fe)
      Successors: 4013bd, 4015fe
  BB: 4017b1 in func 401140 with 1 insts
    I: 4017b1 (flow 4022cc)
      Successors: 4022cc
  BB: 4017b6 in func 401140 with 42 insts
    I: 4017b6
    I: 4017ba
    I: 4017bc
    I: 4017c2
    I: 4017c5
    I: 4017cb
    I: 4017cd (imm 405024)
    I: 4017d4
    I: 4017d6 (imm 405028)
    I: 4017dd
    I: 4017df
    I: 4017e1
    I: 4017e4
    I: 4017e6
    I: 4017e8
    I: 4017eb
    I: 4017ee
    I: 4017f1
    I: 4017f5
    I: 4017f8
    I: 4017fc
    I: 4017ff
    I: 401802
    I: 401805
    I: 401809
    I: 40180b
    I: 40180e
    I: 401810
    I: 401812
    I: 401815
    I: 401818
    I: 40181c
    I: 40181f
    I: 401822
    I: 401825
    I: 401828
    I: 40182b
    I: 40182e
    I: 401831
    I: 401833
    I: 401835
    I: 401837 (flow 401842)
      Successors: 401842, 40183d
  BB: 4013bd in func 401140 with 20 insts
    I: 4013bd (imm 405024)
    I: 4013c4
    I: 4013c6 (imm 405028)
    I: 4013cd
    I: 4013cf
    I: 4013d1
    I: 4013d7
    I: 4013da
    I: 4013e0
    I: 4013e3
    I: 4013e6
    I: 4013e9
    I: 4013ec
    I: 4013ef
    I: 4013f2
    I: 4013f4
    I: 4013f6
    I: 4013f8
    I: 4013fa
    I: 4013fc (flow 401407)
      Successors: 401402, 401407
  BB: 401fc9 in func 401140 with 1 insts
    I: 401fc9 (flow 401fce)
      Successors: 401fce
  BB: 401fce in func 401140 with 11 insts
    I: 401fce
    I: 401fd2
    I: 401fd4
    I: 401fd6
    I: 401fd8
    I: 401fda
    I: 401fdd
    I: 401fdf
    I: 401fe1
    I: 401fe3
    I: 401fe5 (flow 401e25)
      Successors: 401e25
  BB: 4015d8 in func 401140 with 1 insts
    I: 4015d8 (flow 4022c2)
      Successors: 4022c2
  BB: 401bd9 in func 401140 with 1 insts
    I: 401bd9 (flow 402301)
      Successors: 402301
  BB: 4015dd in func 401140 with 1 insts
    I: 4015dd (flow 4015e2)
      Successors: 4015e2
  BB: 401bde in func 401140 with 20 insts
    I: 401bde (imm 405024)
    I: 401be5
    I: 401be7 (imm 405028)
    I: 401bee
    I: 401bf0
    I: 401bf2
    I: 401bf5
    I: 401bf7
    I: 401bf9
    I: 401bfc
    I: 401bff
    I: 401c02
    I: 401c05
    I: 401c08
    I: 401c0b
    I: 401c0d
    I: 401c0f
    I: 401c11
    I: 401c13
    I: 401c15 (flow 401c20)
      Successors: 401c20, 401c1b
  BB: 4015e2 in func 401140 with 7 insts
    I: 4015e2
    I: 4015e6
    I: 4015e8
    I: 4015ee
    I: 4015f1
    I: 4015f7
    I: 4015f9 (flow 4013b0)
      Successors: 4013b0
  BB: 401fea in func 401140 with 20 insts
    I: 401fea (imm 405024)
    I: 401ff1
    I: 401ff3 (imm 405028)
    I: 401ffa
    I: 401ffc
    I: 401ffe
    I: 402004
    I: 402007
    I: 40200d
    I: 402010
    I: 402013
    I: 402016
    I: 402019
    I: 40201c
    I: 40201f
    I: 402021
    I: 402023
    I: 402025
    I: 402027
    I: 402029 (flow 402034)
      Successors: 402034, 40202f
  BB: 4021ea in func 401140 with 1 insts
    I: 4021ea (flow 402340)
      Successors: 402340
  BB: 401def in func 401140 with 1 insts
    I: 401def (flow 402315)
      Successors: 402315
  BB: 4021ef in func 401140 with 1 insts
    I: 4021ef (flow 4021f4)
      Successors: 4021f4
  BB: 401df4 in func 401140 with 3 insts
    I: 401df4
    I: 401df7
    I: 401df9 (flow 401e04)
      Successors: 401e04, 401dff
  BB: 4021f4 in func 401140 with 20 insts
    I: 4021f4 (imm 405024)
    I: 4021fb
    I: 4021fd (imm 405028)
    I: 402204
    I: 402206
    I: 402208
    I: 40220e
    I: 402211
    I: 402217
    I: 40221a
    I: 40221d
    I: 402220
    I: 402223
    I: 402226
    I: 402229
    I: 40222b
    I: 40222d
    I: 40222f
    I: 402231
    I: 402233 (flow 40223e)
      Successors: 402239, 40223e
  BB: 4015fe in func 401140 with 2 insts
    I: 4015fe
    I: 401602
      Successors: 401608
  BB: 401dff in func 401140 with 1 insts
    I: 401dff (flow 402144)
      Successors: 402144
Recovering .term_proc at 402364
  Analysing subroutine .term_proc at 402364
    Block head at 00402371 is not code.
  Subroutine .term_proc at 402364 has 1 blocks
  BB: 402364 in func 402364 with 4 insts
    I: 402364
    I: 402368
    I: 40236c
    I: 402370
      No successors
Global Variable None
WARNING: Global constructor and destructor sections are adjacent!
Recovering region LOAD [400000, 4004e8) in segment LOAD
  8-byte reference at 400018 to 401050 (start)
  8-byte reference at 4000f8 to 401000 (.init_proc)
  8-byte reference at 400130 to 403000 ()
  8-byte reference at 400168 to 404de8 ()
  8-byte reference at 400280 to 40300c ()
  8-byte reference at 4002f0 to 404de8 ()
Recovering region .init [401000, 40101b) in segment .init
Recovering region LOAD [40101b, 401020) in segment LOAD
Recovering region .plt [401020, 401050) in segment .plt
  4-byte reference at 40102c to 401f0f ()
Recovering region .text [401050, 402361) in segment .text
Recovering region LOAD [402361, 402364) in segment LOAD
Recovering region .fini [402364, 402371) in segment .fini
Recovering region .rodata [403000, 40300b) in segment .rodata
  Variable format at 403007
Recovering region LOAD [40300b, 40300c) in segment LOAD
Recovering region .eh_frame_hdr [40300c, 403038) in segment .eh_frame_hdr
Recovering region .eh_frame [403038, 4030c8) in segment .eh_frame
Recovering region LOAD [4030c8, 403108) in segment LOAD
Recovering region .init_array [404de8, 404df8) in segment .init_array
  8-byte reference at 404de8 to 401130 ()
  8-byte reference at 404df0 to 401100 ()
Recovering region LOAD [404df8, 404fd8) in segment LOAD
Recovering region .got [404fd8, 404fe8) in segment .got
  8-byte reference at 404fd8 to 405030 (__libc_start_main)
  8-byte reference at 404fe0 to 405048 (__gmon_start__)
Recovering region .got.plt [404fe8, 405010) in segment .got.plt
  8-byte reference at 405000 to 405038 (printf)
  8-byte reference at 405008 to 405040 (__isoc99_scanf)
Recovering region .data [405010, 405020) in segment .data
Recovering region .bss [405020, 405030) in segment .bss
Recovering extern function printf at 401030
Recovering extern function __isoc99_scanf at 401040
Recovering extern function __libc_start_main at 405030
Recovering extern function printf at 405038
Recovering extern function __isoc99_scanf at 405040
Recovering extern function __gmon_start__ at 405048
Recovered 8 functions.
Saving to: /home/ubuntu/capstone_project/result/pipeline_20260629_141746/s178043981_bcf_instsub.cfg
Done analysis!
