Debugging is enabled.
Loading Standard Definitions file: /home/ubuntu/capstone_project/dependency/mcsema/mcsema/lib/python3/site-packages/mcsema_disass-3.1.3.8-py3.8.egg/mcsema_disass/defs/linux.txt
Using Batch mode.
Starting analysis
Recovering module s188963353_bcf.elf
Found main at 401140
Looking for instructions in segment .init
  Default block heads for function 401000 with loose bounds [401000, 40101b)
    block [401000, 401014)
    block [401014, 401016)
    block [401016, 40101b)
    chunk [401000, 40101b)
Looking for instructions in segment .plt
  Default block heads for function 401020 with loose bounds [401020, 40102c)
    block [401020, 40102c)
    chunk [401020, 40102c)
  Default block heads for function 401030 with loose bounds [401030, 401036)
    block [401030, 401036)
    chunk [401030, 401036)
  Default block heads for function 401040 with loose bounds [401040, 401046)
    block [401040, 401046)
    chunk [401040, 401046)
Looking for instructions in segment .text
  Default block heads for function 401050 with loose bounds [401050, 401076)
    block [401050, 401076)
    chunk [401050, 401076)
  Default block heads for function 401090 with loose bounds [401090, 4010b1)
    block [401090, 40109d)
    block [40109d, 4010a7)
    block [4010a7, 4010ae)
    block [4010b0, 4010b1)
    chunk [401090, 4010b1)
  Default block heads for function 401100 with loose bounds [401100, 401121)
    block [401100, 40110d)
    block [40110d, 40111f)
    block [401120, 401121)
    chunk [401100, 401121)
  Default block heads for function 401130 with loose bounds [401130, 401136)
    block [401130, 401136)
    chunk [401130, 401136)
    chunk [4010c0, 4010f1)
  Default block heads for function 401140 with loose bounds [401140, 401639)
    block [401140, 40115d)
    block [40115d, 401167)
    block [401167, 40116e)
    block [40116e, 401178)
    block [401178, 4011b1)
    block [4011b1, 4011b6)
    block [4011b6, 4011c4)
    block [4011c4, 4011cb)
    block [4011cb, 4011d5)
    block [4011d5, 4011dc)
    block [4011dc, 4011e6)
    block [4011e6, 401219)
    block [401219, 40121e)
    block [40121e, 401258)
    block [401258, 40125d)
    block [40125d, 401262)
    block [401262, 40126e)
    block [40126e, 4012a9)
    block [4012a9, 4012dc)
    block [4012dc, 4012e1)
    block [4012e1, 40131b)
    block [40131b, 401320)
    block [401320, 401325)
    block [401325, 401331)
    block [401331, 40136c)
    block [40136c, 401371)
    block [401371, 40137f)
    block [40137f, 401384)
    block [401384, 401392)
    block [401392, 401399)
    block [401399, 4013a3)
    block [4013a3, 4013aa)
    block [4013aa, 4013b4)
    block [4013b4, 4013de)
    block [4013de, 401411)
    block [401411, 401416)
    block [401416, 401449)
    block [401449, 40144e)
    block [40144e, 401453)
    block [401453, 401486)
    block [401486, 40148b)
    block [40148b, 4014c7)
    block [4014c7, 4014cc)
    block [4014cc, 4014d1)
    block [4014d1, 4014df)
    block [4014df, 4014f5)
    block [4014f5, 401528)
    block [401528, 40152d)
    block [40152d, 401571)
    block [401571, 401576)
    block [401576, 40157b)
    block [40157b, 4015ae)
    block [4015ae, 4015b3)
    block [4015b3, 4015e6)
    block [4015e6, 4015eb)
    block [4015eb, 4015f3)
    block [4015f3, 4015ff)
    block [4015ff, 40160b)
    block [40160b, 401610)
    block [401610, 40161e)
    block [40161e, 401634)
    block [401634, 401639)
    chunk [401140, 401639)
Looking for instructions in segment .fini
  Default block heads for function 40163c with loose bounds [40163c, 401649)
    block [40163c, 401649)
    chunk [40163c, 401649)
Looking for strings in segment .rodata [402000, 40200d)
  Found string b'1\n' of length 3 at 402007, jumping to 40200a
  Found string b'0\n' of length 3 at 40200a, jumping to 40200d
Looking for strings in segment .eh_frame_hdr [402010, 40203c)
Looking for strings in segment .eh_frame [402040, 4020d0)
Looking for strings in segment .init_array [403de8, 403df0)
Looking for strings in segment .fini_array [403df0, 403df8)
Looking for strings in segment .got [403fd8, 403fe8)
Looking for strings in segment .got.plt [403fe8, 404010)
Looking for strings in segment .data [404010, 404020)
Looking for strings in segment .bss [404020, 404030)
Looking for strings in segment extern [404030, 404050)
Looking for cross-references in segment .init [401000, 40101b)
Looking for cross-references in segment .plt [401020, 401050)
  Stopping scan at 40102c
Looking for cross-references in segment .text [401050, 401639)
  Stopping scan at 40107c
  Stopping scan at 40108c
  Stopping scan at ffffffffffffffff
  Stopping scan at 4010bc
  Stopping scan at 4010fc
  Stopping scan at ffffffffffffffff
  Stopping scan at 40112c
  Stopping scan at 40113c
Looking for cross-references in segment .fini [40163c, 401649)
Looking for cross-references in segment .rodata [402000, 40200d)
  Stopping scan at 40200c
Looking for cross-references in segment .eh_frame_hdr [402010, 40203c)
  Stopping scan at 402038
Looking for cross-references in segment .eh_frame [402040, 4020d0)
  Stopping scan at 4020cc
Looking for cross-references in segment .init_array [403de8, 403df0)
  Adding qword reference from 403de8 to 401130
  Stopping scan at 403de8
Looking for cross-references in segment .fini_array [403df0, 403df8)
  Adding qword reference from 403df0 to 401100
  Stopping scan at 403df0
Looking for cross-references in segment .got [403fd8, 403fe8)
  Adding qword reference from 403fd8 to 404030
  Adding qword reference from 403fe0 to 404048
  Stopping scan at 403fe0
Looking for cross-references in segment .got.plt [403fe8, 404010)
  Adding qword reference from 404000 to 404038
  Adding qword reference from 404008 to 404040
  Stopping scan at 404008
Looking for cross-references in segment .data [404010, 404020)
  Stopping scan at 40401c
Looking for cross-references in segment .bss [404020, 404030)
  Stopping scan at 40402c
Looking for cross-references in segment extern [404030, 404050)
  Stopping scan at 40404c
Looking for thunks
  Found thunk for printf targeting 404038 at 401030
  Found thunk for __isoc99_scanf targeting 404040 at 401040
Looking for external symbols
  Function at 401030 is the external function printf
  Function at 401040 is the external function __isoc99_scanf
  Function at 404030 is the external function __libc_start_main
  Function at 404038 is the external function printf
  Function at 404040 is the external function __isoc99_scanf
  Function at 404048 is the external function __gmon_start__
Looking for entrypoints
Recovering .init_proc at 401000
  Analysing subroutine .init_proc at 401000
    Block head at 0040101b is not code.
  Subroutine .init_proc at 401000 has 3 blocks
  BB: 401000 in func 401000 with 5 insts
    Referenced by data
    I: 401000
    I: 401004
    I: 401008 (mem 403fe0)
    I: 40100f
    I: 401012 (flow 401016)
      Successors: 401014, 401016
  BB: 401014 in func 401000 with 1 insts
    I: 401014
      Successors: 401016
  BB: 401016 in func 401000 with 2 insts
    I: 401016
    I: 40101a
      No successors
Recovering 401020
  Analysing subroutine sub_401020 at 401020
  WARNING: No table entries for indirect jump at 401026; Adding next_ea 40102c as successor.
  Subroutine sub_401020 at 401020 has 2 blocks
  WARNING: No table entries for indirect jump at 401026; Adding next_ea 40102c as successor.
  BB: 401020 in func 401020 with 2 insts
    I: 401020 (mem 403ff0)
    I: 401026 (mem 403ff8)
      Successors: 40102c
  BB: 40102c in func 401020 with 1 insts
    I: 40102c
      No successors
Recovering start at 401050
  Analysing subroutine start at 401050
  Subroutine start at 401050 has 3 blocks
  BB: 401050 in func 401050 with 13 insts
    Referenced by data
    I: 401050
    I: 401054
    I: 401056
    I: 401059
    I: 40105a
    I: 40105d
    I: 401061
    I: 401062
    I: 401063
    I: 401066
    I: 401068 (imm 401140)
    I: 40106f (mem 403fd8)
    I: 401075
      No successors
  BB: 401085 in func 401050 with 2 insts
    I: 401085
    I: 40108f
      No successors
  BB: 401076 in func 401050 with 3 insts
    I: 401076
    I: 401080
    I: 401084
      No successors
Recovering 401090
  Analysing subroutine sub_401090 at 401090
  WARNING: No table entries for indirect jump at 4010ac; Adding next_ea 4010ae as successor.
  WARNING: No table entries for indirect jump at 4010ee; Adding next_ea 4010f0 as successor.
  Subroutine sub_401090 at 401090 has 11 blocks
  BB: 4010c0 in func 401090 with 8 insts
    I: 4010c0 (imm 404020)
    I: 4010c5 (imm 404020)
    I: 4010cc
    I: 4010cf
    I: 4010d3
    I: 4010d7
    I: 4010da
    I: 4010dd (flow 4010f0)
      Successors: 4010f0, 4010df
  WARNING: No table entries for indirect jump at 4010ac; Adding next_ea 4010ae as successor.
  BB: 4010a7 in func 401090 with 2 insts
    I: 4010a7 (imm 404020)
    I: 4010ac
      Successors: 4010ae
  WARNING: No table entries for indirect jump at 4010ee; Adding next_ea 4010f0 as successor.
  BB: 4010e9 in func 401090 with 2 insts
    I: 4010e9 (imm 404020)
    I: 4010ee
      Successors: 4010f0
  BB: 4010ae in func 401090 with 1 insts
    I: 4010ae
      Successors: 4010b0
  BB: 401090 in func 401090 with 3 insts
    I: 401090 (imm 404020)
    I: 401095 (imm 404020)
    I: 40109b (flow 4010b0)
      Successors: 4010b0, 40109d
  BB: 4010b0 in func 401090 with 1 insts
    I: 4010b0
      No successors
  BB: 4010b1 in func 401090 with 2 insts
    I: 4010b1
    I: 4010b5
      Successors: 4010c0
  BB: 4010f0 in func 401090 with 1 insts
    I: 4010f0
      No successors
  BB: 4010f1 in func 401090 with 2 insts
    I: 4010f1
    I: 4010f5
      No successors
  BB: 40109d in func 401090 with 3 insts
    I: 40109d
    I: 4010a2
    I: 4010a5 (flow 4010b0)
      Successors: 4010b0, 4010a7
  BB: 4010df in func 401090 with 3 insts
    I: 4010df
    I: 4010e4
    I: 4010e7 (flow 4010f0)
      Successors: 4010f0, 4010e9
Recovering 401100
  Analysing subroutine sub_401100 at 401100
  Subroutine sub_401100 at 401100 has 5 blocks
  BB: 401100 in func 401100 with 3 insts
    Referenced by data
    I: 401100
    I: 401104 (mem 404020)
    I: 40110b (flow 401120)
      Successors: 401120, 40110d
  BB: 401121 in func 401100 with 2 insts
    I: 401121
    I: 401125
      No successors
  BB: 401120 in func 401100 with 1 insts
    I: 401120
      No successors
  BB: 40110d in func 401100 with 6 insts
    I: 40110d
    I: 40110e
    I: 401111 (flow 401090)
    I: 401116 (mem 404020)
    I: 40111d
    I: 40111e
      No successors
  BB: 40111f in func 401100 with 1 insts
    I: 40111f
      Successors: 401120
Recovering 401130
  Analysing subroutine sub_401130 at 401130
  WARNING: No table entries for indirect jump at 4010ee; Adding next_ea 4010f0 as successor.
  Subroutine sub_401130 at 401130 has 6 blocks
  BB: 4010c0 in func 401130 with 8 insts
    I: 4010c0 (imm 404020)
    I: 4010c5 (imm 404020)
    I: 4010cc
    I: 4010cf
    I: 4010d3
    I: 4010d7
    I: 4010da
    I: 4010dd (flow 4010f0)
      Successors: 4010f0, 4010df
  WARNING: No table entries for indirect jump at 4010ee; Adding next_ea 4010f0 as successor.
  BB: 4010e9 in func 401130 with 2 insts
    I: 4010e9 (imm 404020)
    I: 4010ee
      Successors: 4010f0
  BB: 401130 in func 401130 with 2 insts
    Referenced by data
    I: 401130
    I: 401134 (flow 4010c0)
      Successors: 4010c0
  BB: 4010f0 in func 401130 with 1 insts
    I: 4010f0
      No successors
  BB: 401136 in func 401130 with 1 insts
    I: 401136
      No successors
  BB: 4010df in func 401130 with 3 insts
    I: 4010df
    I: 4010e4
    I: 4010e7 (flow 4010f0)
      Successors: 4010f0, 4010e9
Recovering main at 401140
  Analysing subroutine main at 401140
    Block head at 00401639 is not code.
  Subroutine main at 401140 has 62 blocks
  BB: 401384 in func 401140 with 4 insts
    I: 401384
    I: 401387
    I: 40138a
    I: 40138d (flow 4011cb)
      Successors: 4011cb
  BB: 401486 in func 401140 with 1 insts
    I: 401486 (flow 401610)
      Successors: 401610
  BB: 40160b in func 401140 with 1 insts
    I: 40160b (flow 401416)
      Successors: 401416
  BB: 40148b in func 401140 with 18 insts
    I: 40148b
    I: 40148e
    I: 401491
    I: 401494 (imm 404024)
    I: 40149b
    I: 40149d (imm 404028)
    I: 4014a4
    I: 4014a6
    I: 4014a8
    I: 4014ab
    I: 4014ae
    I: 4014b1
    I: 4014b4
    I: 4014b7
    I: 4014ba
    I: 4014bd
    I: 4014bf
    I: 4014c1 (flow 4014cc)
      Successors: 4014cc, 4014c7
  BB: 401610 in func 401140 with 4 insts
    I: 401610
    I: 401613
    I: 401616
    I: 401619 (flow 40148b)
      Successors: 40148b
  BB: 401411 in func 401140 with 1 insts
    I: 401411 (flow 40160b)
      Successors: 40160b
  BB: 401392 in func 401140 with 1 insts
    I: 401392
      Successors: 401399
  BB: 401416 in func 401140 with 15 insts
    I: 401416 (imm 404024)
    I: 40141d
    I: 40141f (imm 404028)
    I: 401426
    I: 401428
    I: 40142a
    I: 40142d
    I: 401430
    I: 401433
    I: 401436
    I: 401439
    I: 40143c
    I: 40143f
    I: 401441
    I: 401443 (flow 40144e)
      Successors: 401449, 40144e
  BB: 40137f in func 401140 with 1 insts
    I: 40137f (flow 401384)
      Successors: 401384
  BB: 401219 in func 401140 with 1 insts
    I: 401219 (flow 4015f3)
      Successors: 4015f3
  BB: 401399 in func 401140 with 2 insts
    I: 401399
    I: 40139d (flow 4014d1)
      Successors: 4014d1, 4013a3
  BB: 40131b in func 401140 with 1 insts
    I: 40131b (flow 4015ff)
      Successors: 4015ff
  BB: 40161e in func 401140 with 4 insts
    I: 40161e (imm 40200a)
    I: 401628
    I: 40162a (flow 404038)
    I: 40162f (flow 40152d)
      Successors: 40152d
  BB: 40121e in func 401140 with 16 insts
    I: 40121e
    I: 401225 (imm 404024)
    I: 40122c
    I: 40122e (imm 404028)
    I: 401235
    I: 401237
    I: 401239
    I: 40123c
    I: 40123f
    I: 401242
    I: 401245
    I: 401248
    I: 40124b
    I: 40124e
    I: 401250
    I: 401252 (flow 40125d)
      Successors: 401258, 40125d
  BB: 401320 in func 401140 with 1 insts
    I: 401320 (flow 401325)
      Successors: 401325
  BB: 4013a3 in func 401140 with 1 insts
    I: 4013a3
      Successors: 4013aa
  BB: 401325 in func 401140 with 3 insts
    I: 401325
    I: 401328
    I: 40132b (flow 40136c)
      Successors: 401331, 40136c
  BB: 401528 in func 401140 with 1 insts
    I: 401528 (flow 40161e)
      Successors: 40161e
  BB: 4012a9 in func 401140 with 15 insts
    I: 4012a9 (imm 404024)
    I: 4012b0
    I: 4012b2 (imm 404028)
    I: 4012b9
    I: 4012bb
    I: 4012bd
    I: 4012c0
    I: 4012c3
    I: 4012c6
    I: 4012c9
    I: 4012cc
    I: 4012cf
    I: 4012d2
    I: 4012d4
    I: 4012d6 (flow 4012e1)
      Successors: 4012e1, 4012dc
  BB: 4013aa in func 401140 with 2 insts
    I: 4013aa
    I: 4013ae (flow 4013de)
      Successors: 4013b4, 4013de
  BB: 40152d in func 401140 with 18 insts
    I: 40152d (imm 40200a)
    I: 401537
    I: 401539 (flow 404038)
    I: 40153e (imm 404024)
    I: 401545
    I: 401547 (imm 404028)
    I: 40154e
    I: 401550
    I: 401552
    I: 401555
    I: 401558
    I: 40155b
    I: 40155e
    I: 401561
    I: 401564
    I: 401567
    I: 401569
    I: 40156b (flow 401576)
      Successors: 401571, 401576
  BB: 4015ae in func 401140 with 1 insts
    I: 4015ae (flow 401634)
      Successors: 401634
  BB: 4011b1 in func 401140 with 1 insts
    I: 4011b1 (flow 4011b6)
      Successors: 4011b6
  BB: 401331 in func 401140 with 16 insts
    I: 401331
    I: 401335
    I: 401339
    I: 40133d
    I: 401340
    I: 401344
    I: 401348
    I: 40134c
    I: 401350
    I: 401354
    I: 401357
    I: 40135b
    I: 40135e
    I: 401361
    I: 401364
    I: 401367 (flow 401325)
      Successors: 401325
  BB: 4015b3 in func 401140 with 15 insts
    I: 4015b3 (imm 404024)
    I: 4015ba
    I: 4015bc (imm 404028)
    I: 4015c3
    I: 4015c5
    I: 4015c7
    I: 4015ca
    I: 4015cd
    I: 4015d0
    I: 4015d3
    I: 4015d6
    I: 4015d9
    I: 4015dc
    I: 4015de
    I: 4015e0 (flow 4015eb)
      Successors: 4015eb, 4015e6
  BB: 4013b4 in func 401140 with 12 insts
    I: 4013b4
    I: 4013b7
    I: 4013bb
    I: 4013bf
    I: 4013c3
    I: 4013c6
    I: 4013ca
    I: 4013cd
    I: 4013d0
    I: 4013d3
    I: 4013d6
    I: 4013d9 (flow 4013aa)
      Successors: 4013aa
  BB: 401634 in func 401140 with 1 insts
    I: 401634 (flow 4015b3)
      Successors: 4015b3
  BB: 4011b6 in func 401140 with 4 insts
    I: 4011b6
    I: 4011b9
    I: 4011bc
    I: 4011bf (flow 40115d)
      Successors: 40115d
  BB: 401140 in func 401140 with 6 insts
    Referenced by data
    I: 401140
    I: 401141
    I: 401144
    I: 401148
    I: 40114f
    I: 401156
      Successors: 40115d
  BB: 4011c4 in func 401140 with 1 insts
    I: 4011c4
      Successors: 4011cb
  BB: 4014c7 in func 401140 with 1 insts
    I: 4014c7 (flow 401610)
      Successors: 401610
  BB: 401449 in func 401140 with 1 insts
    I: 401449 (flow 40160b)
      Successors: 40160b
  BB: 4011cb in func 401140 with 2 insts
    I: 4011cb
    I: 4011cf (flow 401392)
      Successors: 401392, 4011d5
  BB: 4014cc in func 401140 with 1 insts
    I: 4014cc (flow 401399)
      Successors: 401399
  BB: 40144e in func 401140 with 1 insts
    I: 40144e (flow 401453)
      Successors: 401453
  BB: 4014d1 in func 401140 with 3 insts
    I: 4014d1
    I: 4014d6
    I: 4014d9 (flow 4014f5)
      Successors: 4014f5, 4014df
  BB: 401453 in func 401140 with 15 insts
    I: 401453 (imm 404024)
    I: 40145a
    I: 40145c (imm 404028)
    I: 401463
    I: 401465
    I: 401467
    I: 40146a
    I: 40146d
    I: 401470
    I: 401473
    I: 401476
    I: 401479
    I: 40147c
    I: 40147e
    I: 401480 (flow 40148b)
      Successors: 40148b, 401486
  BB: 4011d5 in func 401140 with 1 insts
    I: 4011d5
      Successors: 4011dc
  BB: 401258 in func 401140 with 1 insts
    I: 401258 (flow 4015f3)
      Successors: 4015f3
  BB: 4011dc in func 401140 with 2 insts
    I: 4011dc
    I: 4011e0 (flow 40137f)
      Successors: 4011e6, 40137f
  BB: 40125d in func 401140 with 1 insts
    I: 40125d (flow 401262)
      Successors: 401262
  BB: 40115d in func 401140 with 2 insts
    I: 40115d
    I: 401161 (flow 4011c4)
      Successors: 4011c4, 401167
  BB: 4012dc in func 401140 with 1 insts
    I: 4012dc (flow 4015ff)
      Successors: 4015ff
  BB: 4013de in func 401140 with 15 insts
    I: 4013de (imm 404024)
    I: 4013e5
    I: 4013e7 (imm 404028)
    I: 4013ee
    I: 4013f0
    I: 4013f2
    I: 4013f5
    I: 4013f8
    I: 4013fb
    I: 4013fe
    I: 401401
    I: 401404
    I: 401407
    I: 401409
    I: 40140b (flow 401416)
      Successors: 401411, 401416
  BB: 4012e1 in func 401140 with 16 insts
    I: 4012e1
    I: 4012e8 (imm 404024)
    I: 4012ef
    I: 4012f1 (imm 404028)
    I: 4012f8
    I: 4012fa
    I: 4012fc
    I: 4012ff
    I: 401302
    I: 401305
    I: 401308
    I: 40130b
    I: 40130e
    I: 401311
    I: 401313
    I: 401315 (flow 401320)
      Successors: 401320, 40131b
  BB: 401262 in func 401140 with 3 insts
    I: 401262
    I: 401265
    I: 401268 (flow 4012a9)
      Successors: 4012a9, 40126e
  BB: 4014df in func 401140 with 4 insts
    I: 4014df (imm 402007)
    I: 4014e9
    I: 4014eb (flow 404038)
    I: 4014f0 (flow 40157b)
      Successors: 40157b
  BB: 4011e6 in func 401140 with 15 insts
    I: 4011e6 (imm 404024)
    I: 4011ed
    I: 4011ef (imm 404028)
    I: 4011f6
    I: 4011f8
    I: 4011fa
    I: 4011fd
    I: 401200
    I: 401203
    I: 401206
    I: 401209
    I: 40120c
    I: 40120f
    I: 401211
    I: 401213 (flow 40121e)
      Successors: 401219, 40121e
  BB: 401167 in func 401140 with 1 insts
    I: 401167
      Successors: 40116e
  BB: 4015e6 in func 401140 with 1 insts
    I: 4015e6 (flow 401634)
      Successors: 401634
  BB: 4015eb in func 401140 with 4 insts
    I: 4015eb
    I: 4015ed
    I: 4015f1
    I: 4015f2
      No successors
  BB: 40136c in func 401140 with 1 insts
    I: 40136c (flow 401371)
      Successors: 401371
  BB: 40116e in func 401140 with 2 insts
    I: 40116e
    I: 401172 (flow 4011b1)
      Successors: 401178, 4011b1
  BB: 40126e in func 401140 with 16 insts
    I: 40126e
    I: 401272
    I: 401276
    I: 40127a
    I: 40127d
    I: 401281
    I: 401285
    I: 401289
    I: 40128d
    I: 401291
    I: 401294
    I: 401298
    I: 40129b
    I: 40129e
    I: 4012a1
    I: 4012a4 (flow 401262)
      Successors: 401262
  BB: 401371 in func 401140 with 4 insts
    I: 401371
    I: 401374
    I: 401377
    I: 40137a (flow 4011dc)
      Successors: 4011dc
  BB: 401571 in func 401140 with 1 insts
    I: 401571 (flow 40161e)
      Successors: 40161e
  BB: 4015f3 in func 401140 with 2 insts
    I: 4015f3
    I: 4015fa (flow 40121e)
      Successors: 40121e
  BB: 4014f5 in func 401140 with 15 insts
    I: 4014f5 (imm 404024)
    I: 4014fc
    I: 4014fe (imm 404028)
    I: 401505
    I: 401507
    I: 401509
    I: 40150c
    I: 40150f
    I: 401512
    I: 401515
    I: 401518
    I: 40151b
    I: 40151e
    I: 401520
    I: 401522 (flow 40152d)
      Successors: 401528, 40152d
  BB: 401576 in func 401140 with 1 insts
    I: 401576 (flow 40157b)
      Successors: 40157b
  BB: 401178 in func 401140 with 14 insts
    I: 401178
    I: 40117c
    I: 401180
    I: 401184
    I: 401187
    I: 40118b
    I: 40118f
    I: 401192 (imm 402004)
    I: 40119c
    I: 40119e (flow 404040)
    I: 4011a3
    I: 4011a6
    I: 4011a9
    I: 4011ac (flow 40116e)
      Successors: 40116e
  BB: 40157b in func 401140 with 15 insts
    I: 40157b (imm 404024)
    I: 401582
    I: 401584 (imm 404028)
    I: 40158b
    I: 40158d
    I: 40158f
    I: 401592
    I: 401595
    I: 401598
    I: 40159b
    I: 40159e
    I: 4015a1
    I: 4015a4
    I: 4015a6
    I: 4015a8 (flow 4015b3)
      Successors: 4015b3, 4015ae
  BB: 4015ff in func 401140 with 2 insts
    I: 4015ff
    I: 401606 (flow 4012e1)
      Successors: 4012e1
Recovering .term_proc at 40163c
  Analysing subroutine .term_proc at 40163c
    Block head at 00401649 is not code.
  Subroutine .term_proc at 40163c has 1 blocks
  BB: 40163c in func 40163c with 4 insts
    I: 40163c
    I: 401640
    I: 401644
    I: 401648
      No successors
Global Variable None
WARNING: Global constructor and destructor sections are adjacent!
Recovering region LOAD [400000, 4004e8) in segment LOAD
  8-byte reference at 400018 to 401050 (start)
  8-byte reference at 4000f8 to 401000 (.init_proc)
  8-byte reference at 400130 to 402000 ()
  8-byte reference at 400168 to 403de8 ()
  8-byte reference at 400280 to 402010 ()
  8-byte reference at 4002f0 to 403de8 ()
Recovering region .init [401000, 40101b) in segment .init
Recovering region LOAD [40101b, 401020) in segment LOAD
Recovering region .plt [401020, 401050) in segment .plt
Recovering region .text [401050, 401639) in segment .text
Recovering region LOAD [401639, 40163c) in segment LOAD
Recovering region .fini [40163c, 401649) in segment .fini
Recovering region .rodata [402000, 40200d) in segment .rodata
  Variable format at 402007
  Variable a0 at 40200a
Recovering region LOAD [40200d, 402010) in segment LOAD
Recovering region .eh_frame_hdr [402010, 40203c) in segment .eh_frame_hdr
Recovering region LOAD [40203c, 402040) in segment LOAD
Recovering region .eh_frame [402040, 4020d0) in segment .eh_frame
Recovering region LOAD [4020d0, 402110) in segment LOAD
Recovering region .init_array [403de8, 403df8) in segment .init_array
  8-byte reference at 403de8 to 401130 ()
  8-byte reference at 403df0 to 401100 ()
Recovering region LOAD [403df8, 403fd8) in segment LOAD
Recovering region .got [403fd8, 403fe8) in segment .got
  8-byte reference at 403fd8 to 404030 (__libc_start_main)
  8-byte reference at 403fe0 to 404048 (__gmon_start__)
Recovering region .got.plt [403fe8, 404010) in segment .got.plt
  8-byte reference at 404000 to 404038 (printf)
  8-byte reference at 404008 to 404040 (__isoc99_scanf)
Recovering region .data [404010, 404020) in segment .data
Recovering region .bss [404020, 404030) in segment .bss
Recovering extern function printf at 401030
Recovering extern function __isoc99_scanf at 401040
Recovering extern function __libc_start_main at 404030
Recovering extern function printf at 404038
Recovering extern function __isoc99_scanf at 404040
Recovering extern function __gmon_start__ at 404048
Recovered 8 functions.
Saving to: /home/ubuntu/capstone_project/result/pipeline_20260629_141746/s188963353_bcf.cfg
Done analysis!
