Debugging is enabled.
Loading Standard Definitions file: /home/ubuntu/capstone_project/dependency/mcsema/mcsema/lib/python3/site-packages/mcsema_disass-3.1.3.8-py3.8.egg/mcsema_disass/defs/linux.txt
Using Batch mode.
Starting analysis
Recovering module s202037324_fla_instsub.elf
Found main at 401150
Looking for instructions in segment .init
  Default block heads for function 401000 with loose bounds [401000, 40101b)
    block [401000, 401014)
    block [401014, 401016)
    block [401016, 40101b)
    chunk [401000, 40101b)
Looking for instructions in segment .plt
  Default block heads for function 401020 with loose bounds [401020, 40102c)
    block [401020, 40102c)
    chunk [401020, 40102c)
  Default block heads for function 401030 with loose bounds [401030, 401036)
    block [401030, 401036)
    chunk [401030, 401036)
  Default block heads for function 401040 with loose bounds [401040, 401046)
    block [401040, 401046)
    chunk [401040, 401046)
  Default block heads for function 401050 with loose bounds [401050, 401056)
    block [401050, 401056)
    chunk [401050, 401056)
Looking for instructions in segment .text
  Default block heads for function 401060 with loose bounds [401060, 401086)
    block [401060, 401086)
    chunk [401060, 401086)
  Default block heads for function 4010a0 with loose bounds [4010a0, 4010c1)
    block [4010a0, 4010ad)
    block [4010ad, 4010b7)
    block [4010b7, 4010be)
    block [4010c0, 4010c1)
    chunk [4010a0, 4010c1)
  Default block heads for function 401110 with loose bounds [401110, 401131)
    block [401110, 40111d)
    block [40111d, 40112f)
    block [401130, 401131)
    chunk [401110, 401131)
  Default block heads for function 401140 with loose bounds [401140, 401146)
    block [401140, 401146)
    chunk [401140, 401146)
    chunk [4010d0, 401101)
  Default block heads for function 401150 with loose bounds [401150, 402091)
    block [401150, 401176)
    block [401176, 401187)
    block [401187, 40118c)
    block [40118c, 40119a)
    block [40119a, 40119f)
    block [40119f, 4011ad)
    block [4011ad, 4011b2)
    block [4011b2, 4011c0)
    block [4011c0, 4011c5)
    block [4011c5, 4011d3)
    block [4011d3, 4011d8)
    block [4011d8, 4011e6)
    block [4011e6, 4011eb)
    block [4011eb, 4011f9)
    block [4011f9, 4011fe)
    block [4011fe, 40120c)
    block [40120c, 401211)
    block [401211, 40121f)
    block [40121f, 401224)
    block [401224, 401232)
    block [401232, 401237)
    block [401237, 401245)
    block [401245, 40124a)
    block [40124a, 401258)
    block [401258, 40125d)
    block [40125d, 40126b)
    block [40126b, 401270)
    block [401270, 40127e)
    block [40127e, 401283)
    block [401283, 401291)
    block [401291, 401296)
    block [401296, 4012a4)
    block [4012a4, 4012a9)
    block [4012a9, 4012b7)
    block [4012b7, 4012bc)
    block [4012bc, 4012ca)
    block [4012ca, 4012cf)
    block [4012cf, 4012dd)
    block [4012dd, 4012e2)
    block [4012e2, 4012f0)
    block [4012f0, 4012f5)
    block [4012f5, 401303)
    block [401303, 401308)
    block [401308, 401316)
    block [401316, 40131b)
    block [40131b, 401329)
    block [401329, 40132e)
    block [40132e, 40133c)
    block [40133c, 401341)
    block [401341, 40134f)
    block [40134f, 401354)
    block [401354, 401362)
    block [401362, 401367)
    block [401367, 401375)
    block [401375, 40137a)
    block [40137a, 401388)
    block [401388, 40138d)
    block [40138d, 40139b)
    block [40139b, 4013a0)
    block [4013a0, 4013ae)
    block [4013ae, 4013b3)
    block [4013b3, 4013c1)
    block [4013c1, 4013c6)
    block [4013c6, 4013d4)
    block [4013d4, 4013d9)
    block [4013d9, 4013e7)
    block [4013e7, 4013ec)
    block [4013ec, 4013fa)
    block [4013fa, 4013ff)
    block [4013ff, 40140d)
    block [40140d, 401412)
    block [401412, 401420)
    block [401420, 401425)
    block [401425, 401433)
    block [401433, 401438)
    block [401438, 401446)
    block [401446, 40144b)
    block [40144b, 401459)
    block [401459, 40145e)
    block [40145e, 40146c)
    block [40146c, 401471)
    block [401471, 40147f)
    block [40147f, 401484)
    block [401484, 401492)
    block [401492, 401497)
    block [401497, 4014a5)
    block [4014a5, 4014aa)
    block [4014aa, 4014b8)
    block [4014b8, 4014bd)
    block [4014bd, 4014cb)
    block [4014cb, 4014d0)
    block [4014d0, 4014de)
    block [4014de, 4014e3)
    block [4014e3, 4014f1)
    block [4014f1, 4014f6)
    block [4014f6, 401504)
    block [401504, 401509)
    block [401509, 401517)
    block [401517, 40151c)
    block [40151c, 40152a)
    block [40152a, 40152f)
    block [40152f, 40153d)
    block [40153d, 401542)
    block [401542, 401550)
    block [401550, 401555)
    block [401555, 401563)
    block [401563, 401568)
    block [401568, 401576)
    block [401576, 40157b)
    block [40157b, 401589)
    block [401589, 40158e)
    block [40158e, 40159c)
    block [40159c, 4015a1)
    block [4015a1, 4015af)
    block [4015af, 4015b4)
    block [4015b4, 4015c2)
    block [4015c2, 4015c7)
    block [4015c7, 4015d5)
    block [4015d5, 4015da)
    block [4015da, 4015e8)
    block [4015e8, 4015ed)
    block [4015ed, 4015fb)
    block [4015fb, 401600)
    block [401600, 40160e)
    block [40160e, 401613)
    block [401613, 401621)
    block [401621, 401626)
    block [401626, 401634)
    block [401634, 401639)
    block [401639, 401647)
    block [401647, 40164c)
    block [40164c, 40165a)
    block [40165a, 40165f)
    block [40165f, 40166d)
    block [40166d, 401672)
    block [401672, 401680)
    block [401680, 401685)
    block [401685, 401693)
    block [401693, 401698)
    block [401698, 4016a6)
    block [4016a6, 4016ab)
    block [4016ab, 4016b9)
    block [4016b9, 4016be)
    block [4016be, 4016cc)
    block [4016cc, 4016d1)
    block [4016d1, 4016df)
    block [4016df, 4016e4)
    block [4016e4, 4016f2)
    block [4016f2, 4016f7)
    block [4016f7, 401705)
    block [401705, 40170a)
    block [40170a, 401718)
    block [401718, 40171d)
    block [40171d, 40172b)
    block [40172b, 401730)
    block [401730, 40173e)
    block [40173e, 401743)
    block [401743, 401751)
    block [401751, 401756)
    block [401756, 401764)
    block [401764, 401769)
    block [401769, 401777)
    block [401777, 40177c)
    block [40177c, 40178a)
    block [40178a, 40178f)
    block [40178f, 40179d)
    block [40179d, 4017a2)
    block [4017a2, 4017b0)
    block [4017b0, 4017b5)
    block [4017b5, 4017c3)
    block [4017c3, 4017c8)
    block [4017c8, 4017d6)
    block [4017d6, 4017db)
    block [4017db, 4017e9)
    block [4017e9, 4017ee)
    block [4017ee, 4017fc)
    block [4017fc, 401801)
    block [401801, 40180f)
    block [40180f, 401814)
    block [401814, 401822)
    block [401822, 401827)
    block [401827, 401835)
    block [401835, 40183a)
    block [40183a, 40183f)
    block [40183f, 401872)
    block [401872, 40188a)
    block [40188a, 4018a3)
    block [4018a3, 4018b6)
    block [4018b6, 4018cf)
    block [4018cf, 4018fb)
    block [4018fb, 40191a)
    block [40191a, 40192d)
    block [40192d, 401946)
    block [401946, 401979)
    block [401979, 40198c)
    block [40198c, 4019a5)
    block [4019a5, 4019c0)
    block [4019c0, 4019de)
    block [4019de, 4019f1)
    block [4019f1, 401a0f)
    block [401a0f, 401a22)
    block [401a22, 401a40)
    block [401a40, 401a53)
    block [401a53, 401a5f)
    block [401a5f, 401a6b)
    block [401a6b, 401a8a)
    block [401a8a, 401aa3)
    block [401aa3, 401abc)
    block [401abc, 401ad9)
    block [401ad9, 401af2)
    block [401af2, 401b0f)
    block [401b0f, 401b28)
    block [401b28, 401b45)
    block [401b45, 401b5e)
    block [401b5e, 401b7b)
    block [401b7b, 401b87)
    block [401b87, 401b93)
    block [401b93, 401b9f)
    block [401b9f, 401bab)
    block [401bab, 401bc9)
    block [401bc9, 401bdc)
    block [401bdc, 401bf5)
    block [401bf5, 401c10)
    block [401c10, 401c2e)
    block [401c2e, 401c41)
    block [401c41, 401c5f)
    block [401c5f, 401c72)
    block [401c72, 401c90)
    block [401c90, 401ca3)
    block [401ca3, 401caf)
    block [401caf, 401cbb)
    block [401cbb, 401cdc)
    block [401cdc, 401cf5)
    block [401cf5, 401d0e)
    block [401d0e, 401d2b)
    block [401d2b, 401d44)
    block [401d44, 401d61)
    block [401d61, 401d7a)
    block [401d7a, 401d97)
    block [401d97, 401db0)
    block [401db0, 401dcd)
    block [401dcd, 401dd9)
    block [401dd9, 401de5)
    block [401de5, 401df1)
    block [401df1, 401dfd)
    block [401dfd, 401e1b)
    block [401e1b, 401e2e)
    block [401e2e, 401e47)
    block [401e47, 401e62)
    block [401e62, 401e80)
    block [401e80, 401e93)
    block [401e93, 401eb1)
    block [401eb1, 401ec4)
    block [401ec4, 401ee2)
    block [401ee2, 401ef5)
    block [401ef5, 401f01)
    block [401f01, 401f0d)
    block [401f0d, 401f2c)
    block [401f2c, 401f45)
    block [401f45, 401f5e)
    block [401f5e, 401f7b)
    block [401f7b, 401f94)
    block [401f94, 401fb1)
    block [401fb1, 401fca)
    block [401fca, 401fe7)
    block [401fe7, 402000)
    block [402000, 40201d)
    block [40201d, 402029)
    block [402029, 402035)
    block [402035, 402041)
    block [402041, 40204d)
    block [40204d, 402059)
    block [402059, 402078)
    block [402078, 402084)
    block [402084, 40208c)
    block [40208c, 402091)
    chunk [401150, 402091)
Looking for instructions in segment .fini
  Default block heads for function 402094 with loose bounds [402094, 4020a1)
    block [402094, 4020a1)
    chunk [402094, 4020a1)
Looking for strings in segment .rodata [403000, 403010)
  Found string b'3\n' of length 3 at 403007, jumping to 40300a
  Found string b'1\n' of length 3 at 40300a, jumping to 40300d
  Found string b'2\n' of length 3 at 40300d, jumping to 403010
Looking for strings in segment .eh_frame_hdr [403010, 40303c)
Looking for strings in segment .eh_frame [403040, 4030d0)
Looking for strings in segment .init_array [404de8, 404df0)
Looking for strings in segment .fini_array [404df0, 404df8)
Looking for strings in segment .got [404fd8, 404fe8)
Looking for strings in segment .got.plt [404fe8, 405018)
Looking for strings in segment .data [405018, 405028)
Looking for strings in segment .bss [405028, 405030)
Looking for strings in segment extern [405030, 405058)
Looking for cross-references in segment .init [401000, 40101b)
Looking for cross-references in segment .plt [401020, 401060)
  Stopping scan at 40102c
Looking for cross-references in segment .text [401060, 402091)
  Stopping scan at 40108c
  Stopping scan at 40109c
  Stopping scan at ffffffffffffffff
  Stopping scan at 4010cc
  Stopping scan at 40110c
  Stopping scan at ffffffffffffffff
  Stopping scan at 40113c
  Stopping scan at 40114c
Looking for cross-references in segment .fini [402094, 4020a1)
Looking for cross-references in segment .rodata [403000, 403010)
  Stopping scan at 40300c
Looking for cross-references in segment .eh_frame_hdr [403010, 40303c)
  Stopping scan at 403038
Looking for cross-references in segment .eh_frame [403040, 4030d0)
  Stopping scan at 4030cc
Looking for cross-references in segment .init_array [404de8, 404df0)
  Adding qword reference from 404de8 to 401140
  Stopping scan at 404de8
Looking for cross-references in segment .fini_array [404df0, 404df8)
  Adding qword reference from 404df0 to 401110
  Stopping scan at 404df0
Looking for cross-references in segment .got [404fd8, 404fe8)
  Adding qword reference from 404fd8 to 405030
  Adding qword reference from 404fe0 to 405050
  Stopping scan at 404fe0
Looking for cross-references in segment .got.plt [404fe8, 405018)
  Adding qword reference from 405000 to 405038
  Adding qword reference from 405008 to 405040
  Adding qword reference from 405010 to 405048
  Stopping scan at 405010
Looking for cross-references in segment .data [405018, 405028)
  Stopping scan at 405024
Looking for cross-references in segment .bss [405028, 405030)
  Stopping scan at 40502c
Looking for cross-references in segment extern [405030, 405058)
  Stopping scan at 405054
Looking for thunks
  Found thunk for printf targeting 405038 at 401030
  Found thunk for memset targeting 405040 at 401040
  Found thunk for __isoc99_scanf targeting 405048 at 401050
Looking for external symbols
  Function at 401030 is the external function printf
  Function at 401040 is the external function memset
  Function at 401050 is the external function __isoc99_scanf
  Function at 405030 is the external function __libc_start_main
  Function at 405038 is the external function printf
  Function at 405040 is the external function memset
  Function at 405048 is the external function __isoc99_scanf
  Function at 405050 is the external function __gmon_start__
Looking for entrypoints
Recovering .init_proc at 401000
  Analysing subroutine .init_proc at 401000
    Block head at 0040101b is not code.
  Subroutine .init_proc at 401000 has 3 blocks
  BB: 401000 in func 401000 with 5 insts
    Referenced by data
    I: 401000
    I: 401004
    I: 401008 (mem 404fe0)
    I: 40100f
    I: 401012 (flow 401016)
      Successors: 401014, 401016
  BB: 401014 in func 401000 with 1 insts
    I: 401014
      Successors: 401016
  BB: 401016 in func 401000 with 2 insts
    I: 401016
    I: 40101a
      No successors
Recovering 401020
  Analysing subroutine sub_401020 at 401020
  WARNING: No table entries for indirect jump at 401026; Adding next_ea 40102c as successor.
  Subroutine sub_401020 at 401020 has 2 blocks
  WARNING: No table entries for indirect jump at 401026; Adding next_ea 40102c as successor.
  BB: 401020 in func 401020 with 2 insts
    I: 401020 (mem 404ff0)
    I: 401026 (mem 404ff8)
      Successors: 40102c
  BB: 40102c in func 401020 with 1 insts
    I: 40102c
      No successors
Recovering start at 401060
  Analysing subroutine start at 401060
  Subroutine start at 401060 has 3 blocks
  BB: 401060 in func 401060 with 13 insts
    Referenced by data
    I: 401060
    I: 401064
    I: 401066
    I: 401069
    I: 40106a
    I: 40106d
    I: 401071
    I: 401072
    I: 401073
    I: 401076
    I: 401078 (imm 401150)
    I: 40107f (mem 404fd8)
    I: 401085
      No successors
  BB: 401095 in func 401060 with 2 insts
    I: 401095
    I: 40109f
      No successors
  BB: 401086 in func 401060 with 3 insts
    I: 401086
    I: 401090
    I: 401094
      No successors
Recovering 4010a0
  Analysing subroutine sub_4010A0 at 4010a0
  WARNING: No table entries for indirect jump at 4010bc; Adding next_ea 4010be as successor.
  WARNING: No table entries for indirect jump at 4010fe; Adding next_ea 401100 as successor.
  Subroutine sub_4010A0 at 4010a0 has 11 blocks
  BB: 4010a0 in func 4010a0 with 3 insts
    I: 4010a0 (imm 405028)
    I: 4010a5 (imm 405028)
    I: 4010ab (flow 4010c0)
      Successors: 4010c0, 4010ad
  BB: 4010c0 in func 4010a0 with 1 insts
    I: 4010c0
      No successors
  BB: 4010c1 in func 4010a0 with 2 insts
    I: 4010c1
    I: 4010c5
      Successors: 4010d0
  BB: 401100 in func 4010a0 with 1 insts
    I: 401100
      No successors
  BB: 401101 in func 4010a0 with 2 insts
    I: 401101
    I: 401105
      No successors
  BB: 4010ad in func 4010a0 with 3 insts
    I: 4010ad
    I: 4010b2
    I: 4010b5 (flow 4010c0)
      Successors: 4010c0, 4010b7
  BB: 4010ef in func 4010a0 with 3 insts
    I: 4010ef
    I: 4010f4
    I: 4010f7 (flow 401100)
      Successors: 401100, 4010f9
  BB: 4010d0 in func 4010a0 with 8 insts
    I: 4010d0 (imm 405028)
    I: 4010d5 (imm 405028)
    I: 4010dc
    I: 4010df
    I: 4010e3
    I: 4010e7
    I: 4010ea
    I: 4010ed (flow 401100)
      Successors: 401100, 4010ef
  WARNING: No table entries for indirect jump at 4010bc; Adding next_ea 4010be as successor.
  BB: 4010b7 in func 4010a0 with 2 insts
    I: 4010b7 (imm 405028)
    I: 4010bc
      Successors: 4010be
  WARNING: No table entries for indirect jump at 4010fe; Adding next_ea 401100 as successor.
  BB: 4010f9 in func 4010a0 with 2 insts
    I: 4010f9 (imm 405028)
    I: 4010fe
      Successors: 401100
  BB: 4010be in func 4010a0 with 1 insts
    I: 4010be
      Successors: 4010c0
Recovering 401110
  Analysing subroutine sub_401110 at 401110
  Subroutine sub_401110 at 401110 has 5 blocks
  BB: 40112f in func 401110 with 1 insts
    I: 40112f
      Successors: 401130
  BB: 401110 in func 401110 with 3 insts
    Referenced by data
    I: 401110
    I: 401114 (mem 405028)
    I: 40111b (flow 401130)
      Successors: 401130, 40111d
  BB: 401131 in func 401110 with 2 insts
    I: 401131
    I: 401135
      No successors
  BB: 401130 in func 401110 with 1 insts
    I: 401130
      No successors
  BB: 40111d in func 401110 with 6 insts
    I: 40111d
    I: 40111e
    I: 401121 (flow 4010a0)
    I: 401126 (mem 405028)
    I: 40112d
    I: 40112e
      No successors
Recovering 401140
  Analysing subroutine sub_401140 at 401140
  WARNING: No table entries for indirect jump at 4010fe; Adding next_ea 401100 as successor.
  Subroutine sub_401140 at 401140 has 6 blocks
  BB: 401140 in func 401140 with 2 insts
    Referenced by data
    I: 401140
    I: 401144 (flow 4010d0)
      Successors: 4010d0
  BB: 401100 in func 401140 with 1 insts
    I: 401100
      No successors
  BB: 401146 in func 401140 with 1 insts
    I: 401146
      No successors
  BB: 4010ef in func 401140 with 3 insts
    I: 4010ef
    I: 4010f4
    I: 4010f7 (flow 401100)
      Successors: 401100, 4010f9
  BB: 4010d0 in func 401140 with 8 insts
    I: 4010d0 (imm 405028)
    I: 4010d5 (imm 405028)
    I: 4010dc
    I: 4010df
    I: 4010e3
    I: 4010e7
    I: 4010ea
    I: 4010ed (flow 401100)
      Successors: 401100, 4010ef
  WARNING: No table entries for indirect jump at 4010fe; Adding next_ea 401100 as successor.
  BB: 4010f9 in func 401140 with 2 insts
    I: 4010f9 (imm 405028)
    I: 4010fe
      Successors: 401100
Recovering main at 401150
  Analysing subroutine main at 401150
    Block head at 00402091 is not code.
  Subroutine main at 401150 has 276 blocks
  BB: 401600 in func 401150 with 3 insts
    I: 401600
    I: 401603
    I: 401608 (flow 401e1b)
      Successors: 401e1b, 40160e
  BB: 401801 in func 401150 with 3 insts
    I: 401801
    I: 401804
    I: 401809 (flow 401bab)
      Successors: 401bab, 40180f
  BB: 402000 in func 401150 with 5 insts
    I: 402000 (imm 403007)
    I: 40200a
    I: 40200c (flow 405038)
    I: 402011
    I: 402018 (flow 40208c)
      Successors: 40208c
  BB: 40120c in func 401150 with 1 insts
    I: 40120c (flow 401211)
      Successors: 401211
  BB: 40140d in func 401150 with 1 insts
    I: 40140d (flow 401412)
      Successors: 401412
  BB: 40160e in func 401150 with 1 insts
    I: 40160e (flow 401613)
      Successors: 401613
  BB: 40180f in func 401150 with 1 insts
    I: 40180f (flow 401814)
      Successors: 401814
  BB: 401a0f in func 401150 with 3 insts
    I: 401a0f
    I: 401a16
    I: 401a1d (flow 40208c)
      Successors: 40208c
  BB: 401211 in func 401150 with 3 insts
    I: 401211
    I: 401214
    I: 401219 (flow 4018fb)
      Successors: 4018fb, 40121f
  BB: 401412 in func 401150 with 3 insts
    I: 401412
    I: 401415
    I: 40141a (flow 401ef5)
      Successors: 401420, 401ef5
  BB: 401613 in func 401150 with 3 insts
    I: 401613
    I: 401616
    I: 40161b (flow 401abc)
      Successors: 401621, 401abc
  BB: 401814 in func 401150 with 3 insts
    I: 401814
    I: 401817
    I: 40181c (flow 401b45)
      Successors: 401822, 401b45
  BB: 401c10 in func 401150 with 7 insts
    I: 401c10
    I: 401c14
    I: 401c19
    I: 401c1e
    I: 401c23
    I: 401c26
    I: 401c29 (flow 40208c)
      Successors: 40208c
  BB: 401e1b in func 401150 with 3 insts
    I: 401e1b
    I: 401e22
    I: 401e29 (flow 40208c)
      Successors: 40208c
  BB: 40201d in func 401150 with 2 insts
    I: 40201d
    I: 402024 (flow 40208c)
      Successors: 40208c
  BB: 40121f in func 401150 with 1 insts
    I: 40121f (flow 401224)
      Successors: 401224
  BB: 401420 in func 401150 with 1 insts
    I: 401420 (flow 401425)
      Successors: 401425
  BB: 401621 in func 401150 with 1 insts
    I: 401621 (flow 401626)
      Successors: 401626
  BB: 401822 in func 401150 with 1 insts
    I: 401822 (flow 401827)
      Successors: 401827
  BB: 401a22 in func 401150 with 7 insts
    I: 401a22
    I: 401a26
    I: 401a2b
    I: 401a30
    I: 401a35
    I: 401a38
    I: 401a3b (flow 40208c)
      Successors: 40208c
  BB: 401224 in func 401150 with 3 insts
    I: 401224
    I: 401227
    I: 40122c (flow 401e62)
      Successors: 401232, 401e62
  BB: 401425 in func 401150 with 3 insts
    I: 401425
    I: 401428
    I: 40142d (flow 401fe7)
      Successors: 401433, 401fe7
  BB: 401626 in func 401150 with 3 insts
    I: 401626
    I: 401629
    I: 40162e (flow 401872)
      Successors: 401872, 401634
  BB: 401827 in func 401150 with 3 insts
    I: 401827
    I: 40182a
    I: 40182f (flow 401b0f)
      Successors: 401835, 401b0f
  BB: 402029 in func 401150 with 2 insts
    I: 402029
    I: 402030 (flow 40208c)
      Successors: 40208c
  BB: 401c2e in func 401150 with 3 insts
    I: 401c2e
    I: 401c35
    I: 401c3c (flow 40208c)
      Successors: 40208c
  BB: 401e2e in func 401150 with 6 insts
    I: 401e2e
    I: 401e33
    I: 401e38
    I: 401e3c
    I: 401e3f
    I: 401e42 (flow 40208c)
      Successors: 40208c
  BB: 401232 in func 401150 with 1 insts
    I: 401232 (flow 401237)
      Successors: 401237
  BB: 401433 in func 401150 with 1 insts
    I: 401433 (flow 401438)
      Successors: 401438
  BB: 401634 in func 401150 with 1 insts
    I: 401634 (flow 401639)
      Successors: 401639
  BB: 401835 in func 401150 with 1 insts
    I: 401835 (flow 40183a)
      Successors: 40183a
  BB: 402035 in func 401150 with 2 insts
    I: 402035
    I: 40203c (flow 40208c)
      Successors: 40208c
  BB: 401237 in func 401150 with 3 insts
    I: 401237
    I: 40123a
    I: 40123f (flow 401de5)
      Successors: 401de5, 401245
  BB: 401438 in func 401150 with 3 insts
    I: 401438
    I: 40143b
    I: 401440 (flow 401aa3)
      Successors: 401aa3, 401446
  BB: 401639 in func 401150 with 3 insts
    I: 401639
    I: 40163c
    I: 401641 (flow 4019de)
      Successors: 4019de, 401647
  BB: 40183a in func 401150 with 1 insts
    I: 40183a (flow 40208c)
      Successors: 40208c
  BB: 40183f in func 401150 with 12 insts
    I: 40183f
    I: 401843 (imm 403004)
    I: 40184d
    I: 40184f (flow 405048)
    I: 401854
    I: 401856
    I: 40185b
    I: 401860
    I: 401863
    I: 401866
    I: 401869
    I: 40186d (flow 40208c)
      Successors: 40208c
  BB: 401a40 in func 401150 with 3 insts
    I: 401a40
    I: 401a47
    I: 401a4e (flow 40208c)
      Successors: 40208c
  BB: 401c41 in func 401150 with 7 insts
    I: 401c41
    I: 401c45
    I: 401c4a
    I: 401c4f
    I: 401c54
    I: 401c57
    I: 401c5a (flow 40208c)
      Successors: 40208c
  BB: 402041 in func 401150 with 2 insts
    I: 402041
    I: 402048 (flow 40208c)
      Successors: 40208c
  BB: 401245 in func 401150 with 1 insts
    I: 401245 (flow 40124a)
      Successors: 40124a
  BB: 401446 in func 401150 with 1 insts
    I: 401446 (flow 40144b)
      Successors: 40144b
  BB: 401647 in func 401150 with 1 insts
    I: 401647 (flow 40164c)
      Successors: 40164c
  BB: 401e47 in func 401150 with 7 insts
    I: 401e47
    I: 401e4a
    I: 401e4f
    I: 401e54
    I: 401e57
    I: 401e5a
    I: 401e5d (flow 40208c)
      Successors: 40208c
  BB: 40124a in func 401150 with 3 insts
    I: 40124a
    I: 40124d
    I: 401252 (flow 401ad9)
      Successors: 401258, 401ad9
  BB: 40144b in func 401150 with 3 insts
    I: 40144b
    I: 40144e
    I: 401453 (flow 401dcd)
      Successors: 401459, 401dcd
  BB: 40164c in func 401150 with 3 insts
    I: 40164c
    I: 40164f
    I: 401654 (flow 401db0)
      Successors: 401db0, 40165a
  BB: 40204d in func 401150 with 2 insts
    I: 40204d
    I: 402054 (flow 40208c)
      Successors: 40208c
  BB: 401a53 in func 401150 with 2 insts
    I: 401a53
    I: 401a5a (flow 40208c)
      Successors: 40208c
  BB: 401258 in func 401150 with 1 insts
    I: 401258 (flow 40125d)
      Successors: 40125d
  BB: 401459 in func 401150 with 1 insts
    I: 401459 (flow 40145e)
      Successors: 40145e
  BB: 40165a in func 401150 with 1 insts
    I: 40165a (flow 40165f)
      Successors: 40165f
  BB: 402059 in func 401150 with 7 insts
    I: 402059
    I: 40205c
    I: 402061
    I: 402064
    I: 402069
    I: 40206c
    I: 402073 (flow 40208c)
      Successors: 40208c
  BB: 40125d in func 401150 with 3 insts
    I: 40125d
    I: 401260
    I: 401265 (flow 401b9f)
      Successors: 40126b, 401b9f
  BB: 40145e in func 401150 with 3 insts
    I: 40145e
    I: 401461
    I: 401466 (flow 401b28)
      Successors: 401b28, 40146c
  BB: 40165f in func 401150 with 3 insts
    I: 40165f
    I: 401662
    I: 401667 (flow 401fb1)
      Successors: 401fb1, 40166d
  BB: 401a5f in func 401150 with 2 insts
    I: 401a5f
    I: 401a66 (flow 40208c)
      Successors: 40208c
  BB: 401c5f in func 401150 with 3 insts
    I: 401c5f
    I: 401c66
    I: 401c6d (flow 40208c)
      Successors: 40208c
  BB: 401e62 in func 401150 with 7 insts
    I: 401e62
    I: 401e66
    I: 401e6b
    I: 401e70
    I: 401e75
    I: 401e78
    I: 401e7b (flow 40208c)
      Successors: 40208c
  BB: 40126b in func 401150 with 1 insts
    I: 40126b (flow 401270)
      Successors: 401270
  BB: 40146c in func 401150 with 1 insts
    I: 40146c (flow 401471)
      Successors: 401471
  BB: 40166d in func 401150 with 1 insts
    I: 40166d (flow 401672)
      Successors: 401672
  BB: 401a6b in func 401150 with 7 insts
    I: 401a6b
    I: 401a6e
    I: 401a73
    I: 401a76
    I: 401a7b
    I: 401a7e
    I: 401a85 (flow 40208c)
      Successors: 40208c
  BB: 401270 in func 401150 with 3 insts
    I: 401270
    I: 401273
    I: 401278 (flow 4019a5)
      Successors: 4019a5, 40127e
  BB: 401471 in func 401150 with 3 insts
    I: 401471
    I: 401474
    I: 401479 (flow 401a40)
      Successors: 401a40, 40147f
  BB: 401672 in func 401150 with 3 insts
    I: 401672
    I: 401675
    I: 40167a (flow 401d0e)
      Successors: 401680, 401d0e
  BB: 401872 in func 401150 with 6 insts
    I: 401872
    I: 401876
    I: 401879
    I: 401880
    I: 401882
    I: 401885 (flow 40208c)
      Successors: 40208c
  BB: 401c72 in func 401150 with 7 insts
    I: 401c72
    I: 401c76
    I: 401c7b
    I: 401c80
    I: 401c85
    I: 401c88
    I: 401c8b (flow 40208c)
      Successors: 40208c
  BB: 402078 in func 401150 with 2 insts
    I: 402078
    I: 40207f (flow 40208c)
      Successors: 40208c
  BB: 40127e in func 401150 with 1 insts
    I: 40127e (flow 401283)
      Successors: 401283
  BB: 40147f in func 401150 with 1 insts
    I: 40147f (flow 401484)
      Successors: 401484
  BB: 401680 in func 401150 with 1 insts
    I: 401680 (flow 401685)
      Successors: 401685
  BB: 401e80 in func 401150 with 3 insts
    I: 401e80
    I: 401e87
    I: 401e8e (flow 40208c)
      Successors: 40208c
  BB: 401283 in func 401150 with 3 insts
    I: 401283
    I: 401286
    I: 40128b (flow 4019f1)
      Successors: 401291, 4019f1
  BB: 401484 in func 401150 with 3 insts
    I: 401484
    I: 401487
    I: 40148c (flow 401f0d)
      Successors: 401492, 401f0d
  BB: 401685 in func 401150 with 3 insts
    I: 401685
    I: 401688
    I: 40168d (flow 401cf5)
      Successors: 401693, 401cf5
  BB: 402084 in func 401150 with 4 insts
    I: 402084
    I: 402086
    I: 40208a
    I: 40208b
      No successors
  BB: 40188a in func 401150 with 6 insts
    I: 40188a
    I: 40188f
    I: 401894
    I: 401898
    I: 40189b
    I: 40189e (flow 40208c)
      Successors: 40208c
  BB: 401a8a in func 401150 with 6 insts
    I: 401a8a
    I: 401a8f
    I: 401a94
    I: 401a98
    I: 401a9b
    I: 401a9e (flow 40208c)
      Successors: 40208c
  BB: 40208c in func 401150 with 1 insts
    I: 40208c (flow 401176)
      Successors: 401176
  BB: 401c90 in func 401150 with 3 insts
    I: 401c90
    I: 401c97
    I: 401c9e (flow 40208c)
      Successors: 40208c
  BB: 401291 in func 401150 with 1 insts
    I: 401291 (flow 401296)
      Successors: 401296
  BB: 401492 in func 401150 with 1 insts
    I: 401492 (flow 401497)
      Successors: 401497
  BB: 401693 in func 401150 with 1 insts
    I: 401693 (flow 401698)
      Successors: 401698
  BB: 401e93 in func 401150 with 7 insts
    I: 401e93
    I: 401e97
    I: 401e9c
    I: 401ea1
    I: 401ea6
    I: 401ea9
    I: 401eac (flow 40208c)
      Successors: 40208c
  BB: 401296 in func 401150 with 3 insts
    I: 401296
    I: 401299
    I: 40129e (flow 401f5e)
      Successors: 4012a4, 401f5e
  BB: 401497 in func 401150 with 3 insts
    I: 401497
    I: 40149a
    I: 40149f (flow 402029)
      Successors: 402029, 4014a5
  BB: 401698 in func 401150 with 3 insts
    I: 401698
    I: 40169b
    I: 4016a0 (flow 401ec4)
      Successors: 401ec4, 4016a6
  BB: 4018a3 in func 401150 with 3 insts
    I: 4018a3
    I: 4018aa
    I: 4018b1 (flow 40208c)
      Successors: 40208c
  BB: 4012a4 in func 401150 with 1 insts
    I: 4012a4 (flow 4012a9)
      Successors: 4012a9
  BB: 4014a5 in func 401150 with 1 insts
    I: 4014a5 (flow 4014aa)
      Successors: 4014aa
  BB: 4016a6 in func 401150 with 1 insts
    I: 4016a6 (flow 4016ab)
      Successors: 4016ab
  BB: 401aa3 in func 401150 with 6 insts
    I: 401aa3
    I: 401aa8
    I: 401aad
    I: 401ab1
    I: 401ab4
    I: 401ab7 (flow 40208c)
      Successors: 40208c
  BB: 401ca3 in func 401150 with 2 insts
    I: 401ca3
    I: 401caa (flow 40208c)
      Successors: 40208c
  BB: 4012a9 in func 401150 with 3 insts
    I: 4012a9
    I: 4012ac
    I: 4012b1 (flow 401cdc)
      Successors: 401cdc, 4012b7
  BB: 4014aa in func 401150 with 3 insts
    I: 4014aa
    I: 4014ad
    I: 4014b2 (flow 401a5f)
      Successors: 4014b8, 401a5f
  BB: 4016ab in func 401150 with 3 insts
    I: 4016ab
    I: 4016ae
    I: 4016b3 (flow 401dd9)
      Successors: 4016b9, 401dd9
  BB: 401caf in func 401150 with 2 insts
    I: 401caf
    I: 401cb6 (flow 40208c)
      Successors: 40208c
  BB: 401eb1 in func 401150 with 3 insts
    I: 401eb1
    I: 401eb8
    I: 401ebf (flow 40208c)
      Successors: 40208c
  BB: 4018b6 in func 401150 with 6 insts
    I: 4018b6
    I: 4018bb
    I: 4018c0
    I: 4018c4
    I: 4018c7
    I: 4018ca (flow 40208c)
      Successors: 40208c
  BB: 4012b7 in func 401150 with 1 insts
    I: 4012b7 (flow 4012bc)
      Successors: 4012bc
  BB: 4014b8 in func 401150 with 1 insts
    I: 4014b8 (flow 4014bd)
      Successors: 4014bd
  BB: 4016b9 in func 401150 with 1 insts
    I: 4016b9 (flow 4016be)
      Successors: 4016be
  BB: 401cbb in func 401150 with 11 insts
    I: 401cbb
    I: 401cbe
    I: 401cc0
    I: 401cc2
    I: 401cc4
    I: 401cc7
    I: 401cc9
    I: 401ccb
    I: 401ccd
    I: 401cd0
    I: 401cd7 (flow 40208c)
      Successors: 40208c
  BB: 4012bc in func 401150 with 3 insts
    I: 4012bc
    I: 4012bf
    I: 4012c4 (flow 401fca)
      Successors: 401fca, 4012ca
  BB: 4014bd in func 401150 with 3 insts
    I: 4014bd
    I: 4014c0
    I: 4014c5 (flow 402041)
      Successors: 402041, 4014cb
  BB: 4016be in func 401150 with 3 insts
    I: 4016be
    I: 4016c1
    I: 4016c6 (flow 40201d)
      Successors: 4016cc, 40201d
  BB: 401abc in func 401150 with 5 insts
    I: 401abc (imm 403007)
    I: 401ac6
    I: 401ac8 (flow 405038)
    I: 401acd
    I: 401ad4 (flow 40208c)
      Successors: 40208c
  BB: 401ec4 in func 401150 with 7 insts
    I: 401ec4
    I: 401ec8
    I: 401ecd
    I: 401ed2
    I: 401ed7
    I: 401eda
    I: 401edd (flow 40208c)
      Successors: 40208c
  BB: 4012ca in func 401150 with 1 insts
    I: 4012ca (flow 4012cf)
      Successors: 4012cf
  BB: 4014cb in func 401150 with 1 insts
    I: 4014cb (flow 4014d0)
      Successors: 4014d0
  BB: 4016cc in func 401150 with 1 insts
    I: 4016cc (flow 4016d1)
      Successors: 4016d1
  BB: 4012cf in func 401150 with 3 insts
    I: 4012cf
    I: 4012d2
    I: 4012d7 (flow 401f01)
      Successors: 401f01, 4012dd
  BB: 4014d0 in func 401150 with 3 insts
    I: 4014d0
    I: 4014d3
    I: 4014d8 (flow 401f94)
      Successors: 401f94, 4014de
  BB: 4016d1 in func 401150 with 3 insts
    I: 4016d1
    I: 4016d4
    I: 4016d9 (flow 402078)
      Successors: 402078, 4016df
  BB: 4018cf in func 401150 with 9 insts
    I: 4018cf
    I: 4018d3
    I: 4018d7
    I: 4018db
    I: 4018de (imm 403004)
    I: 4018e8
    I: 4018ea (flow 405048)
    I: 4018ef
    I: 4018f6 (flow 40208c)
      Successors: 40208c
  BB: 401ad9 in func 401150 with 6 insts
    I: 401ad9
    I: 401ade
    I: 401ae3
    I: 401ae7
    I: 401aea
    I: 401aed (flow 40208c)
      Successors: 40208c
  BB: 401cdc in func 401150 with 6 insts
    I: 401cdc
    I: 401ce1
    I: 401ce6
    I: 401cea
    I: 401ced
    I: 401cf0 (flow 40208c)
      Successors: 40208c
  BB: 4012dd in func 401150 with 1 insts
    I: 4012dd (flow 4012e2)
      Successors: 4012e2
  BB: 4014de in func 401150 with 1 insts
    I: 4014de (flow 4014e3)
      Successors: 4014e3
  BB: 4016df in func 401150 with 1 insts
    I: 4016df (flow 4016e4)
      Successors: 4016e4
  BB: 4012e2 in func 401150 with 3 insts
    I: 4012e2
    I: 4012e5
    I: 4012ea (flow 40198c)
      Successors: 4012f0, 40198c
  BB: 4014e3 in func 401150 with 3 insts
    I: 4014e3
    I: 4014e6
    I: 4014eb (flow 401c90)
      Successors: 401c90, 4014f1
  BB: 4016e4 in func 401150 with 3 insts
    I: 4016e4
    I: 4016e7
    I: 4016ec (flow 40188a)
      Successors: 4016f2, 40188a
  BB: 401ee2 in func 401150 with 3 insts
    I: 401ee2
    I: 401ee9
    I: 401ef0 (flow 40208c)
      Successors: 40208c
  BB: 4012f0 in func 401150 with 1 insts
    I: 4012f0 (flow 4012f5)
      Successors: 4012f5
  BB: 4014f1 in func 401150 with 1 insts
    I: 4014f1 (flow 4014f6)
      Successors: 4014f6
  BB: 4016f2 in func 401150 with 1 insts
    I: 4016f2 (flow 4016f7)
      Successors: 4016f7
  BB: 401af2 in func 401150 with 5 insts
    I: 401af2 (imm 40300a)
    I: 401afc
    I: 401afe (flow 405038)
    I: 401b03
    I: 401b0a (flow 40208c)
      Successors: 40208c
  BB: 4012f5 in func 401150 with 3 insts
    I: 4012f5
    I: 4012f8
    I: 4012fd (flow 402059)
      Successors: 402059, 401303
  BB: 4014f6 in func 401150 with 3 insts
    I: 4014f6
    I: 4014f9
    I: 4014fe (flow 401c2e)
      Successors: 401504, 401c2e
  BB: 4016f7 in func 401150 with 3 insts
    I: 4016f7
    I: 4016fa
    I: 4016ff (flow 401979)
      Successors: 401979, 401705
  BB: 401cf5 in func 401150 with 6 insts
    I: 401cf5
    I: 401cfa
    I: 401cff
    I: 401d03
    I: 401d06
    I: 401d09 (flow 40208c)
      Successors: 40208c
  BB: 401ef5 in func 401150 with 2 insts
    I: 401ef5
    I: 401efc (flow 40208c)
      Successors: 40208c
  BB: 4018fb in func 401150 with 7 insts
    I: 4018fb
    I: 4018fe
    I: 401903
    I: 401906
    I: 40190b
    I: 40190e
    I: 401915 (flow 40208c)
      Successors: 40208c
  BB: 401f01 in func 401150 with 2 insts
    I: 401f01
    I: 401f08 (flow 40208c)
      Successors: 40208c
  BB: 401303 in func 401150 with 1 insts
    I: 401303 (flow 401308)
      Successors: 401308
  BB: 401504 in func 401150 with 1 insts
    I: 401504 (flow 401509)
      Successors: 401509
  BB: 401705 in func 401150 with 1 insts
    I: 401705 (flow 40170a)
      Successors: 40170a
  BB: 401308 in func 401150 with 3 insts
    I: 401308
    I: 40130b
    I: 401310 (flow 401c41)
      Successors: 401c41, 401316
  BB: 401509 in func 401150 with 3 insts
    I: 401509
    I: 40150c
    I: 401511 (flow 4018a3)
      Successors: 4018a3, 401517
  BB: 40170a in func 401150 with 3 insts
    I: 40170a
    I: 40170d
    I: 401712 (flow 401d2b)
      Successors: 401718, 401d2b
  BB: 401f0d in func 401150 with 7 insts
    I: 401f0d
    I: 401f10
    I: 401f15
    I: 401f18
    I: 401f1d
    I: 401f20
    I: 401f27 (flow 40208c)
      Successors: 40208c
  BB: 401d0e in func 401150 with 5 insts
    I: 401d0e (imm 403007)
    I: 401d18
    I: 401d1a (flow 405038)
    I: 401d1f
    I: 401d26 (flow 40208c)
      Successors: 40208c
  BB: 401b0f in func 401150 with 6 insts
    I: 401b0f
    I: 401b14
    I: 401b19
    I: 401b1d
    I: 401b20
    I: 401b23 (flow 40208c)
      Successors: 40208c
  BB: 401316 in func 401150 with 1 insts
    I: 401316 (flow 40131b)
      Successors: 40131b
  BB: 401517 in func 401150 with 1 insts
    I: 401517 (flow 40151c)
      Successors: 40151c
  BB: 401718 in func 401150 with 1 insts
    I: 401718 (flow 40171d)
      Successors: 40171d
  BB: 40191a in func 401150 with 3 insts
    I: 40191a
    I: 401921
    I: 401928 (flow 40208c)
      Successors: 40208c
  BB: 40131b in func 401150 with 3 insts
    I: 40131b
    I: 40131e
    I: 401323 (flow 401bc9)
      Successors: 401329, 401bc9
  BB: 40151c in func 401150 with 3 insts
    I: 40151c
    I: 40151f
    I: 401524 (flow 401e2e)
      Successors: 40152a, 401e2e
  BB: 40171d in func 401150 with 3 insts
    I: 40171d
    I: 401720
    I: 401725 (flow 4018b6)
      Successors: 40172b, 4018b6
  BB: 401b28 in func 401150 with 5 insts
    I: 401b28 (imm 40300d)
    I: 401b32
    I: 401b34 (flow 405038)
    I: 401b39
    I: 401b40 (flow 40208c)
      Successors: 40208c
  BB: 401329 in func 401150 with 1 insts
    I: 401329 (flow 40132e)
      Successors: 40132e
  BB: 40152a in func 401150 with 1 insts
    I: 40152a (flow 40152f)
      Successors: 40152f
  BB: 40172b in func 401150 with 1 insts
    I: 40172b (flow 401730)
      Successors: 401730
  BB: 401d2b in func 401150 with 6 insts
    I: 401d2b
    I: 401d30
    I: 401d35
    I: 401d39
    I: 401d3c
    I: 401d3f (flow 40208c)
      Successors: 40208c
  BB: 40192d in func 401150 with 6 insts
    I: 40192d
    I: 401932
    I: 401937
    I: 40193b
    I: 40193e
    I: 401941 (flow 40208c)
      Successors: 40208c
  BB: 40132e in func 401150 with 3 insts
    I: 40132e
    I: 401331
    I: 401336 (flow 40192d)
      Successors: 40133c, 40192d
  BB: 40152f in func 401150 with 3 insts
    I: 40152f
    I: 401532
    I: 401537 (flow 401b93)
      Successors: 401b93, 40153d
  BB: 401730 in func 401150 with 3 insts
    I: 401730
    I: 401733
    I: 401738 (flow 401f7b)
      Successors: 401f7b, 40173e
  BB: 401f2c in func 401150 with 6 insts
    I: 401f2c
    I: 401f31
    I: 401f36
    I: 401f3a
    I: 401f3d
    I: 401f40 (flow 40208c)
      Successors: 40208c
  BB: 40133c in func 401150 with 1 insts
    I: 40133c (flow 401341)
      Successors: 401341
  BB: 40153d in func 401150 with 1 insts
    I: 40153d (flow 401542)
      Successors: 401542
  BB: 40173e in func 401150 with 1 insts
    I: 40173e (flow 401743)
      Successors: 401743
  BB: 401341 in func 401150 with 3 insts
    I: 401341
    I: 401344
    I: 401349 (flow 401ca3)
      Successors: 401ca3, 40134f
  BB: 401542 in func 401150 with 3 insts
    I: 401542
    I: 401545
    I: 40154a (flow 401a6b)
      Successors: 401550, 401a6b
  BB: 401743 in func 401150 with 3 insts
    I: 401743
    I: 401746
    I: 40174b (flow 401af2)
      Successors: 401751, 401af2
  BB: 401d44 in func 401150 with 5 insts
    I: 401d44 (imm 40300a)
    I: 401d4e
    I: 401d50 (flow 405038)
    I: 401d55
    I: 401d5c (flow 40208c)
      Successors: 40208c
  BB: 401b45 in func 401150 with 6 insts
    I: 401b45
    I: 401b4a
    I: 401b4f
    I: 401b53
    I: 401b56
    I: 401b59 (flow 40208c)
      Successors: 40208c
  BB: 401946 in func 401150 with 10 insts
    I: 401946
    I: 40194d
    I: 401954
    I: 40195b
    I: 40195f
    I: 401964
    I: 401969
    I: 40196e
    I: 401971
    I: 401974 (flow 40208c)
      Successors: 40208c
  BB: 401f45 in func 401150 with 6 insts
    I: 401f45
    I: 401f4a
    I: 401f4f
    I: 401f53
    I: 401f56
    I: 401f59 (flow 40208c)
      Successors: 40208c
  BB: 40134f in func 401150 with 1 insts
    I: 40134f (flow 401354)
      Successors: 401354
  BB: 401150 in func 401150 with 9 insts
    Referenced by data
    I: 401150
    I: 401151
    I: 401154
    I: 401158
    I: 40115f
    I: 401163
    I: 401165
    I: 40116a (flow 405040)
    I: 40116f
      Successors: 401176
  BB: 401550 in func 401150 with 1 insts
    I: 401550 (flow 401555)
      Successors: 401555
  BB: 401751 in func 401150 with 1 insts
    I: 401751 (flow 401756)
      Successors: 401756
  BB: 401354 in func 401150 with 3 insts
    I: 401354
    I: 401357
    I: 40135c (flow 401946)
      Successors: 401362, 401946
  BB: 401555 in func 401150 with 3 insts
    I: 401555
    I: 401558
    I: 40155d (flow 401caf)
      Successors: 401563, 401caf
  BB: 401756 in func 401150 with 3 insts
    I: 401756
    I: 401759
    I: 40175e (flow 401a0f)
      Successors: 401764, 401a0f
  BB: 401b5e in func 401150 with 5 insts
    I: 401b5e (imm 403007)
    I: 401b68
    I: 401b6a (flow 405038)
    I: 401b6f
    I: 401b76 (flow 40208c)
      Successors: 40208c
  BB: 401f5e in func 401150 with 5 insts
    I: 401f5e (imm 403007)
    I: 401f68
    I: 401f6a (flow 405038)
    I: 401f6f
    I: 401f76 (flow 40208c)
      Successors: 40208c
  BB: 401d61 in func 401150 with 6 insts
    I: 401d61
    I: 401d66
    I: 401d6b
    I: 401d6f
    I: 401d72
    I: 401d75 (flow 40208c)
      Successors: 40208c
  BB: 401362 in func 401150 with 1 insts
    I: 401362 (flow 401367)
      Successors: 401367
  BB: 401563 in func 401150 with 1 insts
    I: 401563 (flow 401568)
      Successors: 401568
  BB: 401764 in func 401150 with 1 insts
    I: 401764 (flow 401769)
      Successors: 401769
  BB: 401367 in func 401150 with 3 insts
    I: 401367
    I: 40136a
    I: 40136f (flow 402084)
      Successors: 402084, 401375
  BB: 401568 in func 401150 with 3 insts
    I: 401568
    I: 40156b
    I: 401570 (flow 401b7b)
      Successors: 401b7b, 401576
  BB: 401769 in func 401150 with 3 insts
    I: 401769
    I: 40176c
    I: 401771 (flow 4018cf)
      Successors: 4018cf, 401777
  BB: 401375 in func 401150 with 1 insts
    I: 401375 (flow 40137a)
      Successors: 40137a
  BB: 401176 in func 401150 with 4 insts
    I: 401176
    I: 401179
    I: 40117c
    I: 401181 (flow 401eb1)
      Successors: 401eb1, 401187
  BB: 401576 in func 401150 with 1 insts
    I: 401576 (flow 40157b)
      Successors: 40157b
  BB: 401777 in func 401150 with 1 insts
    I: 401777 (flow 40177c)
      Successors: 40177c
  BB: 401979 in func 401150 with 3 insts
    I: 401979
    I: 401980
    I: 401987 (flow 40208c)
      Successors: 40208c
  BB: 40137a in func 401150 with 3 insts
    I: 40137a
    I: 40137d
    I: 401382 (flow 401cbb)
      Successors: 401388, 401cbb
  BB: 40157b in func 401150 with 3 insts
    I: 40157b
    I: 40157e
    I: 401583 (flow 401d97)
      Successors: 401589, 401d97
  BB: 40177c in func 401150 with 3 insts
    I: 40177c
    I: 40177f
    I: 401784 (flow 401a8a)
      Successors: 40178a, 401a8a
  BB: 401b7b in func 401150 with 2 insts
    I: 401b7b
    I: 401b82 (flow 40208c)
      Successors: 40208c
  BB: 401d7a in func 401150 with 5 insts
    I: 401d7a (imm 40300d)
    I: 401d84
    I: 401d86 (flow 405038)
    I: 401d8b
    I: 401d92 (flow 40208c)
      Successors: 40208c
  BB: 401f7b in func 401150 with 6 insts
    I: 401f7b
    I: 401f80
    I: 401f85
    I: 401f89
    I: 401f8c
    I: 401f8f (flow 40208c)
      Successors: 40208c
  BB: 401187 in func 401150 with 1 insts
    I: 401187 (flow 40118c)
      Successors: 40118c
  BB: 401388 in func 401150 with 1 insts
    I: 401388 (flow 40138d)
      Successors: 40138d
  BB: 401589 in func 401150 with 1 insts
    I: 401589 (flow 40158e)
      Successors: 40158e
  BB: 40178a in func 401150 with 1 insts
    I: 40178a (flow 40178f)
      Successors: 40178f
  BB: 401b87 in func 401150 with 2 insts
    I: 401b87
    I: 401b8e (flow 40208c)
      Successors: 40208c
  BB: 40118c in func 401150 with 3 insts
    I: 40118c
    I: 40118f
    I: 401194 (flow 401b5e)
      Successors: 40119a, 401b5e
  BB: 40138d in func 401150 with 3 insts
    I: 40138d
    I: 401390
    I: 401395 (flow 401d61)
      Successors: 401d61, 40139b
  BB: 40158e in func 401150 with 3 insts
    I: 40158e
    I: 401591
    I: 401596 (flow 401e80)
      Successors: 401e80, 40159c
  BB: 40178f in func 401150 with 3 insts
    I: 40178f
    I: 401792
    I: 401797 (flow 401c5f)
      Successors: 40179d, 401c5f
  BB: 40198c in func 401150 with 6 insts
    I: 40198c
    I: 401991
    I: 401996
    I: 40199a
    I: 40199d
    I: 4019a0 (flow 40208c)
      Successors: 40208c
  BB: 401b93 in func 401150 with 2 insts
    I: 401b93
    I: 401b9a (flow 40208c)
      Successors: 40208c
  BB: 401f94 in func 401150 with 5 insts
    I: 401f94 (imm 40300a)
    I: 401f9e
    I: 401fa0 (flow 405038)
    I: 401fa5
    I: 401fac (flow 40208c)
      Successors: 40208c
  BB: 401d97 in func 401150 with 6 insts
    I: 401d97
    I: 401d9c
    I: 401da1
    I: 401da5
    I: 401da8
    I: 401dab (flow 40208c)
      Successors: 40208c
  BB: 40119a in func 401150 with 1 insts
    I: 40119a (flow 40119f)
      Successors: 40119f
  BB: 40139b in func 401150 with 1 insts
    I: 40139b (flow 4013a0)
      Successors: 4013a0
  BB: 40159c in func 401150 with 1 insts
    I: 40159c (flow 4015a1)
      Successors: 4015a1
  BB: 40179d in func 401150 with 1 insts
    I: 40179d (flow 4017a2)
      Successors: 4017a2
  BB: 40119f in func 401150 with 3 insts
    I: 40119f
    I: 4011a2
    I: 4011a7 (flow 40204d)
      Successors: 40204d, 4011ad
  BB: 4013a0 in func 401150 with 3 insts
    I: 4013a0
    I: 4013a3
    I: 4013a8 (flow 40183f)
      Successors: 4013ae, 40183f
  BB: 4015a1 in func 401150 with 3 insts
    I: 4015a1
    I: 4015a4
    I: 4015a9 (flow 401b87)
      Successors: 401b87, 4015af
  BB: 4017a2 in func 401150 with 3 insts
    I: 4017a2
    I: 4017a5
    I: 4017aa (flow 401dfd)
      Successors: 4017b0, 401dfd
  BB: 401b9f in func 401150 with 2 insts
    I: 401b9f
    I: 401ba6 (flow 40208c)
      Successors: 40208c
  BB: 4019a5 in func 401150 with 7 insts
    I: 4019a5
    I: 4019a8
    I: 4019ad
    I: 4019b2
    I: 4019b5
    I: 4019b8
    I: 4019bb (flow 40208c)
      Successors: 40208c
  BB: 401bab in func 401150 with 7 insts
    I: 401bab
    I: 401baf
    I: 401bb4
    I: 401bb9
    I: 401bbe
    I: 401bc1
    I: 401bc4 (flow 40208c)
      Successors: 40208c
  BB: 4011ad in func 401150 with 1 insts
    I: 4011ad (flow 4011b2)
      Successors: 4011b2
  BB: 4013ae in func 401150 with 1 insts
    I: 4013ae (flow 4013b3)
      Successors: 4013b3
  BB: 4015af in func 401150 with 1 insts
    I: 4015af (flow 4015b4)
      Successors: 4015b4
  BB: 4017b0 in func 401150 with 1 insts
    I: 4017b0 (flow 4017b5)
      Successors: 4017b5
  BB: 401db0 in func 401150 with 5 insts
    I: 401db0 (imm 403007)
    I: 401dba
    I: 401dbc (flow 405038)
    I: 401dc1
    I: 401dc8 (flow 40208c)
      Successors: 40208c
  BB: 4011b2 in func 401150 with 3 insts
    I: 4011b2
    I: 4011b5
    I: 4011ba (flow 401bf5)
      Successors: 4011c0, 401bf5
  BB: 4013b3 in func 401150 with 3 insts
    I: 4013b3
    I: 4013b6
    I: 4013bb (flow 401ee2)
      Successors: 4013c1, 401ee2
  BB: 4015b4 in func 401150 with 3 insts
    I: 4015b4
    I: 4015b7
    I: 4015bc (flow 401df1)
      Successors: 401df1, 4015c2
  BB: 4017b5 in func 401150 with 3 insts
    I: 4017b5
    I: 4017b8
    I: 4017bd (flow 401e47)
      Successors: 4017c3, 401e47
  BB: 401fb1 in func 401150 with 6 insts
    I: 401fb1
    I: 401fb6
    I: 401fbb
    I: 401fbf
    I: 401fc2
    I: 401fc5 (flow 40208c)
      Successors: 40208c
  BB: 4011c0 in func 401150 with 1 insts
    I: 4011c0 (flow 4011c5)
      Successors: 4011c5
  BB: 4013c1 in func 401150 with 1 insts
    I: 4013c1 (flow 4013c6)
      Successors: 4013c6
  BB: 4015c2 in func 401150 with 1 insts
    I: 4015c2 (flow 4015c7)
      Successors: 4015c7
  BB: 4017c3 in func 401150 with 1 insts
    I: 4017c3 (flow 4017c8)
      Successors: 4017c8
  BB: 4019c0 in func 401150 with 7 insts
    I: 4019c0
    I: 4019c4
    I: 4019c9
    I: 4019ce
    I: 4019d3
    I: 4019d6
    I: 4019d9 (flow 40208c)
      Successors: 40208c
  BB: 4011c5 in func 401150 with 3 insts
    I: 4011c5
    I: 4011c8
    I: 4011cd (flow 401f2c)
      Successors: 4011d3, 401f2c
  BB: 4013c6 in func 401150 with 3 insts
    I: 4013c6
    I: 4013c9
    I: 4013ce (flow 4019c0)
      Successors: 4019c0, 4013d4
  BB: 4015c7 in func 401150 with 3 insts
    I: 4015c7
    I: 4015ca
    I: 4015cf (flow 401a53)
      Successors: 401a53, 4015d5
  BB: 4017c8 in func 401150 with 3 insts
    I: 4017c8
    I: 4017cb
    I: 4017d0 (flow 402035)
      Successors: 402035, 4017d6
  BB: 401bc9 in func 401150 with 3 insts
    I: 401bc9
    I: 401bd0
    I: 401bd7 (flow 40208c)
      Successors: 40208c
  BB: 401fca in func 401150 with 5 insts
    I: 401fca (imm 40300d)
    I: 401fd4
    I: 401fd6 (flow 405038)
    I: 401fdb
    I: 401fe2 (flow 40208c)
      Successors: 40208c
  BB: 401dcd in func 401150 with 2 insts
    I: 401dcd
    I: 401dd4 (flow 40208c)
      Successors: 40208c
  BB: 4011d3 in func 401150 with 1 insts
    I: 4011d3 (flow 4011d8)
      Successors: 4011d8
  BB: 4013d4 in func 401150 with 1 insts
    I: 4013d4 (flow 4013d9)
      Successors: 4013d9
  BB: 4015d5 in func 401150 with 1 insts
    I: 4015d5 (flow 4015da)
      Successors: 4015da
  BB: 4017d6 in func 401150 with 1 insts
    I: 4017d6 (flow 4017db)
      Successors: 4017db
  BB: 4011d8 in func 401150 with 3 insts
    I: 4011d8
    I: 4011db
    I: 4011e0 (flow 401bdc)
      Successors: 401bdc, 4011e6
  BB: 4013d9 in func 401150 with 3 insts
    I: 4013d9
    I: 4013dc
    I: 4013e1 (flow 401d7a)
      Successors: 401d7a, 4013e7
  BB: 4015da in func 401150 with 3 insts
    I: 4015da
    I: 4015dd
    I: 4015e2 (flow 401f45)
      Successors: 4015e8, 401f45
  BB: 4017db in func 401150 with 3 insts
    I: 4017db
    I: 4017de
    I: 4017e3 (flow 401c10)
      Successors: 401c10, 4017e9
  BB: 401bdc in func 401150 with 6 insts
    I: 401bdc
    I: 401be1
    I: 401be6
    I: 401bea
    I: 401bed
    I: 401bf0 (flow 40208c)
      Successors: 40208c
  BB: 401dd9 in func 401150 with 2 insts
    I: 401dd9
    I: 401de0 (flow 40208c)
      Successors: 40208c
  BB: 4019de in func 401150 with 3 insts
    I: 4019de
    I: 4019e5
    I: 4019ec (flow 40208c)
      Successors: 40208c
  BB: 401de5 in func 401150 with 2 insts
    I: 401de5
    I: 401dec (flow 40208c)
      Successors: 40208c
  BB: 4011e6 in func 401150 with 1 insts
    I: 4011e6 (flow 4011eb)
      Successors: 4011eb
  BB: 4013e7 in func 401150 with 1 insts
    I: 4013e7 (flow 4013ec)
      Successors: 4013ec
  BB: 4015e8 in func 401150 with 1 insts
    I: 4015e8 (flow 4015ed)
      Successors: 4015ed
  BB: 4017e9 in func 401150 with 1 insts
    I: 4017e9 (flow 4017ee)
      Successors: 4017ee
  BB: 401fe7 in func 401150 with 6 insts
    I: 401fe7
    I: 401fec
    I: 401ff1
    I: 401ff5
    I: 401ff8
    I: 401ffb (flow 40208c)
      Successors: 40208c
  BB: 4011eb in func 401150 with 3 insts
    I: 4011eb
    I: 4011ee
    I: 4011f3 (flow 40191a)
      Successors: 4011f9, 40191a
  BB: 4013ec in func 401150 with 3 insts
    I: 4013ec
    I: 4013ef
    I: 4013f4 (flow 401c72)
      Successors: 4013fa, 401c72
  BB: 4015ed in func 401150 with 3 insts
    I: 4015ed
    I: 4015f0
    I: 4015f5 (flow 401e93)
      Successors: 4015fb, 401e93
  BB: 4017ee in func 401150 with 3 insts
    I: 4017ee
    I: 4017f1
    I: 4017f6 (flow 401a22)
      Successors: 401a22, 4017fc
  BB: 4019f1 in func 401150 with 7 insts
    I: 4019f1
    I: 4019f5
    I: 4019fa
    I: 4019ff
    I: 401a04
    I: 401a07
    I: 401a0a (flow 40208c)
      Successors: 40208c
  BB: 401df1 in func 401150 with 2 insts
    I: 401df1
    I: 401df8 (flow 40208c)
      Successors: 40208c
  BB: 401bf5 in func 401150 with 7 insts
    I: 401bf5
    I: 401bf8
    I: 401bfd
    I: 401c02
    I: 401c05
    I: 401c08
    I: 401c0b (flow 40208c)
      Successors: 40208c
  BB: 4011f9 in func 401150 with 1 insts
    I: 4011f9 (flow 4011fe)
      Successors: 4011fe
  BB: 4013fa in func 401150 with 1 insts
    I: 4013fa (flow 4013ff)
      Successors: 4013ff
  BB: 4015fb in func 401150 with 1 insts
    I: 4015fb (flow 401600)
      Successors: 401600
  BB: 4017fc in func 401150 with 1 insts
    I: 4017fc (flow 401801)
      Successors: 401801
  BB: 401dfd in func 401150 with 7 insts
    I: 401dfd
    I: 401e01
    I: 401e06
    I: 401e0b
    I: 401e10
    I: 401e13
    I: 401e16 (flow 40208c)
      Successors: 40208c
  BB: 4011fe in func 401150 with 3 insts
    I: 4011fe
    I: 401201
    I: 401206 (flow 401d44)
      Successors: 40120c, 401d44
  BB: 4013ff in func 401150 with 3 insts
    I: 4013ff
    I: 401402
    I: 401407 (flow 402000)
      Successors: 402000, 40140d
Recovering .term_proc at 402094
  Analysing subroutine .term_proc at 402094
    Block head at 004020a1 is not code.
  Subroutine .term_proc at 402094 has 1 blocks
  BB: 402094 in func 402094 with 4 insts
    I: 402094
    I: 402098
    I: 40209c
    I: 4020a0
      No successors
Global Variable None
WARNING: Global constructor and destructor sections are adjacent!
Recovering region LOAD [400000, 400520) in segment LOAD
  8-byte reference at 400018 to 401060 (start)
  8-byte reference at 4000f8 to 401000 (.init_proc)
  8-byte reference at 400130 to 403000 ()
  8-byte reference at 400168 to 404de8 ()
  8-byte reference at 400280 to 403010 ()
  8-byte reference at 4002f0 to 404de8 ()
Recovering region .init [401000, 40101b) in segment .init
Recovering region LOAD [40101b, 401020) in segment LOAD
Recovering region .plt [401020, 401060) in segment .plt
Recovering region .text [401060, 402091) in segment .text
Recovering region LOAD [402091, 402094) in segment LOAD
Recovering region .fini [402094, 4020a1) in segment .fini
Recovering region .rodata [403000, 403010) in segment .rodata
  Variable format at 403007
  Variable a1 at 40300a
  Variable a2 at 40300d
Recovering region .eh_frame_hdr [403010, 40303c) in segment .eh_frame_hdr
Recovering region LOAD [40303c, 403040) in segment LOAD
Recovering region .eh_frame [403040, 4030d0) in segment .eh_frame
Recovering region LOAD [4030d0, 403110) in segment LOAD
Recovering region .init_array [404de8, 404df8) in segment .init_array
  8-byte reference at 404de8 to 401140 ()
  8-byte reference at 404df0 to 401110 ()
Recovering region LOAD [404df8, 404fd8) in segment LOAD
Recovering region .got [404fd8, 404fe8) in segment .got
  8-byte reference at 404fd8 to 405030 (__libc_start_main)
  8-byte reference at 404fe0 to 405050 (__gmon_start__)
Recovering region .got.plt [404fe8, 405018) in segment .got.plt
  8-byte reference at 405000 to 405038 (printf)
  8-byte reference at 405008 to 405040 (memset)
  8-byte reference at 405010 to 405048 (__isoc99_scanf)
Recovering region .data [405018, 405028) in segment .data
Recovering region .bss [405028, 405030) in segment .bss
Recovering extern function printf at 401030
Recovering extern function memset at 401040
Recovering extern function __isoc99_scanf at 401050
Recovering extern function __libc_start_main at 405030
Recovering extern function printf at 405038
Recovering extern function memset at 405040
Recovering extern function __isoc99_scanf at 405048
Recovering extern function __gmon_start__ at 405050
Recovered 8 functions.
Saving to: /home/ubuntu/capstone_project/result/pipeline_20260629_141746/s202037324_fla_instsub.cfg
Done analysis!
