Debugging is enabled.
Loading Standard Definitions file: /home/ubuntu/capstone_project/dependency/mcsema/mcsema/lib/python3/site-packages/mcsema_disass-3.1.3.8-py3.8.egg/mcsema_disass/defs/linux.txt
Using Batch mode.
Starting analysis
Recovering module s202037324_bcf.elf
Found main at 401150
Looking for instructions in segment .init
  Default block heads for function 401000 with loose bounds [401000, 40101b)
    block [401000, 401014)
    block [401014, 401016)
    block [401016, 40101b)
    chunk [401000, 40101b)
Looking for instructions in segment .plt
  Default block heads for function 401020 with loose bounds [401020, 40102c)
    block [401020, 40102c)
    chunk [401020, 40102c)
  Default block heads for function 401030 with loose bounds [401030, 401036)
    block [401030, 401036)
    chunk [401030, 401036)
  Default block heads for function 401040 with loose bounds [401040, 401046)
    block [401040, 401046)
    chunk [401040, 401046)
  Default block heads for function 401050 with loose bounds [401050, 401056)
    block [401050, 401056)
    chunk [401050, 401056)
Looking for instructions in segment .text
  Default block heads for function 401060 with loose bounds [401060, 401086)
    block [401060, 401086)
    chunk [401060, 401086)
  Default block heads for function 4010a0 with loose bounds [4010a0, 4010c1)
    block [4010a0, 4010ad)
    block [4010ad, 4010b7)
    block [4010b7, 4010be)
    block [4010c0, 4010c1)
    chunk [4010a0, 4010c1)
  Default block heads for function 401110 with loose bounds [401110, 401131)
    block [401110, 40111d)
    block [40111d, 40112f)
    block [401130, 401131)
    chunk [401110, 401131)
  Default block heads for function 401140 with loose bounds [401140, 401146)
    block [401140, 401146)
    chunk [401140, 401146)
    chunk [4010d0, 401101)
  Default block heads for function 401150 with loose bounds [401150, 40247b)
    block [401150, 40116f)
    block [40116f, 401194)
    block [401194, 40119e)
    block [40119e, 4011a9)
    block [4011a9, 4011ae)
    block [4011ae, 4011b5)
    block [4011b5, 4011bf)
    block [4011bf, 4011f2)
    block [4011f2, 4011f7)
    block [4011f7, 40124a)
    block [40124a, 40124f)
    block [40124f, 401254)
    block [401254, 401262)
    block [401262, 401269)
    block [401269, 401273)
    block [401273, 4012a6)
    block [4012a6, 4012ab)
    block [4012ab, 401302)
    block [401302, 401307)
    block [401307, 401312)
    block [401312, 401317)
    block [401317, 40131e)
    block [40131e, 401328)
    block [401328, 401334)
    block [401334, 401367)
    block [401367, 40136c)
    block [40136c, 4013ae)
    block [4013ae, 4013b3)
    block [4013b3, 4013be)
    block [4013be, 4013c3)
    block [4013c3, 4013ca)
    block [4013ca, 4013d9)
    block [4013d9, 40140c)
    block [40140c, 401411)
    block [401411, 40144b)
    block [40144b, 401450)
    block [401450, 401455)
    block [401455, 401488)
    block [401488, 40148d)
    block [40148d, 4014cf)
    block [4014cf, 4014d4)
    block [4014d4, 4014df)
    block [4014df, 4014e4)
    block [4014e4, 4014eb)
    block [4014eb, 4014f0)
    block [4014f0, 4014f5)
    block [4014f5, 401528)
    block [401528, 40152d)
    block [40152d, 401569)
    block [401569, 40156e)
    block [40156e, 401573)
    block [401573, 40157d)
    block [40157d, 401587)
    block [401587, 4015ba)
    block [4015ba, 4015bf)
    block [4015bf, 401603)
    block [401603, 401608)
    block [401608, 40160d)
    block [40160d, 401640)
    block [401640, 401645)
    block [401645, 401682)
    block [401682, 401687)
    block [401687, 401692)
    block [401692, 401697)
    block [401697, 4016ad)
    block [4016ad, 4016e0)
    block [4016e0, 4016e5)
    block [4016e5, 401722)
    block [401722, 401727)
    block [401727, 401732)
    block [401732, 401737)
    block [401737, 40174d)
    block [40174d, 401757)
    block [401757, 40178a)
    block [40178a, 40178f)
    block [40178f, 4017d3)
    block [4017d3, 4017d8)
    block [4017d8, 4017dd)
    block [4017dd, 4017e2)
    block [4017e2, 401815)
    block [401815, 40181a)
    block [40181a, 40184d)
    block [40184d, 401852)
    block [401852, 401857)
    block [401857, 40185c)
    block [40185c, 401861)
    block [401861, 401870)
    block [401870, 4018a3)
    block [4018a3, 4018a8)
    block [4018a8, 4018e2)
    block [4018e2, 4018e7)
    block [4018e7, 4018ec)
    block [4018ec, 40191f)
    block [40191f, 401924)
    block [401924, 401961)
    block [401961, 401966)
    block [401966, 401971)
    block [401971, 401976)
    block [401976, 4019a9)
    block [4019a9, 4019ae)
    block [4019ae, 4019ed)
    block [4019ed, 4019f2)
    block [4019f2, 4019fd)
    block [4019fd, 401a02)
    block [401a02, 401a11)
    block [401a11, 401a18)
    block [401a18, 401a27)
    block [401a27, 401a2e)
    block [401a2e, 401a3d)
    block [401a3d, 401a70)
    block [401a70, 401a75)
    block [401a75, 401aaf)
    block [401aaf, 401ab4)
    block [401ab4, 401ab9)
    block [401ab9, 401abe)
    block [401abe, 401ac3)
    block [401ac3, 401af6)
    block [401af6, 401afb)
    block [401afb, 401b37)
    block [401b37, 401b3c)
    block [401b3c, 401b41)
    block [401b41, 401b74)
    block [401b74, 401b79)
    block [401b79, 401bb6)
    block [401bb6, 401bbb)
    block [401bbb, 401bc6)
    block [401bc6, 401bcb)
    block [401bcb, 401bfe)
    block [401bfe, 401c03)
    block [401c03, 401c40)
    block [401c40, 401c45)
    block [401c45, 401c50)
    block [401c50, 401c55)
    block [401c55, 401c6b)
    block [401c6b, 401c75)
    block [401c75, 401c8b)
    block [401c8b, 401c95)
    block [401c95, 401cab)
    block [401cab, 401cb5)
    block [401cb5, 401ce8)
    block [401ce8, 401ced)
    block [401ced, 401d31)
    block [401d31, 401d36)
    block [401d36, 401d3b)
    block [401d3b, 401d6e)
    block [401d6e, 401d73)
    block [401d73, 401da6)
    block [401da6, 401dab)
    block [401dab, 401db0)
    block [401db0, 401db5)
    block [401db5, 401dba)
    block [401dba, 401dbf)
    block [401dbf, 401dce)
    block [401dce, 401dd5)
    block [401dd5, 401ddf)
    block [401ddf, 401e12)
    block [401e12, 401e17)
    block [401e17, 401e56)
    block [401e56, 401e5b)
    block [401e5b, 401e66)
    block [401e66, 401e6b)
    block [401e6b, 401e7a)
    block [401e7a, 401e81)
    block [401e81, 401e90)
    block [401e90, 401e97)
    block [401e97, 401ea6)
    block [401ea6, 401ed9)
    block [401ed9, 401ede)
    block [401ede, 401f18)
    block [401f18, 401f1d)
    block [401f1d, 401f22)
    block [401f22, 401f27)
    block [401f27, 401f5a)
    block [401f5a, 401f5f)
    block [401f5f, 401f92)
    block [401f92, 401f97)
    block [401f97, 401f9c)
    block [401f9c, 401faa)
    block [401faa, 401fdd)
    block [401fdd, 401fe2)
    block [401fe2, 40201f)
    block [40201f, 402024)
    block [402024, 40202f)
    block [40202f, 402034)
    block [402034, 40203e)
    block [40203e, 402071)
    block [402071, 402076)
    block [402076, 4020ba)
    block [4020ba, 4020bf)
    block [4020bf, 4020c4)
    block [4020c4, 4020ce)
    block [4020ce, 4020e4)
    block [4020e4, 4020ee)
    block [4020ee, 402121)
    block [402121, 402126)
    block [402126, 40216a)
    block [40216a, 40216f)
    block [40216f, 402174)
    block [402174, 40217e)
    block [40217e, 4021b1)
    block [4021b1, 4021b6)
    block [4021b6, 4021fa)
    block [4021fa, 4021ff)
    block [4021ff, 402204)
    block [402204, 402209)
    block [402209, 40220e)
    block [40220e, 402213)
    block [402213, 402218)
    block [402218, 40221d)
    block [40221d, 402250)
    block [402250, 402255)
    block [402255, 402291)
    block [402291, 402296)
    block [402296, 40229b)
    block [40229b, 4022a0)
    block [4022a0, 4022d3)
    block [4022d3, 4022d8)
    block [4022d8, 40230b)
    block [40230b, 402310)
    block [402310, 402318)
    block [402318, 40233d)
    block [40233d, 402357)
    block [402357, 40235c)
    block [40235c, 402368)
    block [402368, 40236d)
    block [40236d, 40237b)
    block [40237b, 402391)
    block [402391, 402396)
    block [402396, 40239b)
    block [40239b, 4023b1)
    block [4023b1, 4023b6)
    block [4023b6, 4023c2)
    block [4023c2, 4023c7)
    block [4023c7, 4023cc)
    block [4023cc, 4023d8)
    block [4023d8, 4023e6)
    block [4023e6, 4023eb)
    block [4023eb, 4023f0)
    block [4023f0, 402406)
    block [402406, 40240b)
    block [40240b, 402410)
    block [402410, 40241c)
    block [40241c, 402421)
    block [402421, 402426)
    block [402426, 40243c)
    block [40243c, 402452)
    block [402452, 402468)
    block [402468, 402476)
    block [402476, 40247b)
    chunk [401150, 40247b)
Looking for instructions in segment .fini
  Default block heads for function 40247c with loose bounds [40247c, 402489)
    block [40247c, 402489)
    chunk [40247c, 402489)
Looking for strings in segment .rodata [403000, 403010)
  Found string b'3\n' of length 3 at 403007, jumping to 40300a
  Found string b'1\n' of length 3 at 40300a, jumping to 40300d
  Found string b'2\n' of length 3 at 40300d, jumping to 403010
Looking for strings in segment .eh_frame_hdr [403010, 40303c)
Looking for strings in segment .eh_frame [403040, 4030d0)
Looking for strings in segment .init_array [404de8, 404df0)
Looking for strings in segment .fini_array [404df0, 404df8)
Looking for strings in segment .got [404fd8, 404fe8)
Looking for strings in segment .got.plt [404fe8, 405018)
Looking for strings in segment .data [405018, 405028)
Looking for strings in segment .bss [405028, 405038)
Looking for strings in segment extern [405038, 405060)
Looking for cross-references in segment .init [401000, 40101b)
Looking for cross-references in segment .plt [401020, 401060)
  Stopping scan at 40102c
Looking for cross-references in segment .text [401060, 40247b)
  Stopping scan at 40108c
  Stopping scan at 40109c
  Stopping scan at ffffffffffffffff
  Stopping scan at 4010cc
  Stopping scan at 40110c
  Stopping scan at ffffffffffffffff
  Stopping scan at 40113c
  Stopping scan at 40114c
Looking for cross-references in segment .fini [40247c, 402489)
Looking for cross-references in segment .rodata [403000, 403010)
  Stopping scan at 40300c
Looking for cross-references in segment .eh_frame_hdr [403010, 40303c)
  Stopping scan at 403038
Looking for cross-references in segment .eh_frame [403040, 4030d0)
  Stopping scan at 4030cc
Looking for cross-references in segment .init_array [404de8, 404df0)
  Adding qword reference from 404de8 to 401140
  Stopping scan at 404de8
Looking for cross-references in segment .fini_array [404df0, 404df8)
  Adding qword reference from 404df0 to 401110
  Stopping scan at 404df0
Looking for cross-references in segment .got [404fd8, 404fe8)
  Adding qword reference from 404fd8 to 405038
  Adding qword reference from 404fe0 to 405058
  Stopping scan at 404fe0
Looking for cross-references in segment .got.plt [404fe8, 405018)
  Adding qword reference from 405000 to 405040
  Adding qword reference from 405008 to 405048
  Adding qword reference from 405010 to 405050
  Stopping scan at 405010
Looking for cross-references in segment .data [405018, 405028)
  Stopping scan at 405024
Looking for cross-references in segment .bss [405028, 405038)
  Stopping scan at 405034
Looking for cross-references in segment extern [405038, 405060)
  Stopping scan at 40505c
Looking for thunks
  Found thunk for printf targeting 405040 at 401030
  Found thunk for memset targeting 405048 at 401040
  Found thunk for __isoc99_scanf targeting 405050 at 401050
Looking for external symbols
  Function at 401030 is the external function printf
  Function at 401040 is the external function memset
  Function at 401050 is the external function __isoc99_scanf
  Function at 405038 is the external function __libc_start_main
  Function at 405040 is the external function printf
  Function at 405048 is the external function memset
  Function at 405050 is the external function __isoc99_scanf
  Function at 405058 is the external function __gmon_start__
Looking for entrypoints
Recovering .init_proc at 401000
  Analysing subroutine .init_proc at 401000
    Block head at 0040101b is not code.
  Subroutine .init_proc at 401000 has 3 blocks
  BB: 401000 in func 401000 with 5 insts
    Referenced by data
    I: 401000
    I: 401004
    I: 401008 (mem 404fe0)
    I: 40100f
    I: 401012 (flow 401016)
      Successors: 401014, 401016
  BB: 401014 in func 401000 with 1 insts
    I: 401014
      Successors: 401016
  BB: 401016 in func 401000 with 2 insts
    I: 401016
    I: 40101a
      No successors
Recovering 401020
  Analysing subroutine sub_401020 at 401020
  WARNING: No table entries for indirect jump at 401026; Adding next_ea 40102c as successor.
  Subroutine sub_401020 at 401020 has 2 blocks
  WARNING: No table entries for indirect jump at 401026; Adding next_ea 40102c as successor.
  BB: 401020 in func 401020 with 2 insts
    I: 401020 (mem 404ff0)
    I: 401026 (mem 404ff8)
      Successors: 40102c
  BB: 40102c in func 401020 with 1 insts
    I: 40102c
      No successors
Recovering start at 401060
  Analysing subroutine start at 401060
  Subroutine start at 401060 has 3 blocks
  BB: 401060 in func 401060 with 13 insts
    Referenced by data
    I: 401060
    I: 401064
    I: 401066
    I: 401069
    I: 40106a
    I: 40106d
    I: 401071
    I: 401072
    I: 401073
    I: 401076
    I: 401078 (imm 401150)
    I: 40107f (mem 404fd8)
    I: 401085
      No successors
  BB: 401095 in func 401060 with 2 insts
    I: 401095
    I: 40109f
      No successors
  BB: 401086 in func 401060 with 3 insts
    I: 401086
    I: 401090
    I: 401094
      No successors
Recovering 4010a0
  Analysing subroutine sub_4010A0 at 4010a0
  WARNING: No table entries for indirect jump at 4010bc; Adding next_ea 4010be as successor.
  WARNING: No table entries for indirect jump at 4010fe; Adding next_ea 401100 as successor.
  Subroutine sub_4010A0 at 4010a0 has 11 blocks
  BB: 4010a0 in func 4010a0 with 3 insts
    I: 4010a0 (imm 405028)
    I: 4010a5 (imm 405028)
    I: 4010ab (flow 4010c0)
      Successors: 4010c0, 4010ad
  BB: 4010c0 in func 4010a0 with 1 insts
    I: 4010c0
      No successors
  BB: 4010c1 in func 4010a0 with 2 insts
    I: 4010c1
    I: 4010c5
      Successors: 4010d0
  BB: 401100 in func 4010a0 with 1 insts
    I: 401100
      No successors
  BB: 401101 in func 4010a0 with 2 insts
    I: 401101
    I: 401105
      No successors
  BB: 4010ad in func 4010a0 with 3 insts
    I: 4010ad
    I: 4010b2
    I: 4010b5 (flow 4010c0)
      Successors: 4010c0, 4010b7
  BB: 4010ef in func 4010a0 with 3 insts
    I: 4010ef
    I: 4010f4
    I: 4010f7 (flow 401100)
      Successors: 401100, 4010f9
  BB: 4010d0 in func 4010a0 with 8 insts
    I: 4010d0 (imm 405028)
    I: 4010d5 (imm 405028)
    I: 4010dc
    I: 4010df
    I: 4010e3
    I: 4010e7
    I: 4010ea
    I: 4010ed (flow 401100)
      Successors: 401100, 4010ef
  WARNING: No table entries for indirect jump at 4010bc; Adding next_ea 4010be as successor.
  BB: 4010b7 in func 4010a0 with 2 insts
    I: 4010b7 (imm 405028)
    I: 4010bc
      Successors: 4010be
  WARNING: No table entries for indirect jump at 4010fe; Adding next_ea 401100 as successor.
  BB: 4010f9 in func 4010a0 with 2 insts
    I: 4010f9 (imm 405028)
    I: 4010fe
      Successors: 401100
  BB: 4010be in func 4010a0 with 1 insts
    I: 4010be
      Successors: 4010c0
Recovering 401110
  Analysing subroutine sub_401110 at 401110
  Subroutine sub_401110 at 401110 has 5 blocks
  BB: 40112f in func 401110 with 1 insts
    I: 40112f
      Successors: 401130
  BB: 401110 in func 401110 with 3 insts
    Referenced by data
    I: 401110
    I: 401114 (mem 405028)
    I: 40111b (flow 401130)
      Successors: 401130, 40111d
  BB: 401131 in func 401110 with 2 insts
    I: 401131
    I: 401135
      No successors
  BB: 401130 in func 401110 with 1 insts
    I: 401130
      No successors
  BB: 40111d in func 401110 with 6 insts
    I: 40111d
    I: 40111e
    I: 401121 (flow 4010a0)
    I: 401126 (mem 405028)
    I: 40112d
    I: 40112e
      No successors
Recovering 401140
  Analysing subroutine sub_401140 at 401140
  WARNING: No table entries for indirect jump at 4010fe; Adding next_ea 401100 as successor.
  Subroutine sub_401140 at 401140 has 6 blocks
  BB: 401140 in func 401140 with 2 insts
    Referenced by data
    I: 401140
    I: 401144 (flow 4010d0)
      Successors: 4010d0
  BB: 401100 in func 401140 with 1 insts
    I: 401100
      No successors
  BB: 401146 in func 401140 with 1 insts
    I: 401146
      No successors
  BB: 4010ef in func 401140 with 3 insts
    I: 4010ef
    I: 4010f4
    I: 4010f7 (flow 401100)
      Successors: 401100, 4010f9
  BB: 4010d0 in func 401140 with 8 insts
    I: 4010d0 (imm 405028)
    I: 4010d5 (imm 405028)
    I: 4010dc
    I: 4010df
    I: 4010e3
    I: 4010e7
    I: 4010ea
    I: 4010ed (flow 401100)
      Successors: 401100, 4010ef
  WARNING: No table entries for indirect jump at 4010fe; Adding next_ea 401100 as successor.
  BB: 4010f9 in func 401140 with 2 insts
    I: 4010f9 (imm 405028)
    I: 4010fe
      Successors: 401100
Recovering main at 401150
  Analysing subroutine main at 401150
    Block head at 0040247b is not code.
  Subroutine main at 401150 has 249 blocks
  BB: 401a02 in func 401150 with 3 insts
    I: 401a02
    I: 401a06
    I: 401a0b (flow 401a18)
      Successors: 401a18, 401a11
  BB: 401c03 in func 401150 with 18 insts
    I: 401c03
    I: 401c07
    I: 401c0a
    I: 401c0d (imm 40502c)
    I: 401c14
    I: 401c16 (imm 405030)
    I: 401c1d
    I: 401c1f
    I: 401c21
    I: 401c24
    I: 401c27
    I: 401c2a
    I: 401c2d
    I: 401c30
    I: 401c33
    I: 401c36
    I: 401c38
    I: 401c3a (flow 401c45)
      Successors: 401c40, 401c45
  BB: 401603 in func 401150 with 1 insts
    I: 401603 (flow 40237b)
      Successors: 40237b
  BB: 402204 in func 401150 with 1 insts
    I: 402204 (flow 402209)
      Successors: 402209
  BB: 402406 in func 401150 with 1 insts
    I: 402406 (flow 401d73)
      Successors: 401d73
  BB: 401608 in func 401150 with 1 insts
    I: 401608 (flow 40185c)
      Successors: 40185c
  BB: 402209 in func 401150 with 1 insts
    I: 402209 (flow 40220e)
      Successors: 40220e
  BB: 40240b in func 401150 with 1 insts
    I: 40240b (flow 401e17)
      Successors: 401e17
  BB: 40140c in func 401150 with 1 insts
    I: 40140c (flow 40235c)
      Successors: 40235c
  BB: 40160d in func 401150 with 15 insts
    I: 40160d (imm 40502c)
    I: 401614
    I: 401616 (imm 405030)
    I: 40161d
    I: 40161f
    I: 401621
    I: 401624
    I: 401627
    I: 40162a
    I: 40162d
    I: 401630
    I: 401633
    I: 401636
    I: 401638
    I: 40163a (flow 401645)
      Successors: 401640, 401645
  BB: 40220e in func 401150 with 1 insts
    I: 40220e (flow 402213)
      Successors: 402213
  BB: 402410 in func 401150 with 2 insts
    I: 402410
    I: 402417 (flow 401ede)
      Successors: 401ede
  BB: 401411 in func 401150 with 16 insts
    I: 401411
    I: 401418 (imm 40502c)
    I: 40141f
    I: 401421 (imm 405030)
    I: 401428
    I: 40142a
    I: 40142c
    I: 40142f
    I: 401432
    I: 401435
    I: 401438
    I: 40143b
    I: 40143e
    I: 401441
    I: 401443
    I: 401445 (flow 401450)
      Successors: 401450, 40144b
  BB: 401a11 in func 401150 with 1 insts
    I: 401a11
      Successors: 401a18
  BB: 401e12 in func 401150 with 1 insts
    I: 401e12 (flow 40240b)
      Successors: 40240b
  BB: 402213 in func 401150 with 1 insts
    I: 402213 (flow 402218)
      Successors: 402218
  BB: 401815 in func 401150 with 1 insts
    I: 401815 (flow 4023b1)
      Successors: 4023b1
  BB: 401e17 in func 401150 with 19 insts
    I: 401e17
    I: 401e1a
    I: 401e1d
    I: 401e20
    I: 401e23 (imm 40502c)
    I: 401e2a
    I: 401e2c (imm 405030)
    I: 401e33
    I: 401e35
    I: 401e37
    I: 401e3a
    I: 401e3d
    I: 401e40
    I: 401e43
    I: 401e46
    I: 401e49
    I: 401e4c
    I: 401e4e
    I: 401e50 (flow 401e5b)
      Successors: 401e5b, 401e56
  BB: 401a18 in func 401150 with 3 insts
    I: 401a18
    I: 401a1c
    I: 401a21 (flow 401a2e)
      Successors: 401a2e, 401a27
  BB: 402218 in func 401150 with 1 insts
    I: 402218 (flow 40221d)
      Successors: 40221d
  BB: 40181a in func 401150 with 15 insts
    I: 40181a (imm 40502c)
    I: 401821
    I: 401823 (imm 405030)
    I: 40182a
    I: 40182c
    I: 40182e
    I: 401831
    I: 401834
    I: 401837
    I: 40183a
    I: 40183d
    I: 401840
    I: 401843
    I: 401845
    I: 401847 (flow 401852)
      Successors: 401852, 40184d
  BB: 40241c in func 401150 with 1 insts
    I: 40241c (flow 401f5f)
      Successors: 401f5f
  BB: 40221d in func 401150 with 15 insts
    I: 40221d (imm 40502c)
    I: 402224
    I: 402226 (imm 405030)
    I: 40222d
    I: 40222f
    I: 402231
    I: 402234
    I: 402237
    I: 40223a
    I: 40223d
    I: 402240
    I: 402243
    I: 402246
    I: 402248
    I: 40224a (flow 402255)
      Successors: 402250, 402255
  BB: 40201f in func 401150 with 1 insts
    I: 40201f (flow 402421)
      Successors: 402421
  BB: 402421 in func 401150 with 1 insts
    I: 402421 (flow 401fe2)
      Successors: 401fe2
  BB: 402024 in func 401150 with 3 insts
    I: 402024
    I: 402027
    I: 402029 (flow 402034)
      Successors: 402034, 40202f
  BB: 402426 in func 401150 with 4 insts
    I: 402426 (imm 403007)
    I: 402430
    I: 402432 (flow 405040)
    I: 402437 (flow 402076)
      Successors: 402076
  BB: 401a27 in func 401150 with 1 insts
    I: 401a27
      Successors: 401a2e
  BB: 401a2e in func 401150 with 3 insts
    I: 401a2e
    I: 401a32
    I: 401a37 (flow 401ab9)
      Successors: 401ab9, 401a3d
  BB: 40202f in func 401150 with 1 insts
    I: 40202f (flow 4020c4)
      Successors: 4020c4
  BB: 402034 in func 401150 with 2 insts
    I: 402034
    I: 402038 (flow 4020c4)
      Successors: 4020c4, 40203e
  BB: 40243c in func 401150 with 4 insts
    I: 40243c (imm 40300d)
    I: 402446
    I: 402448 (flow 405040)
    I: 40244d (flow 402126)
      Successors: 402126
  BB: 401a3d in func 401150 with 15 insts
    I: 401a3d (imm 40502c)
    I: 401a44
    I: 401a46 (imm 405030)
    I: 401a4d
    I: 401a4f
    I: 401a51
    I: 401a54
    I: 401a57
    I: 401a5a
    I: 401a5d
    I: 401a60
    I: 401a63
    I: 401a66
    I: 401a68
    I: 401a6a (flow 401a75)
      Successors: 401a70, 401a75
  BB: 40203e in func 401150 with 15 insts
    I: 40203e (imm 40502c)
    I: 402045
    I: 402047 (imm 405030)
    I: 40204e
    I: 402050
    I: 402052
    I: 402055
    I: 402058
    I: 40205b
    I: 40205e
    I: 402061
    I: 402064
    I: 402067
    I: 402069
    I: 40206b (flow 402076)
      Successors: 402071, 402076
  BB: 401640 in func 401150 with 1 insts
    I: 401640 (flow 402391)
      Successors: 402391
  BB: 401c40 in func 401150 with 1 insts
    I: 401c40 (flow 4023eb)
      Successors: 4023eb
  BB: 401645 in func 401150 with 18 insts
    I: 401645
    I: 401649
    I: 40164c
    I: 40164f (imm 40502c)
    I: 401656
    I: 401658 (imm 405030)
    I: 40165f
    I: 401661
    I: 401663
    I: 401666
    I: 401669
    I: 40166c
    I: 40166f
    I: 401672
    I: 401675
    I: 401678
    I: 40167a
    I: 40167c (flow 401687)
      Successors: 401682, 401687
  BB: 401c45 in func 401150 with 3 insts
    I: 401c45
    I: 401c48
    I: 401c4a (flow 401c55)
      Successors: 401c50, 401c55
  BB: 40124a in func 401150 with 1 insts
    I: 40124a (flow 402318)
      Successors: 402318
  BB: 40144b in func 401150 with 1 insts
    I: 40144b (flow 40235c)
      Successors: 40235c
  BB: 40184d in func 401150 with 1 insts
    I: 40184d (flow 4023b1)
      Successors: 4023b1
  BB: 40124f in func 401150 with 1 insts
    I: 40124f (flow 401254)
      Successors: 401254
  BB: 401450 in func 401150 with 1 insts
    I: 401450 (flow 401455)
      Successors: 401455
  BB: 401c50 in func 401150 with 1 insts
    I: 401c50 (flow 401c6b)
      Successors: 401c6b
  BB: 401852 in func 401150 with 1 insts
    I: 401852 (flow 401857)
      Successors: 401857
  BB: 402250 in func 401150 with 1 insts
    I: 402250 (flow 402468)
      Successors: 402468
  BB: 401254 in func 401150 with 4 insts
    I: 401254
    I: 401257
    I: 40125a
    I: 40125d (flow 4011b5)
      Successors: 4011b5
  BB: 401455 in func 401150 with 15 insts
    I: 401455 (imm 40502c)
    I: 40145c
    I: 40145e (imm 405030)
    I: 401465
    I: 401467
    I: 401469
    I: 40146c
    I: 40146f
    I: 401472
    I: 401475
    I: 401478
    I: 40147b
    I: 40147e
    I: 401480
    I: 401482 (flow 40148d)
      Successors: 401488, 40148d
  BB: 401c55 in func 401150 with 4 insts
    I: 401c55 (imm 403007)
    I: 401c5f
    I: 401c61 (flow 405040)
    I: 401c66 (flow 401dba)
      Successors: 401dba
  BB: 401857 in func 401150 with 1 insts
    I: 401857 (flow 40185c)
      Successors: 40185c
  BB: 401e56 in func 401150 with 1 insts
    I: 401e56 (flow 40240b)
      Successors: 40240b
  BB: 402255 in func 401150 with 18 insts
    I: 402255
    I: 402258
    I: 40225b
    I: 40225e (imm 40502c)
    I: 402265
    I: 402267 (imm 405030)
    I: 40226e
    I: 402270
    I: 402272
    I: 402275
    I: 402278
    I: 40227b
    I: 40227e
    I: 402281
    I: 402284
    I: 402287
    I: 402289
    I: 40228b (flow 402296)
      Successors: 402291, 402296
  BB: 402452 in func 401150 with 4 insts
    I: 402452 (imm 403007)
    I: 40245c
    I: 40245e (flow 405040)
    I: 402463 (flow 4021b6)
      Successors: 4021b6
  BB: 401e5b in func 401150 with 3 insts
    I: 401e5b
    I: 401e5e
    I: 401e60 (flow 401e6b)
      Successors: 401e6b, 401e66
  BB: 40185c in func 401150 with 1 insts
    I: 40185c (flow 401861)
      Successors: 401861
  BB: 401861 in func 401150 with 3 insts
    I: 401861
    I: 401865
    I: 40186a (flow 401dbf)
      Successors: 401870, 401dbf
  BB: 401262 in func 401150 with 1 insts
    I: 401262
      Successors: 401269
  BB: 401e66 in func 401150 with 1 insts
    I: 401e66 (flow 401f27)
      Successors: 401f27
  BB: 402468 in func 401150 with 4 insts
    I: 402468
    I: 40246b
    I: 40246e
    I: 402471 (flow 402255)
      Successors: 402255
  BB: 401269 in func 401150 with 2 insts
    I: 401269
    I: 40126d (flow 40229b)
      Successors: 401273, 40229b
  BB: 401c6b in func 401150 with 2 insts
    I: 401c6b
    I: 401c6f (flow 401c8b)
      Successors: 401c8b, 401c75
  BB: 401e6b in func 401150 with 3 insts
    I: 401e6b
    I: 401e6f
    I: 401e74 (flow 401e81)
      Successors: 401e81, 401e7a
  BB: 401870 in func 401150 with 15 insts
    I: 401870 (imm 40502c)
    I: 401877
    I: 401879 (imm 405030)
    I: 401880
    I: 401882
    I: 401884
    I: 401887
    I: 40188a
    I: 40188d
    I: 401890
    I: 401893
    I: 401896
    I: 401899
    I: 40189b
    I: 40189d (flow 4018a8)
      Successors: 4018a8, 4018a3
  BB: 401a70 in func 401150 with 1 insts
    I: 401a70 (flow 4023cc)
      Successors: 4023cc
  BB: 402071 in func 401150 with 1 insts
    I: 402071 (flow 402426)
      Successors: 402426
  BB: 401273 in func 401150 with 15 insts
    I: 401273 (imm 40502c)
    I: 40127a
    I: 40127c (imm 405030)
    I: 401283
    I: 401285
    I: 401287
    I: 40128a
    I: 40128d
    I: 401290
    I: 401293
    I: 401296
    I: 401299
    I: 40129c
    I: 40129e
    I: 4012a0 (flow 4012ab)
      Successors: 4012ab, 4012a6
  BB: 401a75 in func 401150 with 16 insts
    I: 401a75
    I: 401a7c (imm 40502c)
    I: 401a83
    I: 401a85 (imm 405030)
    I: 401a8c
    I: 401a8e
    I: 401a90
    I: 401a93
    I: 401a96
    I: 401a99
    I: 401a9c
    I: 401a9f
    I: 401aa2
    I: 401aa5
    I: 401aa7
    I: 401aa9 (flow 401ab4)
      Successors: 401ab4, 401aaf
  BB: 401c75 in func 401150 with 4 insts
    I: 401c75 (imm 40300a)
    I: 401c7f
    I: 401c81 (flow 405040)
    I: 401c86 (flow 401db5)
      Successors: 401db5
  BB: 402076 in func 401150 with 18 insts
    I: 402076 (imm 403007)
    I: 402080
    I: 402082 (flow 405040)
    I: 402087 (imm 40502c)
    I: 40208e
    I: 402090 (imm 405030)
    I: 402097
    I: 402099
    I: 40209b
    I: 40209e
    I: 4020a1
    I: 4020a4
    I: 4020a7
    I: 4020aa
    I: 4020ad
    I: 4020b0
    I: 4020b2
    I: 4020b4 (flow 4020bf)
      Successors: 4020ba, 4020bf
  BB: 402476 in func 401150 with 1 insts
    I: 402476 (flow 4022d8)
      Successors: 4022d8
  BB: 401e7a in func 401150 with 1 insts
    I: 401e7a
      Successors: 401e81
  BB: 401e81 in func 401150 with 3 insts
    I: 401e81
    I: 401e85
    I: 401e8a (flow 401e97)
      Successors: 401e90, 401e97
  BB: 401682 in func 401150 with 1 insts
    I: 401682 (flow 402391)
      Successors: 402391
  BB: 401687 in func 401150 with 3 insts
    I: 401687
    I: 40168a
    I: 40168c (flow 401697)
      Successors: 401692, 401697
  BB: 401488 in func 401150 with 1 insts
    I: 401488 (flow 402368)
      Successors: 402368
  BB: 401c8b in func 401150 with 2 insts
    I: 401c8b
    I: 401c8f (flow 401cab)
      Successors: 401cab, 401c95
  BB: 40148d in func 401150 with 19 insts
    I: 40148d
    I: 401491
    I: 401496
    I: 401499
    I: 40149c (imm 40502c)
    I: 4014a3
    I: 4014a5 (imm 405030)
    I: 4014ac
    I: 4014ae
    I: 4014b0
    I: 4014b3
    I: 4014b6
    I: 4014b9
    I: 4014bc
    I: 4014bf
    I: 4014c2
    I: 4014c5
    I: 4014c7
    I: 4014c9 (flow 4014d4)
      Successors: 4014d4, 4014cf
  BB: 401e90 in func 401150 with 1 insts
    I: 401e90
      Successors: 401e97
  BB: 402291 in func 401150 with 1 insts
    I: 402291 (flow 402468)
      Successors: 402468
  BB: 401692 in func 401150 with 1 insts
    I: 401692 (flow 4016ad)
      Successors: 4016ad
  BB: 401c95 in func 401150 with 4 insts
    I: 401c95 (imm 40300d)
    I: 401c9f
    I: 401ca1 (flow 405040)
    I: 401ca6 (flow 401db0)
      Successors: 401db0
  BB: 402296 in func 401150 with 1 insts
    I: 402296 (flow 401269)
      Successors: 401269
  BB: 401697 in func 401150 with 4 insts
    I: 401697 (imm 40300a)
    I: 4016a1
    I: 4016a3 (flow 405040)
    I: 4016a8 (flow 401857)
      Successors: 401857
  BB: 401e97 in func 401150 with 3 insts
    I: 401e97
    I: 401e9b
    I: 401ea0 (flow 401f22)
      Successors: 401f22, 401ea6
  BB: 40229b in func 401150 with 1 insts
    I: 40229b (flow 40116f)
      Successors: 40116f
  BB: 4022a0 in func 401150 with 15 insts
    I: 4022a0 (imm 40502c)
    I: 4022a7
    I: 4022a9 (imm 405030)
    I: 4022b0
    I: 4022b2
    I: 4022b4
    I: 4022b7
    I: 4022ba
    I: 4022bd
    I: 4022c0
    I: 4022c3
    I: 4022c6
    I: 4022c9
    I: 4022cb
    I: 4022cd (flow 4022d8)
      Successors: 4022d8, 4022d3
  BB: 4018a3 in func 401150 with 1 insts
    I: 4018a3 (flow 4023b6)
      Successors: 4023b6
  BB: 4012a6 in func 401150 with 1 insts
    I: 4012a6 (flow 40233d)
      Successors: 40233d
  BB: 401ea6 in func 401150 with 15 insts
    I: 401ea6 (imm 40502c)
    I: 401ead
    I: 401eaf (imm 405030)
    I: 401eb6
    I: 401eb8
    I: 401eba
    I: 401ebd
    I: 401ec0
    I: 401ec3
    I: 401ec6
    I: 401ec9
    I: 401ecc
    I: 401ecf
    I: 401ed1
    I: 401ed3 (flow 401ede)
      Successors: 401ed9, 401ede
  BB: 4018a8 in func 401150 with 16 insts
    I: 4018a8
    I: 4018af (imm 40502c)
    I: 4018b6
    I: 4018b8 (imm 405030)
    I: 4018bf
    I: 4018c1
    I: 4018c3
    I: 4018c6
    I: 4018c9
    I: 4018cc
    I: 4018cf
    I: 4018d2
    I: 4018d5
    I: 4018d8
    I: 4018da
    I: 4018dc (flow 4018e7)
      Successors: 4018e2, 4018e7
  BB: 4012ab in func 401150 with 22 insts
    I: 4012ab
    I: 4012b2
    I: 4012b9
    I: 4012c0
    I: 4012c4
    I: 4012c9
    I: 4012cc
    I: 4012cf (imm 40502c)
    I: 4012d6
    I: 4012d8 (imm 405030)
    I: 4012df
    I: 4012e1
    I: 4012e3
    I: 4012e6
    I: 4012e9
    I: 4012ec
    I: 4012ef
    I: 4012f2
    I: 4012f5
    I: 4012f8
    I: 4012fa
    I: 4012fc (flow 401307)
      Successors: 401302, 401307
  BB: 401cab in func 401150 with 2 insts
    I: 401cab
    I: 401caf (flow 401d3b)
      Successors: 401d3b, 401cb5
  BB: 4016ad in func 401150 with 15 insts
    I: 4016ad (imm 40502c)
    I: 4016b4
    I: 4016b6 (imm 405030)
    I: 4016bd
    I: 4016bf
    I: 4016c1
    I: 4016c4
    I: 4016c7
    I: 4016ca
    I: 4016cd
    I: 4016d0
    I: 4016d3
    I: 4016d6
    I: 4016d8
    I: 4016da (flow 4016e5)
      Successors: 4016e0, 4016e5
  BB: 401aaf in func 401150 with 1 insts
    I: 401aaf (flow 4023cc)
      Successors: 4023cc
  BB: 401ab4 in func 401150 with 1 insts
    I: 401ab4 (flow 401ab9)
      Successors: 401ab9
  BB: 401cb5 in func 401150 with 15 insts
    I: 401cb5 (imm 40502c)
    I: 401cbc
    I: 401cbe (imm 405030)
    I: 401cc5
    I: 401cc7
    I: 401cc9
    I: 401ccc
    I: 401ccf
    I: 401cd2
    I: 401cd5
    I: 401cd8
    I: 401cdb
    I: 401cde
    I: 401ce0
    I: 401ce2 (flow 401ced)
      Successors: 401ce8, 401ced
  BB: 401ab9 in func 401150 with 1 insts
    I: 401ab9 (flow 401abe)
      Successors: 401abe
  BB: 4020ba in func 401150 with 1 insts
    I: 4020ba (flow 402426)
      Successors: 402426
  BB: 401abe in func 401150 with 1 insts
    I: 401abe (flow 401ac3)
      Successors: 401ac3
  BB: 4020bf in func 401150 with 1 insts
    I: 4020bf (flow 402213)
      Successors: 402213
  BB: 401ac3 in func 401150 with 15 insts
    I: 401ac3 (imm 40502c)
    I: 401aca
    I: 401acc (imm 405030)
    I: 401ad3
    I: 401ad5
    I: 401ad7
    I: 401ada
    I: 401add
    I: 401ae0
    I: 401ae3
    I: 401ae6
    I: 401ae9
    I: 401aec
    I: 401aee
    I: 401af0 (flow 401afb)
      Successors: 401afb, 401af6
  BB: 4020c4 in func 401150 with 2 insts
    I: 4020c4
    I: 4020c8 (flow 4020e4)
      Successors: 4020e4, 4020ce
  BB: 4020ce in func 401150 with 4 insts
    I: 4020ce (imm 40300a)
    I: 4020d8
    I: 4020da (flow 405040)
    I: 4020df (flow 40220e)
      Successors: 40220e
  BB: 4014cf in func 401150 with 1 insts
    I: 4014cf (flow 402368)
      Successors: 402368
  BB: 4022d3 in func 401150 with 1 insts
    I: 4022d3 (flow 402476)
      Successors: 402476
  BB: 4014d4 in func 401150 with 3 insts
    I: 4014d4
    I: 4014d7
    I: 4014d9 (flow 4014e4)
      Successors: 4014e4, 4014df
  BB: 4022d8 in func 401150 with 15 insts
    I: 4022d8 (imm 40502c)
    I: 4022df
    I: 4022e1 (imm 405030)
    I: 4022e8
    I: 4022ea
    I: 4022ec
    I: 4022ef
    I: 4022f2
    I: 4022f5
    I: 4022f8
    I: 4022fb
    I: 4022fe
    I: 402301
    I: 402303
    I: 402305 (flow 402310)
      Successors: 402310, 40230b
  BB: 401ed9 in func 401150 with 1 insts
    I: 401ed9 (flow 402410)
      Successors: 402410
  BB: 401ede in func 401150 with 16 insts
    I: 401ede
    I: 401ee5 (imm 40502c)
    I: 401eec
    I: 401eee (imm 405030)
    I: 401ef5
    I: 401ef7
    I: 401ef9
    I: 401efc
    I: 401eff
    I: 401f02
    I: 401f05
    I: 401f08
    I: 401f0b
    I: 401f0e
    I: 401f10
    I: 401f12 (flow 401f1d)
      Successors: 401f18, 401f1d
  BB: 4014df in func 401150 with 1 insts
    I: 4014df (flow 4014eb)
      Successors: 4014eb
  BB: 4016e0 in func 401150 with 1 insts
    I: 4016e0 (flow 402396)
      Successors: 402396
  BB: 4018e2 in func 401150 with 1 insts
    I: 4018e2 (flow 4023b6)
      Successors: 4023b6
  BB: 4014e4 in func 401150 with 1 insts
    I: 4014e4
      Successors: 4014eb
  BB: 4016e5 in func 401150 with 18 insts
    I: 4016e5
    I: 4016e9
    I: 4016ec
    I: 4016ef (imm 40502c)
    I: 4016f6
    I: 4016f8 (imm 405030)
    I: 4016ff
    I: 401701
    I: 401703
    I: 401706
    I: 401709
    I: 40170c
    I: 40170f
    I: 401712
    I: 401715
    I: 401718
    I: 40171a
    I: 40171c (flow 401727)
      Successors: 401722, 401727
  BB: 4020e4 in func 401150 with 2 insts
    I: 4020e4
    I: 4020e8 (flow 402174)
      Successors: 402174, 4020ee
  BB: 4018e7 in func 401150 with 1 insts
    I: 4018e7 (flow 4018ec)
      Successors: 4018ec
  BB: 401ce8 in func 401150 with 1 insts
    I: 401ce8 (flow 4023f0)
      Successors: 4023f0
  BB: 4014eb in func 401150 with 1 insts
    I: 4014eb (flow 4014f0)
      Successors: 4014f0
  BB: 4018ec in func 401150 with 15 insts
    I: 4018ec (imm 40502c)
    I: 4018f3
    I: 4018f5 (imm 405030)
    I: 4018fc
    I: 4018fe
    I: 401900
    I: 401903
    I: 401906
    I: 401909
    I: 40190c
    I: 40190f
    I: 401912
    I: 401915
    I: 401917
    I: 401919 (flow 401924)
      Successors: 401924, 40191f
  BB: 401ced in func 401150 with 18 insts
    I: 401ced (imm 403007)
    I: 401cf7
    I: 401cf9 (flow 405040)
    I: 401cfe (imm 40502c)
    I: 401d05
    I: 401d07 (imm 405030)
    I: 401d0e
    I: 401d10
    I: 401d12
    I: 401d15
    I: 401d18
    I: 401d1b
    I: 401d1e
    I: 401d21
    I: 401d24
    I: 401d27
    I: 401d29
    I: 401d2b (flow 401d36)
      Successors: 401d31, 401d36
  BB: 4020ee in func 401150 with 15 insts
    I: 4020ee (imm 40502c)
    I: 4020f5
    I: 4020f7 (imm 405030)
    I: 4020fe
    I: 402100
    I: 402102
    I: 402105
    I: 402108
    I: 40210b
    I: 40210e
    I: 402111
    I: 402114
    I: 402117
    I: 402119
    I: 40211b (flow 402126)
      Successors: 402121, 402126
  BB: 4014f0 in func 401150 with 1 insts
    I: 4014f0 (flow 4014f5)
      Successors: 4014f5
  BB: 4014f5 in func 401150 with 15 insts
    I: 4014f5 (imm 40502c)
    I: 4014fc
    I: 4014fe (imm 405030)
    I: 401505
    I: 401507
    I: 401509
    I: 40150c
    I: 40150f
    I: 401512
    I: 401515
    I: 401518
    I: 40151b
    I: 40151e
    I: 401520
    I: 401522 (flow 40152d)
      Successors: 401528, 40152d
  BB: 401af6 in func 401150 with 1 insts
    I: 401af6 (flow 4023d8)
      Successors: 4023d8
  BB: 401afb in func 401150 with 18 insts
    I: 401afb
    I: 401afe
    I: 401b01
    I: 401b04 (imm 40502c)
    I: 401b0b
    I: 401b0d (imm 405030)
    I: 401b14
    I: 401b16
    I: 401b18
    I: 401b1b
    I: 401b1e
    I: 401b21
    I: 401b24
    I: 401b27
    I: 401b2a
    I: 401b2d
    I: 401b2f
    I: 401b31 (flow 401b3c)
      Successors: 401b3c, 401b37
  BB: 401302 in func 401150 with 1 insts
    I: 401302 (flow 40233d)
      Successors: 40233d
  BB: 401307 in func 401150 with 3 insts
    I: 401307
    I: 40130a
    I: 40130c (flow 401317)
      Successors: 401312, 401317
  BB: 40230b in func 401150 with 1 insts
    I: 40230b (flow 402476)
      Successors: 402476
  BB: 402310 in func 401150 with 4 insts
    I: 402310
    I: 402312
    I: 402316
    I: 402317
      No successors
  BB: 401312 in func 401150 with 1 insts
    I: 401312 (flow 401861)
      Successors: 401861
  BB: 401317 in func 401150 with 1 insts
    I: 401317
      Successors: 40131e
  BB: 401f18 in func 401150 with 1 insts
    I: 401f18 (flow 402410)
      Successors: 402410
  BB: 402318 in func 401150 with 8 insts
    I: 402318
    I: 40231c
    I: 402320
    I: 402324
    I: 402327 (imm 403004)
    I: 402331
    I: 402333 (flow 405050)
    I: 402338 (flow 4011f7)
      Successors: 4011f7
  BB: 401f1d in func 401150 with 1 insts
    I: 401f1d (flow 401f22)
      Successors: 401f22
  BB: 40131e in func 401150 with 2 insts
    I: 40131e
    I: 401322 (flow 401573)
      Successors: 401328, 401573
  BB: 40191f in func 401150 with 1 insts
    I: 40191f (flow 4023c2)
      Successors: 4023c2
  BB: 402121 in func 401150 with 1 insts
    I: 402121 (flow 40243c)
      Successors: 40243c
  BB: 401722 in func 401150 with 1 insts
    I: 401722 (flow 402396)
      Successors: 402396
  BB: 401f22 in func 401150 with 1 insts
    I: 401f22 (flow 401f27)
      Successors: 401f27
  BB: 401924 in func 401150 with 18 insts
    I: 401924
    I: 401928
    I: 40192b
    I: 40192e (imm 40502c)
    I: 401935
    I: 401937 (imm 405030)
    I: 40193e
    I: 401940
    I: 401942
    I: 401945
    I: 401948
    I: 40194b
    I: 40194e
    I: 401951
    I: 401954
    I: 401957
    I: 401959
    I: 40195b (flow 401966)
      Successors: 401961, 401966
  BB: 402126 in func 401150 with 18 insts
    I: 402126 (imm 40300d)
    I: 402130
    I: 402132 (flow 405040)
    I: 402137 (imm 40502c)
    I: 40213e
    I: 402140 (imm 405030)
    I: 402147
    I: 402149
    I: 40214b
    I: 40214e
    I: 402151
    I: 402154
    I: 402157
    I: 40215a
    I: 40215d
    I: 402160
    I: 402162
    I: 402164 (flow 40216f)
      Successors: 40216a, 40216f
  BB: 401727 in func 401150 with 3 insts
    I: 401727
    I: 40172a
    I: 40172c (flow 401737)
      Successors: 401732, 401737
  BB: 401328 in func 401150 with 3 insts
    I: 401328
    I: 40132b
    I: 40132e (flow 4014f0)
      Successors: 4014f0, 401334
  BB: 401528 in func 401150 with 1 insts
    I: 401528 (flow 40236d)
      Successors: 40236d
  BB: 401f27 in func 401150 with 15 insts
    I: 401f27 (imm 40502c)
    I: 401f2e
    I: 401f30 (imm 405030)
    I: 401f37
    I: 401f39
    I: 401f3b
    I: 401f3e
    I: 401f41
    I: 401f44
    I: 401f47
    I: 401f4a
    I: 401f4d
    I: 401f50
    I: 401f52
    I: 401f54 (flow 401f5f)
      Successors: 401f5a, 401f5f
  BB: 40152d in func 401150 with 18 insts
    I: 40152d
    I: 401530
    I: 401533
    I: 401536 (imm 40502c)
    I: 40153d
    I: 40153f (imm 405030)
    I: 401546
    I: 401548
    I: 40154a
    I: 40154d
    I: 401550
    I: 401553
    I: 401556
    I: 401559
    I: 40155c
    I: 40155f
    I: 401561
    I: 401563 (flow 40156e)
      Successors: 401569, 40156e
  BB: 401d31 in func 401150 with 1 insts
    I: 401d31 (flow 4023f0)
      Successors: 4023f0
  BB: 401732 in func 401150 with 1 insts
    I: 401732 (flow 40174d)
      Successors: 40174d
  BB: 401334 in func 401150 with 15 insts
    I: 401334 (imm 40502c)
    I: 40133b
    I: 40133d (imm 405030)
    I: 401344
    I: 401346
    I: 401348
    I: 40134b
    I: 40134e
    I: 401351
    I: 401354
    I: 401357
    I: 40135a
    I: 40135d
    I: 40135f
    I: 401361 (flow 40136c)
      Successors: 40136c, 401367
  BB: 401d36 in func 401150 with 1 insts
    I: 401d36 (flow 401d3b)
      Successors: 401d3b
  BB: 401737 in func 401150 with 4 insts
    I: 401737 (imm 40300d)
    I: 401741
    I: 401743 (flow 405040)
    I: 401748 (flow 4017e2)
      Successors: 4017e2
  BB: 401b37 in func 401150 with 1 insts
    I: 401b37 (flow 4023d8)
      Successors: 4023d8
  BB: 401d3b in func 401150 with 15 insts
    I: 401d3b (imm 40502c)
    I: 401d42
    I: 401d44 (imm 405030)
    I: 401d4b
    I: 401d4d
    I: 401d4f
    I: 401d52
    I: 401d55
    I: 401d58
    I: 401d5b
    I: 401d5e
    I: 401d61
    I: 401d64
    I: 401d66
    I: 401d68 (flow 401d73)
      Successors: 401d73, 401d6e
  BB: 401b3c in func 401150 with 1 insts
    I: 401b3c (flow 4018ec)
      Successors: 4018ec
  BB: 40233d in func 401150 with 4 insts
    I: 40233d
    I: 402344
    I: 40234b
    I: 402352 (flow 4012ab)
      Successors: 4012ab
  BB: 401b41 in func 401150 with 15 insts
    I: 401b41 (imm 40502c)
    I: 401b48
    I: 401b4a (imm 405030)
    I: 401b51
    I: 401b53
    I: 401b55
    I: 401b58
    I: 401b5b
    I: 401b5e
    I: 401b61
    I: 401b64
    I: 401b67
    I: 401b6a
    I: 401b6c
    I: 401b6e (flow 401b79)
      Successors: 401b79, 401b74
  BB: 40174d in func 401150 with 2 insts
    I: 40174d
    I: 401751 (flow 4017dd)
      Successors: 4017dd, 401757
  BB: 401150 in func 401150 with 8 insts
    Referenced by data
    I: 401150
    I: 401151
    I: 401154
    I: 401158
    I: 40115f
    I: 401163
    I: 401165
    I: 40116a (flow 405048)
      Successors: 40116f
  BB: 401757 in func 401150 with 15 insts
    I: 401757 (imm 40502c)
    I: 40175e
    I: 401760 (imm 405030)
    I: 401767
    I: 401769
    I: 40176b
    I: 40176e
    I: 401771
    I: 401774
    I: 401777
    I: 40177a
    I: 40177d
    I: 401780
    I: 401782
    I: 401784 (flow 40178f)
      Successors: 40178a, 40178f
  BB: 402357 in func 401150 with 1 insts
    I: 402357 (flow 40136c)
      Successors: 40136c
  BB: 401f5a in func 401150 with 1 insts
    I: 401f5a (flow 40241c)
      Successors: 40241c
  BB: 40235c in func 401150 with 2 insts
    I: 40235c
    I: 402363 (flow 401411)
      Successors: 401411
  BB: 401f5f in func 401150 with 15 insts
    I: 401f5f (imm 40502c)
    I: 401f66
    I: 401f68 (imm 405030)
    I: 401f6f
    I: 401f71
    I: 401f73
    I: 401f76
    I: 401f79
    I: 401f7c
    I: 401f7f
    I: 401f82
    I: 401f85
    I: 401f88
    I: 401f8a
    I: 401f8c (flow 401f97)
      Successors: 401f92, 401f97
  BB: 401961 in func 401150 with 1 insts
    I: 401961 (flow 4023c2)
      Successors: 4023c2
  BB: 401966 in func 401150 with 3 insts
    I: 401966
    I: 401969
    I: 40196b (flow 401976)
      Successors: 401971, 401976
  BB: 401367 in func 401150 with 1 insts
    I: 401367 (flow 402357)
      Successors: 402357
  BB: 402368 in func 401150 with 1 insts
    I: 402368 (flow 40148d)
      Successors: 40148d
  BB: 401569 in func 401150 with 1 insts
    I: 401569 (flow 40236d)
      Successors: 40236d
  BB: 40216a in func 401150 with 1 insts
    I: 40216a (flow 40243c)
      Successors: 40243c
  BB: 40136c in func 401150 with 19 insts
    I: 40136c
    I: 401370
    I: 401375
    I: 401378
    I: 40137b (imm 40502c)
    I: 401382
    I: 401384 (imm 405030)
    I: 40138b
    I: 40138d
    I: 40138f
    I: 401392
    I: 401395
    I: 401398
    I: 40139b
    I: 40139e
    I: 4013a1
    I: 4013a4
    I: 4013a6
    I: 4013a8 (flow 4013b3)
      Successors: 4013b3, 4013ae
  BB: 40236d in func 401150 with 4 insts
    I: 40236d
    I: 402370
    I: 402373
    I: 402376 (flow 40152d)
      Successors: 40152d
  BB: 40156e in func 401150 with 1 insts
    I: 40156e (flow 40131e)
      Successors: 40131e
  BB: 40116f in func 401150 with 9 insts
    I: 40116f
    I: 401173 (imm 403004)
    I: 40117d
    I: 40117f (flow 405050)
    I: 401184
    I: 401186
    I: 401188
    I: 40118b
    I: 40118e (flow 40119e)
      Successors: 401194, 40119e
  BB: 401d6e in func 401150 with 1 insts
    I: 401d6e (flow 402406)
      Successors: 402406
  BB: 401971 in func 401150 with 1 insts
    I: 401971 (flow 401b41)
      Successors: 401b41
  BB: 40216f in func 401150 with 1 insts
    I: 40216f (flow 402209)
      Successors: 402209
  BB: 401573 in func 401150 with 2 insts
    I: 401573
    I: 401577 (flow 40160d)
      Successors: 40160d, 40157d
  BB: 401b74 in func 401150 with 1 insts
    I: 401b74 (flow 4023e6)
      Successors: 4023e6
  BB: 401d73 in func 401150 with 15 insts
    I: 401d73 (imm 40502c)
    I: 401d7a
    I: 401d7c (imm 405030)
    I: 401d83
    I: 401d85
    I: 401d87
    I: 401d8a
    I: 401d8d
    I: 401d90
    I: 401d93
    I: 401d96
    I: 401d99
    I: 401d9c
    I: 401d9e
    I: 401da0 (flow 401dab)
      Successors: 401dab, 401da6
  BB: 401976 in func 401150 with 15 insts
    I: 401976 (imm 40502c)
    I: 40197d
    I: 40197f (imm 405030)
    I: 401986
    I: 401988
    I: 40198a
    I: 40198d
    I: 401990
    I: 401993
    I: 401996
    I: 401999
    I: 40199c
    I: 40199f
    I: 4019a1
    I: 4019a3 (flow 4019ae)
      Successors: 4019a9, 4019ae
  BB: 402174 in func 401150 with 2 insts
    I: 402174
    I: 402178 (flow 402204)
      Successors: 402204, 40217e
  BB: 401b79 in func 401150 with 18 insts
    I: 401b79
    I: 401b7d
    I: 401b80
    I: 401b83 (imm 40502c)
    I: 401b8a
    I: 401b8c (imm 405030)
    I: 401b93
    I: 401b95
    I: 401b97
    I: 401b9a
    I: 401b9d
    I: 401ba0
    I: 401ba3
    I: 401ba6
    I: 401ba9
    I: 401bac
    I: 401bae
    I: 401bb0 (flow 401bbb)
      Successors: 401bbb, 401bb6
  BB: 40237b in func 401150 with 4 insts
    I: 40237b (imm 403007)
    I: 402385
    I: 402387 (flow 405040)
    I: 40238c (flow 4015bf)
      Successors: 4015bf
  BB: 40157d in func 401150 with 2 insts
    I: 40157d
    I: 401581 (flow 40160d)
      Successors: 40160d, 401587
  BB: 40217e in func 401150 with 15 insts
    I: 40217e (imm 40502c)
    I: 402185
    I: 402187 (imm 405030)
    I: 40218e
    I: 402190
    I: 402192
    I: 402195
    I: 402198
    I: 40219b
    I: 40219e
    I: 4021a1
    I: 4021a4
    I: 4021a7
    I: 4021a9
    I: 4021ab (flow 4021b6)
      Successors: 4021b1, 4021b6
  BB: 401587 in func 401150 with 15 insts
    I: 401587 (imm 40502c)
    I: 40158e
    I: 401590 (imm 405030)
    I: 401597
    I: 401599
    I: 40159b
    I: 40159e
    I: 4015a1
    I: 4015a4
    I: 4015a7
    I: 4015aa
    I: 4015ad
    I: 4015b0
    I: 4015b2
    I: 4015b4 (flow 4015bf)
      Successors: 4015ba, 4015bf
  BB: 40178a in func 401150 with 1 insts
    I: 40178a (flow 40239b)
      Successors: 40239b
  BB: 40178f in func 401150 with 18 insts
    I: 40178f (imm 403007)
    I: 401799
    I: 40179b (flow 405040)
    I: 4017a0 (imm 40502c)
    I: 4017a7
    I: 4017a9 (imm 405030)
    I: 4017b0
    I: 4017b2
    I: 4017b4
    I: 4017b7
    I: 4017ba
    I: 4017bd
    I: 4017c0
    I: 4017c3
    I: 4017c6
    I: 4017c9
    I: 4017cb
    I: 4017cd (flow 4017d8)
      Successors: 4017d8, 4017d3
  BB: 402391 in func 401150 with 1 insts
    I: 402391 (flow 401645)
      Successors: 401645
  BB: 401f92 in func 401150 with 1 insts
    I: 401f92 (flow 40241c)
      Successors: 40241c
  BB: 401194 in func 401150 with 3 insts
    I: 401194
    I: 401198
    I: 40119b
      Successors: 40119e
  BB: 402396 in func 401150 with 1 insts
    I: 402396 (flow 4016e5)
      Successors: 4016e5
  BB: 401f97 in func 401150 with 1 insts
    I: 401f97 (flow 401f9c)
      Successors: 401f9c
  BB: 40239b in func 401150 with 4 insts
    I: 40239b (imm 403007)
    I: 4023a5
    I: 4023a7 (flow 405040)
    I: 4023ac (flow 40178f)
      Successors: 40178f
  BB: 401f9c in func 401150 with 4 insts
    I: 401f9c
    I: 401f9f
    I: 401fa2
    I: 401fa5 (flow 401dd5)
      Successors: 401dd5
  BB: 40119e in func 401150 with 3 insts
    I: 40119e
    I: 4011a1
    I: 4011a3 (flow 4011ae)
      Successors: 4011a9, 4011ae
  BB: 401da6 in func 401150 with 1 insts
    I: 401da6 (flow 402406)
      Successors: 402406
  BB: 4011a9 in func 401150 with 1 insts
    I: 4011a9 (flow 4022a0)
      Successors: 4022a0
  BB: 4019a9 in func 401150 with 1 insts
    I: 4019a9 (flow 4023c7)
      Successors: 4023c7
  BB: 401dab in func 401150 with 1 insts
    I: 401dab (flow 401db0)
      Successors: 401db0
  BB: 401faa in func 401150 with 15 insts
    I: 401faa (imm 40502c)
    I: 401fb1
    I: 401fb3 (imm 405030)
    I: 401fba
    I: 401fbc
    I: 401fbe
    I: 401fc1
    I: 401fc4
    I: 401fc7
    I: 401fca
    I: 401fcd
    I: 401fd0
    I: 401fd3
    I: 401fd5
    I: 401fd7 (flow 401fe2)
      Successors: 401fe2, 401fdd
  BB: 4011ae in func 401150 with 1 insts
    I: 4011ae
      Successors: 4011b5
  BB: 4013ae in func 401150 with 1 insts
    I: 4013ae (flow 402357)
      Successors: 402357
  BB: 4019ae in func 401150 with 19 insts
    I: 4019ae
    I: 4019b1
    I: 4019b4
    I: 4019b7
    I: 4019ba (imm 40502c)
    I: 4019c1
    I: 4019c3 (imm 405030)
    I: 4019ca
    I: 4019cc
    I: 4019ce
    I: 4019d1
    I: 4019d4
    I: 4019d7
    I: 4019da
    I: 4019dd
    I: 4019e0
    I: 4019e3
    I: 4019e5
    I: 4019e7 (flow 4019f2)
      Successors: 4019f2, 4019ed
  BB: 401db0 in func 401150 with 1 insts
    I: 401db0 (flow 401db5)
      Successors: 401db5
  BB: 4021b1 in func 401150 with 1 insts
    I: 4021b1 (flow 402452)
      Successors: 402452
  BB: 4013b3 in func 401150 with 3 insts
    I: 4013b3
    I: 4013b6
    I: 4013b8 (flow 4013c3)
      Successors: 4013c3, 4013be
  BB: 4023b1 in func 401150 with 1 insts
    I: 4023b1 (flow 40181a)
      Successors: 40181a
  BB: 4011b5 in func 401150 with 2 insts
    I: 4011b5
    I: 4011b9 (flow 401262)
      Successors: 401262, 4011bf
  BB: 401bb6 in func 401150 with 1 insts
    I: 401bb6 (flow 4023e6)
      Successors: 4023e6
  BB: 401db5 in func 401150 with 1 insts
    I: 401db5 (flow 401dba)
      Successors: 401dba
  BB: 4021b6 in func 401150 with 18 insts
    I: 4021b6 (imm 403007)
    I: 4021c0
    I: 4021c2 (flow 405040)
    I: 4021c7 (imm 40502c)
    I: 4021ce
    I: 4021d0 (imm 405030)
    I: 4021d7
    I: 4021d9
    I: 4021db
    I: 4021de
    I: 4021e1
    I: 4021e4
    I: 4021e7
    I: 4021ea
    I: 4021ed
    I: 4021f0
    I: 4021f2
    I: 4021f4 (flow 4021ff)
      Successors: 4021fa, 4021ff
  BB: 4023b6 in func 401150 with 2 insts
    I: 4023b6
    I: 4023bd (flow 4018a8)
      Successors: 4018a8
  BB: 4015ba in func 401150 with 1 insts
    I: 4015ba (flow 40237b)
      Successors: 40237b
  BB: 401bbb in func 401150 with 3 insts
    I: 401bbb
    I: 401bbe
    I: 401bc0 (flow 401bcb)
      Successors: 401bcb, 401bc6
  BB: 401dba in func 401150 with 1 insts
    I: 401dba (flow 401dbf)
      Successors: 401dbf
  BB: 4013be in func 401150 with 1 insts
    I: 4013be (flow 4013ca)
      Successors: 4013ca
  BB: 4011bf in func 401150 with 15 insts
    I: 4011bf (imm 40502c)
    I: 4011c6
    I: 4011c8 (imm 405030)
    I: 4011cf
    I: 4011d1
    I: 4011d3
    I: 4011d6
    I: 4011d9
    I: 4011dc
    I: 4011df
    I: 4011e2
    I: 4011e5
    I: 4011e8
    I: 4011ea
    I: 4011ec (flow 4011f7)
      Successors: 4011f2, 4011f7
  BB: 4015bf in func 401150 with 18 insts
    I: 4015bf (imm 403007)
    I: 4015c9
    I: 4015cb (flow 405040)
    I: 4015d0 (imm 40502c)
    I: 4015d7
    I: 4015d9 (imm 405030)
    I: 4015e0
    I: 4015e2
    I: 4015e4
    I: 4015e7
    I: 4015ea
    I: 4015ed
    I: 4015f0
    I: 4015f3
    I: 4015f6
    I: 4015f9
    I: 4015fb
    I: 4015fd (flow 401608)
      Successors: 401608, 401603
  BB: 401dbf in func 401150 with 3 insts
    I: 401dbf
    I: 401dc3
    I: 401dc8 (flow 402218)
      Successors: 402218, 401dce
  BB: 4023c2 in func 401150 with 1 insts
    I: 4023c2 (flow 401924)
      Successors: 401924
  BB: 4013c3 in func 401150 with 1 insts
    I: 4013c3
      Successors: 4013ca
  BB: 401bc6 in func 401150 with 1 insts
    I: 401bc6 (flow 401c6b)
      Successors: 401c6b
  BB: 4023c7 in func 401150 with 1 insts
    I: 4023c7 (flow 4019ae)
      Successors: 4019ae
  BB: 4013ca in func 401150 with 3 insts
    I: 4013ca
    I: 4013ce
    I: 4013d3 (flow 401455)
      Successors: 4013d9, 401455
  BB: 401bcb in func 401150 with 15 insts
    I: 401bcb (imm 40502c)
    I: 401bd2
    I: 401bd4 (imm 405030)
    I: 401bdb
    I: 401bdd
    I: 401bdf
    I: 401be2
    I: 401be5
    I: 401be8
    I: 401beb
    I: 401bee
    I: 401bf1
    I: 401bf4
    I: 401bf6
    I: 401bf8 (flow 401c03)
      Successors: 401c03, 401bfe
  BB: 4023cc in func 401150 with 2 insts
    I: 4023cc
    I: 4023d3 (flow 401a75)
      Successors: 401a75
  BB: 401dce in func 401150 with 1 insts
    I: 401dce
      Successors: 401dd5
  BB: 4017d3 in func 401150 with 1 insts
    I: 4017d3 (flow 40239b)
      Successors: 40239b
  BB: 401dd5 in func 401150 with 2 insts
    I: 401dd5
    I: 401dd9 (flow 401faa)
      Successors: 401faa, 401ddf
  BB: 4017d8 in func 401150 with 1 insts
    I: 4017d8 (flow 4017dd)
      Successors: 4017dd
  BB: 4013d9 in func 401150 with 15 insts
    I: 4013d9 (imm 40502c)
    I: 4013e0
    I: 4013e2 (imm 405030)
    I: 4013e9
    I: 4013eb
    I: 4013ed
    I: 4013f0
    I: 4013f3
    I: 4013f6
    I: 4013f9
    I: 4013fc
    I: 4013ff
    I: 401402
    I: 401404
    I: 401406 (flow 401411)
      Successors: 401411, 40140c
  BB: 4023d8 in func 401150 with 4 insts
    I: 4023d8
    I: 4023db
    I: 4023de
    I: 4023e1 (flow 401afb)
      Successors: 401afb
  BB: 4017dd in func 401150 with 1 insts
    I: 4017dd (flow 4017e2)
      Successors: 4017e2
  BB: 401fdd in func 401150 with 1 insts
    I: 401fdd (flow 402421)
      Successors: 402421
  BB: 401ddf in func 401150 with 15 insts
    I: 401ddf (imm 40502c)
    I: 401de6
    I: 401de8 (imm 405030)
    I: 401def
    I: 401df1
    I: 401df3
    I: 401df6
    I: 401df9
    I: 401dfc
    I: 401dff
    I: 401e02
    I: 401e05
    I: 401e08
    I: 401e0a
    I: 401e0c (flow 401e17)
      Successors: 401e12, 401e17
  BB: 4017e2 in func 401150 with 15 insts
    I: 4017e2 (imm 40502c)
    I: 4017e9
    I: 4017eb (imm 405030)
    I: 4017f2
    I: 4017f4
    I: 4017f6
    I: 4017f9
    I: 4017fc
    I: 4017ff
    I: 401802
    I: 401805
    I: 401808
    I: 40180b
    I: 40180d
    I: 40180f (flow 40181a)
      Successors: 40181a, 401815
  BB: 401fe2 in func 401150 with 18 insts
    I: 401fe2
    I: 401fe6
    I: 401fe9
    I: 401fec (imm 40502c)
    I: 401ff3
    I: 401ff5 (imm 405030)
    I: 401ffc
    I: 401ffe
    I: 402000
    I: 402003
    I: 402006
    I: 402009
    I: 40200c
    I: 40200f
    I: 402012
    I: 402015
    I: 402017
    I: 402019 (flow 402024)
      Successors: 402024, 40201f
  BB: 4023e6 in func 401150 with 1 insts
    I: 4023e6 (flow 401b79)
      Successors: 401b79
  BB: 4023eb in func 401150 with 1 insts
    I: 4023eb (flow 401c03)
      Successors: 401c03
  BB: 4019ed in func 401150 with 1 insts
    I: 4019ed (flow 4023c7)
      Successors: 4023c7
  BB: 4023f0 in func 401150 with 4 insts
    I: 4023f0 (imm 403007)
    I: 4023fa
    I: 4023fc (flow 405040)
    I: 402401 (flow 401ced)
      Successors: 401ced
  BB: 4011f2 in func 401150 with 1 insts
    I: 4011f2 (flow 402318)
      Successors: 402318
  BB: 4019f2 in func 401150 with 3 insts
    I: 4019f2
    I: 4019f5
    I: 4019f7 (flow 401a02)
      Successors: 401a02, 4019fd
  BB: 4011f7 in func 401150 with 22 insts
    I: 4011f7
    I: 4011fb
    I: 4011ff
    I: 401203
    I: 401206 (imm 403004)
    I: 401210
    I: 401212 (flow 405050)
    I: 401217 (imm 40502c)
    I: 40121e
    I: 401220 (imm 405030)
    I: 401227
    I: 401229
    I: 40122b
    I: 40122e
    I: 401231
    I: 401234
    I: 401237
    I: 40123a
    I: 40123d
    I: 401240
    I: 401242
    I: 401244 (flow 40124f)
      Successors: 40124a, 40124f
  BB: 4021fa in func 401150 with 1 insts
    I: 4021fa (flow 402452)
      Successors: 402452
  BB: 4019fd in func 401150 with 1 insts
    I: 4019fd (flow 401abe)
      Successors: 401abe
  BB: 401bfe in func 401150 with 1 insts
    I: 401bfe (flow 4023eb)
      Successors: 4023eb
  BB: 4021ff in func 401150 with 1 insts
    I: 4021ff (flow 402204)
      Successors: 402204
Recovering .term_proc at 40247c
  Analysing subroutine .term_proc at 40247c
    Block head at 00402489 is not code.
  Subroutine .term_proc at 40247c has 1 blocks
  BB: 40247c in func 40247c with 4 insts
    I: 40247c
    I: 402480
    I: 402484
    I: 402488
      No successors
Global Variable None
WARNING: Global constructor and destructor sections are adjacent!
Recovering region LOAD [400000, 400520) in segment LOAD
  8-byte reference at 400018 to 401060 (start)
  8-byte reference at 4000f8 to 401000 (.init_proc)
  8-byte reference at 400130 to 403000 ()
  8-byte reference at 400168 to 404de8 ()
  8-byte reference at 400280 to 403010 ()
  8-byte reference at 4002f0 to 404de8 ()
Recovering region .init [401000, 40101b) in segment .init
Recovering region LOAD [40101b, 401020) in segment LOAD
Recovering region .plt [401020, 401060) in segment .plt
Recovering region .text [401060, 40247b) in segment .text
Recovering region LOAD [40247b, 40247c) in segment LOAD
Recovering region .fini [40247c, 402489) in segment .fini
Recovering region .rodata [403000, 403010) in segment .rodata
  Variable format at 403007
  Variable a1 at 40300a
  Variable a2 at 40300d
Recovering region .eh_frame_hdr [403010, 40303c) in segment .eh_frame_hdr
Recovering region LOAD [40303c, 403040) in segment LOAD
Recovering region .eh_frame [403040, 4030d0) in segment .eh_frame
Recovering region LOAD [4030d0, 403110) in segment LOAD
Recovering region .init_array [404de8, 404df8) in segment .init_array
  8-byte reference at 404de8 to 401140 ()
  8-byte reference at 404df0 to 401110 ()
Recovering region LOAD [404df8, 404fd8) in segment LOAD
Recovering region .got [404fd8, 404fe8) in segment .got
  8-byte reference at 404fd8 to 405038 (__libc_start_main)
  8-byte reference at 404fe0 to 405058 (__gmon_start__)
Recovering region .got.plt [404fe8, 405018) in segment .got.plt
  8-byte reference at 405000 to 405040 (printf)
  8-byte reference at 405008 to 405048 (memset)
  8-byte reference at 405010 to 405050 (__isoc99_scanf)
Recovering region .data [405018, 405028) in segment .data
Recovering region .bss [405028, 405038) in segment .bss
Recovering extern function printf at 401030
Recovering extern function memset at 401040
Recovering extern function __isoc99_scanf at 401050
Recovering extern function __libc_start_main at 405038
Recovering extern function printf at 405040
Recovering extern function memset at 405048
Recovering extern function __isoc99_scanf at 405050
Recovering extern function __gmon_start__ at 405058
Recovered 8 functions.
Saving to: /home/ubuntu/capstone_project/result/pipeline_20260629_141746/s202037324_bcf.cfg
Done analysis!
