Debugging is enabled.
Loading Standard Definitions file: /home/ubuntu/capstone_project/dependency/mcsema/mcsema/lib/python3/site-packages/mcsema_disass-3.1.3.8-py3.8.egg/mcsema_disass/defs/linux.txt
Using Batch mode.
Starting analysis
Recovering module s202037324_bcf_instsub.elf
Found main at 401150
Looking for instructions in segment .init
  Default block heads for function 401000 with loose bounds [401000, 40101b)
    block [401000, 401014)
    block [401014, 401016)
    block [401016, 40101b)
    chunk [401000, 40101b)
Looking for instructions in segment .plt
  Default block heads for function 401020 with loose bounds [401020, 40102c)
    block [401020, 40102c)
    chunk [401020, 40102c)
  Default block heads for function 401030 with loose bounds [401030, 401036)
    block [401030, 401036)
    chunk [401030, 401036)
  Default block heads for function 401040 with loose bounds [401040, 401046)
    block [401040, 401046)
    chunk [401040, 401046)
  Default block heads for function 401050 with loose bounds [401050, 401056)
    block [401050, 401056)
    chunk [401050, 401056)
Looking for instructions in segment .text
  Default block heads for function 401060 with loose bounds [401060, 401086)
    block [401060, 401086)
    chunk [401060, 401086)
  Default block heads for function 4010a0 with loose bounds [4010a0, 4010c1)
    block [4010a0, 4010ad)
    block [4010ad, 4010b7)
    block [4010b7, 4010be)
    block [4010c0, 4010c1)
    chunk [4010a0, 4010c1)
  Default block heads for function 401110 with loose bounds [401110, 401131)
    block [401110, 40111d)
    block [40111d, 40112f)
    block [401130, 401131)
    chunk [401110, 401131)
  Default block heads for function 401140 with loose bounds [401140, 401146)
    block [401140, 401146)
    chunk [401140, 401146)
    chunk [4010d0, 401101)
  Default block heads for function 401150 with loose bounds [401150, 4032e0)
    block [401150, 40116f)
    block [40116f, 4011e7)
    block [4011e7, 4011ec)
    block [4011ec, 401282)
    block [401282, 401287)
    block [401287, 401298)
    block [401298, 40129d)
    block [40129d, 4012a7)
    block [4012a7, 4012f2)
    block [4012f2, 4012f7)
    block [4012f7, 40133c)
    block [40133c, 401341)
    block [401341, 40134c)
    block [40134c, 401351)
    block [401351, 401396)
    block [401396, 40139b)
    block [40139b, 401412)
    block [401412, 401417)
    block [401417, 40141c)
    block [40141c, 401461)
    block [401461, 401466)
    block [401466, 4014e8)
    block [4014e8, 4014ed)
    block [4014ed, 4014f8)
    block [4014f8, 4014fd)
    block [4014fd, 401537)
    block [401537, 40157c)
    block [40157c, 401581)
    block [401581, 4015cd)
    block [4015cd, 4015d2)
    block [4015d2, 4015d7)
    block [4015d7, 40164f)
    block [40164f, 401654)
    block [401654, 4016d6)
    block [4016d6, 4016db)
    block [4016db, 4016e6)
    block [4016e6, 4016eb)
    block [4016eb, 40170f)
    block [40170f, 401716)
    block [401716, 401720)
    block [401720, 401765)
    block [401765, 40176a)
    block [40176a, 4017e6)
    block [4017e6, 4017eb)
    block [4017eb, 4017f6)
    block [4017f6, 4017fb)
    block [4017fb, 40180a)
    block [40180a, 401811)
    block [401811, 401856)
    block [401856, 40185b)
    block [40185b, 4018e2)
    block [4018e2, 4018e7)
    block [4018e7, 4018f2)
    block [4018f2, 4018f7)
    block [4018f7, 40196f)
    block [40196f, 401974)
    block [401974, 4019c0)
    block [4019c0, 4019c5)
    block [4019c5, 4019ca)
    block [4019ca, 401a0f)
    block [401a0f, 401a14)
    block [401a14, 401a93)
    block [401a93, 401a98)
    block [401a98, 401aa3)
    block [401aa3, 401aa8)
    block [401aa8, 401b20)
    block [401b20, 401b25)
    block [401b25, 401b9c)
    block [401b9c, 401ba1)
    block [401ba1, 401ba6)
    block [401ba6, 401beb)
    block [401beb, 401bf0)
    block [401bf0, 401c35)
    block [401c35, 401c3a)
    block [401c3a, 401c3f)
    block [401c3f, 401c44)
    block [401c44, 401cb4)
    block [401cb4, 401cb9)
    block [401cb9, 401d11)
    block [401d11, 401d16)
    block [401d16, 401d1b)
    block [401d1b, 401d25)
    block [401d25, 401d2f)
    block [401d2f, 401d45)
    block [401d45, 401d4f)
    block [401d4f, 401d8c)
    block [401d8c, 401d91)
    block [401d91, 401e1a)
    block [401e1a, 401e1f)
    block [401e1f, 401e24)
    block [401e24, 401e61)
    block [401e61, 401e66)
    block [401e66, 401ee0)
    block [401ee0, 401ee5)
    block [401ee5, 401ef0)
    block [401ef0, 401ef5)
    block [401ef5, 401f65)
    block [401f65, 401f6a)
    block [401f6a, 401feb)
    block [401feb, 401ff0)
    block [401ff0, 401ff5)
    block [401ff5, 402032)
    block [402032, 402037)
    block [402037, 4020b9)
    block [4020b9, 4020be)
    block [4020be, 4020c9)
    block [4020c9, 4020ce)
    block [4020ce, 402113)
    block [402113, 402118)
    block [402118, 40216e)
    block [40216e, 402173)
    block [402173, 402178)
    block [402178, 40217d)
    block [40217d, 402182)
    block [402182, 4021c7)
    block [4021c7, 4021cc)
    block [4021cc, 402244)
    block [402244, 402249)
    block [402249, 40224e)
    block [40224e, 4022c6)
    block [4022c6, 4022cb)
    block [4022cb, 402308)
    block [402308, 40230d)
    block [40230d, 402312)
    block [402312, 40234f)
    block [40234f, 402354)
    block [402354, 4023a8)
    block [4023a8, 4023ad)
    block [4023ad, 4023b8)
    block [4023b8, 4023bd)
    block [4023bd, 402402)
    block [402402, 402407)
    block [402407, 40247e)
    block [40247e, 402483)
    block [402483, 402488)
    block [402488, 402492)
    block [402492, 40249e)
    block [40249e, 4024ad)
    block [4024ad, 4024b4)
    block [4024b4, 4024c3)
    block [4024c3, 4024ca)
    block [4024ca, 4024d9)
    block [4024d9, 4024e0)
    block [4024e0, 4024e5)
    block [4024e5, 4024ea)
    block [4024ea, 402502)
    block [402502, 40250c)
    block [40250c, 402516)
    block [402516, 40258e)
    block [40258e, 402593)
    block [402593, 4025e9)
    block [4025e9, 4025ee)
    block [4025ee, 4025f3)
    block [4025f3, 4025fd)
    block [4025fd, 402642)
    block [402642, 402647)
    block [402647, 40269d)
    block [40269d, 4026a2)
    block [4026a2, 4026a7)
    block [4026a7, 4026b1)
    block [4026b1, 4026c7)
    block [4026c7, 4026d1)
    block [4026d1, 4026e2)
    block [4026e2, 4026e7)
    block [4026e7, 4026ec)
    block [4026ec, 4026f1)
    block [4026f1, 4026f6)
    block [4026f6, 40273b)
    block [40273b, 402740)
    block [402740, 4027c7)
    block [4027c7, 4027cc)
    block [4027cc, 4027d7)
    block [4027d7, 4027dc)
    block [4027dc, 4027e3)
    block [4027e3, 402828)
    block [402828, 40282d)
    block [40282d, 402874)
    block [402874, 402879)
    block [402879, 402884)
    block [402884, 402889)
    block [402889, 4028ce)
    block [4028ce, 4028d3)
    block [4028d3, 402957)
    block [402957, 40295c)
    block [40295c, 402967)
    block [402967, 40296c)
    block [40296c, 4029dc)
    block [4029dc, 4029e1)
    block [4029e1, 402a35)
    block [402a35, 402a3a)
    block [402a3a, 402a45)
    block [402a45, 402a4a)
    block [402a4a, 402a51)
    block [402a51, 402a60)
    block [402a60, 402a67)
    block [402a67, 402a76)
    block [402a76, 402abb)
    block [402abb, 402ac0)
    block [402ac0, 402b0c)
    block [402b0c, 402b11)
    block [402b11, 402b16)
    block [402b16, 402b53)
    block [402b53, 402b58)
    block [402b58, 402b9d)
    block [402b9d, 402ba2)
    block [402ba2, 402ba7)
    block [402ba7, 402bac)
    block [402bac, 402bf1)
    block [402bf1, 402bf6)
    block [402bf6, 402c46)
    block [402c46, 402c4b)
    block [402c4b, 402c50)
    block [402c50, 402c5a)
    block [402c5a, 402cca)
    block [402cca, 402ccf)
    block [402ccf, 402d49)
    block [402d49, 402d4e)
    block [402d4e, 402d59)
    block [402d59, 402d5e)
    block [402d5e, 402dd6)
    block [402dd6, 402ddb)
    block [402ddb, 402e29)
    block [402e29, 402e2e)
    block [402e2e, 402e33)
    block [402e33, 402e3d)
    block [402e3d, 402eb5)
    block [402eb5, 402eba)
    block [402eba, 402f10)
    block [402f10, 402f15)
    block [402f15, 402f1a)
    block [402f1a, 402f5f)
    block [402f5f, 402f64)
    block [402f64, 402fde)
    block [402fde, 402fe3)
    block [402fe3, 402fee)
    block [402fee, 402ff3)
    block [402ff3, 403009)
    block [403009, 403013)
    block [403013, 403024)
    block [403024, 403029)
    block [403029, 40302e)
    block [40302e, 4030a6)
    block [4030a6, 4030ab)
    block [4030ab, 40311b)
    block [40311b, 403120)
    block [403120, 403125)
    block [403125, 40312a)
    block [40312a, 40312f)
    block [40312f, 403141)
    block [403141, 403146)
    block [403146, 40314e)
    block [40314e, 403168)
    block [403168, 40316d)
    block [40316d, 403179)
    block [403179, 40317e)
    block [40317e, 40318a)
    block [40318a, 40318f)
    block [40318f, 403194)
    block [403194, 403199)
    block [403199, 4031a5)
    block [4031a5, 4031aa)
    block [4031aa, 4031b6)
    block [4031b6, 4031bb)
    block [4031bb, 4031d5)
    block [4031d5, 4031eb)
    block [4031eb, 4031f0)
    block [4031f0, 403206)
    block [403206, 40320b)
    block [40320b, 403221)
    block [403221, 403226)
    block [403226, 40322b)
    block [40322b, 403230)
    block [403230, 40323c)
    block [40323c, 403252)
    block [403252, 403268)
    block [403268, 40326d)
    block [40326d, 403272)
    block [403272, 403277)
    block [403277, 40327c)
    block [40327c, 403288)
    block [403288, 40328d)
    block [40328d, 4032a5)
    block [4032a5, 4032aa)
    block [4032aa, 4032c0)
    block [4032c0, 4032d6)
    block [4032d6, 4032db)
    block [4032db, 4032e0)
    chunk [401150, 4032e0)
Looking for instructions in segment .fini
  Default block heads for function 4032e0 with loose bounds [4032e0, 4032ed)
    block [4032e0, 4032ed)
    chunk [4032e0, 4032ed)
Looking for strings in segment .rodata [404000, 404010)
  Found string b'3\n' of length 3 at 404007, jumping to 40400a
  Found string b'1\n' of length 3 at 40400a, jumping to 40400d
  Found string b'2\n' of length 3 at 40400d, jumping to 404010
Looking for strings in segment .eh_frame_hdr [404010, 40403c)
Looking for strings in segment .eh_frame [404040, 4040d0)
Looking for strings in segment .init_array [405de8, 405df0)
Looking for strings in segment .fini_array [405df0, 405df8)
Looking for strings in segment .got [405fd8, 405fe8)
Looking for strings in segment .got.plt [405fe8, 406018)
Looking for strings in segment .data [406018, 406028)
Looking for strings in segment .bss [406028, 406038)
Looking for strings in segment extern [406038, 406060)
Looking for cross-references in segment .init [401000, 40101b)
Looking for cross-references in segment .plt [401020, 401060)
  Stopping scan at 40102c
Looking for cross-references in segment .text [401060, 4032e0)
  Stopping scan at 40108c
  Stopping scan at 40109c
  Stopping scan at ffffffffffffffff
  Stopping scan at 4010cc
  Stopping scan at 40110c
  Stopping scan at ffffffffffffffff
  Stopping scan at 40113c
  Stopping scan at 40114c
Looking for cross-references in segment .fini [4032e0, 4032ed)
Looking for cross-references in segment .rodata [404000, 404010)
  Stopping scan at 40400c
Looking for cross-references in segment .eh_frame_hdr [404010, 40403c)
  Stopping scan at 404038
Looking for cross-references in segment .eh_frame [404040, 4040d0)
  Stopping scan at 4040cc
Looking for cross-references in segment .init_array [405de8, 405df0)
  Adding qword reference from 405de8 to 401140
  Stopping scan at 405de8
Looking for cross-references in segment .fini_array [405df0, 405df8)
  Adding qword reference from 405df0 to 401110
  Stopping scan at 405df0
Looking for cross-references in segment .got [405fd8, 405fe8)
  Adding qword reference from 405fd8 to 406038
  Adding qword reference from 405fe0 to 406058
  Stopping scan at 405fe0
Looking for cross-references in segment .got.plt [405fe8, 406018)
  Adding qword reference from 406000 to 406040
  Adding qword reference from 406008 to 406048
  Adding qword reference from 406010 to 406050
  Stopping scan at 406010
Looking for cross-references in segment .data [406018, 406028)
  Stopping scan at 406024
Looking for cross-references in segment .bss [406028, 406038)
  Stopping scan at 406034
Looking for cross-references in segment extern [406038, 406060)
  Stopping scan at 40605c
Looking for thunks
  Found thunk for printf targeting 406040 at 401030
  Found thunk for memset targeting 406048 at 401040
  Found thunk for __isoc99_scanf targeting 406050 at 401050
Looking for external symbols
  Function at 401030 is the external function printf
  Function at 401040 is the external function memset
  Function at 401050 is the external function __isoc99_scanf
  Function at 406038 is the external function __libc_start_main
  Function at 406040 is the external function printf
  Function at 406048 is the external function memset
  Function at 406050 is the external function __isoc99_scanf
  Function at 406058 is the external function __gmon_start__
Looking for entrypoints
Recovering .init_proc at 401000
  Analysing subroutine .init_proc at 401000
    Block head at 0040101b is not code.
  Subroutine .init_proc at 401000 has 3 blocks
  BB: 401000 in func 401000 with 5 insts
    Referenced by data
    I: 401000
    I: 401004
    I: 401008 (mem 405fe0)
    I: 40100f
    I: 401012 (flow 401016)
      Successors: 401014, 401016
  BB: 401014 in func 401000 with 1 insts
    I: 401014
      Successors: 401016
  BB: 401016 in func 401000 with 2 insts
    I: 401016
    I: 40101a
      No successors
Recovering 401020
  Analysing subroutine sub_401020 at 401020
  WARNING: No table entries for indirect jump at 401026; Adding next_ea 40102c as successor.
  Subroutine sub_401020 at 401020 has 2 blocks
  WARNING: No table entries for indirect jump at 401026; Adding next_ea 40102c as successor.
  BB: 401020 in func 401020 with 2 insts
    I: 401020 (mem 405ff0)
    I: 401026 (mem 405ff8)
      Successors: 40102c
  BB: 40102c in func 401020 with 1 insts
    I: 40102c
      No successors
Recovering start at 401060
  Analysing subroutine start at 401060
  Subroutine start at 401060 has 3 blocks
  BB: 401060 in func 401060 with 13 insts
    Referenced by data
    I: 401060
    I: 401064
    I: 401066
    I: 401069
    I: 40106a
    I: 40106d
    I: 401071
    I: 401072
    I: 401073
    I: 401076
    I: 401078 (imm 401150)
    I: 40107f (mem 405fd8)
    I: 401085
      No successors
  BB: 401095 in func 401060 with 2 insts
    I: 401095
    I: 40109f
      No successors
  BB: 401086 in func 401060 with 3 insts
    I: 401086
    I: 401090
    I: 401094
      No successors
Recovering 4010a0
  Analysing subroutine sub_4010A0 at 4010a0
  WARNING: No table entries for indirect jump at 4010bc; Adding next_ea 4010be as successor.
  WARNING: No table entries for indirect jump at 4010fe; Adding next_ea 401100 as successor.
  Subroutine sub_4010A0 at 4010a0 has 11 blocks
  BB: 4010a0 in func 4010a0 with 3 insts
    I: 4010a0 (imm 406028)
    I: 4010a5 (imm 406028)
    I: 4010ab (flow 4010c0)
      Successors: 4010c0, 4010ad
  BB: 4010c0 in func 4010a0 with 1 insts
    I: 4010c0
      No successors
  BB: 4010c1 in func 4010a0 with 2 insts
    I: 4010c1
    I: 4010c5
      Successors: 4010d0
  BB: 401100 in func 4010a0 with 1 insts
    I: 401100
      No successors
  BB: 401101 in func 4010a0 with 2 insts
    I: 401101
    I: 401105
      No successors
  BB: 4010ad in func 4010a0 with 3 insts
    I: 4010ad
    I: 4010b2
    I: 4010b5 (flow 4010c0)
      Successors: 4010c0, 4010b7
  BB: 4010ef in func 4010a0 with 3 insts
    I: 4010ef
    I: 4010f4
    I: 4010f7 (flow 401100)
      Successors: 401100, 4010f9
  BB: 4010d0 in func 4010a0 with 8 insts
    I: 4010d0 (imm 406028)
    I: 4010d5 (imm 406028)
    I: 4010dc
    I: 4010df
    I: 4010e3
    I: 4010e7
    I: 4010ea
    I: 4010ed (flow 401100)
      Successors: 401100, 4010ef
  WARNING: No table entries for indirect jump at 4010bc; Adding next_ea 4010be as successor.
  BB: 4010b7 in func 4010a0 with 2 insts
    I: 4010b7 (imm 406028)
    I: 4010bc
      Successors: 4010be
  WARNING: No table entries for indirect jump at 4010fe; Adding next_ea 401100 as successor.
  BB: 4010f9 in func 4010a0 with 2 insts
    I: 4010f9 (imm 406028)
    I: 4010fe
      Successors: 401100
  BB: 4010be in func 4010a0 with 1 insts
    I: 4010be
      Successors: 4010c0
Recovering 401110
  Analysing subroutine sub_401110 at 401110
  Subroutine sub_401110 at 401110 has 5 blocks
  BB: 40112f in func 401110 with 1 insts
    I: 40112f
      Successors: 401130
  BB: 401110 in func 401110 with 3 insts
    Referenced by data
    I: 401110
    I: 401114 (mem 406028)
    I: 40111b (flow 401130)
      Successors: 401130, 40111d
  BB: 401131 in func 401110 with 2 insts
    I: 401131
    I: 401135
      No successors
  BB: 401130 in func 401110 with 1 insts
    I: 401130
      No successors
  BB: 40111d in func 401110 with 6 insts
    I: 40111d
    I: 40111e
    I: 401121 (flow 4010a0)
    I: 401126 (mem 406028)
    I: 40112d
    I: 40112e
      No successors
Recovering 401140
  Analysing subroutine sub_401140 at 401140
  WARNING: No table entries for indirect jump at 4010fe; Adding next_ea 401100 as successor.
  Subroutine sub_401140 at 401140 has 6 blocks
  BB: 401140 in func 401140 with 2 insts
    Referenced by data
    I: 401140
    I: 401144 (flow 4010d0)
      Successors: 4010d0
  BB: 401100 in func 401140 with 1 insts
    I: 401100
      No successors
  BB: 401146 in func 401140 with 1 insts
    I: 401146
      No successors
  BB: 4010ef in func 401140 with 3 insts
    I: 4010ef
    I: 4010f4
    I: 4010f7 (flow 401100)
      Successors: 401100, 4010f9
  BB: 4010d0 in func 401140 with 8 insts
    I: 4010d0 (imm 406028)
    I: 4010d5 (imm 406028)
    I: 4010dc
    I: 4010df
    I: 4010e3
    I: 4010e7
    I: 4010ea
    I: 4010ed (flow 401100)
      Successors: 401100, 4010ef
  WARNING: No table entries for indirect jump at 4010fe; Adding next_ea 401100 as successor.
  BB: 4010f9 in func 401140 with 2 insts
    I: 4010f9 (imm 406028)
    I: 4010fe
      Successors: 401100
Recovering main at 401150
  Analysing subroutine main at 401150
  Subroutine main at 401150 has 287 blocks
  BB: 402402 in func 401150 with 1 insts
    I: 402402 (flow 403230)
      Successors: 403230
  BB: 403206 in func 401150 with 1 insts
    I: 403206 (flow 402037)
      Successors: 402037
  BB: 402407 in func 401150 with 37 insts
    I: 402407
    I: 40240e (imm 40602c)
    I: 402415
    I: 402417 (imm 406030)
    I: 40241e
    I: 402420
    I: 402422
    I: 402425
    I: 402427
    I: 402429
    I: 40242c
    I: 40242f
    I: 402432
    I: 402436
    I: 402439
    I: 40243d
    I: 402440
    I: 402443
    I: 402446
    I: 40244a
    I: 40244c
    I: 40244f
    I: 402451
    I: 402453
    I: 402456
    I: 402459
    I: 40245d
    I: 402460
    I: 402463
    I: 402466
    I: 402469
    I: 40246c
    I: 40246f
    I: 402472
    I: 402474
    I: 402476
    I: 402478 (flow 402483)
      Successors: 402483, 40247e
  BB: 403009 in func 401150 with 2 insts
    I: 403009
    I: 40300d (flow 403024)
      Successors: 403013, 403024
  BB: 40180a in func 401150 with 1 insts
    I: 40180a
      Successors: 401811
  BB: 40320b in func 401150 with 4 insts
    I: 40320b (imm 404007)
    I: 403215
    I: 403217 (flow 406040)
    I: 40321c (flow 402118)
      Successors: 402118
  BB: 401a0f in func 401150 with 1 insts
    I: 401a0f (flow 4031a5)
      Successors: 4031a5
  BB: 401811 in func 401150 with 20 insts
    I: 401811 (imm 40602c)
    I: 401818
    I: 40181a (imm 406030)
    I: 401821
    I: 401823
    I: 401825
    I: 40182b
    I: 40182e
    I: 401834
    I: 401837
    I: 40183a
    I: 40183d
    I: 401840
    I: 401843
    I: 401846
    I: 401848
    I: 40184a
    I: 40184c
    I: 40184e
    I: 401850 (flow 40185b)
      Successors: 40185b, 401856
  BB: 401412 in func 401150 with 1 insts
    I: 401412 (flow 40316d)
      Successors: 40316d
  BB: 403013 in func 401150 with 3 insts
    I: 403013 (imm 404007)
    I: 40301d
    I: 40301f (flow 406040)
      Successors: 403024
  BB: 401a14 in func 401150 with 40 insts
    I: 401a14
    I: 401a18
    I: 401a1d
    I: 401a20
    I: 401a23 (imm 40602c)
    I: 401a2a
    I: 401a2c (imm 406030)
    I: 401a33
    I: 401a35
    I: 401a37
    I: 401a3a
    I: 401a3c
    I: 401a3e
    I: 401a41
    I: 401a44
    I: 401a47
    I: 401a4b
    I: 401a4e
    I: 401a52
    I: 401a55
    I: 401a58
    I: 401a5b
    I: 401a5f
    I: 401a61
    I: 401a64
    I: 401a66
    I: 401a68
    I: 401a6b
    I: 401a6e
    I: 401a72
    I: 401a75
    I: 401a78
    I: 401a7b
    I: 401a7e
    I: 401a81
    I: 401a84
    I: 401a87
    I: 401a89
    I: 401a8b
    I: 401a8d (flow 401a98)
      Successors: 401a98, 401a93
  BB: 401417 in func 401150 with 1 insts
    I: 401417 (flow 40141c)
      Successors: 40141c
  BB: 401e1a in func 401150 with 1 insts
    I: 401e1a (flow 4031d5)
      Successors: 4031d5
  BB: 40141c in func 401150 with 20 insts
    I: 40141c (imm 40602c)
    I: 401423
    I: 401425 (imm 406030)
    I: 40142c
    I: 40142e
    I: 401430
    I: 401436
    I: 401439
    I: 40143f
    I: 401442
    I: 401445
    I: 401448
    I: 40144b
    I: 40144e
    I: 401451
    I: 401453
    I: 401455
    I: 401457
    I: 401459
    I: 40145b (flow 401466)
      Successors: 401461, 401466
  BB: 401e1f in func 401150 with 1 insts
    I: 401e1f (flow 402182)
      Successors: 402182
  BB: 403221 in func 401150 with 1 insts
    I: 403221 (flow 4021cc)
      Successors: 4021cc
  BB: 401e24 in func 401150 with 20 insts
    I: 401e24 (imm 40602c)
    I: 401e2b
    I: 401e2d (imm 406030)
    I: 401e34
    I: 401e36
    I: 401e38
    I: 401e3b
    I: 401e3d
    I: 401e3f
    I: 401e42
    I: 401e45
    I: 401e48
    I: 401e4b
    I: 401e4e
    I: 401e51
    I: 401e53
    I: 401e55
    I: 401e57
    I: 401e59
    I: 401e5b (flow 401e66)
      Successors: 401e61, 401e66
  BB: 403024 in func 401150 with 1 insts
    I: 403024 (flow 403029)
      Successors: 403029
  BB: 403226 in func 401150 with 1 insts
    I: 403226 (flow 4022cb)
      Successors: 4022cb
  BB: 402828 in func 401150 with 1 insts
    I: 402828 (flow 40326d)
      Successors: 40326d
  BB: 402e29 in func 401150 with 1 insts
    I: 402e29 (flow 4032aa)
      Successors: 4032aa
  BB: 403029 in func 401150 with 1 insts
    I: 403029 (flow 40302e)
      Successors: 40302e
  BB: 40322b in func 401150 with 1 insts
    I: 40322b (flow 402354)
      Successors: 402354
  BB: 40282d in func 401150 with 23 insts
    I: 40282d
    I: 402831
    I: 402834
    I: 402837 (imm 40602c)
    I: 40283e
    I: 402840 (imm 406030)
    I: 402847
    I: 402849
    I: 40284b
    I: 40284e
    I: 402850
    I: 402852
    I: 402855
    I: 402858
    I: 40285b
    I: 40285e
    I: 402861
    I: 402864
    I: 402866
    I: 402868
    I: 40286a
    I: 40286c
    I: 40286e (flow 402879)
      Successors: 402879, 402874
  BB: 402e2e in func 401150 with 1 insts
    I: 402e2e (flow 403125)
      Successors: 403125
  BB: 40302e in func 401150 with 36 insts
    I: 40302e (imm 40602c)
    I: 403035
    I: 403037 (imm 406030)
    I: 40303e
    I: 403040
    I: 403042
    I: 403048
    I: 40304b
    I: 403051
    I: 403054
    I: 403057
    I: 40305a
    I: 40305e
    I: 403061
    I: 403065
    I: 403068
    I: 40306b
    I: 40306e
    I: 403072
    I: 403074
    I: 403077
    I: 403079
    I: 40307b
    I: 40307e
    I: 403081
    I: 403085
    I: 403088
    I: 40308b
    I: 40308e
    I: 403091
    I: 403094
    I: 403097
    I: 40309a
    I: 40309c
    I: 40309e
    I: 4030a0 (flow 4030ab)
      Successors: 4030ab, 4030a6
  BB: 403230 in func 401150 with 2 insts
    I: 403230
    I: 403237 (flow 402407)
      Successors: 402407
  BB: 402032 in func 401150 with 1 insts
    I: 402032 (flow 403206)
      Successors: 403206
  BB: 402e33 in func 401150 with 2 insts
    I: 402e33
    I: 402e37 (flow 402f1a)
      Successors: 402f1a, 402e3d
  BB: 401c35 in func 401150 with 1 insts
    I: 401c35 (flow 4031b6)
      Successors: 4031b6
  BB: 402a35 in func 401150 with 1 insts
    I: 402a35 (flow 403277)
      Successors: 403277
  BB: 402037 in func 401150 with 39 insts
    I: 402037
    I: 40203b
    I: 40203e
    I: 402041 (imm 40602c)
    I: 402048
    I: 40204a (imm 406030)
    I: 402051
    I: 402053
    I: 402055
    I: 40205b
    I: 40205e
    I: 402064
    I: 402067
    I: 40206a
    I: 40206d
    I: 402071
    I: 402074
    I: 402078
    I: 40207b
    I: 40207e
    I: 402081
    I: 402085
    I: 402087
    I: 40208a
    I: 40208c
    I: 40208e
    I: 402091
    I: 402094
    I: 402098
    I: 40209b
    I: 40209e
    I: 4020a1
    I: 4020a4
    I: 4020a7
    I: 4020aa
    I: 4020ad
    I: 4020af
    I: 4020b1
    I: 4020b3 (flow 4020be)
      Successors: 4020b9, 4020be
  BB: 401c3a in func 401150 with 1 insts
    I: 401c3a (flow 401c3f)
      Successors: 401c3f
  BB: 402a3a in func 401150 with 3 insts
    I: 402a3a
    I: 402a3d
    I: 402a3f (flow 402a4a)
      Successors: 402a4a, 402a45
  BB: 40323c in func 401150 with 4 insts
    I: 40323c (imm 404007)
    I: 403246
    I: 403248 (flow 406040)
    I: 40324d (flow 402593)
      Successors: 402593
  BB: 402e3d in func 401150 with 36 insts
    I: 402e3d (imm 40602c)
    I: 402e44
    I: 402e46 (imm 406030)
    I: 402e4d
    I: 402e4f
    I: 402e51
    I: 402e57
    I: 402e5a
    I: 402e60
    I: 402e63
    I: 402e66
    I: 402e69
    I: 402e6d
    I: 402e70
    I: 402e74
    I: 402e77
    I: 402e7a
    I: 402e7d
    I: 402e81
    I: 402e83
    I: 402e86
    I: 402e88
    I: 402e8a
    I: 402e8d
    I: 402e90
    I: 402e94
    I: 402e97
    I: 402e9a
    I: 402e9d
    I: 402ea0
    I: 402ea3
    I: 402ea6
    I: 402ea9
    I: 402eab
    I: 402ead
    I: 402eaf (flow 402eba)
      Successors: 402eba, 402eb5
  BB: 401c3f in func 401150 with 1 insts
    I: 401c3f (flow 401c44)
      Successors: 401c44
  BB: 402642 in func 401150 with 1 insts
    I: 402642 (flow 403252)
      Successors: 403252
  BB: 401c44 in func 401150 with 36 insts
    I: 401c44 (imm 40602c)
    I: 401c4b
    I: 401c4d (imm 406030)
    I: 401c54
    I: 401c56
    I: 401c58
    I: 401c5b
    I: 401c5d
    I: 401c5f
    I: 401c62
    I: 401c65
    I: 401c68
    I: 401c6c
    I: 401c6f
    I: 401c73
    I: 401c76
    I: 401c79
    I: 401c7c
    I: 401c80
    I: 401c82
    I: 401c85
    I: 401c87
    I: 401c89
    I: 401c8c
    I: 401c8f
    I: 401c93
    I: 401c96
    I: 401c99
    I: 401c9c
    I: 401c9f
    I: 401ca2
    I: 401ca5
    I: 401ca8
    I: 401caa
    I: 401cac
    I: 401cae (flow 401cb9)
      Successors: 401cb9, 401cb4
  BB: 402244 in func 401150 with 1 insts
    I: 402244 (flow 403221)
      Successors: 403221
  BB: 402a45 in func 401150 with 1 insts
    I: 402a45 (flow 402a51)
      Successors: 402a51
  BB: 402647 in func 401150 with 23 insts
    I: 402647 (imm 40400a)
    I: 402651
    I: 402653 (flow 406040)
    I: 402658 (imm 40602c)
    I: 40265f
    I: 402661 (imm 406030)
    I: 402668
    I: 40266a
    I: 40266c
    I: 402672
    I: 402675
    I: 40267b
    I: 40267e
    I: 402681
    I: 402684
    I: 402687
    I: 40268a
    I: 40268d
    I: 40268f
    I: 402691
    I: 402693
    I: 402695
    I: 402697 (flow 4026a2)
      Successors: 4026a2, 40269d
  BB: 402c46 in func 401150 with 1 insts
    I: 402c46 (flow 40328d)
      Successors: 40328d
  BB: 402249 in func 401150 with 1 insts
    I: 402249 (flow 40224e)
      Successors: 40224e
  BB: 402a4a in func 401150 with 1 insts
    I: 402a4a
      Successors: 402a51
  BB: 402c4b in func 401150 with 1 insts
    I: 402c4b (flow 4027e3)
      Successors: 4027e3
  BB: 40224e in func 401150 with 36 insts
    I: 40224e (imm 40602c)
    I: 402255
    I: 402257 (imm 406030)
    I: 40225e
    I: 402260
    I: 402262
    I: 402268
    I: 40226b
    I: 402271
    I: 402274
    I: 402277
    I: 40227a
    I: 40227e
    I: 402281
    I: 402285
    I: 402288
    I: 40228b
    I: 40228e
    I: 402292
    I: 402294
    I: 402297
    I: 402299
    I: 40229b
    I: 40229e
    I: 4022a1
    I: 4022a5
    I: 4022a8
    I: 4022ab
    I: 4022ae
    I: 4022b1
    I: 4022b4
    I: 4022b7
    I: 4022ba
    I: 4022bc
    I: 4022be
    I: 4022c0 (flow 4022cb)
      Successors: 4022cb, 4022c6
  BB: 40164f in func 401150 with 1 insts
    I: 40164f (flow 40318a)
      Successors: 40318a
  BB: 402c50 in func 401150 with 2 insts
    I: 402c50
    I: 402c54 (flow 402e33)
      Successors: 402c5a, 402e33
  BB: 402a51 in func 401150 with 3 insts
    I: 402a51
    I: 402a55
    I: 402a5a (flow 402a67)
      Successors: 402a60, 402a67
  BB: 403252 in func 401150 with 4 insts
    I: 403252 (imm 40400a)
    I: 40325c
    I: 40325e (flow 406040)
    I: 403263 (flow 402647)
      Successors: 402647
  BB: 401654 in func 401150 with 39 insts
    I: 401654
    I: 401658
    I: 40165b
    I: 40165e (imm 40602c)
    I: 401665
    I: 401667 (imm 406030)
    I: 40166e
    I: 401670
    I: 401672
    I: 401678
    I: 40167b
    I: 401681
    I: 401684
    I: 401687
    I: 40168a
    I: 40168e
    I: 401691
    I: 401695
    I: 401698
    I: 40169b
    I: 40169e
    I: 4016a2
    I: 4016a4
    I: 4016a7
    I: 4016a9
    I: 4016ab
    I: 4016ae
    I: 4016b1
    I: 4016b5
    I: 4016b8
    I: 4016bb
    I: 4016be
    I: 4016c1
    I: 4016c4
    I: 4016c7
    I: 4016ca
    I: 4016cc
    I: 4016ce
    I: 4016d0 (flow 4016db)
      Successors: 4016db, 4016d6
  BB: 401856 in func 401150 with 1 insts
    I: 401856 (flow 403194)
      Successors: 403194
  BB: 402c5a in func 401150 with 36 insts
    I: 402c5a (imm 40602c)
    I: 402c61
    I: 402c63 (imm 406030)
    I: 402c6a
    I: 402c6c
    I: 402c6e
    I: 402c71
    I: 402c73
    I: 402c75
    I: 402c78
    I: 402c7b
    I: 402c7e
    I: 402c82
    I: 402c85
    I: 402c89
    I: 402c8c
    I: 402c8f
    I: 402c92
    I: 402c96
    I: 402c98
    I: 402c9b
    I: 402c9d
    I: 402c9f
    I: 402ca2
    I: 402ca5
    I: 402ca9
    I: 402cac
    I: 402caf
    I: 402cb2
    I: 402cb5
    I: 402cb8
    I: 402cbb
    I: 402cbe
    I: 402cc0
    I: 402cc2
    I: 402cc4 (flow 402ccf)
      Successors: 402cca, 402ccf
  BB: 40185b in func 401150 with 40 insts
    I: 40185b
    I: 40185f
    I: 401864
    I: 401867
    I: 40186a (imm 40602c)
    I: 401871
    I: 401873 (imm 406030)
    I: 40187a
    I: 40187c
    I: 40187e
    I: 401884
    I: 401887
    I: 40188d
    I: 401890
    I: 401893
    I: 401896
    I: 40189a
    I: 40189d
    I: 4018a1
    I: 4018a4
    I: 4018a7
    I: 4018aa
    I: 4018ae
    I: 4018b0
    I: 4018b3
    I: 4018b5
    I: 4018b7
    I: 4018ba
    I: 4018bd
    I: 4018c1
    I: 4018c4
    I: 4018c7
    I: 4018ca
    I: 4018cd
    I: 4018d0
    I: 4018d3
    I: 4018d6
    I: 4018d8
    I: 4018da
    I: 4018dc (flow 4018e7)
      Successors: 4018e2, 4018e7
  BB: 402a60 in func 401150 with 1 insts
    I: 402a60
      Successors: 402a67
  BB: 401461 in func 401150 with 1 insts
    I: 401461 (flow 403179)
      Successors: 403179
  BB: 401e61 in func 401150 with 1 insts
    I: 401e61 (flow 4031eb)
      Successors: 4031eb
  BB: 401466 in func 401150 with 39 insts
    I: 401466
    I: 40146a
    I: 40146d
    I: 401470 (imm 40602c)
    I: 401477
    I: 401479 (imm 406030)
    I: 401480
    I: 401482
    I: 401484
    I: 40148a
    I: 40148d
    I: 401493
    I: 401496
    I: 401499
    I: 40149c
    I: 4014a0
    I: 4014a3
    I: 4014a7
    I: 4014aa
    I: 4014ad
    I: 4014b0
    I: 4014b4
    I: 4014b6
    I: 4014b9
    I: 4014bb
    I: 4014bd
    I: 4014c0
    I: 4014c3
    I: 4014c7
    I: 4014ca
    I: 4014cd
    I: 4014d0
    I: 4014d3
    I: 4014d6
    I: 4014d9
    I: 4014dc
    I: 4014de
    I: 4014e0
    I: 4014e2 (flow 4014ed)
      Successors: 4014e8, 4014ed
  BB: 401e66 in func 401150 with 39 insts
    I: 401e66
    I: 401e6a
    I: 401e6d
    I: 401e70 (imm 40602c)
    I: 401e77
    I: 401e79 (imm 406030)
    I: 401e80
    I: 401e82
    I: 401e84
    I: 401e87
    I: 401e89
    I: 401e8b
    I: 401e8e
    I: 401e91
    I: 401e94
    I: 401e98
    I: 401e9b
    I: 401e9f
    I: 401ea2
    I: 401ea5
    I: 401ea8
    I: 401eac
    I: 401eae
    I: 401eb1
    I: 401eb3
    I: 401eb5
    I: 401eb8
    I: 401ebb
    I: 401ebf
    I: 401ec2
    I: 401ec5
    I: 401ec8
    I: 401ecb
    I: 401ece
    I: 401ed1
    I: 401ed4
    I: 401ed6
    I: 401ed8
    I: 401eda (flow 401ee5)
      Successors: 401ee0, 401ee5
  BB: 402a67 in func 401150 with 3 insts
    I: 402a67
    I: 402a6b
    I: 402a70 (flow 402b16)
      Successors: 402a76, 402b16
  BB: 403268 in func 401150 with 1 insts
    I: 403268 (flow 402740)
      Successors: 402740
  BB: 40326d in func 401150 with 1 insts
    I: 40326d (flow 40282d)
      Successors: 40282d
  BB: 403272 in func 401150 with 1 insts
    I: 403272 (flow 4028d3)
      Successors: 4028d3
  BB: 402874 in func 401150 with 1 insts
    I: 402874 (flow 40326d)
      Successors: 40326d
  BB: 402a76 in func 401150 with 20 insts
    I: 402a76 (imm 40602c)
    I: 402a7d
    I: 402a7f (imm 406030)
    I: 402a86
    I: 402a88
    I: 402a8a
    I: 402a90
    I: 402a93
    I: 402a99
    I: 402a9c
    I: 402a9f
    I: 402aa2
    I: 402aa5
    I: 402aa8
    I: 402aab
    I: 402aad
    I: 402aaf
    I: 402ab1
    I: 402ab3
    I: 402ab5 (flow 402ac0)
      Successors: 402ac0, 402abb
  BB: 403277 in func 401150 with 1 insts
    I: 403277 (flow 4029e1)
      Successors: 4029e1
  BB: 402879 in func 401150 with 3 insts
    I: 402879
    I: 40287c
    I: 40287e (flow 402889)
      Successors: 402889, 402884
  BB: 40327c in func 401150 with 2 insts
    I: 40327c
    I: 403283 (flow 402ac0)
      Successors: 402ac0
  BB: 40247e in func 401150 with 1 insts
    I: 40247e (flow 403230)
      Successors: 403230
  BB: 401282 in func 401150 with 1 insts
    I: 401282 (flow 40314e)
      Successors: 40314e
  BB: 402483 in func 401150 with 1 insts
    I: 402483 (flow 402488)
      Successors: 402488
  BB: 402884 in func 401150 with 1 insts
    I: 402884 (flow 402c50)
      Successors: 402c50
  BB: 401287 in func 401150 with 5 insts
    I: 401287
    I: 40128a
    I: 40128c
    I: 40128f
    I: 401292 (flow 40129d)
      Successors: 401298, 40129d
  BB: 402488 in func 401150 with 2 insts
    I: 402488
    I: 40248c (flow 402502)
      Successors: 402492, 402502
  BB: 402889 in func 401150 with 20 insts
    I: 402889 (imm 40602c)
    I: 402890
    I: 402892 (imm 406030)
    I: 402899
    I: 40289b
    I: 40289d
    I: 4028a3
    I: 4028a6
    I: 4028ac
    I: 4028af
    I: 4028b2
    I: 4028b5
    I: 4028b8
    I: 4028bb
    I: 4028be
    I: 4028c0
    I: 4028c2
    I: 4028c4
    I: 4028c6
    I: 4028c8 (flow 4028d3)
      Successors: 4028d3, 4028ce
  BB: 403288 in func 401150 with 1 insts
    I: 403288 (flow 402b58)
      Successors: 402b58
  BB: 40328d in func 401150 with 6 insts
    I: 40328d
    I: 403290
    I: 403295
    I: 403298
    I: 40329d
    I: 4032a0 (flow 402bf6)
      Successors: 402bf6
  BB: 402492 in func 401150 with 3 insts
    I: 402492
    I: 402495
    I: 402498 (flow 4024e5)
      Successors: 4024e5, 40249e
  BB: 401a93 in func 401150 with 1 insts
    I: 401a93 (flow 4031a5)
      Successors: 4031a5
  BB: 401298 in func 401150 with 1 insts
    I: 401298 (flow 4012a7)
      Successors: 4012a7
  BB: 401a98 in func 401150 with 3 insts
    I: 401a98
    I: 401a9b
    I: 401a9d (flow 401aa8)
      Successors: 401aa8, 401aa3
  BB: 40129d in func 401150 with 3 insts
    I: 40129d
    I: 4012a1
    I: 4012a4
      Successors: 4012a7
  BB: 40249e in func 401150 with 3 insts
    I: 40249e
    I: 4024a2
    I: 4024a7 (flow 4024b4)
      Successors: 4024b4, 4024ad
  BB: 40269d in func 401150 with 1 insts
    I: 40269d (flow 403252)
      Successors: 403252
  BB: 4026a2 in func 401150 with 1 insts
    I: 4026a2 (flow 4026ec)
      Successors: 4026ec
  BB: 401aa3 in func 401150 with 1 insts
    I: 401aa3 (flow 401ba6)
      Successors: 401ba6
  BB: 4032a5 in func 401150 with 1 insts
    I: 4032a5 (flow 402ccf)
      Successors: 402ccf
  BB: 4030a6 in func 401150 with 1 insts
    I: 4030a6 (flow 4032db)
      Successors: 4032db
  BB: 4012a7 in func 401150 with 22 insts
    I: 4012a7
    I: 4012aa
    I: 4012ad (imm 40602c)
    I: 4012b4
    I: 4012b6 (imm 406030)
    I: 4012bd
    I: 4012bf
    I: 4012c1
    I: 4012c7
    I: 4012ca
    I: 4012d0
    I: 4012d3
    I: 4012d6
    I: 4012d9
    I: 4012dc
    I: 4012df
    I: 4012e2
    I: 4012e4
    I: 4012e6
    I: 4012e8
    I: 4012ea
    I: 4012ec (flow 4012f7)
      Successors: 4012f2, 4012f7
  BB: 401aa8 in func 401150 with 36 insts
    I: 401aa8 (imm 40602c)
    I: 401aaf
    I: 401ab1 (imm 406030)
    I: 401ab8
    I: 401aba
    I: 401abc
    I: 401ac2
    I: 401ac5
    I: 401acb
    I: 401ace
    I: 401ad1
    I: 401ad4
    I: 401ad8
    I: 401adb
    I: 401adf
    I: 401ae2
    I: 401ae5
    I: 401ae8
    I: 401aec
    I: 401aee
    I: 401af1
    I: 401af3
    I: 401af5
    I: 401af8
    I: 401afb
    I: 401aff
    I: 401b02
    I: 401b05
    I: 401b08
    I: 401b0b
    I: 401b0e
    I: 401b11
    I: 401b14
    I: 401b16
    I: 401b18
    I: 401b1a (flow 401b25)
      Successors: 401b20, 401b25
  BB: 4026a7 in func 401150 with 2 insts
    I: 4026a7
    I: 4026ab (flow 4026c7)
      Successors: 4026b1, 4026c7
  BB: 4032aa in func 401150 with 4 insts
    I: 4032aa (imm 404007)
    I: 4032b4
    I: 4032b6 (flow 406040)
    I: 4032bb (flow 402ddb)
      Successors: 402ddb
  BB: 4030ab in func 401150 with 36 insts
    I: 4030ab (imm 40602c)
    I: 4030b2
    I: 4030b4 (imm 406030)
    I: 4030bb
    I: 4030bd
    I: 4030bf
    I: 4030c2
    I: 4030c4
    I: 4030c6
    I: 4030c9
    I: 4030cc
    I: 4030cf
    I: 4030d3
    I: 4030d6
    I: 4030da
    I: 4030dd
    I: 4030e0
    I: 4030e3
    I: 4030e7
    I: 4030e9
    I: 4030ec
    I: 4030ee
    I: 4030f0
    I: 4030f3
    I: 4030f6
    I: 4030fa
    I: 4030fd
    I: 403100
    I: 403103
    I: 403106
    I: 403109
    I: 40310c
    I: 40310f
    I: 403111
    I: 403113
    I: 403115 (flow 403120)
      Successors: 403120, 40311b
  BB: 4024ad in func 401150 with 1 insts
    I: 4024ad
      Successors: 4024b4
  BB: 4026b1 in func 401150 with 4 insts
    I: 4026b1 (imm 40400d)
    I: 4026bb
    I: 4026bd (flow 406040)
    I: 4026c2 (flow 4026e7)
      Successors: 4026e7
  BB: 401cb4 in func 401150 with 1 insts
    I: 401cb4 (flow 4031bb)
      Successors: 4031bb
  BB: 4024b4 in func 401150 with 3 insts
    I: 4024b4
    I: 4024b8
    I: 4024bd (flow 4024ca)
      Successors: 4024ca, 4024c3
  BB: 402eb5 in func 401150 with 1 insts
    I: 402eb5 (flow 4032c0)
      Successors: 4032c0
  BB: 401cb9 in func 401150 with 25 insts
    I: 401cb9
    I: 401cbc
    I: 401cc1
    I: 401cc4
    I: 401cc9
    I: 401ccc (imm 40602c)
    I: 401cd3
    I: 401cd5 (imm 406030)
    I: 401cdc
    I: 401cde
    I: 401ce0
    I: 401ce6
    I: 401ce9
    I: 401cef
    I: 401cf2
    I: 401cf5
    I: 401cf8
    I: 401cfb
    I: 401cfe
    I: 401d01
    I: 401d03
    I: 401d05
    I: 401d07
    I: 401d09
    I: 401d0b (flow 401d16)
      Successors: 401d11, 401d16
  BB: 4020b9 in func 401150 with 1 insts
    I: 4020b9 (flow 403206)
      Successors: 403206
  BB: 402abb in func 401150 with 1 insts
    I: 402abb (flow 40327c)
      Successors: 40327c
  BB: 402eba in func 401150 with 23 insts
    I: 402eba (imm 40400a)
    I: 402ec4
    I: 402ec6 (flow 406040)
    I: 402ecb (imm 40602c)
    I: 402ed2
    I: 402ed4 (imm 406030)
    I: 402edb
    I: 402edd
    I: 402edf
    I: 402ee5
    I: 402ee8
    I: 402eee
    I: 402ef1
    I: 402ef4
    I: 402ef7
    I: 402efa
    I: 402efd
    I: 402f00
    I: 402f02
    I: 402f04
    I: 402f06
    I: 402f08
    I: 402f0a (flow 402f15)
      Successors: 402f10, 402f15
  BB: 4020be in func 401150 with 3 insts
    I: 4020be
    I: 4020c1
    I: 4020c3 (flow 4020ce)
      Successors: 4020c9, 4020ce
  BB: 402ac0 in func 401150 with 21 insts
    I: 402ac0
    I: 402ac7 (imm 40602c)
    I: 402ace
    I: 402ad0 (imm 406030)
    I: 402ad7
    I: 402ad9
    I: 402adb
    I: 402ae1
    I: 402ae4
    I: 402aea
    I: 402aed
    I: 402af0
    I: 402af3
    I: 402af6
    I: 402af9
    I: 402afc
    I: 402afe
    I: 402b00
    I: 402b02
    I: 402b04
    I: 402b06 (flow 402b11)
      Successors: 402b11, 402b0c
  BB: 4032c0 in func 401150 with 4 insts
    I: 4032c0 (imm 40400a)
    I: 4032ca
    I: 4032cc (flow 406040)
    I: 4032d1 (flow 402eba)
      Successors: 402eba
  BB: 4024c3 in func 401150 with 1 insts
    I: 4024c3
      Successors: 4024ca
  BB: 4022c6 in func 401150 with 1 insts
    I: 4022c6 (flow 403226)
      Successors: 403226
  BB: 4026c7 in func 401150 with 2 insts
    I: 4026c7
    I: 4026cb (flow 4026e2)
      Successors: 4026d1, 4026e2
  BB: 4020c9 in func 401150 with 1 insts
    I: 4020c9 (flow 402178)
      Successors: 402178
  BB: 4024ca in func 401150 with 3 insts
    I: 4024ca
    I: 4024ce
    I: 4024d3 (flow 4024e0)
      Successors: 4024e0, 4024d9
  BB: 4022cb in func 401150 with 20 insts
    I: 4022cb (imm 40602c)
    I: 4022d2
    I: 4022d4 (imm 406030)
    I: 4022db
    I: 4022dd
    I: 4022df
    I: 4022e2
    I: 4022e4
    I: 4022e6
    I: 4022e9
    I: 4022ec
    I: 4022ef
    I: 4022f2
    I: 4022f5
    I: 4022f8
    I: 4022fa
    I: 4022fc
    I: 4022fe
    I: 402300
    I: 402302 (flow 40230d)
      Successors: 402308, 40230d
  BB: 402cca in func 401150 with 1 insts
    I: 402cca (flow 4032a5)
      Successors: 4032a5
  BB: 4020ce in func 401150 with 20 insts
    I: 4020ce (imm 40602c)
    I: 4020d5
    I: 4020d7 (imm 406030)
    I: 4020de
    I: 4020e0
    I: 4020e2
    I: 4020e8
    I: 4020eb
    I: 4020f1
    I: 4020f4
    I: 4020f7
    I: 4020fa
    I: 4020fd
    I: 402100
    I: 402103
    I: 402105
    I: 402107
    I: 402109
    I: 40210b
    I: 40210d (flow 402118)
      Successors: 402118, 402113
  BB: 4028ce in func 401150 with 1 insts
    I: 4028ce (flow 403272)
      Successors: 403272
  BB: 402ccf in func 401150 with 39 insts
    I: 402ccf
    I: 402cd3
    I: 402cd6
    I: 402cd9 (imm 40602c)
    I: 402ce0
    I: 402ce2 (imm 406030)
    I: 402ce9
    I: 402ceb
    I: 402ced
    I: 402cf0
    I: 402cf2
    I: 402cf4
    I: 402cf7
    I: 402cfa
    I: 402cfd
    I: 402d01
    I: 402d04
    I: 402d08
    I: 402d0b
    I: 402d0e
    I: 402d11
    I: 402d15
    I: 402d17
    I: 402d1a
    I: 402d1c
    I: 402d1e
    I: 402d21
    I: 402d24
    I: 402d28
    I: 402d2b
    I: 402d2e
    I: 402d31
    I: 402d34
    I: 402d37
    I: 402d3a
    I: 402d3d
    I: 402d3f
    I: 402d41
    I: 402d43 (flow 402d4e)
      Successors: 402d49, 402d4e
  BB: 4026d1 in func 401150 with 3 insts
    I: 4026d1 (imm 404007)
    I: 4026db
    I: 4026dd (flow 406040)
      Successors: 4026e2
  BB: 4028d3 in func 401150 with 40 insts
    I: 4028d3
    I: 4028d6
    I: 4028d9
    I: 4028dc
    I: 4028df (imm 40602c)
    I: 4028e6
    I: 4028e8 (imm 406030)
    I: 4028ef
    I: 4028f1
    I: 4028f3
    I: 4028f9
    I: 4028fc
    I: 402902
    I: 402905
    I: 402908
    I: 40290b
    I: 40290f
    I: 402912
    I: 402916
    I: 402919
    I: 40291c
    I: 40291f
    I: 402923
    I: 402925
    I: 402928
    I: 40292a
    I: 40292c
    I: 40292f
    I: 402932
    I: 402936
    I: 402939
    I: 40293c
    I: 40293f
    I: 402942
    I: 402945
    I: 402948
    I: 40294b
    I: 40294d
    I: 40294f
    I: 402951 (flow 40295c)
      Successors: 40295c, 402957
  BB: 4016d6 in func 401150 with 1 insts
    I: 4016d6 (flow 40318a)
      Successors: 40318a
  BB: 4032d6 in func 401150 with 1 insts
    I: 4032d6 (flow 402f64)
      Successors: 402f64
  BB: 4024d9 in func 401150 with 1 insts
    I: 4024d9
      Successors: 4024e0
  BB: 4016db in func 401150 with 3 insts
    I: 4016db
    I: 4016de
    I: 4016e0 (flow 4016eb)
      Successors: 4016eb, 4016e6
  BB: 4032db in func 401150 with 1 insts
    I: 4032db (flow 4030ab)
      Successors: 4030ab
  BB: 401ee0 in func 401150 with 1 insts
    I: 401ee0 (flow 4031eb)
      Successors: 4031eb
  BB: 4024e0 in func 401150 with 1 insts
    I: 4024e0 (flow 4024e5)
      Successors: 4024e5
  BB: 4018e2 in func 401150 with 1 insts
    I: 4018e2 (flow 403194)
      Successors: 403194
  BB: 4026e2 in func 401150 with 1 insts
    I: 4026e2 (flow 4026e7)
      Successors: 4026e7
  BB: 401ee5 in func 401150 with 3 insts
    I: 401ee5
    I: 401ee8
    I: 401eea (flow 401ef5)
      Successors: 401ef0, 401ef5
  BB: 4016e6 in func 401150 with 1 insts
    I: 4016e6 (flow 403141)
      Successors: 403141
  BB: 4018e7 in func 401150 with 3 insts
    I: 4018e7
    I: 4018ea
    I: 4018ec (flow 4018f7)
      Successors: 4018f2, 4018f7
  BB: 4014e8 in func 401150 with 1 insts
    I: 4014e8 (flow 403179)
      Successors: 403179
  BB: 4024e5 in func 401150 with 1 insts
    I: 4024e5 (flow 4024ea)
      Successors: 4024ea
  BB: 4024ea in func 401150 with 6 insts
    I: 4024ea
    I: 4024ed
    I: 4024f2
    I: 4024f5
    I: 4024fa
    I: 4024fd (flow 402488)
      Successors: 402488
  BB: 4016eb in func 401150 with 6 insts
    I: 4016eb
    I: 4016f2
    I: 4016f9
    I: 401700
    I: 401704
    I: 401709 (flow 402312)
      Successors: 402312, 40170f
  BB: 4026e7 in func 401150 with 1 insts
    I: 4026e7 (flow 4026ec)
      Successors: 4026ec
  BB: 4014ed in func 401150 with 3 insts
    I: 4014ed
    I: 4014f0
    I: 4014f2 (flow 4014fd)
      Successors: 4014f8, 4014fd
  BB: 4026ec in func 401150 with 1 insts
    I: 4026ec (flow 4026f1)
      Successors: 4026f1
  BB: 401ef0 in func 401150 with 1 insts
    I: 401ef0 (flow 401ff5)
      Successors: 401ff5
  BB: 4026f1 in func 401150 with 1 insts
    I: 4026f1 (flow 4026f6)
      Successors: 4026f6
  BB: 4012f2 in func 401150 with 1 insts
    I: 4012f2 (flow 403168)
      Successors: 403168
  BB: 4018f2 in func 401150 with 1 insts
    I: 4018f2 (flow 4019ca)
      Successors: 4019ca
  BB: 401ef5 in func 401150 with 36 insts
    I: 401ef5 (imm 40602c)
    I: 401efc
    I: 401efe (imm 406030)
    I: 401f05
    I: 401f07
    I: 401f09
    I: 401f0c
    I: 401f0e
    I: 401f10
    I: 401f13
    I: 401f16
    I: 401f19
    I: 401f1d
    I: 401f20
    I: 401f24
    I: 401f27
    I: 401f2a
    I: 401f2d
    I: 401f31
    I: 401f33
    I: 401f36
    I: 401f38
    I: 401f3a
    I: 401f3d
    I: 401f40
    I: 401f44
    I: 401f47
    I: 401f4a
    I: 401f4d
    I: 401f50
    I: 401f53
    I: 401f56
    I: 401f59
    I: 401f5b
    I: 401f5d
    I: 401f5f (flow 401f6a)
      Successors: 401f6a, 401f65
  BB: 4026f6 in func 401150 with 20 insts
    I: 4026f6 (imm 40602c)
    I: 4026fd
    I: 4026ff (imm 406030)
    I: 402706
    I: 402708
    I: 40270a
    I: 402710
    I: 402713
    I: 402719
    I: 40271c
    I: 40271f
    I: 402722
    I: 402725
    I: 402728
    I: 40272b
    I: 40272d
    I: 40272f
    I: 402731
    I: 402733
    I: 402735 (flow 402740)
      Successors: 402740, 40273b
  BB: 4018f7 in func 401150 with 36 insts
    I: 4018f7 (imm 40602c)
    I: 4018fe
    I: 401900 (imm 406030)
    I: 401907
    I: 401909
    I: 40190b
    I: 401911
    I: 401914
    I: 40191a
    I: 40191d
    I: 401920
    I: 401923
    I: 401927
    I: 40192a
    I: 40192e
    I: 401931
    I: 401934
    I: 401937
    I: 40193b
    I: 40193d
    I: 401940
    I: 401942
    I: 401944
    I: 401947
    I: 40194a
    I: 40194e
    I: 401951
    I: 401954
    I: 401957
    I: 40195a
    I: 40195d
    I: 401960
    I: 401963
    I: 401965
    I: 401967
    I: 401969 (flow 401974)
      Successors: 401974, 40196f
  BB: 4012f7 in func 401150 with 20 insts
    I: 4012f7 (imm 40602c)
    I: 4012fe
    I: 401300 (imm 406030)
    I: 401307
    I: 401309
    I: 40130b
    I: 401311
    I: 401314
    I: 40131a
    I: 40131d
    I: 401320
    I: 401323
    I: 401326
    I: 401329
    I: 40132c
    I: 40132e
    I: 401330
    I: 401332
    I: 401334
    I: 401336 (flow 401341)
      Successors: 401341, 40133c
  BB: 4014f8 in func 401150 with 1 insts
    I: 4014f8 (flow 401537)
      Successors: 401537
  BB: 4014fd in func 401150 with 17 insts
    I: 4014fd
    I: 401501
    I: 401505
    I: 401509
    I: 40150c (imm 404004)
    I: 401516
    I: 401518 (flow 406050)
    I: 40151d
    I: 401520
    I: 401522
    I: 401524
    I: 401526
    I: 401529
    I: 40152b
    I: 40152d
    I: 40152f
    I: 401532 (flow 40141c)
      Successors: 40141c
  BB: 402502 in func 401150 with 2 insts
    I: 402502
    I: 402506 (flow 4025f3)
      Successors: 4025f3, 40250c
  BB: 402308 in func 401150 with 1 insts
    I: 402308 (flow 403226)
      Successors: 403226
  BB: 40250c in func 401150 with 2 insts
    I: 40250c
    I: 402510 (flow 4025f3)
      Successors: 4025f3, 402516
  BB: 40230d in func 401150 with 1 insts
    I: 40230d (flow 402312)
      Successors: 402312
  BB: 402b0c in func 401150 with 1 insts
    I: 402b0c (flow 40327c)
      Successors: 40327c
  BB: 40170f in func 401150 with 1 insts
    I: 40170f
      Successors: 401716
  BB: 402f10 in func 401150 with 1 insts
    I: 402f10 (flow 4032c0)
      Successors: 4032c0
  BB: 401d11 in func 401150 with 1 insts
    I: 401d11 (flow 4031bb)
      Successors: 4031bb
  BB: 402312 in func 401150 with 20 insts
    I: 402312 (imm 40602c)
    I: 402319
    I: 40231b (imm 406030)
    I: 402322
    I: 402324
    I: 402326
    I: 402329
    I: 40232b
    I: 40232d
    I: 402330
    I: 402333
    I: 402336
    I: 402339
    I: 40233c
    I: 40233f
    I: 402341
    I: 402343
    I: 402345
    I: 402347
    I: 402349 (flow 402354)
      Successors: 402354, 40234f
  BB: 402113 in func 401150 with 1 insts
    I: 402113 (flow 40320b)
      Successors: 40320b
  BB: 402b11 in func 401150 with 1 insts
    I: 402b11 (flow 402b16)
      Successors: 402b16
  BB: 402f15 in func 401150 with 1 insts
    I: 402f15 (flow 40302e)
      Successors: 40302e
  BB: 401716 in func 401150 with 2 insts
    I: 401716
    I: 40171a (flow 401d1b)
      Successors: 401720, 401d1b
  BB: 401d16 in func 401150 with 1 insts
    I: 401d16 (flow 401716)
      Successors: 401716
  BB: 402118 in func 401150 with 23 insts
    I: 402118 (imm 404007)
    I: 402122
    I: 402124 (flow 406040)
    I: 402129 (imm 40602c)
    I: 402130
    I: 402132 (imm 406030)
    I: 402139
    I: 40213b
    I: 40213d
    I: 402143
    I: 402146
    I: 40214c
    I: 40214f
    I: 402152
    I: 402155
    I: 402158
    I: 40215b
    I: 40215e
    I: 402160
    I: 402162
    I: 402164
    I: 402166
    I: 402168 (flow 402173)
      Successors: 402173, 40216e
  BB: 402516 in func 401150 with 36 insts
    I: 402516 (imm 40602c)
    I: 40251d
    I: 40251f (imm 406030)
    I: 402526
    I: 402528
    I: 40252a
    I: 402530
    I: 402533
    I: 402539
    I: 40253c
    I: 40253f
    I: 402542
    I: 402546
    I: 402549
    I: 40254d
    I: 402550
    I: 402553
    I: 402556
    I: 40255a
    I: 40255c
    I: 40255f
    I: 402561
    I: 402563
    I: 402566
    I: 402569
    I: 40256d
    I: 402570
    I: 402573
    I: 402576
    I: 402579
    I: 40257c
    I: 40257f
    I: 402582
    I: 402584
    I: 402586
    I: 402588 (flow 402593)
      Successors: 402593, 40258e
  BB: 402b16 in func 401150 with 20 insts
    I: 402b16 (imm 40602c)
    I: 402b1d
    I: 402b1f (imm 406030)
    I: 402b26
    I: 402b28
    I: 402b2a
    I: 402b2d
    I: 402b2f
    I: 402b31
    I: 402b34
    I: 402b37
    I: 402b3a
    I: 402b3d
    I: 402b40
    I: 402b43
    I: 402b45
    I: 402b47
    I: 402b49
    I: 402b4b
    I: 402b4d (flow 402b58)
      Successors: 402b58, 402b53
  BB: 401d1b in func 401150 with 2 insts
    I: 401d1b
    I: 401d1f (flow 401d45)
      Successors: 401d45, 401d25
  BB: 402f1a in func 401150 with 20 insts
    I: 402f1a (imm 40602c)
    I: 402f21
    I: 402f23 (imm 406030)
    I: 402f2a
    I: 402f2c
    I: 402f2e
    I: 402f34
    I: 402f37
    I: 402f3d
    I: 402f40
    I: 402f43
    I: 402f46
    I: 402f49
    I: 402f4c
    I: 402f4f
    I: 402f51
    I: 402f53
    I: 402f55
    I: 402f57
    I: 402f59 (flow 402f64)
      Successors: 402f64, 402f5f
  BB: 40311b in func 401150 with 1 insts
    I: 40311b (flow 4032db)
      Successors: 4032db
  BB: 401720 in func 401150 with 20 insts
    I: 401720 (imm 40602c)
    I: 401727
    I: 401729 (imm 406030)
    I: 401730
    I: 401732
    I: 401734
    I: 40173a
    I: 40173d
    I: 401743
    I: 401746
    I: 401749
    I: 40174c
    I: 40174f
    I: 401752
    I: 401755
    I: 401757
    I: 401759
    I: 40175b
    I: 40175d
    I: 40175f (flow 40176a)
      Successors: 40176a, 401765
  BB: 401b20 in func 401150 with 1 insts
    I: 401b20 (flow 4031aa)
      Successors: 4031aa
  BB: 403120 in func 401150 with 1 insts
    I: 403120 (flow 403125)
      Successors: 403125
  BB: 401b25 in func 401150 with 37 insts
    I: 401b25
    I: 401b2c (imm 40602c)
    I: 401b33
    I: 401b35 (imm 406030)
    I: 401b3c
    I: 401b3e
    I: 401b40
    I: 401b43
    I: 401b45
    I: 401b47
    I: 401b4a
    I: 401b4d
    I: 401b50
    I: 401b54
    I: 401b57
    I: 401b5b
    I: 401b5e
    I: 401b61
    I: 401b64
    I: 401b68
    I: 401b6a
    I: 401b6d
    I: 401b6f
    I: 401b71
    I: 401b74
    I: 401b77
    I: 401b7b
    I: 401b7e
    I: 401b81
    I: 401b84
    I: 401b87
    I: 401b8a
    I: 401b8d
    I: 401b90
    I: 401b92
    I: 401b94
    I: 401b96 (flow 401ba1)
      Successors: 401ba1, 401b9c
  BB: 401d25 in func 401150 with 2 insts
    I: 401d25
    I: 401d29 (flow 401d45)
      Successors: 401d45, 401d2f
  BB: 403125 in func 401150 with 1 insts
    I: 403125 (flow 40312a)
      Successors: 40312a
  BB: 40312a in func 401150 with 1 insts
    I: 40312a (flow 40312f)
      Successors: 40312f
  BB: 401d2f in func 401150 with 4 insts
    I: 401d2f (imm 404007)
    I: 401d39
    I: 401d3b (flow 406040)
    I: 401d40 (flow 40224e)
      Successors: 40224e
  BB: 40312f in func 401150 with 6 insts
    I: 40312f
    I: 403132
    I: 403134
    I: 403137
    I: 403139
    I: 40313c (flow 4015d7)
      Successors: 4015d7
  BB: 401537 in func 401150 with 20 insts
    I: 401537 (imm 40602c)
    I: 40153e
    I: 401540 (imm 406030)
    I: 401547
    I: 401549
    I: 40154b
    I: 401551
    I: 401554
    I: 40155a
    I: 40155d
    I: 401560
    I: 401563
    I: 401566
    I: 401569
    I: 40156c
    I: 40156e
    I: 401570
    I: 401572
    I: 401574
    I: 401576 (flow 401581)
      Successors: 401581, 40157c
  BB: 40273b in func 401150 with 1 insts
    I: 40273b (flow 403268)
      Successors: 403268
  BB: 40133c in func 401150 with 1 insts
    I: 40133c (flow 403168)
      Successors: 403168
  BB: 402740 in func 401150 with 40 insts
    I: 402740
    I: 402744
    I: 402749
    I: 40274c
    I: 40274f (imm 40602c)
    I: 402756
    I: 402758 (imm 406030)
    I: 40275f
    I: 402761
    I: 402763
    I: 402769
    I: 40276c
    I: 402772
    I: 402775
    I: 402778
    I: 40277b
    I: 40277f
    I: 402782
    I: 402786
    I: 402789
    I: 40278c
    I: 40278f
    I: 402793
    I: 402795
    I: 402798
    I: 40279a
    I: 40279c
    I: 40279f
    I: 4027a2
    I: 4027a6
    I: 4027a9
    I: 4027ac
    I: 4027af
    I: 4027b2
    I: 4027b5
    I: 4027b8
    I: 4027bb
    I: 4027bd
    I: 4027bf
    I: 4027c1 (flow 4027cc)
      Successors: 4027cc, 4027c7
  BB: 401341 in func 401150 with 3 insts
    I: 401341
    I: 401344
    I: 401346 (flow 401351)
      Successors: 401351, 40134c
  BB: 403141 in func 401150 with 1 insts
    I: 403141 (flow 40116f)
      Successors: 40116f
  BB: 4031f0 in func 401150 with 4 insts
    I: 4031f0 (imm 40400d)
    I: 4031fa
    I: 4031fc (flow 406040)
    I: 403201 (flow 401f6a)
      Successors: 401f6a
  BB: 401d45 in func 401150 with 2 insts
    I: 401d45
    I: 401d49 (flow 401e24)
      Successors: 401e24, 401d4f
  BB: 403146 in func 401150 with 4 insts
    I: 403146
    I: 403148
    I: 40314c
    I: 40314d
      No successors
  BB: 402d49 in func 401150 with 1 insts
    I: 402d49 (flow 4032a5)
      Successors: 4032a5
  BB: 40134c in func 401150 with 1 insts
    I: 40134c (flow 403146)
      Successors: 403146
  BB: 402d4e in func 401150 with 3 insts
    I: 402d4e
    I: 402d51
    I: 402d53 (flow 402d5e)
      Successors: 402d59, 402d5e
  BB: 401d4f in func 401150 with 20 insts
    I: 401d4f (imm 40602c)
    I: 401d56
    I: 401d58 (imm 406030)
    I: 401d5f
    I: 401d61
    I: 401d63
    I: 401d66
    I: 401d68
    I: 401d6a
    I: 401d6d
    I: 401d70
    I: 401d73
    I: 401d76
    I: 401d79
    I: 401d7c
    I: 401d7e
    I: 401d80
    I: 401d82
    I: 401d84
    I: 401d86 (flow 401d91)
      Successors: 401d91, 401d8c
  BB: 401150 in func 401150 with 8 insts
    Referenced by data
    I: 401150
    I: 401151
    I: 401154
    I: 401158
    I: 40115f
    I: 401163
    I: 401165
    I: 40116a (flow 406048)
      Successors: 40116f
  BB: 401351 in func 401150 with 20 insts
    I: 401351 (imm 40602c)
    I: 401358
    I: 40135a (imm 406030)
    I: 401361
    I: 401363
    I: 401365
    I: 40136b
    I: 40136e
    I: 401374
    I: 401377
    I: 40137a
    I: 40137d
    I: 401380
    I: 401383
    I: 401386
    I: 401388
    I: 40138a
    I: 40138c
    I: 40138e
    I: 401390 (flow 40139b)
      Successors: 40139b, 401396
  BB: 40234f in func 401150 with 1 insts
    I: 40234f (flow 40322b)
      Successors: 40322b
  BB: 402b53 in func 401150 with 1 insts
    I: 402b53 (flow 403288)
      Successors: 403288
  BB: 402354 in func 401150 with 24 insts
    I: 402354
    I: 402358
    I: 40235d
    I: 402360
    I: 402363 (imm 40602c)
    I: 40236a
    I: 40236c (imm 406030)
    I: 402373
    I: 402375
    I: 402377
    I: 40237d
    I: 402380
    I: 402386
    I: 402389
    I: 40238c
    I: 40238f
    I: 402392
    I: 402395
    I: 402398
    I: 40239a
    I: 40239c
    I: 40239e
    I: 4023a0
    I: 4023a2 (flow 4023ad)
      Successors: 4023a8, 4023ad
  BB: 40314e in func 401150 with 5 insts
    I: 40314e
    I: 403152 (imm 404004)
    I: 40315c
    I: 40315e (flow 406050)
    I: 403163 (flow 4011ec)
      Successors: 4011ec
  BB: 402957 in func 401150 with 1 insts
    I: 402957 (flow 403272)
      Successors: 403272
  BB: 402b58 in func 401150 with 20 insts
    I: 402b58 (imm 40602c)
    I: 402b5f
    I: 402b61 (imm 406030)
    I: 402b68
    I: 402b6a
    I: 402b6c
    I: 402b72
    I: 402b75
    I: 402b7b
    I: 402b7e
    I: 402b81
    I: 402b84
    I: 402b87
    I: 402b8a
    I: 402b8d
    I: 402b8f
    I: 402b91
    I: 402b93
    I: 402b95
    I: 402b97 (flow 402ba2)
      Successors: 402ba2, 402b9d
  BB: 402d59 in func 401150 with 1 insts
    I: 402d59 (flow 402e33)
      Successors: 402e33
  BB: 40295c in func 401150 with 3 insts
    I: 40295c
    I: 40295f
    I: 402961 (flow 40296c)
      Successors: 40296c, 402967
  BB: 402d5e in func 401150 with 36 insts
    I: 402d5e (imm 40602c)
    I: 402d65
    I: 402d67 (imm 406030)
    I: 402d6e
    I: 402d70
    I: 402d72
    I: 402d78
    I: 402d7b
    I: 402d81
    I: 402d84
    I: 402d87
    I: 402d8a
    I: 402d8e
    I: 402d91
    I: 402d95
    I: 402d98
    I: 402d9b
    I: 402d9e
    I: 402da2
    I: 402da4
    I: 402da7
    I: 402da9
    I: 402dab
    I: 402dae
    I: 402db1
    I: 402db5
    I: 402db8
    I: 402dbb
    I: 402dbe
    I: 402dc1
    I: 402dc4
    I: 402dc7
    I: 402dca
    I: 402dcc
    I: 402dce
    I: 402dd0 (flow 402ddb)
      Successors: 402ddb, 402dd6
  BB: 402f5f in func 401150 with 1 insts
    I: 402f5f (flow 4032d6)
      Successors: 4032d6
  BB: 402f64 in func 401150 with 39 insts
    I: 402f64
    I: 402f68
    I: 402f6b
    I: 402f6e (imm 40602c)
    I: 402f75
    I: 402f77 (imm 406030)
    I: 402f7e
    I: 402f80
    I: 402f82
    I: 402f85
    I: 402f87
    I: 402f89
    I: 402f8c
    I: 402f8f
    I: 402f92
    I: 402f96
    I: 402f99
    I: 402f9d
    I: 402fa0
    I: 402fa3
    I: 402fa6
    I: 402faa
    I: 402fac
    I: 402faf
    I: 402fb1
    I: 402fb3
    I: 402fb6
    I: 402fb9
    I: 402fbd
    I: 402fc0
    I: 402fc3
    I: 402fc6
    I: 402fc9
    I: 402fcc
    I: 402fcf
    I: 402fd2
    I: 402fd4
    I: 402fd6
    I: 402fd8 (flow 402fe3)
      Successors: 402fe3, 402fde
  BB: 401765 in func 401150 with 1 insts
    I: 401765 (flow 40318f)
      Successors: 40318f
  BB: 401f65 in func 401150 with 1 insts
    I: 401f65 (flow 4031f0)
      Successors: 4031f0
  BB: 402967 in func 401150 with 1 insts
    I: 402967 (flow 402ba7)
      Successors: 402ba7
  BB: 403168 in func 401150 with 1 insts
    I: 403168 (flow 4012f7)
      Successors: 4012f7
  BB: 40176a in func 401150 with 40 insts
    I: 40176a
    I: 40176d
    I: 401770
    I: 401773
    I: 401776 (imm 40602c)
    I: 40177d
    I: 40177f (imm 406030)
    I: 401786
    I: 401788
    I: 40178a
    I: 40178d
    I: 40178f
    I: 401791
    I: 401794
    I: 401797
    I: 40179a
    I: 40179e
    I: 4017a1
    I: 4017a5
    I: 4017a8
    I: 4017ab
    I: 4017ae
    I: 4017b2
    I: 4017b4
    I: 4017b7
    I: 4017b9
    I: 4017bb
    I: 4017be
    I: 4017c1
    I: 4017c5
    I: 4017c8
    I: 4017cb
    I: 4017ce
    I: 4017d1
    I: 4017d4
    I: 4017d7
    I: 4017da
    I: 4017dc
    I: 4017de
    I: 4017e0 (flow 4017eb)
      Successors: 4017eb, 4017e6
  BB: 401f6a in func 401150 with 39 insts
    I: 401f6a (imm 40400d)
    I: 401f74
    I: 401f76 (flow 406040)
    I: 401f7b (imm 40602c)
    I: 401f82
    I: 401f84 (imm 406030)
    I: 401f8b
    I: 401f8d
    I: 401f8f
    I: 401f92
    I: 401f94
    I: 401f96
    I: 401f99
    I: 401f9c
    I: 401f9f
    I: 401fa3
    I: 401fa6
    I: 401faa
    I: 401fad
    I: 401fb0
    I: 401fb3
    I: 401fb7
    I: 401fb9
    I: 401fbc
    I: 401fbe
    I: 401fc0
    I: 401fc3
    I: 401fc6
    I: 401fca
    I: 401fcd
    I: 401fd0
    I: 401fd3
    I: 401fd6
    I: 401fd9
    I: 401fdc
    I: 401fdf
    I: 401fe1
    I: 401fe3
    I: 401fe5 (flow 401ff0)
      Successors: 401ff0, 401feb
  BB: 40296c in func 401150 with 36 insts
    I: 40296c (imm 40602c)
    I: 402973
    I: 402975 (imm 406030)
    I: 40297c
    I: 40297e
    I: 402980
    I: 402983
    I: 402985
    I: 402987
    I: 40298a
    I: 40298d
    I: 402990
    I: 402994
    I: 402997
    I: 40299b
    I: 40299e
    I: 4029a1
    I: 4029a4
    I: 4029a8
    I: 4029aa
    I: 4029ad
    I: 4029af
    I: 4029b1
    I: 4029b4
    I: 4029b7
    I: 4029bb
    I: 4029be
    I: 4029c1
    I: 4029c4
    I: 4029c7
    I: 4029ca
    I: 4029cd
    I: 4029d0
    I: 4029d2
    I: 4029d4
    I: 4029d6 (flow 4029e1)
      Successors: 4029e1, 4029dc
  BB: 40316d in func 401150 with 2 insts
    I: 40316d
    I: 403174 (flow 40139b)
      Successors: 40139b
  BB: 40216e in func 401150 with 1 insts
    I: 40216e (flow 40320b)
      Successors: 40320b
  BB: 40116f in func 401150 with 36 insts
    I: 40116f (imm 40602c)
    I: 401176
    I: 401178 (imm 406030)
    I: 40117f
    I: 401181
    I: 401183
    I: 401189
    I: 40118c
    I: 401192
    I: 401195
    I: 401198
    I: 40119b
    I: 40119f
    I: 4011a2
    I: 4011a6
    I: 4011a9
    I: 4011ac
    I: 4011af
    I: 4011b3
    I: 4011b5
    I: 4011b8
    I: 4011ba
    I: 4011bc
    I: 4011bf
    I: 4011c2
    I: 4011c6
    I: 4011c9
    I: 4011cc
    I: 4011cf
    I: 4011d2
    I: 4011d5
    I: 4011d8
    I: 4011db
    I: 4011dd
    I: 4011df
    I: 4011e1 (flow 4011ec)
      Successors: 4011ec, 4011e7
  BB: 40196f in func 401150 with 1 insts
    I: 40196f (flow 403199)
      Successors: 403199
  BB: 402173 in func 401150 with 1 insts
    I: 402173 (flow 402178)
      Successors: 402178
  BB: 401974 in func 401150 with 21 insts
    I: 401974
    I: 40197b (imm 40602c)
    I: 401982
    I: 401984 (imm 406030)
    I: 40198b
    I: 40198d
    I: 40198f
    I: 401995
    I: 401998
    I: 40199e
    I: 4019a1
    I: 4019a4
    I: 4019a7
    I: 4019aa
    I: 4019ad
    I: 4019b0
    I: 4019b2
    I: 4019b4
    I: 4019b6
    I: 4019b8
    I: 4019ba (flow 4019c5)
      Successors: 4019c0, 4019c5
  BB: 402178 in func 401150 with 1 insts
    I: 402178 (flow 40217d)
      Successors: 40217d
  BB: 403179 in func 401150 with 1 insts
    I: 403179 (flow 401466)
      Successors: 401466
  BB: 40157c in func 401150 with 1 insts
    I: 40157c (flow 40317e)
      Successors: 40317e
  BB: 40217d in func 401150 with 1 insts
    I: 40217d (flow 402182)
      Successors: 402182
  BB: 40317e in func 401150 with 2 insts
    I: 40317e
    I: 403185 (flow 401581)
      Successors: 401581
  BB: 401581 in func 401150 with 21 insts
    I: 401581
    I: 401588 (imm 40602c)
    I: 40158f
    I: 401591 (imm 406030)
    I: 401598
    I: 40159a
    I: 40159c
    I: 4015a2
    I: 4015a5
    I: 4015ab
    I: 4015ae
    I: 4015b1
    I: 4015b4
    I: 4015b7
    I: 4015ba
    I: 4015bd
    I: 4015bf
    I: 4015c1
    I: 4015c3
    I: 4015c5
    I: 4015c7 (flow 4015d2)
      Successors: 4015d2, 4015cd
  BB: 402182 in func 401150 with 20 insts
    I: 402182 (imm 40602c)
    I: 402189
    I: 40218b (imm 406030)
    I: 402192
    I: 402194
    I: 402196
    I: 40219c
    I: 40219f
    I: 4021a5
    I: 4021a8
    I: 4021ab
    I: 4021ae
    I: 4021b1
    I: 4021b4
    I: 4021b7
    I: 4021b9
    I: 4021bb
    I: 4021bd
    I: 4021bf
    I: 4021c1 (flow 4021cc)
      Successors: 4021cc, 4021c7
  BB: 40318a in func 401150 with 1 insts
    I: 40318a (flow 401654)
      Successors: 401654
  BB: 401d8c in func 401150 with 1 insts
    I: 401d8c (flow 4031d5)
      Successors: 4031d5
  BB: 40258e in func 401150 with 1 insts
    I: 40258e (flow 40323c)
      Successors: 40323c
  BB: 40318f in func 401150 with 1 insts
    I: 40318f (flow 40176a)
      Successors: 40176a
  BB: 401d91 in func 401150 with 39 insts
    I: 401d91 (imm 40400a)
    I: 401d9b
    I: 401d9d (flow 406040)
    I: 401da2 (imm 40602c)
    I: 401da9
    I: 401dab (imm 406030)
    I: 401db2
    I: 401db4
    I: 401db6
    I: 401dbc
    I: 401dbf
    I: 401dc5
    I: 401dc8
    I: 401dcb
    I: 401dce
    I: 401dd2
    I: 401dd5
    I: 401dd9
    I: 401ddc
    I: 401ddf
    I: 401de2
    I: 401de6
    I: 401de8
    I: 401deb
    I: 401ded
    I: 401def
    I: 401df2
    I: 401df5
    I: 401df9
    I: 401dfc
    I: 401dff
    I: 401e02
    I: 401e05
    I: 401e08
    I: 401e0b
    I: 401e0e
    I: 401e10
    I: 401e12
    I: 401e14 (flow 401e1f)
      Successors: 401e1a, 401e1f
  BB: 402593 in func 401150 with 23 insts
    I: 402593 (imm 404007)
    I: 40259d
    I: 40259f (flow 406040)
    I: 4025a4 (imm 40602c)
    I: 4025ab
    I: 4025ad (imm 406030)
    I: 4025b4
    I: 4025b6
    I: 4025b8
    I: 4025be
    I: 4025c1
    I: 4025c7
    I: 4025ca
    I: 4025cd
    I: 4025d0
    I: 4025d3
    I: 4025d6
    I: 4025d9
    I: 4025db
    I: 4025dd
    I: 4025df
    I: 4025e1
    I: 4025e3 (flow 4025ee)
      Successors: 4025e9, 4025ee
  BB: 403194 in func 401150 with 1 insts
    I: 403194 (flow 40185b)
      Successors: 40185b
  BB: 401396 in func 401150 with 1 insts
    I: 401396 (flow 40316d)
      Successors: 40316d
  BB: 403199 in func 401150 with 2 insts
    I: 403199
    I: 4031a0 (flow 401974)
      Successors: 401974
  BB: 40139b in func 401150 with 37 insts
    I: 40139b
    I: 4013a2 (imm 40602c)
    I: 4013a9
    I: 4013ab (imm 406030)
    I: 4013b2
    I: 4013b4
    I: 4013b6
    I: 4013b9
    I: 4013bb
    I: 4013bd
    I: 4013c0
    I: 4013c3
    I: 4013c6
    I: 4013ca
    I: 4013cd
    I: 4013d1
    I: 4013d4
    I: 4013d7
    I: 4013da
    I: 4013de
    I: 4013e0
    I: 4013e3
    I: 4013e5
    I: 4013e7
    I: 4013ea
    I: 4013ed
    I: 4013f1
    I: 4013f4
    I: 4013f7
    I: 4013fa
    I: 4013fd
    I: 401400
    I: 401403
    I: 401406
    I: 401408
    I: 40140a
    I: 40140c (flow 401417)
      Successors: 401412, 401417
  BB: 401b9c in func 401150 with 1 insts
    I: 401b9c (flow 4031aa)
      Successors: 4031aa
  BB: 402b9d in func 401150 with 1 insts
    I: 402b9d (flow 403288)
      Successors: 403288
  BB: 401ba1 in func 401150 with 1 insts
    I: 401ba1 (flow 401ba6)
      Successors: 401ba6
  BB: 402ba2 in func 401150 with 1 insts
    I: 402ba2 (flow 402ba7)
      Successors: 402ba7
  BB: 4031a5 in func 401150 with 1 insts
    I: 4031a5 (flow 401a14)
      Successors: 401a14
  BB: 401ba6 in func 401150 with 20 insts
    I: 401ba6 (imm 40602c)
    I: 401bad
    I: 401baf (imm 406030)
    I: 401bb6
    I: 401bb8
    I: 401bba
    I: 401bc0
    I: 401bc3
    I: 401bc9
    I: 401bcc
    I: 401bcf
    I: 401bd2
    I: 401bd5
    I: 401bd8
    I: 401bdb
    I: 401bdd
    I: 401bdf
    I: 401be1
    I: 401be3
    I: 401be5 (flow 401bf0)
      Successors: 401bf0, 401beb
  BB: 402ba7 in func 401150 with 1 insts
    I: 402ba7 (flow 402bac)
      Successors: 402bac
  BB: 4023a8 in func 401150 with 1 insts
    I: 4023a8 (flow 40322b)
      Successors: 40322b
  BB: 4031aa in func 401150 with 2 insts
    I: 4031aa
    I: 4031b1 (flow 401b25)
      Successors: 401b25
  BB: 402bac in func 401150 with 20 insts
    I: 402bac (imm 40602c)
    I: 402bb3
    I: 402bb5 (imm 406030)
    I: 402bbc
    I: 402bbe
    I: 402bc0
    I: 402bc6
    I: 402bc9
    I: 402bcf
    I: 402bd2
    I: 402bd5
    I: 402bd8
    I: 402bdb
    I: 402bde
    I: 402be1
    I: 402be3
    I: 402be5
    I: 402be7
    I: 402be9
    I: 402beb (flow 402bf6)
      Successors: 402bf1, 402bf6
  BB: 4023ad in func 401150 with 3 insts
    I: 4023ad
    I: 4023b0
    I: 4023b2 (flow 4023bd)
      Successors: 4023b8, 4023bd
  BB: 4031b6 in func 401150 with 1 insts
    I: 4031b6 (flow 401bf0)
      Successors: 401bf0
  BB: 4023b8 in func 401150 with 1 insts
    I: 4023b8 (flow 4026f6)
      Successors: 4026f6
  BB: 4031bb in func 401150 with 10 insts
    I: 4031bb
    I: 4031be
    I: 4031c0
    I: 4031c2
    I: 4031c4
    I: 4031c7
    I: 4031c9
    I: 4031cb
    I: 4031cd
    I: 4031d0 (flow 401cb9)
      Successors: 401cb9
  BB: 4023bd in func 401150 with 20 insts
    I: 4023bd (imm 40602c)
    I: 4023c4
    I: 4023c6 (imm 406030)
    I: 4023cd
    I: 4023cf
    I: 4023d1
    I: 4023d7
    I: 4023da
    I: 4023e0
    I: 4023e3
    I: 4023e6
    I: 4023e9
    I: 4023ec
    I: 4023ef
    I: 4023f2
    I: 4023f4
    I: 4023f6
    I: 4023f8
    I: 4023fa
    I: 4023fc (flow 402407)
      Successors: 402402, 402407
  BB: 4019c0 in func 401150 with 1 insts
    I: 4019c0 (flow 403199)
      Successors: 403199
  BB: 4019c5 in func 401150 with 1 insts
    I: 4019c5 (flow 4019ca)
      Successors: 4019ca
  BB: 4021c7 in func 401150 with 1 insts
    I: 4021c7 (flow 403221)
      Successors: 403221
  BB: 4027c7 in func 401150 with 1 insts
    I: 4027c7 (flow 403268)
      Successors: 403268
  BB: 4019ca in func 401150 with 20 insts
    I: 4019ca (imm 40602c)
    I: 4019d1
    I: 4019d3 (imm 406030)
    I: 4019da
    I: 4019dc
    I: 4019de
    I: 4019e4
    I: 4019e7
    I: 4019ed
    I: 4019f0
    I: 4019f3
    I: 4019f6
    I: 4019f9
    I: 4019fc
    I: 4019ff
    I: 401a01
    I: 401a03
    I: 401a05
    I: 401a07
    I: 401a09 (flow 401a14)
      Successors: 401a14, 401a0f
  BB: 4021cc in func 401150 with 36 insts
    I: 4021cc (imm 40602c)
    I: 4021d3
    I: 4021d5 (imm 406030)
    I: 4021dc
    I: 4021de
    I: 4021e0
    I: 4021e6
    I: 4021e9
    I: 4021ef
    I: 4021f2
    I: 4021f5
    I: 4021f8
    I: 4021fc
    I: 4021ff
    I: 402203
    I: 402206
    I: 402209
    I: 40220c
    I: 402210
    I: 402212
    I: 402215
    I: 402217
    I: 402219
    I: 40221c
    I: 40221f
    I: 402223
    I: 402226
    I: 402229
    I: 40222c
    I: 40222f
    I: 402232
    I: 402235
    I: 402238
    I: 40223a
    I: 40223c
    I: 40223e (flow 402249)
      Successors: 402249, 402244
  BB: 4015cd in func 401150 with 1 insts
    I: 4015cd (flow 40317e)
      Successors: 40317e
  BB: 4027cc in func 401150 with 3 insts
    I: 4027cc
    I: 4027cf
    I: 4027d1 (flow 4027dc)
      Successors: 4027dc, 4027d7
  BB: 4015d2 in func 401150 with 1 insts
    I: 4015d2 (flow 4015d7)
      Successors: 4015d7
  BB: 4031d5 in func 401150 with 4 insts
    I: 4031d5 (imm 40400a)
    I: 4031df
    I: 4031e1 (flow 406040)
    I: 4031e6 (flow 401d91)
      Successors: 401d91
  BB: 402dd6 in func 401150 with 1 insts
    I: 402dd6 (flow 4032aa)
      Successors: 4032aa
  BB: 4015d7 in func 401150 with 36 insts
    I: 4015d7 (imm 40602c)
    I: 4015de
    I: 4015e0 (imm 406030)
    I: 4015e7
    I: 4015e9
    I: 4015eb
    I: 4015f1
    I: 4015f4
    I: 4015fa
    I: 4015fd
    I: 401600
    I: 401603
    I: 401607
    I: 40160a
    I: 40160e
    I: 401611
    I: 401614
    I: 401617
    I: 40161b
    I: 40161d
    I: 401620
    I: 401622
    I: 401624
    I: 401627
    I: 40162a
    I: 40162e
    I: 401631
    I: 401634
    I: 401637
    I: 40163a
    I: 40163d
    I: 401640
    I: 401643
    I: 401645
    I: 401647
    I: 401649 (flow 401654)
      Successors: 401654, 40164f
  BB: 4027d7 in func 401150 with 1 insts
    I: 4027d7 (flow 40312a)
      Successors: 40312a
  BB: 402ddb in func 401150 with 23 insts
    I: 402ddb (imm 404007)
    I: 402de5
    I: 402de7 (flow 406040)
    I: 402dec (imm 40602c)
    I: 402df3
    I: 402df5 (imm 406030)
    I: 402dfc
    I: 402dfe
    I: 402e00
    I: 402e03
    I: 402e05
    I: 402e07
    I: 402e0a
    I: 402e0d
    I: 402e10
    I: 402e13
    I: 402e16
    I: 402e19
    I: 402e1b
    I: 402e1d
    I: 402e1f
    I: 402e21
    I: 402e23 (flow 402e2e)
      Successors: 402e29, 402e2e
  BB: 4027dc in func 401150 with 1 insts
    I: 4027dc
      Successors: 4027e3
  BB: 4029dc in func 401150 with 1 insts
    I: 4029dc (flow 403277)
      Successors: 403277
  BB: 402fde in func 401150 with 1 insts
    I: 402fde (flow 4032d6)
      Successors: 4032d6
  BB: 4029e1 in func 401150 with 24 insts
    I: 4029e1
    I: 4029e5
    I: 4029ea
    I: 4029ed
    I: 4029f0 (imm 40602c)
    I: 4029f7
    I: 4029f9 (imm 406030)
    I: 402a00
    I: 402a02
    I: 402a04
    I: 402a0a
    I: 402a0d
    I: 402a13
    I: 402a16
    I: 402a19
    I: 402a1c
    I: 402a1f
    I: 402a22
    I: 402a25
    I: 402a27
    I: 402a29
    I: 402a2b
    I: 402a2d
    I: 402a2f (flow 402a3a)
      Successors: 402a3a, 402a35
  BB: 4027e3 in func 401150 with 20 insts
    I: 4027e3 (imm 40602c)
    I: 4027ea
    I: 4027ec (imm 406030)
    I: 4027f3
    I: 4027f5
    I: 4027f7
    I: 4027fd
    I: 402800
    I: 402806
    I: 402809
    I: 40280c
    I: 40280f
    I: 402812
    I: 402815
    I: 402818
    I: 40281a
    I: 40281c
    I: 40281e
    I: 402820
    I: 402822 (flow 40282d)
      Successors: 402828, 40282d
  BB: 402fe3 in func 401150 with 3 insts
    I: 402fe3
    I: 402fe6
    I: 402fe8 (flow 402ff3)
      Successors: 402ff3, 402fee
  BB: 4017e6 in func 401150 with 1 insts
    I: 4017e6 (flow 40318f)
      Successors: 40318f
  BB: 4011e7 in func 401150 with 1 insts
    I: 4011e7 (flow 40314e)
      Successors: 40314e
  BB: 4025e9 in func 401150 with 1 insts
    I: 4025e9 (flow 40323c)
      Successors: 40323c
  BB: 4031eb in func 401150 with 1 insts
    I: 4031eb (flow 401e66)
      Successors: 401e66
  BB: 401beb in func 401150 with 1 insts
    I: 401beb (flow 4031b6)
      Successors: 4031b6
  BB: 4011ec in func 401150 with 43 insts
    I: 4011ec
    I: 4011f0 (imm 404004)
    I: 4011fa
    I: 4011fc (flow 406050)
    I: 401201
    I: 401204
    I: 401207
    I: 40120a (imm 40602c)
    I: 401211
    I: 401213 (imm 406030)
    I: 40121a
    I: 40121c
    I: 40121e
    I: 401224
    I: 401227
    I: 40122d
    I: 401230
    I: 401233
    I: 401236
    I: 40123a
    I: 40123d
    I: 401241
    I: 401244
    I: 401247
    I: 40124a
    I: 40124e
    I: 401250
    I: 401253
    I: 401255
    I: 401257
    I: 40125a
    I: 40125d
    I: 401261
    I: 401264
    I: 401267
    I: 40126a
    I: 40126d
    I: 401270
    I: 401273
    I: 401276
    I: 401278
    I: 40127a
    I: 40127c (flow 401287)
      Successors: 401282, 401287
  BB: 4017eb in func 401150 with 3 insts
    I: 4017eb
    I: 4017ee
    I: 4017f0 (flow 4017fb)
      Successors: 4017fb, 4017f6
  BB: 401feb in func 401150 with 1 insts
    I: 401feb (flow 4031f0)
      Successors: 4031f0
  BB: 4025ee in func 401150 with 1 insts
    I: 4025ee (flow 4026f1)
      Successors: 4026f1
  BB: 401bf0 in func 401150 with 20 insts
    I: 401bf0 (imm 40602c)
    I: 401bf7
    I: 401bf9 (imm 406030)
    I: 401c00
    I: 401c02
    I: 401c04
    I: 401c0a
    I: 401c0d
    I: 401c13
    I: 401c16
    I: 401c19
    I: 401c1c
    I: 401c1f
    I: 401c22
    I: 401c25
    I: 401c27
    I: 401c29
    I: 401c2b
    I: 401c2d
    I: 401c2f (flow 401c3a)
      Successors: 401c3a, 401c35
  BB: 401ff0 in func 401150 with 1 insts
    I: 401ff0 (flow 40217d)
      Successors: 40217d
  BB: 402bf1 in func 401150 with 1 insts
    I: 402bf1 (flow 40328d)
      Successors: 40328d
  BB: 4025f3 in func 401150 with 2 insts
    I: 4025f3
    I: 4025f7 (flow 4026a7)
      Successors: 4025fd, 4026a7
  BB: 402fee in func 401150 with 1 insts
    I: 402fee (flow 403009)
      Successors: 403009
  BB: 401ff5 in func 401150 with 20 insts
    I: 401ff5 (imm 40602c)
    I: 401ffc
    I: 401ffe (imm 406030)
    I: 402005
    I: 402007
    I: 402009
    I: 40200c
    I: 40200e
    I: 402010
    I: 402013
    I: 402016
    I: 402019
    I: 40201c
    I: 40201f
    I: 402022
    I: 402024
    I: 402026
    I: 402028
    I: 40202a
    I: 40202c (flow 402037)
      Successors: 402032, 402037
  BB: 4017f6 in func 401150 with 1 insts
    I: 4017f6 (flow 401c3f)
      Successors: 401c3f
  BB: 402bf6 in func 401150 with 25 insts
    I: 402bf6
    I: 402bf9
    I: 402bfe
    I: 402c01
    I: 402c06
    I: 402c09 (imm 40602c)
    I: 402c10
    I: 402c12 (imm 406030)
    I: 402c19
    I: 402c1b
    I: 402c1d
    I: 402c20
    I: 402c22
    I: 402c24
    I: 402c27
    I: 402c2a
    I: 402c2d
    I: 402c30
    I: 402c33
    I: 402c36
    I: 402c38
    I: 402c3a
    I: 402c3c
    I: 402c3e
    I: 402c40 (flow 402c4b)
      Successors: 402c4b, 402c46
  BB: 402ff3 in func 401150 with 4 insts
    I: 402ff3 (imm 40400d)
    I: 402ffd
    I: 402fff (flow 406040)
    I: 403004 (flow 403029)
      Successors: 403029
  BB: 4017fb in func 401150 with 3 insts
    I: 4017fb
    I: 4017ff
    I: 401804 (flow 401811)
      Successors: 401811, 40180a
  BB: 4025fd in func 401150 with 20 insts
    I: 4025fd (imm 40602c)
    I: 402604
    I: 402606 (imm 406030)
    I: 40260d
    I: 40260f
    I: 402611
    I: 402617
    I: 40261a
    I: 402620
    I: 402623
    I: 402626
    I: 402629
    I: 40262c
    I: 40262f
    I: 402632
    I: 402634
    I: 402636
    I: 402638
    I: 40263a
    I: 40263c (flow 402647)
      Successors: 402642, 402647
Recovering .term_proc at 4032e0
  Analysing subroutine .term_proc at 4032e0
    Block head at 004032ed is not code.
  Subroutine .term_proc at 4032e0 has 1 blocks
  BB: 4032e0 in func 4032e0 with 4 insts
    I: 4032e0
    I: 4032e4
    I: 4032e8
    I: 4032ec
      No successors
Global Variable None
WARNING: Global constructor and destructor sections are adjacent!
Recovering region LOAD [400000, 400520) in segment LOAD
  8-byte reference at 400018 to 401060 (start)
  8-byte reference at 4000f8 to 401000 (.init_proc)
  8-byte reference at 400130 to 404000 ()
  8-byte reference at 400168 to 405de8 ()
  8-byte reference at 400280 to 404010 ()
  8-byte reference at 4002f0 to 405de8 ()
Recovering region .init [401000, 40101b) in segment .init
Recovering region LOAD [40101b, 401020) in segment LOAD
Recovering region .plt [401020, 401060) in segment .plt
Recovering region .text [401060, 4032e0) in segment .text
Recovering region .fini [4032e0, 4032ed) in segment .fini
Recovering region .rodata [404000, 404010) in segment .rodata
  Variable format at 404007
  Variable a1 at 40400a
  Variable a2 at 40400d
Recovering region .eh_frame_hdr [404010, 40403c) in segment .eh_frame_hdr
Recovering region LOAD [40403c, 404040) in segment LOAD
Recovering region .eh_frame [404040, 4040d0) in segment .eh_frame
Recovering region LOAD [4040d0, 404110) in segment LOAD
Recovering region .init_array [405de8, 405df8) in segment .init_array
  8-byte reference at 405de8 to 401140 ()
  8-byte reference at 405df0 to 401110 ()
Recovering region LOAD [405df8, 405fd8) in segment LOAD
Recovering region .got [405fd8, 405fe8) in segment .got
  8-byte reference at 405fd8 to 406038 (__libc_start_main)
  8-byte reference at 405fe0 to 406058 (__gmon_start__)
Recovering region .got.plt [405fe8, 406018) in segment .got.plt
  8-byte reference at 406000 to 406040 (printf)
  8-byte reference at 406008 to 406048 (memset)
  8-byte reference at 406010 to 406050 (__isoc99_scanf)
Recovering region .data [406018, 406028) in segment .data
Recovering region .bss [406028, 406038) in segment .bss
Recovering extern function printf at 401030
Recovering extern function memset at 401040
Recovering extern function __isoc99_scanf at 401050
Recovering extern function __libc_start_main at 406038
Recovering extern function printf at 406040
Recovering extern function memset at 406048
Recovering extern function __isoc99_scanf at 406050
Recovering extern function __gmon_start__ at 406058
Recovered 8 functions.
Saving to: /home/ubuntu/capstone_project/result/pipeline_20260629_141746/s202037324_bcf_instsub.cfg
Done analysis!
