Debugging is enabled.
Loading Standard Definitions file: /home/ubuntu/capstone_project/dependency/mcsema/mcsema/lib/python3/site-packages/mcsema_disass-3.1.3.8-py3.8.egg/mcsema_disass/defs/linux.txt
Using Batch mode.
Starting analysis
Recovering module s202037324_fla.elf
Found main at 401150
Looking for instructions in segment .init
  Default block heads for function 401000 with loose bounds [401000, 40101b)
    block [401000, 401014)
    block [401014, 401016)
    block [401016, 40101b)
    chunk [401000, 40101b)
Looking for instructions in segment .plt
  Default block heads for function 401020 with loose bounds [401020, 40102c)
    block [401020, 40102c)
    chunk [401020, 40102c)
  Default block heads for function 401030 with loose bounds [401030, 401036)
    block [401030, 401036)
    chunk [401030, 401036)
  Default block heads for function 401040 with loose bounds [401040, 401046)
    block [401040, 401046)
    chunk [401040, 401046)
  Default block heads for function 401050 with loose bounds [401050, 401056)
    block [401050, 401056)
    chunk [401050, 401056)
Looking for instructions in segment .text
  Default block heads for function 401060 with loose bounds [401060, 401086)
    block [401060, 401086)
    chunk [401060, 401086)
  Default block heads for function 4010a0 with loose bounds [4010a0, 4010c1)
    block [4010a0, 4010ad)
    block [4010ad, 4010b7)
    block [4010b7, 4010be)
    block [4010c0, 4010c1)
    chunk [4010a0, 4010c1)
  Default block heads for function 401110 with loose bounds [401110, 401131)
    block [401110, 40111d)
    block [40111d, 40112f)
    block [401130, 401131)
    chunk [401110, 401131)
  Default block heads for function 401140 with loose bounds [401140, 401146)
    block [401140, 401146)
    chunk [401140, 401146)
    chunk [4010d0, 401101)
  Default block heads for function 401150 with loose bounds [401150, 40205d)
    block [401150, 401176)
    block [401176, 401187)
    block [401187, 40118c)
    block [40118c, 40119a)
    block [40119a, 40119f)
    block [40119f, 4011ad)
    block [4011ad, 4011b2)
    block [4011b2, 4011c0)
    block [4011c0, 4011c5)
    block [4011c5, 4011d3)
    block [4011d3, 4011d8)
    block [4011d8, 4011e6)
    block [4011e6, 4011eb)
    block [4011eb, 4011f9)
    block [4011f9, 4011fe)
    block [4011fe, 40120c)
    block [40120c, 401211)
    block [401211, 40121f)
    block [40121f, 401224)
    block [401224, 401232)
    block [401232, 401237)
    block [401237, 401245)
    block [401245, 40124a)
    block [40124a, 401258)
    block [401258, 40125d)
    block [40125d, 40126b)
    block [40126b, 401270)
    block [401270, 40127e)
    block [40127e, 401283)
    block [401283, 401291)
    block [401291, 401296)
    block [401296, 4012a4)
    block [4012a4, 4012a9)
    block [4012a9, 4012b7)
    block [4012b7, 4012bc)
    block [4012bc, 4012ca)
    block [4012ca, 4012cf)
    block [4012cf, 4012dd)
    block [4012dd, 4012e2)
    block [4012e2, 4012f0)
    block [4012f0, 4012f5)
    block [4012f5, 401303)
    block [401303, 401308)
    block [401308, 401316)
    block [401316, 40131b)
    block [40131b, 401329)
    block [401329, 40132e)
    block [40132e, 40133c)
    block [40133c, 401341)
    block [401341, 40134f)
    block [40134f, 401354)
    block [401354, 401362)
    block [401362, 401367)
    block [401367, 401375)
    block [401375, 40137a)
    block [40137a, 401388)
    block [401388, 40138d)
    block [40138d, 40139b)
    block [40139b, 4013a0)
    block [4013a0, 4013ae)
    block [4013ae, 4013b3)
    block [4013b3, 4013c1)
    block [4013c1, 4013c6)
    block [4013c6, 4013d4)
    block [4013d4, 4013d9)
    block [4013d9, 4013e7)
    block [4013e7, 4013ec)
    block [4013ec, 4013fa)
    block [4013fa, 4013ff)
    block [4013ff, 40140d)
    block [40140d, 401412)
    block [401412, 401420)
    block [401420, 401425)
    block [401425, 401433)
    block [401433, 401438)
    block [401438, 401446)
    block [401446, 40144b)
    block [40144b, 401459)
    block [401459, 40145e)
    block [40145e, 40146c)
    block [40146c, 401471)
    block [401471, 40147f)
    block [40147f, 401484)
    block [401484, 401492)
    block [401492, 401497)
    block [401497, 4014a5)
    block [4014a5, 4014aa)
    block [4014aa, 4014b8)
    block [4014b8, 4014bd)
    block [4014bd, 4014cb)
    block [4014cb, 4014d0)
    block [4014d0, 4014de)
    block [4014de, 4014e3)
    block [4014e3, 4014f1)
    block [4014f1, 4014f6)
    block [4014f6, 401504)
    block [401504, 401509)
    block [401509, 401517)
    block [401517, 40151c)
    block [40151c, 40152a)
    block [40152a, 40152f)
    block [40152f, 40153d)
    block [40153d, 401542)
    block [401542, 401550)
    block [401550, 401555)
    block [401555, 401563)
    block [401563, 401568)
    block [401568, 401576)
    block [401576, 40157b)
    block [40157b, 401589)
    block [401589, 40158e)
    block [40158e, 40159c)
    block [40159c, 4015a1)
    block [4015a1, 4015af)
    block [4015af, 4015b4)
    block [4015b4, 4015c2)
    block [4015c2, 4015c7)
    block [4015c7, 4015d5)
    block [4015d5, 4015da)
    block [4015da, 4015e8)
    block [4015e8, 4015ed)
    block [4015ed, 4015fb)
    block [4015fb, 401600)
    block [401600, 40160e)
    block [40160e, 401613)
    block [401613, 401621)
    block [401621, 401626)
    block [401626, 401634)
    block [401634, 401639)
    block [401639, 401647)
    block [401647, 40164c)
    block [40164c, 40165a)
    block [40165a, 40165f)
    block [40165f, 40166d)
    block [40166d, 401672)
    block [401672, 401680)
    block [401680, 401685)
    block [401685, 401693)
    block [401693, 401698)
    block [401698, 4016a6)
    block [4016a6, 4016ab)
    block [4016ab, 4016b9)
    block [4016b9, 4016be)
    block [4016be, 4016cc)
    block [4016cc, 4016d1)
    block [4016d1, 4016df)
    block [4016df, 4016e4)
    block [4016e4, 4016f2)
    block [4016f2, 4016f7)
    block [4016f7, 401705)
    block [401705, 40170a)
    block [40170a, 401718)
    block [401718, 40171d)
    block [40171d, 40172b)
    block [40172b, 401730)
    block [401730, 40173e)
    block [40173e, 401743)
    block [401743, 401751)
    block [401751, 401756)
    block [401756, 401764)
    block [401764, 401769)
    block [401769, 401777)
    block [401777, 40177c)
    block [40177c, 40178a)
    block [40178a, 40178f)
    block [40178f, 40179d)
    block [40179d, 4017a2)
    block [4017a2, 4017b0)
    block [4017b0, 4017b5)
    block [4017b5, 4017c3)
    block [4017c3, 4017c8)
    block [4017c8, 4017d6)
    block [4017d6, 4017db)
    block [4017db, 4017e9)
    block [4017e9, 4017ee)
    block [4017ee, 4017fc)
    block [4017fc, 401801)
    block [401801, 40180f)
    block [40180f, 401814)
    block [401814, 401822)
    block [401822, 401827)
    block [401827, 401835)
    block [401835, 40183a)
    block [40183a, 40183f)
    block [40183f, 401872)
    block [401872, 40188a)
    block [40188a, 4018a3)
    block [4018a3, 4018b6)
    block [4018b6, 4018cf)
    block [4018cf, 4018fb)
    block [4018fb, 401910)
    block [401910, 401923)
    block [401923, 40193c)
    block [40193c, 40196f)
    block [40196f, 401982)
    block [401982, 40199b)
    block [40199b, 4019b6)
    block [4019b6, 4019d4)
    block [4019d4, 4019e7)
    block [4019e7, 401a05)
    block [401a05, 401a18)
    block [401a18, 401a36)
    block [401a36, 401a49)
    block [401a49, 401a55)
    block [401a55, 401a61)
    block [401a61, 401a76)
    block [401a76, 401a8f)
    block [401a8f, 401aa8)
    block [401aa8, 401ac5)
    block [401ac5, 401ade)
    block [401ade, 401afb)
    block [401afb, 401b14)
    block [401b14, 401b31)
    block [401b31, 401b4a)
    block [401b4a, 401b67)
    block [401b67, 401b73)
    block [401b73, 401b7f)
    block [401b7f, 401b8b)
    block [401b8b, 401b97)
    block [401b97, 401bb5)
    block [401bb5, 401bc8)
    block [401bc8, 401be1)
    block [401be1, 401bfc)
    block [401bfc, 401c1a)
    block [401c1a, 401c2d)
    block [401c2d, 401c4b)
    block [401c4b, 401c5e)
    block [401c5e, 401c7c)
    block [401c7c, 401c8f)
    block [401c8f, 401c9b)
    block [401c9b, 401ca7)
    block [401ca7, 401cbc)
    block [401cbc, 401cd5)
    block [401cd5, 401cee)
    block [401cee, 401d0b)
    block [401d0b, 401d24)
    block [401d24, 401d41)
    block [401d41, 401d5a)
    block [401d5a, 401d77)
    block [401d77, 401d90)
    block [401d90, 401dad)
    block [401dad, 401db9)
    block [401db9, 401dc5)
    block [401dc5, 401dd1)
    block [401dd1, 401ddd)
    block [401ddd, 401dfb)
    block [401dfb, 401e0e)
    block [401e0e, 401e27)
    block [401e27, 401e42)
    block [401e42, 401e60)
    block [401e60, 401e73)
    block [401e73, 401e91)
    block [401e91, 401ea4)
    block [401ea4, 401ec2)
    block [401ec2, 401ed5)
    block [401ed5, 401ee1)
    block [401ee1, 401eed)
    block [401eed, 401f02)
    block [401f02, 401f1b)
    block [401f1b, 401f34)
    block [401f34, 401f51)
    block [401f51, 401f6a)
    block [401f6a, 401f87)
    block [401f87, 401fa0)
    block [401fa0, 401fbd)
    block [401fbd, 401fd6)
    block [401fd6, 401ff3)
    block [401ff3, 401fff)
    block [401fff, 40200b)
    block [40200b, 402017)
    block [402017, 402023)
    block [402023, 40202f)
    block [40202f, 402044)
    block [402044, 402050)
    block [402050, 402058)
    block [402058, 40205d)
    chunk [401150, 40205d)
Looking for instructions in segment .fini
  Default block heads for function 402060 with loose bounds [402060, 40206d)
    block [402060, 40206d)
    chunk [402060, 40206d)
Looking for strings in segment .rodata [403000, 403010)
  Found string b'3\n' of length 3 at 403007, jumping to 40300a
  Found string b'1\n' of length 3 at 40300a, jumping to 40300d
  Found string b'2\n' of length 3 at 40300d, jumping to 403010
Looking for strings in segment .eh_frame_hdr [403010, 40303c)
Looking for strings in segment .eh_frame [403040, 4030d0)
Looking for strings in segment .init_array [404de8, 404df0)
Looking for strings in segment .fini_array [404df0, 404df8)
Looking for strings in segment .got [404fd8, 404fe8)
Looking for strings in segment .got.plt [404fe8, 405018)
Looking for strings in segment .data [405018, 405028)
Looking for strings in segment .bss [405028, 405030)
Looking for strings in segment extern [405030, 405058)
Looking for cross-references in segment .init [401000, 40101b)
Looking for cross-references in segment .plt [401020, 401060)
  Stopping scan at 40102c
Looking for cross-references in segment .text [401060, 40205d)
  Stopping scan at 40108c
  Stopping scan at 40109c
  Stopping scan at ffffffffffffffff
  Stopping scan at 4010cc
  Stopping scan at 40110c
  Stopping scan at ffffffffffffffff
  Stopping scan at 40113c
  Stopping scan at 40114c
Looking for cross-references in segment .fini [402060, 40206d)
Looking for cross-references in segment .rodata [403000, 403010)
  Stopping scan at 40300c
Looking for cross-references in segment .eh_frame_hdr [403010, 40303c)
  Stopping scan at 403038
Looking for cross-references in segment .eh_frame [403040, 4030d0)
  Stopping scan at 4030cc
Looking for cross-references in segment .init_array [404de8, 404df0)
  Adding qword reference from 404de8 to 401140
  Stopping scan at 404de8
Looking for cross-references in segment .fini_array [404df0, 404df8)
  Adding qword reference from 404df0 to 401110
  Stopping scan at 404df0
Looking for cross-references in segment .got [404fd8, 404fe8)
  Adding qword reference from 404fd8 to 405030
  Adding qword reference from 404fe0 to 405050
  Stopping scan at 404fe0
Looking for cross-references in segment .got.plt [404fe8, 405018)
  Adding qword reference from 405000 to 405038
  Adding qword reference from 405008 to 405040
  Adding qword reference from 405010 to 405048
  Stopping scan at 405010
Looking for cross-references in segment .data [405018, 405028)
  Stopping scan at 405024
Looking for cross-references in segment .bss [405028, 405030)
  Stopping scan at 40502c
Looking for cross-references in segment extern [405030, 405058)
  Stopping scan at 405054
Looking for thunks
  Found thunk for printf targeting 405038 at 401030
  Found thunk for memset targeting 405040 at 401040
  Found thunk for __isoc99_scanf targeting 405048 at 401050
Looking for external symbols
  Function at 401030 is the external function printf
  Function at 401040 is the external function memset
  Function at 401050 is the external function __isoc99_scanf
  Function at 405030 is the external function __libc_start_main
  Function at 405038 is the external function printf
  Function at 405040 is the external function memset
  Function at 405048 is the external function __isoc99_scanf
  Function at 405050 is the external function __gmon_start__
Looking for entrypoints
Recovering .init_proc at 401000
  Analysing subroutine .init_proc at 401000
    Block head at 0040101b is not code.
  Subroutine .init_proc at 401000 has 3 blocks
  BB: 401000 in func 401000 with 5 insts
    Referenced by data
    I: 401000
    I: 401004
    I: 401008 (mem 404fe0)
    I: 40100f
    I: 401012 (flow 401016)
      Successors: 401014, 401016
  BB: 401014 in func 401000 with 1 insts
    I: 401014
      Successors: 401016
  BB: 401016 in func 401000 with 2 insts
    I: 401016
    I: 40101a
      No successors
Recovering 401020
  Analysing subroutine sub_401020 at 401020
  WARNING: No table entries for indirect jump at 401026; Adding next_ea 40102c as successor.
  Subroutine sub_401020 at 401020 has 2 blocks
  WARNING: No table entries for indirect jump at 401026; Adding next_ea 40102c as successor.
  BB: 401020 in func 401020 with 2 insts
    I: 401020 (mem 404ff0)
    I: 401026 (mem 404ff8)
      Successors: 40102c
  BB: 40102c in func 401020 with 1 insts
    I: 40102c
      No successors
Recovering start at 401060
  Analysing subroutine start at 401060
  Subroutine start at 401060 has 3 blocks
  BB: 401060 in func 401060 with 13 insts
    Referenced by data
    I: 401060
    I: 401064
    I: 401066
    I: 401069
    I: 40106a
    I: 40106d
    I: 401071
    I: 401072
    I: 401073
    I: 401076
    I: 401078 (imm 401150)
    I: 40107f (mem 404fd8)
    I: 401085
      No successors
  BB: 401095 in func 401060 with 2 insts
    I: 401095
    I: 40109f
      No successors
  BB: 401086 in func 401060 with 3 insts
    I: 401086
    I: 401090
    I: 401094
      No successors
Recovering 4010a0
  Analysing subroutine sub_4010A0 at 4010a0
  WARNING: No table entries for indirect jump at 4010bc; Adding next_ea 4010be as successor.
  WARNING: No table entries for indirect jump at 4010fe; Adding next_ea 401100 as successor.
  Subroutine sub_4010A0 at 4010a0 has 11 blocks
  BB: 4010a0 in func 4010a0 with 3 insts
    I: 4010a0 (imm 405028)
    I: 4010a5 (imm 405028)
    I: 4010ab (flow 4010c0)
      Successors: 4010c0, 4010ad
  BB: 4010c0 in func 4010a0 with 1 insts
    I: 4010c0
      No successors
  BB: 4010c1 in func 4010a0 with 2 insts
    I: 4010c1
    I: 4010c5
      Successors: 4010d0
  BB: 401100 in func 4010a0 with 1 insts
    I: 401100
      No successors
  BB: 401101 in func 4010a0 with 2 insts
    I: 401101
    I: 401105
      No successors
  BB: 4010ad in func 4010a0 with 3 insts
    I: 4010ad
    I: 4010b2
    I: 4010b5 (flow 4010c0)
      Successors: 4010c0, 4010b7
  BB: 4010ef in func 4010a0 with 3 insts
    I: 4010ef
    I: 4010f4
    I: 4010f7 (flow 401100)
      Successors: 401100, 4010f9
  BB: 4010d0 in func 4010a0 with 8 insts
    I: 4010d0 (imm 405028)
    I: 4010d5 (imm 405028)
    I: 4010dc
    I: 4010df
    I: 4010e3
    I: 4010e7
    I: 4010ea
    I: 4010ed (flow 401100)
      Successors: 401100, 4010ef
  WARNING: No table entries for indirect jump at 4010bc; Adding next_ea 4010be as successor.
  BB: 4010b7 in func 4010a0 with 2 insts
    I: 4010b7 (imm 405028)
    I: 4010bc
      Successors: 4010be
  WARNING: No table entries for indirect jump at 4010fe; Adding next_ea 401100 as successor.
  BB: 4010f9 in func 4010a0 with 2 insts
    I: 4010f9 (imm 405028)
    I: 4010fe
      Successors: 401100
  BB: 4010be in func 4010a0 with 1 insts
    I: 4010be
      Successors: 4010c0
Recovering 401110
  Analysing subroutine sub_401110 at 401110
  Subroutine sub_401110 at 401110 has 5 blocks
  BB: 40112f in func 401110 with 1 insts
    I: 40112f
      Successors: 401130
  BB: 401110 in func 401110 with 3 insts
    Referenced by data
    I: 401110
    I: 401114 (mem 405028)
    I: 40111b (flow 401130)
      Successors: 401130, 40111d
  BB: 401131 in func 401110 with 2 insts
    I: 401131
    I: 401135
      No successors
  BB: 401130 in func 401110 with 1 insts
    I: 401130
      No successors
  BB: 40111d in func 401110 with 6 insts
    I: 40111d
    I: 40111e
    I: 401121 (flow 4010a0)
    I: 401126 (mem 405028)
    I: 40112d
    I: 40112e
      No successors
Recovering 401140
  Analysing subroutine sub_401140 at 401140
  WARNING: No table entries for indirect jump at 4010fe; Adding next_ea 401100 as successor.
  Subroutine sub_401140 at 401140 has 6 blocks
  BB: 401140 in func 401140 with 2 insts
    Referenced by data
    I: 401140
    I: 401144 (flow 4010d0)
      Successors: 4010d0
  BB: 401100 in func 401140 with 1 insts
    I: 401100
      No successors
  BB: 401146 in func 401140 with 1 insts
    I: 401146
      No successors
  BB: 4010ef in func 401140 with 3 insts
    I: 4010ef
    I: 4010f4
    I: 4010f7 (flow 401100)
      Successors: 401100, 4010f9
  BB: 4010d0 in func 401140 with 8 insts
    I: 4010d0 (imm 405028)
    I: 4010d5 (imm 405028)
    I: 4010dc
    I: 4010df
    I: 4010e3
    I: 4010e7
    I: 4010ea
    I: 4010ed (flow 401100)
      Successors: 401100, 4010ef
  WARNING: No table entries for indirect jump at 4010fe; Adding next_ea 401100 as successor.
  BB: 4010f9 in func 401140 with 2 insts
    I: 4010f9 (imm 405028)
    I: 4010fe
      Successors: 401100
Recovering main at 401150
  Analysing subroutine main at 401150
    Block head at 0040205d is not code.
  Subroutine main at 401150 has 276 blocks
  BB: 401600 in func 401150 with 3 insts
    I: 401600
    I: 401603
    I: 401608 (flow 401b7f)
      Successors: 40160e, 401b7f
  BB: 401801 in func 401150 with 3 insts
    I: 401801
    I: 401804
    I: 401809 (flow 40193c)
      Successors: 40193c, 40180f
  BB: 401a05 in func 401150 with 3 insts
    I: 401a05
    I: 401a0c
    I: 401a13 (flow 402058)
      Successors: 402058
  BB: 40200b in func 401150 with 2 insts
    I: 40200b
    I: 402012 (flow 402058)
      Successors: 402058
  BB: 40120c in func 401150 with 1 insts
    I: 40120c (flow 401211)
      Successors: 401211
  BB: 40140d in func 401150 with 1 insts
    I: 40140d (flow 401412)
      Successors: 401412
  BB: 40160e in func 401150 with 1 insts
    I: 40160e (flow 401613)
      Successors: 401613
  BB: 40180f in func 401150 with 1 insts
    I: 40180f (flow 401814)
      Successors: 401814
  BB: 401e0e in func 401150 with 6 insts
    I: 401e0e
    I: 401e13
    I: 401e18
    I: 401e1c
    I: 401e1f
    I: 401e22 (flow 402058)
      Successors: 402058
  BB: 401211 in func 401150 with 3 insts
    I: 401211
    I: 401214
    I: 401219 (flow 401982)
      Successors: 401982, 40121f
  BB: 401412 in func 401150 with 3 insts
    I: 401412
    I: 401415
    I: 40141a (flow 401ac5)
      Successors: 401420, 401ac5
  BB: 401613 in func 401150 with 3 insts
    I: 401613
    I: 401616
    I: 40161b (flow 401fd6)
      Successors: 401621, 401fd6
  BB: 401814 in func 401150 with 3 insts
    I: 401814
    I: 401817
    I: 40181c (flow 401cee)
      Successors: 401822, 401cee
  BB: 402017 in func 401150 with 2 insts
    I: 402017
    I: 40201e (flow 402058)
      Successors: 402058
  BB: 401a18 in func 401150 with 7 insts
    I: 401a18
    I: 401a1c
    I: 401a21
    I: 401a26
    I: 401a2b
    I: 401a2e
    I: 401a31 (flow 402058)
      Successors: 402058
  BB: 401c1a in func 401150 with 3 insts
    I: 401c1a
    I: 401c21
    I: 401c28 (flow 402058)
      Successors: 402058
  BB: 40121f in func 401150 with 1 insts
    I: 40121f (flow 401224)
      Successors: 401224
  BB: 401420 in func 401150 with 1 insts
    I: 401420 (flow 401425)
      Successors: 401425
  BB: 401621 in func 401150 with 1 insts
    I: 401621 (flow 401626)
      Successors: 401626
  BB: 401822 in func 401150 with 1 insts
    I: 401822 (flow 401827)
      Successors: 401827
  BB: 402023 in func 401150 with 2 insts
    I: 402023
    I: 40202a (flow 402058)
      Successors: 402058
  BB: 401224 in func 401150 with 3 insts
    I: 401224
    I: 401227
    I: 40122c (flow 401b73)
      Successors: 401232, 401b73
  BB: 401425 in func 401150 with 3 insts
    I: 401425
    I: 401428
    I: 40142d (flow 401f51)
      Successors: 401f51, 401433
  BB: 401626 in func 401150 with 3 insts
    I: 401626
    I: 401629
    I: 40162e (flow 402050)
      Successors: 402050, 401634
  BB: 401827 in func 401150 with 3 insts
    I: 401827
    I: 40182a
    I: 40182f (flow 401dd1)
      Successors: 401dd1, 401835
  BB: 401e27 in func 401150 with 7 insts
    I: 401e27
    I: 401e2a
    I: 401e2f
    I: 401e34
    I: 401e37
    I: 401e3a
    I: 401e3d (flow 402058)
      Successors: 402058
  BB: 401c2d in func 401150 with 7 insts
    I: 401c2d
    I: 401c31
    I: 401c36
    I: 401c3b
    I: 401c40
    I: 401c43
    I: 401c46 (flow 402058)
      Successors: 402058
  BB: 40202f in func 401150 with 5 insts
    I: 40202f
    I: 402032
    I: 402035
    I: 402038
    I: 40203f (flow 402058)
      Successors: 402058
  BB: 401232 in func 401150 with 1 insts
    I: 401232 (flow 401237)
      Successors: 401237
  BB: 401433 in func 401150 with 1 insts
    I: 401433 (flow 401438)
      Successors: 401438
  BB: 401634 in func 401150 with 1 insts
    I: 401634 (flow 401639)
      Successors: 401639
  BB: 401835 in func 401150 with 1 insts
    I: 401835 (flow 40183a)
      Successors: 40183a
  BB: 401a36 in func 401150 with 3 insts
    I: 401a36
    I: 401a3d
    I: 401a44 (flow 402058)
      Successors: 402058
  BB: 401237 in func 401150 with 3 insts
    I: 401237
    I: 40123a
    I: 40123f (flow 401b14)
      Successors: 401b14, 401245
  BB: 401438 in func 401150 with 3 insts
    I: 401438
    I: 40143b
    I: 401440 (flow 401db9)
      Successors: 401db9, 401446
  BB: 401639 in func 401150 with 3 insts
    I: 401639
    I: 40163c
    I: 401641 (flow 401f1b)
      Successors: 401f1b, 401647
  BB: 40183a in func 401150 with 1 insts
    I: 40183a (flow 402058)
      Successors: 402058
  BB: 40183f in func 401150 with 12 insts
    I: 40183f
    I: 401843 (imm 403004)
    I: 40184d
    I: 40184f (flow 405048)
    I: 401854
    I: 401856
    I: 40185b
    I: 401860
    I: 401863
    I: 401866
    I: 401869
    I: 40186d (flow 402058)
      Successors: 402058
  BB: 401e42 in func 401150 with 7 insts
    I: 401e42
    I: 401e46
    I: 401e4b
    I: 401e50
    I: 401e55
    I: 401e58
    I: 401e5b (flow 402058)
      Successors: 402058
  BB: 402044 in func 401150 with 2 insts
    I: 402044
    I: 40204b (flow 402058)
      Successors: 402058
  BB: 401245 in func 401150 with 1 insts
    I: 401245 (flow 40124a)
      Successors: 40124a
  BB: 401446 in func 401150 with 1 insts
    I: 401446 (flow 40144b)
      Successors: 40144b
  BB: 401647 in func 401150 with 1 insts
    I: 401647 (flow 40164c)
      Successors: 40164c
  BB: 401a49 in func 401150 with 2 insts
    I: 401a49
    I: 401a50 (flow 402058)
      Successors: 402058
  BB: 40124a in func 401150 with 3 insts
    I: 40124a
    I: 40124d
    I: 401252 (flow 401bb5)
      Successors: 401258, 401bb5
  BB: 40144b in func 401150 with 3 insts
    I: 40144b
    I: 40144e
    I: 401453 (flow 401fa0)
      Successors: 401fa0, 401459
  BB: 40164c in func 401150 with 3 insts
    I: 40164c
    I: 40164f
    I: 401654 (flow 401dfb)
      Successors: 40165a, 401dfb
  BB: 401c4b in func 401150 with 3 insts
    I: 401c4b
    I: 401c52
    I: 401c59 (flow 402058)
      Successors: 402058
  BB: 402050 in func 401150 with 4 insts
    I: 402050
    I: 402052
    I: 402056
    I: 402057
      No successors
  BB: 401a55 in func 401150 with 2 insts
    I: 401a55
    I: 401a5c (flow 402058)
      Successors: 402058
  BB: 401258 in func 401150 with 1 insts
    I: 401258 (flow 40125d)
      Successors: 40125d
  BB: 401459 in func 401150 with 1 insts
    I: 401459 (flow 40145e)
      Successors: 40145e
  BB: 40165a in func 401150 with 1 insts
    I: 40165a (flow 40165f)
      Successors: 40165f
  BB: 402058 in func 401150 with 1 insts
    I: 402058 (flow 401176)
      Successors: 401176
  BB: 40125d in func 401150 with 3 insts
    I: 40125d
    I: 401260
    I: 401265 (flow 401a18)
      Successors: 401a18, 40126b
  BB: 40145e in func 401150 with 3 insts
    I: 40145e
    I: 401461
    I: 401466 (flow 401e27)
      Successors: 40146c, 401e27
  BB: 40165f in func 401150 with 3 insts
    I: 40165f
    I: 401662
    I: 401667 (flow 401d5a)
      Successors: 401d5a, 40166d
  BB: 401c5e in func 401150 with 7 insts
    I: 401c5e
    I: 401c62
    I: 401c67
    I: 401c6c
    I: 401c71
    I: 401c74
    I: 401c77 (flow 402058)
      Successors: 402058
  BB: 401a61 in func 401150 with 5 insts
    I: 401a61
    I: 401a64
    I: 401a67
    I: 401a6a
    I: 401a71 (flow 402058)
      Successors: 402058
  BB: 401e60 in func 401150 with 3 insts
    I: 401e60
    I: 401e67
    I: 401e6e (flow 402058)
      Successors: 402058
  BB: 40126b in func 401150 with 1 insts
    I: 40126b (flow 401270)
      Successors: 401270
  BB: 40146c in func 401150 with 1 insts
    I: 40146c (flow 401471)
      Successors: 401471
  BB: 40166d in func 401150 with 1 insts
    I: 40166d (flow 401672)
      Successors: 401672
  BB: 401270 in func 401150 with 3 insts
    I: 401270
    I: 401273
    I: 401278 (flow 401a61)
      Successors: 401a61, 40127e
  BB: 401471 in func 401150 with 3 insts
    I: 401471
    I: 401474
    I: 401479 (flow 40202f)
      Successors: 40202f, 40147f
  BB: 401672 in func 401150 with 3 insts
    I: 401672
    I: 401675
    I: 40167a (flow 401f6a)
      Successors: 401680, 401f6a
  BB: 401872 in func 401150 with 6 insts
    I: 401872
    I: 401876
    I: 401879
    I: 401880
    I: 401882
    I: 401885 (flow 402058)
      Successors: 402058
  BB: 401e73 in func 401150 with 7 insts
    I: 401e73
    I: 401e77
    I: 401e7c
    I: 401e81
    I: 401e86
    I: 401e89
    I: 401e8c (flow 402058)
      Successors: 402058
  BB: 401a76 in func 401150 with 6 insts
    I: 401a76
    I: 401a7b
    I: 401a80
    I: 401a84
    I: 401a87
    I: 401a8a (flow 402058)
      Successors: 402058
  BB: 401c7c in func 401150 with 3 insts
    I: 401c7c
    I: 401c83
    I: 401c8a (flow 402058)
      Successors: 402058
  BB: 40127e in func 401150 with 1 insts
    I: 40127e (flow 401283)
      Successors: 401283
  BB: 40147f in func 401150 with 1 insts
    I: 40147f (flow 401484)
      Successors: 401484
  BB: 401680 in func 401150 with 1 insts
    I: 401680 (flow 401685)
      Successors: 401685
  BB: 401283 in func 401150 with 3 insts
    I: 401283
    I: 401286
    I: 40128b (flow 401b67)
      Successors: 401291, 401b67
  BB: 401484 in func 401150 with 3 insts
    I: 401484
    I: 401487
    I: 40148c (flow 401b97)
      Successors: 401492, 401b97
  BB: 401685 in func 401150 with 3 insts
    I: 401685
    I: 401688
    I: 40168d (flow 401f87)
      Successors: 401693, 401f87
  BB: 40188a in func 401150 with 6 insts
    I: 40188a
    I: 40188f
    I: 401894
    I: 401898
    I: 40189b
    I: 40189e (flow 402058)
      Successors: 402058
  BB: 401a8f in func 401150 with 6 insts
    I: 401a8f
    I: 401a94
    I: 401a99
    I: 401a9d
    I: 401aa0
    I: 401aa3 (flow 402058)
      Successors: 402058
  BB: 401c8f in func 401150 with 2 insts
    I: 401c8f
    I: 401c96 (flow 402058)
      Successors: 402058
  BB: 401291 in func 401150 with 1 insts
    I: 401291 (flow 401296)
      Successors: 401296
  BB: 401492 in func 401150 with 1 insts
    I: 401492 (flow 401497)
      Successors: 401497
  BB: 401693 in func 401150 with 1 insts
    I: 401693 (flow 401698)
      Successors: 401698
  BB: 401e91 in func 401150 with 3 insts
    I: 401e91
    I: 401e98
    I: 401e9f (flow 402058)
      Successors: 402058
  BB: 401296 in func 401150 with 3 insts
    I: 401296
    I: 401299
    I: 40129e (flow 401a49)
      Successors: 401a49, 4012a4
  BB: 401497 in func 401150 with 3 insts
    I: 401497
    I: 40149a
    I: 40149f (flow 401e60)
      Successors: 401e60, 4014a5
  BB: 401698 in func 401150 with 3 insts
    I: 401698
    I: 40169b
    I: 4016a0 (flow 4018b6)
      Successors: 4018b6, 4016a6
  BB: 4015fb in func 401150 with 1 insts
    I: 4015fb (flow 401600)
      Successors: 401600
  BB: 401c9b in func 401150 with 2 insts
    I: 401c9b
    I: 401ca2 (flow 402058)
      Successors: 402058
  BB: 4013ff in func 401150 with 3 insts
    I: 4013ff
    I: 401402
    I: 401407 (flow 401b8b)
      Successors: 401b8b, 40140d
  BB: 4018a3 in func 401150 with 3 insts
    I: 4018a3
    I: 4018aa
    I: 4018b1 (flow 402058)
      Successors: 402058
  BB: 4012a4 in func 401150 with 1 insts
    I: 4012a4 (flow 4012a9)
      Successors: 4012a9
  BB: 4014a5 in func 401150 with 1 insts
    I: 4014a5 (flow 4014aa)
      Successors: 4014aa
  BB: 4016a6 in func 401150 with 1 insts
    I: 4016a6 (flow 4016ab)
      Successors: 4016ab
  BB: 401ca7 in func 401150 with 5 insts
    I: 401ca7
    I: 401caa
    I: 401cad
    I: 401cb0
    I: 401cb7 (flow 402058)
      Successors: 402058
  BB: 401aa8 in func 401150 with 5 insts
    I: 401aa8 (imm 403007)
    I: 401ab2
    I: 401ab4 (flow 405038)
    I: 401ab9
    I: 401ac0 (flow 402058)
      Successors: 402058
  BB: 4012a9 in func 401150 with 3 insts
    I: 4012a9
    I: 4012ac
    I: 4012b1 (flow 401a76)
      Successors: 401a76, 4012b7
  BB: 4014aa in func 401150 with 3 insts
    I: 4014aa
    I: 4014ad
    I: 4014b2 (flow 402044)
      Successors: 4014b8, 402044
  BB: 4016ab in func 401150 with 3 insts
    I: 4016ab
    I: 4016ae
    I: 4016b3 (flow 40183f)
      Successors: 4016b9, 40183f
  BB: 401ea4 in func 401150 with 7 insts
    I: 401ea4
    I: 401ea8
    I: 401ead
    I: 401eb2
    I: 401eb7
    I: 401eba
    I: 401ebd (flow 402058)
      Successors: 402058
  BB: 4017fc in func 401150 with 1 insts
    I: 4017fc (flow 401801)
      Successors: 401801
  BB: 4018b6 in func 401150 with 6 insts
    I: 4018b6
    I: 4018bb
    I: 4018c0
    I: 4018c4
    I: 4018c7
    I: 4018ca (flow 402058)
      Successors: 402058
  BB: 4012b7 in func 401150 with 1 insts
    I: 4012b7 (flow 4012bc)
      Successors: 4012bc
  BB: 4014b8 in func 401150 with 1 insts
    I: 4014b8 (flow 4014bd)
      Successors: 4014bd
  BB: 4016b9 in func 401150 with 1 insts
    I: 4016b9 (flow 4016be)
      Successors: 4016be
  BB: 4012bc in func 401150 with 3 insts
    I: 4012bc
    I: 4012bf
    I: 4012c4 (flow 401dad)
      Successors: 4012ca, 401dad
  BB: 4014bd in func 401150 with 3 insts
    I: 4014bd
    I: 4014c0
    I: 4014c5 (flow 401eed)
      Successors: 4014cb, 401eed
  BB: 4016be in func 401150 with 3 insts
    I: 4016be
    I: 4016c1
    I: 4016c6 (flow 401f02)
      Successors: 401f02, 4016cc
  BB: 401cbc in func 401150 with 6 insts
    I: 401cbc
    I: 401cc1
    I: 401cc6
    I: 401cca
    I: 401ccd
    I: 401cd0 (flow 402058)
      Successors: 402058
  BB: 401ec2 in func 401150 with 3 insts
    I: 401ec2
    I: 401ec9
    I: 401ed0 (flow 402058)
      Successors: 402058
  BB: 401ac5 in func 401150 with 6 insts
    I: 401ac5
    I: 401aca
    I: 401acf
    I: 401ad3
    I: 401ad6
    I: 401ad9 (flow 402058)
      Successors: 402058
  BB: 4012ca in func 401150 with 1 insts
    I: 4012ca (flow 4012cf)
      Successors: 4012cf
  BB: 4014cb in func 401150 with 1 insts
    I: 4014cb (flow 4014d0)
      Successors: 4014d0
  BB: 4016cc in func 401150 with 1 insts
    I: 4016cc (flow 4016d1)
      Successors: 4016d1
  BB: 4012cf in func 401150 with 3 insts
    I: 4012cf
    I: 4012d2
    I: 4012d7 (flow 401c5e)
      Successors: 4012dd, 401c5e
  BB: 4014d0 in func 401150 with 3 insts
    I: 4014d0
    I: 4014d3
    I: 4014d8 (flow 4019b6)
      Successors: 4019b6, 4014de
  BB: 4016d1 in func 401150 with 3 insts
    I: 4016d1
    I: 4016d4
    I: 4016d9 (flow 401dc5)
      Successors: 401dc5, 4016df
  BB: 4018cf in func 401150 with 9 insts
    I: 4018cf
    I: 4018d3
    I: 4018d7
    I: 4018db
    I: 4018de (imm 403004)
    I: 4018e8
    I: 4018ea (flow 405048)
    I: 4018ef
    I: 4018f6 (flow 402058)
      Successors: 402058
  BB: 401cd5 in func 401150 with 6 insts
    I: 401cd5
    I: 401cda
    I: 401cdf
    I: 401ce3
    I: 401ce6
    I: 401ce9 (flow 402058)
      Successors: 402058
  BB: 401ed5 in func 401150 with 2 insts
    I: 401ed5
    I: 401edc (flow 402058)
      Successors: 402058
  BB: 4012dd in func 401150 with 1 insts
    I: 4012dd (flow 4012e2)
      Successors: 4012e2
  BB: 4014de in func 401150 with 1 insts
    I: 4014de (flow 4014e3)
      Successors: 4014e3
  BB: 4016df in func 401150 with 1 insts
    I: 4016df (flow 4016e4)
      Successors: 4016e4
  BB: 401ade in func 401150 with 5 insts
    I: 401ade (imm 40300a)
    I: 401ae8
    I: 401aea (flow 405038)
    I: 401aef
    I: 401af6 (flow 402058)
      Successors: 402058
  BB: 401ee1 in func 401150 with 2 insts
    I: 401ee1
    I: 401ee8 (flow 402058)
      Successors: 402058
  BB: 4012e2 in func 401150 with 3 insts
    I: 4012e2
    I: 4012e5
    I: 4012ea (flow 401ec2)
      Successors: 4012f0, 401ec2
  BB: 4014e3 in func 401150 with 3 insts
    I: 4014e3
    I: 4014e6
    I: 4014eb (flow 401bfc)
      Successors: 4014f1, 401bfc
  BB: 4016e4 in func 401150 with 3 insts
    I: 4016e4
    I: 4016e7
    I: 4016ec (flow 401d24)
      Successors: 4016f2, 401d24
  BB: 401eed in func 401150 with 5 insts
    I: 401eed
    I: 401ef0
    I: 401ef3
    I: 401ef6
    I: 401efd (flow 402058)
      Successors: 402058
  BB: 401cee in func 401150 with 5 insts
    I: 401cee (imm 403007)
    I: 401cf8
    I: 401cfa (flow 405038)
    I: 401cff
    I: 401d06 (flow 402058)
      Successors: 402058
  BB: 4012f0 in func 401150 with 1 insts
    I: 4012f0 (flow 4012f5)
      Successors: 4012f5
  BB: 4014f1 in func 401150 with 1 insts
    I: 4014f1 (flow 4014f6)
      Successors: 4014f6
  BB: 4016f2 in func 401150 with 1 insts
    I: 4016f2 (flow 4016f7)
      Successors: 4016f7
  BB: 4012f5 in func 401150 with 3 insts
    I: 4012f5
    I: 4012f8
    I: 4012fd (flow 401d41)
      Successors: 401d41, 401303
  BB: 4014f6 in func 401150 with 3 insts
    I: 4014f6
    I: 4014f9
    I: 4014fe (flow 401c9b)
      Successors: 401c9b, 401504
  BB: 4016f7 in func 401150 with 3 insts
    I: 4016f7
    I: 4016fa
    I: 4016ff (flow 401d0b)
      Successors: 401d0b, 401705
  BB: 4018fb in func 401150 with 5 insts
    I: 4018fb
    I: 4018fe
    I: 401901
    I: 401904
    I: 40190b (flow 402058)
      Successors: 402058
  BB: 401afb in func 401150 with 6 insts
    I: 401afb
    I: 401b00
    I: 401b05
    I: 401b09
    I: 401b0c
    I: 401b0f (flow 402058)
      Successors: 402058
  BB: 401f02 in func 401150 with 6 insts
    I: 401f02
    I: 401f07
    I: 401f0c
    I: 401f10
    I: 401f13
    I: 401f16 (flow 402058)
      Successors: 402058
  BB: 401303 in func 401150 with 1 insts
    I: 401303 (flow 401308)
      Successors: 401308
  BB: 401504 in func 401150 with 1 insts
    I: 401504 (flow 401509)
      Successors: 401509
  BB: 401705 in func 401150 with 1 insts
    I: 401705 (flow 40170a)
      Successors: 40170a
  BB: 401308 in func 401150 with 3 insts
    I: 401308
    I: 40130b
    I: 401310 (flow 40200b)
      Successors: 40200b, 401316
  BB: 401509 in func 401150 with 3 insts
    I: 401509
    I: 40150c
    I: 401511 (flow 401910)
      Successors: 401910, 401517
  BB: 40170a in func 401150 with 3 insts
    I: 40170a
    I: 40170d
    I: 401712 (flow 40199b)
      Successors: 401718, 40199b
  BB: 401d0b in func 401150 with 6 insts
    I: 401d0b
    I: 401d10
    I: 401d15
    I: 401d19
    I: 401d1c
    I: 401d1f (flow 402058)
      Successors: 402058
  BB: 401910 in func 401150 with 3 insts
    I: 401910
    I: 401917
    I: 40191e (flow 402058)
      Successors: 402058
  BB: 401b14 in func 401150 with 5 insts
    I: 401b14 (imm 40300d)
    I: 401b1e
    I: 401b20 (flow 405038)
    I: 401b25
    I: 401b2c (flow 402058)
      Successors: 402058
  BB: 401316 in func 401150 with 1 insts
    I: 401316 (flow 40131b)
      Successors: 40131b
  BB: 401517 in func 401150 with 1 insts
    I: 401517 (flow 40151c)
      Successors: 40151c
  BB: 401718 in func 401150 with 1 insts
    I: 401718 (flow 40171d)
      Successors: 40171d
  BB: 40131b in func 401150 with 3 insts
    I: 40131b
    I: 40131e
    I: 401323 (flow 40188a)
      Successors: 401329, 40188a
  BB: 40151c in func 401150 with 3 insts
    I: 40151c
    I: 40151f
    I: 401524 (flow 401d90)
      Successors: 401d90, 40152a
  BB: 40171d in func 401150 with 3 insts
    I: 40171d
    I: 401720
    I: 401725 (flow 401ca7)
      Successors: 40172b, 401ca7
  BB: 401f1b in func 401150 with 6 insts
    I: 401f1b
    I: 401f20
    I: 401f25
    I: 401f29
    I: 401f2c
    I: 401f2f (flow 402058)
      Successors: 402058
  BB: 401923 in func 401150 with 6 insts
    I: 401923
    I: 401928
    I: 40192d
    I: 401931
    I: 401934
    I: 401937 (flow 402058)
      Successors: 402058
  BB: 401d24 in func 401150 with 5 insts
    I: 401d24 (imm 40300a)
    I: 401d2e
    I: 401d30 (flow 405038)
    I: 401d35
    I: 401d3c (flow 402058)
      Successors: 402058
  BB: 401329 in func 401150 with 1 insts
    I: 401329 (flow 40132e)
      Successors: 40132e
  BB: 40152a in func 401150 with 1 insts
    I: 40152a (flow 40152f)
      Successors: 40152f
  BB: 40172b in func 401150 with 1 insts
    I: 40172b (flow 401730)
      Successors: 401730
  BB: 40132e in func 401150 with 3 insts
    I: 40132e
    I: 401331
    I: 401336 (flow 401c7c)
      Successors: 401c7c, 40133c
  BB: 40152f in func 401150 with 3 insts
    I: 40152f
    I: 401532
    I: 401537 (flow 401a8f)
      Successors: 40153d, 401a8f
  BB: 401730 in func 401150 with 3 insts
    I: 401730
    I: 401733
    I: 401738 (flow 401cbc)
      Successors: 401cbc, 40173e
  BB: 401b31 in func 401150 with 6 insts
    I: 401b31
    I: 401b36
    I: 401b3b
    I: 401b3f
    I: 401b42
    I: 401b45 (flow 402058)
      Successors: 402058
  BB: 401f34 in func 401150 with 5 insts
    I: 401f34 (imm 403007)
    I: 401f3e
    I: 401f40 (flow 405038)
    I: 401f45
    I: 401f4c (flow 402058)
      Successors: 402058
  BB: 40133c in func 401150 with 1 insts
    I: 40133c (flow 401341)
      Successors: 401341
  BB: 40153d in func 401150 with 1 insts
    I: 40153d (flow 401542)
      Successors: 401542
  BB: 40173e in func 401150 with 1 insts
    I: 40173e (flow 401743)
      Successors: 401743
  BB: 40193c in func 401150 with 10 insts
    I: 40193c
    I: 401943
    I: 40194a
    I: 401951
    I: 401955
    I: 40195a
    I: 40195f
    I: 401964
    I: 401967
    I: 40196a (flow 402058)
      Successors: 402058
  BB: 401341 in func 401150 with 3 insts
    I: 401341
    I: 401344
    I: 401349 (flow 401a36)
      Successors: 401a36, 40134f
  BB: 401542 in func 401150 with 3 insts
    I: 401542
    I: 401545
    I: 40154a (flow 401a05)
      Successors: 401550, 401a05
  BB: 401743 in func 401150 with 3 insts
    I: 401743
    I: 401746
    I: 40174b (flow 401e73)
      Successors: 401751, 401e73
  BB: 401d41 in func 401150 with 6 insts
    I: 401d41
    I: 401d46
    I: 401d4b
    I: 401d4f
    I: 401d52
    I: 401d55 (flow 402058)
      Successors: 402058
  BB: 401b4a in func 401150 with 5 insts
    I: 401b4a (imm 403007)
    I: 401b54
    I: 401b56 (flow 405038)
    I: 401b5b
    I: 401b62 (flow 402058)
      Successors: 402058
  BB: 40134f in func 401150 with 1 insts
    I: 40134f (flow 401354)
      Successors: 401354
  BB: 401150 in func 401150 with 9 insts
    Referenced by data
    I: 401150
    I: 401151
    I: 401154
    I: 401158
    I: 40115f
    I: 401163
    I: 401165
    I: 40116a (flow 405040)
    I: 40116f
      Successors: 401176
  BB: 401550 in func 401150 with 1 insts
    I: 401550 (flow 401555)
      Successors: 401555
  BB: 401751 in func 401150 with 1 insts
    I: 401751 (flow 401756)
      Successors: 401756
  BB: 401f51 in func 401150 with 6 insts
    I: 401f51
    I: 401f56
    I: 401f5b
    I: 401f5f
    I: 401f62
    I: 401f65 (flow 402058)
      Successors: 402058
  BB: 401354 in func 401150 with 3 insts
    I: 401354
    I: 401357
    I: 40135c (flow 401ea4)
      Successors: 401362, 401ea4
  BB: 401555 in func 401150 with 3 insts
    I: 401555
    I: 401558
    I: 40155d (flow 401f34)
      Successors: 401563, 401f34
  BB: 401756 in func 401150 with 3 insts
    I: 401756
    I: 401759
    I: 40175e (flow 401be1)
      Successors: 401be1, 401764
  BB: 401d5a in func 401150 with 5 insts
    I: 401d5a (imm 40300d)
    I: 401d64
    I: 401d66 (flow 405038)
    I: 401d6b
    I: 401d72 (flow 402058)
      Successors: 402058
  BB: 401362 in func 401150 with 1 insts
    I: 401362 (flow 401367)
      Successors: 401367
  BB: 401563 in func 401150 with 1 insts
    I: 401563 (flow 401568)
      Successors: 401568
  BB: 401764 in func 401150 with 1 insts
    I: 401764 (flow 401769)
      Successors: 401769
  BB: 401367 in func 401150 with 3 insts
    I: 401367
    I: 40136a
    I: 40136f (flow 4019e7)
      Successors: 401375, 4019e7
  BB: 401568 in func 401150 with 3 insts
    I: 401568
    I: 40156b
    I: 401570 (flow 401e91)
      Successors: 401e91, 401576
  BB: 401769 in func 401150 with 3 insts
    I: 401769
    I: 40176c
    I: 401771 (flow 4018cf)
      Successors: 4018cf, 401777
  BB: 401b67 in func 401150 with 2 insts
    I: 401b67
    I: 401b6e (flow 402058)
      Successors: 402058
  BB: 401f6a in func 401150 with 5 insts
    I: 401f6a (imm 40300a)
    I: 401f74
    I: 401f76 (flow 405038)
    I: 401f7b
    I: 401f82 (flow 402058)
      Successors: 402058
  BB: 40196f in func 401150 with 3 insts
    I: 40196f
    I: 401976
    I: 40197d (flow 402058)
      Successors: 402058
  BB: 401b73 in func 401150 with 2 insts
    I: 401b73
    I: 401b7a (flow 402058)
      Successors: 402058
  BB: 401375 in func 401150 with 1 insts
    I: 401375 (flow 40137a)
      Successors: 40137a
  BB: 401176 in func 401150 with 4 insts
    I: 401176
    I: 401179
    I: 40117c
    I: 401181 (flow 401aa8)
      Successors: 401aa8, 401187
  BB: 401576 in func 401150 with 1 insts
    I: 401576 (flow 40157b)
      Successors: 40157b
  BB: 401777 in func 401150 with 1 insts
    I: 401777 (flow 40177c)
      Successors: 40177c
  BB: 401d77 in func 401150 with 6 insts
    I: 401d77
    I: 401d7c
    I: 401d81
    I: 401d85
    I: 401d88
    I: 401d8b (flow 402058)
      Successors: 402058
  BB: 40137a in func 401150 with 3 insts
    I: 40137a
    I: 40137d
    I: 401382 (flow 401d77)
      Successors: 401388, 401d77
  BB: 40157b in func 401150 with 3 insts
    I: 40157b
    I: 40157e
    I: 401583 (flow 4018fb)
      Successors: 401589, 4018fb
  BB: 40177c in func 401150 with 3 insts
    I: 40177c
    I: 40177f
    I: 401784 (flow 401872)
      Successors: 40178a, 401872
  BB: 401b7f in func 401150 with 2 insts
    I: 401b7f
    I: 401b86 (flow 402058)
      Successors: 402058
  BB: 401982 in func 401150 with 6 insts
    I: 401982
    I: 401987
    I: 40198c
    I: 401990
    I: 401993
    I: 401996 (flow 402058)
      Successors: 402058
  BB: 401f87 in func 401150 with 6 insts
    I: 401f87
    I: 401f8c
    I: 401f91
    I: 401f95
    I: 401f98
    I: 401f9b (flow 402058)
      Successors: 402058
  BB: 401187 in func 401150 with 1 insts
    I: 401187 (flow 40118c)
      Successors: 40118c
  BB: 401388 in func 401150 with 1 insts
    I: 401388 (flow 40138d)
      Successors: 40138d
  BB: 401589 in func 401150 with 1 insts
    I: 401589 (flow 40158e)
      Successors: 40158e
  BB: 40178a in func 401150 with 1 insts
    I: 40178a (flow 40178f)
      Successors: 40178f
  BB: 401b8b in func 401150 with 2 insts
    I: 401b8b
    I: 401b92 (flow 402058)
      Successors: 402058
  BB: 40118c in func 401150 with 3 insts
    I: 40118c
    I: 40118f
    I: 401194 (flow 401923)
      Successors: 40119a, 401923
  BB: 40138d in func 401150 with 3 insts
    I: 40138d
    I: 401390
    I: 401395 (flow 401a55)
      Successors: 40139b, 401a55
  BB: 40158e in func 401150 with 3 insts
    I: 40158e
    I: 401591
    I: 401596 (flow 401c4b)
      Successors: 401c4b, 40159c
  BB: 40178f in func 401150 with 3 insts
    I: 40178f
    I: 401792
    I: 401797 (flow 401e0e)
      Successors: 40179d, 401e0e
  BB: 401d90 in func 401150 with 5 insts
    I: 401d90 (imm 403007)
    I: 401d9a
    I: 401d9c (flow 405038)
    I: 401da1
    I: 401da8 (flow 402058)
      Successors: 402058
  BB: 401b97 in func 401150 with 7 insts
    I: 401b97
    I: 401b9b
    I: 401ba0
    I: 401ba5
    I: 401baa
    I: 401bad
    I: 401bb0 (flow 402058)
      Successors: 402058
  BB: 40119a in func 401150 with 1 insts
    I: 40119a (flow 40119f)
      Successors: 40119f
  BB: 40139b in func 401150 with 1 insts
    I: 40139b (flow 4013a0)
      Successors: 4013a0
  BB: 40159c in func 401150 with 1 insts
    I: 40159c (flow 4015a1)
      Successors: 4015a1
  BB: 40179d in func 401150 with 1 insts
    I: 40179d (flow 4017a2)
      Successors: 4017a2
  BB: 40199b in func 401150 with 7 insts
    I: 40199b
    I: 40199e
    I: 4019a3
    I: 4019a8
    I: 4019ab
    I: 4019ae
    I: 4019b1 (flow 402058)
      Successors: 402058
  BB: 40119f in func 401150 with 3 insts
    I: 40119f
    I: 4011a2
    I: 4011a7 (flow 401fff)
      Successors: 4011ad, 401fff
  BB: 4013a0 in func 401150 with 3 insts
    I: 4013a0
    I: 4013a3
    I: 4013a8 (flow 4019d4)
      Successors: 4019d4, 4013ae
  BB: 4015a1 in func 401150 with 3 insts
    I: 4015a1
    I: 4015a4
    I: 4015a9 (flow 401ff3)
      Successors: 401ff3, 4015af
  BB: 4017a2 in func 401150 with 3 insts
    I: 4017a2
    I: 4017a5
    I: 4017aa (flow 401c8f)
      Successors: 4017b0, 401c8f
  BB: 401fa0 in func 401150 with 5 insts
    I: 401fa0 (imm 40300d)
    I: 401faa
    I: 401fac (flow 405038)
    I: 401fb1
    I: 401fb8 (flow 402058)
      Successors: 402058
  BB: 4011ad in func 401150 with 1 insts
    I: 4011ad (flow 4011b2)
      Successors: 4011b2
  BB: 4013ae in func 401150 with 1 insts
    I: 4013ae (flow 4013b3)
      Successors: 4013b3
  BB: 4015af in func 401150 with 1 insts
    I: 4015af (flow 4015b4)
      Successors: 4015b4
  BB: 4017b0 in func 401150 with 1 insts
    I: 4017b0 (flow 4017b5)
      Successors: 4017b5
  BB: 401dad in func 401150 with 2 insts
    I: 401dad
    I: 401db4 (flow 402058)
      Successors: 402058
  BB: 4011b2 in func 401150 with 3 insts
    I: 4011b2
    I: 4011b5
    I: 4011ba (flow 402017)
      Successors: 4011c0, 402017
  BB: 4013b3 in func 401150 with 3 insts
    I: 4013b3
    I: 4013b6
    I: 4013bb (flow 40196f)
      Successors: 4013c1, 40196f
  BB: 4015b4 in func 401150 with 3 insts
    I: 4015b4
    I: 4015b7
    I: 4015bc (flow 401afb)
      Successors: 4015c2, 401afb
  BB: 4017b5 in func 401150 with 3 insts
    I: 4017b5
    I: 4017b8
    I: 4017bd (flow 401cd5)
      Successors: 4017c3, 401cd5
  BB: 4019b6 in func 401150 with 7 insts
    I: 4019b6
    I: 4019ba
    I: 4019bf
    I: 4019c4
    I: 4019c9
    I: 4019cc
    I: 4019cf (flow 402058)
      Successors: 402058
  BB: 401bb5 in func 401150 with 3 insts
    I: 401bb5
    I: 401bbc
    I: 401bc3 (flow 402058)
      Successors: 402058
  BB: 401db9 in func 401150 with 2 insts
    I: 401db9
    I: 401dc0 (flow 402058)
      Successors: 402058
  BB: 401fbd in func 401150 with 6 insts
    I: 401fbd
    I: 401fc2
    I: 401fc7
    I: 401fcb
    I: 401fce
    I: 401fd1 (flow 402058)
      Successors: 402058
  BB: 4011c0 in func 401150 with 1 insts
    I: 4011c0 (flow 4011c5)
      Successors: 4011c5
  BB: 4013c1 in func 401150 with 1 insts
    I: 4013c1 (flow 4013c6)
      Successors: 4013c6
  BB: 4015c2 in func 401150 with 1 insts
    I: 4015c2 (flow 4015c7)
      Successors: 4015c7
  BB: 4017c3 in func 401150 with 1 insts
    I: 4017c3 (flow 4017c8)
      Successors: 4017c8
  BB: 4011c5 in func 401150 with 3 insts
    I: 4011c5
    I: 4011c8
    I: 4011cd (flow 401b31)
      Successors: 401b31, 4011d3
  BB: 4013c6 in func 401150 with 3 insts
    I: 4013c6
    I: 4013c9
    I: 4013ce (flow 401ade)
      Successors: 4013d4, 401ade
  BB: 4015c7 in func 401150 with 3 insts
    I: 4015c7
    I: 4015ca
    I: 4015cf (flow 401ed5)
      Successors: 401ed5, 4015d5
  BB: 4017c8 in func 401150 with 3 insts
    I: 4017c8
    I: 4017cb
    I: 4017d0 (flow 401b4a)
      Successors: 401b4a, 4017d6
  BB: 401bc8 in func 401150 with 6 insts
    I: 401bc8
    I: 401bcd
    I: 401bd2
    I: 401bd6
    I: 401bd9
    I: 401bdc (flow 402058)
      Successors: 402058
  BB: 401dc5 in func 401150 with 2 insts
    I: 401dc5
    I: 401dcc (flow 402058)
      Successors: 402058
  BB: 401dd1 in func 401150 with 2 insts
    I: 401dd1
    I: 401dd8 (flow 402058)
      Successors: 402058
  BB: 4011d3 in func 401150 with 1 insts
    I: 4011d3 (flow 4011d8)
      Successors: 4011d8
  BB: 4013d4 in func 401150 with 1 insts
    I: 4013d4 (flow 4013d9)
      Successors: 4013d9
  BB: 4015d5 in func 401150 with 1 insts
    I: 4015d5 (flow 4015da)
      Successors: 4015da
  BB: 4017d6 in func 401150 with 1 insts
    I: 4017d6 (flow 4017db)
      Successors: 4017db
  BB: 4019d4 in func 401150 with 3 insts
    I: 4019d4
    I: 4019db
    I: 4019e2 (flow 402058)
      Successors: 402058
  BB: 4011d8 in func 401150 with 3 insts
    I: 4011d8
    I: 4011db
    I: 4011e0 (flow 401ee1)
      Successors: 401ee1, 4011e6
  BB: 4013d9 in func 401150 with 3 insts
    I: 4013d9
    I: 4013dc
    I: 4013e1 (flow 401ddd)
      Successors: 401ddd, 4013e7
  BB: 4015da in func 401150 with 3 insts
    I: 4015da
    I: 4015dd
    I: 4015e2 (flow 401c1a)
      Successors: 4015e8, 401c1a
  BB: 4017db in func 401150 with 3 insts
    I: 4017db
    I: 4017de
    I: 4017e3 (flow 401bc8)
      Successors: 401bc8, 4017e9
  BB: 401fd6 in func 401150 with 5 insts
    I: 401fd6 (imm 403007)
    I: 401fe0
    I: 401fe2 (flow 405038)
    I: 401fe7
    I: 401fee (flow 402058)
      Successors: 402058
  BB: 401ddd in func 401150 with 7 insts
    I: 401ddd
    I: 401de1
    I: 401de6
    I: 401deb
    I: 401df0
    I: 401df3
    I: 401df6 (flow 402058)
      Successors: 402058
  BB: 401be1 in func 401150 with 7 insts
    I: 401be1
    I: 401be4
    I: 401be9
    I: 401bee
    I: 401bf1
    I: 401bf4
    I: 401bf7 (flow 402058)
      Successors: 402058
  BB: 4011e6 in func 401150 with 1 insts
    I: 4011e6 (flow 4011eb)
      Successors: 4011eb
  BB: 4013e7 in func 401150 with 1 insts
    I: 4013e7 (flow 4013ec)
      Successors: 4013ec
  BB: 4015e8 in func 401150 with 1 insts
    I: 4015e8 (flow 4015ed)
      Successors: 4015ed
  BB: 4017e9 in func 401150 with 1 insts
    I: 4017e9 (flow 4017ee)
      Successors: 4017ee
  BB: 4019e7 in func 401150 with 7 insts
    I: 4019e7
    I: 4019eb
    I: 4019f0
    I: 4019f5
    I: 4019fa
    I: 4019fd
    I: 401a00 (flow 402058)
      Successors: 402058
  BB: 4011eb in func 401150 with 3 insts
    I: 4011eb
    I: 4011ee
    I: 4011f3 (flow 4018a3)
      Successors: 4011f9, 4018a3
  BB: 4013ec in func 401150 with 3 insts
    I: 4013ec
    I: 4013ef
    I: 4013f4 (flow 401e42)
      Successors: 4013fa, 401e42
  BB: 4015ed in func 401150 with 3 insts
    I: 4015ed
    I: 4015f0
    I: 4015f5 (flow 401fbd)
      Successors: 4015fb, 401fbd
  BB: 4017ee in func 401150 with 3 insts
    I: 4017ee
    I: 4017f1
    I: 4017f6 (flow 401c2d)
      Successors: 4017fc, 401c2d
  BB: 401ff3 in func 401150 with 2 insts
    I: 401ff3
    I: 401ffa (flow 402058)
      Successors: 402058
  BB: 4011f9 in func 401150 with 1 insts
    I: 4011f9 (flow 4011fe)
      Successors: 4011fe
  BB: 4013fa in func 401150 with 1 insts
    I: 4013fa (flow 4013ff)
      Successors: 4013ff
  BB: 401dfb in func 401150 with 3 insts
    I: 401dfb
    I: 401e02
    I: 401e09 (flow 402058)
      Successors: 402058
  BB: 401bfc in func 401150 with 7 insts
    I: 401bfc
    I: 401c00
    I: 401c05
    I: 401c0a
    I: 401c0f
    I: 401c12
    I: 401c15 (flow 402058)
      Successors: 402058
  BB: 4011fe in func 401150 with 3 insts
    I: 4011fe
    I: 401201
    I: 401206 (flow 402023)
      Successors: 402023, 40120c
  BB: 401fff in func 401150 with 2 insts
    I: 401fff
    I: 402006 (flow 402058)
      Successors: 402058
Recovering .term_proc at 402060
  Analysing subroutine .term_proc at 402060
    Block head at 0040206d is not code.
  Subroutine .term_proc at 402060 has 1 blocks
  BB: 402060 in func 402060 with 4 insts
    I: 402060
    I: 402064
    I: 402068
    I: 40206c
      No successors
Global Variable None
WARNING: Global constructor and destructor sections are adjacent!
Recovering region LOAD [400000, 400520) in segment LOAD
  8-byte reference at 400018 to 401060 (start)
  8-byte reference at 4000f8 to 401000 (.init_proc)
  8-byte reference at 400130 to 403000 ()
  8-byte reference at 400168 to 404de8 ()
  8-byte reference at 400280 to 403010 ()
  8-byte reference at 4002f0 to 404de8 ()
Recovering region .init [401000, 40101b) in segment .init
Recovering region LOAD [40101b, 401020) in segment LOAD
Recovering region .plt [401020, 401060) in segment .plt
Recovering region .text [401060, 40205d) in segment .text
Recovering region LOAD [40205d, 402060) in segment LOAD
Recovering region .fini [402060, 40206d) in segment .fini
Recovering region .rodata [403000, 403010) in segment .rodata
  Variable format at 403007
  Variable a1 at 40300a
  Variable a2 at 40300d
Recovering region .eh_frame_hdr [403010, 40303c) in segment .eh_frame_hdr
Recovering region LOAD [40303c, 403040) in segment LOAD
Recovering region .eh_frame [403040, 4030d0) in segment .eh_frame
Recovering region LOAD [4030d0, 403110) in segment LOAD
Recovering region .init_array [404de8, 404df8) in segment .init_array
  8-byte reference at 404de8 to 401140 ()
  8-byte reference at 404df0 to 401110 ()
Recovering region LOAD [404df8, 404fd8) in segment LOAD
Recovering region .got [404fd8, 404fe8) in segment .got
  8-byte reference at 404fd8 to 405030 (__libc_start_main)
  8-byte reference at 404fe0 to 405050 (__gmon_start__)
Recovering region .got.plt [404fe8, 405018) in segment .got.plt
  8-byte reference at 405000 to 405038 (printf)
  8-byte reference at 405008 to 405040 (memset)
  8-byte reference at 405010 to 405048 (__isoc99_scanf)
Recovering region .data [405018, 405028) in segment .data
Recovering region .bss [405028, 405030) in segment .bss
Recovering extern function printf at 401030
Recovering extern function memset at 401040
Recovering extern function __isoc99_scanf at 401050
Recovering extern function __libc_start_main at 405030
Recovering extern function printf at 405038
Recovering extern function memset at 405040
Recovering extern function __isoc99_scanf at 405048
Recovering extern function __gmon_start__ at 405050
Recovered 8 functions.
Saving to: /home/ubuntu/capstone_project/result/pipeline_20260629_141746/s202037324_fla.cfg
Done analysis!
