Debugging is enabled.
Loading Standard Definitions file: /home/ubuntu/capstone_project/dependency/mcsema/mcsema/lib/python3/site-packages/mcsema_disass-3.1.3.8-py3.8.egg/mcsema_disass/defs/linux.txt
Using Batch mode.
Starting analysis
Recovering module s236164177_instsub.elf
Found main at 4011f0
Looking for instructions in segment .init
  Default block heads for function 401000 with loose bounds [401000, 40101b)
    block [401000, 401014)
    block [401014, 401016)
    block [401016, 40101b)
    chunk [401000, 40101b)
Looking for instructions in segment .plt
  Default block heads for function 401020 with loose bounds [401020, 40102c)
    block [401020, 40102c)
    chunk [401020, 40102c)
  Default block heads for function 401030 with loose bounds [401030, 401036)
    block [401030, 401036)
    chunk [401030, 401036)
  Default block heads for function 401040 with loose bounds [401040, 401046)
    block [401040, 401046)
    chunk [401040, 401046)
  Default block heads for function 401050 with loose bounds [401050, 401056)
    block [401050, 401056)
    chunk [401050, 401056)
  Default block heads for function 401060 with loose bounds [401060, 401066)
    block [401060, 401066)
    chunk [401060, 401066)
  Default block heads for function 401070 with loose bounds [401070, 401076)
    block [401070, 401076)
    chunk [401070, 401076)
  Default block heads for function 401080 with loose bounds [401080, 401086)
    block [401080, 401086)
    chunk [401080, 401086)
Looking for instructions in segment .text
  IDA inferred jump table base: 402008
  IDA inferred jump table entry size: 8
  Jump table candidate at 402008 referenced by instruction 40134a
  Checking if jump table at 402008 has more than 32 entries
  Jump table 402008 targets can be in the range [4011f0, 401ebb)
    Checking possible jump table 402008 entry 32 at 402108 going to 3000200064353025
      Not an entry, the target 3000200064353025 isn't sane.
  Jump table 402008 entries:
    402008 => 40134c
    402010 => 401431
    402018 => 401431
    402020 => 401431
    402028 => 401431
    402030 => 401431
    402038 => 401431
    402040 => 4013e8
    402048 => 401431
    402050 => 401431
    402058 => 401431
    402060 => 401431
    402068 => 40139a
    402070 => 4013c1
    402078 => 401373
    402080 => 401431
    402088 => 401431
    402090 => 401431
    402098 => 401431
    4020a0 => 401431
    4020a8 => 401431
    4020b0 => 401431
    4020b8 => 401431
    4020c0 => 401431
    4020c8 => 401431
    4020d0 => 401431
    4020d8 => 401431
    4020e0 => 401431
    4020e8 => 401431
    4020f0 => 401431
    4020f8 => 401431
    402100 => 40140f
  Default block heads for function 401090 with loose bounds [401090, 4010b6)
    block [401090, 4010b6)
    chunk [401090, 4010b6)
  Default block heads for function 4010d0 with loose bounds [4010d0, 4010f1)
    block [4010d0, 4010dd)
    block [4010dd, 4010e7)
    block [4010e7, 4010ee)
    block [4010f0, 4010f1)
    chunk [4010d0, 4010f1)
  Default block heads for function 401140 with loose bounds [401140, 401161)
    block [401140, 40114d)
    block [40114d, 40115f)
    block [401160, 401161)
    chunk [401140, 401161)
  Default block heads for function 401170 with loose bounds [401170, 401176)
    block [401170, 401176)
    chunk [401170, 401176)
    chunk [401100, 401131)
  Default block heads for function 401180 with loose bounds [401180, 4011e1)
    block [401180, 401195)
    block [401195, 40119f)
    block [40119f, 4011dc)
    block [4011dc, 4011e1)
    chunk [401180, 4011e1)
  Default block heads for function 4011f0 with loose bounds [4011f0, 401ebb)
    block [4011f0, 401202)
    block [401202, 401225)
    block [401225, 401261)
    block [401261, 40128e)
    block [40128e, 4012aa)
    block [4012aa, 4012c2)
    block [4012c2, 401317)
    block [401317, 40133b)
    block [40133b, 40134c)
    block [40134c, 401373)
    block [401373, 40139a)
    block [40139a, 4013c1)
    block [4013c1, 4013e8)
    block [4013e8, 40140f)
    block [40140f, 401431)
    block [401431, 401436)
    block [401436, 401467)
    block [401467, 40146e)
    block [40146e, 401492)
    block [401492, 4014bf)
    block [4014bf, 4014e3)
    block [4014e3, 401510)
    block [401510, 401534)
    block [401534, 401561)
    block [401561, 401585)
    block [401585, 4015b2)
    block [4015b2, 4015d6)
    block [4015d6, 401603)
    block [401603, 401627)
    block [401627, 401654)
    block [401654, 401678)
    block [401678, 4016a5)
    block [4016a5, 4016c9)
    block [4016c9, 4016f6)
    block [4016f6, 40171a)
    block [40171a, 401747)
    block [401747, 40176b)
    block [40176b, 401798)
    block [401798, 4017bc)
    block [4017bc, 4017e9)
    block [4017e9, 40180d)
    block [40180d, 40183a)
    block [40183a, 40185e)
    block [40185e, 40188b)
    block [40188b, 4018af)
    block [4018af, 4018dc)
    block [4018dc, 401900)
    block [401900, 40192d)
    block [40192d, 401951)
    block [401951, 40197e)
    block [40197e, 4019a2)
    block [4019a2, 4019cf)
    block [4019cf, 4019f3)
    block [4019f3, 401a20)
    block [401a20, 401a44)
    block [401a44, 401a71)
    block [401a71, 401a95)
    block [401a95, 401ac2)
    block [401ac2, 401ae6)
    block [401ae6, 401b13)
    block [401b13, 401b37)
    block [401b37, 401b64)
    block [401b64, 401b88)
    block [401b88, 401bb5)
    block [401bb5, 401bd9)
    block [401bd9, 401c06)
    block [401c06, 401c2a)
    block [401c2a, 401c57)
    block [401c57, 401c7b)
    block [401c7b, 401ca8)
    block [401ca8, 401ccc)
    block [401ccc, 401cf9)
    block [401cf9, 401d1d)
    block [401d1d, 401d4a)
    block [401d4a, 401d6e)
    block [401d6e, 401d9b)
    block [401d9b, 401dbf)
    block [401dbf, 401dec)
    block [401dec, 401e10)
    block [401e10, 401e3d)
    block [401e3d, 401e61)
    block [401e61, 401e8e)
    block [401e8e, 401e93)
    block [401e93, 401eb0)
    block [401eb0, 401ebb)
    chunk [4011f0, 401ebb)
Looking for instructions in segment .fini
  Default block heads for function 401ebc with loose bounds [401ebc, 401ec9)
    block [401ebc, 401ec9)
    chunk [401ebc, 401ec9)
Looking for strings in segment .rodata [402000, 4021f8)
  Found jump table at 402008, jumping to 402010
  Found jump table at 402010, jumping to 402018
  Found jump table at 402018, jumping to 402020
  Found jump table at 402020, jumping to 402028
  Found jump table at 402028, jumping to 402030
  Found jump table at 402030, jumping to 402038
  Found jump table at 402038, jumping to 402040
  Found jump table at 402040, jumping to 402048
  Found jump table at 402048, jumping to 402050
  Found jump table at 402050, jumping to 402058
  Found jump table at 402058, jumping to 402060
  Found jump table at 402060, jumping to 402068
  Found jump table at 402068, jumping to 402070
  Found jump table at 402070, jumping to 402078
  Found jump table at 402078, jumping to 402080
  Found jump table at 402080, jumping to 402088
  Found jump table at 402088, jumping to 402090
  Found jump table at 402090, jumping to 402098
  Found jump table at 402098, jumping to 4020a0
  Found jump table at 4020a0, jumping to 4020a8
  Found jump table at 4020a8, jumping to 4020b0
  Found jump table at 4020b0, jumping to 4020b8
  Found jump table at 4020b8, jumping to 4020c0
  Found jump table at 4020c0, jumping to 4020c8
  Found jump table at 4020c8, jumping to 4020d0
  Found jump table at 4020d0, jumping to 4020d8
  Found jump table at 4020d8, jumping to 4020e0
  Found jump table at 4020e0, jumping to 4020e8
  Found jump table at 4020e8, jumping to 4020f0
  Found jump table at 4020f0, jumping to 4020f8
  Found jump table at 4020f8, jumping to 402100
  Found jump table at 402100, jumping to 402108
  Found string b'%05d' of length 5 at 402108, jumping to 40210d
  Found string b' ' of length 2 at 40210d, jumping to 40210f
  Found string b'000000' of length 7 at 40210f, jumping to 402116
  Found string b"'" of length 2 at 402116, jumping to 402118
  Found string b'000011' of length 7 at 402118, jumping to 40211f
  Found string b',' of length 2 at 40211f, jumping to 402121
  Found string b'10010001' of length 9 at 402121, jumping to 40212a
  Found string b'-' of length 2 at 40212a, jumping to 40212c
  Found string b'.' of length 2 at 40212c, jumping to 40212e
  Found string b'000001' of length 7 at 40212e, jumping to 402135
  Found string b'?' of length 2 at 402135, jumping to 402137
  Found string b'100101' of length 3 at 402137, jumping to 40213a
  Found string b'101' of length 4 at 40213a, jumping to 40213e
  Found string b'A' of length 2 at 40213e, jumping to 402140
  Found string b'10011010' of length 9 at 402140, jumping to 402149
  Found string b'B' of length 2 at 402149, jumping to 40214b
  Found string b'C' of length 2 at 40214b, jumping to 40214d
  Found string b'D' of length 2 at 40214d, jumping to 40214f
  Found string b'E' of length 2 at 40214f, jumping to 402151
  Found string b'01001' of length 6 at 402151, jumping to 402157
  Found string b'F' of length 2 at 402157, jumping to 402159
  Found string b'10011011' of length 9 at 402159, jumping to 402162
  Found string b'G' of length 2 at 402162, jumping to 402164
  Found string b'H' of length 2 at 402164, jumping to 402166
  Found string b'I' of length 2 at 402166, jumping to 402168
  Found string b'10011000' of length 9 at 402168, jumping to 402171
  Found string b'J' of length 2 at 402171, jumping to 402173
  Found string b'K' of length 2 at 402173, jumping to 402175
  Found string b'00100' of length 6 at 402175, jumping to 40217b
  Found string b'L' of length 2 at 40217b, jumping to 40217d
  Found string b'10011001' of length 9 at 40217d, jumping to 402186
  Found string b'M' of length 2 at 402186, jumping to 402188
  Found string b'10011110' of length 9 at 402188, jumping to 402191
  Found string b'N' of length 2 at 402191, jumping to 402193
  Found string b'O' of length 2 at 402193, jumping to 402195
  Found string b'P' of length 2 at 402195, jumping to 402197
  Found string b'10011111' of length 9 at 402197, jumping to 4021a0
  Found string b'Q' of length 2 at 4021a0, jumping to 4021a2
  Found string b'R' of length 2 at 4021a2, jumping to 4021a4
  Found string b'00110' of length 1 at 4021a4, jumping to 4021a5
  Found string b'0110' of length 1 at 4021a5, jumping to 4021a6
  Found string b'110' of length 4 at 4021a6, jumping to 4021aa
  Found string b'S' of length 2 at 4021aa, jumping to 4021ac
  Found string b'00111' of length 1 at 4021ac, jumping to 4021ad
  Found string b'0111' of length 5 at 4021ad, jumping to 4021b2
  Found string b'T' of length 2 at 4021b2, jumping to 4021b4
  Found string b'10011100' of length 9 at 4021b4, jumping to 4021bd
  Found string b'U' of length 2 at 4021bd, jumping to 4021bf
  Found string b'10011101' of length 9 at 4021bf, jumping to 4021c8
  Found string b'V' of length 2 at 4021c8, jumping to 4021ca
  Found string b'000010' of length 7 at 4021ca, jumping to 4021d1
  Found string b'W' of length 2 at 4021d1, jumping to 4021d3
  Found string b'10010010' of length 9 at 4021d3, jumping to 4021dc
  Found string b'X' of length 2 at 4021dc, jumping to 4021de
  Found string b'10010011' of length 9 at 4021de, jumping to 4021e7
  Found string b'Y' of length 2 at 4021e7, jumping to 4021e9
  Found string b'10010000' of length 2 at 4021e9, jumping to 4021eb
  Found string b'010000' of length 7 at 4021eb, jumping to 4021f2
  Found string b'Z' of length 2 at 4021f2, jumping to 4021f4
  Found string b'%s\n' of length 4 at 4021f4, jumping to 4021f8
Looking for strings in segment .eh_frame_hdr [4021f8, 40222c)
Looking for strings in segment .eh_frame [402230, 4022dc)
Looking for strings in segment .init_array [403de8, 403df0)
Looking for strings in segment .fini_array [403df0, 403df8)
Looking for strings in segment .got [403fd8, 403fe8)
Looking for strings in segment .got.plt [403fe8, 404030)
Looking for strings in segment .data [404030, 404040)
Looking for strings in segment .bss [404040, 404050)
Looking for strings in segment extern [404050, 404090)
Looking for cross-references in segment .init [401000, 40101b)
Looking for cross-references in segment .plt [401020, 401090)
  Stopping scan at 40102c
Looking for cross-references in segment .text [401090, 401ebb)
  Stopping scan at 4010bc
  Stopping scan at 4010cc
  Stopping scan at ffffffffffffffff
  Stopping scan at 4010fc
  Stopping scan at 40113c
  Stopping scan at ffffffffffffffff
  Stopping scan at 40116c
  Stopping scan at 40117c
  Stopping scan at 4011ec
Looking for cross-references in segment .fini [401ebc, 401ec9)
Looking for cross-references in segment .rodata [402000, 4021f8)
  Adding qword reference from 402008 to 40134c
  Adding qword reference from 402010 to 401431
  Adding qword reference from 402018 to 401431
  Adding qword reference from 402020 to 401431
  Adding qword reference from 402028 to 401431
  Adding qword reference from 402030 to 401431
  Adding qword reference from 402038 to 401431
  Adding qword reference from 402040 to 4013e8
  Adding qword reference from 402048 to 401431
  Adding qword reference from 402050 to 401431
  Adding qword reference from 402058 to 401431
  Adding qword reference from 402060 to 401431
  Adding qword reference from 402068 to 40139a
  Adding qword reference from 402070 to 4013c1
  Adding qword reference from 402078 to 401373
  Adding qword reference from 402080 to 401431
  Adding qword reference from 402088 to 401431
  Adding qword reference from 402090 to 401431
  Adding qword reference from 402098 to 401431
  Adding qword reference from 4020a0 to 401431
  Adding qword reference from 4020a8 to 401431
  Adding qword reference from 4020b0 to 401431
  Adding qword reference from 4020b8 to 401431
  Adding qword reference from 4020c0 to 401431
  Adding qword reference from 4020c8 to 401431
  Adding qword reference from 4020d0 to 401431
  Adding qword reference from 4020d8 to 401431
  Adding qword reference from 4020e0 to 401431
  Adding qword reference from 4020e8 to 401431
  Adding qword reference from 4020f0 to 401431
  Adding qword reference from 4020f8 to 401431
  Adding qword reference from 402100 to 40140f
  Found string at 402108, jumping to 40210d
  Found string at 40210d, jumping to 40210f
  Found string at 40210f, jumping to 402116
  Found string at 402116, jumping to 402118
  Found string at 402118, jumping to 40211f
  Found string at 40211f, jumping to 402121
  Found string at 402121, jumping to 40212a
  Found string at 40212a, jumping to 40212c
  Found string at 40212c, jumping to 40212e
  Found string at 40212e, jumping to 402135
  Found string at 402135, jumping to 402137
  Found string at 402137, jumping to 40213a
  Found string at 40213a, jumping to 40213e
  Found string at 40213e, jumping to 402140
  Found string at 402140, jumping to 402149
  Found string at 402149, jumping to 40214b
  Found string at 40214b, jumping to 40214d
  Found string at 40214d, jumping to 40214f
  Found string at 40214f, jumping to 402151
  Found string at 402151, jumping to 402157
  Found string at 402157, jumping to 402159
  Found string at 402159, jumping to 402162
  Found string at 402162, jumping to 402164
  Found string at 402164, jumping to 402166
  Found string at 402166, jumping to 402168
  Found string at 402168, jumping to 402171
  Found string at 402171, jumping to 402173
  Found string at 402173, jumping to 402175
  Found string at 402175, jumping to 40217b
  Found string at 40217b, jumping to 40217d
  Found string at 40217d, jumping to 402186
  Found string at 402186, jumping to 402188
  Found string at 402188, jumping to 402191
  Found string at 402191, jumping to 402193
  Found string at 402193, jumping to 402195
  Found string at 402195, jumping to 402197
  Found string at 402197, jumping to 4021a0
  Found string at 4021a0, jumping to 4021a2
  Found string at 4021a2, jumping to 4021a4
  Found string at 4021a4, jumping to 4021a5
  Found string at 4021a5, jumping to 4021a6
  Found string at 4021a6, jumping to 4021aa
  Found string at 4021aa, jumping to 4021ac
  Found string at 4021ac, jumping to 4021ad
  Found string at 4021ad, jumping to 4021b2
  Found string at 4021b2, jumping to 4021b4
  Found string at 4021b4, jumping to 4021bd
  Found string at 4021bd, jumping to 4021bf
  Found string at 4021bf, jumping to 4021c8
  Found string at 4021c8, jumping to 4021ca
  Found string at 4021ca, jumping to 4021d1
  Found string at 4021d1, jumping to 4021d3
  Found string at 4021d3, jumping to 4021dc
  Found string at 4021dc, jumping to 4021de
  Found string at 4021de, jumping to 4021e7
  Found string at 4021e7, jumping to 4021e9
  Found string at 4021e9, jumping to 4021eb
  Found string at 4021eb, jumping to 4021f2
  Found string at 4021f2, jumping to 4021f4
  Found string at 4021f4, jumping to 4021f8
  Stopping scan at 4021f4
Looking for cross-references in segment .eh_frame_hdr [4021f8, 40222c)
  Stopping scan at 402228
Looking for cross-references in segment .eh_frame [402230, 4022dc)
  Stopping scan at 4022d8
Looking for cross-references in segment .init_array [403de8, 403df0)
  Adding qword reference from 403de8 to 401170
  Stopping scan at 403de8
Looking for cross-references in segment .fini_array [403df0, 403df8)
  Adding qword reference from 403df0 to 401140
  Stopping scan at 403df0
Looking for cross-references in segment .got [403fd8, 403fe8)
  Adding qword reference from 403fd8 to 404050
  Adding qword reference from 403fe0 to 404088
  Stopping scan at 403fe0
Looking for cross-references in segment .got.plt [403fe8, 404030)
  Adding qword reference from 404000 to 404058
  Adding qword reference from 404008 to 404060
  Adding qword reference from 404010 to 404068
  Adding qword reference from 404018 to 404070
  Adding qword reference from 404020 to 404078
  Adding qword reference from 404028 to 404080
  Stopping scan at 404028
Looking for cross-references in segment .data [404030, 404040)
  Stopping scan at 40403c
Looking for cross-references in segment .bss [404040, 404050)
  Stopping scan at 40404c
Looking for cross-references in segment extern [404050, 404090)
  Stopping scan at 40408c
Looking for thunks
  Found thunk for strncmp targeting 404058 at 401030
  Found thunk for strlen targeting 404060 at 401040
  Found thunk for printf targeting 404068 at 401050
  Found thunk for snprintf targeting 404070 at 401060
  Found thunk for fgets targeting 404078 at 401070
  Found thunk for strcat targeting 404080 at 401080
Looking for external symbols
  Function at 401030 is the external function strncmp
  Function at 401040 is the external function strlen
  Function at 401050 is the external function printf
  Function at 401060 is the external function snprintf
  Function at 401070 is the external function fgets
  Function at 401080 is the external function strcat
  Variable at 404040 is the external stdin
  Function at 404050 is the external function __libc_start_main
  Function at 404058 is the external function strncmp
  Function at 404060 is the external function strlen
  Function at 404068 is the external function printf
  Function at 404070 is the external function snprintf
  Function at 404078 is the external function fgets
  Function at 404080 is the external function strcat
  Function at 404088 is the external function __gmon_start__
Looking for entrypoints
Recovering .init_proc at 401000
  Analysing subroutine .init_proc at 401000
    Block head at 0040101b is not code.
  Subroutine .init_proc at 401000 has 3 blocks
  BB: 401000 in func 401000 with 5 insts
    Referenced by data
    I: 401000
    I: 401004
    I: 401008 (mem 403fe0)
    I: 40100f
    I: 401012 (flow 401016)
      Successors: 401014, 401016
  BB: 401014 in func 401000 with 1 insts
    I: 401014
      Successors: 401016
  BB: 401016 in func 401000 with 2 insts
    I: 401016
    I: 40101a
      No successors
Recovering 401020
  Analysing subroutine sub_401020 at 401020
  WARNING: No table entries for indirect jump at 401026; Adding next_ea 40102c as successor.
  Subroutine sub_401020 at 401020 has 2 blocks
  WARNING: No table entries for indirect jump at 401026; Adding next_ea 40102c as successor.
  BB: 401020 in func 401020 with 2 insts
    I: 401020 (mem 403ff0)
    I: 401026 (mem 403ff8)
      Successors: 40102c
  BB: 40102c in func 401020 with 1 insts
    I: 40102c
      No successors
Recovering start at 401090
  Analysing subroutine start at 401090
  Subroutine start at 401090 has 3 blocks
  BB: 401090 in func 401090 with 13 insts
    Referenced by data
    I: 401090
    I: 401094
    I: 401096
    I: 401099
    I: 40109a
    I: 40109d
    I: 4010a1
    I: 4010a2
    I: 4010a3
    I: 4010a6
    I: 4010a8 (imm 4011f0)
    I: 4010af (mem 403fd8)
    I: 4010b5
      No successors
  BB: 4010c5 in func 401090 with 2 insts
    I: 4010c5
    I: 4010cf
      No successors
  BB: 4010b6 in func 401090 with 3 insts
    I: 4010b6
    I: 4010c0
    I: 4010c4
      No successors
Recovering 4010d0
  Analysing subroutine sub_4010D0 at 4010d0
  WARNING: No table entries for indirect jump at 4010ec; Adding next_ea 4010ee as successor.
  WARNING: No table entries for indirect jump at 40112e; Adding next_ea 401130 as successor.
  Subroutine sub_4010D0 at 4010d0 has 11 blocks
  BB: 401100 in func 4010d0 with 8 insts
    I: 401100 (imm 404040)
    I: 401105 (imm 404040)
    I: 40110c
    I: 40110f
    I: 401113
    I: 401117
    I: 40111a
    I: 40111d (flow 401130)
      Successors: 401130, 40111f
  WARNING: No table entries for indirect jump at 4010ec; Adding next_ea 4010ee as successor.
  BB: 4010e7 in func 4010d0 with 2 insts
    I: 4010e7 (imm 404040)
    I: 4010ec
      Successors: 4010ee
  WARNING: No table entries for indirect jump at 40112e; Adding next_ea 401130 as successor.
  BB: 401129 in func 4010d0 with 2 insts
    I: 401129 (imm 404040)
    I: 40112e
      Successors: 401130
  BB: 4010ee in func 4010d0 with 1 insts
    I: 4010ee
      Successors: 4010f0
  BB: 4010d0 in func 4010d0 with 3 insts
    I: 4010d0 (imm 404040)
    I: 4010d5 (imm 404040)
    I: 4010db (flow 4010f0)
      Successors: 4010f0, 4010dd
  BB: 4010f0 in func 4010d0 with 1 insts
    I: 4010f0
      No successors
  BB: 4010f1 in func 4010d0 with 2 insts
    I: 4010f1
    I: 4010f5
      Successors: 401100
  BB: 401130 in func 4010d0 with 1 insts
    I: 401130
      No successors
  BB: 401131 in func 4010d0 with 2 insts
    I: 401131
    I: 401135
      No successors
  BB: 4010dd in func 4010d0 with 3 insts
    I: 4010dd
    I: 4010e2
    I: 4010e5 (flow 4010f0)
      Successors: 4010f0, 4010e7
  BB: 40111f in func 4010d0 with 3 insts
    I: 40111f
    I: 401124
    I: 401127 (flow 401130)
      Successors: 401130, 401129
Recovering 401140
  Analysing subroutine sub_401140 at 401140
  Subroutine sub_401140 at 401140 has 5 blocks
  BB: 401140 in func 401140 with 3 insts
    Referenced by data
    I: 401140
    I: 401144 (mem 404048)
    I: 40114b (flow 401160)
      Successors: 401160, 40114d
  BB: 401161 in func 401140 with 2 insts
    I: 401161
    I: 401165
      No successors
  BB: 401160 in func 401140 with 1 insts
    I: 401160
      No successors
  BB: 40114d in func 401140 with 6 insts
    I: 40114d
    I: 40114e
    I: 401151 (flow 4010d0)
    I: 401156 (mem 404048)
    I: 40115d
    I: 40115e
      No successors
  BB: 40115f in func 401140 with 1 insts
    I: 40115f
      Successors: 401160
Recovering 401170
  Analysing subroutine sub_401170 at 401170
  WARNING: No table entries for indirect jump at 40112e; Adding next_ea 401130 as successor.
  Subroutine sub_401170 at 401170 has 6 blocks
  BB: 401100 in func 401170 with 8 insts
    I: 401100 (imm 404040)
    I: 401105 (imm 404040)
    I: 40110c
    I: 40110f
    I: 401113
    I: 401117
    I: 40111a
    I: 40111d (flow 401130)
      Successors: 401130, 40111f
  WARNING: No table entries for indirect jump at 40112e; Adding next_ea 401130 as successor.
  BB: 401129 in func 401170 with 2 insts
    I: 401129 (imm 404040)
    I: 40112e
      Successors: 401130
  BB: 401170 in func 401170 with 2 insts
    Referenced by data
    I: 401170
    I: 401174 (flow 401100)
      Successors: 401100
  BB: 401130 in func 401170 with 1 insts
    I: 401130
      No successors
  BB: 401176 in func 401170 with 1 insts
    I: 401176
      No successors
  BB: 40111f in func 401170 with 3 insts
    I: 40111f
    I: 401124
    I: 401127 (flow 401130)
      Successors: 401130, 401129
Recovering 401180
  Analysing subroutine sub_401180 at 401180
  Subroutine sub_401180 at 401180 has 5 blocks
  BB: 401180 in func 401180 with 5 insts
    I: 401180
    I: 401181
    I: 401184
    I: 401187
    I: 40118e
      Successors: 401195
  BB: 4011e1 in func 401180 with 2 insts
    I: 4011e1
    I: 4011eb
      No successors
  BB: 401195 in func 401180 with 2 insts
    I: 401195
    I: 401199 (flow 4011dc)
      Successors: 4011dc, 40119f
  BB: 4011dc in func 401180 with 3 insts
    I: 4011dc
    I: 4011df
    I: 4011e0
      No successors
  BB: 40119f in func 401180 with 19 insts
    I: 40119f
    I: 4011a2
    I: 4011a5
    I: 4011aa
    I: 4011ab
    I: 4011ad
    I: 4011b0
    I: 4011b3
    I: 4011b8
    I: 4011ba
    I: 4011bf
    I: 4011c2
    I: 4011c5
    I: 4011ca
    I: 4011cb
    I: 4011cd
    I: 4011d0
    I: 4011d4
    I: 4011d7 (flow 401195)
      Successors: 401195
Recovering main at 4011f0
  Analysing subroutine main at 4011f0
    Block head at 00401ebb is not code.
  Subroutine main at 4011f0 has 85 blocks
  Terminator inst 40134a in func 4011f0 is a jump table
    Jump table 402008 entry at 402008 references block at 40134c
    Jump table 402008 entry at 402010 references block at 401431
    Jump table 402008 entry at 402018 references block at 401431
    Jump table 402008 entry at 402020 references block at 401431
    Jump table 402008 entry at 402028 references block at 401431
    Jump table 402008 entry at 402030 references block at 401431
    Jump table 402008 entry at 402038 references block at 401431
    Jump table 402008 entry at 402040 references block at 4013e8
    Jump table 402008 entry at 402048 references block at 401431
    Jump table 402008 entry at 402050 references block at 401431
    Jump table 402008 entry at 402058 references block at 401431
    Jump table 402008 entry at 402060 references block at 401431
    Jump table 402008 entry at 402068 references block at 40139a
    Jump table 402008 entry at 402070 references block at 4013c1
    Jump table 402008 entry at 402078 references block at 401373
    Jump table 402008 entry at 402080 references block at 401431
    Jump table 402008 entry at 402088 references block at 401431
    Jump table 402008 entry at 402090 references block at 401431
    Jump table 402008 entry at 402098 references block at 401431
    Jump table 402008 entry at 4020a0 references block at 401431
    Jump table 402008 entry at 4020a8 references block at 401431
    Jump table 402008 entry at 4020b0 references block at 401431
    Jump table 402008 entry at 4020b8 references block at 401431
    Jump table 402008 entry at 4020c0 references block at 401431
    Jump table 402008 entry at 4020c8 references block at 401431
    Jump table 402008 entry at 4020d0 references block at 401431
    Jump table 402008 entry at 4020d8 references block at 401431
    Jump table 402008 entry at 4020e0 references block at 401431
    Jump table 402008 entry at 4020e8 references block at 401431
    Jump table 402008 entry at 4020f0 references block at 401431
    Jump table 402008 entry at 4020f8 references block at 401431
    Jump table 402008 entry at 402100 references block at 40140f
  BB: 401202 in func 4011f0 with 6 insts
    I: 401202
    I: 401209 (mem 404040)
    I: 401211
    I: 401216 (flow 404078)
    I: 40121b
    I: 40121f (flow 401eb0)
      Successors: 401eb0, 401225
  BB: 401603 in func 4011f0 with 6 insts
    I: 401603
    I: 40160a (imm 40212e)
    I: 401614
    I: 401619 (flow 404058)
    I: 40161e
    I: 401621 (flow 401654)
      Successors: 401654, 401627
  BB: 401c06 in func 4011f0 with 6 insts
    I: 401c06
    I: 401c0d (imm 4021a4)
    I: 401c17
    I: 401c1c (flow 404058)
    I: 401c21
    I: 401c24 (flow 401c57)
      Successors: 401c2a, 401c57
  BB: 40180d in func 4011f0 with 7 insts
    I: 40180d
    I: 401814 (imm 402157)
    I: 40181e (flow 404080)
    I: 401823
    I: 40182a
    I: 40182e
    I: 401835 (flow 40146e)
      Successors: 40146e
  BB: 40140f in func 4011f0 with 6 insts
    Referenced by data
    I: 40140f
    I: 401416
    I: 40141b (imm 402108)
    I: 401425
    I: 40142a
    I: 40142c (flow 404070)
      Successors: 401431
  BB: 401e10 in func 4011f0 with 7 insts
    I: 401e10
    I: 401e17 (imm 4021e7)
    I: 401e21 (flow 404080)
    I: 401e26
    I: 401e2d
    I: 401e31
    I: 401e38 (flow 40146e)
      Successors: 40146e
  BB: 401a20 in func 4011f0 with 6 insts
    I: 401a20
    I: 401a27 (imm 40217d)
    I: 401a31
    I: 401a36 (flow 404058)
    I: 401a3b
    I: 401a3e (flow 401a71)
      Successors: 401a71, 401a44
  BB: 401225 in func 4011f0 with 10 insts
    I: 401225
    I: 40122c (flow 404060)
    I: 401231
    I: 401233
    I: 401237
    I: 40123a
    I: 401242
    I: 401249
    I: 401250
    I: 401257
      Successors: 401261
  BB: 401627 in func 4011f0 with 7 insts
    I: 401627
    I: 40162e (imm 402135)
    I: 401638 (flow 404080)
    I: 40163d
    I: 401644
    I: 401648
    I: 40164f (flow 40146e)
      Successors: 40146e
  BB: 401c2a in func 4011f0 with 7 insts
    I: 401c2a
    I: 401c31 (imm 4021aa)
    I: 401c3b (flow 404080)
    I: 401c40
    I: 401c47
    I: 401c4b
    I: 401c52 (flow 40146e)
      Successors: 40146e
  BB: 401431 in func 4011f0 with 1 insts
    Referenced by data
    I: 401431 (flow 401436)
      Successors: 401436
  BB: 401436 in func 4011f0 with 9 insts
    I: 401436
    I: 40143d
    I: 401444 (flow 404080)
    I: 401449
    I: 40144f
    I: 401454
    I: 401457
    I: 40145c
    I: 401462 (flow 401261)
      Successors: 401261
  BB: 40183a in func 4011f0 with 6 insts
    I: 40183a
    I: 401841 (imm 402159)
    I: 40184b
    I: 401850 (flow 404058)
    I: 401855
    I: 401858 (flow 40188b)
      Successors: 40188b, 40185e
  BB: 401e3d in func 4011f0 with 6 insts
    I: 401e3d
    I: 401e44 (imm 4021e9)
    I: 401e4e
    I: 401e53 (flow 404058)
    I: 401e58
    I: 401e5b (flow 401e8e)
      Successors: 401e61, 401e8e
  BB: 401a44 in func 4011f0 with 7 insts
    I: 401a44
    I: 401a4b (imm 402186)
    I: 401a55 (flow 404080)
    I: 401a5a
    I: 401a61
    I: 401a65
    I: 401a6c (flow 40146e)
      Successors: 40146e
  BB: 401654 in func 4011f0 with 6 insts
    I: 401654
    I: 40165b (imm 402137)
    I: 401665
    I: 40166a (flow 404058)
    I: 40166f
    I: 401672 (flow 4016a5)
      Successors: 401678, 4016a5
  BB: 401c57 in func 4011f0 with 6 insts
    I: 401c57
    I: 401c5e (imm 4021ac)
    I: 401c68
    I: 401c6d (flow 404058)
    I: 401c72
    I: 401c75 (flow 401ca8)
      Successors: 401ca8, 401c7b
  BB: 40185e in func 4011f0 with 7 insts
    I: 40185e
    I: 401865 (imm 402162)
    I: 40186f (flow 404080)
    I: 401874
    I: 40187b
    I: 40187f
    I: 401886 (flow 40146e)
      Successors: 40146e
  BB: 401261 in func 4011f0 with 8 insts
    I: 401261
    I: 401268
    I: 40126f
    I: 401276 (flow 404060)
    I: 40127b
    I: 40127e
    I: 401285
    I: 401288 (flow 401467)
      Successors: 40128e, 401467
  BB: 401e61 in func 4011f0 with 7 insts
    I: 401e61
    I: 401e68 (imm 4021f2)
    I: 401e72 (flow 404080)
    I: 401e77
    I: 401e7e
    I: 401e82
    I: 401e89 (flow 40146e)
      Successors: 40146e
  BB: 401467 in func 4011f0 with 1 insts
    I: 401467
      Successors: 40146e
  BB: 40146e in func 4011f0 with 6 insts
    I: 40146e
    I: 401475 (imm 40213a)
    I: 40147f
    I: 401484 (flow 404058)
    I: 401489
    I: 40148c (flow 4014bf)
      Successors: 401492, 4014bf
  BB: 401a71 in func 4011f0 with 6 insts
    I: 401a71
    I: 401a78 (imm 402188)
    I: 401a82
    I: 401a87 (flow 404058)
    I: 401a8c
    I: 401a8f (flow 401ac2)
      Successors: 401ac2, 401a95
  BB: 401678 in func 4011f0 with 7 insts
    I: 401678
    I: 40167f (imm 40213e)
    I: 401689 (flow 404080)
    I: 40168e
    I: 401695
    I: 401699
    I: 4016a0 (flow 40146e)
      Successors: 40146e
  BB: 401c7b in func 4011f0 with 7 insts
    I: 401c7b
    I: 401c82 (imm 4021b2)
    I: 401c8c (flow 404080)
    I: 401c91
    I: 401c98
    I: 401c9c
    I: 401ca3 (flow 40146e)
      Successors: 40146e
  BB: 40188b in func 4011f0 with 6 insts
    I: 40188b
    I: 401892 (imm 4021eb)
    I: 40189c
    I: 4018a1 (flow 404058)
    I: 4018a6
    I: 4018a9 (flow 4018dc)
      Successors: 4018dc, 4018af
  BB: 40128e in func 4011f0 with 5 insts
    I: 40128e
    I: 401295
    I: 40129d
    I: 4012a2
    I: 4012a4 (flow 401317)
      Successors: 4012aa, 401317
  BB: 401e8e in func 4011f0 with 1 insts
    I: 401e8e (flow 401e93)
      Successors: 401e93
  BB: 401492 in func 4011f0 with 7 insts
    I: 401492
    I: 401499 (imm 40210d)
    I: 4014a3 (flow 404080)
    I: 4014a8
    I: 4014af
    I: 4014b3
    I: 4014ba (flow 40146e)
      Successors: 40146e
  BB: 401e93 in func 4011f0 with 5 insts
    I: 401e93
    I: 401e9a (imm 4021f4)
    I: 401ea4
    I: 401ea6 (flow 404068)
    I: 401eab (flow 401202)
      Successors: 401202
  BB: 401a95 in func 4011f0 with 7 insts
    I: 401a95
    I: 401a9c (imm 402191)
    I: 401aa6 (flow 404080)
    I: 401aab
    I: 401ab2
    I: 401ab6
    I: 401abd (flow 40146e)
      Successors: 40146e
  BB: 4016a5 in func 4011f0 with 6 insts
    I: 4016a5
    I: 4016ac (imm 402140)
    I: 4016b6
    I: 4016bb (flow 404058)
    I: 4016c0
    I: 4016c3 (flow 4016f6)
      Successors: 4016c9, 4016f6
  BB: 401ca8 in func 4011f0 with 6 insts
    I: 401ca8
    I: 401caf (imm 4021b4)
    I: 401cb9
    I: 401cbe (flow 404058)
    I: 401cc3
    I: 401cc6 (flow 401cf9)
      Successors: 401cf9, 401ccc
  BB: 4012aa in func 4011f0 with 4 insts
    I: 4012aa
    I: 4012b1
    I: 4012b9
    I: 4012bc (flow 401317)
      Successors: 4012c2, 401317
  BB: 4018af in func 4011f0 with 7 insts
    I: 4018af
    I: 4018b6 (imm 402164)
    I: 4018c0 (flow 404080)
    I: 4018c5
    I: 4018cc
    I: 4018d0
    I: 4018d7 (flow 40146e)
      Successors: 40146e
  BB: 401eb0 in func 4011f0 with 4 insts
    I: 401eb0
    I: 401eb2
    I: 401eb9
    I: 401eba
      No successors
  BB: 4014bf in func 4011f0 with 6 insts
    I: 4014bf
    I: 4014c6 (imm 40210f)
    I: 4014d0
    I: 4014d5 (flow 404058)
    I: 4014da
    I: 4014dd (flow 401510)
      Successors: 401510, 4014e3
  BB: 4012c2 in func 4011f0 with 15 insts
    I: 4012c2
    I: 4012c9
    I: 4012d0
    I: 4012d7
    I: 4012df
    I: 4012e5
    I: 4012e8
    I: 4012ee (flow 401180)
    I: 4012f3
    I: 4012fa
    I: 4012fc
    I: 401301 (imm 402108)
    I: 40130b
    I: 40130d (flow 404070)
    I: 401312 (flow 401436)
      Successors: 401436
  BB: 401ac2 in func 4011f0 with 6 insts
    I: 401ac2
    I: 401ac9 (imm 402138)
    I: 401ad3
    I: 401ad8 (flow 404058)
    I: 401add
    I: 401ae0 (flow 401b13)
      Successors: 401b13, 401ae6
  BB: 4016c9 in func 4011f0 with 7 insts
    I: 4016c9
    I: 4016d0 (imm 402149)
    I: 4016da (flow 404080)
    I: 4016df
    I: 4016e6
    I: 4016ea
    I: 4016f1 (flow 40146e)
      Successors: 40146e
  BB: 401ccc in func 4011f0 with 7 insts
    I: 401ccc
    I: 401cd3 (imm 4021bd)
    I: 401cdd (flow 404080)
    I: 401ce2
    I: 401ce9
    I: 401ced
    I: 401cf4 (flow 40146e)
      Successors: 40146e
  BB: 4018dc in func 4011f0 with 6 insts
    I: 4018dc
    I: 4018e3 (imm 4021ad)
    I: 4018ed
    I: 4018f2 (flow 404058)
    I: 4018f7
    I: 4018fa (flow 40192d)
      Successors: 401900, 40192d
  BB: 4014e3 in func 4011f0 with 7 insts
    I: 4014e3
    I: 4014ea (imm 402116)
    I: 4014f4 (flow 404080)
    I: 4014f9
    I: 401500
    I: 401504
    I: 40150b (flow 40146e)
      Successors: 40146e
  BB: 401ae6 in func 4011f0 with 7 insts
    I: 401ae6
    I: 401aed (imm 402193)
    I: 401af7 (flow 404080)
    I: 401afc
    I: 401b03
    I: 401b07
    I: 401b0e (flow 40146e)
      Successors: 40146e
  BB: 4016f6 in func 4011f0 with 6 insts
    I: 4016f6
    I: 4016fd (imm 402139)
    I: 401707
    I: 40170c (flow 404058)
    I: 401711
    I: 401714 (flow 401747)
      Successors: 40171a, 401747
  BB: 401cf9 in func 4011f0 with 6 insts
    I: 401cf9
    I: 401d00 (imm 4021bf)
    I: 401d0a
    I: 401d0f (flow 404058)
    I: 401d14
    I: 401d17 (flow 401d4a)
      Successors: 401d4a, 401d1d
  BB: 401900 in func 4011f0 with 7 insts
    I: 401900
    I: 401907 (imm 402166)
    I: 401911 (flow 404080)
    I: 401916
    I: 40191d
    I: 401921
    I: 401928 (flow 40146e)
      Successors: 40146e
  BB: 401510 in func 4011f0 with 6 insts
    I: 401510
    I: 401517 (imm 402118)
    I: 401521
    I: 401526 (flow 404058)
    I: 40152b
    I: 40152e (flow 401561)
      Successors: 401561, 401534
  BB: 401b13 in func 4011f0 with 6 insts
    I: 401b13
    I: 401b1a (imm 4021ae)
    I: 401b24
    I: 401b29 (flow 404058)
    I: 401b2e
    I: 401b31 (flow 401b64)
      Successors: 401b64, 401b37
  BB: 401317 in func 4011f0 with 7 insts
    I: 401317
    I: 40131e
    I: 401326
    I: 401329
    I: 40132b
    I: 401332
    I: 401335 (flow 401431)
      Successors: 401431, 40133b
  BB: 40171a in func 4011f0 with 7 insts
    I: 40171a
    I: 401721 (imm 40214b)
    I: 40172b (flow 404080)
    I: 401730
    I: 401737
    I: 40173b
    I: 401742 (flow 40146e)
      Successors: 40146e
  BB: 401d1d in func 4011f0 with 7 insts
    I: 401d1d
    I: 401d24 (imm 4021c8)
    I: 401d2e (flow 404080)
    I: 401d33
    I: 401d3a
    I: 401d3e
    I: 401d45 (flow 40146e)
      Successors: 40146e
  BB: 40192d in func 4011f0 with 6 insts
    I: 40192d
    I: 401934 (imm 402168)
    I: 40193e
    I: 401943 (flow 404058)
    I: 401948
    I: 40194b (flow 40197e)
      Successors: 401951, 40197e
  BB: 401534 in func 4011f0 with 7 insts
    I: 401534
    I: 40153b (imm 40211f)
    I: 401545 (flow 404080)
    I: 40154a
    I: 401551
    I: 401555
    I: 40155c (flow 40146e)
      Successors: 40146e
  BB: 401b37 in func 4011f0 with 7 insts
    I: 401b37
    I: 401b3e (imm 402195)
    I: 401b48 (flow 404080)
    I: 401b4d
    I: 401b54
    I: 401b58
    I: 401b5f (flow 40146e)
      Successors: 40146e
  BB: 40133b in func 4011f0 with 3 insts
    I: 40133b
    I: 401342 (disp 402008)
    I: 40134a
      Successors: 4013c1, 4013e8, 40134c, 40140f, 401431, 401373, 40139a
  BB: 401747 in func 4011f0 with 6 insts
    I: 401747
    I: 40174e (imm 402130)
    I: 401758
    I: 40175d (flow 404058)
    I: 401762
    I: 401765 (flow 401798)
      Successors: 401798, 40176b
  BB: 401d4a in func 4011f0 with 6 insts
    I: 401d4a
    I: 401d51 (imm 4021ca)
    I: 401d5b
    I: 401d60 (flow 404058)
    I: 401d65
    I: 401d68 (flow 401d9b)
      Successors: 401d9b, 401d6e
  BB: 40134c in func 4011f0 with 7 insts
    Referenced by data
    I: 40134c
    I: 401353
    I: 401358 (imm 402108)
    I: 401362
    I: 401367
    I: 401369 (flow 404070)
    I: 40136e (flow 401431)
      Successors: 401431
  BB: 401951 in func 4011f0 with 7 insts
    I: 401951
    I: 401958 (imm 402171)
    I: 401962 (flow 404080)
    I: 401967
    I: 40196e
    I: 401972
    I: 401979 (flow 40146e)
      Successors: 40146e
  BB: 401561 in func 4011f0 with 6 insts
    I: 401561
    I: 401568 (imm 402121)
    I: 401572
    I: 401577 (flow 404058)
    I: 40157c
    I: 40157f (flow 4015b2)
      Successors: 4015b2, 401585
  BB: 401b64 in func 4011f0 with 6 insts
    I: 401b64
    I: 401b6b (imm 402197)
    I: 401b75
    I: 401b7a (flow 404058)
    I: 401b7f
    I: 401b82 (flow 401bb5)
      Successors: 401b88, 401bb5
  BB: 40176b in func 4011f0 with 7 insts
    I: 40176b
    I: 401772 (imm 40214d)
    I: 40177c (flow 404080)
    I: 401781
    I: 401788
    I: 40178c
    I: 401793 (flow 40146e)
      Successors: 40146e
  BB: 401d6e in func 4011f0 with 7 insts
    I: 401d6e
    I: 401d75 (imm 4021d1)
    I: 401d7f (flow 404080)
    I: 401d84
    I: 401d8b
    I: 401d8f
    I: 401d96 (flow 40146e)
      Successors: 40146e
  BB: 401373 in func 4011f0 with 7 insts
    Referenced by data
    I: 401373
    I: 40137a
    I: 40137f (imm 402108)
    I: 401389
    I: 40138e
    I: 401390 (flow 404070)
    I: 401395 (flow 401431)
      Successors: 401431
  BB: 40197e in func 4011f0 with 6 insts
    I: 40197e
    I: 401985 (imm 4021a5)
    I: 40198f
    I: 401994 (flow 404058)
    I: 401999
    I: 40199c (flow 4019cf)
      Successors: 4019a2, 4019cf
  BB: 401585 in func 4011f0 with 7 insts
    I: 401585
    I: 40158c (imm 40212a)
    I: 401596 (flow 404080)
    I: 40159b
    I: 4015a2
    I: 4015a6
    I: 4015ad (flow 40146e)
      Successors: 40146e
  BB: 401b88 in func 4011f0 with 7 insts
    I: 401b88
    I: 401b8f (imm 4021a0)
    I: 401b99 (flow 404080)
    I: 401b9e
    I: 401ba5
    I: 401ba9
    I: 401bb0 (flow 40146e)
      Successors: 40146e
  BB: 401798 in func 4011f0 with 6 insts
    I: 401798
    I: 40179f (imm 4021a6)
    I: 4017a9
    I: 4017ae (flow 404058)
    I: 4017b3
    I: 4017b6 (flow 4017e9)
      Successors: 4017e9, 4017bc
  BB: 40139a in func 4011f0 with 7 insts
    Referenced by data
    I: 40139a
    I: 4013a1
    I: 4013a6 (imm 402108)
    I: 4013b0
    I: 4013b5
    I: 4013b7 (flow 404070)
    I: 4013bc (flow 401431)
      Successors: 401431
  BB: 401d9b in func 4011f0 with 6 insts
    I: 401d9b
    I: 401da2 (imm 4021d3)
    I: 401dac
    I: 401db1 (flow 404058)
    I: 401db6
    I: 401db9 (flow 401dec)
      Successors: 401dec, 401dbf
  BB: 4019a2 in func 4011f0 with 7 insts
    I: 4019a2
    I: 4019a9 (imm 402173)
    I: 4019b3 (flow 404080)
    I: 4019b8
    I: 4019bf
    I: 4019c3
    I: 4019ca (flow 40146e)
      Successors: 40146e
  BB: 4015b2 in func 4011f0 with 6 insts
    I: 4015b2
    I: 4015b9 (imm 402123)
    I: 4015c3
    I: 4015c8 (flow 404058)
    I: 4015cd
    I: 4015d0 (flow 401603)
      Successors: 401603, 4015d6
  BB: 401bb5 in func 4011f0 with 6 insts
    I: 401bb5
    I: 401bbc (imm 40216c)
    I: 401bc6
    I: 401bcb (flow 404058)
    I: 401bd0
    I: 401bd3 (flow 401c06)
      Successors: 401bd9, 401c06
  BB: 4017bc in func 4011f0 with 7 insts
    I: 4017bc
    I: 4017c3 (imm 40214f)
    I: 4017cd (flow 404080)
    I: 4017d2
    I: 4017d9
    I: 4017dd
    I: 4017e4 (flow 40146e)
      Successors: 40146e
  BB: 401dbf in func 4011f0 with 7 insts
    I: 401dbf
    I: 401dc6 (imm 4021dc)
    I: 401dd0 (flow 404080)
    I: 401dd5
    I: 401ddc
    I: 401de0
    I: 401de7 (flow 40146e)
      Successors: 40146e
  BB: 4013c1 in func 4011f0 with 7 insts
    Referenced by data
    I: 4013c1
    I: 4013c8
    I: 4013cd (imm 402108)
    I: 4013d7
    I: 4013dc
    I: 4013de (flow 404070)
    I: 4013e3 (flow 401431)
      Successors: 401431
  BB: 4019cf in func 4011f0 with 6 insts
    I: 4019cf
    I: 4019d6 (imm 402175)
    I: 4019e0
    I: 4019e5 (flow 404058)
    I: 4019ea
    I: 4019ed (flow 401a20)
      Successors: 401a20, 4019f3
  BB: 4015d6 in func 4011f0 with 7 insts
    I: 4015d6
    I: 4015dd (imm 40212c)
    I: 4015e7 (flow 404080)
    I: 4015ec
    I: 4015f3
    I: 4015f7
    I: 4015fe (flow 40146e)
      Successors: 40146e
  BB: 401bd9 in func 4011f0 with 7 insts
    I: 401bd9
    I: 401be0 (imm 4021a2)
    I: 401bea (flow 404080)
    I: 401bef
    I: 401bf6
    I: 401bfa
    I: 401c01 (flow 40146e)
      Successors: 40146e
  BB: 4013e8 in func 4011f0 with 7 insts
    Referenced by data
    I: 4013e8
    I: 4013ef
    I: 4013f4 (imm 402108)
    I: 4013fe
    I: 401403
    I: 401405 (flow 404070)
    I: 40140a (flow 401431)
      Successors: 401431
  BB: 4017e9 in func 4011f0 with 6 insts
    I: 4017e9
    I: 4017f0 (imm 402151)
    I: 4017fa
    I: 4017ff (flow 404058)
    I: 401804
    I: 401807 (flow 40183a)
      Successors: 40183a, 40180d
  BB: 401dec in func 4011f0 with 6 insts
    I: 401dec
    I: 401df3 (imm 4021de)
    I: 401dfd
    I: 401e02 (flow 404058)
    I: 401e07
    I: 401e0a (flow 401e3d)
      Successors: 401e10, 401e3d
  BB: 4011f0 in func 4011f0 with 4 insts
    Referenced by data
    I: 4011f0
    I: 4011f1
    I: 4011f4
    I: 4011fb
      Successors: 401202
  BB: 4019f3 in func 4011f0 with 7 insts
    I: 4019f3
    I: 4019fa (imm 40217b)
    I: 401a04 (flow 404080)
    I: 401a09
    I: 401a10
    I: 401a14
    I: 401a1b (flow 40146e)
      Successors: 40146e
Recovering .term_proc at 401ebc
  Analysing subroutine .term_proc at 401ebc
    Block head at 00401ec9 is not code.
  Subroutine .term_proc at 401ebc has 1 blocks
  BB: 401ebc in func 401ebc with 4 insts
    I: 401ebc
    I: 401ec0
    I: 401ec4
    I: 401ec8
      No successors
Global Variable None
WARNING: Global constructor and destructor sections are adjacent!
Recovering region LOAD [400000, 4005e8) in segment LOAD
  8-byte reference at 400018 to 401090 (start)
  8-byte reference at 4000f8 to 401000 (.init_proc)
  8-byte reference at 400130 to 402000 ()
  8-byte reference at 400168 to 403de8 ()
  8-byte reference at 400280 to 4021f8 ()
  8-byte reference at 4002f0 to 403de8 ()
Recovering region .init [401000, 40101b) in segment .init
Recovering region LOAD [40101b, 401020) in segment LOAD
Recovering region .plt [401020, 401090) in segment .plt
Recovering region .text [401090, 401ebb) in segment .text
Recovering region LOAD [401ebb, 401ebc) in segment LOAD
Recovering region .fini [401ebc, 401ec9) in segment .fini
Recovering region .rodata [402000, 4021f8) in segment .rodata
  8-byte reference at 402008 to 40134c ()
  8-byte reference at 402010 to 401431 (def_40134A)
  8-byte reference at 402018 to 401431 (def_40134A)
  8-byte reference at 402020 to 401431 (def_40134A)
  8-byte reference at 402028 to 401431 (def_40134A)
  8-byte reference at 402030 to 401431 (def_40134A)
  8-byte reference at 402038 to 401431 (def_40134A)
  8-byte reference at 402040 to 4013e8 ()
  8-byte reference at 402048 to 401431 (def_40134A)
  8-byte reference at 402050 to 401431 (def_40134A)
  8-byte reference at 402058 to 401431 (def_40134A)
  8-byte reference at 402060 to 401431 (def_40134A)
  8-byte reference at 402068 to 40139a ()
  8-byte reference at 402070 to 4013c1 ()
  8-byte reference at 402078 to 401373 ()
  8-byte reference at 402080 to 401431 (def_40134A)
  8-byte reference at 402088 to 401431 (def_40134A)
  8-byte reference at 402090 to 401431 (def_40134A)
  8-byte reference at 402098 to 401431 (def_40134A)
  8-byte reference at 4020a0 to 401431 (def_40134A)
  8-byte reference at 4020a8 to 401431 (def_40134A)
  8-byte reference at 4020b0 to 401431 (def_40134A)
  8-byte reference at 4020b8 to 401431 (def_40134A)
  8-byte reference at 4020c0 to 401431 (def_40134A)
  8-byte reference at 4020c8 to 401431 (def_40134A)
  8-byte reference at 4020d0 to 401431 (def_40134A)
  8-byte reference at 4020d8 to 401431 (def_40134A)
  8-byte reference at 4020e0 to 401431 (def_40134A)
  8-byte reference at 4020e8 to 401431 (def_40134A)
  8-byte reference at 4020f0 to 401431 (def_40134A)
  8-byte reference at 4020f8 to 401431 (def_40134A)
  8-byte reference at 402100 to 40140f ()
  Variable jpt_40134A at 402008
  Variable format at 402108
  Variable src at 40210d
  Variable a000000 at 40210f
  Variable a000011 at 402118
  Variable a10010001 at 402121
  Variable a000001 at 40212e
  Variable a100 at 402137
  Variable s1 at 40213a
  Variable aA at 40213e
  Variable a10011010 at 402140
  Variable aB at 402149
  Variable aC at 40214b
  Variable aD at 40214d
  Variable aE at 40214f
  Variable a01001 at 402151
  Variable a10011011 at 402159
  Variable aG at 402162
  Variable aI at 402166
  Variable a10011000 at 402168
  Variable aJ at 402171
  Variable aK at 402173
  Variable a00100 at 402175
  Variable a10011001 at 40217d
  Variable aM at 402186
  Variable a10011110 at 402188
  Variable aN at 402191
  Variable aO at 402193
  Variable aP at 402195
  Variable a10011111 at 402197
  Variable aQ at 4021a0
  Variable aR at 4021a2
  Variable a0_0 at 4021a4
  Variable a0 at 4021a5
  Variable a110 at 4021a6
  Variable aS at 4021aa
  Variable a0_1 at 4021ac
  Variable a0111 at 4021ad
  Variable aT at 4021b2
  Variable a10011100 at 4021b4
  Variable aU at 4021bd
  Variable a10011101 at 4021bf
  Variable aV at 4021c8
  Variable a000010 at 4021ca
  Variable aW at 4021d1
  Variable a10010010 at 4021d3
  Variable a10010011 at 4021de
  Variable aY at 4021e7
  Variable a10 at 4021e9
  Variable a010000 at 4021eb
  Variable aZ at 4021f2
  Variable aS_0 at 4021f4
Recovering region .eh_frame_hdr [4021f8, 40222c) in segment .eh_frame_hdr
Recovering region LOAD [40222c, 402230) in segment LOAD
Recovering region .eh_frame [402230, 4022dc) in segment .eh_frame
Recovering region LOAD [4022dc, 402320) in segment LOAD
Recovering region .init_array [403de8, 403df8) in segment .init_array
  8-byte reference at 403de8 to 401170 ()
  8-byte reference at 403df0 to 401140 ()
Recovering region LOAD [403df8, 403fd8) in segment LOAD
Recovering region .got [403fd8, 403fe8) in segment .got
  8-byte reference at 403fd8 to 404050 (__libc_start_main)
  8-byte reference at 403fe0 to 404088 (__gmon_start__)
Recovering region .got.plt [403fe8, 404030) in segment .got.plt
  8-byte reference at 404000 to 404058 (strncmp)
  8-byte reference at 404008 to 404060 (strlen)
  8-byte reference at 404010 to 404068 (printf)
  8-byte reference at 404018 to 404070 (snprintf)
  8-byte reference at 404020 to 404078 (fgets)
  8-byte reference at 404028 to 404080 (strcat)
Recovering region .data [404030, 404040) in segment .data
Recovering region .bss [404040, 404050) in segment .bss
Recovering extern function strncmp at 401030
Recovering extern function strlen at 401040
Recovering extern function printf at 401050
Recovering extern function snprintf at 401060
Recovering extern function fgets at 401070
Recovering extern function strcat at 401080
Recovering extern function __libc_start_main at 404050
Recovering extern function strncmp at 404058
Recovering extern function strlen at 404060
Recovering extern function printf at 404068
Recovering extern function snprintf at 404070
Recovering extern function fgets at 404078
Recovering extern function strcat at 404080
Recovering extern function __gmon_start__ at 404088
Recovering extern variable stdin at 404040 [size: 8]
Recovered 9 functions.
Saving to: /home/ubuntu/capstone_project/result/pipeline_20260629_141746/s236164177_instsub.cfg
Done analysis!
