Debugging is enabled.
Loading Standard Definitions file: /home/ubuntu/capstone_project/dependency/mcsema/mcsema/lib/python3/site-packages/mcsema_disass-3.1.3.8-py3.8.egg/mcsema_disass/defs/linux.txt
Using Batch mode.
Starting analysis
Recovering module s237479322_bcf_instsub.elf
Found main at 401150
Looking for instructions in segment .init
  Default block heads for function 401000 with loose bounds [401000, 40101b)
    block [401000, 401014)
    block [401014, 401016)
    block [401016, 40101b)
    chunk [401000, 40101b)
Looking for instructions in segment .plt
  Default block heads for function 401020 with loose bounds [401020, 40102c)
    block [401020, 40102c)
    chunk [401020, 40102c)
  Default block heads for function 401030 with loose bounds [401030, 401036)
    block [401030, 401036)
    chunk [401030, 401036)
  Default block heads for function 401040 with loose bounds [401040, 401046)
    block [401040, 401046)
    chunk [401040, 401046)
  Default block heads for function 401050 with loose bounds [401050, 401056)
    block [401050, 401056)
    chunk [401050, 401056)
Looking for instructions in segment .text
  Default block heads for function 401060 with loose bounds [401060, 401086)
    block [401060, 401086)
    chunk [401060, 401086)
  Default block heads for function 4010a0 with loose bounds [4010a0, 4010c1)
    block [4010a0, 4010ad)
    block [4010ad, 4010b7)
    block [4010b7, 4010be)
    block [4010c0, 4010c1)
    chunk [4010a0, 4010c1)
  Default block heads for function 401110 with loose bounds [401110, 401131)
    block [401110, 40111d)
    block [40111d, 40112f)
    block [401130, 401131)
    chunk [401110, 401131)
  Default block heads for function 401140 with loose bounds [401140, 401146)
    block [401140, 401146)
    chunk [401140, 401146)
    chunk [4010d0, 401101)
  Default block heads for function 401150 with loose bounds [401150, 401afe)
    block [401150, 401166)
    block [401166, 401170)
    block [401170, 40118c)
    block [40118c, 401199)
    block [401199, 4011bf)
    block [4011bf, 4011c4)
    block [4011c4, 4011d6)
    block [4011d6, 401213)
    block [401213, 401218)
    block [401218, 40126f)
    block [40126f, 401274)
    block [401274, 401279)
    block [401279, 401286)
    block [401286, 401298)
    block [401298, 401308)
    block [401308, 40130d)
    block [40130d, 40137d)
    block [40137d, 401382)
    block [401382, 401387)
    block [401387, 40138c)
    block [40138c, 4013a4)
    block [4013a4, 4013e1)
    block [4013e1, 4013e6)
    block [4013e6, 401432)
    block [401432, 401437)
    block [401437, 40143c)
    block [40143c, 401449)
    block [401449, 40144f)
    block [40144f, 40148c)
    block [40148c, 401491)
    block [401491, 401530)
    block [401530, 401535)
    block [401535, 401540)
    block [401540, 401545)
    block [401545, 40159a)
    block [40159a, 40159f)
    block [40159f, 4015b9)
    block [4015b9, 401629)
    block [401629, 40162e)
    block [40162e, 401673)
    block [401673, 401678)
    block [401678, 40167d)
    block [40167d, 4016a9)
    block [4016a9, 4016ee)
    block [4016ee, 4016f3)
    block [4016f3, 401740)
    block [401740, 401745)
    block [401745, 401750)
    block [401750, 4017ce)
    block [4017ce, 4017d3)
    block [4017d3, 401818)
    block [401818, 40181d)
    block [40181d, 401828)
    block [401828, 40182d)
    block [40182d, 401872)
    block [401872, 401877)
    block [401877, 4018bb)
    block [4018bb, 4018c0)
    block [4018c0, 4018c5)
    block [4018c5, 4018d5)
    block [4018d5, 401930)
    block [401930, 40194a)
    block [40194a, 401975)
    block [401975, 4019ba)
    block [4019ba, 4019bf)
    block [4019bf, 401a4b)
    block [401a4b, 401a50)
    block [401a50, 401a55)
    block [401a55, 401a64)
    block [401a64, 401a6c)
    block [401a6c, 401a83)
    block [401a83, 401ab1)
    block [401ab1, 401abd)
    block [401abd, 401ac2)
    block [401ac2, 401ac7)
    block [401ac7, 401acc)
    block [401acc, 401ad1)
    block [401ad1, 401add)
    block [401add, 401afe)
    chunk [401150, 401afe)
Looking for instructions in segment .fini
  Default block heads for function 401b00 with loose bounds [401b00, 401b0d)
    block [401b00, 401b0d)
    chunk [401b00, 401b0d)
Looking for strings in segment .rodata [402000, 402007)
  Found string b'%d' of length 3 at 402004, jumping to 402007
Looking for strings in segment .eh_frame_hdr [402008, 402034)
Looking for strings in segment .eh_frame [402038, 4020c8)
Looking for strings in segment .init_array [403de8, 403df0)
Looking for strings in segment .fini_array [403df0, 403df8)
Looking for strings in segment .got [403fd8, 403fe8)
Looking for strings in segment .got.plt [403fe8, 404018)
Looking for strings in segment .data [404020, 46acb0)
Looking for strings in segment .bss [46acb0, 477020)
Looking for strings in segment extern [477020, 477048)
Looking for cross-references in segment .init [401000, 40101b)
Looking for cross-references in segment .plt [401020, 401060)
  Stopping scan at 40102c
Looking for cross-references in segment .text [401060, 401afe)
  Stopping scan at 40108c
  Stopping scan at 40109c
  Stopping scan at ffffffffffffffff
  Stopping scan at 4010cc
  Stopping scan at 40110c
  Stopping scan at ffffffffffffffff
  Stopping scan at 40113c
  Stopping scan at 40114c
Looking for cross-references in segment .fini [401b00, 401b0d)
Looking for cross-references in segment .rodata [402000, 402007)
  Found string at 402004, jumping to 402007
  Stopping scan at 402004
Looking for cross-references in segment .eh_frame_hdr [402008, 402034)
  Stopping scan at 402030
Looking for cross-references in segment .eh_frame [402038, 4020c8)
  Stopping scan at 4020c4
Looking for cross-references in segment .init_array [403de8, 403df0)
  Adding qword reference from 403de8 to 401140
  Stopping scan at 403de8
Looking for cross-references in segment .fini_array [403df0, 403df8)
  Adding qword reference from 403df0 to 401110
  Stopping scan at 403df0
Looking for cross-references in segment .got [403fd8, 403fe8)
  Adding qword reference from 403fd8 to 477028
  Adding qword reference from 403fe0 to 477040
  Stopping scan at 403fe0
Looking for cross-references in segment .got.plt [403fe8, 404018)
  Adding qword reference from 404000 to 477020
  Adding qword reference from 404008 to 477030
  Adding qword reference from 404010 to 477038
  Stopping scan at 404010
Looking for cross-references in segment .data [404020, 46acb0)
  Stopping scan at 46acac
Looking for cross-references in segment .bss [46acb0, 477020)
  Stopping scan at 47701c
Looking for cross-references in segment extern [477020, 477048)
  Stopping scan at 477044
Looking for thunks
  Found thunk for putchar targeting 477020 at 401030
  Found thunk for printf targeting 477030 at 401040
  Found thunk for fgets targeting 477038 at 401050
Looking for external symbols
  Function at 401030 is the external function putchar
  Function at 401040 is the external function printf
  Function at 401050 is the external function fgets
  Variable at 46acb0 is the external stdin
  Function at 477020 is the external function putchar
  Function at 477028 is the external function __libc_start_main
  Function at 477030 is the external function printf
  Function at 477038 is the external function fgets
  Function at 477040 is the external function __gmon_start__
Looking for entrypoints
Recovering .init_proc at 401000
  Analysing subroutine .init_proc at 401000
    Block head at 0040101b is not code.
  Subroutine .init_proc at 401000 has 3 blocks
  BB: 401000 in func 401000 with 5 insts
    Referenced by data
    I: 401000
    I: 401004
    I: 401008 (mem 403fe0)
    I: 40100f
    I: 401012 (flow 401016)
      Successors: 401014, 401016
  BB: 401014 in func 401000 with 1 insts
    I: 401014
      Successors: 401016
  BB: 401016 in func 401000 with 2 insts
    I: 401016
    I: 40101a
      No successors
Recovering 401020
  Analysing subroutine sub_401020 at 401020
  WARNING: No table entries for indirect jump at 401026; Adding next_ea 40102c as successor.
  Subroutine sub_401020 at 401020 has 2 blocks
  WARNING: No table entries for indirect jump at 401026; Adding next_ea 40102c as successor.
  BB: 401020 in func 401020 with 2 insts
    I: 401020 (mem 403ff0)
    I: 401026 (mem 403ff8)
      Successors: 40102c
  BB: 40102c in func 401020 with 1 insts
    I: 40102c
      No successors
Recovering start at 401060
  Analysing subroutine start at 401060
  Subroutine start at 401060 has 3 blocks
  BB: 401060 in func 401060 with 13 insts
    Referenced by data
    I: 401060
    I: 401064
    I: 401066
    I: 401069
    I: 40106a
    I: 40106d
    I: 401071
    I: 401072
    I: 401073
    I: 401076
    I: 401078 (imm 401150)
    I: 40107f (mem 403fd8)
    I: 401085
      No successors
  BB: 401095 in func 401060 with 2 insts
    I: 401095
    I: 40109f
      No successors
  BB: 401086 in func 401060 with 3 insts
    I: 401086
    I: 401090
    I: 401094
      No successors
Recovering 4010a0
  Analysing subroutine sub_4010A0 at 4010a0
  WARNING: No table entries for indirect jump at 4010bc; Adding next_ea 4010be as successor.
  WARNING: No table entries for indirect jump at 4010fe; Adding next_ea 401100 as successor.
  Subroutine sub_4010A0 at 4010a0 has 11 blocks
  BB: 4010a0 in func 4010a0 with 3 insts
    I: 4010a0 (imm 46acb0)
    I: 4010a5 (imm 46acb0)
    I: 4010ab (flow 4010c0)
      Successors: 4010c0, 4010ad
  BB: 4010c0 in func 4010a0 with 1 insts
    I: 4010c0
      No successors
  BB: 4010c1 in func 4010a0 with 2 insts
    I: 4010c1
    I: 4010c5
      Successors: 4010d0
  BB: 401100 in func 4010a0 with 1 insts
    I: 401100
      No successors
  BB: 401101 in func 4010a0 with 2 insts
    I: 401101
    I: 401105
      No successors
  BB: 4010ad in func 4010a0 with 3 insts
    I: 4010ad
    I: 4010b2
    I: 4010b5 (flow 4010c0)
      Successors: 4010c0, 4010b7
  BB: 4010ef in func 4010a0 with 3 insts
    I: 4010ef
    I: 4010f4
    I: 4010f7 (flow 401100)
      Successors: 401100, 4010f9
  BB: 4010d0 in func 4010a0 with 8 insts
    I: 4010d0 (imm 46acb0)
    I: 4010d5 (imm 46acb0)
    I: 4010dc
    I: 4010df
    I: 4010e3
    I: 4010e7
    I: 4010ea
    I: 4010ed (flow 401100)
      Successors: 401100, 4010ef
  WARNING: No table entries for indirect jump at 4010bc; Adding next_ea 4010be as successor.
  BB: 4010b7 in func 4010a0 with 2 insts
    I: 4010b7 (imm 46acb0)
    I: 4010bc
      Successors: 4010be
  WARNING: No table entries for indirect jump at 4010fe; Adding next_ea 401100 as successor.
  BB: 4010f9 in func 4010a0 with 2 insts
    I: 4010f9 (imm 46acb0)
    I: 4010fe
      Successors: 401100
  BB: 4010be in func 4010a0 with 1 insts
    I: 4010be
      Successors: 4010c0
Recovering 401110
  Analysing subroutine sub_401110 at 401110
  Subroutine sub_401110 at 401110 has 5 blocks
  BB: 40112f in func 401110 with 1 insts
    I: 40112f
      Successors: 401130
  BB: 401110 in func 401110 with 3 insts
    Referenced by data
    I: 401110
    I: 401114 (mem 46acb8)
    I: 40111b (flow 401130)
      Successors: 401130, 40111d
  BB: 401131 in func 401110 with 2 insts
    I: 401131
    I: 401135
      No successors
  BB: 401130 in func 401110 with 1 insts
    I: 401130
      No successors
  BB: 40111d in func 401110 with 6 insts
    I: 40111d
    I: 40111e
    I: 401121 (flow 4010a0)
    I: 401126 (mem 46acb8)
    I: 40112d
    I: 40112e
      No successors
Recovering 401140
  Analysing subroutine sub_401140 at 401140
  WARNING: No table entries for indirect jump at 4010fe; Adding next_ea 401100 as successor.
  Subroutine sub_401140 at 401140 has 6 blocks
  BB: 401140 in func 401140 with 2 insts
    Referenced by data
    I: 401140
    I: 401144 (flow 4010d0)
      Successors: 4010d0
  BB: 401100 in func 401140 with 1 insts
    I: 401100
      No successors
  BB: 401146 in func 401140 with 1 insts
    I: 401146
      No successors
  BB: 4010ef in func 401140 with 3 insts
    I: 4010ef
    I: 4010f4
    I: 4010f7 (flow 401100)
      Successors: 401100, 4010f9
  BB: 4010d0 in func 401140 with 8 insts
    I: 4010d0 (imm 46acb0)
    I: 4010d5 (imm 46acb0)
    I: 4010dc
    I: 4010df
    I: 4010e3
    I: 4010e7
    I: 4010ea
    I: 4010ed (flow 401100)
      Successors: 401100, 4010ef
  WARNING: No table entries for indirect jump at 4010fe; Adding next_ea 401100 as successor.
  BB: 4010f9 in func 401140 with 2 insts
    I: 4010f9 (imm 46acb0)
    I: 4010fe
      Successors: 401100
Recovering main at 401150
  Analysing subroutine main at 401150
    Block head at 00401afe is not code.
  Subroutine main at 401150 has 79 blocks
  BB: 401213 in func 401150 with 1 insts
    I: 401213 (flow 401a6c)
      Successors: 401a6c
  BB: 401218 in func 401150 with 22 insts
    I: 401218 (mem 477014)
    I: 401223
    I: 40122a (imm 477018)
    I: 401231
    I: 401233 (imm 47701c)
    I: 40123a
    I: 40123c
    I: 40123e
    I: 401244
    I: 401247
    I: 40124d
    I: 401250
    I: 401253
    I: 401256
    I: 401259
    I: 40125c
    I: 40125f
    I: 401261
    I: 401263
    I: 401265
    I: 401267
    I: 401269 (flow 401274)
      Successors: 401274, 40126f
  BB: 401818 in func 401150 with 1 insts
    I: 401818 (flow 401acc)
      Successors: 401acc
  BB: 40181d in func 401150 with 3 insts
    I: 40181d
    I: 401820
    I: 401822 (flow 40182d)
      Successors: 401828, 40182d
  BB: 401828 in func 401150 with 1 insts
    I: 401828 (flow 401a64)
      Successors: 401a64
  BB: 401629 in func 401150 with 1 insts
    I: 401629 (flow 401ac2)
      Successors: 401ac2
  BB: 40182d in func 401150 with 20 insts
    I: 40182d (imm 477018)
    I: 401834
    I: 401836 (imm 47701c)
    I: 40183d
    I: 40183f
    I: 401841
    I: 401847
    I: 40184a
    I: 401850
    I: 401853
    I: 401856
    I: 401859
    I: 40185c
    I: 40185f
    I: 401862
    I: 401864
    I: 401866
    I: 401868
    I: 40186a
    I: 40186c (flow 401877)
      Successors: 401872, 401877
  BB: 40162e in func 401150 with 20 insts
    I: 40162e (imm 477018)
    I: 401635
    I: 401637 (imm 47701c)
    I: 40163e
    I: 401640
    I: 401642
    I: 401648
    I: 40164b
    I: 401651
    I: 401654
    I: 401657
    I: 40165a
    I: 40165d
    I: 401660
    I: 401663
    I: 401665
    I: 401667
    I: 401669
    I: 40166b
    I: 40166d (flow 401678)
      Successors: 401678, 401673
  BB: 401432 in func 401150 with 1 insts
    I: 401432 (flow 401ab1)
      Successors: 401ab1
  BB: 401437 in func 401150 with 1 insts
    I: 401437 (flow 40143c)
      Successors: 40143c
  BB: 40143c in func 401150 with 2 insts
    I: 40143c
    I: 401443 (flow 4015b9)
      Successors: 401449, 4015b9
  BB: 401449 in func 401150 with 2 insts
    I: 401449
    I: 40144c
      Successors: 40144f
  BB: 401a4b in func 401150 with 1 insts
    I: 401a4b (flow 401add)
      Successors: 401add
  BB: 40144f in func 401150 with 20 insts
    I: 40144f (imm 477018)
    I: 401456
    I: 401458 (imm 47701c)
    I: 40145f
    I: 401461
    I: 401463
    I: 401466
    I: 401468
    I: 40146a
    I: 40146d
    I: 401470
    I: 401473
    I: 401476
    I: 401479
    I: 40147c
    I: 40147e
    I: 401480
    I: 401482
    I: 401484
    I: 401486 (flow 401491)
      Successors: 401491, 40148c
  BB: 401a50 in func 401150 with 1 insts
    I: 401a50 (flow 401a55)
      Successors: 401a55
  BB: 401a55 in func 401150 with 3 insts
    I: 401a55
    I: 401a5a (flow 477020)
    I: 401a5f (flow 40167d)
      Successors: 40167d
  BB: 401a64 in func 401150 with 4 insts
    I: 401a64
    I: 401a66
    I: 401a6a
    I: 401a6b
      No successors
  BB: 401a6c in func 401150 with 3 insts
    I: 401a6c (mem 477014)
    I: 401a77
    I: 401a7e (flow 401218)
      Successors: 401218
  BB: 40126f in func 401150 with 1 insts
    I: 40126f (flow 401a6c)
      Successors: 401a6c
  BB: 401872 in func 401150 with 1 insts
    I: 401872 (flow 401ad1)
      Successors: 401ad1
  BB: 401673 in func 401150 with 1 insts
    I: 401673 (flow 401ac2)
      Successors: 401ac2
  BB: 401274 in func 401150 with 1 insts
    I: 401274 (flow 401279)
      Successors: 401279
  BB: 401877 in func 401150 with 21 insts
    I: 401877
    I: 40187e (imm 477018)
    I: 401885
    I: 401887 (imm 47701c)
    I: 40188e
    I: 401890
    I: 401892
    I: 401895
    I: 401897
    I: 401899
    I: 40189c
    I: 40189f
    I: 4018a2
    I: 4018a5
    I: 4018a8
    I: 4018ab
    I: 4018ad
    I: 4018af
    I: 4018b1
    I: 4018b3
    I: 4018b5 (flow 4018c0)
      Successors: 4018c0, 4018bb
  BB: 401678 in func 401150 with 1 insts
    I: 401678 (flow 40167d)
      Successors: 40167d
  BB: 401279 in func 401150 with 2 insts
    I: 401279
    I: 401280 (flow 4013a4)
      Successors: 4013a4, 401286
  BB: 40167d in func 401150 with 10 insts
    I: 40167d
    I: 401681
    I: 401685 (mem 46acb0)
    I: 40168d
    I: 401692 (flow 477038)
    I: 401697
    I: 40169a
    I: 40169c
    I: 4016a0
    I: 4016a3 (flow 401750)
      Successors: 401750, 4016a9
  BB: 401a83 in func 401150 with 13 insts
    I: 401a83
    I: 401a86 (mem 477014)
    I: 401a8d
    I: 401a8f
    I: 401a91
    I: 401a93
    I: 401a96
    I: 401a98
    I: 401a9a
    I: 401a9c (mem 477014)
    I: 401aa3
    I: 401aa5 (disp 404030)
    I: 401aac (flow 40130d)
      Successors: 40130d
  BB: 401286 in func 401150 with 3 insts
    I: 401286
    I: 40128a (disp 46acc0)
    I: 401292 (flow 401387)
      Successors: 401298, 401387
  BB: 40148c in func 401150 with 1 insts
    I: 40148c (flow 401abd)
      Successors: 401abd
  BB: 401491 in func 401150 with 46 insts
    I: 401491
    I: 401495 (disp 404030)
    I: 40149c
    I: 4014a0 (disp 404030)
    I: 4014a7
    I: 4014a9
    I: 4014ab
    I: 4014ad
    I: 4014b2
    I: 4014b5
    I: 4014b8 (imm 477018)
    I: 4014bf
    I: 4014c1 (imm 47701c)
    I: 4014c8
    I: 4014ca
    I: 4014cc
    I: 4014d2
    I: 4014d5
    I: 4014db
    I: 4014de
    I: 4014e1
    I: 4014e4
    I: 4014e8
    I: 4014eb
    I: 4014ef
    I: 4014f2
    I: 4014f5
    I: 4014f8
    I: 4014fc
    I: 4014fe
    I: 401501
    I: 401503
    I: 401505
    I: 401508
    I: 40150b
    I: 40150f
    I: 401512
    I: 401515
    I: 401518
    I: 40151b
    I: 40151e
    I: 401521
    I: 401524
    I: 401526
    I: 401528
    I: 40152a (flow 401535)
      Successors: 401530, 401535
  BB: 401298 in func 401150 with 36 insts
    I: 401298 (imm 477018)
    I: 40129f
    I: 4012a1 (imm 47701c)
    I: 4012a8
    I: 4012aa
    I: 4012ac
    I: 4012af
    I: 4012b1
    I: 4012b3
    I: 4012b6
    I: 4012b9
    I: 4012bc
    I: 4012c0
    I: 4012c3
    I: 4012c7
    I: 4012ca
    I: 4012cd
    I: 4012d0
    I: 4012d4
    I: 4012d6
    I: 4012d9
    I: 4012db
    I: 4012dd
    I: 4012e0
    I: 4012e3
    I: 4012e7
    I: 4012ea
    I: 4012ed
    I: 4012f0
    I: 4012f3
    I: 4012f6
    I: 4012f9
    I: 4012fc
    I: 4012fe
    I: 401300
    I: 401302 (flow 40130d)
      Successors: 401308, 40130d
  BB: 4016a9 in func 401150 with 20 insts
    I: 4016a9 (imm 477018)
    I: 4016b0
    I: 4016b2 (imm 47701c)
    I: 4016b9
    I: 4016bb
    I: 4016bd
    I: 4016c3
    I: 4016c6
    I: 4016cc
    I: 4016cf
    I: 4016d2
    I: 4016d5
    I: 4016d8
    I: 4016db
    I: 4016de
    I: 4016e0
    I: 4016e2
    I: 4016e4
    I: 4016e6
    I: 4016e8 (flow 4016f3)
      Successors: 4016f3, 4016ee
  BB: 401ab1 in func 401150 with 2 insts
    I: 401ab1
    I: 401ab8 (flow 4013e6)
      Successors: 4013e6
  BB: 4018bb in func 401150 with 1 insts
    I: 4018bb (flow 401ad1)
      Successors: 401ad1
  BB: 401abd in func 401150 with 1 insts
    I: 401abd (flow 401491)
      Successors: 401491
  BB: 4018c0 in func 401150 with 1 insts
    I: 4018c0 (flow 4018c5)
      Successors: 4018c5
  BB: 401ac2 in func 401150 with 1 insts
    I: 401ac2 (flow 40162e)
      Successors: 40162e
  BB: 4018c5 in func 401150 with 4 insts
    I: 4018c5
    I: 4018c9
    I: 4018cc
    I: 4018cf (flow 401930)
      Successors: 401930, 4018d5
  BB: 401ac7 in func 401150 with 1 insts
    I: 401ac7 (flow 4016f3)
      Successors: 4016f3
  BB: 401acc in func 401150 with 1 insts
    I: 401acc (flow 4017d3)
      Successors: 4017d3
  BB: 401ad1 in func 401150 with 2 insts
    I: 401ad1
    I: 401ad8 (flow 401877)
      Successors: 401877
  BB: 4018d5 in func 401150 with 26 insts
    I: 4018d5
    I: 4018d8
    I: 4018db
    I: 4018de
    I: 4018e1
    I: 4018e3
    I: 4018e5
    I: 4018e7
    I: 4018eb
    I: 4018ee
    I: 4018f2
    I: 4018f6
    I: 4018f9
    I: 4018fc
    I: 401901
    I: 401904
    I: 401909
    I: 40190f
    I: 401911
    I: 401917
    I: 40191a
    I: 40191c
    I: 401921
    I: 401923
    I: 401928
    I: 40192b (flow 4018c5)
      Successors: 4018c5
  BB: 401add in func 401150 with 6 insts
    I: 401add
    I: 401ae1 (disp 409230)
    I: 401ae8 (imm 402004)
    I: 401af2
    I: 401af4 (flow 477030)
    I: 401af9 (flow 4019bf)
      Successors: 4019bf
  BB: 4016ee in func 401150 with 1 insts
    I: 4016ee (flow 401ac7)
      Successors: 401ac7
  BB: 4016f3 in func 401150 with 25 insts
    I: 4016f3
    I: 4016f7
    I: 4016fa
    I: 4016fd
    I: 401700
    I: 401703 (imm 477018)
    I: 40170a
    I: 40170c (imm 47701c)
    I: 401713
    I: 401715
    I: 401717
    I: 40171a
    I: 40171c
    I: 40171e
    I: 401721
    I: 401724
    I: 401727
    I: 40172a
    I: 40172d
    I: 401730
    I: 401732
    I: 401734
    I: 401736
    I: 401738
    I: 40173a (flow 401745)
      Successors: 401740, 401745
  BB: 401308 in func 401150 with 1 insts
    I: 401308 (flow 401a83)
      Successors: 401a83
  BB: 40130d in func 401150 with 29 insts
    I: 40130d
    I: 401310 (mem 477014)
    I: 401317
    I: 401319
    I: 40131f
    I: 401322
    I: 401328 (mem 477014)
    I: 40132f
    I: 401331 (disp 404030)
    I: 401338 (imm 477018)
    I: 40133f
    I: 401341 (imm 47701c)
    I: 401348
    I: 40134a
    I: 40134c
    I: 401352
    I: 401355
    I: 40135b
    I: 40135e
    I: 401361
    I: 401364
    I: 401367
    I: 40136a
    I: 40136d
    I: 40136f
    I: 401371
    I: 401373
    I: 401375
    I: 401377 (flow 401382)
      Successors: 401382, 40137d
  BB: 401530 in func 401150 with 1 insts
    I: 401530 (flow 401abd)
      Successors: 401abd
  BB: 401930 in func 401150 with 8 insts
    I: 401930
    I: 401933
    I: 401938
    I: 40193b
    I: 40193d
    I: 40193f
    I: 401941
    I: 401944 (flow 401975)
      Successors: 40194a, 401975
  BB: 401535 in func 401150 with 3 insts
    I: 401535
    I: 401538
    I: 40153a (flow 401545)
      Successors: 401540, 401545
  BB: 401540 in func 401150 with 1 insts
    I: 401540 (flow 40159a)
      Successors: 40159a
  BB: 401740 in func 401150 with 1 insts
    I: 401740 (flow 401ac7)
      Successors: 401ac7
  BB: 401545 in func 401150 with 27 insts
    I: 401545
    I: 401549 (disp 404030)
    I: 401550
    I: 401554 (disp 404030)
    I: 40155b
    I: 40155d
    I: 40155f
    I: 401561
    I: 401563
    I: 401565
    I: 401567
    I: 401569
    I: 40156b (disp 409230)
    I: 401572
    I: 401574
    I: 401577
    I: 401579 (disp 409230)
    I: 401580
    I: 401583
    I: 401585
    I: 401587
    I: 401589
    I: 40158c
    I: 40158e
    I: 401590
    I: 401592
    I: 401595 (flow 40144f)
      Successors: 40144f
  BB: 401745 in func 401150 with 3 insts
    I: 401745
    I: 401748
    I: 40174b (flow 401750)
      Successors: 401750
  BB: 40194a in func 401150 with 11 insts
    I: 40194a
    I: 40194d
    I: 401952
    I: 401955
    I: 40195a
    I: 40195c (disp 46acc0)
    I: 401964
    I: 401966
    I: 401968
    I: 40196b (flow 477020)
    I: 401970 (flow 401a55)
      Successors: 401a55
  BB: 401150 in func 401150 with 5 insts
    Referenced by data
    I: 401150
    I: 401151
    I: 401154
    I: 401158
    I: 40115f
      Successors: 401166
  BB: 401750 in func 401150 with 38 insts
    I: 401750
    I: 401753
    I: 401756 (imm 477018)
    I: 40175d
    I: 40175f (imm 47701c)
    I: 401766
    I: 401768
    I: 40176a
    I: 401770
    I: 401773
    I: 401779
    I: 40177c
    I: 40177f
    I: 401782
    I: 401786
    I: 401789
    I: 40178d
    I: 401790
    I: 401793
    I: 401796
    I: 40179a
    I: 40179c
    I: 40179f
    I: 4017a1
    I: 4017a3
    I: 4017a6
    I: 4017a9
    I: 4017ad
    I: 4017b0
    I: 4017b3
    I: 4017b6
    I: 4017b9
    I: 4017bc
    I: 4017bf
    I: 4017c2
    I: 4017c4
    I: 4017c6
    I: 4017c8 (flow 4017d3)
      Successors: 4017d3, 4017ce
  BB: 401166 in func 401150 with 2 insts
    I: 401166
    I: 40116a (flow 4011d6)
      Successors: 401170, 4011d6
  BB: 401170 in func 401150 with 6 insts
    I: 401170
    I: 401174 (disp 404030)
    I: 40117b
    I: 40117e
    I: 401182 (disp 409170)
    I: 401189
      Successors: 40118c
  BB: 401975 in func 401150 with 20 insts
    I: 401975 (imm 477018)
    I: 40197c
    I: 40197e (imm 47701c)
    I: 401985
    I: 401987
    I: 401989
    I: 40198f
    I: 401992
    I: 401998
    I: 40199b
    I: 40199e
    I: 4019a1
    I: 4019a4
    I: 4019a7
    I: 4019aa
    I: 4019ac
    I: 4019ae
    I: 4019b0
    I: 4019b2
    I: 4019b4 (flow 4019bf)
      Successors: 4019ba, 4019bf
  BB: 40137d in func 401150 with 1 insts
    I: 40137d (flow 401a83)
      Successors: 401a83
  BB: 401382 in func 401150 with 1 insts
    I: 401382 (flow 401387)
      Successors: 401387
  BB: 401387 in func 401150 with 1 insts
    I: 401387 (flow 40138c)
      Successors: 40138c
  BB: 40118c in func 401150 with 2 insts
    I: 40118c
    I: 401193 (flow 4011bf)
      Successors: 401199, 4011bf
  BB: 40138c in func 401150 with 6 insts
    I: 40138c
    I: 40138f
    I: 401394
    I: 401397
    I: 40139c
    I: 40139f (flow 401279)
      Successors: 401279
  BB: 401199 in func 401150 with 9 insts
    I: 401199
    I: 40119d (disp 46acc0)
    I: 4011a5
    I: 4011a8
    I: 4011ab
    I: 4011b0
    I: 4011b2
    I: 4011b7
    I: 4011ba (flow 40118c)
      Successors: 40118c
  BB: 40159a in func 401150 with 1 insts
    I: 40159a (flow 40159f)
      Successors: 40159f
  BB: 40159f in func 401150 with 10 insts
    I: 40159f
    I: 4015a2
    I: 4015a4
    I: 4015a6
    I: 4015a8
    I: 4015ab
    I: 4015ad
    I: 4015af
    I: 4015b1
    I: 4015b4 (flow 40143c)
      Successors: 40143c
  BB: 4013a4 in func 401150 with 20 insts
    I: 4013a4 (imm 477018)
    I: 4013ab
    I: 4013ad (imm 47701c)
    I: 4013b4
    I: 4013b6
    I: 4013b8
    I: 4013bb
    I: 4013bd
    I: 4013bf
    I: 4013c2
    I: 4013c5
    I: 4013c8
    I: 4013cb
    I: 4013ce
    I: 4013d1
    I: 4013d3
    I: 4013d5
    I: 4013d7
    I: 4013d9
    I: 4013db (flow 4013e6)
      Successors: 4013e1, 4013e6
  BB: 4015b9 in func 401150 with 36 insts
    I: 4015b9 (imm 477018)
    I: 4015c0
    I: 4015c2 (imm 47701c)
    I: 4015c9
    I: 4015cb
    I: 4015cd
    I: 4015d0
    I: 4015d2
    I: 4015d4
    I: 4015d7
    I: 4015da
    I: 4015dd
    I: 4015e1
    I: 4015e4
    I: 4015e8
    I: 4015eb
    I: 4015ee
    I: 4015f1
    I: 4015f5
    I: 4015f7
    I: 4015fa
    I: 4015fc
    I: 4015fe
    I: 401601
    I: 401604
    I: 401608
    I: 40160b
    I: 40160e
    I: 401611
    I: 401614
    I: 401617
    I: 40161a
    I: 40161d
    I: 40161f
    I: 401621
    I: 401623 (flow 40162e)
      Successors: 401629, 40162e
  BB: 4019ba in func 401150 with 1 insts
    I: 4019ba (flow 401add)
      Successors: 401add
  BB: 4011bf in func 401150 with 1 insts
    I: 4011bf (flow 4011c4)
      Successors: 4011c4
  BB: 4019bf in func 401150 with 41 insts
    I: 4019bf
    I: 4019c3 (disp 409230)
    I: 4019ca (imm 402004)
    I: 4019d4
    I: 4019d6 (flow 477030)
    I: 4019db (imm 477018)
    I: 4019e2
    I: 4019e4 (imm 47701c)
    I: 4019eb
    I: 4019ed
    I: 4019ef
    I: 4019f2
    I: 4019f4
    I: 4019f6
    I: 4019f9
    I: 4019fc
    I: 4019ff
    I: 401a03
    I: 401a06
    I: 401a0a
    I: 401a0d
    I: 401a10
    I: 401a13
    I: 401a17
    I: 401a19
    I: 401a1c
    I: 401a1e
    I: 401a20
    I: 401a23
    I: 401a26
    I: 401a2a
    I: 401a2d
    I: 401a30
    I: 401a33
    I: 401a36
    I: 401a39
    I: 401a3c
    I: 401a3f
    I: 401a41
    I: 401a43
    I: 401a45 (flow 401a50)
      Successors: 401a50, 401a4b
  BB: 4011c4 in func 401150 with 6 insts
    I: 4011c4
    I: 4011c7
    I: 4011c9
    I: 4011cc
    I: 4011ce
    I: 4011d1 (flow 401166)
      Successors: 401166
  BB: 4017ce in func 401150 with 1 insts
    I: 4017ce (flow 401acc)
      Successors: 401acc
  BB: 4017d3 in func 401150 with 20 insts
    I: 4017d3 (imm 477018)
    I: 4017da
    I: 4017dc (imm 47701c)
    I: 4017e3
    I: 4017e5
    I: 4017e7
    I: 4017ed
    I: 4017f0
    I: 4017f6
    I: 4017f9
    I: 4017fc
    I: 4017ff
    I: 401802
    I: 401805
    I: 401808
    I: 40180a
    I: 40180c
    I: 40180e
    I: 401810
    I: 401812 (flow 40181d)
      Successors: 401818, 40181d
  BB: 4011d6 in func 401150 with 20 insts
    I: 4011d6 (imm 477018)
    I: 4011dd
    I: 4011df (imm 47701c)
    I: 4011e6
    I: 4011e8
    I: 4011ea
    I: 4011ed
    I: 4011ef
    I: 4011f1
    I: 4011f4
    I: 4011f7
    I: 4011fa
    I: 4011fd
    I: 401200
    I: 401203
    I: 401205
    I: 401207
    I: 401209
    I: 40120b
    I: 40120d (flow 401218)
      Successors: 401218, 401213
  BB: 4013e1 in func 401150 with 1 insts
    I: 4013e1 (flow 401ab1)
      Successors: 401ab1
  BB: 4013e6 in func 401150 with 21 insts
    I: 4013e6
    I: 4013ed (imm 477018)
    I: 4013f4
    I: 4013f6 (imm 47701c)
    I: 4013fd
    I: 4013ff
    I: 401401
    I: 401407
    I: 40140a
    I: 401410
    I: 401413
    I: 401416
    I: 401419
    I: 40141c
    I: 40141f
    I: 401422
    I: 401424
    I: 401426
    I: 401428
    I: 40142a
    I: 40142c (flow 401437)
      Successors: 401432, 401437
Recovering .term_proc at 401b00
  Analysing subroutine .term_proc at 401b00
    Block head at 00401b0d is not code.
  Subroutine .term_proc at 401b00 has 1 blocks
  BB: 401b00 in func 401b00 with 4 insts
    I: 401b00
    I: 401b04
    I: 401b08
    I: 401b0c
      No successors
Global Variable None
WARNING: Global constructor and destructor sections are adjacent!
Recovering region LOAD [400000, 400540) in segment LOAD
  8-byte reference at 400018 to 401060 (start)
  8-byte reference at 4000f8 to 401000 (.init_proc)
  8-byte reference at 400130 to 402000 ()
  8-byte reference at 400168 to 403de8 ()
  8-byte reference at 400280 to 402008 ()
  8-byte reference at 4002f0 to 403de8 ()
Recovering region .init [401000, 40101b) in segment .init
Recovering region LOAD [40101b, 401020) in segment LOAD
Recovering region .plt [401020, 401060) in segment .plt
Recovering region .text [401060, 401afe) in segment .text
Recovering region LOAD [401afe, 401b00) in segment LOAD
Recovering region .fini [401b00, 401b0d) in segment .fini
Recovering region .rodata [402000, 402007) in segment .rodata
  Variable format at 402004
Recovering region LOAD [402007, 402008) in segment LOAD
Recovering region .eh_frame_hdr [402008, 402034) in segment .eh_frame_hdr
Recovering region LOAD [402034, 402038) in segment LOAD
Recovering region .eh_frame [402038, 4020c8) in segment .eh_frame
Recovering region LOAD [4020c8, 402108) in segment LOAD
Recovering region .init_array [403de8, 403df8) in segment .init_array
  8-byte reference at 403de8 to 401140 ()
  8-byte reference at 403df0 to 401110 ()
Recovering region LOAD [403df8, 403fd8) in segment LOAD
Recovering region .got [403fd8, 403fe8) in segment .got
  8-byte reference at 403fd8 to 477028 (__libc_start_main)
  8-byte reference at 403fe0 to 477040 (__gmon_start__)
Recovering region .got.plt [403fe8, 404018) in segment .got.plt
  8-byte reference at 404000 to 477020 (putchar)
  8-byte reference at 404008 to 477030 (printf)
  8-byte reference at 404010 to 477038 (fgets)
Recovering region LOAD [404018, 404020) in segment LOAD
Recovering region .data [404020, 46acb0) in segment .data
Recovering region .bss [46acb0, 477020) in segment .bss
Recovering extern function putchar at 401030
Recovering extern function printf at 401040
Recovering extern function fgets at 401050
Recovering extern function putchar at 477020
Recovering extern function __libc_start_main at 477028
Recovering extern function printf at 477030
Recovering extern function fgets at 477038
Recovering extern function __gmon_start__ at 477040
Recovering extern variable stdin at 46acb0 [size: 8]
Recovered 8 functions.
Saving to: /home/ubuntu/capstone_project/result/pipeline_20260629_141746/s237479322_bcf_instsub.cfg
Done analysis!
