Debugging is enabled.
Loading Standard Definitions file: /home/ubuntu/capstone_project/dependency/mcsema/mcsema/lib/python3/site-packages/mcsema_disass-3.1.3.8-py3.8.egg/mcsema_disass/defs/linux.txt
Using Batch mode.
Starting analysis
Recovering module s237479322_instsub.elf
Found main at 401150
Looking for instructions in segment .init
  Default block heads for function 401000 with loose bounds [401000, 40101b)
    block [401000, 401014)
    block [401014, 401016)
    block [401016, 40101b)
    chunk [401000, 40101b)
Looking for instructions in segment .plt
  Default block heads for function 401020 with loose bounds [401020, 40102c)
    block [401020, 40102c)
    chunk [401020, 40102c)
  Default block heads for function 401030 with loose bounds [401030, 401036)
    block [401030, 401036)
    chunk [401030, 401036)
  Default block heads for function 401040 with loose bounds [401040, 401046)
    block [401040, 401046)
    chunk [401040, 401046)
  Default block heads for function 401050 with loose bounds [401050, 401056)
    block [401050, 401056)
    chunk [401050, 401056)
Looking for instructions in segment .text
  Default block heads for function 401060 with loose bounds [401060, 401086)
    block [401060, 401086)
    chunk [401060, 401086)
  Default block heads for function 4010a0 with loose bounds [4010a0, 4010c1)
    block [4010a0, 4010ad)
    block [4010ad, 4010b7)
    block [4010b7, 4010be)
    block [4010c0, 4010c1)
    chunk [4010a0, 4010c1)
  Default block heads for function 401110 with loose bounds [401110, 401131)
    block [401110, 40111d)
    block [40111d, 40112f)
    block [401130, 401131)
    chunk [401110, 401131)
  Default block heads for function 401140 with loose bounds [401140, 401146)
    block [401140, 401146)
    chunk [401140, 401146)
    chunk [4010d0, 401101)
  Default block heads for function 401150 with loose bounds [401150, 40144f)
    block [401150, 401166)
    block [401166, 401170)
    block [401170, 40118c)
    block [40118c, 401199)
    block [401199, 4011bf)
    block [4011bf, 4011c4)
    block [4011c4, 4011dc)
    block [4011dc, 4011ee)
    block [4011ee, 4011fb)
    block [4011fb, 40120d)
    block [40120d, 401230)
    block [401230, 401235)
    block [401235, 40124d)
    block [40124d, 401254)
    block [401254, 401261)
    block [401261, 401267)
    block [401267, 401294)
    block [401294, 4012e5)
    block [4012e5, 4012ea)
    block [4012ea, 401302)
    block [401302, 401307)
    block [401307, 401333)
    block [401333, 401343)
    block [401343, 40134e)
    block [40134e, 401353)
    block [401353, 40135a)
    block [40135a, 40136a)
    block [40136a, 4013b6)
    block [4013b6, 4013e5)
    block [4013e5, 40141c)
    block [40141c, 401438)
    block [401438, 401447)
    block [401447, 40144f)
    chunk [401150, 40144f)
Looking for instructions in segment .fini
  Default block heads for function 401450 with loose bounds [401450, 40145d)
    block [401450, 40145d)
    chunk [401450, 40145d)
Looking for strings in segment .rodata [402000, 402007)
  Found string b'%d' of length 3 at 402004, jumping to 402007
Looking for strings in segment .eh_frame_hdr [402008, 402034)
Looking for strings in segment .eh_frame [402038, 4020c4)
Looking for strings in segment .init_array [403de8, 403df0)
Looking for strings in segment .fini_array [403df0, 403df8)
Looking for strings in segment .got [403fd8, 403fe8)
Looking for strings in segment .got.plt [403fe8, 404018)
Looking for strings in segment .data [404020, 46acb0)
Looking for strings in segment .bss [46acb0, 477018)
Looking for strings in segment extern [477018, 477040)
Looking for cross-references in segment .init [401000, 40101b)
Looking for cross-references in segment .plt [401020, 401060)
  Stopping scan at 40102c
Looking for cross-references in segment .text [401060, 40144f)
  Stopping scan at 40108c
  Stopping scan at 40109c
  Stopping scan at ffffffffffffffff
  Stopping scan at 4010cc
  Stopping scan at 40110c
  Stopping scan at ffffffffffffffff
  Stopping scan at 40113c
  Stopping scan at 40114c
Looking for cross-references in segment .fini [401450, 40145d)
Looking for cross-references in segment .rodata [402000, 402007)
  Found string at 402004, jumping to 402007
  Stopping scan at 402004
Looking for cross-references in segment .eh_frame_hdr [402008, 402034)
  Stopping scan at 402030
Looking for cross-references in segment .eh_frame [402038, 4020c4)
  Stopping scan at 4020c0
Looking for cross-references in segment .init_array [403de8, 403df0)
  Adding qword reference from 403de8 to 401140
  Stopping scan at 403de8
Looking for cross-references in segment .fini_array [403df0, 403df8)
  Adding qword reference from 403df0 to 401110
  Stopping scan at 403df0
Looking for cross-references in segment .got [403fd8, 403fe8)
  Adding qword reference from 403fd8 to 477020
  Adding qword reference from 403fe0 to 477038
  Stopping scan at 403fe0
Looking for cross-references in segment .got.plt [403fe8, 404018)
  Adding qword reference from 404000 to 477018
  Adding qword reference from 404008 to 477028
  Adding qword reference from 404010 to 477030
  Stopping scan at 404010
Looking for cross-references in segment .data [404020, 46acb0)
  Stopping scan at 46acac
Looking for cross-references in segment .bss [46acb0, 477018)
  Stopping scan at 477014
Looking for cross-references in segment extern [477018, 477040)
  Stopping scan at 47703c
Looking for thunks
  Found thunk for putchar targeting 477018 at 401030
  Found thunk for printf targeting 477028 at 401040
  Found thunk for fgets targeting 477030 at 401050
Looking for external symbols
  Function at 401030 is the external function putchar
  Function at 401040 is the external function printf
  Function at 401050 is the external function fgets
  Variable at 46acb0 is the external stdin
  Function at 477018 is the external function putchar
  Function at 477020 is the external function __libc_start_main
  Function at 477028 is the external function printf
  Function at 477030 is the external function fgets
  Function at 477038 is the external function __gmon_start__
Looking for entrypoints
Recovering .init_proc at 401000
  Analysing subroutine .init_proc at 401000
    Block head at 0040101b is not code.
  Subroutine .init_proc at 401000 has 3 blocks
  BB: 401000 in func 401000 with 5 insts
    Referenced by data
    I: 401000
    I: 401004
    I: 401008 (mem 403fe0)
    I: 40100f
    I: 401012 (flow 401016)
      Successors: 401014, 401016
  BB: 401014 in func 401000 with 1 insts
    I: 401014
      Successors: 401016
  BB: 401016 in func 401000 with 2 insts
    I: 401016
    I: 40101a
      No successors
Recovering 401020
  Analysing subroutine sub_401020 at 401020
  WARNING: No table entries for indirect jump at 401026; Adding next_ea 40102c as successor.
  Subroutine sub_401020 at 401020 has 2 blocks
  WARNING: No table entries for indirect jump at 401026; Adding next_ea 40102c as successor.
  BB: 401020 in func 401020 with 2 insts
    I: 401020 (mem 403ff0)
    I: 401026 (mem 403ff8)
      Successors: 40102c
  BB: 40102c in func 401020 with 1 insts
    I: 40102c
      No successors
Recovering start at 401060
  Analysing subroutine start at 401060
  Subroutine start at 401060 has 3 blocks
  BB: 401060 in func 401060 with 13 insts
    Referenced by data
    I: 401060
    I: 401064
    I: 401066
    I: 401069
    I: 40106a
    I: 40106d
    I: 401071
    I: 401072
    I: 401073
    I: 401076
    I: 401078 (imm 401150)
    I: 40107f (mem 403fd8)
    I: 401085
      No successors
  BB: 401095 in func 401060 with 2 insts
    I: 401095
    I: 40109f
      No successors
  BB: 401086 in func 401060 with 3 insts
    I: 401086
    I: 401090
    I: 401094
      No successors
Recovering 4010a0
  Analysing subroutine sub_4010A0 at 4010a0
  WARNING: No table entries for indirect jump at 4010bc; Adding next_ea 4010be as successor.
  WARNING: No table entries for indirect jump at 4010fe; Adding next_ea 401100 as successor.
  Subroutine sub_4010A0 at 4010a0 has 11 blocks
  BB: 4010a0 in func 4010a0 with 3 insts
    I: 4010a0 (imm 46acb0)
    I: 4010a5 (imm 46acb0)
    I: 4010ab (flow 4010c0)
      Successors: 4010c0, 4010ad
  BB: 4010c0 in func 4010a0 with 1 insts
    I: 4010c0
      No successors
  BB: 4010c1 in func 4010a0 with 2 insts
    I: 4010c1
    I: 4010c5
      Successors: 4010d0
  BB: 401100 in func 4010a0 with 1 insts
    I: 401100
      No successors
  BB: 401101 in func 4010a0 with 2 insts
    I: 401101
    I: 401105
      No successors
  BB: 4010ad in func 4010a0 with 3 insts
    I: 4010ad
    I: 4010b2
    I: 4010b5 (flow 4010c0)
      Successors: 4010c0, 4010b7
  BB: 4010ef in func 4010a0 with 3 insts
    I: 4010ef
    I: 4010f4
    I: 4010f7 (flow 401100)
      Successors: 401100, 4010f9
  BB: 4010d0 in func 4010a0 with 8 insts
    I: 4010d0 (imm 46acb0)
    I: 4010d5 (imm 46acb0)
    I: 4010dc
    I: 4010df
    I: 4010e3
    I: 4010e7
    I: 4010ea
    I: 4010ed (flow 401100)
      Successors: 401100, 4010ef
  WARNING: No table entries for indirect jump at 4010bc; Adding next_ea 4010be as successor.
  BB: 4010b7 in func 4010a0 with 2 insts
    I: 4010b7 (imm 46acb0)
    I: 4010bc
      Successors: 4010be
  WARNING: No table entries for indirect jump at 4010fe; Adding next_ea 401100 as successor.
  BB: 4010f9 in func 4010a0 with 2 insts
    I: 4010f9 (imm 46acb0)
    I: 4010fe
      Successors: 401100
  BB: 4010be in func 4010a0 with 1 insts
    I: 4010be
      Successors: 4010c0
Recovering 401110
  Analysing subroutine sub_401110 at 401110
  Subroutine sub_401110 at 401110 has 5 blocks
  BB: 40112f in func 401110 with 1 insts
    I: 40112f
      Successors: 401130
  BB: 401110 in func 401110 with 3 insts
    Referenced by data
    I: 401110
    I: 401114 (mem 46acb8)
    I: 40111b (flow 401130)
      Successors: 401130, 40111d
  BB: 401131 in func 401110 with 2 insts
    I: 401131
    I: 401135
      No successors
  BB: 401130 in func 401110 with 1 insts
    I: 401130
      No successors
  BB: 40111d in func 401110 with 6 insts
    I: 40111d
    I: 40111e
    I: 401121 (flow 4010a0)
    I: 401126 (mem 46acb8)
    I: 40112d
    I: 40112e
      No successors
Recovering 401140
  Analysing subroutine sub_401140 at 401140
  WARNING: No table entries for indirect jump at 4010fe; Adding next_ea 401100 as successor.
  Subroutine sub_401140 at 401140 has 6 blocks
  BB: 401140 in func 401140 with 2 insts
    Referenced by data
    I: 401140
    I: 401144 (flow 4010d0)
      Successors: 4010d0
  BB: 401100 in func 401140 with 1 insts
    I: 401100
      No successors
  BB: 401146 in func 401140 with 1 insts
    I: 401146
      No successors
  BB: 4010ef in func 401140 with 3 insts
    I: 4010ef
    I: 4010f4
    I: 4010f7 (flow 401100)
      Successors: 401100, 4010f9
  BB: 4010d0 in func 401140 with 8 insts
    I: 4010d0 (imm 46acb0)
    I: 4010d5 (imm 46acb0)
    I: 4010dc
    I: 4010df
    I: 4010e3
    I: 4010e7
    I: 4010ea
    I: 4010ed (flow 401100)
      Successors: 401100, 4010ef
  WARNING: No table entries for indirect jump at 4010fe; Adding next_ea 401100 as successor.
  BB: 4010f9 in func 401140 with 2 insts
    I: 4010f9 (imm 46acb0)
    I: 4010fe
      Successors: 401100
Recovering main at 401150
  Analysing subroutine main at 401150
    Block head at 0040144f is not code.
  Subroutine main at 401150 has 33 blocks
  BB: 401302 in func 401150 with 1 insts
    I: 401302 (flow 401307)
      Successors: 401307
  BB: 401307 in func 401150 with 10 insts
    I: 401307
    I: 40130b
    I: 40130f (mem 46acb0)
    I: 401317
    I: 40131c (flow 477030)
    I: 401321
    I: 401324
    I: 401326
    I: 40132a
    I: 40132d (flow 401343)
      Successors: 401343, 401333
  BB: 40118c in func 401150 with 2 insts
    I: 40118c
    I: 401193 (flow 4011bf)
      Successors: 401199, 4011bf
  BB: 40120d in func 401150 with 9 insts
    I: 40120d
    I: 401210 (mem 477014)
    I: 401217
    I: 401219
    I: 40121c
    I: 40121e
    I: 401220 (mem 477014)
    I: 401227
    I: 401229 (disp 404030)
      Successors: 401230
  BB: 401294 in func 401150 with 19 insts
    I: 401294
    I: 401298 (disp 404030)
    I: 40129f
    I: 4012a3 (disp 404030)
    I: 4012aa
    I: 4012af
    I: 4012b1
    I: 4012b6
    I: 4012b8 (disp 409230)
    I: 4012bf
    I: 4012c1
    I: 4012c4
    I: 4012c6 (disp 409230)
    I: 4012cd
    I: 4012d0
    I: 4012d5
    I: 4012d8
    I: 4012dd
    I: 4012e0 (flow 401267)
      Successors: 401267
  BB: 401199 in func 401150 with 9 insts
    I: 401199
    I: 40119d (disp 46acc0)
    I: 4011a5
    I: 4011a8
    I: 4011ab
    I: 4011b0
    I: 4011b2
    I: 4011b7
    I: 4011ba (flow 40118c)
      Successors: 40118c
  BB: 40141c in func 401150 with 5 insts
    I: 40141c
    I: 401420 (disp 409230)
    I: 401427 (imm 402004)
    I: 401431
    I: 401433 (flow 477028)
      Successors: 401438
  BB: 401230 in func 401150 with 1 insts
    I: 401230 (flow 401235)
      Successors: 401235
  BB: 401333 in func 401150 with 5 insts
    I: 401333
    I: 401337
    I: 40133a
    I: 40133d
    I: 401340
      Successors: 401343
  BB: 401235 in func 401150 with 6 insts
    I: 401235
    I: 401238
    I: 40123d
    I: 401240
    I: 401245
    I: 401248 (flow 4011ee)
      Successors: 4011ee
  BB: 4013b6 in func 401150 with 12 insts
    I: 4013b6
    I: 4013b9
    I: 4013bc
    I: 4013c1
    I: 4013c4
    I: 4013c9
    I: 4013cf
    I: 4013d1
    I: 4013d7
    I: 4013da
    I: 4013dc
    I: 4013df (flow 40141c)
      Successors: 40141c, 4013e5
  BB: 401438 in func 401150 with 3 insts
    I: 401438
    I: 40143d (flow 477018)
    I: 401442 (flow 401307)
      Successors: 401307
  BB: 4011bf in func 401150 with 1 insts
    I: 4011bf (flow 4011c4)
      Successors: 4011c4
  BB: 401343 in func 401150 with 3 insts
    I: 401343
    I: 401346
    I: 401348 (flow 401353)
      Successors: 401353, 40134e
  BB: 4011c4 in func 401150 with 6 insts
    I: 4011c4
    I: 4011c7
    I: 4011cc
    I: 4011cf
    I: 4011d4
    I: 4011d7 (flow 401166)
      Successors: 401166
  BB: 401447 in func 401150 with 4 insts
    I: 401447
    I: 401449
    I: 40144d
    I: 40144e
      No successors
  BB: 40124d in func 401150 with 1 insts
    I: 40124d
      Successors: 401254
  BB: 40134e in func 401150 with 1 insts
    I: 40134e (flow 401447)
      Successors: 401447
  BB: 401150 in func 401150 with 5 insts
    Referenced by data
    I: 401150
    I: 401151
    I: 401154
    I: 401158
    I: 40115f
      Successors: 401166
  BB: 401353 in func 401150 with 1 insts
    I: 401353
      Successors: 40135a
  BB: 401254 in func 401150 with 2 insts
    I: 401254
    I: 40125b (flow 401302)
      Successors: 401261, 401302
  BB: 40135a in func 401150 with 4 insts
    I: 40135a
    I: 40135e
    I: 401361
    I: 401364 (flow 4013b6)
      Successors: 40136a, 4013b6
  BB: 4011dc in func 401150 with 2 insts
    I: 4011dc (mem 477014)
    I: 4011e7
      Successors: 4011ee
  BB: 401261 in func 401150 with 2 insts
    I: 401261
    I: 401264
      Successors: 401267
  BB: 4012e5 in func 401150 with 1 insts
    I: 4012e5 (flow 4012ea)
      Successors: 4012ea
  BB: 401166 in func 401150 with 2 insts
    I: 401166
    I: 40116a (flow 4011dc)
      Successors: 401170, 4011dc
  BB: 401267 in func 401150 with 9 insts
    I: 401267
    I: 40126b (disp 404030)
    I: 401272
    I: 401276 (disp 404030)
    I: 40127d
    I: 401282
    I: 401284
    I: 401289
    I: 40128e (flow 4012e5)
      Successors: 401294, 4012e5
  BB: 4013e5 in func 401150 with 12 insts
    I: 4013e5
    I: 4013e8
    I: 4013ed
    I: 4013f0
    I: 4013f5
    I: 4013f7 (disp 46acc0)
    I: 4013ff
    I: 401404
    I: 40140a
    I: 40140c
    I: 401412 (flow 477018)
    I: 401417 (flow 401438)
      Successors: 401438
  BB: 4012ea in func 401150 with 6 insts
    I: 4012ea
    I: 4012ed
    I: 4012f2
    I: 4012f5
    I: 4012fa
    I: 4012fd (flow 401254)
      Successors: 401254
  BB: 40136a in func 401150 with 22 insts
    I: 40136a
    I: 40136d
    I: 401370
    I: 401373
    I: 401376
    I: 40137b
    I: 40137d
    I: 401382
    I: 401386
    I: 401389
    I: 40138d
    I: 401391
    I: 401394
    I: 401399
    I: 40139c
    I: 40139e
    I: 4013a0
    I: 4013a2
    I: 4013a7
    I: 4013a9
    I: 4013ae
    I: 4013b1 (flow 40135a)
      Successors: 40135a
  BB: 4011ee in func 401150 with 2 insts
    I: 4011ee
    I: 4011f5 (flow 40124d)
      Successors: 4011fb, 40124d
  BB: 401170 in func 401150 with 6 insts
    I: 401170
    I: 401174 (disp 404030)
    I: 40117b
    I: 40117e
    I: 401182 (disp 409170)
    I: 401189
      Successors: 40118c
  BB: 4011fb in func 401150 with 3 insts
    I: 4011fb
    I: 4011ff (disp 46acc0)
    I: 401207 (flow 401230)
      Successors: 401230, 40120d
Recovering .term_proc at 401450
  Analysing subroutine .term_proc at 401450
    Block head at 0040145d is not code.
  Subroutine .term_proc at 401450 has 1 blocks
  BB: 401450 in func 401450 with 4 insts
    I: 401450
    I: 401454
    I: 401458
    I: 40145c
      No successors
Global Variable None
WARNING: Global constructor and destructor sections are adjacent!
Recovering region LOAD [400000, 400540) in segment LOAD
  8-byte reference at 400018 to 401060 (start)
  8-byte reference at 4000f8 to 401000 (.init_proc)
  8-byte reference at 400130 to 402000 ()
  8-byte reference at 400168 to 403de8 ()
  8-byte reference at 400280 to 402008 ()
  8-byte reference at 4002f0 to 403de8 ()
Recovering region .init [401000, 40101b) in segment .init
Recovering region LOAD [40101b, 401020) in segment LOAD
Recovering region .plt [401020, 401060) in segment .plt
Recovering region .text [401060, 40144f) in segment .text
Recovering region LOAD [40144f, 401450) in segment LOAD
Recovering region .fini [401450, 40145d) in segment .fini
Recovering region .rodata [402000, 402007) in segment .rodata
  Variable format at 402004
Recovering region LOAD [402007, 402008) in segment LOAD
Recovering region .eh_frame_hdr [402008, 402034) in segment .eh_frame_hdr
Recovering region LOAD [402034, 402038) in segment LOAD
Recovering region .eh_frame [402038, 4020c4) in segment .eh_frame
Recovering region LOAD [4020c4, 402108) in segment LOAD
Recovering region .init_array [403de8, 403df8) in segment .init_array
  8-byte reference at 403de8 to 401140 ()
  8-byte reference at 403df0 to 401110 ()
Recovering region LOAD [403df8, 403fd8) in segment LOAD
Recovering region .got [403fd8, 403fe8) in segment .got
  8-byte reference at 403fd8 to 477020 (__libc_start_main)
  8-byte reference at 403fe0 to 477038 (__gmon_start__)
Recovering region .got.plt [403fe8, 404018) in segment .got.plt
  8-byte reference at 404000 to 477018 (putchar)
  8-byte reference at 404008 to 477028 (printf)
  8-byte reference at 404010 to 477030 (fgets)
Recovering region LOAD [404018, 404020) in segment LOAD
Recovering region .data [404020, 46acb0) in segment .data
Recovering region .bss [46acb0, 477018) in segment .bss
Recovering extern function putchar at 401030
Recovering extern function printf at 401040
Recovering extern function fgets at 401050
Recovering extern function putchar at 477018
Recovering extern function __libc_start_main at 477020
Recovering extern function printf at 477028
Recovering extern function fgets at 477030
Recovering extern function __gmon_start__ at 477038
Recovering extern variable stdin at 46acb0 [size: 8]
Recovered 8 functions.
Saving to: /home/ubuntu/capstone_project/result/pipeline_20260629_141746/s237479322_instsub.cfg
Done analysis!
