Debugging is enabled.
Loading Standard Definitions file: /home/ubuntu/capstone_project/dependency/mcsema/mcsema/lib/python3/site-packages/mcsema_disass-3.1.3.8-py3.8.egg/mcsema_disass/defs/linux.txt
Using Batch mode.
Starting analysis
Recovering module s241954296_bcf_instsub.elf
Found main at 401140
Looking for instructions in segment .init
  Default block heads for function 401000 with loose bounds [401000, 40101b)
    block [401000, 401014)
    block [401014, 401016)
    block [401016, 40101b)
    chunk [401000, 40101b)
Looking for instructions in segment .plt
  Default block heads for function 401020 with loose bounds [401020, 40102c)
    block [401020, 40102c)
    chunk [401020, 40102c)
  Default block heads for function 401030 with loose bounds [401030, 401036)
    block [401030, 401036)
    chunk [401030, 401036)
  Default block heads for function 401040 with loose bounds [401040, 401046)
    block [401040, 401046)
    chunk [401040, 401046)
Looking for instructions in segment .text
  Default block heads for function 401050 with loose bounds [401050, 401076)
    block [401050, 401076)
    chunk [401050, 401076)
  Default block heads for function 401090 with loose bounds [401090, 4010b1)
    block [401090, 40109d)
    block [40109d, 4010a7)
    block [4010a7, 4010ae)
    block [4010b0, 4010b1)
    chunk [401090, 4010b1)
  Default block heads for function 401100 with loose bounds [401100, 401121)
    block [401100, 40110d)
    block [40110d, 40111f)
    block [401120, 401121)
    chunk [401100, 401121)
  Default block heads for function 401130 with loose bounds [401130, 401136)
    block [401130, 401136)
    chunk [401130, 401136)
    chunk [4010c0, 4010f1)
  Default block heads for function 401140 with loose bounds [401140, 40155f)
    block [401140, 40114f)
    block [40114f, 40116e)
    block [40116e, 401173)
    block [401173, 40117a)
    block [40117a, 4011b7)
    block [4011b7, 4011bc)
    block [4011bc, 401205)
    block [401205, 40120a)
    block [40120a, 401215)
    block [401215, 40121a)
    block [40121a, 40128a)
    block [40128a, 40128f)
    block [40128f, 40137a)
    block [40137a, 40137f)
    block [40137f, 401384)
    block [401384, 4013f4)
    block [4013f4, 4013f9)
    block [4013f9, 40147e)
    block [40147e, 401483)
    block [401483, 401488)
    block [401488, 40148d)
    block [40148d, 401495)
    block [401495, 40149a)
    block [40149a, 401545)
    block [401545, 40155f)
    chunk [401140, 40155f)
  Default block heads for function 401560 with loose bounds [401560, 401694)
    block [401560, 401694)
    chunk [401560, 401694)
  Default block heads for function 4016a0 with loose bounds [4016a0, 4016ea)
    block [4016a0, 4016ea)
    chunk [4016a0, 4016ea)
Looking for instructions in segment .fini
  Default block heads for function 4016ec with loose bounds [4016ec, 4016f9)
    block [4016ec, 4016f9)
    chunk [4016ec, 4016f9)
Looking for strings in segment .rodata [402000, 402022)
  Found string b'%d%d%d%d%d%d%d%d' of length 17 at 402004, jumping to 402015
  Found string b'%d %d %d %d\n' of length 13 at 402015, jumping to 402022
Looking for strings in segment .eh_frame_hdr [402024, 402060)
Looking for strings in segment .eh_frame [402060, 402130)
Looking for strings in segment .init_array [403de8, 403df0)
Looking for strings in segment .fini_array [403df0, 403df8)
Looking for strings in segment .got [403fd8, 403fe8)
Looking for strings in segment .got.plt [403fe8, 404010)
Looking for strings in segment .data [404010, 404020)
Looking for strings in segment .bss [404020, 404050)
Looking for strings in segment extern [404050, 404070)
Looking for cross-references in segment .init [401000, 40101b)
Looking for cross-references in segment .plt [401020, 401050)
  Stopping scan at 40102c
Looking for cross-references in segment .text [401050, 4016ea)
  Stopping scan at 40107c
  Stopping scan at 40108c
  Stopping scan at ffffffffffffffff
  Stopping scan at 4010bc
  Stopping scan at 4010fc
  Stopping scan at ffffffffffffffff
  Stopping scan at 40112c
  Stopping scan at 40113c
  Stopping scan at ffffffffffffffff
  Stopping scan at 40169c
Looking for cross-references in segment .fini [4016ec, 4016f9)
Looking for cross-references in segment .rodata [402000, 402022)
  Found string at 402004, jumping to 402015
  Found string at 402015, jumping to 402022
  Stopping scan at 402015
Looking for cross-references in segment .eh_frame_hdr [402024, 402060)
  Stopping scan at 40205c
Looking for cross-references in segment .eh_frame [402060, 402130)
  Stopping scan at 40212c
Looking for cross-references in segment .init_array [403de8, 403df0)
  Adding qword reference from 403de8 to 401130
  Stopping scan at 403de8
Looking for cross-references in segment .fini_array [403df0, 403df8)
  Adding qword reference from 403df0 to 401100
  Stopping scan at 403df0
Looking for cross-references in segment .got [403fd8, 403fe8)
  Adding qword reference from 403fd8 to 404050
  Adding qword reference from 403fe0 to 404068
  Stopping scan at 403fe0
Looking for cross-references in segment .got.plt [403fe8, 404010)
  Adding qword reference from 404000 to 404058
  Adding qword reference from 404008 to 404060
  Stopping scan at 404008
Looking for cross-references in segment .data [404010, 404020)
  Stopping scan at 40401c
Looking for cross-references in segment .bss [404020, 404050)
  Stopping scan at 40404c
Looking for cross-references in segment extern [404050, 404070)
  Stopping scan at 40406c
Looking for thunks
  Found thunk for printf targeting 404058 at 401030
  Found thunk for __isoc99_scanf targeting 404060 at 401040
Looking for external symbols
  Function at 401030 is the external function printf
  Function at 401040 is the external function __isoc99_scanf
  Function at 404050 is the external function __libc_start_main
  Function at 404058 is the external function printf
  Function at 404060 is the external function __isoc99_scanf
  Function at 404068 is the external function __gmon_start__
Looking for entrypoints
Recovering .init_proc at 401000
  Analysing subroutine .init_proc at 401000
    Block head at 0040101b is not code.
  Subroutine .init_proc at 401000 has 3 blocks
  BB: 401000 in func 401000 with 5 insts
    Referenced by data
    I: 401000
    I: 401004
    I: 401008 (mem 403fe0)
    I: 40100f
    I: 401012 (flow 401016)
      Successors: 401014, 401016
  BB: 401014 in func 401000 with 1 insts
    I: 401014
      Successors: 401016
  BB: 401016 in func 401000 with 2 insts
    I: 401016
    I: 40101a
      No successors
Recovering 401020
  Analysing subroutine sub_401020 at 401020
  WARNING: No table entries for indirect jump at 401026; Adding next_ea 40102c as successor.
  Subroutine sub_401020 at 401020 has 2 blocks
  WARNING: No table entries for indirect jump at 401026; Adding next_ea 40102c as successor.
  BB: 401020 in func 401020 with 2 insts
    I: 401020 (mem 403ff0)
    I: 401026 (mem 403ff8)
      Successors: 40102c
  BB: 40102c in func 401020 with 1 insts
    I: 40102c
      No successors
Recovering start at 401050
  Analysing subroutine start at 401050
  Subroutine start at 401050 has 3 blocks
  BB: 401050 in func 401050 with 13 insts
    Referenced by data
    I: 401050
    I: 401054
    I: 401056
    I: 401059
    I: 40105a
    I: 40105d
    I: 401061
    I: 401062
    I: 401063
    I: 401066
    I: 401068 (imm 401140)
    I: 40106f (mem 403fd8)
    I: 401075
      No successors
  BB: 401085 in func 401050 with 2 insts
    I: 401085
    I: 40108f
      No successors
  BB: 401076 in func 401050 with 3 insts
    I: 401076
    I: 401080
    I: 401084
      No successors
Recovering 401090
  Analysing subroutine sub_401090 at 401090
  WARNING: No table entries for indirect jump at 4010ac; Adding next_ea 4010ae as successor.
  WARNING: No table entries for indirect jump at 4010ee; Adding next_ea 4010f0 as successor.
  Subroutine sub_401090 at 401090 has 11 blocks
  BB: 4010c0 in func 401090 with 8 insts
    I: 4010c0 (imm 404020)
    I: 4010c5 (imm 404020)
    I: 4010cc
    I: 4010cf
    I: 4010d3
    I: 4010d7
    I: 4010da
    I: 4010dd (flow 4010f0)
      Successors: 4010f0, 4010df
  WARNING: No table entries for indirect jump at 4010ac; Adding next_ea 4010ae as successor.
  BB: 4010a7 in func 401090 with 2 insts
    I: 4010a7 (imm 404020)
    I: 4010ac
      Successors: 4010ae
  WARNING: No table entries for indirect jump at 4010ee; Adding next_ea 4010f0 as successor.
  BB: 4010e9 in func 401090 with 2 insts
    I: 4010e9 (imm 404020)
    I: 4010ee
      Successors: 4010f0
  BB: 4010ae in func 401090 with 1 insts
    I: 4010ae
      Successors: 4010b0
  BB: 401090 in func 401090 with 3 insts
    I: 401090 (imm 404020)
    I: 401095 (imm 404020)
    I: 40109b (flow 4010b0)
      Successors: 4010b0, 40109d
  BB: 4010b0 in func 401090 with 1 insts
    I: 4010b0
      No successors
  BB: 4010b1 in func 401090 with 2 insts
    I: 4010b1
    I: 4010b5
      Successors: 4010c0
  BB: 4010f0 in func 401090 with 1 insts
    I: 4010f0
      No successors
  BB: 4010f1 in func 401090 with 2 insts
    I: 4010f1
    I: 4010f5
      No successors
  BB: 40109d in func 401090 with 3 insts
    I: 40109d
    I: 4010a2
    I: 4010a5 (flow 4010b0)
      Successors: 4010b0, 4010a7
  BB: 4010df in func 401090 with 3 insts
    I: 4010df
    I: 4010e4
    I: 4010e7 (flow 4010f0)
      Successors: 4010f0, 4010e9
Recovering 401100
  Analysing subroutine sub_401100 at 401100
  Subroutine sub_401100 at 401100 has 5 blocks
  BB: 401100 in func 401100 with 3 insts
    Referenced by data
    I: 401100
    I: 401104 (mem 404020)
    I: 40110b (flow 401120)
      Successors: 401120, 40110d
  BB: 401121 in func 401100 with 2 insts
    I: 401121
    I: 401125
      No successors
  BB: 401120 in func 401100 with 1 insts
    I: 401120
      No successors
  BB: 40110d in func 401100 with 6 insts
    I: 40110d
    I: 40110e
    I: 401111 (flow 401090)
    I: 401116 (mem 404020)
    I: 40111d
    I: 40111e
      No successors
  BB: 40111f in func 401100 with 1 insts
    I: 40111f
      Successors: 401120
Recovering 401130
  Analysing subroutine sub_401130 at 401130
  WARNING: No table entries for indirect jump at 4010ee; Adding next_ea 4010f0 as successor.
  Subroutine sub_401130 at 401130 has 6 blocks
  BB: 4010c0 in func 401130 with 8 insts
    I: 4010c0 (imm 404020)
    I: 4010c5 (imm 404020)
    I: 4010cc
    I: 4010cf
    I: 4010d3
    I: 4010d7
    I: 4010da
    I: 4010dd (flow 4010f0)
      Successors: 4010f0, 4010df
  WARNING: No table entries for indirect jump at 4010ee; Adding next_ea 4010f0 as successor.
  BB: 4010e9 in func 401130 with 2 insts
    I: 4010e9 (imm 404020)
    I: 4010ee
      Successors: 4010f0
  BB: 401130 in func 401130 with 2 insts
    Referenced by data
    I: 401130
    I: 401134 (flow 4010c0)
      Successors: 4010c0
  BB: 4010f0 in func 401130 with 1 insts
    I: 4010f0
      No successors
  BB: 401136 in func 401130 with 1 insts
    I: 401136
      No successors
  BB: 4010df in func 401130 with 3 insts
    I: 4010df
    I: 4010e4
    I: 4010e7 (flow 4010f0)
      Successors: 4010f0, 4010e9
Recovering main at 401140
  Analysing subroutine main at 401140
  Subroutine main at 401140 has 26 blocks
  BB: 401483 in func 401140 with 1 insts
    I: 401483 (flow 40117a)
      Successors: 40117a
  BB: 401384 in func 401140 with 36 insts
    I: 401384 (imm 404034)
    I: 40138b
    I: 40138d (imm 404040)
    I: 401394
    I: 401396
    I: 401398
    I: 40139b
    I: 40139d
    I: 40139f
    I: 4013a2
    I: 4013a5
    I: 4013a8
    I: 4013ac
    I: 4013af
    I: 4013b3
    I: 4013b6
    I: 4013b9
    I: 4013bc
    I: 4013c0
    I: 4013c2
    I: 4013c5
    I: 4013c7
    I: 4013c9
    I: 4013cc
    I: 4013cf
    I: 4013d3
    I: 4013d6
    I: 4013d9
    I: 4013dc
    I: 4013df
    I: 4013e2
    I: 4013e5
    I: 4013e8
    I: 4013ea
    I: 4013ec
    I: 4013ee (flow 4013f9)
      Successors: 4013f9, 4013f4
  BB: 401205 in func 401140 with 1 insts
    I: 401205 (flow 401495)
      Successors: 401495
  BB: 401488 in func 401140 with 1 insts
    I: 401488 (flow 40114f)
      Successors: 40114f
  BB: 40120a in func 401140 with 3 insts
    I: 40120a
    I: 40120d
    I: 40120f (flow 40121a)
      Successors: 40121a, 401215
  BB: 40128a in func 401140 with 1 insts
    I: 40128a (flow 40149a)
      Successors: 40149a
  BB: 40148d in func 401140 with 4 insts
    I: 40148d
    I: 40148f
    I: 401493
    I: 401494
      No successors
  BB: 40128f in func 401140 with 60 insts
    I: 40128f (imm 402004)
    I: 401299
    I: 40129d
    I: 4012a1
    I: 4012a5
    I: 4012a9
    I: 4012ad
    I: 4012b1
    I: 4012b5
    I: 4012b9
    I: 4012bd
    I: 4012c2
    I: 4012c7
    I: 4012c9 (flow 404060)
    I: 4012ce
    I: 4012d1
    I: 4012d4
    I: 4012d7
    I: 4012da
    I: 4012de
    I: 4012e2
    I: 4012e6
    I: 4012e9
    I: 4012ed
    I: 4012f1 (flow 401560)
    I: 4012f6
    I: 4012fa
    I: 4012fe
    I: 401302
    I: 401306
    I: 40130a
    I: 40130e
    I: 401312 (flow 4016a0)
    I: 401317
    I: 40131a
    I: 40131d
    I: 401320
    I: 401324 (imm 402015)
    I: 40132e
    I: 401330 (flow 404058)
    I: 401335 (imm 404034)
    I: 40133c
    I: 40133e (imm 404040)
    I: 401345
    I: 401347
    I: 401349
    I: 40134f
    I: 401352
    I: 401358
    I: 40135b
    I: 40135e
    I: 401361
    I: 401364
    I: 401367
    I: 40136a
    I: 40136c
    I: 40136e
    I: 401370
    I: 401372
    I: 401374 (flow 40137f)
      Successors: 40137a, 40137f
  BB: 401215 in func 401140 with 1 insts
    I: 401215 (flow 401488)
      Successors: 401488
  BB: 401495 in func 401140 with 1 insts
    I: 401495 (flow 4011bc)
      Successors: 4011bc
  BB: 40149a in func 401140 with 41 insts
    I: 40149a (imm 402004)
    I: 4014a4
    I: 4014a8
    I: 4014ac
    I: 4014b0
    I: 4014b4
    I: 4014b8
    I: 4014bc
    I: 4014c0
    I: 4014c4
    I: 4014c8
    I: 4014cd
    I: 4014d2
    I: 4014d4 (flow 404060)
    I: 4014d9
    I: 4014dc
    I: 4014df
    I: 4014e2
    I: 4014e5
    I: 4014e9
    I: 4014ed
    I: 4014f1
    I: 4014f4
    I: 4014f8
    I: 4014fc (flow 401560)
    I: 401501
    I: 401505
    I: 401509
    I: 40150d
    I: 401511
    I: 401515
    I: 401519
    I: 40151d (flow 4016a0)
    I: 401522
    I: 401525
    I: 401528
    I: 40152b
    I: 40152f (imm 402015)
    I: 401539
    I: 40153b (flow 404058)
    I: 401540 (flow 40128f)
      Successors: 40128f
  BB: 40121a in func 401140 with 36 insts
    I: 40121a (imm 404034)
    I: 401221
    I: 401223 (imm 404040)
    I: 40122a
    I: 40122c
    I: 40122e
    I: 401231
    I: 401233
    I: 401235
    I: 401238
    I: 40123b
    I: 40123e
    I: 401242
    I: 401245
    I: 401249
    I: 40124c
    I: 40124f
    I: 401252
    I: 401256
    I: 401258
    I: 40125b
    I: 40125d
    I: 40125f
    I: 401262
    I: 401265
    I: 401269
    I: 40126c
    I: 40126f
    I: 401272
    I: 401275
    I: 401278
    I: 40127b
    I: 40127e
    I: 401280
    I: 401282
    I: 401284 (flow 40128f)
      Successors: 40128a, 40128f
  BB: 40147e in func 401140 with 1 insts
    I: 40147e (flow 401545)
      Successors: 401545
  BB: 4011b7 in func 401140 with 1 insts
    I: 4011b7 (flow 401495)
      Successors: 401495
  BB: 4011bc in func 401140 with 24 insts
    I: 4011bc
    I: 4011bf
    I: 4011c2
    I: 4011c5
    I: 4011c8 (imm 404034)
    I: 4011cf
    I: 4011d1 (imm 404040)
    I: 4011d8
    I: 4011da
    I: 4011dc
    I: 4011df
    I: 4011e1
    I: 4011e3
    I: 4011e6
    I: 4011e9
    I: 4011ec
    I: 4011ef
    I: 4011f2
    I: 4011f5
    I: 4011f7
    I: 4011f9
    I: 4011fb
    I: 4011fd
    I: 4011ff (flow 40120a)
      Successors: 40120a, 401205
  BB: 401140 in func 401140 with 4 insts
    Referenced by data
    I: 401140
    I: 401141
    I: 401144
    I: 401148
      Successors: 40114f
  BB: 401545 in func 401140 with 10 insts
    I: 401545
    I: 401548
    I: 40154a
    I: 40154c
    I: 40154e
    I: 401551
    I: 401553
    I: 401555
    I: 401557
    I: 40155a (flow 4013f9)
      Successors: 4013f9
  BB: 40114f in func 401140 with 6 insts
    I: 40114f (imm 402012)
    I: 401159
    I: 40115d
    I: 40115f (flow 404060)
    I: 401164
    I: 401168 (flow 401173)
      Successors: 401173, 40116e
  BB: 40155f in func 401140 with 1 insts
    I: 40155f
      No successors
  BB: 40116e in func 401140 with 1 insts
    I: 40116e (flow 40148d)
      Successors: 40148d
  BB: 401173 in func 401140 with 1 insts
    I: 401173
      Successors: 40117a
  BB: 4013f4 in func 401140 with 1 insts
    I: 4013f4 (flow 401545)
      Successors: 401545
  BB: 4013f9 in func 401140 with 41 insts
    I: 4013f9
    I: 4013fc
    I: 4013fe
    I: 401401
    I: 401403
    I: 401406 (imm 404034)
    I: 40140d
    I: 40140f (imm 404040)
    I: 401416
    I: 401418
    I: 40141a
    I: 401420
    I: 401423
    I: 401429
    I: 40142c
    I: 40142f
    I: 401432
    I: 401436
    I: 401439
    I: 40143d
    I: 401440
    I: 401443
    I: 401446
    I: 40144a
    I: 40144c
    I: 40144f
    I: 401451
    I: 401453
    I: 401456
    I: 401459
    I: 40145d
    I: 401460
    I: 401463
    I: 401466
    I: 401469
    I: 40146c
    I: 40146f
    I: 401472
    I: 401474
    I: 401476
    I: 401478 (flow 401483)
      Successors: 401483, 40147e
  BB: 40117a in func 401140 with 20 insts
    I: 40117a (imm 404034)
    I: 401181
    I: 401183 (imm 404040)
    I: 40118a
    I: 40118c
    I: 40118e
    I: 401191
    I: 401193
    I: 401195
    I: 401198
    I: 40119b
    I: 40119e
    I: 4011a1
    I: 4011a4
    I: 4011a7
    I: 4011a9
    I: 4011ab
    I: 4011ad
    I: 4011af
    I: 4011b1 (flow 4011bc)
      Successors: 4011bc, 4011b7
  BB: 40137a in func 401140 with 1 insts
    I: 40137a (flow 40149a)
      Successors: 40149a
  BB: 40137f in func 401140 with 1 insts
    I: 40137f (flow 401384)
      Successors: 401384
Recovering 401560
  Analysing subroutine sub_401560 at 401560
  Subroutine sub_401560 at 401560 has 2 blocks
  BB: 401560 in func 401560 with 92 insts
    I: 401560
    I: 401561
    I: 401564
    I: 401567
    I: 40156a
    I: 40156d
    I: 401570
    I: 401573
    I: 401576
    I: 40157a
    I: 40157e
    I: 401581
    I: 401585
    I: 401588
    I: 40158c
    I: 40158e
    I: 401590
    I: 401592
    I: 401595
    I: 401599
    I: 40159e
    I: 4015a0
    I: 4015a5
    I: 4015a8
    I: 4015ac
    I: 4015b1
    I: 4015b3
    I: 4015b8 (mem 404024)
    I: 4015bf
    I: 4015c2
    I: 4015c6
    I: 4015c9
    I: 4015cd
    I: 4015d2
    I: 4015d4
    I: 4015d9
    I: 4015dc
    I: 4015e0
    I: 4015e5
    I: 4015e7
    I: 4015ec
    I: 4015ef
    I: 4015f3
    I: 4015f8
    I: 4015fa
    I: 4015ff (mem 404028)
    I: 401606
    I: 401609
    I: 40160d
    I: 401610
    I: 401614
    I: 401619
    I: 40161b
    I: 401620
    I: 401623
    I: 401627
    I: 40162c
    I: 40162e
    I: 401633
    I: 401636
    I: 40163a
    I: 40163c
    I: 40163e
    I: 401640
    I: 401642
    I: 401644
    I: 401646
    I: 401648 (mem 40402c)
    I: 40164f
    I: 401652
    I: 401656
    I: 401659
    I: 40165d
    I: 40165f
    I: 401661
    I: 401663
    I: 401666
    I: 40166a
    I: 40166f
    I: 401671
    I: 401676
    I: 401679
    I: 40167d
    I: 40167f
    I: 401681
    I: 401683
    I: 401685
    I: 401687
    I: 401689
    I: 40168b (mem 404030)
    I: 401692
    I: 401693
      No successors
  BB: 401694 in func 401560 with 2 insts
    I: 401694
    I: 40169e
      No successors
Recovering 4016a0
  Analysing subroutine sub_4016A0 at 4016a0
    Block head at 004016ea is not code.
  Subroutine sub_4016A0 at 4016a0 has 1 blocks
  BB: 4016a0 in func 4016a0 with 20 insts
    I: 4016a0
    I: 4016a1
    I: 4016a4
    I: 4016a8
    I: 4016ac
    I: 4016b0
    I: 4016b4 (mem 404024)
    I: 4016bb
    I: 4016bf
    I: 4016c1 (mem 404028)
    I: 4016c8
    I: 4016cc
    I: 4016ce (mem 40402c)
    I: 4016d5
    I: 4016d9
    I: 4016db (mem 404030)
    I: 4016e2
    I: 4016e6
    I: 4016e8
    I: 4016e9
      No successors
Recovering .term_proc at 4016ec
  Analysing subroutine .term_proc at 4016ec
    Block head at 004016f9 is not code.
  Subroutine .term_proc at 4016ec has 1 blocks
  BB: 4016ec in func 4016ec with 4 insts
    I: 4016ec
    I: 4016f0
    I: 4016f4
    I: 4016f8
      No successors
Global Variable None
WARNING: Global constructor and destructor sections are adjacent!
Recovering region LOAD [400000, 4004e8) in segment LOAD
  8-byte reference at 400018 to 401050 (start)
  8-byte reference at 4000f8 to 401000 (.init_proc)
  8-byte reference at 400130 to 402000 ()
  8-byte reference at 400168 to 403de8 ()
  8-byte reference at 400280 to 402024 ()
  8-byte reference at 4002f0 to 403de8 ()
Recovering region .init [401000, 40101b) in segment .init
Recovering region LOAD [40101b, 401020) in segment LOAD
Recovering region .plt [401020, 401050) in segment .plt
Recovering region .text [401050, 4016ea) in segment .text
Recovering region LOAD [4016ea, 4016ec) in segment LOAD
Recovering region .fini [4016ec, 4016f9) in segment .fini
Recovering region .rodata [402000, 402022) in segment .rodata
  Variable aDDDDDDDD at 402004
  Variable format at 402015
Recovering region LOAD [402022, 402024) in segment LOAD
Recovering region .eh_frame_hdr [402024, 402060) in segment .eh_frame_hdr
Recovering region .eh_frame [402060, 402130) in segment .eh_frame
Recovering region LOAD [402130, 402170) in segment LOAD
Recovering region .init_array [403de8, 403df8) in segment .init_array
  8-byte reference at 403de8 to 401130 ()
  8-byte reference at 403df0 to 401100 ()
Recovering region LOAD [403df8, 403fd8) in segment LOAD
Recovering region .got [403fd8, 403fe8) in segment .got
  8-byte reference at 403fd8 to 404050 (__libc_start_main)
  8-byte reference at 403fe0 to 404068 (__gmon_start__)
Recovering region .got.plt [403fe8, 404010) in segment .got.plt
  8-byte reference at 404000 to 404058 (printf)
  8-byte reference at 404008 to 404060 (__isoc99_scanf)
Recovering region .data [404010, 404020) in segment .data
Recovering region .bss [404020, 404050) in segment .bss
Recovering extern function printf at 401030
Recovering extern function __isoc99_scanf at 401040
Recovering extern function __libc_start_main at 404050
Recovering extern function printf at 404058
Recovering extern function __isoc99_scanf at 404060
Recovering extern function __gmon_start__ at 404068
Recovered 10 functions.
Saving to: /home/ubuntu/capstone_project/result/pipeline_20260629_141746/s241954296_bcf_instsub.cfg
Done analysis!
