Debugging is enabled.
Loading Standard Definitions file: /home/ubuntu/capstone_project/dependency/mcsema/mcsema/lib/python3/site-packages/mcsema_disass-3.1.3.8-py3.8.egg/mcsema_disass/defs/linux.txt
Using Batch mode.
Starting analysis
Recovering module s241954296_instsub.elf
Found main at 401140
Looking for instructions in segment .init
  Default block heads for function 401000 with loose bounds [401000, 40101b)
    block [401000, 401014)
    block [401014, 401016)
    block [401016, 40101b)
    chunk [401000, 40101b)
Looking for instructions in segment .plt
  Default block heads for function 401020 with loose bounds [401020, 40102c)
    block [401020, 40102c)
    chunk [401020, 40102c)
  Default block heads for function 401030 with loose bounds [401030, 401036)
    block [401030, 401036)
    chunk [401030, 401036)
  Default block heads for function 401040 with loose bounds [401040, 401046)
    block [401040, 401046)
    chunk [401040, 401046)
Looking for instructions in segment .text
  Default block heads for function 401050 with loose bounds [401050, 401076)
    block [401050, 401076)
    chunk [401050, 401076)
  Default block heads for function 401090 with loose bounds [401090, 4010b1)
    block [401090, 40109d)
    block [40109d, 4010a7)
    block [4010a7, 4010ae)
    block [4010b0, 4010b1)
    chunk [401090, 4010b1)
  Default block heads for function 401100 with loose bounds [401100, 401121)
    block [401100, 40110d)
    block [40110d, 40111f)
    block [401120, 401121)
    chunk [401100, 401121)
  Default block heads for function 401130 with loose bounds [401130, 401136)
    block [401130, 401136)
    chunk [401130, 401136)
    chunk [4010c0, 4010f1)
  Default block heads for function 401140 with loose bounds [401140, 40124b)
    block [401140, 40114f)
    block [40114f, 40116e)
    block [40116e, 401173)
    block [401173, 40117a)
    block [40117a, 401186)
    block [401186, 40123e)
    block [40123e, 401243)
    block [401243, 40124b)
    chunk [401140, 40124b)
  Default block heads for function 401250 with loose bounds [401250, 401384)
    block [401250, 401384)
    chunk [401250, 401384)
  Default block heads for function 401390 with loose bounds [401390, 4013da)
    block [401390, 4013da)
    chunk [401390, 4013da)
Looking for instructions in segment .fini
  Default block heads for function 4013dc with loose bounds [4013dc, 4013e9)
    block [4013dc, 4013e9)
    chunk [4013dc, 4013e9)
Looking for strings in segment .rodata [402000, 402022)
  Found string b'%d%d%d%d%d%d%d%d' of length 17 at 402004, jumping to 402015
  Found string b'%d %d %d %d\n' of length 13 at 402015, jumping to 402022
Looking for strings in segment .eh_frame_hdr [402024, 402060)
Looking for strings in segment .eh_frame [402060, 40212c)
Looking for strings in segment .init_array [403de8, 403df0)
Looking for strings in segment .fini_array [403df0, 403df8)
Looking for strings in segment .got [403fd8, 403fe8)
Looking for strings in segment .got.plt [403fe8, 404010)
Looking for strings in segment .data [404010, 404020)
Looking for strings in segment .bss [404020, 404038)
Looking for strings in segment extern [404038, 404058)
Looking for cross-references in segment .init [401000, 40101b)
Looking for cross-references in segment .plt [401020, 401050)
  Stopping scan at 40102c
Looking for cross-references in segment .text [401050, 4013da)
  Stopping scan at 40107c
  Stopping scan at 40108c
  Stopping scan at ffffffffffffffff
  Stopping scan at 4010bc
  Stopping scan at 4010fc
  Stopping scan at ffffffffffffffff
  Stopping scan at 40112c
  Stopping scan at 40113c
  Stopping scan at 40124c
  Stopping scan at 40138c
Looking for cross-references in segment .fini [4013dc, 4013e9)
Looking for cross-references in segment .rodata [402000, 402022)
  Found string at 402004, jumping to 402015
  Found string at 402015, jumping to 402022
  Stopping scan at 402015
Looking for cross-references in segment .eh_frame_hdr [402024, 402060)
  Stopping scan at 40205c
Looking for cross-references in segment .eh_frame [402060, 40212c)
  Stopping scan at 402128
Looking for cross-references in segment .init_array [403de8, 403df0)
  Adding qword reference from 403de8 to 401130
  Stopping scan at 403de8
Looking for cross-references in segment .fini_array [403df0, 403df8)
  Adding qword reference from 403df0 to 401100
  Stopping scan at 403df0
Looking for cross-references in segment .got [403fd8, 403fe8)
  Adding qword reference from 403fd8 to 404038
  Adding qword reference from 403fe0 to 404050
  Stopping scan at 403fe0
Looking for cross-references in segment .got.plt [403fe8, 404010)
  Adding qword reference from 404000 to 404040
  Adding qword reference from 404008 to 404048
  Stopping scan at 404008
Looking for cross-references in segment .data [404010, 404020)
  Stopping scan at 40401c
Looking for cross-references in segment .bss [404020, 404038)
  Stopping scan at 404034
Looking for cross-references in segment extern [404038, 404058)
  Stopping scan at 404054
Looking for thunks
  Found thunk for printf targeting 404040 at 401030
  Found thunk for __isoc99_scanf targeting 404048 at 401040
Looking for external symbols
  Function at 401030 is the external function printf
  Function at 401040 is the external function __isoc99_scanf
  Function at 404038 is the external function __libc_start_main
  Function at 404040 is the external function printf
  Function at 404048 is the external function __isoc99_scanf
  Function at 404050 is the external function __gmon_start__
Looking for entrypoints
Recovering .init_proc at 401000
  Analysing subroutine .init_proc at 401000
    Block head at 0040101b is not code.
  Subroutine .init_proc at 401000 has 3 blocks
  BB: 401000 in func 401000 with 5 insts
    Referenced by data
    I: 401000
    I: 401004
    I: 401008 (mem 403fe0)
    I: 40100f
    I: 401012 (flow 401016)
      Successors: 401014, 401016
  BB: 401014 in func 401000 with 1 insts
    I: 401014
      Successors: 401016
  BB: 401016 in func 401000 with 2 insts
    I: 401016
    I: 40101a
      No successors
Recovering 401020
  Analysing subroutine sub_401020 at 401020
  WARNING: No table entries for indirect jump at 401026; Adding next_ea 40102c as successor.
  Subroutine sub_401020 at 401020 has 2 blocks
  WARNING: No table entries for indirect jump at 401026; Adding next_ea 40102c as successor.
  BB: 401020 in func 401020 with 2 insts
    I: 401020 (mem 403ff0)
    I: 401026 (mem 403ff8)
      Successors: 40102c
  BB: 40102c in func 401020 with 1 insts
    I: 40102c
      No successors
Recovering start at 401050
  Analysing subroutine start at 401050
  Subroutine start at 401050 has 3 blocks
  BB: 401050 in func 401050 with 13 insts
    Referenced by data
    I: 401050
    I: 401054
    I: 401056
    I: 401059
    I: 40105a
    I: 40105d
    I: 401061
    I: 401062
    I: 401063
    I: 401066
    I: 401068 (imm 401140)
    I: 40106f (mem 403fd8)
    I: 401075
      No successors
  BB: 401085 in func 401050 with 2 insts
    I: 401085
    I: 40108f
      No successors
  BB: 401076 in func 401050 with 3 insts
    I: 401076
    I: 401080
    I: 401084
      No successors
Recovering 401090
  Analysing subroutine sub_401090 at 401090
  WARNING: No table entries for indirect jump at 4010ac; Adding next_ea 4010ae as successor.
  WARNING: No table entries for indirect jump at 4010ee; Adding next_ea 4010f0 as successor.
  Subroutine sub_401090 at 401090 has 11 blocks
  BB: 4010c0 in func 401090 with 8 insts
    I: 4010c0 (imm 404020)
    I: 4010c5 (imm 404020)
    I: 4010cc
    I: 4010cf
    I: 4010d3
    I: 4010d7
    I: 4010da
    I: 4010dd (flow 4010f0)
      Successors: 4010f0, 4010df
  WARNING: No table entries for indirect jump at 4010ac; Adding next_ea 4010ae as successor.
  BB: 4010a7 in func 401090 with 2 insts
    I: 4010a7 (imm 404020)
    I: 4010ac
      Successors: 4010ae
  WARNING: No table entries for indirect jump at 4010ee; Adding next_ea 4010f0 as successor.
  BB: 4010e9 in func 401090 with 2 insts
    I: 4010e9 (imm 404020)
    I: 4010ee
      Successors: 4010f0
  BB: 4010ae in func 401090 with 1 insts
    I: 4010ae
      Successors: 4010b0
  BB: 401090 in func 401090 with 3 insts
    I: 401090 (imm 404020)
    I: 401095 (imm 404020)
    I: 40109b (flow 4010b0)
      Successors: 4010b0, 40109d
  BB: 4010b0 in func 401090 with 1 insts
    I: 4010b0
      No successors
  BB: 4010b1 in func 401090 with 2 insts
    I: 4010b1
    I: 4010b5
      Successors: 4010c0
  BB: 4010f0 in func 401090 with 1 insts
    I: 4010f0
      No successors
  BB: 4010f1 in func 401090 with 2 insts
    I: 4010f1
    I: 4010f5
      No successors
  BB: 40109d in func 401090 with 3 insts
    I: 40109d
    I: 4010a2
    I: 4010a5 (flow 4010b0)
      Successors: 4010b0, 4010a7
  BB: 4010df in func 401090 with 3 insts
    I: 4010df
    I: 4010e4
    I: 4010e7 (flow 4010f0)
      Successors: 4010f0, 4010e9
Recovering 401100
  Analysing subroutine sub_401100 at 401100
  Subroutine sub_401100 at 401100 has 5 blocks
  BB: 401100 in func 401100 with 3 insts
    Referenced by data
    I: 401100
    I: 401104 (mem 404020)
    I: 40110b (flow 401120)
      Successors: 401120, 40110d
  BB: 401121 in func 401100 with 2 insts
    I: 401121
    I: 401125
      No successors
  BB: 401120 in func 401100 with 1 insts
    I: 401120
      No successors
  BB: 40110d in func 401100 with 6 insts
    I: 40110d
    I: 40110e
    I: 401111 (flow 401090)
    I: 401116 (mem 404020)
    I: 40111d
    I: 40111e
      No successors
  BB: 40111f in func 401100 with 1 insts
    I: 40111f
      Successors: 401120
Recovering 401130
  Analysing subroutine sub_401130 at 401130
  WARNING: No table entries for indirect jump at 4010ee; Adding next_ea 4010f0 as successor.
  Subroutine sub_401130 at 401130 has 6 blocks
  BB: 4010c0 in func 401130 with 8 insts
    I: 4010c0 (imm 404020)
    I: 4010c5 (imm 404020)
    I: 4010cc
    I: 4010cf
    I: 4010d3
    I: 4010d7
    I: 4010da
    I: 4010dd (flow 4010f0)
      Successors: 4010f0, 4010df
  WARNING: No table entries for indirect jump at 4010ee; Adding next_ea 4010f0 as successor.
  BB: 4010e9 in func 401130 with 2 insts
    I: 4010e9 (imm 404020)
    I: 4010ee
      Successors: 4010f0
  BB: 401130 in func 401130 with 2 insts
    Referenced by data
    I: 401130
    I: 401134 (flow 4010c0)
      Successors: 4010c0
  BB: 4010f0 in func 401130 with 1 insts
    I: 4010f0
      No successors
  BB: 401136 in func 401130 with 1 insts
    I: 401136
      No successors
  BB: 4010df in func 401130 with 3 insts
    I: 4010df
    I: 4010e4
    I: 4010e7 (flow 4010f0)
      Successors: 4010f0, 4010e9
Recovering main at 401140
  Analysing subroutine main at 401140
  Subroutine main at 401140 has 9 blocks
  BB: 401140 in func 401140 with 4 insts
    Referenced by data
    I: 401140
    I: 401141
    I: 401144
    I: 401148
      Successors: 40114f
  BB: 401243 in func 401140 with 4 insts
    I: 401243
    I: 401245
    I: 401249
    I: 40124a
      No successors
  BB: 401186 in func 401140 with 46 insts
    I: 401186 (imm 402004)
    I: 401190
    I: 401194
    I: 401198
    I: 40119c
    I: 4011a0
    I: 4011a4
    I: 4011a8
    I: 4011ac
    I: 4011b0
    I: 4011b4
    I: 4011b9
    I: 4011be
    I: 4011c0 (flow 404048)
    I: 4011c5
    I: 4011c8
    I: 4011cb
    I: 4011ce
    I: 4011d1
    I: 4011d5
    I: 4011d9
    I: 4011dd
    I: 4011e0
    I: 4011e4
    I: 4011e8 (flow 401250)
    I: 4011ed
    I: 4011f1
    I: 4011f5
    I: 4011f9
    I: 4011fd
    I: 401201
    I: 401205
    I: 401209 (flow 401390)
    I: 40120e
    I: 401211
    I: 401214
    I: 401217
    I: 40121b (imm 402015)
    I: 401225
    I: 401227 (flow 404040)
    I: 40122c
    I: 40122f
    I: 401231
    I: 401234
    I: 401236
    I: 401239 (flow 40117a)
      Successors: 40117a
  BB: 40124b in func 401140 with 1 insts
    I: 40124b
      No successors
  BB: 40116e in func 401140 with 1 insts
    I: 40116e (flow 401243)
      Successors: 401243
  BB: 40114f in func 401140 with 6 insts
    I: 40114f (imm 402012)
    I: 401159
    I: 40115d
    I: 40115f (flow 404048)
    I: 401164
    I: 401168 (flow 401173)
      Successors: 401173, 40116e
  BB: 401173 in func 401140 with 1 insts
    I: 401173
      Successors: 40117a
  BB: 40117a in func 401140 with 3 insts
    I: 40117a
    I: 40117d
    I: 401180 (flow 40123e)
      Successors: 40123e, 401186
  BB: 40123e in func 401140 with 1 insts
    I: 40123e (flow 40114f)
      Successors: 40114f
Recovering 401250
  Analysing subroutine sub_401250 at 401250
  Subroutine sub_401250 at 401250 has 2 blocks
  BB: 401250 in func 401250 with 92 insts
    I: 401250
    I: 401251
    I: 401254
    I: 401257
    I: 40125a
    I: 40125d
    I: 401260
    I: 401263
    I: 401266
    I: 40126a
    I: 40126e
    I: 401271
    I: 401275
    I: 401278
    I: 40127c
    I: 401281
    I: 401283
    I: 401288
    I: 40128b
    I: 40128f
    I: 401291
    I: 401293
    I: 401295
    I: 401298
    I: 40129c
    I: 4012a1
    I: 4012a3
    I: 4012a8 (mem 404024)
    I: 4012af
    I: 4012b2
    I: 4012b6
    I: 4012b9
    I: 4012bd
    I: 4012c2
    I: 4012c4
    I: 4012c9
    I: 4012cc
    I: 4012d0
    I: 4012d2
    I: 4012d4
    I: 4012d6
    I: 4012d8
    I: 4012da
    I: 4012dc
    I: 4012de
    I: 4012e1
    I: 4012e5
    I: 4012e7
    I: 4012e9
    I: 4012eb (mem 404028)
    I: 4012f2
    I: 4012f5
    I: 4012f9
    I: 4012fc
    I: 401300
    I: 401305
    I: 401307
    I: 40130c
    I: 40130f
    I: 401313
    I: 401318
    I: 40131a
    I: 40131f
    I: 401322
    I: 401326
    I: 401328
    I: 40132a
    I: 40132c
    I: 40132e
    I: 401330
    I: 401332
    I: 401334 (mem 40402c)
    I: 40133b
    I: 40133e
    I: 401342
    I: 401345
    I: 401349
    I: 40134e
    I: 401350
    I: 401355
    I: 401358
    I: 40135c
    I: 401361
    I: 401363
    I: 401368
    I: 40136b
    I: 40136f
    I: 401374
    I: 401376
    I: 40137b (mem 404030)
    I: 401382
    I: 401383
      No successors
  BB: 401384 in func 401250 with 2 insts
    I: 401384
    I: 40138e
      No successors
Recovering 401390
  Analysing subroutine sub_401390 at 401390
    Block head at 004013da is not code.
  Subroutine sub_401390 at 401390 has 1 blocks
  BB: 401390 in func 401390 with 20 insts
    I: 401390
    I: 401391
    I: 401394
    I: 401398
    I: 40139c
    I: 4013a0
    I: 4013a4 (mem 404024)
    I: 4013ab
    I: 4013af
    I: 4013b1 (mem 404028)
    I: 4013b8
    I: 4013bc
    I: 4013be (mem 40402c)
    I: 4013c5
    I: 4013c9
    I: 4013cb (mem 404030)
    I: 4013d2
    I: 4013d6
    I: 4013d8
    I: 4013d9
      No successors
Recovering .term_proc at 4013dc
  Analysing subroutine .term_proc at 4013dc
    Block head at 004013e9 is not code.
  Subroutine .term_proc at 4013dc has 1 blocks
  BB: 4013dc in func 4013dc with 4 insts
    I: 4013dc
    I: 4013e0
    I: 4013e4
    I: 4013e8
      No successors
Global Variable None
WARNING: Global constructor and destructor sections are adjacent!
Recovering region LOAD [400000, 4004e8) in segment LOAD
  8-byte reference at 400018 to 401050 (start)
  8-byte reference at 4000f8 to 401000 (.init_proc)
  8-byte reference at 400130 to 402000 ()
  8-byte reference at 400168 to 403de8 ()
  8-byte reference at 400280 to 402024 ()
  8-byte reference at 4002f0 to 403de8 ()
Recovering region .init [401000, 40101b) in segment .init
Recovering region LOAD [40101b, 401020) in segment LOAD
Recovering region .plt [401020, 401050) in segment .plt
Recovering region .text [401050, 4013da) in segment .text
Recovering region LOAD [4013da, 4013dc) in segment LOAD
Recovering region .fini [4013dc, 4013e9) in segment .fini
Recovering region .rodata [402000, 402022) in segment .rodata
  Variable aDDDDDDDD at 402004
  Variable format at 402015
Recovering region LOAD [402022, 402024) in segment LOAD
Recovering region .eh_frame_hdr [402024, 402060) in segment .eh_frame_hdr
Recovering region .eh_frame [402060, 40212c) in segment .eh_frame
Recovering region LOAD [40212c, 402170) in segment LOAD
Recovering region .init_array [403de8, 403df8) in segment .init_array
  8-byte reference at 403de8 to 401130 ()
  8-byte reference at 403df0 to 401100 ()
Recovering region LOAD [403df8, 403fd8) in segment LOAD
Recovering region .got [403fd8, 403fe8) in segment .got
  8-byte reference at 403fd8 to 404038 (__libc_start_main)
  8-byte reference at 403fe0 to 404050 (__gmon_start__)
Recovering region .got.plt [403fe8, 404010) in segment .got.plt
  8-byte reference at 404000 to 404040 (printf)
  8-byte reference at 404008 to 404048 (__isoc99_scanf)
Recovering region .data [404010, 404020) in segment .data
Recovering region .bss [404020, 404038) in segment .bss
Recovering extern function printf at 401030
Recovering extern function __isoc99_scanf at 401040
Recovering extern function __libc_start_main at 404038
Recovering extern function printf at 404040
Recovering extern function __isoc99_scanf at 404048
Recovering extern function __gmon_start__ at 404050
Recovered 10 functions.
Saving to: /home/ubuntu/capstone_project/result/pipeline_20260629_141746/s241954296_instsub.cfg
Done analysis!
