Debugging is enabled.
Loading Standard Definitions file: /home/ubuntu/capstone_project/dependency/mcsema/mcsema/lib/python3/site-packages/mcsema_disass-3.1.3.8-py3.8.egg/mcsema_disass/defs/linux.txt
Using Batch mode.
Starting analysis
Recovering module s241954296_fla_instsub.elf
Found main at 401140
Looking for instructions in segment .init
  Default block heads for function 401000 with loose bounds [401000, 40101b)
    block [401000, 401014)
    block [401014, 401016)
    block [401016, 40101b)
    chunk [401000, 40101b)
Looking for instructions in segment .plt
  Default block heads for function 401020 with loose bounds [401020, 40102c)
    block [401020, 40102c)
    chunk [401020, 40102c)
  Default block heads for function 401030 with loose bounds [401030, 401036)
    block [401030, 401036)
    chunk [401030, 401036)
  Default block heads for function 401040 with loose bounds [401040, 401046)
    block [401040, 401046)
    chunk [401040, 401046)
Looking for instructions in segment .text
  Default block heads for function 401050 with loose bounds [401050, 401076)
    block [401050, 401076)
    chunk [401050, 401076)
  Default block heads for function 401090 with loose bounds [401090, 4010b1)
    block [401090, 40109d)
    block [40109d, 4010a7)
    block [4010a7, 4010ae)
    block [4010b0, 4010b1)
    chunk [401090, 4010b1)
  Default block heads for function 401100 with loose bounds [401100, 401121)
    block [401100, 40110d)
    block [40110d, 40111f)
    block [401120, 401121)
    chunk [401100, 401121)
  Default block heads for function 401130 with loose bounds [401130, 401136)
    block [401130, 401136)
    chunk [401130, 401136)
    chunk [4010c0, 4010f1)
  Default block heads for function 401140 with loose bounds [401140, 40134a)
    block [401140, 401156)
    block [401156, 401167)
    block [401167, 40116c)
    block [40116c, 40117a)
    block [40117a, 40117f)
    block [40117f, 40118d)
    block [40118d, 401192)
    block [401192, 4011a0)
    block [4011a0, 4011a5)
    block [4011a5, 4011b3)
    block [4011b3, 4011b8)
    block [4011b8, 4011c6)
    block [4011c6, 4011cb)
    block [4011cb, 4011d9)
    block [4011d9, 4011de)
    block [4011de, 4011ec)
    block [4011ec, 4011f1)
    block [4011f1, 4011f6)
    block [4011f6, 401224)
    block [401224, 401230)
    block [401230, 401243)
    block [401243, 40125e)
    block [40125e, 401310)
    block [401310, 401331)
    block [401331, 40133d)
    block [40133d, 401345)
    block [401345, 40134a)
    chunk [401140, 40134a)
  Default block heads for function 401350 with loose bounds [401350, 401470)
    block [401350, 401470)
    chunk [401350, 401470)
  Default block heads for function 401470 with loose bounds [401470, 4014ba)
    block [401470, 4014ba)
    chunk [401470, 4014ba)
Looking for instructions in segment .fini
  Default block heads for function 4014bc with loose bounds [4014bc, 4014c9)
    block [4014bc, 4014c9)
    chunk [4014bc, 4014c9)
Looking for strings in segment .rodata [402000, 402022)
  Found string b'%d%d%d%d%d%d%d%d' of length 17 at 402004, jumping to 402015
  Found string b'%d %d %d %d\n' of length 13 at 402015, jumping to 402022
Looking for strings in segment .eh_frame_hdr [402024, 402060)
Looking for strings in segment .eh_frame [402060, 402130)
Looking for strings in segment .init_array [403de8, 403df0)
Looking for strings in segment .fini_array [403df0, 403df8)
Looking for strings in segment .got [403fd8, 403fe8)
Looking for strings in segment .got.plt [403fe8, 404010)
Looking for strings in segment .data [404010, 404020)
Looking for strings in segment .bss [404020, 404038)
Looking for strings in segment extern [404038, 404058)
Looking for cross-references in segment .init [401000, 40101b)
Looking for cross-references in segment .plt [401020, 401050)
  Stopping scan at 40102c
Looking for cross-references in segment .text [401050, 4014ba)
  Stopping scan at 40107c
  Stopping scan at 40108c
  Stopping scan at ffffffffffffffff
  Stopping scan at 4010bc
  Stopping scan at 4010fc
  Stopping scan at ffffffffffffffff
  Stopping scan at 40112c
  Stopping scan at 40113c
  Stopping scan at 40134c
Looking for cross-references in segment .fini [4014bc, 4014c9)
Looking for cross-references in segment .rodata [402000, 402022)
  Found string at 402004, jumping to 402015
  Found string at 402015, jumping to 402022
  Stopping scan at 402015
Looking for cross-references in segment .eh_frame_hdr [402024, 402060)
  Stopping scan at 40205c
Looking for cross-references in segment .eh_frame [402060, 402130)
  Stopping scan at 40212c
Looking for cross-references in segment .init_array [403de8, 403df0)
  Adding qword reference from 403de8 to 401130
  Stopping scan at 403de8
Looking for cross-references in segment .fini_array [403df0, 403df8)
  Adding qword reference from 403df0 to 401100
  Stopping scan at 403df0
Looking for cross-references in segment .got [403fd8, 403fe8)
  Adding qword reference from 403fd8 to 404038
  Adding qword reference from 403fe0 to 404050
  Stopping scan at 403fe0
Looking for cross-references in segment .got.plt [403fe8, 404010)
  Adding qword reference from 404000 to 404040
  Adding qword reference from 404008 to 404048
  Stopping scan at 404008
Looking for cross-references in segment .data [404010, 404020)
  Stopping scan at 40401c
Looking for cross-references in segment .bss [404020, 404038)
  Stopping scan at 404034
Looking for cross-references in segment extern [404038, 404058)
  Stopping scan at 404054
Looking for thunks
  Found thunk for printf targeting 404040 at 401030
  Found thunk for __isoc99_scanf targeting 404048 at 401040
Looking for external symbols
  Function at 401030 is the external function printf
  Function at 401040 is the external function __isoc99_scanf
  Function at 404038 is the external function __libc_start_main
  Function at 404040 is the external function printf
  Function at 404048 is the external function __isoc99_scanf
  Function at 404050 is the external function __gmon_start__
Looking for entrypoints
Recovering .init_proc at 401000
  Analysing subroutine .init_proc at 401000
    Block head at 0040101b is not code.
  Subroutine .init_proc at 401000 has 3 blocks
  BB: 401000 in func 401000 with 5 insts
    Referenced by data
    I: 401000
    I: 401004
    I: 401008 (mem 403fe0)
    I: 40100f
    I: 401012 (flow 401016)
      Successors: 401014, 401016
  BB: 401014 in func 401000 with 1 insts
    I: 401014
      Successors: 401016
  BB: 401016 in func 401000 with 2 insts
    I: 401016
    I: 40101a
      No successors
Recovering 401020
  Analysing subroutine sub_401020 at 401020
  WARNING: No table entries for indirect jump at 401026; Adding next_ea 40102c as successor.
  Subroutine sub_401020 at 401020 has 2 blocks
  WARNING: No table entries for indirect jump at 401026; Adding next_ea 40102c as successor.
  BB: 401020 in func 401020 with 2 insts
    I: 401020 (mem 403ff0)
    I: 401026 (mem 403ff8)
      Successors: 40102c
  BB: 40102c in func 401020 with 1 insts
    I: 40102c
      No successors
Recovering start at 401050
  Analysing subroutine start at 401050
  Subroutine start at 401050 has 3 blocks
  BB: 401050 in func 401050 with 13 insts
    Referenced by data
    I: 401050
    I: 401054
    I: 401056
    I: 401059
    I: 40105a
    I: 40105d
    I: 401061
    I: 401062
    I: 401063
    I: 401066
    I: 401068 (imm 401140)
    I: 40106f (mem 403fd8)
    I: 401075
      No successors
  BB: 401085 in func 401050 with 2 insts
    I: 401085
    I: 40108f
      No successors
  BB: 401076 in func 401050 with 3 insts
    I: 401076
    I: 401080
    I: 401084
      No successors
Recovering 401090
  Analysing subroutine sub_401090 at 401090
  WARNING: No table entries for indirect jump at 4010ac; Adding next_ea 4010ae as successor.
  WARNING: No table entries for indirect jump at 4010ee; Adding next_ea 4010f0 as successor.
  Subroutine sub_401090 at 401090 has 11 blocks
  BB: 4010c0 in func 401090 with 8 insts
    I: 4010c0 (imm 404020)
    I: 4010c5 (imm 404020)
    I: 4010cc
    I: 4010cf
    I: 4010d3
    I: 4010d7
    I: 4010da
    I: 4010dd (flow 4010f0)
      Successors: 4010f0, 4010df
  WARNING: No table entries for indirect jump at 4010ac; Adding next_ea 4010ae as successor.
  BB: 4010a7 in func 401090 with 2 insts
    I: 4010a7 (imm 404020)
    I: 4010ac
      Successors: 4010ae
  WARNING: No table entries for indirect jump at 4010ee; Adding next_ea 4010f0 as successor.
  BB: 4010e9 in func 401090 with 2 insts
    I: 4010e9 (imm 404020)
    I: 4010ee
      Successors: 4010f0
  BB: 4010ae in func 401090 with 1 insts
    I: 4010ae
      Successors: 4010b0
  BB: 401090 in func 401090 with 3 insts
    I: 401090 (imm 404020)
    I: 401095 (imm 404020)
    I: 40109b (flow 4010b0)
      Successors: 4010b0, 40109d
  BB: 4010b0 in func 401090 with 1 insts
    I: 4010b0
      No successors
  BB: 4010b1 in func 401090 with 2 insts
    I: 4010b1
    I: 4010b5
      Successors: 4010c0
  BB: 4010f0 in func 401090 with 1 insts
    I: 4010f0
      No successors
  BB: 4010f1 in func 401090 with 2 insts
    I: 4010f1
    I: 4010f5
      No successors
  BB: 40109d in func 401090 with 3 insts
    I: 40109d
    I: 4010a2
    I: 4010a5 (flow 4010b0)
      Successors: 4010b0, 4010a7
  BB: 4010df in func 401090 with 3 insts
    I: 4010df
    I: 4010e4
    I: 4010e7 (flow 4010f0)
      Successors: 4010f0, 4010e9
Recovering 401100
  Analysing subroutine sub_401100 at 401100
  Subroutine sub_401100 at 401100 has 5 blocks
  BB: 401100 in func 401100 with 3 insts
    Referenced by data
    I: 401100
    I: 401104 (mem 404020)
    I: 40110b (flow 401120)
      Successors: 401120, 40110d
  BB: 401121 in func 401100 with 2 insts
    I: 401121
    I: 401125
      No successors
  BB: 401120 in func 401100 with 1 insts
    I: 401120
      No successors
  BB: 40110d in func 401100 with 6 insts
    I: 40110d
    I: 40110e
    I: 401111 (flow 401090)
    I: 401116 (mem 404020)
    I: 40111d
    I: 40111e
      No successors
  BB: 40111f in func 401100 with 1 insts
    I: 40111f
      Successors: 401120
Recovering 401130
  Analysing subroutine sub_401130 at 401130
  WARNING: No table entries for indirect jump at 4010ee; Adding next_ea 4010f0 as successor.
  Subroutine sub_401130 at 401130 has 6 blocks
  BB: 4010c0 in func 401130 with 8 insts
    I: 4010c0 (imm 404020)
    I: 4010c5 (imm 404020)
    I: 4010cc
    I: 4010cf
    I: 4010d3
    I: 4010d7
    I: 4010da
    I: 4010dd (flow 4010f0)
      Successors: 4010f0, 4010df
  WARNING: No table entries for indirect jump at 4010ee; Adding next_ea 4010f0 as successor.
  BB: 4010e9 in func 401130 with 2 insts
    I: 4010e9 (imm 404020)
    I: 4010ee
      Successors: 4010f0
  BB: 401130 in func 401130 with 2 insts
    Referenced by data
    I: 401130
    I: 401134 (flow 4010c0)
      Successors: 4010c0
  BB: 4010f0 in func 401130 with 1 insts
    I: 4010f0
      No successors
  BB: 401136 in func 401130 with 1 insts
    I: 401136
      No successors
  BB: 4010df in func 401130 with 3 insts
    I: 4010df
    I: 4010e4
    I: 4010e7 (flow 4010f0)
      Successors: 4010f0, 4010e9
Recovering main at 401140
  Analysing subroutine main at 401140
  Subroutine main at 401140 has 28 blocks
  BB: 40118d in func 401140 with 1 insts
    I: 40118d (flow 401192)
      Successors: 401192
  BB: 401310 in func 401140 with 11 insts
    I: 401310
    I: 401313
    I: 401315
    I: 401317
    I: 401319
    I: 40131c
    I: 40131e
    I: 401320
    I: 401322
    I: 401325
    I: 40132c (flow 401345)
      Successors: 401345
  BB: 401192 in func 401140 with 3 insts
    I: 401192
    I: 401195
    I: 40119a (flow 4011f6)
      Successors: 4011a0, 4011f6
  BB: 4011a0 in func 401140 with 1 insts
    I: 4011a0 (flow 4011a5)
      Successors: 4011a5
  BB: 401224 in func 401140 with 2 insts
    I: 401224
    I: 40122b (flow 401345)
      Successors: 401345
  BB: 4011a5 in func 401140 with 3 insts
    I: 4011a5
    I: 4011a8
    I: 4011ad (flow 401310)
      Successors: 401310, 4011b3
  BB: 401230 in func 401140 with 3 insts
    I: 401230
    I: 401237
    I: 40123e (flow 401345)
      Successors: 401345
  BB: 401331 in func 401140 with 2 insts
    I: 401331
    I: 401338 (flow 401345)
      Successors: 401345
  BB: 4011b3 in func 401140 with 1 insts
    I: 4011b3 (flow 4011b8)
      Successors: 4011b8
  BB: 4011b8 in func 401140 with 3 insts
    I: 4011b8
    I: 4011bb
    I: 4011c0 (flow 40133d)
      Successors: 40133d, 4011c6
  BB: 40133d in func 401140 with 4 insts
    I: 40133d
    I: 40133f
    I: 401343
    I: 401344
      No successors
  BB: 401140 in func 401140 with 5 insts
    Referenced by data
    I: 401140
    I: 401141
    I: 401144
    I: 401148
    I: 40114f
      Successors: 401156
  BB: 401243 in func 401140 with 7 insts
    I: 401243
    I: 401246
    I: 40124b
    I: 401250
    I: 401253
    I: 401256
    I: 401259 (flow 401345)
      Successors: 401345
  BB: 401345 in func 401140 with 1 insts
    I: 401345 (flow 401156)
      Successors: 401156
  BB: 4011c6 in func 401140 with 1 insts
    I: 4011c6 (flow 4011cb)
      Successors: 4011cb
  BB: 40134a in func 401140 with 1 insts
    I: 40134a
      No successors
  BB: 4011cb in func 401140 with 3 insts
    I: 4011cb
    I: 4011ce
    I: 4011d3 (flow 401243)
      Successors: 4011d9, 401243
  BB: 401156 in func 401140 with 4 insts
    I: 401156
    I: 401159
    I: 40115c
    I: 401161 (flow 401230)
      Successors: 401230, 401167
  BB: 4011d9 in func 401140 with 1 insts
    I: 4011d9 (flow 4011de)
      Successors: 4011de
  BB: 4011de in func 401140 with 3 insts
    I: 4011de
    I: 4011e1
    I: 4011e6 (flow 40125e)
      Successors: 4011ec, 40125e
  BB: 40125e in func 401140 with 42 insts
    I: 40125e (imm 402004)
    I: 401268
    I: 40126c
    I: 401270
    I: 401274
    I: 401278
    I: 40127c
    I: 401280
    I: 401284
    I: 401288
    I: 40128c
    I: 401291
    I: 401296
    I: 401298 (flow 404048)
    I: 40129d
    I: 4012a0
    I: 4012a3
    I: 4012a6
    I: 4012a9
    I: 4012ad
    I: 4012b1
    I: 4012b5
    I: 4012b8
    I: 4012bc
    I: 4012c0 (flow 401350)
    I: 4012c5
    I: 4012c9
    I: 4012cd
    I: 4012d1
    I: 4012d5
    I: 4012d9
    I: 4012dd
    I: 4012e1 (flow 401470)
    I: 4012e6
    I: 4012e9
    I: 4012ec
    I: 4012ef
    I: 4012f3 (imm 402015)
    I: 4012fd
    I: 4012ff (flow 404040)
    I: 401304
    I: 40130b (flow 401345)
      Successors: 401345
  BB: 401167 in func 401140 with 1 insts
    I: 401167 (flow 40116c)
      Successors: 40116c
  BB: 40116c in func 401140 with 3 insts
    I: 40116c
    I: 40116f
    I: 401174 (flow 401331)
      Successors: 401331, 40117a
  BB: 4011ec in func 401140 with 1 insts
    I: 4011ec (flow 4011f1)
      Successors: 4011f1
  BB: 4011f1 in func 401140 with 1 insts
    I: 4011f1 (flow 401345)
      Successors: 401345
  BB: 4011f6 in func 401140 with 10 insts
    I: 4011f6 (imm 402012)
    I: 401200
    I: 401204
    I: 401206 (flow 404048)
    I: 40120b
    I: 401210
    I: 401215
    I: 401219
    I: 40121c
    I: 40121f (flow 401345)
      Successors: 401345
  BB: 40117a in func 401140 with 1 insts
    I: 40117a (flow 40117f)
      Successors: 40117f
  BB: 40117f in func 401140 with 3 insts
    I: 40117f
    I: 401182
    I: 401187 (flow 401224)
      Successors: 401224, 40118d
Recovering 401350
  Analysing subroutine sub_401350 at 401350
  Subroutine sub_401350 at 401350 has 1 blocks
  BB: 401350 in func 401350 with 88 insts
    I: 401350
    I: 401351
    I: 401354
    I: 401357
    I: 40135a
    I: 40135d
    I: 401360
    I: 401363
    I: 401366
    I: 40136a
    I: 40136e
    I: 401371
    I: 401375
    I: 401378
    I: 40137c
    I: 40137e
    I: 401380
    I: 401382
    I: 401385
    I: 401389
    I: 40138e
    I: 401390
    I: 401395
    I: 401398
    I: 40139c
    I: 4013a1
    I: 4013a3
    I: 4013a8 (mem 404024)
    I: 4013af
    I: 4013b2
    I: 4013b6
    I: 4013b9
    I: 4013bd
    I: 4013c2
    I: 4013c4
    I: 4013c9
    I: 4013cc
    I: 4013d0
    I: 4013d2
    I: 4013d4
    I: 4013d6
    I: 4013d9
    I: 4013dd
    I: 4013e2
    I: 4013e4
    I: 4013e9 (mem 404028)
    I: 4013f0
    I: 4013f3
    I: 4013f7
    I: 4013fa
    I: 4013fe
    I: 401400
    I: 401402
    I: 401404
    I: 401407
    I: 40140b
    I: 40140d
    I: 40140f
    I: 401411
    I: 401413
    I: 401415
    I: 401417
    I: 401419
    I: 40141c
    I: 401420
    I: 401425
    I: 401427
    I: 40142c (mem 40402c)
    I: 401433
    I: 401436
    I: 40143a
    I: 40143d
    I: 401441
    I: 401446
    I: 401448
    I: 40144d
    I: 401450
    I: 401454
    I: 401456
    I: 401458
    I: 40145a
    I: 40145d
    I: 401461
    I: 401463
    I: 401465
    I: 401467 (mem 404030)
    I: 40146e
    I: 40146f
      No successors
Recovering 401470
  Analysing subroutine sub_401470 at 401470
    Block head at 004014ba is not code.
  Subroutine sub_401470 at 401470 has 1 blocks
  BB: 401470 in func 401470 with 20 insts
    I: 401470
    I: 401471
    I: 401474
    I: 401478
    I: 40147c
    I: 401480
    I: 401484 (mem 404024)
    I: 40148b
    I: 40148f
    I: 401491 (mem 404028)
    I: 401498
    I: 40149c
    I: 40149e (mem 40402c)
    I: 4014a5
    I: 4014a9
    I: 4014ab (mem 404030)
    I: 4014b2
    I: 4014b6
    I: 4014b8
    I: 4014b9
      No successors
Recovering .term_proc at 4014bc
  Analysing subroutine .term_proc at 4014bc
    Block head at 004014c9 is not code.
  Subroutine .term_proc at 4014bc has 1 blocks
  BB: 4014bc in func 4014bc with 4 insts
    I: 4014bc
    I: 4014c0
    I: 4014c4
    I: 4014c8
      No successors
Global Variable None
WARNING: Global constructor and destructor sections are adjacent!
Recovering region LOAD [400000, 4004e8) in segment LOAD
  8-byte reference at 400018 to 401050 (start)
  8-byte reference at 4000f8 to 401000 (.init_proc)
  8-byte reference at 400130 to 402000 ()
  8-byte reference at 400168 to 403de8 ()
  8-byte reference at 400280 to 402024 ()
  8-byte reference at 4002f0 to 403de8 ()
Recovering region .init [401000, 40101b) in segment .init
Recovering region LOAD [40101b, 401020) in segment LOAD
Recovering region .plt [401020, 401050) in segment .plt
Recovering region .text [401050, 4014ba) in segment .text
Recovering region LOAD [4014ba, 4014bc) in segment LOAD
Recovering region .fini [4014bc, 4014c9) in segment .fini
Recovering region .rodata [402000, 402022) in segment .rodata
  Variable aDDDDDDDD at 402004
  Variable format at 402015
Recovering region LOAD [402022, 402024) in segment LOAD
Recovering region .eh_frame_hdr [402024, 402060) in segment .eh_frame_hdr
Recovering region .eh_frame [402060, 402130) in segment .eh_frame
Recovering region LOAD [402130, 402170) in segment LOAD
Recovering region .init_array [403de8, 403df8) in segment .init_array
  8-byte reference at 403de8 to 401130 ()
  8-byte reference at 403df0 to 401100 ()
Recovering region LOAD [403df8, 403fd8) in segment LOAD
Recovering region .got [403fd8, 403fe8) in segment .got
  8-byte reference at 403fd8 to 404038 (__libc_start_main)
  8-byte reference at 403fe0 to 404050 (__gmon_start__)
Recovering region .got.plt [403fe8, 404010) in segment .got.plt
  8-byte reference at 404000 to 404040 (printf)
  8-byte reference at 404008 to 404048 (__isoc99_scanf)
Recovering region .data [404010, 404020) in segment .data
Recovering region .bss [404020, 404038) in segment .bss
Recovering extern function printf at 401030
Recovering extern function __isoc99_scanf at 401040
Recovering extern function __libc_start_main at 404038
Recovering extern function printf at 404040
Recovering extern function __isoc99_scanf at 404048
Recovering extern function __gmon_start__ at 404050
Recovered 10 functions.
Saving to: /home/ubuntu/capstone_project/result/pipeline_20260629_141746/s241954296_fla_instsub.cfg
Done analysis!
