Debugging is enabled.
Loading Standard Definitions file: /home/ubuntu/capstone_project/dependency/mcsema/mcsema/lib/python3/site-packages/mcsema_disass-3.1.3.8-py3.8.egg/mcsema_disass/defs/linux.txt
Using Batch mode.
Starting analysis
Recovering module s241954296_bcf.elf
Found main at 401140
Looking for instructions in segment .init
  Default block heads for function 401000 with loose bounds [401000, 40101b)
    block [401000, 401014)
    block [401014, 401016)
    block [401016, 40101b)
    chunk [401000, 40101b)
Looking for instructions in segment .plt
  Default block heads for function 401020 with loose bounds [401020, 40102c)
    block [401020, 40102c)
    chunk [401020, 40102c)
  Default block heads for function 401030 with loose bounds [401030, 401036)
    block [401030, 401036)
    chunk [401030, 401036)
  Default block heads for function 401040 with loose bounds [401040, 401046)
    block [401040, 401046)
    chunk [401040, 401046)
Looking for instructions in segment .text
  Default block heads for function 401050 with loose bounds [401050, 401076)
    block [401050, 401076)
    chunk [401050, 401076)
  Default block heads for function 401090 with loose bounds [401090, 4010b1)
    block [401090, 40109d)
    block [40109d, 4010a7)
    block [4010a7, 4010ae)
    block [4010b0, 4010b1)
    chunk [401090, 4010b1)
  Default block heads for function 401100 with loose bounds [401100, 401121)
    block [401100, 40110d)
    block [40110d, 40111f)
    block [401120, 401121)
    chunk [401100, 401121)
  Default block heads for function 401130 with loose bounds [401130, 401136)
    block [401130, 401136)
    chunk [401130, 401136)
    chunk [4010c0, 4010f1)
  Default block heads for function 401140 with loose bounds [401140, 40134a)
    block [401140, 40114f)
    block [40114f, 40116e)
    block [40116e, 401173)
    block [401173, 40117a)
    block [40117a, 4011ad)
    block [4011ad, 4011b2)
    block [4011b2, 4011f1)
    block [4011f1, 4011f6)
    block [4011f6, 401201)
    block [401201, 401206)
    block [401206, 4012df)
    block [4012df, 4012e4)
    block [4012e4, 401320)
    block [401320, 401325)
    block [401325, 40132a)
    block [40132a, 40132f)
    block [40132f, 401337)
    block [401337, 40133c)
    block [40133c, 40134a)
    chunk [401140, 40134a)
  Default block heads for function 401350 with loose bounds [401350, 401414)
    block [401350, 401414)
    chunk [401350, 401414)
  Default block heads for function 401420 with loose bounds [401420, 40159a)
    block [401420, 40146b)
    block [40146b, 401470)
    block [401470, 401517)
    block [401517, 40151c)
    block [40151c, 401521)
    block [401521, 40159a)
    chunk [401420, 40159a)
Looking for instructions in segment .fini
  Default block heads for function 40159c with loose bounds [40159c, 4015a9)
    block [40159c, 4015a9)
    chunk [40159c, 4015a9)
Looking for strings in segment .rodata [402000, 402022)
  Found string b'%d%d%d%d%d%d%d%d' of length 17 at 402004, jumping to 402015
  Found string b'%d %d %d %d\n' of length 13 at 402015, jumping to 402022
Looking for strings in segment .eh_frame_hdr [402024, 402060)
Looking for strings in segment .eh_frame [402060, 402134)
Looking for strings in segment .init_array [403de8, 403df0)
Looking for strings in segment .fini_array [403df0, 403df8)
Looking for strings in segment .got [403fd8, 403fe8)
Looking for strings in segment .got.plt [403fe8, 404010)
Looking for strings in segment .data [404010, 404020)
Looking for strings in segment .bss [404020, 404050)
Looking for strings in segment extern [404050, 404070)
Looking for cross-references in segment .init [401000, 40101b)
Looking for cross-references in segment .plt [401020, 401050)
  Stopping scan at 40102c
Looking for cross-references in segment .text [401050, 40159a)
  Stopping scan at 40107c
  Stopping scan at 40108c
  Stopping scan at ffffffffffffffff
  Stopping scan at 4010bc
  Stopping scan at 4010fc
  Stopping scan at ffffffffffffffff
  Stopping scan at 40112c
  Stopping scan at 40113c
  Stopping scan at 40134c
  Stopping scan at 40141c
Looking for cross-references in segment .fini [40159c, 4015a9)
Looking for cross-references in segment .rodata [402000, 402022)
  Found string at 402004, jumping to 402015
  Found string at 402015, jumping to 402022
  Stopping scan at 402015
Looking for cross-references in segment .eh_frame_hdr [402024, 402060)
  Stopping scan at 40205c
Looking for cross-references in segment .eh_frame [402060, 402134)
  Stopping scan at 402130
Looking for cross-references in segment .init_array [403de8, 403df0)
  Adding qword reference from 403de8 to 401130
  Stopping scan at 403de8
Looking for cross-references in segment .fini_array [403df0, 403df8)
  Adding qword reference from 403df0 to 401100
  Stopping scan at 403df0
Looking for cross-references in segment .got [403fd8, 403fe8)
  Adding qword reference from 403fd8 to 404050
  Adding qword reference from 403fe0 to 404068
  Stopping scan at 403fe0
Looking for cross-references in segment .got.plt [403fe8, 404010)
  Adding qword reference from 404000 to 404058
  Adding qword reference from 404008 to 404060
  Stopping scan at 404008
Looking for cross-references in segment .data [404010, 404020)
  Stopping scan at 40401c
Looking for cross-references in segment .bss [404020, 404050)
  Stopping scan at 40404c
Looking for cross-references in segment extern [404050, 404070)
  Stopping scan at 40406c
Looking for thunks
  Found thunk for printf targeting 404058 at 401030
  Found thunk for __isoc99_scanf targeting 404060 at 401040
Looking for external symbols
  Function at 401030 is the external function printf
  Function at 401040 is the external function __isoc99_scanf
  Function at 404050 is the external function __libc_start_main
  Function at 404058 is the external function printf
  Function at 404060 is the external function __isoc99_scanf
  Function at 404068 is the external function __gmon_start__
Looking for entrypoints
Recovering .init_proc at 401000
  Analysing subroutine .init_proc at 401000
    Block head at 0040101b is not code.
  Subroutine .init_proc at 401000 has 3 blocks
  BB: 401000 in func 401000 with 5 insts
    Referenced by data
    I: 401000
    I: 401004
    I: 401008 (mem 403fe0)
    I: 40100f
    I: 401012 (flow 401016)
      Successors: 401014, 401016
  BB: 401014 in func 401000 with 1 insts
    I: 401014
      Successors: 401016
  BB: 401016 in func 401000 with 2 insts
    I: 401016
    I: 40101a
      No successors
Recovering 401020
  Analysing subroutine sub_401020 at 401020
  WARNING: No table entries for indirect jump at 401026; Adding next_ea 40102c as successor.
  Subroutine sub_401020 at 401020 has 2 blocks
  WARNING: No table entries for indirect jump at 401026; Adding next_ea 40102c as successor.
  BB: 401020 in func 401020 with 2 insts
    I: 401020 (mem 403ff0)
    I: 401026 (mem 403ff8)
      Successors: 40102c
  BB: 40102c in func 401020 with 1 insts
    I: 40102c
      No successors
Recovering start at 401050
  Analysing subroutine start at 401050
  Subroutine start at 401050 has 3 blocks
  BB: 401050 in func 401050 with 13 insts
    Referenced by data
    I: 401050
    I: 401054
    I: 401056
    I: 401059
    I: 40105a
    I: 40105d
    I: 401061
    I: 401062
    I: 401063
    I: 401066
    I: 401068 (imm 401140)
    I: 40106f (mem 403fd8)
    I: 401075
      No successors
  BB: 401085 in func 401050 with 2 insts
    I: 401085
    I: 40108f
      No successors
  BB: 401076 in func 401050 with 3 insts
    I: 401076
    I: 401080
    I: 401084
      No successors
Recovering 401090
  Analysing subroutine sub_401090 at 401090
  WARNING: No table entries for indirect jump at 4010ac; Adding next_ea 4010ae as successor.
  WARNING: No table entries for indirect jump at 4010ee; Adding next_ea 4010f0 as successor.
  Subroutine sub_401090 at 401090 has 11 blocks
  BB: 4010c0 in func 401090 with 8 insts
    I: 4010c0 (imm 404020)
    I: 4010c5 (imm 404020)
    I: 4010cc
    I: 4010cf
    I: 4010d3
    I: 4010d7
    I: 4010da
    I: 4010dd (flow 4010f0)
      Successors: 4010f0, 4010df
  WARNING: No table entries for indirect jump at 4010ac; Adding next_ea 4010ae as successor.
  BB: 4010a7 in func 401090 with 2 insts
    I: 4010a7 (imm 404020)
    I: 4010ac
      Successors: 4010ae
  WARNING: No table entries for indirect jump at 4010ee; Adding next_ea 4010f0 as successor.
  BB: 4010e9 in func 401090 with 2 insts
    I: 4010e9 (imm 404020)
    I: 4010ee
      Successors: 4010f0
  BB: 4010ae in func 401090 with 1 insts
    I: 4010ae
      Successors: 4010b0
  BB: 401090 in func 401090 with 3 insts
    I: 401090 (imm 404020)
    I: 401095 (imm 404020)
    I: 40109b (flow 4010b0)
      Successors: 4010b0, 40109d
  BB: 4010b0 in func 401090 with 1 insts
    I: 4010b0
      No successors
  BB: 4010b1 in func 401090 with 2 insts
    I: 4010b1
    I: 4010b5
      Successors: 4010c0
  BB: 4010f0 in func 401090 with 1 insts
    I: 4010f0
      No successors
  BB: 4010f1 in func 401090 with 2 insts
    I: 4010f1
    I: 4010f5
      No successors
  BB: 40109d in func 401090 with 3 insts
    I: 40109d
    I: 4010a2
    I: 4010a5 (flow 4010b0)
      Successors: 4010b0, 4010a7
  BB: 4010df in func 401090 with 3 insts
    I: 4010df
    I: 4010e4
    I: 4010e7 (flow 4010f0)
      Successors: 4010f0, 4010e9
Recovering 401100
  Analysing subroutine sub_401100 at 401100
  Subroutine sub_401100 at 401100 has 5 blocks
  BB: 401100 in func 401100 with 3 insts
    Referenced by data
    I: 401100
    I: 401104 (mem 404020)
    I: 40110b (flow 401120)
      Successors: 401120, 40110d
  BB: 401121 in func 401100 with 2 insts
    I: 401121
    I: 401125
      No successors
  BB: 401120 in func 401100 with 1 insts
    I: 401120
      No successors
  BB: 40110d in func 401100 with 6 insts
    I: 40110d
    I: 40110e
    I: 401111 (flow 401090)
    I: 401116 (mem 404020)
    I: 40111d
    I: 40111e
      No successors
  BB: 40111f in func 401100 with 1 insts
    I: 40111f
      Successors: 401120
Recovering 401130
  Analysing subroutine sub_401130 at 401130
  WARNING: No table entries for indirect jump at 4010ee; Adding next_ea 4010f0 as successor.
  Subroutine sub_401130 at 401130 has 6 blocks
  BB: 4010c0 in func 401130 with 8 insts
    I: 4010c0 (imm 404020)
    I: 4010c5 (imm 404020)
    I: 4010cc
    I: 4010cf
    I: 4010d3
    I: 4010d7
    I: 4010da
    I: 4010dd (flow 4010f0)
      Successors: 4010f0, 4010df
  WARNING: No table entries for indirect jump at 4010ee; Adding next_ea 4010f0 as successor.
  BB: 4010e9 in func 401130 with 2 insts
    I: 4010e9 (imm 404020)
    I: 4010ee
      Successors: 4010f0
  BB: 401130 in func 401130 with 2 insts
    Referenced by data
    I: 401130
    I: 401134 (flow 4010c0)
      Successors: 4010c0
  BB: 4010f0 in func 401130 with 1 insts
    I: 4010f0
      No successors
  BB: 401136 in func 401130 with 1 insts
    I: 401136
      No successors
  BB: 4010df in func 401130 with 3 insts
    I: 4010df
    I: 4010e4
    I: 4010e7 (flow 4010f0)
      Successors: 4010f0, 4010e9
Recovering main at 401140
  Analysing subroutine main at 401140
  Subroutine main at 401140 has 20 blocks
  BB: 401201 in func 401140 with 1 insts
    I: 401201 (flow 40132a)
      Successors: 40132a
  BB: 401206 in func 401140 with 55 insts
    I: 401206 (imm 402004)
    I: 401210
    I: 401214
    I: 401218
    I: 40121c
    I: 401220
    I: 401224
    I: 401228
    I: 40122c
    I: 401230
    I: 401234
    I: 401239
    I: 40123e
    I: 401240 (flow 404060)
    I: 401245
    I: 401248
    I: 40124b
    I: 40124e
    I: 401251
    I: 401255
    I: 401259
    I: 40125d
    I: 401260
    I: 401264
    I: 401268 (flow 401350)
    I: 40126d
    I: 401271
    I: 401275
    I: 401279
    I: 40127d
    I: 401281
    I: 401285
    I: 401289 (flow 401420)
    I: 40128e
    I: 401291
    I: 401294
    I: 401297
    I: 40129b (imm 402015)
    I: 4012a5
    I: 4012a7 (flow 404058)
    I: 4012ac (imm 404034)
    I: 4012b3
    I: 4012b5 (imm 404040)
    I: 4012bc
    I: 4012be
    I: 4012c0
    I: 4012c3
    I: 4012c6
    I: 4012c9
    I: 4012cc
    I: 4012cf
    I: 4012d2
    I: 4012d5
    I: 4012d7
    I: 4012d9 (flow 4012e4)
      Successors: 4012e4, 4012df
  BB: 401320 in func 401140 with 1 insts
    I: 401320 (flow 40133c)
      Successors: 40133c
  BB: 401325 in func 401140 with 1 insts
    I: 401325 (flow 40117a)
      Successors: 40117a
  BB: 40132a in func 401140 with 1 insts
    I: 40132a (flow 40114f)
      Successors: 40114f
  BB: 4011ad in func 401140 with 1 insts
    I: 4011ad (flow 401337)
      Successors: 401337
  BB: 40132f in func 401140 with 4 insts
    I: 40132f
    I: 401331
    I: 401335
    I: 401336
      No successors
  BB: 4011b2 in func 401140 with 19 insts
    I: 4011b2
    I: 4011b5
    I: 4011b8
    I: 4011bb
    I: 4011be (imm 404034)
    I: 4011c5
    I: 4011c7 (imm 404040)
    I: 4011ce
    I: 4011d0
    I: 4011d2
    I: 4011d5
    I: 4011d8
    I: 4011db
    I: 4011de
    I: 4011e1
    I: 4011e4
    I: 4011e7
    I: 4011e9
    I: 4011eb (flow 4011f6)
      Successors: 4011f1, 4011f6
  BB: 401337 in func 401140 with 1 insts
    I: 401337 (flow 4011b2)
      Successors: 4011b2
  BB: 40133c in func 401140 with 4 insts
    I: 40133c
    I: 40133f
    I: 401342
    I: 401345 (flow 4012e4)
      Successors: 4012e4
  BB: 401140 in func 401140 with 4 insts
    Referenced by data
    I: 401140
    I: 401141
    I: 401144
    I: 401148
      Successors: 40114f
  BB: 40134a in func 401140 with 1 insts
    I: 40134a
      No successors
  BB: 40114f in func 401140 with 6 insts
    I: 40114f (imm 402012)
    I: 401159
    I: 40115d
    I: 40115f (flow 404060)
    I: 401164
    I: 401168 (flow 401173)
      Successors: 401173, 40116e
  BB: 4012df in func 401140 with 1 insts
    I: 4012df (flow 40133c)
      Successors: 40133c
  BB: 4012e4 in func 401140 with 18 insts
    I: 4012e4
    I: 4012e7
    I: 4012ea
    I: 4012ed (imm 404034)
    I: 4012f4
    I: 4012f6 (imm 404040)
    I: 4012fd
    I: 4012ff
    I: 401301
    I: 401304
    I: 401307
    I: 40130a
    I: 40130d
    I: 401310
    I: 401313
    I: 401316
    I: 401318
    I: 40131a (flow 401325)
      Successors: 401320, 401325
  BB: 40116e in func 401140 with 1 insts
    I: 40116e (flow 40132f)
      Successors: 40132f
  BB: 4011f1 in func 401140 with 1 insts
    I: 4011f1 (flow 401337)
      Successors: 401337
  BB: 401173 in func 401140 with 1 insts
    I: 401173
      Successors: 40117a
  BB: 4011f6 in func 401140 with 3 insts
    I: 4011f6
    I: 4011f9
    I: 4011fb (flow 401206)
      Successors: 401201, 401206
  BB: 40117a in func 401140 with 15 insts
    I: 40117a (imm 404034)
    I: 401181
    I: 401183 (imm 404040)
    I: 40118a
    I: 40118c
    I: 40118e
    I: 401191
    I: 401194
    I: 401197
    I: 40119a
    I: 40119d
    I: 4011a0
    I: 4011a3
    I: 4011a5
    I: 4011a7 (flow 4011b2)
      Successors: 4011b2, 4011ad
Recovering 401350
  Analysing subroutine sub_401350 at 401350
  Subroutine sub_401350 at 401350 has 2 blocks
  BB: 401350 in func 401350 with 60 insts
    I: 401350
    I: 401351
    I: 401354
    I: 401357
    I: 40135a
    I: 40135d
    I: 401360
    I: 401363
    I: 401366
    I: 40136a
    I: 40136e
    I: 401371
    I: 401375
    I: 401378
    I: 40137c
    I: 40137e
    I: 401381
    I: 401385
    I: 401387
    I: 40138a
    I: 40138e
    I: 401390 (mem 404024)
    I: 401397
    I: 40139a
    I: 40139e
    I: 4013a1
    I: 4013a5
    I: 4013a7
    I: 4013aa
    I: 4013ae
    I: 4013b0
    I: 4013b3
    I: 4013b7
    I: 4013b9 (mem 404028)
    I: 4013c0
    I: 4013c3
    I: 4013c7
    I: 4013ca
    I: 4013ce
    I: 4013d0
    I: 4013d3
    I: 4013d7
    I: 4013d9
    I: 4013dc
    I: 4013e0
    I: 4013e2 (mem 40402c)
    I: 4013e9
    I: 4013ec
    I: 4013f0
    I: 4013f3
    I: 4013f7
    I: 4013f9
    I: 4013fc
    I: 401400
    I: 401402
    I: 401405
    I: 401409
    I: 40140b (mem 404030)
    I: 401412
    I: 401413
      No successors
  BB: 401414 in func 401350 with 2 insts
    I: 401414
    I: 40141e
      No successors
Recovering 401420
  Analysing subroutine sub_401420 at 401420
    Block head at 0040159a is not code.
  Subroutine sub_401420 at 401420 has 6 blocks
  BB: 401420 in func 401420 with 22 insts
    I: 401420
    I: 401421
    I: 401424
    I: 401428
    I: 40142c
    I: 401430
    I: 401434
    I: 401438 (imm 40403c)
    I: 40143f
    I: 401441 (imm 404048)
    I: 401448
    I: 40144a
    I: 40144c
    I: 40144f
    I: 401452
    I: 401455
    I: 401458
    I: 40145b
    I: 40145e
    I: 401461
    I: 401463
    I: 401465 (flow 401470)
      Successors: 401470, 40146b
  BB: 401521 in func 401420 with 33 insts
    I: 401521
    I: 401525
    I: 401529
    I: 40152d
    I: 401531
    I: 401534
    I: 401538
    I: 40153b
    I: 40153e
    I: 401542
    I: 401545
    I: 401548
    I: 40154c
    I: 40154f
    I: 401552
    I: 401556
    I: 401559
    I: 40155c
    I: 40155f
    I: 401562
    I: 401565 (mem 404024)
    I: 40156c
    I: 40156f
    I: 401571 (mem 404028)
    I: 401578
    I: 40157b
    I: 40157d (mem 40402c)
    I: 401584
    I: 401587
    I: 401589 (mem 404030)
    I: 401590
    I: 401593
    I: 401595 (flow 401470)
      Successors: 401470
  BB: 40146b in func 401420 with 1 insts
    I: 40146b (flow 401521)
      Successors: 401521
  BB: 401470 in func 401420 with 47 insts
    I: 401470
    I: 401474
    I: 401478
    I: 40147c
    I: 401480
    I: 401483
    I: 401487
    I: 40148a
    I: 40148d
    I: 401491
    I: 401494
    I: 401497
    I: 40149b
    I: 40149e
    I: 4014a1
    I: 4014a5
    I: 4014a8
    I: 4014ab
    I: 4014ae
    I: 4014b1
    I: 4014b4 (mem 404024)
    I: 4014bb
    I: 4014be
    I: 4014c0 (mem 404028)
    I: 4014c7
    I: 4014ca
    I: 4014cc (mem 40402c)
    I: 4014d3
    I: 4014d6
    I: 4014d8 (mem 404030)
    I: 4014df
    I: 4014e2
    I: 4014e4 (imm 40403c)
    I: 4014eb
    I: 4014ed (imm 404048)
    I: 4014f4
    I: 4014f6
    I: 4014f8
    I: 4014fb
    I: 4014fe
    I: 401501
    I: 401504
    I: 401507
    I: 40150a
    I: 40150d
    I: 40150f
    I: 401511 (flow 40151c)
      Successors: 40151c, 401517
  BB: 401517 in func 401420 with 1 insts
    I: 401517 (flow 401521)
      Successors: 401521
  BB: 40151c in func 401420 with 3 insts
    I: 40151c
    I: 40151f
    I: 401520
      No successors
Recovering .term_proc at 40159c
  Analysing subroutine .term_proc at 40159c
    Block head at 004015a9 is not code.
  Subroutine .term_proc at 40159c has 1 blocks
  BB: 40159c in func 40159c with 4 insts
    I: 40159c
    I: 4015a0
    I: 4015a4
    I: 4015a8
      No successors
Global Variable None
WARNING: Global constructor and destructor sections are adjacent!
Recovering region LOAD [400000, 4004e8) in segment LOAD
  8-byte reference at 400018 to 401050 (start)
  8-byte reference at 4000f8 to 401000 (.init_proc)
  8-byte reference at 400130 to 402000 ()
  8-byte reference at 400168 to 403de8 ()
  8-byte reference at 400280 to 402024 ()
  8-byte reference at 4002f0 to 403de8 ()
Recovering region .init [401000, 40101b) in segment .init
Recovering region LOAD [40101b, 401020) in segment LOAD
Recovering region .plt [401020, 401050) in segment .plt
Recovering region .text [401050, 40159a) in segment .text
Recovering region LOAD [40159a, 40159c) in segment LOAD
Recovering region .fini [40159c, 4015a9) in segment .fini
Recovering region .rodata [402000, 402022) in segment .rodata
  Variable aDDDDDDDD at 402004
  Variable format at 402015
Recovering region LOAD [402022, 402024) in segment LOAD
Recovering region .eh_frame_hdr [402024, 402060) in segment .eh_frame_hdr
Recovering region .eh_frame [402060, 402134) in segment .eh_frame
Recovering region LOAD [402134, 402178) in segment LOAD
Recovering region .init_array [403de8, 403df8) in segment .init_array
  8-byte reference at 403de8 to 401130 ()
  8-byte reference at 403df0 to 401100 ()
Recovering region LOAD [403df8, 403fd8) in segment LOAD
Recovering region .got [403fd8, 403fe8) in segment .got
  8-byte reference at 403fd8 to 404050 (__libc_start_main)
  8-byte reference at 403fe0 to 404068 (__gmon_start__)
Recovering region .got.plt [403fe8, 404010) in segment .got.plt
  8-byte reference at 404000 to 404058 (printf)
  8-byte reference at 404008 to 404060 (__isoc99_scanf)
Recovering region .data [404010, 404020) in segment .data
Recovering region .bss [404020, 404050) in segment .bss
Recovering extern function printf at 401030
Recovering extern function __isoc99_scanf at 401040
Recovering extern function __libc_start_main at 404050
Recovering extern function printf at 404058
Recovering extern function __isoc99_scanf at 404060
Recovering extern function __gmon_start__ at 404068
Recovered 10 functions.
Saving to: /home/ubuntu/capstone_project/result/pipeline_20260629_141746/s241954296_bcf.cfg
Done analysis!
