Debugging is enabled.
Loading Standard Definitions file: /home/ubuntu/capstone_project/dependency/mcsema/mcsema/lib/python3/site-packages/mcsema_disass-3.1.3.8-py3.8.egg/mcsema_disass/defs/linux.txt
Using Batch mode.
Starting analysis
Recovering module s286523912_instsub.elf
Found main at 401140
Looking for instructions in segment .init
  Default block heads for function 401000 with loose bounds [401000, 40101b)
    block [401000, 401014)
    block [401014, 401016)
    block [401016, 40101b)
    chunk [401000, 40101b)
Looking for instructions in segment .plt
  Default block heads for function 401020 with loose bounds [401020, 40102c)
    block [401020, 40102c)
    chunk [401020, 40102c)
  Default block heads for function 401030 with loose bounds [401030, 401036)
    block [401030, 401036)
    chunk [401030, 401036)
  Default block heads for function 401040 with loose bounds [401040, 401046)
    block [401040, 401046)
    chunk [401040, 401046)
Looking for instructions in segment .text
  Default block heads for function 401050 with loose bounds [401050, 401076)
    block [401050, 401076)
    chunk [401050, 401076)
  Default block heads for function 401090 with loose bounds [401090, 4010b1)
    block [401090, 40109d)
    block [40109d, 4010a7)
    block [4010a7, 4010ae)
    block [4010b0, 4010b1)
    chunk [401090, 4010b1)
  Default block heads for function 401100 with loose bounds [401100, 401121)
    block [401100, 40110d)
    block [40110d, 40111f)
    block [401120, 401121)
    chunk [401100, 401121)
  Default block heads for function 401130 with loose bounds [401130, 401136)
    block [401130, 401136)
    chunk [401130, 401136)
    chunk [4010c0, 4010f1)
  Default block heads for function 401140 with loose bounds [401140, 401621)
    block [401140, 401152)
    block [401152, 401164)
    block [401164, 40116e)
    block [40116e, 401184)
    block [401184, 40118e)
    block [40118e, 4011e6)
    block [4011e6, 4011eb)
    block [4011eb, 401203)
    block [401203, 401232)
    block [401232, 401237)
    block [401237, 40123e)
    block [40123e, 40124a)
    block [40124a, 401359)
    block [401359, 401386)
    block [401386, 401394)
    block [401394, 4013df)
    block [4013df, 4013e4)
    block [4013e4, 401431)
    block [401431, 40143b)
    block [40143b, 401483)
    block [401483, 4014d0)
    block [4014d0, 4014da)
    block [4014da, 401500)
    block [401500, 401570)
    block [401570, 401583)
    block [401583, 401588)
    block [401588, 401596)
    block [401596, 4015a2)
    block [4015a2, 4015c7)
    block [4015c7, 4015e6)
    block [4015e6, 4015eb)
    block [4015eb, 4015fd)
    block [4015fd, 401616)
    block [401616, 401621)
    chunk [401140, 401621)
  Default block heads for function 401630 with loose bounds [401630, 4017cb)
    block [401630, 401698)
    block [401698, 4016ac)
    block [4016ac, 401715)
    block [401715, 40171a)
    block [40171a, 4017c5)
    block [4017c5, 4017cb)
    chunk [401630, 4017cb)
  Default block heads for function 4017d0 with loose bounds [4017d0, 40180e)
    block [4017d0, 40180e)
    chunk [4017d0, 40180e)
  Default block heads for function 401810 with loose bounds [401810, 401aef)
    block [401810, 401883)
    block [401883, 401896)
    block [401896, 4018b8)
    block [4018b8, 40192b)
    block [40192b, 40199b)
    block [40199b, 4019a9)
    block [4019a9, 4019b9)
    block [4019b9, 4019be)
    block [4019be, 401a28)
    block [401a28, 401a36)
    block [401a36, 401a3b)
    block [401a3b, 401a40)
    block [401a40, 401ac5)
    block [401ac5, 401aef)
    chunk [401810, 401aef)
Looking for instructions in segment .fini
  Default block heads for function 401af0 with loose bounds [401af0, 401afd)
    block [401af0, 401afd)
    chunk [401af0, 401afd)
Looking for strings in segment .rodata [402000, 402017)
  Found string b'%d %d %d %d %d' of length 15 at 402004, jumping to 402013
  Found string b'%d\n' of length 4 at 402013, jumping to 402017
Looking for strings in segment .eh_frame_hdr [402018, 40205c)
Looking for strings in segment .eh_frame [402060, 40214c)
Looking for strings in segment .init_array [403de8, 403df0)
Looking for strings in segment .fini_array [403df0, 403df8)
Looking for strings in segment .got [403fd8, 403fe8)
Looking for strings in segment .got.plt [403fe8, 404010)
Looking for strings in segment .data [404010, 404020)
Looking for strings in segment .bss [404020, 426640)
Looking for strings in segment extern [426640, 426660)
Looking for cross-references in segment .init [401000, 40101b)
Looking for cross-references in segment .plt [401020, 401050)
  Stopping scan at 40102c
Looking for cross-references in segment .text [401050, 401aef)
  Stopping scan at 40107c
  Stopping scan at 40108c
  Stopping scan at ffffffffffffffff
  Stopping scan at 4010bc
  Stopping scan at 4010fc
  Stopping scan at ffffffffffffffff
  Stopping scan at 40112c
  Stopping scan at 40113c
  Stopping scan at 40162c
  Stopping scan at 4017cc
  Stopping scan at ffffffffffffffff
Looking for cross-references in segment .fini [401af0, 401afd)
Looking for cross-references in segment .rodata [402000, 402017)
  Found string at 402004, jumping to 402013
  Found string at 402013, jumping to 402017
  Stopping scan at 402013
Looking for cross-references in segment .eh_frame_hdr [402018, 40205c)
  Stopping scan at 402058
Looking for cross-references in segment .eh_frame [402060, 40214c)
  Stopping scan at 402148
Looking for cross-references in segment .init_array [403de8, 403df0)
  Adding qword reference from 403de8 to 401130
  Stopping scan at 403de8
Looking for cross-references in segment .fini_array [403df0, 403df8)
  Adding qword reference from 403df0 to 401100
  Stopping scan at 403df0
Looking for cross-references in segment .got [403fd8, 403fe8)
  Adding qword reference from 403fd8 to 426640
  Adding qword reference from 403fe0 to 426658
  Stopping scan at 403fe0
Looking for cross-references in segment .got.plt [403fe8, 404010)
  Adding qword reference from 404000 to 426648
  Adding qword reference from 404008 to 426650
  Stopping scan at 404008
Looking for cross-references in segment .data [404010, 404020)
  Stopping scan at 40401c
Looking for cross-references in segment .bss [404020, 426640)
  Stopping scan at 42663c
Looking for cross-references in segment extern [426640, 426660)
  Stopping scan at 42665c
Looking for thunks
  Found thunk for printf targeting 426648 at 401030
  Found thunk for __isoc99_scanf targeting 426650 at 401040
Looking for external symbols
  Function at 401030 is the external function printf
  Function at 401040 is the external function __isoc99_scanf
  Function at 426640 is the external function __libc_start_main
  Function at 426648 is the external function printf
  Function at 426650 is the external function __isoc99_scanf
  Function at 426658 is the external function __gmon_start__
Looking for entrypoints
Recovering .init_proc at 401000
  Analysing subroutine .init_proc at 401000
    Block head at 0040101b is not code.
  Subroutine .init_proc at 401000 has 3 blocks
  BB: 401000 in func 401000 with 5 insts
    Referenced by data
    I: 401000
    I: 401004
    I: 401008 (mem 403fe0)
    I: 40100f
    I: 401012 (flow 401016)
      Successors: 401014, 401016
  BB: 401014 in func 401000 with 1 insts
    I: 401014
      Successors: 401016
  BB: 401016 in func 401000 with 2 insts
    I: 401016
    I: 40101a
      No successors
Recovering 401020
  Analysing subroutine sub_401020 at 401020
  WARNING: No table entries for indirect jump at 401026; Adding next_ea 40102c as successor.
  Subroutine sub_401020 at 401020 has 2 blocks
  WARNING: No table entries for indirect jump at 401026; Adding next_ea 40102c as successor.
  BB: 401020 in func 401020 with 2 insts
    I: 401020 (mem 403ff0)
    I: 401026 (mem 403ff8)
      Successors: 40102c
  BB: 40102c in func 401020 with 1 insts
    I: 40102c
      No successors
Recovering start at 401050
  Analysing subroutine start at 401050
  Subroutine start at 401050 has 3 blocks
  BB: 401050 in func 401050 with 13 insts
    Referenced by data
    I: 401050
    I: 401054
    I: 401056
    I: 401059
    I: 40105a
    I: 40105d
    I: 401061
    I: 401062
    I: 401063
    I: 401066
    I: 401068 (imm 401140)
    I: 40106f (mem 403fd8)
    I: 401075
      No successors
  BB: 401085 in func 401050 with 2 insts
    I: 401085
    I: 40108f
      No successors
  BB: 401076 in func 401050 with 3 insts
    I: 401076
    I: 401080
    I: 401084
      No successors
Recovering 401090
  Analysing subroutine sub_401090 at 401090
  WARNING: No table entries for indirect jump at 4010ac; Adding next_ea 4010ae as successor.
  WARNING: No table entries for indirect jump at 4010ee; Adding next_ea 4010f0 as successor.
  Subroutine sub_401090 at 401090 has 11 blocks
  BB: 4010c0 in func 401090 with 8 insts
    I: 4010c0 (imm 404020)
    I: 4010c5 (imm 404020)
    I: 4010cc
    I: 4010cf
    I: 4010d3
    I: 4010d7
    I: 4010da
    I: 4010dd (flow 4010f0)
      Successors: 4010f0, 4010df
  WARNING: No table entries for indirect jump at 4010ac; Adding next_ea 4010ae as successor.
  BB: 4010a7 in func 401090 with 2 insts
    I: 4010a7 (imm 404020)
    I: 4010ac
      Successors: 4010ae
  WARNING: No table entries for indirect jump at 4010ee; Adding next_ea 4010f0 as successor.
  BB: 4010e9 in func 401090 with 2 insts
    I: 4010e9 (imm 404020)
    I: 4010ee
      Successors: 4010f0
  BB: 4010ae in func 401090 with 1 insts
    I: 4010ae
      Successors: 4010b0
  BB: 401090 in func 401090 with 3 insts
    I: 401090 (imm 404020)
    I: 401095 (imm 404020)
    I: 40109b (flow 4010b0)
      Successors: 4010b0, 40109d
  BB: 4010b0 in func 401090 with 1 insts
    I: 4010b0
      No successors
  BB: 4010b1 in func 401090 with 2 insts
    I: 4010b1
    I: 4010b5
      Successors: 4010c0
  BB: 4010f0 in func 401090 with 1 insts
    I: 4010f0
      No successors
  BB: 4010f1 in func 401090 with 2 insts
    I: 4010f1
    I: 4010f5
      No successors
  BB: 40109d in func 401090 with 3 insts
    I: 40109d
    I: 4010a2
    I: 4010a5 (flow 4010b0)
      Successors: 4010b0, 4010a7
  BB: 4010df in func 401090 with 3 insts
    I: 4010df
    I: 4010e4
    I: 4010e7 (flow 4010f0)
      Successors: 4010f0, 4010e9
Recovering 401100
  Analysing subroutine sub_401100 at 401100
  Subroutine sub_401100 at 401100 has 5 blocks
  BB: 401100 in func 401100 with 3 insts
    Referenced by data
    I: 401100
    I: 401104 (mem 404020)
    I: 40110b (flow 401120)
      Successors: 401120, 40110d
  BB: 401121 in func 401100 with 2 insts
    I: 401121
    I: 401125
      No successors
  BB: 401120 in func 401100 with 1 insts
    I: 401120
      No successors
  BB: 40110d in func 401100 with 6 insts
    I: 40110d
    I: 40110e
    I: 401111 (flow 401090)
    I: 401116 (mem 404020)
    I: 40111d
    I: 40111e
      No successors
  BB: 40111f in func 401100 with 1 insts
    I: 40111f
      Successors: 401120
Recovering 401130
  Analysing subroutine sub_401130 at 401130
  WARNING: No table entries for indirect jump at 4010ee; Adding next_ea 4010f0 as successor.
  Subroutine sub_401130 at 401130 has 6 blocks
  BB: 4010c0 in func 401130 with 8 insts
    I: 4010c0 (imm 404020)
    I: 4010c5 (imm 404020)
    I: 4010cc
    I: 4010cf
    I: 4010d3
    I: 4010d7
    I: 4010da
    I: 4010dd (flow 4010f0)
      Successors: 4010f0, 4010df
  WARNING: No table entries for indirect jump at 4010ee; Adding next_ea 4010f0 as successor.
  BB: 4010e9 in func 401130 with 2 insts
    I: 4010e9 (imm 404020)
    I: 4010ee
      Successors: 4010f0
  BB: 401130 in func 401130 with 2 insts
    Referenced by data
    I: 401130
    I: 401134 (flow 4010c0)
      Successors: 4010c0
  BB: 4010f0 in func 401130 with 1 insts
    I: 4010f0
      No successors
  BB: 401136 in func 401130 with 1 insts
    I: 401136
      No successors
  BB: 4010df in func 401130 with 3 insts
    I: 4010df
    I: 4010e4
    I: 4010e7 (flow 4010f0)
      Successors: 4010f0, 4010e9
Recovering main at 401140
  Analysing subroutine main at 401140
  Subroutine main at 401140 has 35 blocks
  BB: 401500 in func 401140 with 26 insts
    I: 401500
    I: 401503
    I: 401509
    I: 40150f
    I: 401514
    I: 401515
    I: 401517
    I: 401519
    I: 40151f
    I: 401524
    I: 401526
    I: 40152b
    I: 40152e
    I: 401534
    I: 401537
    I: 40153a
    I: 40153f
    I: 401542
    I: 401547
    I: 40154a
    I: 40154e
    I: 401555
    I: 401558
    I: 40155e
    I: 401565
    I: 40156b (flow 401630)
      Successors: 401570
  BB: 401483 in func 401140 with 17 insts
    I: 401483
    I: 401486
    I: 40148c
    I: 401491
    I: 401493
    I: 401498
    I: 40149b
    I: 4014a1
    I: 4014a4
    I: 4014a7
    I: 4014aa
    I: 4014ae
    I: 4014b5
    I: 4014b8
    I: 4014be
    I: 4014c5
    I: 4014cb (flow 401630)
      Successors: 4014d0
  BB: 401203 in func 401140 with 10 insts
    I: 401203 (imm 402004)
    I: 40120d
    I: 401211
    I: 401215
    I: 401219
    I: 40121d
    I: 401221
    I: 401223 (flow 426650)
    I: 401228
    I: 40122c (flow 401237)
      Successors: 401232, 401237
  BB: 401184 in func 401140 with 2 insts
    I: 401184
    I: 401188 (flow 4011e6)
      Successors: 4011e6, 40118e
  BB: 401386 in func 401140 with 2 insts
    I: 401386 (mem 404030)
    I: 40138e (flow 401588)
      Successors: 401588, 401394
  BB: 401583 in func 401140 with 1 insts
    I: 401583 (flow 401386)
      Successors: 401386
  BB: 401588 in func 401140 with 2 insts
    I: 401588
    I: 40158f
      Successors: 401596
  BB: 40118e in func 401140 with 18 insts
    I: 40118e
    I: 401192 (imm 4041e0)
    I: 40119c
    I: 4011a0
    I: 4011a3
    I: 4011a7
    I: 4011ae
    I: 4011b2 (imm 4051b0)
    I: 4011bc
    I: 4011c0
    I: 4011c3
    I: 4011c7
    I: 4011ce
    I: 4011d1
    I: 4011d6
    I: 4011d9
    I: 4011de
    I: 4011e1 (flow 401184)
      Successors: 401184
  BB: 401394 in func 401140 with 18 insts
    I: 401394 (flow 401810)
    I: 401399
    I: 40139c
    I: 4013a0
    I: 4013a4
    I: 4013a8
    I: 4013ab
    I: 4013ae
    I: 4013b2
    I: 4013b6
    I: 4013b9
    I: 4013bc
    I: 4013c0 (imm 4051b0)
    I: 4013ca
    I: 4013ce
    I: 4013d1
    I: 4013d5
    I: 4013d9 (flow 4013e4)
      Successors: 4013e4, 4013df
  BB: 401596 in func 401140 with 3 insts
    I: 401596
    I: 401599
    I: 40159c (flow 4015fd)
      Successors: 4015a2, 4015fd
  BB: 401616 in func 401140 with 4 insts
    I: 401616
    I: 401618
    I: 40161f
    I: 401620
      No successors
  BB: 401621 in func 401140 with 2 insts
    I: 401621
    I: 40162b
      No successors
  BB: 4015a2 in func 401140 with 8 insts
    I: 4015a2
    I: 4015a6 (imm 4041e0)
    I: 4015b0
    I: 4015b4
    I: 4015b7
    I: 4015bb
    I: 4015be
    I: 4015c1 (flow 4015e6)
      Successors: 4015e6, 4015c7
  BB: 401431 in func 401140 with 2 insts
    I: 401431
    I: 401435 (flow 401583)
      Successors: 40143b, 401583
  BB: 401232 in func 401140 with 1 insts
    I: 401232 (flow 401616)
      Successors: 401616
  BB: 401237 in func 401140 with 1 insts
    I: 401237
      Successors: 40123e
  BB: 40143b in func 401140 with 13 insts
    I: 40143b
    I: 40143f (disp 406180)
    I: 401446
    I: 40144c
    I: 401450 (disp 407130)
    I: 401457
    I: 40145d
    I: 401464 (imm 4051b0)
    I: 40146e
    I: 401472
    I: 401475
    I: 401479
    I: 40147d (flow 4014d0)
      Successors: 4014d0, 401483
  BB: 40123e in func 401140 with 3 insts
    I: 40123e
    I: 401241
    I: 401244 (flow 401359)
      Successors: 401359, 40124a
  BB: 401140 in func 401140 with 4 insts
    Referenced by data
    I: 401140
    I: 401141
    I: 401144
    I: 40114b
      Successors: 401152
  BB: 4015c7 in func 401140 with 7 insts
    I: 4015c7
    I: 4015cb (imm 4041e0)
    I: 4015d5
    I: 4015d9
    I: 4015dc
    I: 4015e0
    I: 4015e3
      Successors: 4015e6
  BB: 40124a in func 401140 with 80 insts
    I: 40124a (imm 40200a)
    I: 401254
    I: 401258
    I: 40125c
    I: 401260
    I: 401262 (flow 426650)
    I: 401267
    I: 40126a
    I: 40126d
    I: 401270
    I: 401272 (disp 406180)
    I: 401279
    I: 40127c
    I: 40127f
    I: 401282
    I: 401284 (disp 407130)
    I: 40128b
    I: 40128f (disp 404040)
    I: 401296
    I: 401299
    I: 40129c
    I: 40129e (disp 4080e0)
    I: 4012a5
    I: 4012a8
    I: 4012ab
    I: 4012af (disp 404040)
    I: 4012b6
    I: 4012b9
    I: 4012bc
    I: 4012bf
    I: 4012c1
    I: 4012c3
    I: 4012c5
    I: 4012c8
    I: 4012ca
    I: 4012cc
    I: 4012ce
    I: 4012d0 (disp 406180)
    I: 4012d7
    I: 4012da
    I: 4012dd
    I: 4012e0
    I: 4012e2
    I: 4012e4
    I: 4012e6
    I: 4012e9
    I: 4012eb
    I: 4012ed
    I: 4012ef
    I: 4012f1 (disp 407130)
    I: 4012f8
    I: 4012fc (disp 404040)
    I: 401303
    I: 401306
    I: 401309
    I: 40130e
    I: 401311
    I: 401316
    I: 401318 (disp 4080e0)
    I: 40131f
    I: 401322
    I: 401325
    I: 401327
    I: 401329
    I: 40132b
    I: 40132e
    I: 401330
    I: 401332
    I: 401334
    I: 401338 (disp 404040)
    I: 40133f
    I: 401342
    I: 401344
    I: 401346
    I: 401348
    I: 40134b
    I: 40134d
    I: 40134f
    I: 401351
    I: 401354 (flow 40123e)
      Successors: 40123e
  BB: 4014d0 in func 401140 with 2 insts
    I: 4014d0
    I: 4014d4 (flow 401570)
      Successors: 401570, 4014da
  BB: 401152 in func 401140 with 2 insts
    I: 401152 (mem 404030)
    I: 40115d
      Successors: 401164
  BB: 401359 in func 401140 with 12 insts
    I: 401359
    I: 401360
    I: 401363
    I: 401366
    I: 401369
    I: 40136c
    I: 401370
    I: 401374
    I: 401377
    I: 40137a
    I: 40137e
    I: 401381 (flow 401630)
      Successors: 401386
  BB: 4014da in func 401140 with 7 insts
    I: 4014da
    I: 4014e1 (imm 4051b0)
    I: 4014eb
    I: 4014ef
    I: 4014f2
    I: 4014f6
    I: 4014fa (flow 401570)
      Successors: 401500, 401570
  BB: 4013df in func 401140 with 1 insts
    I: 4013df (flow 401386)
      Successors: 401386
  BB: 401164 in func 401140 with 2 insts
    I: 401164
    I: 401168 (flow 401203)
      Successors: 401203, 40116e
  BB: 4013e4 in func 401140 with 16 insts
    I: 4013e4
    I: 4013e8 (imm 4051b0)
    I: 4013f2
    I: 4013f6
    I: 4013f9
    I: 4013fd
    I: 401404
    I: 401407
    I: 40140b (imm 4041e0)
    I: 401415
    I: 401419
    I: 40141c
    I: 401420
    I: 401423
    I: 401427 (disp 404040)
    I: 40142e
      Successors: 401431
  BB: 4011e6 in func 401140 with 1 insts
    I: 4011e6 (flow 4011eb)
      Successors: 4011eb
  BB: 4015e6 in func 401140 with 1 insts
    I: 4015e6 (flow 4015eb)
      Successors: 4015eb
  BB: 4011eb in func 401140 with 6 insts
    I: 4011eb
    I: 4011ee
    I: 4011f3
    I: 4011f6
    I: 4011fb
    I: 4011fe (flow 401164)
      Successors: 401164
  BB: 4015eb in func 401140 with 6 insts
    I: 4015eb
    I: 4015ee
    I: 4015f0
    I: 4015f3
    I: 4015f5
    I: 4015f8 (flow 401596)
      Successors: 401596
  BB: 40116e in func 401140 with 3 insts
    I: 40116e
    I: 401172 (disp 404040)
    I: 40117d
      Successors: 401184
  BB: 401570 in func 401140 with 4 insts
    I: 401570
    I: 401574 (disp 4080e0)
    I: 40157b
    I: 40157e (flow 401431)
      Successors: 401431
  BB: 4015fd in func 401140 with 5 insts
    I: 4015fd
    I: 401600 (imm 402013)
    I: 40160a
    I: 40160c (flow 426648)
    I: 401611 (flow 401152)
      Successors: 401152
Recovering 401630
  Analysing subroutine sub_401630 at 401630
  Subroutine sub_401630 at 401630 has 7 blocks
  BB: 4017c5 in func 401630 with 3 insts
    I: 4017c5
    I: 4017c9
    I: 4017ca
      No successors
  BB: 4017cb in func 401630 with 1 insts
    I: 4017cb
      No successors
  BB: 4016ac in func 401630 with 27 insts
    I: 4016ac
    I: 4016af
    I: 4016b4
    I: 4016b5
    I: 4016b7
    I: 4016b9 (imm 409090)
    I: 4016c3
    I: 4016c7
    I: 4016ca
    I: 4016ce (imm 409090)
    I: 4016d8
    I: 4016dc
    I: 4016df
    I: 4016e2
    I: 4016e6
    I: 4016e9
    I: 4016ec
    I: 4016f0
    I: 4016f3
    I: 4016f6
    I: 4016fa
    I: 4016fd
    I: 401700
    I: 401704
    I: 401707 (flow 4017d0)
    I: 40170c
    I: 40170f (flow 40171a)
      Successors: 40171a, 401715
  BB: 401630 in func 401630 with 24 insts
    I: 401630
    I: 401631
    I: 401634
    I: 401638
    I: 40163c
    I: 40163f
    I: 401643
    I: 401647
    I: 40164a
    I: 40164d (mem 404030)
    I: 401654
    I: 401659
    I: 40165c
    I: 401661 (mem 404030)
    I: 401668 (mem 404030)
    I: 401670 (imm 409090)
    I: 40167a
    I: 40167e
    I: 401681
    I: 401685
    I: 401688
    I: 40168b
    I: 40168e (mem 404030)
    I: 401695
      Successors: 401698
  BB: 401715 in func 401630 with 1 insts
    I: 401715 (flow 4017c5)
      Successors: 4017c5
  BB: 401698 in func 401630 with 6 insts
    I: 401698
    I: 40169b
    I: 4016a0
    I: 4016a1
    I: 4016a3
    I: 4016a6 (flow 4017c5)
      Successors: 4016ac, 4017c5
  BB: 40171a in func 401630 with 45 insts
    I: 40171a
    I: 40171e (imm 409090)
    I: 401728
    I: 40172c
    I: 40172f
    I: 401732
    I: 401736
    I: 401739
    I: 40173c
    I: 401740 (imm 409090)
    I: 40174a
    I: 40174e
    I: 401751
    I: 401755
    I: 401758
    I: 40175d
    I: 40175e
    I: 401760
    I: 401762
    I: 401766
    I: 401769 (imm 409090)
    I: 401773
    I: 401777
    I: 40177a
    I: 40177d
    I: 401780
    I: 401783
    I: 401786
    I: 401789
    I: 40178e
    I: 40178f
    I: 401791
    I: 401794 (imm 409090)
    I: 40179e
    I: 4017a2
    I: 4017a5
    I: 4017a9
    I: 4017ac
    I: 4017af
    I: 4017b2
    I: 4017b5
    I: 4017ba
    I: 4017bb
    I: 4017bd
    I: 4017c0 (flow 401698)
      Successors: 401698
Recovering 4017d0
  Analysing subroutine sub_4017D0 at 4017d0
  Subroutine sub_4017D0 at 4017d0 has 2 blocks
  BB: 4017d0 in func 4017d0 with 21 insts
    I: 4017d0
    I: 4017d1
    I: 4017d4
    I: 4017d8
    I: 4017db
    I: 4017df
    I: 4017e3
    I: 4017e6
    I: 4017e9
    I: 4017ed
    I: 4017f0
    I: 4017f4
    I: 4017f8
    I: 4017fb
    I: 4017fe
    I: 401801
    I: 401804
    I: 401807
    I: 401809
    I: 40180c
    I: 40180d
      No successors
  BB: 40180e in func 4017d0 with 1 insts
    I: 40180e
      No successors
Recovering 401810
  Analysing subroutine sub_401810 at 401810
    Block head at 00401aef is not code.
  Subroutine sub_401810 at 401810 has 14 blocks
  BB: 401a40 in func 401810 with 31 insts
    I: 401a40
    I: 401a44 (imm 409090)
    I: 401a4e
    I: 401a52
    I: 401a55
    I: 401a58
    I: 401a5c
    I: 401a5f
    I: 401a62
    I: 401a66 (imm 409090)
    I: 401a70
    I: 401a74
    I: 401a77
    I: 401a7b (imm 409090)
    I: 401a85
    I: 401a89
    I: 401a8c
    I: 401a8f
    I: 401a92
    I: 401a95
    I: 401a98
    I: 401a9c (imm 409090)
    I: 401aa6
    I: 401aaa
    I: 401aad
    I: 401ab1
    I: 401ab4
    I: 401ab7
    I: 401aba
    I: 401abd
    I: 401ac0 (flow 401883)
      Successors: 401883
  BB: 401883 in func 401810 with 4 insts
    I: 401883
    I: 401886
    I: 401889 (mem 404030)
    I: 401890 (flow 401ac5)
      Successors: 401ac5, 401896
  BB: 401ac5 in func 401810 with 9 insts
    I: 401ac5
    I: 401ac8
    I: 401ace
    I: 401ad2
    I: 401ad9
    I: 401ae0
    I: 401ae6
    I: 401aed
    I: 401aee
      No successors
  BB: 401a28 in func 401810 with 4 insts
    I: 401a28
    I: 401a2b
    I: 401a2e
    I: 401a31 (flow 401a3b)
      Successors: 401a3b
  BB: 4019a9 in func 401810 with 6 insts
    I: 4019a9
    I: 4019ac
    I: 4019af
    I: 4019b1
    I: 4019b4
    I: 4019b6
      Successors: 4019b9
  BB: 40192b in func 401810 with 30 insts
    I: 40192b
    I: 40192e
    I: 401931
    I: 401933 (imm 409090)
    I: 40193d
    I: 401941
    I: 401944
    I: 401947
    I: 40194a
    I: 40194c
    I: 40194f
    I: 401951
    I: 401954 (imm 409090)
    I: 40195e
    I: 401962
    I: 401965
    I: 401968
    I: 40196c
    I: 40196f
    I: 401972
    I: 401976
    I: 401979
    I: 40197c
    I: 401980
    I: 401983
    I: 401986
    I: 40198a
    I: 40198d (flow 4017d0)
    I: 401992
    I: 401995 (flow 4019a9)
      Successors: 4019a9, 40199b
  BB: 401810 in func 401810 with 25 insts
    I: 401810
    I: 401811
    I: 401814
    I: 40181b (mem 40909c)
    I: 401823
    I: 401827 (mem 4090a4)
    I: 40182e
    I: 401831 (mem 404030)
    I: 401839 (imm 409090)
    I: 401843
    I: 401847
    I: 40184a
    I: 40184d (mem 40909c)
    I: 401855
    I: 401858 (mem 4090a4)
    I: 40185f (mem 404030)
    I: 401866
    I: 401868
    I: 40186a
    I: 40186c
    I: 40186f
    I: 401871
    I: 401873
    I: 401875 (mem 404030)
    I: 40187c
      Successors: 401883
  BB: 40199b in func 401810 with 4 insts
    I: 40199b
    I: 40199e
    I: 4019a1
    I: 4019a4 (flow 4019b9)
      Successors: 4019b9
  BB: 401896 in func 401810 with 11 insts
    I: 401896
    I: 401899
    I: 40189c
    I: 40189e
    I: 4018a0
    I: 4018a2
    I: 4018a5
    I: 4018a7
    I: 4018a9
    I: 4018ab (mem 404030)
    I: 4018b2 (flow 4019be)
      Successors: 4018b8, 4019be
  BB: 401a36 in func 401810 with 1 insts
    I: 401a36 (flow 401ac5)
      Successors: 401ac5
  BB: 4018b8 in func 401810 with 32 insts
    I: 4018b8
    I: 4018bb
    I: 4018be
    I: 4018c0
    I: 4018c2
    I: 4018c4
    I: 4018c7
    I: 4018c9
    I: 4018cb
    I: 4018cd
    I: 4018cf (imm 409090)
    I: 4018d9
    I: 4018dd
    I: 4018e0
    I: 4018e4 (imm 409090)
    I: 4018ee
    I: 4018f2
    I: 4018f5
    I: 4018f8
    I: 4018fc
    I: 4018ff
    I: 401902
    I: 401906
    I: 401909
    I: 40190c
    I: 401910
    I: 401913
    I: 401916
    I: 40191a
    I: 40191d (flow 4017d0)
    I: 401922
    I: 401925 (flow 4019be)
      Successors: 40192b, 4019be
  BB: 4019b9 in func 401810 with 1 insts
    I: 4019b9 (flow 401a40)
      Successors: 401a40
  BB: 401a3b in func 401810 with 1 insts
    I: 401a3b (flow 401a40)
      Successors: 401a40
  BB: 4019be in func 401810 with 25 insts
    I: 4019be
    I: 4019c1
    I: 4019c4
    I: 4019c6 (imm 409090)
    I: 4019d0
    I: 4019d4
    I: 4019d7
    I: 4019db (imm 409090)
    I: 4019e5
    I: 4019e9
    I: 4019ec
    I: 4019ef
    I: 4019f3
    I: 4019f6
    I: 4019f9
    I: 4019fd
    I: 401a00
    I: 401a03
    I: 401a0a
    I: 401a0d
    I: 401a10
    I: 401a17
    I: 401a1a (flow 4017d0)
    I: 401a1f
    I: 401a22 (flow 401a36)
      Successors: 401a28, 401a36
Recovering .term_proc at 401af0
  Analysing subroutine .term_proc at 401af0
    Block head at 00401afd is not code.
  Subroutine .term_proc at 401af0 has 1 blocks
  BB: 401af0 in func 401af0 with 4 insts
    I: 401af0
    I: 401af4
    I: 401af8
    I: 401afc
      No successors
Global Variable None
WARNING: Global constructor and destructor sections are adjacent!
Recovering region LOAD [400000, 4004e8) in segment LOAD
  8-byte reference at 400018 to 401050 (start)
  8-byte reference at 4000f8 to 401000 (.init_proc)
  8-byte reference at 400130 to 402000 ()
  8-byte reference at 400168 to 403de8 ()
  8-byte reference at 400280 to 402018 ()
  8-byte reference at 4002f0 to 403de8 ()
Recovering region .init [401000, 40101b) in segment .init
Recovering region LOAD [40101b, 401020) in segment LOAD
Recovering region .plt [401020, 401050) in segment .plt
Recovering region .text [401050, 401aef) in segment .text
Recovering region LOAD [401aef, 401af0) in segment LOAD
Recovering region .fini [401af0, 401afd) in segment .fini
Recovering region .rodata [402000, 402017) in segment .rodata
  Variable aDDDDD at 402004
  Variable format at 402013
Recovering region LOAD [402017, 402018) in segment LOAD
Recovering region .eh_frame_hdr [402018, 40205c) in segment .eh_frame_hdr
Recovering region LOAD [40205c, 402060) in segment LOAD
Recovering region .eh_frame [402060, 40214c) in segment .eh_frame
Recovering region LOAD [40214c, 402190) in segment LOAD
Recovering region .init_array [403de8, 403df8) in segment .init_array
  8-byte reference at 403de8 to 401130 ()
  8-byte reference at 403df0 to 401100 ()
Recovering region LOAD [403df8, 403fd8) in segment LOAD
Recovering region .got [403fd8, 403fe8) in segment .got
  8-byte reference at 403fd8 to 426640 (__libc_start_main)
  8-byte reference at 403fe0 to 426658 (__gmon_start__)
Recovering region .got.plt [403fe8, 404010) in segment .got.plt
  8-byte reference at 404000 to 426648 (printf)
  8-byte reference at 404008 to 426650 (__isoc99_scanf)
Recovering region .data [404010, 404020) in segment .data
Recovering region .bss [404020, 426640) in segment .bss
Recovering extern function printf at 401030
Recovering extern function __isoc99_scanf at 401040
Recovering extern function __libc_start_main at 426640
Recovering extern function printf at 426648
Recovering extern function __isoc99_scanf at 426650
Recovering extern function __gmon_start__ at 426658
Recovered 11 functions.
Saving to: /home/ubuntu/capstone_project/result/pipeline_20260629_141746/s286523912_instsub.cfg
Done analysis!
