Debugging is enabled.
Loading Standard Definitions file: /home/ubuntu/capstone_project/dependency/mcsema/mcsema/lib/python3/site-packages/mcsema_disass-3.1.3.8-py3.8.egg/mcsema_disass/defs/linux.txt
Using Batch mode.
Starting analysis
Recovering module s286523912_fla.elf
Found main at 401140
Looking for instructions in segment .init
  Default block heads for function 401000 with loose bounds [401000, 40101b)
    block [401000, 401014)
    block [401014, 401016)
    block [401016, 40101b)
    chunk [401000, 40101b)
Looking for instructions in segment .plt
  Default block heads for function 401020 with loose bounds [401020, 40102c)
    block [401020, 40102c)
    chunk [401020, 40102c)
  Default block heads for function 401030 with loose bounds [401030, 401036)
    block [401030, 401036)
    chunk [401030, 401036)
  Default block heads for function 401040 with loose bounds [401040, 401046)
    block [401040, 401046)
    chunk [401040, 401046)
Looking for instructions in segment .text
  Default block heads for function 401050 with loose bounds [401050, 401076)
    block [401050, 401076)
    chunk [401050, 401076)
  Default block heads for function 401090 with loose bounds [401090, 4010b1)
    block [401090, 40109d)
    block [40109d, 4010a7)
    block [4010a7, 4010ae)
    block [4010b0, 4010b1)
    chunk [401090, 4010b1)
  Default block heads for function 401100 with loose bounds [401100, 401121)
    block [401100, 40110d)
    block [40110d, 40111f)
    block [401120, 401121)
    chunk [401100, 401121)
  Default block heads for function 401130 with loose bounds [401130, 401136)
    block [401130, 401136)
    chunk [401130, 401136)
    chunk [4010c0, 4010f1)
  Default block heads for function 401140 with loose bounds [401140, 401ab6)
    block [401140, 40115c)
    block [40115c, 401173)
    block [401173, 401178)
    block [401178, 401189)
    block [401189, 40118e)
    block [40118e, 40119f)
    block [40119f, 4011a4)
    block [4011a4, 4011b5)
    block [4011b5, 4011ba)
    block [4011ba, 4011cb)
    block [4011cb, 4011d0)
    block [4011d0, 4011e1)
    block [4011e1, 4011e6)
    block [4011e6, 4011f7)
    block [4011f7, 4011fc)
    block [4011fc, 40120d)
    block [40120d, 401212)
    block [401212, 401223)
    block [401223, 401228)
    block [401228, 401239)
    block [401239, 40123e)
    block [40123e, 40124f)
    block [40124f, 401254)
    block [401254, 401265)
    block [401265, 40126a)
    block [40126a, 40127b)
    block [40127b, 401280)
    block [401280, 401291)
    block [401291, 401296)
    block [401296, 4012a7)
    block [4012a7, 4012ac)
    block [4012ac, 4012bd)
    block [4012bd, 4012c2)
    block [4012c2, 4012d3)
    block [4012d3, 4012d8)
    block [4012d8, 4012e9)
    block [4012e9, 4012ee)
    block [4012ee, 4012ff)
    block [4012ff, 401304)
    block [401304, 401315)
    block [401315, 40131a)
    block [40131a, 40132b)
    block [40132b, 401330)
    block [401330, 401341)
    block [401341, 401346)
    block [401346, 401357)
    block [401357, 40135c)
    block [40135c, 40136d)
    block [40136d, 401372)
    block [401372, 401383)
    block [401383, 401388)
    block [401388, 401399)
    block [401399, 40139e)
    block [40139e, 4013af)
    block [4013af, 4013b4)
    block [4013b4, 4013c5)
    block [4013c5, 4013ca)
    block [4013ca, 4013db)
    block [4013db, 4013e0)
    block [4013e0, 4013f1)
    block [4013f1, 4013f6)
    block [4013f6, 401407)
    block [401407, 40140c)
    block [40140c, 40141d)
    block [40141d, 401422)
    block [401422, 401433)
    block [401433, 401438)
    block [401438, 401449)
    block [401449, 40144e)
    block [40144e, 40145f)
    block [40145f, 401464)
    block [401464, 401469)
    block [401469, 40148a)
    block [40148a, 4014a6)
    block [4014a6, 4014cb)
    block [4014cb, 4014e7)
    block [4014e7, 401536)
    block [401536, 40154e)
    block [40154e, 40155d)
    block [40155d, 401575)
    block [401575, 4015b6)
    block [4015b6, 4015c5)
    block [4015c5, 4015db)
    block [4015db, 4015f9)
    block [4015f9, 4016cf)
    block [4016cf, 4016e7)
    block [4016e7, 401723)
    block [401723, 401743)
    block [401743, 4017a0)
    block [4017a0, 4017af)
    block [4017af, 40180b)
    block [40180b, 401827)
    block [401827, 401881)
    block [401881, 4018d1)
    block [4018d1, 4018ed)
    block [4018ed, 401925)
    block [401925, 401990)
    block [401990, 4019ad)
    block [4019ad, 4019bc)
    block [4019bc, 4019d9)
    block [4019d9, 4019f7)
    block [4019f7, 401a2e)
    block [401a2e, 401a5c)
    block [401a5c, 401a6b)
    block [401a6b, 401a83)
    block [401a83, 401aa6)
    block [401aa6, 401ab1)
    block [401ab1, 401ab6)
    chunk [401140, 401ab6)
  Default block heads for function 401ac0 with loose bounds [401ac0, 401d13)
    block [401ac0, 401b25)
    block [401b25, 401b36)
    block [401b36, 401b3b)
    block [401b3b, 401b49)
    block [401b49, 401b4e)
    block [401b4e, 401b5c)
    block [401b5c, 401b61)
    block [401b61, 401b6f)
    block [401b6f, 401b74)
    block [401b74, 401b82)
    block [401b82, 401b87)
    block [401b87, 401b95)
    block [401b95, 401b9a)
    block [401b9a, 401b9f)
    block [401b9f, 401bc4)
    block [401bc4, 401c3e)
    block [401c3e, 401c4a)
    block [401c4a, 401cee)
    block [401cee, 401d08)
    block [401d08, 401d0e)
    block [401d0e, 401d13)
    chunk [401ac0, 401d13)
  Default block heads for function 401d20 with loose bounds [401d20, 401d5e)
    block [401d20, 401d5e)
    chunk [401d20, 401d5e)
  Default block heads for function 401d60 with loose bounds [401d60, 4021f6)
    block [401d60, 401dd1)
    block [401dd1, 401de8)
    block [401de8, 401ded)
    block [401ded, 401dfe)
    block [401dfe, 401e03)
    block [401e03, 401e14)
    block [401e14, 401e19)
    block [401e19, 401e2a)
    block [401e2a, 401e2f)
    block [401e2f, 401e40)
    block [401e40, 401e45)
    block [401e45, 401e56)
    block [401e56, 401e5b)
    block [401e5b, 401e6c)
    block [401e6c, 401e71)
    block [401e71, 401e82)
    block [401e82, 401e87)
    block [401e87, 401e98)
    block [401e98, 401e9d)
    block [401e9d, 401eae)
    block [401eae, 401eb3)
    block [401eb3, 401ec4)
    block [401ec4, 401ec9)
    block [401ec9, 401eda)
    block [401eda, 401edf)
    block [401edf, 401ef0)
    block [401ef0, 401ef5)
    block [401ef5, 401efa)
    block [401efa, 401f1f)
    block [401f1f, 401f47)
    block [401f47, 401fc2)
    block [401fc2, 402042)
    block [402042, 40205a)
    block [40205a, 402075)
    block [402075, 402084)
    block [402084, 402102)
    block [402102, 40211a)
    block [40211a, 402129)
    block [402129, 402138)
    block [402138, 4021c7)
    block [4021c7, 4021f1)
    block [4021f1, 4021f6)
    chunk [401d60, 4021f6)
Looking for instructions in segment .fini
  Default block heads for function 4021f8 with loose bounds [4021f8, 402205)
    block [4021f8, 402205)
    chunk [4021f8, 402205)
Looking for strings in segment .rodata [403000, 403017)
  Found string b'%d %d %d %d %d' of length 15 at 403004, jumping to 403013
  Found string b'%d\n' of length 4 at 403013, jumping to 403017
Looking for strings in segment .eh_frame_hdr [403018, 40305c)
Looking for strings in segment .eh_frame [403060, 403158)
Looking for strings in segment .init_array [404de8, 404df0)
Looking for strings in segment .fini_array [404df0, 404df8)
Looking for strings in segment .got [404fd8, 404fe8)
Looking for strings in segment .got.plt [404fe8, 405010)
Looking for strings in segment .data [405010, 405020)
Looking for strings in segment .bss [405020, 427640)
Looking for strings in segment extern [427640, 427660)
Looking for cross-references in segment .init [401000, 40101b)
Looking for cross-references in segment .plt [401020, 401050)
  Stopping scan at 40102c
Looking for cross-references in segment .text [401050, 4021f6)
  Stopping scan at 40107c
  Stopping scan at 40108c
  Stopping scan at ffffffffffffffff
  Stopping scan at 4010bc
  Stopping scan at 4010fc
  Stopping scan at ffffffffffffffff
  Stopping scan at 40112c
  Stopping scan at 40113c
  Stopping scan at 401abc
  Stopping scan at 401d1c
  Stopping scan at ffffffffffffffff
Looking for cross-references in segment .fini [4021f8, 402205)
Looking for cross-references in segment .rodata [403000, 403017)
  Found string at 403004, jumping to 403013
  Found string at 403013, jumping to 403017
  Stopping scan at 403013
Looking for cross-references in segment .eh_frame_hdr [403018, 40305c)
  Stopping scan at 403058
Looking for cross-references in segment .eh_frame [403060, 403158)
  Stopping scan at 403154
Looking for cross-references in segment .init_array [404de8, 404df0)
  Adding qword reference from 404de8 to 401130
  Stopping scan at 404de8
Looking for cross-references in segment .fini_array [404df0, 404df8)
  Adding qword reference from 404df0 to 401100
  Stopping scan at 404df0
Looking for cross-references in segment .got [404fd8, 404fe8)
  Adding qword reference from 404fd8 to 427640
  Adding qword reference from 404fe0 to 427658
  Stopping scan at 404fe0
Looking for cross-references in segment .got.plt [404fe8, 405010)
  Adding qword reference from 405000 to 427648
  Adding qword reference from 405008 to 427650
  Stopping scan at 405008
Looking for cross-references in segment .data [405010, 405020)
  Stopping scan at 40501c
Looking for cross-references in segment .bss [405020, 427640)
  Stopping scan at 42763c
Looking for cross-references in segment extern [427640, 427660)
  Stopping scan at 42765c
Looking for thunks
  Found thunk for printf targeting 427648 at 401030
  Found thunk for __isoc99_scanf targeting 427650 at 401040
Looking for external symbols
  Function at 401030 is the external function printf
  Function at 401040 is the external function __isoc99_scanf
  Function at 427640 is the external function __libc_start_main
  Function at 427648 is the external function printf
  Function at 427650 is the external function __isoc99_scanf
  Function at 427658 is the external function __gmon_start__
Looking for entrypoints
Recovering .init_proc at 401000
  Analysing subroutine .init_proc at 401000
    Block head at 0040101b is not code.
  Subroutine .init_proc at 401000 has 3 blocks
  BB: 401000 in func 401000 with 5 insts
    Referenced by data
    I: 401000
    I: 401004
    I: 401008 (mem 404fe0)
    I: 40100f
    I: 401012 (flow 401016)
      Successors: 401014, 401016
  BB: 401014 in func 401000 with 1 insts
    I: 401014
      Successors: 401016
  BB: 401016 in func 401000 with 2 insts
    I: 401016
    I: 40101a
      No successors
Recovering 401020
  Analysing subroutine sub_401020 at 401020
  WARNING: No table entries for indirect jump at 401026; Adding next_ea 40102c as successor.
  Subroutine sub_401020 at 401020 has 2 blocks
  WARNING: No table entries for indirect jump at 401026; Adding next_ea 40102c as successor.
  BB: 401020 in func 401020 with 2 insts
    I: 401020 (mem 404ff0)
    I: 401026 (mem 404ff8)
      Successors: 40102c
  BB: 40102c in func 401020 with 1 insts
    I: 40102c
      No successors
Recovering start at 401050
  Analysing subroutine start at 401050
  Subroutine start at 401050 has 3 blocks
  BB: 401050 in func 401050 with 13 insts
    Referenced by data
    I: 401050
    I: 401054
    I: 401056
    I: 401059
    I: 40105a
    I: 40105d
    I: 401061
    I: 401062
    I: 401063
    I: 401066
    I: 401068 (imm 401140)
    I: 40106f (mem 404fd8)
    I: 401075
      No successors
  BB: 401085 in func 401050 with 2 insts
    I: 401085
    I: 40108f
      No successors
  BB: 401076 in func 401050 with 3 insts
    I: 401076
    I: 401080
    I: 401084
      No successors
Recovering 401090
  Analysing subroutine sub_401090 at 401090
  WARNING: No table entries for indirect jump at 4010ac; Adding next_ea 4010ae as successor.
  WARNING: No table entries for indirect jump at 4010ee; Adding next_ea 4010f0 as successor.
  Subroutine sub_401090 at 401090 has 11 blocks
  BB: 4010c0 in func 401090 with 8 insts
    I: 4010c0 (imm 405020)
    I: 4010c5 (imm 405020)
    I: 4010cc
    I: 4010cf
    I: 4010d3
    I: 4010d7
    I: 4010da
    I: 4010dd (flow 4010f0)
      Successors: 4010f0, 4010df
  WARNING: No table entries for indirect jump at 4010ac; Adding next_ea 4010ae as successor.
  BB: 4010a7 in func 401090 with 2 insts
    I: 4010a7 (imm 405020)
    I: 4010ac
      Successors: 4010ae
  WARNING: No table entries for indirect jump at 4010ee; Adding next_ea 4010f0 as successor.
  BB: 4010e9 in func 401090 with 2 insts
    I: 4010e9 (imm 405020)
    I: 4010ee
      Successors: 4010f0
  BB: 4010ae in func 401090 with 1 insts
    I: 4010ae
      Successors: 4010b0
  BB: 401090 in func 401090 with 3 insts
    I: 401090 (imm 405020)
    I: 401095 (imm 405020)
    I: 40109b (flow 4010b0)
      Successors: 4010b0, 40109d
  BB: 4010b0 in func 401090 with 1 insts
    I: 4010b0
      No successors
  BB: 4010b1 in func 401090 with 2 insts
    I: 4010b1
    I: 4010b5
      Successors: 4010c0
  BB: 4010f0 in func 401090 with 1 insts
    I: 4010f0
      No successors
  BB: 4010f1 in func 401090 with 2 insts
    I: 4010f1
    I: 4010f5
      No successors
  BB: 40109d in func 401090 with 3 insts
    I: 40109d
    I: 4010a2
    I: 4010a5 (flow 4010b0)
      Successors: 4010b0, 4010a7
  BB: 4010df in func 401090 with 3 insts
    I: 4010df
    I: 4010e4
    I: 4010e7 (flow 4010f0)
      Successors: 4010f0, 4010e9
Recovering 401100
  Analysing subroutine sub_401100 at 401100
  Subroutine sub_401100 at 401100 has 5 blocks
  BB: 401100 in func 401100 with 3 insts
    Referenced by data
    I: 401100
    I: 401104 (mem 405020)
    I: 40110b (flow 401120)
      Successors: 401120, 40110d
  BB: 401121 in func 401100 with 2 insts
    I: 401121
    I: 401125
      No successors
  BB: 401120 in func 401100 with 1 insts
    I: 401120
      No successors
  BB: 40110d in func 401100 with 6 insts
    I: 40110d
    I: 40110e
    I: 401111 (flow 401090)
    I: 401116 (mem 405020)
    I: 40111d
    I: 40111e
      No successors
  BB: 40111f in func 401100 with 1 insts
    I: 40111f
      Successors: 401120
Recovering 401130
  Analysing subroutine sub_401130 at 401130
  WARNING: No table entries for indirect jump at 4010ee; Adding next_ea 4010f0 as successor.
  Subroutine sub_401130 at 401130 has 6 blocks
  BB: 4010c0 in func 401130 with 8 insts
    I: 4010c0 (imm 405020)
    I: 4010c5 (imm 405020)
    I: 4010cc
    I: 4010cf
    I: 4010d3
    I: 4010d7
    I: 4010da
    I: 4010dd (flow 4010f0)
      Successors: 4010f0, 4010df
  WARNING: No table entries for indirect jump at 4010ee; Adding next_ea 4010f0 as successor.
  BB: 4010e9 in func 401130 with 2 insts
    I: 4010e9 (imm 405020)
    I: 4010ee
      Successors: 4010f0
  BB: 401130 in func 401130 with 2 insts
    Referenced by data
    I: 401130
    I: 401134 (flow 4010c0)
      Successors: 4010c0
  BB: 4010f0 in func 401130 with 1 insts
    I: 4010f0
      No successors
  BB: 401136 in func 401130 with 1 insts
    I: 401136
      No successors
  BB: 4010df in func 401130 with 3 insts
    I: 4010df
    I: 4010e4
    I: 4010e7 (flow 4010f0)
      Successors: 4010f0, 4010e9
Recovering main at 401140
  Analysing subroutine main at 401140
  Subroutine main at 401140 has 109 blocks
  BB: 401407 in func 401140 with 1 insts
    I: 401407 (flow 40140c)
      Successors: 40140c
  BB: 40180b in func 401140 with 6 insts
    I: 40180b
    I: 401810
    I: 401815
    I: 401819
    I: 40181c
    I: 401822 (flow 401ab1)
      Successors: 401ab1
  BB: 40140c in func 401140 with 3 insts
    I: 40140c
    I: 401412
    I: 401417 (flow 4019f7)
      Successors: 40141d, 4019f7
  BB: 40120d in func 401140 with 1 insts
    I: 40120d (flow 401212)
      Successors: 401212
  BB: 401212 in func 401140 with 3 insts
    I: 401212
    I: 401218
    I: 40121d (flow 401a6b)
      Successors: 401223, 401a6b
  BB: 40141d in func 401140 with 1 insts
    I: 40141d (flow 401422)
      Successors: 401422
  BB: 401422 in func 401140 with 3 insts
    I: 401422
    I: 401428
    I: 40142d (flow 401469)
      Successors: 401469, 401433
  BB: 401223 in func 401140 with 1 insts
    I: 401223 (flow 401228)
      Successors: 401228
  BB: 401827 in func 401140 with 17 insts
    I: 401827
    I: 40182b (disp 407180)
    I: 401832
    I: 401838
    I: 40183c (disp 408130)
    I: 401843
    I: 401849
    I: 401850 (imm 4061b0)
    I: 40185a
    I: 40185e
    I: 401861
    I: 401865
    I: 40186a
    I: 40186f
    I: 401873
    I: 401876
    I: 40187c (flow 401ab1)
      Successors: 401ab1
  BB: 401228 in func 401140 with 3 insts
    I: 401228
    I: 40122e
    I: 401233 (flow 401743)
      Successors: 401239, 401743
  BB: 401a2e in func 401140 with 9 insts
    I: 401a2e
    I: 401a32 (imm 4051e0)
    I: 401a3c
    I: 401a40
    I: 401a43
    I: 401a47
    I: 401a4a
    I: 401a4d
    I: 401a57 (flow 401ab1)
      Successors: 401ab1
  BB: 401433 in func 401140 with 1 insts
    I: 401433 (flow 401438)
      Successors: 401438
  BB: 401438 in func 401140 with 3 insts
    I: 401438
    I: 40143e
    I: 401443 (flow 4015db)
      Successors: 401449, 4015db
  BB: 401239 in func 401140 with 1 insts
    I: 401239 (flow 40123e)
      Successors: 40123e
  BB: 40123e in func 401140 with 3 insts
    I: 40123e
    I: 401244
    I: 401249 (flow 4019d9)
      Successors: 4019d9, 40124f
  BB: 401449 in func 401140 with 1 insts
    I: 401449 (flow 40144e)
      Successors: 40144e
  BB: 40144e in func 401140 with 3 insts
    I: 40144e
    I: 401454
    I: 401459 (flow 4016e7)
      Successors: 4016e7, 40145f
  BB: 40124f in func 401140 with 1 insts
    I: 40124f (flow 401254)
      Successors: 401254
  BB: 401254 in func 401140 with 3 insts
    I: 401254
    I: 40125a
    I: 40125f (flow 401a83)
      Successors: 401a83, 401265
  BB: 401a5c in func 401140 with 2 insts
    I: 401a5c
    I: 401a66 (flow 401ab1)
      Successors: 401ab1
  BB: 40145f in func 401140 with 1 insts
    I: 40145f (flow 401464)
      Successors: 401464
  BB: 4011f7 in func 401140 with 1 insts
    I: 4011f7 (flow 4011fc)
      Successors: 4011fc
  BB: 401464 in func 401140 with 1 insts
    I: 401464 (flow 401ab1)
      Successors: 401ab1
  BB: 401265 in func 401140 with 1 insts
    I: 401265 (flow 40126a)
      Successors: 40126a
  BB: 401469 in func 401140 with 4 insts
    I: 401469 (mem 405030)
    I: 401474
    I: 40147b
    I: 401485 (flow 401ab1)
      Successors: 401ab1
  BB: 40126a in func 401140 with 3 insts
    I: 40126a
    I: 401270
    I: 401275 (flow 401a2e)
      Successors: 40127b, 401a2e
  BB: 401a6b in func 401140 with 5 insts
    I: 401a6b
    I: 401a6e
    I: 401a71
    I: 401a74
    I: 401a7e (flow 401ab1)
      Successors: 401ab1
  BB: 40127b in func 401140 with 1 insts
    I: 40127b (flow 401280)
      Successors: 401280
  BB: 401280 in func 401140 with 3 insts
    I: 401280
    I: 401286
    I: 40128b (flow 40148a)
      Successors: 401291, 40148a
  BB: 401881 in func 401140 with 16 insts
    I: 401881
    I: 401884
    I: 40188a
    I: 40188d
    I: 401893
    I: 401896
    I: 401899
    I: 40189c
    I: 4018a0
    I: 4018a7
    I: 4018aa
    I: 4018b0
    I: 4018b7
    I: 4018bd (flow 401ac0)
    I: 4018c2
    I: 4018cc (flow 401ab1)
      Successors: 401ab1
  BB: 401a83 in func 401140 with 6 insts
    I: 401a83
    I: 401a86 (imm 403013)
    I: 401a90
    I: 401a92 (flow 427648)
    I: 401a97
    I: 401aa1 (flow 401ab1)
      Successors: 401ab1
  BB: 40148a in func 401140 with 6 insts
    I: 40148a
    I: 40148f
    I: 401494
    I: 401498
    I: 40149b
    I: 4014a1 (flow 401ab1)
      Successors: 401ab1
  BB: 401291 in func 401140 with 1 insts
    I: 401291 (flow 401296)
      Successors: 401296
  BB: 401296 in func 401140 with 3 insts
    I: 401296
    I: 40129c
    I: 4012a1 (flow 401925)
      Successors: 401925, 4012a7
  BB: 4014a6 in func 401140 with 5 insts
    I: 4014a6
    I: 4014aa (disp 405040)
    I: 4014b5
    I: 4014bc
    I: 4014c6 (flow 401ab1)
      Successors: 401ab1
  BB: 4012a7 in func 401140 with 1 insts
    I: 4012a7 (flow 4012ac)
      Successors: 4012ac
  BB: 401aa6 in func 401140 with 4 insts
    I: 401aa6
    I: 401aa8
    I: 401aaf
    I: 401ab0
      No successors
  BB: 4012ac in func 401140 with 3 insts
    I: 4012ac
    I: 4012b2
    I: 4012b7 (flow 4018ed)
      Successors: 4018ed, 4012bd
  BB: 401ab1 in func 401140 with 1 insts
    I: 401ab1 (flow 40115c)
      Successors: 40115c
  BB: 401ab6 in func 401140 with 1 insts
    I: 401ab6
      No successors
  BB: 4012bd in func 401140 with 1 insts
    I: 4012bd (flow 4012c2)
      Successors: 4012c2
  BB: 4012c2 in func 401140 with 3 insts
    I: 4012c2
    I: 4012c8
    I: 4012cd (flow 40154e)
      Successors: 4012d3, 40154e
  BB: 4014cb in func 401140 with 6 insts
    I: 4014cb
    I: 4014d0
    I: 4014d5
    I: 4014d9
    I: 4014dc
    I: 4014e2 (flow 401ab1)
      Successors: 401ab1
  BB: 4016cf in func 401140 with 5 insts
    I: 4016cf
    I: 4016d2
    I: 4016d5
    I: 4016d8
    I: 4016e2 (flow 401ab1)
      Successors: 401ab1
  BB: 4018d1 in func 401140 with 6 insts
    I: 4018d1
    I: 4018d6
    I: 4018db
    I: 4018df
    I: 4018e2
    I: 4018e8 (flow 401ab1)
      Successors: 401ab1
  BB: 4012d3 in func 401140 with 1 insts
    I: 4012d3 (flow 4012d8)
      Successors: 4012d8
  BB: 4012d8 in func 401140 with 3 insts
    I: 4012d8
    I: 4012de
    I: 4012e3 (flow 4014a6)
      Successors: 4012e9, 4014a6
  BB: 4014e7 in func 401140 with 14 insts
    I: 4014e7
    I: 4014eb (imm 4051e0)
    I: 4014f5
    I: 4014f9
    I: 4014fc
    I: 401500
    I: 401507
    I: 40150b (imm 4061b0)
    I: 401515
    I: 401519
    I: 40151c
    I: 401520
    I: 401527
    I: 401531 (flow 401ab1)
      Successors: 401ab1
  BB: 4016e7 in func 401140 with 14 insts
    I: 4016e7
    I: 4016ee
    I: 4016f1
    I: 4016f4
    I: 4016f7
    I: 4016fa
    I: 4016fe
    I: 401702
    I: 401705
    I: 401708
    I: 40170c
    I: 40170f (flow 401ac0)
    I: 401714
    I: 40171e (flow 401ab1)
      Successors: 401ab1
  BB: 4012e9 in func 401140 with 1 insts
    I: 4012e9 (flow 4012ee)
      Successors: 4012ee
  BB: 4018ed in func 401140 with 11 insts
    I: 4018ed
    I: 4018f4 (imm 4061b0)
    I: 4018fe
    I: 401902
    I: 401905
    I: 401909
    I: 40190e
    I: 401913
    I: 401917
    I: 40191a
    I: 401920 (flow 401ab1)
      Successors: 401ab1
  BB: 4012ee in func 401140 with 3 insts
    I: 4012ee
    I: 4012f4
    I: 4012f9 (flow 401536)
      Successors: 401536, 4012ff
  BB: 4012ff in func 401140 with 1 insts
    I: 4012ff (flow 401304)
      Successors: 401304
  BB: 401304 in func 401140 with 3 insts
    I: 401304
    I: 40130a
    I: 40130f (flow 4016cf)
      Successors: 401315, 4016cf
  BB: 401315 in func 401140 with 1 insts
    I: 401315 (flow 40131a)
      Successors: 40131a
  BB: 40131a in func 401140 with 3 insts
    I: 40131a
    I: 401320
    I: 401325 (flow 4018d1)
      Successors: 4018d1, 40132b
  BB: 401723 in func 401140 with 6 insts
    I: 401723
    I: 401728
    I: 40172d (mem 405030)
    I: 401735
    I: 401738
    I: 40173e (flow 401ab1)
      Successors: 401ab1
  BB: 401925 in func 401140 with 24 insts
    I: 401925
    I: 401928
    I: 40192e
    I: 401934
    I: 401939
    I: 40193a
    I: 40193c
    I: 40193e
    I: 401944
    I: 401946
    I: 401949
    I: 40194f
    I: 401952
    I: 401955
    I: 401958
    I: 40195b
    I: 40195f
    I: 401966
    I: 401969
    I: 40196f
    I: 401976
    I: 40197c (flow 401ac0)
    I: 401981
    I: 40198b (flow 401ab1)
      Successors: 401ab1
  BB: 40132b in func 401140 with 1 insts
    I: 40132b (flow 401330)
      Successors: 401330
  BB: 401330 in func 401140 with 3 insts
    I: 401330
    I: 401336
    I: 40133b (flow 4015b6)
      Successors: 401341, 4015b6
  BB: 401536 in func 401140 with 5 insts
    I: 401536
    I: 401539
    I: 40153c
    I: 40153f
    I: 401549 (flow 401ab1)
      Successors: 401ab1
  BB: 401140 in func 401140 with 5 insts
    Referenced by data
    I: 401140
    I: 401141
    I: 401144
    I: 40114b
    I: 401152
      Successors: 40115c
  BB: 401341 in func 401140 with 1 insts
    I: 401341 (flow 401346)
      Successors: 401346
  BB: 401743 in func 401140 with 22 insts
    I: 401743 (flow 401d60)
    I: 401748
    I: 40174b
    I: 40174f
    I: 401753
    I: 401757
    I: 40175a
    I: 40175d
    I: 401761
    I: 401765
    I: 401768
    I: 40176b
    I: 40176f (imm 4061b0)
    I: 401779
    I: 40177d
    I: 401780
    I: 401784
    I: 401789
    I: 40178e
    I: 401792
    I: 401795
    I: 40179b (flow 401ab1)
      Successors: 401ab1
  BB: 401346 in func 401140 with 3 insts
    I: 401346
    I: 40134c
    I: 401351 (flow 401881)
      Successors: 401881, 401357
  BB: 40154e in func 401140 with 2 insts
    I: 40154e
    I: 401558 (flow 401ab1)
      Successors: 401ab1
  BB: 401357 in func 401140 with 1 insts
    I: 401357 (flow 40135c)
      Successors: 40135c
  BB: 40115c in func 401140 with 4 insts
    I: 40115c
    I: 401162
    I: 401168
    I: 40116d (flow 401575)
      Successors: 401173, 401575
  BB: 40135c in func 401140 with 3 insts
    I: 40135c
    I: 401362
    I: 401367 (flow 40180b)
      Successors: 40180b, 40136d
  BB: 40155d in func 401140 with 5 insts
    I: 40155d
    I: 401560
    I: 401563
    I: 401566
    I: 401570 (flow 401ab1)
      Successors: 401ab1
  BB: 40136d in func 401140 with 1 insts
    I: 40136d (flow 401372)
      Successors: 401372
  BB: 401372 in func 401140 with 3 insts
    I: 401372
    I: 401378
    I: 40137d (flow 401aa6)
      Successors: 401383, 401aa6
  BB: 401173 in func 401140 with 1 insts
    I: 401173 (flow 401178)
      Successors: 401178
  BB: 401575 in func 401140 with 14 insts
    I: 401575 (imm 403004)
    I: 40157f
    I: 401583
    I: 401587
    I: 40158b
    I: 40158f
    I: 401593
    I: 401595 (flow 427650)
    I: 40159a
    I: 40159f
    I: 4015a4
    I: 4015a8
    I: 4015ab
    I: 4015b1 (flow 401ab1)
      Successors: 401ab1
  BB: 401178 in func 401140 with 3 insts
    I: 401178
    I: 40117e
    I: 401183 (flow 4019bc)
      Successors: 401189, 4019bc
  BB: 401383 in func 401140 with 1 insts
    I: 401383 (flow 401388)
      Successors: 401388
  BB: 401388 in func 401140 with 3 insts
    I: 401388
    I: 40138e
    I: 401393 (flow 4015f9)
      Successors: 401399, 4015f9
  BB: 401189 in func 401140 with 1 insts
    I: 401189 (flow 40118e)
      Successors: 40118e
  BB: 40118e in func 401140 with 3 insts
    I: 40118e
    I: 401194
    I: 401199 (flow 401827)
      Successors: 401827, 40119f
  BB: 401990 in func 401140 with 5 insts
    I: 401990
    I: 401994 (disp 4090e0)
    I: 40199b
    I: 40199e
    I: 4019a8 (flow 401ab1)
      Successors: 401ab1
  BB: 401399 in func 401140 with 1 insts
    I: 401399 (flow 40139e)
      Successors: 40139e
  BB: 40139e in func 401140 with 3 insts
    I: 40139e
    I: 4013a4
    I: 4013a9 (flow 4015c5)
      Successors: 4015c5, 4013af
  BB: 40119f in func 401140 with 1 insts
    I: 40119f (flow 4011a4)
      Successors: 4011a4
  BB: 4017a0 in func 401140 with 2 insts
    I: 4017a0
    I: 4017aa (flow 401ab1)
      Successors: 401ab1
  BB: 4011a4 in func 401140 with 3 insts
    I: 4011a4
    I: 4011aa
    I: 4011af (flow 401990)
      Successors: 401990, 4011b5
  BB: 4019ad in func 401140 with 2 insts
    I: 4019ad
    I: 4019b7 (flow 401ab1)
      Successors: 401ab1
  BB: 4013af in func 401140 with 1 insts
    I: 4013af (flow 4013b4)
      Successors: 4013b4
  BB: 4017af in func 401140 with 18 insts
    I: 4017af
    I: 4017b3 (imm 4061b0)
    I: 4017bd
    I: 4017c1
    I: 4017c4
    I: 4017c8
    I: 4017cf
    I: 4017d2
    I: 4017d6 (imm 4051e0)
    I: 4017e0
    I: 4017e4
    I: 4017e7
    I: 4017eb
    I: 4017ee
    I: 4017f2 (disp 405040)
    I: 4017f9
    I: 4017fc
    I: 401806 (flow 401ab1)
      Successors: 401ab1
  BB: 4013b4 in func 401140 with 3 insts
    I: 4013b4
    I: 4013ba
    I: 4013bf (flow 401a5c)
      Successors: 401a5c, 4013c5
  BB: 4011b5 in func 401140 with 1 insts
    I: 4011b5 (flow 4011ba)
      Successors: 4011ba
  BB: 4015b6 in func 401140 with 2 insts
    I: 4015b6
    I: 4015c0 (flow 401ab1)
      Successors: 401ab1
  BB: 4011ba in func 401140 with 3 insts
    I: 4011ba
    I: 4011c0
    I: 4011c5 (flow 4019ad)
      Successors: 4011cb, 4019ad
  BB: 4019bc in func 401140 with 4 insts
    I: 4019bc
    I: 4019c3
    I: 4019ca
    I: 4019d4 (flow 401ab1)
      Successors: 401ab1
  BB: 4013c5 in func 401140 with 1 insts
    I: 4013c5 (flow 4013ca)
      Successors: 4013ca
  BB: 4015c5 in func 401140 with 3 insts
    I: 4015c5
    I: 4015cc
    I: 4015d6 (flow 401ab1)
      Successors: 401ab1
  BB: 4013ca in func 401140 with 3 insts
    I: 4013ca
    I: 4013d0
    I: 4013d5 (flow 401723)
      Successors: 401723, 4013db
  BB: 4011cb in func 401140 with 1 insts
    I: 4011cb (flow 4011d0)
      Successors: 4011d0
  BB: 4011d0 in func 401140 with 3 insts
    I: 4011d0
    I: 4011d6
    I: 4011db (flow 4014cb)
      Successors: 4011e1, 4014cb
  BB: 4019d9 in func 401140 with 7 insts
    I: 4019d9
    I: 4019dc
    I: 4019e1
    I: 4019e6
    I: 4019e9
    I: 4019ec
    I: 4019f2 (flow 401ab1)
      Successors: 401ab1
  BB: 4013db in func 401140 with 1 insts
    I: 4013db (flow 4013e0)
      Successors: 4013e0
  BB: 4015db in func 401140 with 7 insts
    I: 4015db
    I: 4015de
    I: 4015e3
    I: 4015e8
    I: 4015eb
    I: 4015ee
    I: 4015f4 (flow 401ab1)
      Successors: 401ab1
  BB: 4013e0 in func 401140 with 3 insts
    I: 4013e0
    I: 4013e6
    I: 4013eb (flow 40155d)
      Successors: 4013f1, 40155d
  BB: 4011e1 in func 401140 with 1 insts
    I: 4011e1 (flow 4011e6)
      Successors: 4011e6
  BB: 4011e6 in func 401140 with 3 insts
    I: 4011e6
    I: 4011ec
    I: 4011f1 (flow 4014e7)
      Successors: 4014e7, 4011f7
  BB: 4013f1 in func 401140 with 1 insts
    I: 4013f1 (flow 4013f6)
      Successors: 4013f6
  BB: 4013f6 in func 401140 with 3 insts
    I: 4013f6
    I: 4013fc
    I: 401401 (flow 4017af)
      Successors: 4017af, 401407
  BB: 4019f7 in func 401140 with 12 insts
    I: 4019f7
    I: 4019fb (imm 4051e0)
    I: 401a05
    I: 401a09
    I: 401a0c
    I: 401a10
    I: 401a13
    I: 401a18
    I: 401a1d
    I: 401a20
    I: 401a23
    I: 401a29 (flow 401ab1)
      Successors: 401ab1
  BB: 4015f9 in func 401140 with 52 insts
    I: 4015f9 (imm 40300a)
    I: 401603
    I: 401607
    I: 40160b
    I: 40160f
    I: 401611 (flow 427650)
    I: 401616
    I: 401619
    I: 40161c
    I: 40161f
    I: 401621 (disp 407180)
    I: 401628
    I: 40162b
    I: 40162e
    I: 401631
    I: 401633 (disp 408130)
    I: 40163a
    I: 40163e (disp 405040)
    I: 401645
    I: 401648
    I: 40164b
    I: 40164d (disp 4090e0)
    I: 401654
    I: 401657
    I: 40165a
    I: 40165e (disp 405040)
    I: 401665
    I: 401668
    I: 40166b
    I: 40166e
    I: 401671
    I: 401673 (disp 407180)
    I: 40167a
    I: 40167d
    I: 401680
    I: 401683
    I: 401686
    I: 401688 (disp 408130)
    I: 40168f
    I: 401693 (disp 405040)
    I: 40169a
    I: 40169d
    I: 4016a0
    I: 4016a3
    I: 4016a5 (disp 4090e0)
    I: 4016ac
    I: 4016af
    I: 4016b2
    I: 4016b5
    I: 4016b9 (disp 405040)
    I: 4016c0
    I: 4016ca (flow 401ab1)
      Successors: 401ab1
  BB: 4011fc in func 401140 with 3 insts
    I: 4011fc
    I: 401202
    I: 401207 (flow 4017a0)
      Successors: 4017a0, 40120d
Recovering 401ac0
  Analysing subroutine sub_401AC0 at 401ac0
  Subroutine sub_401AC0 at 401ac0 has 22 blocks
  BB: 401b82 in func 401ac0 with 1 insts
    I: 401b82 (flow 401b87)
      Successors: 401b87
  BB: 401b87 in func 401ac0 with 3 insts
    I: 401b87
    I: 401b8a
    I: 401b8f (flow 401d08)
      Successors: 401d08, 401b95
  BB: 401d08 in func 401ac0 with 3 insts
    I: 401d08
    I: 401d0c
    I: 401d0d
      No successors
  BB: 401d0e in func 401ac0 with 1 insts
    I: 401d0e (flow 401b25)
      Successors: 401b25
  BB: 401d13 in func 401ac0 with 2 insts
    I: 401d13
    I: 401d1d
      No successors
  BB: 401b95 in func 401ac0 with 1 insts
    I: 401b95 (flow 401b9a)
      Successors: 401b9a
  BB: 401b9a in func 401ac0 with 1 insts
    I: 401b9a (flow 401d0e)
      Successors: 401d0e
  BB: 401b9f in func 401ac0 with 11 insts
    I: 401b9f
    I: 401ba2
    I: 401ba7
    I: 401ba8
    I: 401baa
    I: 401bac
    I: 401bb1
    I: 401bb6
    I: 401bb9
    I: 401bbc
    I: 401bbf (flow 401d0e)
      Successors: 401d0e
  BB: 401b25 in func 401ac0 with 4 insts
    I: 401b25
    I: 401b28
    I: 401b2b
    I: 401b30 (flow 401c4a)
      Successors: 401c4a, 401b36
  BB: 401b36 in func 401ac0 with 1 insts
    I: 401b36 (flow 401b3b)
      Successors: 401b3b
  BB: 401b3b in func 401ac0 with 3 insts
    I: 401b3b
    I: 401b3e
    I: 401b43 (flow 401c3e)
      Successors: 401b49, 401c3e
  BB: 401c3e in func 401ac0 with 2 insts
    I: 401c3e
    I: 401c45 (flow 401d0e)
      Successors: 401d0e
  BB: 401ac0 in func 401ac0 with 23 insts
    I: 401ac0
    I: 401ac1
    I: 401ac4
    I: 401ac8
    I: 401acc
    I: 401acf
    I: 401ad3
    I: 401ad7
    I: 401ada
    I: 401add (mem 405030)
    I: 401ae4
    I: 401ae7 (mem 405030)
    I: 401aee (mem 405030)
    I: 401af6 (imm 40a090)
    I: 401b00
    I: 401b04
    I: 401b07
    I: 401b0b
    I: 401b0e
    I: 401b11
    I: 401b14 (mem 405030)
    I: 401b1b
    I: 401b1e
      Successors: 401b25
  BB: 401bc4 in func 401ac0 with 32 insts
    I: 401bc4
    I: 401bc7
    I: 401bcc
    I: 401bcd
    I: 401bcf
    I: 401bd1 (imm 40a090)
    I: 401bdb
    I: 401bdf
    I: 401be2
    I: 401be6 (imm 40a090)
    I: 401bf0
    I: 401bf4
    I: 401bf7
    I: 401bfa
    I: 401bfe
    I: 401c01
    I: 401c04
    I: 401c08
    I: 401c0b
    I: 401c0e
    I: 401c12
    I: 401c15
    I: 401c18
    I: 401c1c
    I: 401c1f (flow 401d20)
    I: 401c24
    I: 401c26
    I: 401c2b
    I: 401c30
    I: 401c33
    I: 401c36
    I: 401c39 (flow 401d0e)
      Successors: 401d0e
  BB: 401b49 in func 401ac0 with 1 insts
    I: 401b49 (flow 401b4e)
      Successors: 401b4e
  BB: 401c4a in func 401ac0 with 41 insts
    I: 401c4a
    I: 401c4e (imm 40a090)
    I: 401c58
    I: 401c5c
    I: 401c5f
    I: 401c62
    I: 401c66
    I: 401c69
    I: 401c6c
    I: 401c70 (imm 40a090)
    I: 401c7a
    I: 401c7e
    I: 401c81
    I: 401c85
    I: 401c88
    I: 401c8d
    I: 401c8e
    I: 401c90
    I: 401c92
    I: 401c96
    I: 401c99 (imm 40a090)
    I: 401ca3
    I: 401ca7
    I: 401caa
    I: 401cad
    I: 401cb0
    I: 401cb3
    I: 401cb6
    I: 401cb9
    I: 401cbe
    I: 401cbf
    I: 401cc1
    I: 401cc4 (imm 40a090)
    I: 401cce
    I: 401cd2
    I: 401cd5
    I: 401cd9
    I: 401cdc
    I: 401cdf
    I: 401ce2
    I: 401ce9 (flow 401d0e)
      Successors: 401d0e
  BB: 401b4e in func 401ac0 with 3 insts
    I: 401b4e
    I: 401b51
    I: 401b56 (flow 401b9f)
      Successors: 401b5c, 401b9f
  BB: 401b5c in func 401ac0 with 1 insts
    I: 401b5c (flow 401b61)
      Successors: 401b61
  BB: 401b61 in func 401ac0 with 3 insts
    I: 401b61
    I: 401b64
    I: 401b69 (flow 401cee)
      Successors: 401cee, 401b6f
  BB: 401cee in func 401ac0 with 7 insts
    I: 401cee
    I: 401cf1
    I: 401cf6
    I: 401cf7
    I: 401cf9
    I: 401cfc
    I: 401d03 (flow 401d0e)
      Successors: 401d0e
  BB: 401b6f in func 401ac0 with 1 insts
    I: 401b6f (flow 401b74)
      Successors: 401b74
  BB: 401b74 in func 401ac0 with 3 insts
    I: 401b74
    I: 401b77
    I: 401b7c (flow 401bc4)
      Successors: 401b82, 401bc4
Recovering 401d20
  Analysing subroutine sub_401D20 at 401d20
  Subroutine sub_401D20 at 401d20 has 2 blocks
  BB: 401d20 in func 401d20 with 21 insts
    I: 401d20
    I: 401d21
    I: 401d24
    I: 401d28
    I: 401d2b
    I: 401d2f
    I: 401d33
    I: 401d36
    I: 401d39
    I: 401d3d
    I: 401d40
    I: 401d44
    I: 401d48
    I: 401d4b
    I: 401d4e
    I: 401d51
    I: 401d54
    I: 401d57
    I: 401d59
    I: 401d5c
    I: 401d5d
      No successors
  BB: 401d5e in func 401d20 with 1 insts
    I: 401d5e
      No successors
Recovering 401d60
  Analysing subroutine sub_401D60 at 401d60
    Block head at 004021f6 is not code.
  Subroutine sub_401D60 at 401d60 has 42 blocks
  BB: 402102 in func 401d60 with 5 insts
    I: 402102
    I: 402105
    I: 402108
    I: 40210b
    I: 402115 (flow 4021f1)
      Successors: 4021f1
  BB: 401e82 in func 401d60 with 1 insts
    I: 401e82 (flow 401e87)
      Successors: 401e87
  BB: 401e03 in func 401d60 with 3 insts
    I: 401e03
    I: 401e09
    I: 401e0e (flow 402042)
      Successors: 402042, 401e14
  BB: 402084 in func 401d60 with 30 insts
    I: 402084
    I: 402087
    I: 40208a
    I: 40208c (imm 40a090)
    I: 402096
    I: 40209a
    I: 40209d
    I: 4020a1 (imm 40a090)
    I: 4020ab
    I: 4020af
    I: 4020b2
    I: 4020b5
    I: 4020b9
    I: 4020bc
    I: 4020bf
    I: 4020c3
    I: 4020c6
    I: 4020c9
    I: 4020d0
    I: 4020d3
    I: 4020d6
    I: 4020dd
    I: 4020e0 (flow 401d20)
    I: 4020e5
    I: 4020e7
    I: 4020ec
    I: 4020f1
    I: 4020f4
    I: 4020f7
    I: 4020fd (flow 4021f1)
      Successors: 4021f1
  BB: 401e87 in func 401d60 with 3 insts
    I: 401e87
    I: 401e8d
    I: 401e92 (flow 4021c7)
      Successors: 401e98, 4021c7
  BB: 401e14 in func 401d60 with 1 insts
    I: 401e14 (flow 401e19)
      Successors: 401e19
  BB: 401e98 in func 401d60 with 1 insts
    I: 401e98 (flow 401e9d)
      Successors: 401e9d
  BB: 401e19 in func 401d60 with 3 insts
    I: 401e19
    I: 401e1f
    I: 401e24 (flow 401fc2)
      Successors: 401fc2, 401e2a
  BB: 40211a in func 401d60 with 2 insts
    I: 40211a
    I: 402124 (flow 4021f1)
      Successors: 4021f1
  BB: 401e9d in func 401d60 with 3 insts
    I: 401e9d
    I: 401ea3
    I: 401ea8 (flow 402075)
      Successors: 402075, 401eae
  BB: 401f1f in func 401d60 with 9 insts
    I: 401f1f
    I: 401f22
    I: 401f25
    I: 401f28
    I: 401f2d
    I: 401f32 (mem 405030)
    I: 401f39
    I: 401f3c
    I: 401f42 (flow 4021f1)
      Successors: 4021f1
  BB: 402129 in func 401d60 with 2 insts
    I: 402129
    I: 402133 (flow 4021f1)
      Successors: 4021f1
  BB: 401e2a in func 401d60 with 1 insts
    I: 401e2a (flow 401e2f)
      Successors: 401e2f
  BB: 401eae in func 401d60 with 1 insts
    I: 401eae (flow 401eb3)
      Successors: 401eb3
  BB: 401e2f in func 401d60 with 3 insts
    I: 401e2f
    I: 401e35
    I: 401e3a (flow 402084)
      Successors: 401e40, 402084
  BB: 401eb3 in func 401d60 with 3 insts
    I: 401eb3
    I: 401eb9
    I: 401ebe (flow 401f47)
      Successors: 401ec4, 401f47
  BB: 402138 in func 401d60 with 32 insts
    I: 402138
    I: 40213c (imm 40a090)
    I: 402146
    I: 40214a
    I: 40214d
    I: 402150
    I: 402154
    I: 402157
    I: 40215a
    I: 40215e (imm 40a090)
    I: 402168
    I: 40216c
    I: 40216f
    I: 402173 (imm 40a090)
    I: 40217d
    I: 402181
    I: 402184
    I: 402187
    I: 40218a
    I: 40218d
    I: 402190
    I: 402194 (imm 40a090)
    I: 40219e
    I: 4021a2
    I: 4021a5
    I: 4021a9
    I: 4021ac
    I: 4021af
    I: 4021b2
    I: 4021b5
    I: 4021b8
    I: 4021c2 (flow 4021f1)
      Successors: 4021f1
  BB: 401e40 in func 401d60 with 1 insts
    I: 401e40 (flow 401e45)
      Successors: 401e45
  BB: 401fc2 in func 401d60 with 33 insts
    I: 401fc2
    I: 401fc5
    I: 401fc8
    I: 401fca (imm 40a090)
    I: 401fd4
    I: 401fd8
    I: 401fdb
    I: 401fde
    I: 401fe1
    I: 401fe4
    I: 401fe7 (imm 40a090)
    I: 401ff1
    I: 401ff5
    I: 401ff8
    I: 401ffb
    I: 401fff
    I: 402002
    I: 402005
    I: 402009
    I: 40200c
    I: 40200f
    I: 402013
    I: 402016
    I: 402019
    I: 40201d
    I: 402020 (flow 401d20)
    I: 402025
    I: 402027
    I: 40202c
    I: 402031
    I: 402034
    I: 402037
    I: 40203d (flow 4021f1)
      Successors: 4021f1
  BB: 402042 in func 401d60 with 5 insts
    I: 402042
    I: 402045
    I: 402048
    I: 40204b
    I: 402055 (flow 4021f1)
      Successors: 4021f1
  BB: 401ec4 in func 401d60 with 1 insts
    I: 401ec4 (flow 401ec9)
      Successors: 401ec9
  BB: 401e45 in func 401d60 with 3 insts
    I: 401e45
    I: 401e4b
    I: 401e50 (flow 401f1f)
      Successors: 401e56, 401f1f
  BB: 401f47 in func 401d60 with 31 insts
    I: 401f47
    I: 401f4a
    I: 401f4d
    I: 401f50
    I: 401f52 (imm 40a090)
    I: 401f5c
    I: 401f60
    I: 401f63
    I: 401f67 (imm 40a090)
    I: 401f71
    I: 401f75
    I: 401f78
    I: 401f7b
    I: 401f7f
    I: 401f82
    I: 401f85
    I: 401f89
    I: 401f8c
    I: 401f8f
    I: 401f93
    I: 401f96
    I: 401f99
    I: 401f9d
    I: 401fa0 (flow 401d20)
    I: 401fa5
    I: 401fa7
    I: 401fac
    I: 401fb1
    I: 401fb4
    I: 401fb7
    I: 401fbd (flow 4021f1)
      Successors: 4021f1
  BB: 4021c7 in func 401d60 with 9 insts
    I: 4021c7
    I: 4021ca
    I: 4021d0
    I: 4021d4
    I: 4021db
    I: 4021e2
    I: 4021e8
    I: 4021ef
    I: 4021f0
      No successors
  BB: 401ec9 in func 401d60 with 3 insts
    I: 401ec9
    I: 401ecf
    I: 401ed4 (flow 402129)
      Successors: 402129, 401eda
  BB: 401dd1 in func 401d60 with 4 insts
    I: 401dd1
    I: 401dd7
    I: 401ddd
    I: 401de2 (flow 402102)
      Successors: 401de8, 402102
  BB: 401e56 in func 401d60 with 1 insts
    I: 401e56 (flow 401e5b)
      Successors: 401e5b
  BB: 401eda in func 401d60 with 1 insts
    I: 401eda (flow 401edf)
      Successors: 401edf
  BB: 401e5b in func 401d60 with 3 insts
    I: 401e5b
    I: 401e61
    I: 401e66 (flow 40205a)
      Successors: 40205a, 401e6c
  BB: 40205a in func 401d60 with 6 insts
    I: 40205a
    I: 40205d
    I: 402060
    I: 402063
    I: 402066
    I: 402070 (flow 4021f1)
      Successors: 4021f1
  BB: 401edf in func 401d60 with 3 insts
    I: 401edf
    I: 401ee5
    I: 401eea (flow 40211a)
      Successors: 401ef0, 40211a
  BB: 401d60 in func 401d60 with 20 insts
    I: 401d60
    I: 401d61
    I: 401d64
    I: 401d6b (mem 40a09c)
    I: 401d73
    I: 401d77 (mem 40a0a4)
    I: 401d7e
    I: 401d81 (mem 405030)
    I: 401d89 (imm 40a090)
    I: 401d93
    I: 401d97
    I: 401d9a
    I: 401d9d (mem 40a09c)
    I: 401da5
    I: 401da8 (mem 40a0a4)
    I: 401daf (mem 405030)
    I: 401db6
    I: 401db9 (mem 405030)
    I: 401dc0
    I: 401dc7
      Successors: 401dd1
  BB: 401de8 in func 401d60 with 1 insts
    I: 401de8 (flow 401ded)
      Successors: 401ded
  BB: 401e6c in func 401d60 with 1 insts
    I: 401e6c (flow 401e71)
      Successors: 401e71
  BB: 401ded in func 401d60 with 3 insts
    I: 401ded
    I: 401df3
    I: 401df8 (flow 401efa)
      Successors: 401efa, 401dfe
  BB: 401ef0 in func 401d60 with 1 insts
    I: 401ef0 (flow 401ef5)
      Successors: 401ef5
  BB: 401e71 in func 401d60 with 3 insts
    I: 401e71
    I: 401e77
    I: 401e7c (flow 402138)
      Successors: 402138, 401e82
  BB: 4021f1 in func 401d60 with 1 insts
    I: 4021f1 (flow 401dd1)
      Successors: 401dd1
  BB: 401ef5 in func 401d60 with 1 insts
    I: 401ef5 (flow 4021f1)
      Successors: 4021f1
  BB: 402075 in func 401d60 with 2 insts
    I: 402075
    I: 40207f (flow 4021f1)
      Successors: 4021f1
  BB: 401efa in func 401d60 with 8 insts
    I: 401efa
    I: 401efd
    I: 401f00
    I: 401f05
    I: 401f0a (mem 405030)
    I: 401f11
    I: 401f14
    I: 401f1a (flow 4021f1)
      Successors: 4021f1
  BB: 401dfe in func 401d60 with 1 insts
    I: 401dfe (flow 401e03)
      Successors: 401e03
Recovering .term_proc at 4021f8
  Analysing subroutine .term_proc at 4021f8
    Block head at 00402205 is not code.
  Subroutine .term_proc at 4021f8 has 1 blocks
  BB: 4021f8 in func 4021f8 with 4 insts
    I: 4021f8
    I: 4021fc
    I: 402200
    I: 402204
      No successors
Global Variable None
WARNING: Global constructor and destructor sections are adjacent!
Recovering region LOAD [400000, 4004e8) in segment LOAD
  8-byte reference at 400018 to 401050 (start)
  8-byte reference at 4000f8 to 401000 (.init_proc)
  8-byte reference at 400130 to 403000 ()
  8-byte reference at 400168 to 404de8 ()
  8-byte reference at 400280 to 403018 ()
  8-byte reference at 4002f0 to 404de8 ()
Recovering region .init [401000, 40101b) in segment .init
Recovering region LOAD [40101b, 401020) in segment LOAD
Recovering region .plt [401020, 401050) in segment .plt
Recovering region .text [401050, 4021f6) in segment .text
Recovering region LOAD [4021f6, 4021f8) in segment LOAD
Recovering region .fini [4021f8, 402205) in segment .fini
Recovering region .rodata [403000, 403017) in segment .rodata
  Variable aDDDDD at 403004
  Variable format at 403013
Recovering region LOAD [403017, 403018) in segment LOAD
Recovering region .eh_frame_hdr [403018, 40305c) in segment .eh_frame_hdr
Recovering region LOAD [40305c, 403060) in segment LOAD
Recovering region .eh_frame [403060, 403158) in segment .eh_frame
Recovering region LOAD [403158, 403198) in segment LOAD
Recovering region .init_array [404de8, 404df8) in segment .init_array
  8-byte reference at 404de8 to 401130 ()
  8-byte reference at 404df0 to 401100 ()
Recovering region LOAD [404df8, 404fd8) in segment LOAD
Recovering region .got [404fd8, 404fe8) in segment .got
  8-byte reference at 404fd8 to 427640 (__libc_start_main)
  8-byte reference at 404fe0 to 427658 (__gmon_start__)
Recovering region .got.plt [404fe8, 405010) in segment .got.plt
  8-byte reference at 405000 to 427648 (printf)
  8-byte reference at 405008 to 427650 (__isoc99_scanf)
Recovering region .data [405010, 405020) in segment .data
Recovering region .bss [405020, 427640) in segment .bss
Recovering extern function printf at 401030
Recovering extern function __isoc99_scanf at 401040
Recovering extern function __libc_start_main at 427640
Recovering extern function printf at 427648
Recovering extern function __isoc99_scanf at 427650
Recovering extern function __gmon_start__ at 427658
Recovered 11 functions.
Saving to: /home/ubuntu/capstone_project/result/pipeline_20260629_141746/s286523912_fla.cfg
Done analysis!
