Debugging is enabled.
Loading Standard Definitions file: /home/ubuntu/capstone_project/dependency/mcsema/mcsema/lib/python3/site-packages/mcsema_disass-3.1.3.8-py3.8.egg/mcsema_disass/defs/linux.txt
Using Batch mode.
Starting analysis
Recovering module s290484179_fla_bcf.elf
Found main at 401e90
Looking for instructions in segment .init
  Default block heads for function 401000 with loose bounds [401000, 40101b)
    block [401000, 401014)
    block [401014, 401016)
    block [401016, 40101b)
    chunk [401000, 40101b)
Looking for instructions in segment .plt
  Default block heads for function 401020 with loose bounds [401020, 40102c)
    block [401020, 40102c)
    chunk [401020, 40102c)
  Default block heads for function 401030 with loose bounds [401030, 401036)
    block [401030, 401036)
    chunk [401030, 401036)
  Default block heads for function 401040 with loose bounds [401040, 401046)
    block [401040, 401046)
    chunk [401040, 401046)
Looking for instructions in segment .text
  Default block heads for function 401050 with loose bounds [401050, 401076)
    block [401050, 401076)
    chunk [401050, 401076)
  Default block heads for function 401090 with loose bounds [401090, 4010b1)
    block [401090, 40109d)
    block [40109d, 4010a7)
    block [4010a7, 4010ae)
    block [4010b0, 4010b1)
    chunk [401090, 4010b1)
  Default block heads for function 401100 with loose bounds [401100, 401121)
    block [401100, 40110d)
    block [40110d, 40111f)
    block [401120, 401121)
    chunk [401100, 401121)
  Default block heads for function 401130 with loose bounds [401130, 401136)
    block [401130, 401136)
    chunk [401130, 401136)
    chunk [4010c0, 4010f1)
  Default block heads for function 401140 with loose bounds [401140, 40115c)
    block [401140, 40115c)
    chunk [401140, 40115c)
  Default block heads for function 401160 with loose bounds [401160, 4012c9)
    block [401160, 4011ab)
    block [4011ab, 4011bc)
    block [4011bc, 4011c1)
    block [4011c1, 4011cf)
    block [4011cf, 4011d4)
    block [4011d4, 4011e2)
    block [4011e2, 4011e7)
    block [4011e7, 4011f5)
    block [4011f5, 4011fa)
    block [4011fa, 4011ff)
    block [4011ff, 40121f)
    block [40121f, 401293)
    block [401293, 40129b)
    block [40129b, 4012c4)
    block [4012c4, 4012c9)
    chunk [401160, 4012c9)
  Default block heads for function 4012d0 with loose bounds [4012d0, 401473)
    block [4012d0, 401316)
    block [401316, 401327)
    block [401327, 40132c)
    block [40132c, 40133a)
    block [40133a, 40133f)
    block [40133f, 40134d)
    block [40134d, 401352)
    block [401352, 401360)
    block [401360, 401365)
    block [401365, 401373)
    block [401373, 401378)
    block [401378, 401386)
    block [401386, 40138b)
    block [40138b, 401390)
    block [401390, 4013b0)
    block [4013b0, 401419)
    block [401419, 401434)
    block [401434, 40144d)
    block [40144d, 401458)
    block [401458, 40146e)
    block [40146e, 401473)
    chunk [4012d0, 401473)
  Default block heads for function 401480 with loose bounds [401480, 40176a)
    block [401480, 4014c9)
    block [4014c9, 4014da)
    block [4014da, 4014df)
    block [4014df, 4014ed)
    block [4014ed, 4014f2)
    block [4014f2, 401500)
    block [401500, 401505)
    block [401505, 401513)
    block [401513, 401518)
    block [401518, 401526)
    block [401526, 40152b)
    block [40152b, 401539)
    block [401539, 40153e)
    block [40153e, 40154c)
    block [40154c, 401551)
    block [401551, 40155f)
    block [40155f, 401564)
    block [401564, 401572)
    block [401572, 401577)
    block [401577, 401585)
    block [401585, 40158a)
    block [40158a, 40158f)
    block [40158f, 4015af)
    block [4015af, 401642)
    block [401642, 40165d)
    block [40165d, 4016a0)
    block [4016a0, 4016ef)
    block [4016ef, 4016fb)
    block [4016fb, 401713)
    block [401713, 40171e)
    block [40171e, 401752)
    block [401752, 401765)
    block [401765, 40176a)
    chunk [401480, 40176a)
  Default block heads for function 401770 with loose bounds [401770, 40182c)
    block [401770, 40178d)
    block [40178d, 40179e)
    block [40179e, 4017a3)
    block [4017a3, 4017b1)
    block [4017b1, 4017b6)
    block [4017b6, 4017c4)
    block [4017c4, 4017c9)
    block [4017c9, 4017d7)
    block [4017d7, 4017dc)
    block [4017dc, 4017e1)
    block [4017e1, 4017fe)
    block [4017fe, 401810)
    block [401810, 401822)
    block [401822, 401827)
    block [401827, 40182c)
    chunk [401770, 40182c)
  Default block heads for function 401830 with loose bounds [401830, 4019d6)
    block [401830, 40184b)
    block [40184b, 40185c)
    block [40185c, 401861)
    block [401861, 40186f)
    block [40186f, 401874)
    block [401874, 401882)
    block [401882, 401887)
    block [401887, 401895)
    block [401895, 40189a)
    block [40189a, 4018a8)
    block [4018a8, 4018ad)
    block [4018ad, 4018bb)
    block [4018bb, 4018c0)
    block [4018c0, 4018ce)
    block [4018ce, 4018d3)
    block [4018d3, 4018d8)
    block [4018d8, 4018f3)
    block [4018f3, 401905)
    block [401905, 401948)
    block [401948, 40199f)
    block [40199f, 4019ab)
    block [4019ab, 4019b4)
    block [4019b4, 4019d1)
    block [4019d1, 4019d6)
    chunk [401830, 4019d6)
  Default block heads for function 4019e0 with loose bounds [4019e0, 401b63)
    block [4019e0, 4019f6)
    block [4019f6, 401a07)
    block [401a07, 401a0c)
    block [401a0c, 401a1a)
    block [401a1a, 401a1f)
    block [401a1f, 401a2d)
    block [401a2d, 401a32)
    block [401a32, 401a40)
    block [401a40, 401a45)
    block [401a45, 401a53)
    block [401a53, 401a58)
    block [401a58, 401a66)
    block [401a66, 401a6b)
    block [401a6b, 401a70)
    block [401a70, 401a8a)
    block [401a8a, 401acd)
    block [401acd, 401b2b)
    block [401b2b, 401b37)
    block [401b37, 401b3c)
    block [401b3c, 401b5e)
    block [401b5e, 401b63)
    chunk [4019e0, 401b63)
  Default block heads for function 401b70 with loose bounds [401b70, 401d11)
    block [401b70, 401b86)
    block [401b86, 401b97)
    block [401b97, 401b9c)
    block [401b9c, 401baa)
    block [401baa, 401baf)
    block [401baf, 401bbd)
    block [401bbd, 401bc2)
    block [401bc2, 401bd0)
    block [401bd0, 401bd5)
    block [401bd5, 401be3)
    block [401be3, 401be8)
    block [401be8, 401bf6)
    block [401bf6, 401bfb)
    block [401bfb, 401c00)
    block [401c00, 401c1a)
    block [401c1a, 401c5d)
    block [401c5d, 401cca)
    block [401cca, 401cd6)
    block [401cd6, 401cdb)
    block [401cdb, 401d0c)
    block [401d0c, 401d11)
    chunk [401b70, 401d11)
  Default block heads for function 401d20 with loose bounds [401d20, 401e90)
    block [401d20, 401d69)
    block [401d69, 401d7a)
    block [401d7a, 401d7f)
    block [401d7f, 401d8d)
    block [401d8d, 401d92)
    block [401d92, 401da0)
    block [401da0, 401da5)
    block [401da5, 401db3)
    block [401db3, 401db8)
    block [401db8, 401dbd)
    block [401dbd, 401ddd)
    block [401ddd, 401e5e)
    block [401e5e, 401e66)
    block [401e66, 401e8b)
    block [401e8b, 401e90)
    chunk [401d20, 401e90)
  Default block heads for function 401e90 with loose bounds [401e90, 402cc5)
    block [401e90, 401eac)
    block [401eac, 401ec3)
    block [401ec3, 401ec8)
    block [401ec8, 401ed9)
    block [401ed9, 401ede)
    block [401ede, 401eef)
    block [401eef, 401ef4)
    block [401ef4, 401f05)
    block [401f05, 401f0a)
    block [401f0a, 401f1b)
    block [401f1b, 401f20)
    block [401f20, 401f31)
    block [401f31, 401f36)
    block [401f36, 401f47)
    block [401f47, 401f4c)
    block [401f4c, 401f5d)
    block [401f5d, 401f62)
    block [401f62, 401f73)
    block [401f73, 401f78)
    block [401f78, 401f89)
    block [401f89, 401f8e)
    block [401f8e, 401f9f)
    block [401f9f, 401fa4)
    block [401fa4, 401fb5)
    block [401fb5, 401fba)
    block [401fba, 401fcb)
    block [401fcb, 401fd0)
    block [401fd0, 401fe1)
    block [401fe1, 401fe6)
    block [401fe6, 401ff7)
    block [401ff7, 401ffc)
    block [401ffc, 40200d)
    block [40200d, 402012)
    block [402012, 402023)
    block [402023, 402028)
    block [402028, 402039)
    block [402039, 40203e)
    block [40203e, 40204f)
    block [40204f, 402054)
    block [402054, 402065)
    block [402065, 40206a)
    block [40206a, 40207b)
    block [40207b, 402080)
    block [402080, 402091)
    block [402091, 402096)
    block [402096, 4020a7)
    block [4020a7, 4020ac)
    block [4020ac, 4020bd)
    block [4020bd, 4020c2)
    block [4020c2, 4020d3)
    block [4020d3, 4020d8)
    block [4020d8, 4020e9)
    block [4020e9, 4020ee)
    block [4020ee, 4020ff)
    block [4020ff, 402104)
    block [402104, 402115)
    block [402115, 40211a)
    block [40211a, 40212b)
    block [40212b, 402130)
    block [402130, 402141)
    block [402141, 402146)
    block [402146, 402157)
    block [402157, 40215c)
    block [40215c, 40216d)
    block [40216d, 402172)
    block [402172, 402183)
    block [402183, 402188)
    block [402188, 402199)
    block [402199, 40219e)
    block [40219e, 4021af)
    block [4021af, 4021b4)
    block [4021b4, 4021c5)
    block [4021c5, 4021ca)
    block [4021ca, 4021db)
    block [4021db, 4021e0)
    block [4021e0, 4021f1)
    block [4021f1, 4021f6)
    block [4021f6, 402207)
    block [402207, 40220c)
    block [40220c, 40221d)
    block [40221d, 402222)
    block [402222, 402233)
    block [402233, 402238)
    block [402238, 402249)
    block [402249, 40224e)
    block [40224e, 40225f)
    block [40225f, 402264)
    block [402264, 402275)
    block [402275, 40227a)
    block [40227a, 40228b)
    block [40228b, 402290)
    block [402290, 4022a1)
    block [4022a1, 4022a6)
    block [4022a6, 4022b7)
    block [4022b7, 4022bc)
    block [4022bc, 4022cd)
    block [4022cd, 4022d2)
    block [4022d2, 4022e3)
    block [4022e3, 4022e8)
    block [4022e8, 4022f9)
    block [4022f9, 4022fe)
    block [4022fe, 40230f)
    block [40230f, 402314)
    block [402314, 402325)
    block [402325, 40232a)
    block [40232a, 40233b)
    block [40233b, 402340)
    block [402340, 402345)
    block [402345, 402376)
    block [402376, 402385)
    block [402385, 4023cb)
    block [4023cb, 40241b)
    block [40241b, 40242a)
    block [40242a, 402450)
    block [402450, 402485)
    block [402485, 4024cb)
    block [4024cb, 402520)
    block [402520, 40252f)
    block [40252f, 402548)
    block [402548, 40258e)
    block [40258e, 4025ea)
    block [4025ea, 402608)
    block [402608, 40264e)
    block [40264e, 4026a8)
    block [4026a8, 4026b7)
    block [4026b7, 4026dd)
    block [4026dd, 40271f)
    block [40271f, 402765)
    block [402765, 4027ba)
    block [4027ba, 4027c9)
    block [4027c9, 4027d8)
    block [4027d8, 40281e)
    block [40281e, 402873)
    block [402873, 402882)
    block [402882, 4028c0)
    block [4028c0, 402906)
    block [402906, 402962)
    block [402962, 402980)
    block [402980, 4029c6)
    block [4029c6, 402a62)
    block [402a62, 402a80)
    block [402a80, 402a99)
    block [402a99, 402aa8)
    block [402aa8, 402ac6)
    block [402ac6, 402ae5)
    block [402ae5, 402b11)
    block [402b11, 402b20)
    block [402b20, 402b66)
    block [402b66, 402bbb)
    block [402bbb, 402bca)
    block [402bca, 402bd9)
    block [402bd9, 402be4)
    block [402be4, 402bfd)
    block [402bfd, 402c1b)
    block [402c1b, 402c2a)
    block [402c2a, 402c4d)
    block [402c4d, 402c6b)
    block [402c6b, 402c89)
    block [402c89, 402c98)
    block [402c98, 402ca7)
    block [402ca7, 402cc0)
    block [402cc0, 402cc5)
    chunk [401e90, 402cc5)
Looking for instructions in segment .fini
  Default block heads for function 402cc8 with loose bounds [402cc8, 402cd5)
    block [402cc8, 402cd5)
    chunk [402cc8, 402cd5)
Looking for strings in segment .rodata [403000, 403012)
  Found string b'%lld' of length 5 at 403007, jumping to 40300c
  Found string b'%lld\n' of length 6 at 40300c, jumping to 403012
Looking for strings in segment .eh_frame_hdr [403014, 403088)
Looking for strings in segment .eh_frame [403088, 403258)
Looking for strings in segment .init_array [404de8, 404df0)
Looking for strings in segment .fini_array [404df0, 404df8)
Looking for strings in segment .got [404fd8, 404fe8)
Looking for strings in segment .got.plt [404fe8, 405010)
Looking for strings in segment .data [405010, 405020)
Looking for strings in segment .bss [405020, 405078)
Looking for strings in segment extern [405078, 405098)
Looking for cross-references in segment .init [401000, 40101b)
Looking for cross-references in segment .plt [401020, 401050)
  Stopping scan at 40102c
Looking for cross-references in segment .text [401050, 402cc5)
  Stopping scan at 40107c
  Stopping scan at 40108c
  Stopping scan at ffffffffffffffff
  Stopping scan at 4010bc
  Stopping scan at 4010fc
  Stopping scan at ffffffffffffffff
  Stopping scan at 40112c
  Stopping scan at 40113c
  Stopping scan at 40115c
  Stopping scan at 4012cc
  Stopping scan at 40147c
  Stopping scan at 40176c
  Stopping scan at 40182c
  Stopping scan at 4019dc
  Stopping scan at 401b6c
  Stopping scan at 401d1c
Looking for cross-references in segment .fini [402cc8, 402cd5)
Looking for cross-references in segment .rodata [403000, 403012)
  Found string at 40300c, jumping to 403012
  Stopping scan at 40300c
Looking for cross-references in segment .eh_frame_hdr [403014, 403088)
  Stopping scan at 403084
Looking for cross-references in segment .eh_frame [403088, 403258)
  Stopping scan at 403254
Looking for cross-references in segment .init_array [404de8, 404df0)
  Adding qword reference from 404de8 to 401130
  Stopping scan at 404de8
Looking for cross-references in segment .fini_array [404df0, 404df8)
  Adding qword reference from 404df0 to 401100
  Stopping scan at 404df0
Looking for cross-references in segment .got [404fd8, 404fe8)
  Adding qword reference from 404fd8 to 405078
  Adding qword reference from 404fe0 to 405090
  Stopping scan at 404fe0
Looking for cross-references in segment .got.plt [404fe8, 405010)
  Adding qword reference from 405000 to 405080
  Adding qword reference from 405008 to 405088
  Stopping scan at 405008
Looking for cross-references in segment .data [405010, 405020)
  Stopping scan at 40501c
Looking for cross-references in segment .bss [405020, 405078)
  Stopping scan at 405074
Looking for cross-references in segment extern [405078, 405098)
  Stopping scan at 405094
Looking for thunks
  Found thunk for printf targeting 405080 at 401030
  Found thunk for __isoc99_scanf targeting 405088 at 401040
Looking for external symbols
  Function at 401030 is the external function printf
  Function at 401040 is the external function __isoc99_scanf
  Function at 405078 is the external function __libc_start_main
  Function at 405080 is the external function printf
  Function at 405088 is the external function __isoc99_scanf
  Function at 405090 is the external function __gmon_start__
Looking for entrypoints
Recovering .init_proc at 401000
  Analysing subroutine .init_proc at 401000
    Block head at 0040101b is not code.
  Subroutine .init_proc at 401000 has 3 blocks
  BB: 401000 in func 401000 with 5 insts
    Referenced by data
    I: 401000
    I: 401004
    I: 401008 (mem 404fe0)
    I: 40100f
    I: 401012 (flow 401016)
      Successors: 401014, 401016
  BB: 401014 in func 401000 with 1 insts
    I: 401014
      Successors: 401016
  BB: 401016 in func 401000 with 2 insts
    I: 401016
    I: 40101a
      No successors
Recovering 401020
  Analysing subroutine sub_401020 at 401020
  WARNING: No table entries for indirect jump at 401026; Adding next_ea 40102c as successor.
  Subroutine sub_401020 at 401020 has 2 blocks
  WARNING: No table entries for indirect jump at 401026; Adding next_ea 40102c as successor.
  BB: 401020 in func 401020 with 2 insts
    I: 401020 (mem 404ff0)
    I: 401026 (mem 404ff8)
      Successors: 40102c
  BB: 40102c in func 401020 with 1 insts
    I: 40102c
      No successors
Recovering start at 401050
  Analysing subroutine start at 401050
  Subroutine start at 401050 has 3 blocks
  BB: 401050 in func 401050 with 13 insts
    Referenced by data
    I: 401050
    I: 401054
    I: 401056
    I: 401059
    I: 40105a
    I: 40105d
    I: 401061
    I: 401062
    I: 401063
    I: 401066
    I: 401068 (imm 401e90)
    I: 40106f (mem 404fd8)
    I: 401075
      No successors
  BB: 401085 in func 401050 with 2 insts
    I: 401085
    I: 40108f
      No successors
  BB: 401076 in func 401050 with 3 insts
    I: 401076
    I: 401080
    I: 401084
      No successors
Recovering 401090
  Analysing subroutine sub_401090 at 401090
  WARNING: No table entries for indirect jump at 4010ac; Adding next_ea 4010ae as successor.
  WARNING: No table entries for indirect jump at 4010ee; Adding next_ea 4010f0 as successor.
  Subroutine sub_401090 at 401090 has 11 blocks
  BB: 4010c0 in func 401090 with 8 insts
    I: 4010c0 (imm 405020)
    I: 4010c5 (imm 405020)
    I: 4010cc
    I: 4010cf
    I: 4010d3
    I: 4010d7
    I: 4010da
    I: 4010dd (flow 4010f0)
      Successors: 4010f0, 4010df
  WARNING: No table entries for indirect jump at 4010ac; Adding next_ea 4010ae as successor.
  BB: 4010a7 in func 401090 with 2 insts
    I: 4010a7 (imm 405020)
    I: 4010ac
      Successors: 4010ae
  WARNING: No table entries for indirect jump at 4010ee; Adding next_ea 4010f0 as successor.
  BB: 4010e9 in func 401090 with 2 insts
    I: 4010e9 (imm 405020)
    I: 4010ee
      Successors: 4010f0
  BB: 4010ae in func 401090 with 1 insts
    I: 4010ae
      Successors: 4010b0
  BB: 401090 in func 401090 with 3 insts
    I: 401090 (imm 405020)
    I: 401095 (imm 405020)
    I: 40109b (flow 4010b0)
      Successors: 4010b0, 40109d
  BB: 4010b0 in func 401090 with 1 insts
    I: 4010b0
      No successors
  BB: 4010b1 in func 401090 with 2 insts
    I: 4010b1
    I: 4010b5
      Successors: 4010c0
  BB: 4010f0 in func 401090 with 1 insts
    I: 4010f0
      No successors
  BB: 4010f1 in func 401090 with 2 insts
    I: 4010f1
    I: 4010f5
      No successors
  BB: 40109d in func 401090 with 3 insts
    I: 40109d
    I: 4010a2
    I: 4010a5 (flow 4010b0)
      Successors: 4010b0, 4010a7
  BB: 4010df in func 401090 with 3 insts
    I: 4010df
    I: 4010e4
    I: 4010e7 (flow 4010f0)
      Successors: 4010f0, 4010e9
Recovering 401100
  Analysing subroutine sub_401100 at 401100
  Subroutine sub_401100 at 401100 has 5 blocks
  BB: 401100 in func 401100 with 3 insts
    Referenced by data
    I: 401100
    I: 401104 (mem 405020)
    I: 40110b (flow 401120)
      Successors: 401120, 40110d
  BB: 401121 in func 401100 with 2 insts
    I: 401121
    I: 401125
      No successors
  BB: 401120 in func 401100 with 1 insts
    I: 401120
      No successors
  BB: 40110d in func 401100 with 6 insts
    I: 40110d
    I: 40110e
    I: 401111 (flow 401090)
    I: 401116 (mem 405020)
    I: 40111d
    I: 40111e
      No successors
  BB: 40111f in func 401100 with 1 insts
    I: 40111f
      Successors: 401120
Recovering 401130
  Analysing subroutine sub_401130 at 401130
  WARNING: No table entries for indirect jump at 4010ee; Adding next_ea 4010f0 as successor.
  Subroutine sub_401130 at 401130 has 6 blocks
  BB: 4010c0 in func 401130 with 8 insts
    I: 4010c0 (imm 405020)
    I: 4010c5 (imm 405020)
    I: 4010cc
    I: 4010cf
    I: 4010d3
    I: 4010d7
    I: 4010da
    I: 4010dd (flow 4010f0)
      Successors: 4010f0, 4010df
  WARNING: No table entries for indirect jump at 4010ee; Adding next_ea 4010f0 as successor.
  BB: 4010e9 in func 401130 with 2 insts
    I: 4010e9 (imm 405020)
    I: 4010ee
      Successors: 4010f0
  BB: 401130 in func 401130 with 2 insts
    Referenced by data
    I: 401130
    I: 401134 (flow 4010c0)
      Successors: 4010c0
  BB: 4010f0 in func 401130 with 1 insts
    I: 4010f0
      No successors
  BB: 401136 in func 401130 with 1 insts
    I: 401136
      No successors
  BB: 4010df in func 401130 with 3 insts
    I: 4010df
    I: 4010e4
    I: 4010e7 (flow 4010f0)
      Successors: 4010f0, 4010e9
Recovering 401140
  Analysing subroutine sub_401140 at 401140
  Subroutine sub_401140 at 401140 has 2 blocks
  BB: 401140 in func 401140 with 10 insts
    I: 401140
    I: 401141
    I: 401144
    I: 401148
    I: 40114c
    I: 401150
    I: 401153
    I: 401157
    I: 40115a
    I: 40115b
      No successors
  BB: 40115c in func 401140 with 1 insts
    I: 40115c
      No successors
Recovering 401160
  Analysing subroutine sub_401160 at 401160
  Subroutine sub_401160 at 401160 has 16 blocks
  BB: 401160 in func 401160 with 22 insts
    I: 401160
    I: 401161
    I: 401164
    I: 401168
    I: 40116c
    I: 401170 (imm 405040)
    I: 401177
    I: 401179 (imm 40506c)
    I: 401180
    I: 401182
    I: 401184
    I: 401187
    I: 40118a
    I: 40118d
    I: 401190
    I: 401193
    I: 401196
    I: 401199
    I: 40119c
    I: 40119f
    I: 4011a1
    I: 4011a4
      Successors: 4011ab
  BB: 4011c1 in func 401160 with 3 insts
    I: 4011c1
    I: 4011c4
    I: 4011c9 (flow 40121f)
      Successors: 40121f, 4011cf
  BB: 4011e2 in func 401160 with 1 insts
    I: 4011e2 (flow 4011e7)
      Successors: 4011e7
  BB: 4012c4 in func 401160 with 1 insts
    I: 4012c4 (flow 4011ab)
      Successors: 4011ab
  BB: 4011e7 in func 401160 with 3 insts
    I: 4011e7
    I: 4011ea
    I: 4011ef (flow 4011ff)
      Successors: 4011f5, 4011ff
  BB: 4012c9 in func 401160 with 1 insts
    I: 4012c9
      No successors
  BB: 4011ab in func 401160 with 4 insts
    I: 4011ab
    I: 4011ae
    I: 4011b1
    I: 4011b6 (flow 401293)
      Successors: 401293, 4011bc
  BB: 4011ff in func 401160 with 9 insts
    I: 4011ff
    I: 401202
    I: 401205
    I: 401207
    I: 40120c
    I: 401211
    I: 401214
    I: 401217
    I: 40121a (flow 4012c4)
      Successors: 4012c4
  BB: 4011cf in func 401160 with 1 insts
    I: 4011cf (flow 4011d4)
      Successors: 4011d4
  BB: 401293 in func 401160 with 4 insts
    I: 401293
    I: 401296
    I: 401299
    I: 40129a
      No successors
  BB: 4011d4 in func 401160 with 3 insts
    I: 4011d4
    I: 4011d7
    I: 4011dc (flow 40129b)
      Successors: 4011e2, 40129b
  BB: 4011f5 in func 401160 with 1 insts
    I: 4011f5 (flow 4011fa)
      Successors: 4011fa
  BB: 4011fa in func 401160 with 1 insts
    I: 4011fa (flow 4012c4)
      Successors: 4012c4
  BB: 40129b in func 401160 with 11 insts
    I: 40129b
    I: 40129f
    I: 4012a3
    I: 4012a6
    I: 4012aa
    I: 4012ad
    I: 4012b0
    I: 4012b4
    I: 4012b7
    I: 4012ba
    I: 4012bd
      Successors: 4012c4
  BB: 4011bc in func 401160 with 1 insts
    I: 4011bc (flow 4011c1)
      Successors: 4011c1
  BB: 40121f in func 401160 with 34 insts
    I: 40121f
    I: 401223
    I: 401227
    I: 40122a
    I: 40122e
    I: 401231
    I: 401234
    I: 401238
    I: 40123b
    I: 40123e
    I: 401241
    I: 401244
    I: 401247
    I: 40124a
    I: 40124d
    I: 401250 (imm 405040)
    I: 401257
    I: 401259 (imm 40506c)
    I: 401260
    I: 401262
    I: 401264
    I: 401267
    I: 40126a
    I: 40126d
    I: 401270
    I: 401273
    I: 401276
    I: 401279
    I: 40127b
    I: 401280
    I: 401285
    I: 401288
    I: 40128b
    I: 40128e (flow 4012c4)
      Successors: 4012c4
Recovering 4012d0
  Analysing subroutine sub_4012D0 at 4012d0
  Subroutine sub_4012D0 at 4012d0 has 22 blocks
  BB: 401386 in func 4012d0 with 1 insts
    I: 401386 (flow 40138b)
      Successors: 40138b
  BB: 40138b in func 4012d0 with 1 insts
    I: 40138b (flow 40146e)
      Successors: 40146e
  BB: 401390 in func 4012d0 with 9 insts
    I: 401390
    I: 401393
    I: 401396
    I: 401398
    I: 40139d
    I: 4013a2
    I: 4013a5
    I: 4013a8
    I: 4013ab (flow 40146e)
      Successors: 40146e
  BB: 401316 in func 4012d0 with 4 insts
    I: 401316
    I: 401319
    I: 40131c
    I: 401321 (flow 401458)
      Successors: 401458, 401327
  BB: 401419 in func 4012d0 with 7 insts
    I: 401419
    I: 40141c
    I: 401421
    I: 401426
    I: 401429
    I: 40142c
    I: 40142f (flow 40146e)
      Successors: 40146e
  BB: 401327 in func 4012d0 with 1 insts
    I: 401327 (flow 40132c)
      Successors: 40132c
  BB: 40132c in func 4012d0 with 3 insts
    I: 40132c
    I: 40132f
    I: 401334 (flow 4013b0)
      Successors: 4013b0, 40133a
  BB: 4013b0 in func 4012d0 with 31 insts
    I: 4013b0
    I: 4013b3
    I: 4013b6
    I: 4013ba
    I: 4013bd
    I: 4013c1
    I: 4013c5
    I: 4013c7
    I: 4013cb
    I: 4013ce
    I: 4013d1
    I: 4013d3
    I: 4013d6 (imm 405044)
    I: 4013dd
    I: 4013df (imm 405070)
    I: 4013e6
    I: 4013e8
    I: 4013ea
    I: 4013ed
    I: 4013f0
    I: 4013f3
    I: 4013f6
    I: 4013f9
    I: 4013fc
    I: 4013ff
    I: 401401
    I: 401406
    I: 40140b
    I: 40140e
    I: 401411
    I: 401414 (flow 40146e)
      Successors: 40146e
  BB: 401434 in func 4012d0 with 6 insts
    I: 401434
    I: 401438
    I: 40143b
    I: 40143f
    I: 401441
    I: 401448 (flow 40146e)
      Successors: 40146e
  BB: 40133a in func 4012d0 with 1 insts
    I: 40133a (flow 40133f)
      Successors: 40133f
  BB: 40133f in func 4012d0 with 3 insts
    I: 40133f
    I: 401342
    I: 401347 (flow 401419)
      Successors: 401419, 40134d
  BB: 40134d in func 4012d0 with 1 insts
    I: 40134d (flow 401352)
      Successors: 401352
  BB: 40144d in func 4012d0 with 5 insts
    I: 40144d
    I: 401451
    I: 401453
    I: 401456
    I: 401457
      No successors
  BB: 4012d0 in func 4012d0 with 21 insts
    I: 4012d0
    I: 4012d1
    I: 4012d4
    I: 4012d8
    I: 4012db (imm 405044)
    I: 4012e2
    I: 4012e4 (imm 405070)
    I: 4012eb
    I: 4012ed
    I: 4012ef
    I: 4012f2
    I: 4012f5
    I: 4012f8
    I: 4012fb
    I: 4012fe
    I: 401301
    I: 401304
    I: 401307
    I: 40130a
    I: 40130c
    I: 40130f
      Successors: 401316
  BB: 401352 in func 4012d0 with 3 insts
    I: 401352
    I: 401355
    I: 40135a (flow 401434)
      Successors: 401360, 401434
  BB: 401458 in func 4012d0 with 6 insts
    I: 401458
    I: 40145b
    I: 40145e
    I: 401462
    I: 401465
    I: 401467
      Successors: 40146e
  BB: 401360 in func 4012d0 with 1 insts
    I: 401360 (flow 401365)
      Successors: 401365
  BB: 401365 in func 4012d0 with 3 insts
    I: 401365
    I: 401368
    I: 40136d (flow 40144d)
      Successors: 401373, 40144d
  BB: 40146e in func 4012d0 with 1 insts
    I: 40146e (flow 401316)
      Successors: 401316
  BB: 401373 in func 4012d0 with 1 insts
    I: 401373 (flow 401378)
      Successors: 401378
  BB: 401473 in func 4012d0 with 2 insts
    I: 401473
    I: 40147d
      No successors
  BB: 401378 in func 4012d0 with 3 insts
    I: 401378
    I: 40137b
    I: 401380 (flow 401390)
      Successors: 401390, 401386
Recovering 401480
  Analysing subroutine sub_401480 at 401480
  Subroutine sub_401480 at 401480 has 34 blocks
  BB: 401480 in func 401480 with 22 insts
    I: 401480
    I: 401481
    I: 401484
    I: 401488
    I: 40148b
    I: 40148e (imm 405048)
    I: 401495
    I: 401497 (imm 405074)
    I: 40149e
    I: 4014a0
    I: 4014a2
    I: 4014a5
    I: 4014a8
    I: 4014ab
    I: 4014ae
    I: 4014b1
    I: 4014b4
    I: 4014b7
    I: 4014ba
    I: 4014bd
    I: 4014bf
    I: 4014c2
      Successors: 4014c9
  BB: 401500 in func 401480 with 1 insts
    I: 401500 (flow 401505)
      Successors: 401505
  BB: 401505 in func 401480 with 3 insts
    I: 401505
    I: 401508
    I: 40150d (flow 40171e)
      Successors: 401513, 40171e
  BB: 401585 in func 401480 with 1 insts
    I: 401585 (flow 40158a)
      Successors: 40158a
  BB: 40158a in func 401480 with 1 insts
    I: 40158a (flow 401765)
      Successors: 401765
  BB: 40158f in func 401480 with 9 insts
    I: 40158f
    I: 401592
    I: 401595
    I: 401597
    I: 40159c
    I: 4015a1
    I: 4015a4
    I: 4015a7
    I: 4015aa (flow 401765)
      Successors: 401765
  BB: 401513 in func 401480 with 1 insts
    I: 401513 (flow 401518)
      Successors: 401518
  BB: 401713 in func 401480 with 5 insts
    I: 401713
    I: 401717
    I: 401719
    I: 40171c
    I: 40171d
      No successors
  BB: 401518 in func 401480 with 3 insts
    I: 401518
    I: 40151b
    I: 401520 (flow 4016ef)
      Successors: 401526, 4016ef
  BB: 40171e in func 401480 with 15 insts
    I: 40171e
    I: 401721
    I: 401724
    I: 401727
    I: 40172b
    I: 40172e
    I: 401731
    I: 401735
    I: 401738
    I: 40173b
    I: 40173f
    I: 401742
    I: 401744
    I: 401746
    I: 40174d (flow 401765)
      Successors: 401765
  BB: 4016a0 in func 401480 with 23 insts
    I: 4016a0
    I: 4016a4
    I: 4016a6
    I: 4016aa
    I: 4016ac (imm 405048)
    I: 4016b3
    I: 4016b5 (imm 405074)
    I: 4016bc
    I: 4016be
    I: 4016c0
    I: 4016c3
    I: 4016c6
    I: 4016c9
    I: 4016cc
    I: 4016cf
    I: 4016d2
    I: 4016d5
    I: 4016d7
    I: 4016dc
    I: 4016e1
    I: 4016e4
    I: 4016e7
    I: 4016ea (flow 401765)
      Successors: 401765
  BB: 401526 in func 401480 with 1 insts
    I: 401526 (flow 40152b)
      Successors: 40152b
  BB: 40152b in func 401480 with 3 insts
    I: 40152b
    I: 40152e
    I: 401533 (flow 40158f)
      Successors: 401539, 40158f
  BB: 4015af in func 401480 with 44 insts
    I: 4015af
    I: 4015b2
    I: 4015b5
    I: 4015b8
    I: 4015bc
    I: 4015bf
    I: 4015c3
    I: 4015c6
    I: 4015ca
    I: 4015cd
    I: 4015d1
    I: 4015d4
    I: 4015d8
    I: 4015db
    I: 4015df
    I: 4015e3
    I: 4015e5
    I: 4015e9
    I: 4015eb
    I: 4015ef
    I: 4015f1
    I: 4015f5
    I: 4015f7
    I: 4015fa
    I: 4015fc
    I: 4015ff (imm 405048)
    I: 401606
    I: 401608 (imm 405074)
    I: 40160f
    I: 401611
    I: 401613
    I: 401616
    I: 401619
    I: 40161c
    I: 40161f
    I: 401622
    I: 401625
    I: 401628
    I: 40162a
    I: 40162f
    I: 401634
    I: 401637
    I: 40163a
    I: 40163d (flow 401765)
      Successors: 401765
  BB: 401539 in func 401480 with 1 insts
    I: 401539 (flow 40153e)
      Successors: 40153e
  BB: 40153e in func 401480 with 3 insts
    I: 40153e
    I: 401541
    I: 401546 (flow 4015af)
      Successors: 40154c, 4015af
  BB: 401642 in func 401480 with 7 insts
    I: 401642
    I: 401645
    I: 40164a
    I: 40164f
    I: 401652
    I: 401655
    I: 401658 (flow 401765)
      Successors: 401765
  BB: 4014c9 in func 401480 with 4 insts
    I: 4014c9
    I: 4014cc
    I: 4014cf
    I: 4014d4 (flow 4016a0)
      Successors: 4016a0, 4014da
  BB: 40154c in func 401480 with 1 insts
    I: 40154c (flow 401551)
      Successors: 401551
  BB: 401551 in func 401480 with 3 insts
    I: 401551
    I: 401554
    I: 401559 (flow 40165d)
      Successors: 40165d, 40155f
  BB: 401752 in func 401480 with 5 insts
    I: 401752
    I: 401756
    I: 401758
    I: 40175c
    I: 40175e
      Successors: 401765
  BB: 4014da in func 401480 with 1 insts
    I: 4014da (flow 4014df)
      Successors: 4014df
  BB: 40165d in func 401480 with 19 insts
    I: 40165d (imm 405048)
    I: 401664
    I: 401666 (imm 405074)
    I: 40166d
    I: 40166f
    I: 401671
    I: 401674
    I: 401677
    I: 40167a
    I: 40167d
    I: 401680
    I: 401683
    I: 401686
    I: 401688
    I: 40168d
    I: 401692
    I: 401695
    I: 401698
    I: 40169b (flow 401765)
      Successors: 401765
  BB: 40155f in func 401480 with 1 insts
    I: 40155f (flow 401564)
      Successors: 401564
  BB: 4014df in func 401480 with 3 insts
    I: 4014df
    I: 4014e2
    I: 4014e7 (flow 401752)
      Successors: 401752, 4014ed
  BB: 401564 in func 401480 with 3 insts
    I: 401564
    I: 401567
    I: 40156c (flow 401713)
      Successors: 401572, 401713
  BB: 401765 in func 401480 with 1 insts
    I: 401765 (flow 4014c9)
      Successors: 4014c9
  BB: 40176a in func 401480 with 1 insts
    I: 40176a
      No successors
  BB: 4014ed in func 401480 with 1 insts
    I: 4014ed (flow 4014f2)
      Successors: 4014f2
  BB: 4016ef in func 401480 with 2 insts
    I: 4016ef
    I: 4016f6 (flow 401765)
      Successors: 401765
  BB: 4014f2 in func 401480 with 3 insts
    I: 4014f2
    I: 4014f5
    I: 4014fa (flow 401642)
      Successors: 401500, 401642
  BB: 401572 in func 401480 with 1 insts
    I: 401572 (flow 401577)
      Successors: 401577
  BB: 401577 in func 401480 with 3 insts
    I: 401577
    I: 40157a
    I: 40157f (flow 4016fb)
      Successors: 4016fb, 401585
  BB: 4016fb in func 401480 with 6 insts
    I: 4016fb
    I: 4016ff
    I: 401701
    I: 401705
    I: 401707
    I: 40170e (flow 401765)
      Successors: 401765
Recovering 401770
  Analysing subroutine sub_401770 at 401770
  Subroutine sub_401770 at 401770 has 16 blocks
  BB: 4017e1 in func 401770 with 8 insts
    I: 4017e1
    I: 4017e4
    I: 4017e7
    I: 4017ec
    I: 4017f1
    I: 4017f3
    I: 4017f6
    I: 4017f9 (flow 401827)
      Successors: 401827
  BB: 401822 in func 401770 with 3 insts
    I: 401822
    I: 401825
    I: 401826
      No successors
  BB: 4017a3 in func 401770 with 3 insts
    I: 4017a3
    I: 4017a6
    I: 4017ab (flow 4017fe)
      Successors: 4017b1, 4017fe
  BB: 4017c4 in func 401770 with 1 insts
    I: 4017c4 (flow 4017c9)
      Successors: 4017c9
  BB: 401827 in func 401770 with 1 insts
    I: 401827 (flow 40178d)
      Successors: 40178d
  BB: 4017c9 in func 401770 with 3 insts
    I: 4017c9
    I: 4017cc
    I: 4017d1 (flow 401822)
      Successors: 401822, 4017d7
  BB: 40182c in func 401770 with 1 insts
    I: 40182c
      No successors
  BB: 40178d in func 401770 with 4 insts
    I: 40178d
    I: 401790
    I: 401793
    I: 401798 (flow 401810)
      Successors: 401810, 40179e
  BB: 401770 in func 401770 with 9 insts
    I: 401770
    I: 401771
    I: 401774
    I: 401777
    I: 40177a
    I: 40177d
    I: 401780
    I: 401783
    I: 401786
      Successors: 40178d
  BB: 4017b1 in func 401770 with 1 insts
    I: 4017b1 (flow 4017b6)
      Successors: 4017b6
  BB: 401810 in func 401770 with 4 insts
    I: 401810
    I: 401813
    I: 401816
    I: 40181d (flow 401827)
      Successors: 401827
  BB: 40179e in func 401770 with 1 insts
    I: 40179e (flow 4017a3)
      Successors: 4017a3
  BB: 4017b6 in func 401770 with 3 insts
    I: 4017b6
    I: 4017b9
    I: 4017be (flow 4017e1)
      Successors: 4017e1, 4017c4
  BB: 4017d7 in func 401770 with 1 insts
    I: 4017d7 (flow 4017dc)
      Successors: 4017dc
  BB: 4017dc in func 401770 with 1 insts
    I: 4017dc (flow 401827)
      Successors: 401827
  BB: 4017fe in func 401770 with 4 insts
    I: 4017fe
    I: 401801
    I: 401804
    I: 40180b (flow 401827)
      Successors: 401827
Recovering 401830
  Analysing subroutine sub_401830 at 401830
  Subroutine sub_401830 at 401830 has 25 blocks
  BB: 401882 in func 401830 with 1 insts
    I: 401882 (flow 401887)
      Successors: 401887
  BB: 401905 in func 401830 with 19 insts
    I: 401905 (imm 405038)
    I: 40190c
    I: 40190e (imm 405064)
    I: 401915
    I: 401917
    I: 401919
    I: 40191c
    I: 40191f
    I: 401922
    I: 401925
    I: 401928
    I: 40192b
    I: 40192e
    I: 401930
    I: 401935
    I: 40193a
    I: 40193d
    I: 401940
    I: 401943 (flow 4019d1)
      Successors: 4019d1
  BB: 401887 in func 401830 with 3 insts
    I: 401887
    I: 40188a
    I: 40188f (flow 4018f3)
      Successors: 4018f3, 401895
  BB: 401895 in func 401830 with 1 insts
    I: 401895 (flow 40189a)
      Successors: 40189a
  BB: 40189a in func 401830 with 3 insts
    I: 40189a
    I: 40189d
    I: 4018a2 (flow 40199f)
      Successors: 4018a8, 40199f
  BB: 40199f in func 401830 with 2 insts
    I: 40199f
    I: 4019a6 (flow 4019d1)
      Successors: 4019d1
  BB: 4018a8 in func 401830 with 1 insts
    I: 4018a8 (flow 4018ad)
      Successors: 4018ad
  BB: 4019ab in func 401830 with 4 insts
    I: 4019ab
    I: 4019ae
    I: 4019b2
    I: 4019b3
      No successors
  BB: 4018ad in func 401830 with 3 insts
    I: 4018ad
    I: 4018b0
    I: 4018b5 (flow 401905)
      Successors: 4018bb, 401905
  BB: 401830 in func 401830 with 8 insts
    I: 401830
    I: 401831
    I: 401834
    I: 401838
    I: 40183b
    I: 40183e
    I: 401841
    I: 401844
      Successors: 40184b
  BB: 4019b4 in func 401830 with 9 insts
    I: 4019b4
    I: 4019b7
    I: 4019ba
    I: 4019bd
    I: 4019be
    I: 4019c0
    I: 4019c2 (flow 401830)
    I: 4019c7
    I: 4019ca
      Successors: 4019d1
  BB: 4018bb in func 401830 with 1 insts
    I: 4018bb (flow 4018c0)
      Successors: 4018c0
  BB: 4018c0 in func 401830 with 3 insts
    I: 4018c0
    I: 4018c3
    I: 4018c8 (flow 4019ab)
      Successors: 4019ab, 4018ce
  BB: 401948 in func 401830 with 26 insts
    I: 401948
    I: 40194b
    I: 40194e
    I: 40194f
    I: 401952
    I: 401954 (flow 401830)
    I: 401959
    I: 40195c (imm 405038)
    I: 401963
    I: 401965 (imm 405064)
    I: 40196c
    I: 40196e
    I: 401970
    I: 401973
    I: 401976
    I: 401979
    I: 40197c
    I: 40197f
    I: 401982
    I: 401985
    I: 401987
    I: 40198c
    I: 401991
    I: 401994
    I: 401997
    I: 40199a (flow 4019d1)
      Successors: 4019d1
  BB: 40184b in func 401830 with 4 insts
    I: 40184b
    I: 40184e
    I: 401851
    I: 401856 (flow 4019b4)
      Successors: 4019b4, 40185c
  BB: 4018ce in func 401830 with 1 insts
    I: 4018ce (flow 4018d3)
      Successors: 4018d3
  BB: 4019d1 in func 401830 with 1 insts
    I: 4019d1 (flow 40184b)
      Successors: 40184b
  BB: 4018d3 in func 401830 with 1 insts
    I: 4018d3 (flow 4019d1)
      Successors: 4019d1
  BB: 4019d6 in func 401830 with 1 insts
    I: 4019d6
      No successors
  BB: 4018d8 in func 401830 with 7 insts
    I: 4018d8
    I: 4018db
    I: 4018e0
    I: 4018e5
    I: 4018e8
    I: 4018eb
    I: 4018ee (flow 4019d1)
      Successors: 4019d1
  BB: 40185c in func 401830 with 1 insts
    I: 40185c (flow 401861)
      Successors: 401861
  BB: 401861 in func 401830 with 3 insts
    I: 401861
    I: 401864
    I: 401869 (flow 4018d8)
      Successors: 4018d8, 40186f
  BB: 40186f in func 401830 with 1 insts
    I: 40186f (flow 401874)
      Successors: 401874
  BB: 4018f3 in func 401830 with 4 insts
    I: 4018f3
    I: 4018f6
    I: 4018f9
    I: 401900 (flow 4019d1)
      Successors: 4019d1
  BB: 401874 in func 401830 with 3 insts
    I: 401874
    I: 401877
    I: 40187c (flow 401948)
      Successors: 401948, 401882
Recovering 4019e0
  Analysing subroutine sub_4019E0 at 4019e0
  Subroutine sub_4019E0 at 4019e0 has 22 blocks
  BB: 401a07 in func 4019e0 with 1 insts
    I: 401a07 (flow 401a0c)
      Successors: 401a0c
  BB: 401a8a in func 4019e0 with 19 insts
    I: 401a8a (imm 40502c)
    I: 401a91
    I: 401a93 (imm 405058)
    I: 401a9a
    I: 401a9c
    I: 401a9e
    I: 401aa1
    I: 401aa4
    I: 401aa7
    I: 401aaa
    I: 401aad
    I: 401ab0
    I: 401ab3
    I: 401ab5
    I: 401aba
    I: 401abf
    I: 401ac2
    I: 401ac5
    I: 401ac8 (flow 401b5e)
      Successors: 401b5e
  BB: 401a0c in func 4019e0 with 3 insts
    I: 401a0c
    I: 401a0f
    I: 401a14 (flow 401b37)
      Successors: 401a1a, 401b37
  BB: 401a1a in func 4019e0 with 1 insts
    I: 401a1a (flow 401a1f)
      Successors: 401a1f
  BB: 401a1f in func 4019e0 with 3 insts
    I: 401a1f
    I: 401a22
    I: 401a27 (flow 401b3c)
      Successors: 401b3c, 401a2d
  BB: 401b2b in func 4019e0 with 2 insts
    I: 401b2b
    I: 401b32 (flow 401b5e)
      Successors: 401b5e
  BB: 401a2d in func 4019e0 with 1 insts
    I: 401a2d (flow 401a32)
      Successors: 401a32
  BB: 401a32 in func 4019e0 with 3 insts
    I: 401a32
    I: 401a35
    I: 401a3a (flow 401a8a)
      Successors: 401a40, 401a8a
  BB: 401b37 in func 4019e0 with 3 insts
    I: 401b37
    I: 401b3a
    I: 401b3b
      No successors
  BB: 401b3c in func 4019e0 with 9 insts
    I: 401b3c
    I: 401b40
    I: 401b45
    I: 401b47
    I: 401b4a
    I: 401b4e
    I: 401b51
    I: 401b54
    I: 401b57
      Successors: 401b5e
  BB: 401a40 in func 4019e0 with 1 insts
    I: 401a40 (flow 401a45)
      Successors: 401a45
  BB: 401a45 in func 4019e0 with 3 insts
    I: 401a45
    I: 401a48
    I: 401a4d (flow 401a70)
      Successors: 401a70, 401a53
  BB: 401acd in func 4019e0 with 27 insts
    I: 401acd
    I: 401ad1
    I: 401ad6
    I: 401ad8
    I: 401adb
    I: 401adf
    I: 401ae2
    I: 401ae5
    I: 401ae8 (imm 40502c)
    I: 401aef
    I: 401af1 (imm 405058)
    I: 401af8
    I: 401afa
    I: 401afc
    I: 401aff
    I: 401b02
    I: 401b05
    I: 401b08
    I: 401b0b
    I: 401b0e
    I: 401b11
    I: 401b13
    I: 401b18
    I: 401b1d
    I: 401b20
    I: 401b23
    I: 401b26 (flow 401b5e)
      Successors: 401b5e
  BB: 401a53 in func 4019e0 with 1 insts
    I: 401a53 (flow 401a58)
      Successors: 401a58
  BB: 401a58 in func 4019e0 with 3 insts
    I: 401a58
    I: 401a5b
    I: 401a60 (flow 401acd)
      Successors: 401acd, 401a66
  BB: 401b5e in func 4019e0 with 1 insts
    I: 401b5e (flow 4019f6)
      Successors: 4019f6
  BB: 4019e0 in func 4019e0 with 5 insts
    I: 4019e0
    I: 4019e1
    I: 4019e4
    I: 4019e8
    I: 4019ef
      Successors: 4019f6
  BB: 401b63 in func 4019e0 with 2 insts
    I: 401b63
    I: 401b6d
      No successors
  BB: 401a66 in func 4019e0 with 1 insts
    I: 401a66 (flow 401a6b)
      Successors: 401a6b
  BB: 401a6b in func 4019e0 with 1 insts
    I: 401a6b (flow 401b5e)
      Successors: 401b5e
  BB: 401a70 in func 4019e0 with 6 insts
    I: 401a70
    I: 401a75
    I: 401a7a
    I: 401a7f
    I: 401a82
    I: 401a85 (flow 401b5e)
      Successors: 401b5e
  BB: 4019f6 in func 4019e0 with 4 insts
    I: 4019f6
    I: 4019f9
    I: 4019fc
    I: 401a01 (flow 401b2b)
      Successors: 401b2b, 401a07
Recovering 401b70
  Analysing subroutine sub_401B70 at 401b70
  Subroutine sub_401B70 at 401b70 has 22 blocks
  BB: 401c00 in func 401b70 with 6 insts
    I: 401c00
    I: 401c05
    I: 401c0a
    I: 401c0f
    I: 401c12
    I: 401c15 (flow 401d0c)
      Successors: 401d0c
  BB: 401b86 in func 401b70 with 4 insts
    I: 401b86
    I: 401b89
    I: 401b8c
    I: 401b91 (flow 401c5d)
      Successors: 401c5d, 401b97
  BB: 401d0c in func 401b70 with 1 insts
    I: 401d0c (flow 401b86)
      Successors: 401b86
  BB: 401d11 in func 401b70 with 2 insts
    I: 401d11
    I: 401d1b
      No successors
  BB: 401b97 in func 401b70 with 1 insts
    I: 401b97 (flow 401b9c)
      Successors: 401b9c
  BB: 401c1a in func 401b70 with 19 insts
    I: 401c1a (imm 405028)
    I: 401c21
    I: 401c23 (imm 405054)
    I: 401c2a
    I: 401c2c
    I: 401c2e
    I: 401c31
    I: 401c34
    I: 401c37
    I: 401c3a
    I: 401c3d
    I: 401c40
    I: 401c43
    I: 401c45
    I: 401c4a
    I: 401c4f
    I: 401c52
    I: 401c55
    I: 401c58 (flow 401d0c)
      Successors: 401d0c
  BB: 401b9c in func 401b70 with 3 insts
    I: 401b9c
    I: 401b9f
    I: 401ba4 (flow 401c1a)
      Successors: 401baa, 401c1a
  BB: 401baa in func 401b70 with 1 insts
    I: 401baa (flow 401baf)
      Successors: 401baf
  BB: 401baf in func 401b70 with 3 insts
    I: 401baf
    I: 401bb2
    I: 401bb7 (flow 401cdb)
      Successors: 401cdb, 401bbd
  BB: 401bbd in func 401b70 with 1 insts
    I: 401bbd (flow 401bc2)
      Successors: 401bc2
  BB: 401bc2 in func 401b70 with 3 insts
    I: 401bc2
    I: 401bc5
    I: 401bca (flow 401cca)
      Successors: 401bd0, 401cca
  BB: 401cca in func 401b70 with 2 insts
    I: 401cca
    I: 401cd1 (flow 401d0c)
      Successors: 401d0c
  BB: 401bd0 in func 401b70 with 1 insts
    I: 401bd0 (flow 401bd5)
      Successors: 401bd5
  BB: 401bd5 in func 401b70 with 3 insts
    I: 401bd5
    I: 401bd8
    I: 401bdd (flow 401c00)
      Successors: 401c00, 401be3
  BB: 401cd6 in func 401b70 with 3 insts
    I: 401cd6
    I: 401cd9
    I: 401cda
      No successors
  BB: 401cdb in func 401b70 with 13 insts
    I: 401cdb
    I: 401cdf
    I: 401ce4
    I: 401ce6
    I: 401ce9
    I: 401ced
    I: 401cf0
    I: 401cf3
    I: 401cf7
    I: 401cfc
    I: 401cfe
    I: 401d01
    I: 401d05
      Successors: 401d0c
  BB: 401c5d in func 401b70 with 31 insts
    I: 401c5d
    I: 401c61
    I: 401c66
    I: 401c68
    I: 401c6b
    I: 401c6f
    I: 401c72
    I: 401c75
    I: 401c79
    I: 401c7e
    I: 401c80
    I: 401c83
    I: 401c87 (imm 405028)
    I: 401c8e
    I: 401c90 (imm 405054)
    I: 401c97
    I: 401c99
    I: 401c9b
    I: 401c9e
    I: 401ca1
    I: 401ca4
    I: 401ca7
    I: 401caa
    I: 401cad
    I: 401cb0
    I: 401cb2
    I: 401cb7
    I: 401cbc
    I: 401cbf
    I: 401cc2
    I: 401cc5 (flow 401d0c)
      Successors: 401d0c
  BB: 401be3 in func 401b70 with 1 insts
    I: 401be3 (flow 401be8)
      Successors: 401be8
  BB: 401be8 in func 401b70 with 3 insts
    I: 401be8
    I: 401beb
    I: 401bf0 (flow 401cd6)
      Successors: 401cd6, 401bf6
  BB: 401b70 in func 401b70 with 5 insts
    I: 401b70
    I: 401b71
    I: 401b74
    I: 401b78
    I: 401b7f
      Successors: 401b86
  BB: 401bf6 in func 401b70 with 1 insts
    I: 401bf6 (flow 401bfb)
      Successors: 401bfb
  BB: 401bfb in func 401b70 with 1 insts
    I: 401bfb (flow 401d0c)
      Successors: 401d0c
Recovering 401d20
  Analysing subroutine sub_401D20 at 401d20
  Subroutine sub_401D20 at 401d20 has 15 blocks
  BB: 401d20 in func 401d20 with 22 insts
    I: 401d20
    I: 401d21
    I: 401d24
    I: 401d28
    I: 401d2b
    I: 401d2e (imm 405034)
    I: 401d35
    I: 401d37 (imm 40505c)
    I: 401d3e
    I: 401d40
    I: 401d42
    I: 401d45
    I: 401d48
    I: 401d4b
    I: 401d4e
    I: 401d51
    I: 401d54
    I: 401d57
    I: 401d5a
    I: 401d5d
    I: 401d5f
    I: 401d62
      Successors: 401d69
  BB: 401da0 in func 401d20 with 1 insts
    I: 401da0 (flow 401da5)
      Successors: 401da5
  BB: 401da5 in func 401d20 with 3 insts
    I: 401da5
    I: 401da8
    I: 401dad (flow 401e5e)
      Successors: 401db3, 401e5e
  BB: 401e66 in func 401d20 with 11 insts
    I: 401e66
    I: 401e69
    I: 401e6c
    I: 401e6f
    I: 401e73
    I: 401e76
    I: 401e79
    I: 401e7d
    I: 401e80
    I: 401e82
    I: 401e84
      Successors: 401e8b
  BB: 401d7f in func 401d20 with 3 insts
    I: 401d7f
    I: 401d82
    I: 401d87 (flow 401e66)
      Successors: 401d8d, 401e66
  BB: 401d69 in func 401d20 with 4 insts
    I: 401d69
    I: 401d6c
    I: 401d6f
    I: 401d74 (flow 401ddd)
      Successors: 401d7a, 401ddd
  BB: 401e8b in func 401d20 with 1 insts
    I: 401e8b (flow 401d69)
      Successors: 401d69
  BB: 401d8d in func 401d20 with 1 insts
    I: 401d8d (flow 401d92)
      Successors: 401d92
  BB: 401d92 in func 401d20 with 3 insts
    I: 401d92
    I: 401d95
    I: 401d9a (flow 401dbd)
      Successors: 401da0, 401dbd
  BB: 401db3 in func 401d20 with 1 insts
    I: 401db3 (flow 401db8)
      Successors: 401db8
  BB: 401db8 in func 401d20 with 1 insts
    I: 401db8 (flow 401e8b)
      Successors: 401e8b
  BB: 401d7a in func 401d20 with 1 insts
    I: 401d7a (flow 401d7f)
      Successors: 401d7f
  BB: 401ddd in func 401d20 with 40 insts
    I: 401ddd
    I: 401de0
    I: 401de3
    I: 401de6
    I: 401dea
    I: 401ded
    I: 401df0
    I: 401df4
    I: 401df7
    I: 401df9
    I: 401dfb
    I: 401dfd
    I: 401e00 (mem 405024)
    I: 401e07
    I: 401e0a
    I: 401e0b
    I: 401e0d
    I: 401e0f
    I: 401e12
    I: 401e15
    I: 401e18
    I: 401e1b (imm 405034)
    I: 401e22
    I: 401e24 (imm 40505c)
    I: 401e2b
    I: 401e2d
    I: 401e2f
    I: 401e32
    I: 401e35
    I: 401e38
    I: 401e3b
    I: 401e3e
    I: 401e41
    I: 401e44
    I: 401e46
    I: 401e4b
    I: 401e50
    I: 401e53
    I: 401e56
    I: 401e59 (flow 401e8b)
      Successors: 401e8b
  BB: 401e5e in func 401d20 with 4 insts
    I: 401e5e
    I: 401e61
    I: 401e64
    I: 401e65
      No successors
  BB: 401dbd in func 401d20 with 9 insts
    I: 401dbd
    I: 401dc0
    I: 401dc3
    I: 401dc5
    I: 401dca
    I: 401dcf
    I: 401dd2
    I: 401dd5
    I: 401dd8 (flow 401e8b)
      Successors: 401e8b
Recovering main at 401e90
  Analysing subroutine main at 401e90
    Block head at 00402cc5 is not code.
  Subroutine main at 401e90 has 162 blocks
  BB: 402207 in func 401e90 with 1 insts
    I: 402207 (flow 40220c)
      Successors: 40220c
  BB: 402608 in func 401e90 with 19 insts
    I: 402608 (imm 405030)
    I: 40260f
    I: 402611 (imm 40504c)
    I: 402618
    I: 40261a
    I: 40261c
    I: 40261f
    I: 402622
    I: 402625
    I: 402628
    I: 40262b
    I: 40262e
    I: 402631
    I: 402633
    I: 402638
    I: 40263d
    I: 402640
    I: 402643
    I: 402649 (flow 402cc0)
      Successors: 402cc0
  BB: 40220c in func 401e90 with 3 insts
    I: 40220c
    I: 402212
    I: 402217 (flow 4026b7)
      Successors: 40221d, 4026b7
  BB: 40200d in func 401e90 with 1 insts
    I: 40200d (flow 402012)
      Successors: 402012
  BB: 402012 in func 401e90 with 3 insts
    I: 402012
    I: 402018
    I: 40201d (flow 402520)
      Successors: 402520, 402023
  BB: 402c1b in func 401e90 with 2 insts
    I: 402c1b
    I: 402c25 (flow 402cc0)
      Successors: 402cc0
  BB: 40241b in func 401e90 with 2 insts
    I: 40241b
    I: 402425 (flow 402cc0)
      Successors: 402cc0
  BB: 40221d in func 401e90 with 1 insts
    I: 40221d (flow 402222)
      Successors: 402222
  BB: 40281e in func 401e90 with 22 insts
    I: 40281e
    I: 402824
    I: 402827
    I: 40282d (imm 405030)
    I: 402834
    I: 402836 (imm 40504c)
    I: 40283d
    I: 40283f
    I: 402841
    I: 402844
    I: 402847
    I: 40284a
    I: 40284d
    I: 402850
    I: 402853
    I: 402856
    I: 402858
    I: 40285d
    I: 402862
    I: 402865
    I: 402868
    I: 40286e (flow 402cc0)
      Successors: 402cc0
  BB: 402222 in func 401e90 with 3 insts
    I: 402222
    I: 402228
    I: 40222d (flow 4027ba)
      Successors: 4027ba, 402233
  BB: 402023 in func 401e90 with 1 insts
    I: 402023 (flow 402028)
      Successors: 402028
  BB: 402028 in func 401e90 with 3 insts
    I: 402028
    I: 40202e
    I: 402033 (flow 402882)
      Successors: 402039, 402882
  BB: 40242a in func 401e90 with 9 insts
    I: 40242a
    I: 402430
    I: 402433
    I: 402436
    I: 40243b
    I: 402440
    I: 402442
    I: 402445
    I: 40244b (flow 402cc0)
      Successors: 402cc0
  BB: 402c2a in func 401e90 with 4 insts
    I: 402c2a
    I: 402c34
    I: 402c3e
    I: 402c48 (flow 402cc0)
      Successors: 402cc0
  BB: 402233 in func 401e90 with 1 insts
    I: 402233 (flow 402238)
      Successors: 402238
  BB: 402238 in func 401e90 with 3 insts
    I: 402238
    I: 40223e
    I: 402243 (flow 40271f)
      Successors: 402249, 40271f
  BB: 402039 in func 401e90 with 1 insts
    I: 402039 (flow 40203e)
      Successors: 40203e
  BB: 40203e in func 401e90 with 3 insts
    I: 40203e
    I: 402044
    I: 402049 (flow 402345)
      Successors: 402345, 40204f
  BB: 402249 in func 401e90 with 1 insts
    I: 402249 (flow 40224e)
      Successors: 40224e
  BB: 402c4d in func 401e90 with 5 insts
    I: 402c4d
    I: 402c53
    I: 402c56
    I: 402c5c
    I: 402c66 (flow 402cc0)
      Successors: 402cc0
  BB: 40224e in func 401e90 with 3 insts
    I: 40224e
    I: 402254
    I: 402259 (flow 4025ea)
      Successors: 4025ea, 40225f
  BB: 40204f in func 401e90 with 1 insts
    I: 40204f (flow 402054)
      Successors: 402054
  BB: 402450 in func 401e90 with 9 insts
    I: 402450
    I: 402457
    I: 40245e
    I: 402462
    I: 402465 (imm 403007)
    I: 40246f
    I: 402471 (flow 405088)
    I: 402476
    I: 402480 (flow 402cc0)
      Successors: 402cc0
  BB: 40264e in func 401e90 with 21 insts
    I: 40264e
    I: 402658
    I: 402662 (imm 405030)
    I: 402669
    I: 40266b (imm 40504c)
    I: 402672
    I: 402674
    I: 402676
    I: 402679
    I: 40267c
    I: 40267f
    I: 402682
    I: 402685
    I: 402688
    I: 40268b
    I: 40268d
    I: 402692
    I: 402697
    I: 40269a
    I: 40269d
    I: 4026a3 (flow 402cc0)
      Successors: 402cc0
  BB: 402054 in func 401e90 with 3 insts
    I: 402054
    I: 40205a
    I: 40205f (flow 402765)
      Successors: 402765, 402065
  BB: 40225f in func 401e90 with 1 insts
    I: 40225f (flow 402264)
      Successors: 402264
  BB: 402a62 in func 401e90 with 7 insts
    I: 402a62
    I: 402a65
    I: 402a6a
    I: 402a6f
    I: 402a72
    I: 402a75
    I: 402a7b (flow 402cc0)
      Successors: 402cc0
  BB: 402264 in func 401e90 with 3 insts
    I: 402264
    I: 40226a
    I: 40226f (flow 402485)
      Successors: 402275, 402485
  BB: 402065 in func 401e90 with 1 insts
    I: 402065 (flow 40206a)
      Successors: 40206a
  BB: 40206a in func 401e90 with 3 insts
    I: 40206a
    I: 402070
    I: 402075 (flow 402c4d)
      Successors: 40207b, 402c4d
  BB: 402c6b in func 401e90 with 5 insts
    I: 402c6b
    I: 402c71
    I: 402c74
    I: 402c7a
    I: 402c84 (flow 402cc0)
      Successors: 402cc0
  BB: 402873 in func 401e90 with 2 insts
    I: 402873
    I: 40287d (flow 402cc0)
      Successors: 402cc0
  BB: 402275 in func 401e90 with 1 insts
    I: 402275 (flow 40227a)
      Successors: 40227a
  BB: 40227a in func 401e90 with 3 insts
    I: 40227a
    I: 402280
    I: 402285 (flow 402c6b)
      Successors: 402c6b, 40228b
  BB: 40207b in func 401e90 with 1 insts
    I: 40207b (flow 402080)
      Successors: 402080
  BB: 402080 in func 401e90 with 3 insts
    I: 402080
    I: 402086
    I: 40208b (flow 402376)
      Successors: 402091, 402376
  BB: 402a80 in func 401e90 with 3 insts
    I: 402a80
    I: 402a8a
    I: 402a94 (flow 402cc0)
      Successors: 402cc0
  BB: 402882 in func 401e90 with 8 insts
    I: 402882
    I: 402889
    I: 402891
    I: 402895
    I: 40289d
    I: 4028a7
    I: 4028b1
    I: 4028bb (flow 402cc0)
      Successors: 402cc0
  BB: 402485 in func 401e90 with 19 insts
    I: 402485 (imm 405030)
    I: 40248c
    I: 40248e (imm 40504c)
    I: 402495
    I: 402497
    I: 402499
    I: 40249c
    I: 40249f
    I: 4024a2
    I: 4024a5
    I: 4024a8
    I: 4024ab
    I: 4024ae
    I: 4024b0
    I: 4024b5
    I: 4024ba
    I: 4024bd
    I: 4024c0
    I: 4024c6 (flow 402cc0)
      Successors: 402cc0
  BB: 402c89 in func 401e90 with 2 insts
    I: 402c89
    I: 402c93 (flow 402cc0)
      Successors: 402cc0
  BB: 40228b in func 401e90 with 1 insts
    I: 40228b (flow 402290)
      Successors: 402290
  BB: 401e90 in func 401e90 with 5 insts
    Referenced by data
    I: 401e90
    I: 401e91
    I: 401e94
    I: 401e9b
    I: 401ea2
      Successors: 401eac
  BB: 402091 in func 401e90 with 1 insts
    I: 402091 (flow 402096)
      Successors: 402096
  BB: 402290 in func 401e90 with 3 insts
    I: 402290
    I: 402296
    I: 40229b (flow 402bd9)
      Successors: 4022a1, 402bd9
  BB: 402096 in func 401e90 with 3 insts
    I: 402096
    I: 40209c
    I: 4020a1 (flow 4023cb)
      Successors: 4023cb, 4020a7
  BB: 402c98 in func 401e90 with 2 insts
    I: 402c98
    I: 402ca2 (flow 402cc0)
      Successors: 402cc0
  BB: 402a99 in func 401e90 with 2 insts
    I: 402a99
    I: 402aa3 (flow 402cc0)
      Successors: 402cc0
  BB: 4022a1 in func 401e90 with 1 insts
    I: 4022a1 (flow 4022a6)
      Successors: 4022a6
  BB: 4022a6 in func 401e90 with 3 insts
    I: 4022a6
    I: 4022ac
    I: 4022b1 (flow 40241b)
      Successors: 40241b, 4022b7
  BB: 4020a7 in func 401e90 with 1 insts
    I: 4020a7 (flow 4020ac)
      Successors: 4020ac
  BB: 4026a8 in func 401e90 with 2 insts
    I: 4026a8
    I: 4026b2 (flow 402cc0)
      Successors: 402cc0
  BB: 402aa8 in func 401e90 with 5 insts
    I: 402aa8
    I: 402aae
    I: 402ab1
    I: 402ab7
    I: 402ac1 (flow 402cc0)
      Successors: 402cc0
  BB: 402ca7 in func 401e90 with 4 insts
    I: 402ca7
    I: 402cad
    I: 402cb0
    I: 402cb6
      Successors: 402cc0
  BB: 401eac in func 401e90 with 4 insts
    I: 401eac
    I: 401eb2
    I: 401eb8
    I: 401ebd (flow 40252f)
      Successors: 401ec3, 40252f
  BB: 4020ac in func 401e90 with 3 insts
    I: 4020ac
    I: 4020b2
    I: 4020b7 (flow 402a80)
      Successors: 402a80, 4020bd
  BB: 4022b7 in func 401e90 with 1 insts
    I: 4022b7 (flow 4022bc)
      Successors: 4022bc
  BB: 4026b7 in func 401e90 with 9 insts
    I: 4026b7
    I: 4026bd
    I: 4026c0
    I: 4026c3
    I: 4026c8
    I: 4026cd
    I: 4026cf
    I: 4026d2
    I: 4026d8 (flow 402cc0)
      Successors: 402cc0
  BB: 4022bc in func 401e90 with 3 insts
    I: 4022bc
    I: 4022c2
    I: 4022c7 (flow 4026a8)
      Successors: 4026a8, 4022cd
  BB: 4020bd in func 401e90 with 1 insts
    I: 4020bd (flow 4020c2)
      Successors: 4020c2
  BB: 4028c0 in func 401e90 with 19 insts
    I: 4028c0 (imm 405030)
    I: 4028c7
    I: 4028c9 (imm 40504c)
    I: 4028d0
    I: 4028d2
    I: 4028d4
    I: 4028d7
    I: 4028da
    I: 4028dd
    I: 4028e0
    I: 4028e3
    I: 4028e6
    I: 4028e9
    I: 4028eb
    I: 4028f0
    I: 4028f5
    I: 4028f8
    I: 4028fb
    I: 402901 (flow 402cc0)
      Successors: 402cc0
  BB: 402cc0 in func 401e90 with 1 insts
    I: 402cc0 (flow 401eac)
      Successors: 401eac
  BB: 4020c2 in func 401e90 with 3 insts
    I: 4020c2
    I: 4020c8
    I: 4020cd (flow 402c98)
      Successors: 402c98, 4020d3
  BB: 401ec3 in func 401e90 with 1 insts
    I: 401ec3 (flow 401ec8)
      Successors: 401ec8
  BB: 402ac6 in func 401e90 with 6 insts
    I: 402ac6
    I: 402acb
    I: 402ad0
    I: 402ad7
    I: 402ada
    I: 402ae0 (flow 402cc0)
      Successors: 402cc0
  BB: 401ec8 in func 401e90 with 3 insts
    I: 401ec8
    I: 401ece
    I: 401ed3 (flow 40242a)
      Successors: 401ed9, 40242a
  BB: 4024cb in func 401e90 with 22 insts
    I: 4024cb
    I: 4024d1
    I: 4024d4
    I: 4024da (imm 405030)
    I: 4024e1
    I: 4024e3 (imm 40504c)
    I: 4024ea
    I: 4024ec
    I: 4024ee
    I: 4024f1
    I: 4024f4
    I: 4024f7
    I: 4024fa
    I: 4024fd
    I: 402500
    I: 402503
    I: 402505
    I: 40250a
    I: 40250f
    I: 402512
    I: 402515
    I: 40251b (flow 402cc0)
      Successors: 402cc0
  BB: 4022cd in func 401e90 with 1 insts
    I: 4022cd (flow 4022d2)
      Successors: 4022d2
  BB: 4022d2 in func 401e90 with 3 insts
    I: 4022d2
    I: 4022d8
    I: 4022dd (flow 402c89)
      Successors: 402c89, 4022e3
  BB: 4020d3 in func 401e90 with 1 insts
    I: 4020d3 (flow 4020d8)
      Successors: 4020d8
  BB: 4020d8 in func 401e90 with 3 insts
    I: 4020d8
    I: 4020de
    I: 4020e3 (flow 402c2a)
      Successors: 4020e9, 402c2a
  BB: 401ed9 in func 401e90 with 1 insts
    I: 401ed9 (flow 401ede)
      Successors: 401ede
  BB: 4026dd in func 401e90 with 11 insts
    I: 4026dd
    I: 4026e4
    I: 4026ec
    I: 4026f3
    I: 4026fb
    I: 402701
    I: 402706
    I: 40270b
    I: 402711
    I: 402714
    I: 40271a (flow 402cc0)
      Successors: 402cc0
  BB: 401ede in func 401e90 with 3 insts
    I: 401ede
    I: 401ee4
    I: 401ee9 (flow 40258e)
      Successors: 40258e, 401eef
  BB: 4022e3 in func 401e90 with 1 insts
    I: 4022e3 (flow 4022e8)
      Successors: 4022e8
  BB: 402ae5 in func 401e90 with 7 insts
    I: 402ae5
    I: 402ae9
    I: 402af1 (imm 40300c)
    I: 402afb
    I: 402afd (flow 405080)
    I: 402b02
    I: 402b0c (flow 402cc0)
      Successors: 402cc0
  BB: 4022e8 in func 401e90 with 3 insts
    I: 4022e8
    I: 4022ee
    I: 4022f3 (flow 402b11)
      Successors: 4022f9, 402b11
  BB: 4020e9 in func 401e90 with 1 insts
    I: 4020e9 (flow 4020ee)
      Successors: 4020ee
  BB: 4020ee in func 401e90 with 3 insts
    I: 4020ee
    I: 4020f4
    I: 4020f9 (flow 402a62)
      Successors: 402a62, 4020ff
  BB: 401eef in func 401e90 with 1 insts
    I: 401eef (flow 401ef4)
      Successors: 401ef4
  BB: 401ef4 in func 401e90 with 3 insts
    I: 401ef4
    I: 401efa
    I: 401eff (flow 402608)
      Successors: 402608, 401f05
  BB: 4022f9 in func 401e90 with 1 insts
    I: 4022f9 (flow 4022fe)
      Successors: 4022fe
  BB: 4022fe in func 401e90 with 3 insts
    I: 4022fe
    I: 402304
    I: 402309 (flow 402906)
      Successors: 402906, 40230f
  BB: 4020ff in func 401e90 with 1 insts
    I: 4020ff (flow 402104)
      Successors: 402104
  BB: 402104 in func 401e90 with 3 insts
    I: 402104
    I: 40210a
    I: 40210f (flow 4026dd)
      Successors: 4026dd, 402115
  BB: 401f05 in func 401e90 with 1 insts
    I: 401f05 (flow 401f0a)
      Successors: 401f0a
  BB: 402906 in func 401e90 with 26 insts
    I: 402906
    I: 40290c
    I: 40290f
    I: 402912
    I: 402914
    I: 402917
    I: 402919
    I: 40291c (imm 405030)
    I: 402923
    I: 402925 (imm 40504c)
    I: 40292c
    I: 40292e
    I: 402930
    I: 402933
    I: 402936
    I: 402939
    I: 40293c
    I: 40293f
    I: 402942
    I: 402945
    I: 402947
    I: 40294c
    I: 402951
    I: 402954
    I: 402957
    I: 40295d (flow 402cc0)
      Successors: 402cc0
  BB: 401f0a in func 401e90 with 3 insts
    I: 401f0a
    I: 401f10
    I: 401f15 (flow 4027c9)
      Successors: 4027c9, 401f1b
  BB: 40230f in func 401e90 with 1 insts
    I: 40230f (flow 402314)
      Successors: 402314
  BB: 402b11 in func 401e90 with 2 insts
    I: 402b11
    I: 402b1b (flow 402cc0)
      Successors: 402cc0
  BB: 402314 in func 401e90 with 3 insts
    I: 402314
    I: 40231a
    I: 40231f (flow 402ca7)
      Successors: 402325, 402ca7
  BB: 402115 in func 401e90 with 1 insts
    I: 402115 (flow 40211a)
      Successors: 40211a
  BB: 40211a in func 401e90 with 3 insts
    I: 40211a
    I: 402120
    I: 402125 (flow 402be4)
      Successors: 40212b, 402be4
  BB: 401f1b in func 401e90 with 1 insts
    I: 401f1b (flow 401f20)
      Successors: 401f20
  BB: 40271f in func 401e90 with 19 insts
    I: 40271f (imm 405030)
    I: 402726
    I: 402728 (imm 40504c)
    I: 40272f
    I: 402731
    I: 402733
    I: 402736
    I: 402739
    I: 40273c
    I: 40273f
    I: 402742
    I: 402745
    I: 402748
    I: 40274a
    I: 40274f
    I: 402754
    I: 402757
    I: 40275a
    I: 402760 (flow 402cc0)
      Successors: 402cc0
  BB: 401f20 in func 401e90 with 3 insts
    I: 401f20
    I: 401f26
    I: 401f2b (flow 402ac6)
      Successors: 401f31, 402ac6
  BB: 402520 in func 401e90 with 2 insts
    I: 402520
    I: 40252a (flow 402cc0)
      Successors: 402cc0
  BB: 402b20 in func 401e90 with 19 insts
    I: 402b20 (imm 405030)
    I: 402b27
    I: 402b29 (imm 40504c)
    I: 402b30
    I: 402b32
    I: 402b34
    I: 402b37
    I: 402b3a
    I: 402b3d
    I: 402b40
    I: 402b43
    I: 402b46
    I: 402b49
    I: 402b4b
    I: 402b50
    I: 402b55
    I: 402b58
    I: 402b5b
    I: 402b61 (flow 402cc0)
      Successors: 402cc0
  BB: 402325 in func 401e90 with 1 insts
    I: 402325 (flow 40232a)
      Successors: 40232a
  BB: 40232a in func 401e90 with 3 insts
    I: 40232a
    I: 402330
    I: 402335 (flow 402a99)
      Successors: 402a99, 40233b
  BB: 40212b in func 401e90 with 1 insts
    I: 40212b (flow 402130)
      Successors: 402130
  BB: 40252f in func 401e90 with 3 insts
    I: 40252f
    I: 402539
    I: 402543 (flow 402cc0)
      Successors: 402cc0
  BB: 402130 in func 401e90 with 3 insts
    I: 402130
    I: 402136
    I: 40213b (flow 4029c6)
      Successors: 402141, 4029c6
  BB: 401f31 in func 401e90 with 1 insts
    I: 401f31 (flow 401f36)
      Successors: 401f36
  BB: 401f36 in func 401e90 with 3 insts
    I: 401f36
    I: 401f3c
    I: 401f41 (flow 40264e)
      Successors: 40264e, 401f47
  BB: 40233b in func 401e90 with 1 insts
    I: 40233b (flow 402340)
      Successors: 402340
  BB: 402340 in func 401e90 with 1 insts
    I: 402340 (flow 402cc0)
      Successors: 402cc0
  BB: 402141 in func 401e90 with 1 insts
    I: 402141 (flow 402146)
      Successors: 402146
  BB: 402345 in func 401e90 with 10 insts
    I: 402345 (imm 403004)
    I: 40234f
    I: 402353
    I: 402355 (flow 405088)
    I: 40235a
    I: 40235f
    I: 402364
    I: 402368
    I: 40236b
    I: 402371 (flow 402cc0)
      Successors: 402cc0
  BB: 402146 in func 401e90 with 3 insts
    I: 402146
    I: 40214c
    I: 402151 (flow 402450)
      Successors: 402450, 402157
  BB: 401f47 in func 401e90 with 1 insts
    I: 401f47 (flow 401f4c)
      Successors: 401f4c
  BB: 402548 in func 401e90 with 19 insts
    I: 402548 (imm 405030)
    I: 40254f
    I: 402551 (imm 40504c)
    I: 402558
    I: 40255a
    I: 40255c
    I: 40255f
    I: 402562
    I: 402565
    I: 402568
    I: 40256b
    I: 40256e
    I: 402571
    I: 402573
    I: 402578
    I: 40257d
    I: 402580
    I: 402583
    I: 402589 (flow 402cc0)
      Successors: 402cc0
  BB: 401f4c in func 401e90 with 3 insts
    I: 401f4c
    I: 401f52
    I: 401f57 (flow 4028c0)
      Successors: 4028c0, 401f5d
  BB: 402157 in func 401e90 with 1 insts
    I: 402157 (flow 40215c)
      Successors: 40215c
  BB: 40215c in func 401e90 with 3 insts
    I: 40215c
    I: 402162
    I: 402167 (flow 40281e)
      Successors: 40216d, 40281e
  BB: 401f5d in func 401e90 with 1 insts
    I: 401f5d (flow 401f62)
      Successors: 401f62
  BB: 401f62 in func 401e90 with 3 insts
    I: 401f62
    I: 401f68
    I: 401f6d (flow 402c1b)
      Successors: 402c1b, 401f73
  BB: 402962 in func 401e90 with 7 insts
    I: 402962
    I: 402965
    I: 40296a
    I: 40296f
    I: 402972
    I: 402975
    I: 40297b (flow 402cc0)
      Successors: 402cc0
  BB: 402765 in func 401e90 with 22 insts
    I: 402765
    I: 40276b
    I: 40276e
    I: 402774 (imm 405030)
    I: 40277b
    I: 40277d (imm 40504c)
    I: 402784
    I: 402786
    I: 402788
    I: 40278b
    I: 40278e
    I: 402791
    I: 402794
    I: 402797
    I: 40279a
    I: 40279d
    I: 40279f
    I: 4027a4
    I: 4027a9
    I: 4027ac
    I: 4027af
    I: 4027b5 (flow 402cc0)
      Successors: 402cc0
  BB: 402b66 in func 401e90 with 22 insts
    I: 402b66
    I: 402b6c
    I: 402b6f
    I: 402b75 (imm 405030)
    I: 402b7c
    I: 402b7e (imm 40504c)
    I: 402b85
    I: 402b87
    I: 402b89
    I: 402b8c
    I: 402b8f
    I: 402b92
    I: 402b95
    I: 402b98
    I: 402b9b
    I: 402b9e
    I: 402ba0
    I: 402ba5
    I: 402baa
    I: 402bad
    I: 402bb0
    I: 402bb6 (flow 402cc0)
      Successors: 402cc0
  BB: 40216d in func 401e90 with 1 insts
    I: 40216d (flow 402172)
      Successors: 402172
  BB: 402172 in func 401e90 with 3 insts
    I: 402172
    I: 402178
    I: 40217d (flow 402b20)
      Successors: 402b20, 402183
  BB: 401f73 in func 401e90 with 1 insts
    I: 401f73 (flow 401f78)
      Successors: 401f78
  BB: 402376 in func 401e90 with 2 insts
    I: 402376
    I: 402380 (flow 402cc0)
      Successors: 402cc0
  BB: 401f78 in func 401e90 with 3 insts
    I: 401f78
    I: 401f7e
    I: 401f83 (flow 402bca)
      Successors: 401f89, 402bca
  BB: 402980 in func 401e90 with 19 insts
    I: 402980 (imm 405030)
    I: 402987
    I: 402989 (imm 40504c)
    I: 402990
    I: 402992
    I: 402994
    I: 402997
    I: 40299a
    I: 40299d
    I: 4029a0
    I: 4029a3
    I: 4029a6
    I: 4029a9
    I: 4029ab
    I: 4029b0
    I: 4029b5
    I: 4029b8
    I: 4029bb
    I: 4029c1 (flow 402cc0)
      Successors: 402cc0
  BB: 402183 in func 401e90 with 1 insts
    I: 402183 (flow 402188)
      Successors: 402188
  BB: 402385 in func 401e90 with 19 insts
    I: 402385 (imm 405030)
    I: 40238c
    I: 40238e (imm 40504c)
    I: 402395
    I: 402397
    I: 402399
    I: 40239c
    I: 40239f
    I: 4023a2
    I: 4023a5
    I: 4023a8
    I: 4023ab
    I: 4023ae
    I: 4023b0
    I: 4023b5
    I: 4023ba
    I: 4023bd
    I: 4023c0
    I: 4023c6 (flow 402cc0)
      Successors: 402cc0
  BB: 402188 in func 401e90 with 3 insts
    I: 402188
    I: 40218e
    I: 402193 (flow 402bbb)
      Successors: 402199, 402bbb
  BB: 401f89 in func 401e90 with 1 insts
    I: 401f89 (flow 401f8e)
      Successors: 401f8e
  BB: 401f8e in func 401e90 with 3 insts
    I: 401f8e
    I: 401f94
    I: 401f99 (flow 402b66)
      Successors: 402b66, 401f9f
  BB: 40258e in func 401e90 with 26 insts
    I: 40258e
    I: 402594
    I: 402597
    I: 40259a
    I: 40259c
    I: 40259f
    I: 4025a1
    I: 4025a4 (imm 405030)
    I: 4025ab
    I: 4025ad (imm 40504c)
    I: 4025b4
    I: 4025b6
    I: 4025b8
    I: 4025bb
    I: 4025be
    I: 4025c1
    I: 4025c4
    I: 4025c7
    I: 4025ca
    I: 4025cd
    I: 4025cf
    I: 4025d4
    I: 4025d9
    I: 4025dc
    I: 4025df
    I: 4025e5 (flow 402cc0)
      Successors: 402cc0
  BB: 402199 in func 401e90 with 1 insts
    I: 402199 (flow 40219e)
      Successors: 40219e
  BB: 40219e in func 401e90 with 3 insts
    I: 40219e
    I: 4021a4
    I: 4021a9 (flow 402385)
      Successors: 402385, 4021af
  BB: 401f9f in func 401e90 with 1 insts
    I: 401f9f (flow 401fa4)
      Successors: 401fa4
  BB: 401fa4 in func 401e90 with 3 insts
    I: 401fa4
    I: 401faa
    I: 401faf (flow 402ae5)
      Successors: 402ae5, 401fb5
  BB: 4021af in func 401e90 with 1 insts
    I: 4021af (flow 4021b4)
      Successors: 4021b4
  BB: 4021b4 in func 401e90 with 3 insts
    I: 4021b4
    I: 4021ba
    I: 4021bf (flow 402aa8)
      Successors: 402aa8, 4021c5
  BB: 401fb5 in func 401e90 with 1 insts
    I: 401fb5 (flow 401fba)
      Successors: 401fba
  BB: 401fba in func 401e90 with 3 insts
    I: 401fba
    I: 401fc0
    I: 401fc5 (flow 402962)
      Successors: 402962, 401fcb
  BB: 4027ba in func 401e90 with 2 insts
    I: 4027ba
    I: 4027c4 (flow 402cc0)
      Successors: 402cc0
  BB: 402bbb in func 401e90 with 2 insts
    I: 402bbb
    I: 402bc5 (flow 402cc0)
      Successors: 402cc0
  BB: 4021c5 in func 401e90 with 1 insts
    I: 4021c5 (flow 4021ca)
      Successors: 4021ca
  BB: 4029c6 in func 401e90 with 37 insts
    I: 4029c6
    I: 4029cd
    I: 4029d5
    I: 4029db
    I: 4029de
    I: 4029e1
    I: 4029e9
    I: 4029ef
    I: 4029f2
    I: 4029f5
    I: 4029fd
    I: 402a03
    I: 402a06
    I: 402a09
    I: 402a11
    I: 402a14
    I: 402a17
    I: 402a19
    I: 402a1c (imm 405030)
    I: 402a23
    I: 402a25 (imm 40504c)
    I: 402a2c
    I: 402a2e
    I: 402a30
    I: 402a33
    I: 402a36
    I: 402a39
    I: 402a3c
    I: 402a3f
    I: 402a42
    I: 402a45
    I: 402a47
    I: 402a4c
    I: 402a51
    I: 402a54
    I: 402a57
    I: 402a5d (flow 402cc0)
      Successors: 402cc0
  BB: 4027c9 in func 401e90 with 2 insts
    I: 4027c9
    I: 4027d3 (flow 402cc0)
      Successors: 402cc0
  BB: 4021ca in func 401e90 with 3 insts
    I: 4021ca
    I: 4021d0
    I: 4021d5 (flow 4027d8)
      Successors: 4027d8, 4021db
  BB: 401fcb in func 401e90 with 1 insts
    I: 401fcb (flow 401fd0)
      Successors: 401fd0
  BB: 4023cb in func 401e90 with 20 insts
    I: 4023cb
    I: 4023d5 (imm 405030)
    I: 4023dc
    I: 4023de (imm 40504c)
    I: 4023e5
    I: 4023e7
    I: 4023e9
    I: 4023ec
    I: 4023ef
    I: 4023f2
    I: 4023f5
    I: 4023f8
    I: 4023fb
    I: 4023fe
    I: 402400
    I: 402405
    I: 40240a
    I: 40240d
    I: 402410
    I: 402416 (flow 402cc0)
      Successors: 402cc0
  BB: 402bca in func 401e90 with 2 insts
    I: 402bca
    I: 402bd4 (flow 402cc0)
      Successors: 402cc0
  BB: 401fd0 in func 401e90 with 3 insts
    I: 401fd0
    I: 401fd6
    I: 401fdb (flow 402bfd)
      Successors: 401fe1, 402bfd
  BB: 4027d8 in func 401e90 with 19 insts
    I: 4027d8 (imm 405030)
    I: 4027df
    I: 4027e1 (imm 40504c)
    I: 4027e8
    I: 4027ea
    I: 4027ec
    I: 4027ef
    I: 4027f2
    I: 4027f5
    I: 4027f8
    I: 4027fb
    I: 4027fe
    I: 402801
    I: 402803
    I: 402808
    I: 40280d
    I: 402810
    I: 402813
    I: 402819 (flow 402cc0)
      Successors: 402cc0
  BB: 402bd9 in func 401e90 with 4 insts
    I: 402bd9
    I: 402bdb
    I: 402be2
    I: 402be3
      No successors
  BB: 4021db in func 401e90 with 1 insts
    I: 4021db (flow 4021e0)
      Successors: 4021e0
  BB: 4021e0 in func 401e90 with 3 insts
    I: 4021e0
    I: 4021e6
    I: 4021eb (flow 402873)
      Successors: 4021f1, 402873
  BB: 401fe1 in func 401e90 with 1 insts
    I: 401fe1 (flow 401fe6)
      Successors: 401fe6
  BB: 402be4 in func 401e90 with 3 insts
    I: 402be4
    I: 402bee
    I: 402bf8 (flow 402cc0)
      Successors: 402cc0
  BB: 401fe6 in func 401e90 with 3 insts
    I: 401fe6
    I: 401fec
    I: 401ff1 (flow 402980)
      Successors: 402980, 401ff7
  BB: 4025ea in func 401e90 with 7 insts
    I: 4025ea
    I: 4025ed
    I: 4025f2
    I: 4025f7
    I: 4025fa
    I: 4025fd
    I: 402603 (flow 402cc0)
      Successors: 402cc0
  BB: 4021f1 in func 401e90 with 1 insts
    I: 4021f1 (flow 4021f6)
      Successors: 4021f6
  BB: 4021f6 in func 401e90 with 3 insts
    I: 4021f6
    I: 4021fc
    I: 402201 (flow 402548)
      Successors: 402548, 402207
  BB: 401ff7 in func 401e90 with 1 insts
    I: 401ff7 (flow 401ffc)
      Successors: 401ffc
  BB: 401ffc in func 401e90 with 3 insts
    I: 401ffc
    I: 402002
    I: 402007 (flow 4024cb)
      Successors: 4024cb, 40200d
  BB: 402bfd in func 401e90 with 5 insts
    I: 402bfd
    I: 402c03
    I: 402c06
    I: 402c0c
    I: 402c16 (flow 402cc0)
      Successors: 402cc0
Recovering .term_proc at 402cc8
  Analysing subroutine .term_proc at 402cc8
    Block head at 00402cd5 is not code.
  Subroutine .term_proc at 402cc8 has 1 blocks
  BB: 402cc8 in func 402cc8 with 4 insts
    I: 402cc8
    I: 402ccc
    I: 402cd0
    I: 402cd4
      No successors
Global Variable None
WARNING: Global constructor and destructor sections are adjacent!
Recovering region LOAD [400000, 4004e8) in segment LOAD
  8-byte reference at 400018 to 401050 (start)
  8-byte reference at 4000f8 to 401000 (.init_proc)
  8-byte reference at 400130 to 403000 ()
  8-byte reference at 400168 to 404de8 ()
  8-byte reference at 400280 to 403014 ()
  8-byte reference at 4002f0 to 404de8 ()
Recovering region .init [401000, 40101b) in segment .init
Recovering region LOAD [40101b, 401020) in segment LOAD
Recovering region .plt [401020, 401050) in segment .plt
Recovering region .text [401050, 402cc5) in segment .text
Recovering region LOAD [402cc5, 402cc8) in segment LOAD
Recovering region .fini [402cc8, 402cd5) in segment .fini
Recovering region .rodata [403000, 403012) in segment .rodata
  Variable aLld at 403007
  Variable format at 40300c
Recovering region LOAD [403012, 403014) in segment LOAD
Recovering region .eh_frame_hdr [403014, 403088) in segment .eh_frame_hdr
Recovering region .eh_frame [403088, 403258) in segment .eh_frame
Recovering region LOAD [403258, 403298) in segment LOAD
Recovering region .init_array [404de8, 404df8) in segment .init_array
  8-byte reference at 404de8 to 401130 ()
  8-byte reference at 404df0 to 401100 ()
Recovering region LOAD [404df8, 404fd8) in segment LOAD
Recovering region .got [404fd8, 404fe8) in segment .got
  8-byte reference at 404fd8 to 405078 (__libc_start_main)
  8-byte reference at 404fe0 to 405090 (__gmon_start__)
Recovering region .got.plt [404fe8, 405010) in segment .got.plt
  8-byte reference at 405000 to 405080 (printf)
  8-byte reference at 405008 to 405088 (__isoc99_scanf)
Recovering region .data [405010, 405020) in segment .data
Recovering region .bss [405020, 405078) in segment .bss
Recovering extern function printf at 401030
Recovering extern function __isoc99_scanf at 401040
Recovering extern function __libc_start_main at 405078
Recovering extern function printf at 405080
Recovering extern function __isoc99_scanf at 405088
Recovering extern function __gmon_start__ at 405090
Recovered 17 functions.
Saving to: /home/ubuntu/capstone_project/result/pipeline_20260629_141746/s290484179_fla_bcf.cfg
Done analysis!
