Debugging is enabled.
Loading Standard Definitions file: /home/ubuntu/capstone_project/dependency/mcsema/mcsema/lib/python3/site-packages/mcsema_disass-3.1.3.8-py3.8.egg/mcsema_disass/defs/linux.txt
Using Batch mode.
Starting analysis
Recovering module s290484179_fla.elf
Found main at 401600
Looking for instructions in segment .init
  Default block heads for function 401000 with loose bounds [401000, 40101b)
    block [401000, 401014)
    block [401014, 401016)
    block [401016, 40101b)
    chunk [401000, 40101b)
Looking for instructions in segment .plt
  Default block heads for function 401020 with loose bounds [401020, 40102c)
    block [401020, 40102c)
    chunk [401020, 40102c)
  Default block heads for function 401030 with loose bounds [401030, 401036)
    block [401030, 401036)
    chunk [401030, 401036)
  Default block heads for function 401040 with loose bounds [401040, 401046)
    block [401040, 401046)
    chunk [401040, 401046)
Looking for instructions in segment .text
  Default block heads for function 401050 with loose bounds [401050, 401076)
    block [401050, 401076)
    chunk [401050, 401076)
  Default block heads for function 401090 with loose bounds [401090, 4010b1)
    block [401090, 40109d)
    block [40109d, 4010a7)
    block [4010a7, 4010ae)
    block [4010b0, 4010b1)
    chunk [401090, 4010b1)
  Default block heads for function 401100 with loose bounds [401100, 401121)
    block [401100, 40110d)
    block [40110d, 40111f)
    block [401120, 401121)
    chunk [401100, 401121)
  Default block heads for function 401130 with loose bounds [401130, 401136)
    block [401130, 401136)
    chunk [401130, 401136)
    chunk [4010c0, 4010f1)
  Default block heads for function 401140 with loose bounds [401140, 40115c)
    block [401140, 40115c)
    chunk [401140, 40115c)
  Default block heads for function 401160 with loose bounds [401160, 40117c)
    block [401160, 40117c)
    chunk [401160, 40117c)
  Default block heads for function 401180 with loose bounds [401180, 40120d)
    block [401180, 401194)
    block [401194, 4011a5)
    block [4011a5, 4011aa)
    block [4011aa, 4011b8)
    block [4011b8, 4011bd)
    block [4011bd, 4011cb)
    block [4011cb, 4011d0)
    block [4011d0, 4011d5)
    block [4011d5, 4011f0)
    block [4011f0, 401203)
    block [401203, 401208)
    block [401208, 40120d)
    chunk [401180, 40120d)
  Default block heads for function 401210 with loose bounds [401210, 4012cc)
    block [401210, 40122d)
    block [40122d, 40123e)
    block [40123e, 401243)
    block [401243, 401251)
    block [401251, 401256)
    block [401256, 401264)
    block [401264, 401269)
    block [401269, 401277)
    block [401277, 40127c)
    block [40127c, 401281)
    block [401281, 40129e)
    block [40129e, 4012b0)
    block [4012b0, 4012c2)
    block [4012c2, 4012c7)
    block [4012c7, 4012cc)
    chunk [401210, 4012cc)
  Default block heads for function 4012d0 with loose bounds [4012d0, 40138c)
    block [4012d0, 4012ed)
    block [4012ed, 4012fe)
    block [4012fe, 401303)
    block [401303, 401311)
    block [401311, 401316)
    block [401316, 401324)
    block [401324, 401329)
    block [401329, 401337)
    block [401337, 40133c)
    block [40133c, 401341)
    block [401341, 40135e)
    block [40135e, 401370)
    block [401370, 401382)
    block [401382, 401387)
    block [401387, 40138c)
    chunk [4012d0, 40138c)
  Default block heads for function 401390 with loose bounds [401390, 40145a)
    block [401390, 4013ab)
    block [4013ab, 4013bc)
    block [4013bc, 4013c1)
    block [4013c1, 4013cf)
    block [4013cf, 4013d4)
    block [4013d4, 4013e2)
    block [4013e2, 4013e7)
    block [4013e7, 4013f5)
    block [4013f5, 4013fa)
    block [4013fa, 4013ff)
    block [4013ff, 40141a)
    block [40141a, 40142c)
    block [40142c, 40144c)
    block [40144c, 401455)
    block [401455, 40145a)
    chunk [401390, 40145a)
  Default block heads for function 401460 with loose bounds [401460, 401502)
    block [401460, 401476)
    block [401476, 401487)
    block [401487, 40148c)
    block [40148c, 40149a)
    block [40149a, 40149f)
    block [40149f, 4014ad)
    block [4014ad, 4014b2)
    block [4014b2, 4014b7)
    block [4014b7, 4014d1)
    block [4014d1, 4014f8)
    block [4014f8, 4014fd)
    block [4014fd, 401502)
    chunk [401460, 401502)
  Default block heads for function 401510 with loose bounds [401510, 4015c1)
    block [401510, 401526)
    block [401526, 401537)
    block [401537, 40153c)
    block [40153c, 40154a)
    block [40154a, 40154f)
    block [40154f, 40155d)
    block [40155d, 401562)
    block [401562, 401567)
    block [401567, 401581)
    block [401581, 4015b7)
    block [4015b7, 4015bc)
    block [4015bc, 4015c1)
    chunk [401510, 4015c1)
  Default block heads for function 4015d0 with loose bounds [4015d0, 4015fb)
    block [4015d0, 4015fb)
    chunk [4015d0, 4015fb)
  Default block heads for function 401600 with loose bounds [401600, 401bee)
    block [401600, 40161c)
    block [40161c, 401633)
    block [401633, 401638)
    block [401638, 401649)
    block [401649, 40164e)
    block [40164e, 40165f)
    block [40165f, 401664)
    block [401664, 401675)
    block [401675, 40167a)
    block [40167a, 40168b)
    block [40168b, 401690)
    block [401690, 4016a1)
    block [4016a1, 4016a6)
    block [4016a6, 4016b7)
    block [4016b7, 4016bc)
    block [4016bc, 4016cd)
    block [4016cd, 4016d2)
    block [4016d2, 4016e3)
    block [4016e3, 4016e8)
    block [4016e8, 4016f9)
    block [4016f9, 4016fe)
    block [4016fe, 40170f)
    block [40170f, 401714)
    block [401714, 401725)
    block [401725, 40172a)
    block [40172a, 40173b)
    block [40173b, 401740)
    block [401740, 401751)
    block [401751, 401756)
    block [401756, 401767)
    block [401767, 40176c)
    block [40176c, 40177d)
    block [40177d, 401782)
    block [401782, 401793)
    block [401793, 401798)
    block [401798, 4017a9)
    block [4017a9, 4017ae)
    block [4017ae, 4017bf)
    block [4017bf, 4017c4)
    block [4017c4, 4017d5)
    block [4017d5, 4017da)
    block [4017da, 4017eb)
    block [4017eb, 4017f0)
    block [4017f0, 401801)
    block [401801, 401806)
    block [401806, 401817)
    block [401817, 40181c)
    block [40181c, 40182d)
    block [40182d, 401832)
    block [401832, 401843)
    block [401843, 401848)
    block [401848, 401859)
    block [401859, 40185e)
    block [40185e, 401863)
    block [401863, 401894)
    block [401894, 4018a3)
    block [4018a3, 4018bc)
    block [4018bc, 4018e2)
    block [4018e2, 401917)
    block [401917, 401935)
    block [401935, 40194e)
    block [40194e, 401974)
    block [401974, 401997)
    block [401997, 4019bd)
    block [4019bd, 4019ff)
    block [4019ff, 401a1d)
    block [401a1d, 401a2c)
    block [401a2c, 401a4a)
    block [401a4a, 401a88)
    block [401a88, 401aae)
    block [401aae, 401b11)
    block [401b11, 401b2a)
    block [401b2a, 401b39)
    block [401b39, 401b57)
    block [401b57, 401b76)
    block [401b76, 401ba2)
    block [401ba2, 401bb1)
    block [401bb1, 401bcf)
    block [401bcf, 401bde)
    block [401bde, 401be9)
    block [401be9, 401bee)
    chunk [401600, 401bee)
Looking for instructions in segment .fini
  Default block heads for function 401bf0 with loose bounds [401bf0, 401bfd)
    block [401bf0, 401bfd)
    chunk [401bf0, 401bfd)
Looking for strings in segment .rodata [402000, 402012)
  Found string b'%lld' of length 5 at 402007, jumping to 40200c
  Found string b'%lld\n' of length 6 at 40200c, jumping to 402012
Looking for strings in segment .eh_frame_hdr [402014, 402088)
Looking for strings in segment .eh_frame [402088, 402250)
Looking for strings in segment .init_array [403de8, 403df0)
Looking for strings in segment .fini_array [403df0, 403df8)
Looking for strings in segment .got [403fd8, 403fe8)
Looking for strings in segment .got.plt [403fe8, 404010)
Looking for strings in segment .data [404010, 404020)
Looking for strings in segment .bss [404020, 404028)
Looking for strings in segment extern [404028, 404048)
Looking for cross-references in segment .init [401000, 40101b)
Looking for cross-references in segment .plt [401020, 401050)
  Stopping scan at 40102c
Looking for cross-references in segment .text [401050, 401bee)
  Stopping scan at 40107c
  Stopping scan at 40108c
  Stopping scan at ffffffffffffffff
  Stopping scan at 4010bc
  Stopping scan at 4010fc
  Stopping scan at ffffffffffffffff
  Stopping scan at 40112c
  Stopping scan at 40113c
  Stopping scan at 40115c
  Stopping scan at 40117c
  Stopping scan at ffffffffffffffff
  Stopping scan at 4012cc
  Stopping scan at 40138c
  Stopping scan at 40145c
  Stopping scan at 40150c
  Stopping scan at 4015cc
  Stopping scan at 4015fc
Looking for cross-references in segment .fini [401bf0, 401bfd)
Looking for cross-references in segment .rodata [402000, 402012)
  Found string at 40200c, jumping to 402012
  Stopping scan at 40200c
Looking for cross-references in segment .eh_frame_hdr [402014, 402088)
  Stopping scan at 402084
Looking for cross-references in segment .eh_frame [402088, 402250)
  Stopping scan at 40224c
Looking for cross-references in segment .init_array [403de8, 403df0)
  Adding qword reference from 403de8 to 401130
  Stopping scan at 403de8
Looking for cross-references in segment .fini_array [403df0, 403df8)
  Adding qword reference from 403df0 to 401100
  Stopping scan at 403df0
Looking for cross-references in segment .got [403fd8, 403fe8)
  Adding qword reference from 403fd8 to 404028
  Adding qword reference from 403fe0 to 404040
  Stopping scan at 403fe0
Looking for cross-references in segment .got.plt [403fe8, 404010)
  Adding qword reference from 404000 to 404030
  Adding qword reference from 404008 to 404038
  Stopping scan at 404008
Looking for cross-references in segment .data [404010, 404020)
  Stopping scan at 40401c
Looking for cross-references in segment .bss [404020, 404028)
  Stopping scan at 404024
Looking for cross-references in segment extern [404028, 404048)
  Stopping scan at 404044
Looking for thunks
  Found thunk for printf targeting 404030 at 401030
  Found thunk for __isoc99_scanf targeting 404038 at 401040
Looking for external symbols
  Function at 401030 is the external function printf
  Function at 401040 is the external function __isoc99_scanf
  Function at 404028 is the external function __libc_start_main
  Function at 404030 is the external function printf
  Function at 404038 is the external function __isoc99_scanf
  Function at 404040 is the external function __gmon_start__
Looking for entrypoints
Recovering .init_proc at 401000
  Analysing subroutine .init_proc at 401000
    Block head at 0040101b is not code.
  Subroutine .init_proc at 401000 has 3 blocks
  BB: 401000 in func 401000 with 5 insts
    Referenced by data
    I: 401000
    I: 401004
    I: 401008 (mem 403fe0)
    I: 40100f
    I: 401012 (flow 401016)
      Successors: 401014, 401016
  BB: 401014 in func 401000 with 1 insts
    I: 401014
      Successors: 401016
  BB: 401016 in func 401000 with 2 insts
    I: 401016
    I: 40101a
      No successors
Recovering 401020
  Analysing subroutine sub_401020 at 401020
  WARNING: No table entries for indirect jump at 401026; Adding next_ea 40102c as successor.
  Subroutine sub_401020 at 401020 has 2 blocks
  WARNING: No table entries for indirect jump at 401026; Adding next_ea 40102c as successor.
  BB: 401020 in func 401020 with 2 insts
    I: 401020 (mem 403ff0)
    I: 401026 (mem 403ff8)
      Successors: 40102c
  BB: 40102c in func 401020 with 1 insts
    I: 40102c
      No successors
Recovering start at 401050
  Analysing subroutine start at 401050
  Subroutine start at 401050 has 3 blocks
  BB: 401050 in func 401050 with 13 insts
    Referenced by data
    I: 401050
    I: 401054
    I: 401056
    I: 401059
    I: 40105a
    I: 40105d
    I: 401061
    I: 401062
    I: 401063
    I: 401066
    I: 401068 (imm 401600)
    I: 40106f (mem 403fd8)
    I: 401075
      No successors
  BB: 401085 in func 401050 with 2 insts
    I: 401085
    I: 40108f
      No successors
  BB: 401076 in func 401050 with 3 insts
    I: 401076
    I: 401080
    I: 401084
      No successors
Recovering 401090
  Analysing subroutine sub_401090 at 401090
  WARNING: No table entries for indirect jump at 4010ac; Adding next_ea 4010ae as successor.
  WARNING: No table entries for indirect jump at 4010ee; Adding next_ea 4010f0 as successor.
  Subroutine sub_401090 at 401090 has 11 blocks
  BB: 4010c0 in func 401090 with 8 insts
    I: 4010c0 (imm 404020)
    I: 4010c5 (imm 404020)
    I: 4010cc
    I: 4010cf
    I: 4010d3
    I: 4010d7
    I: 4010da
    I: 4010dd (flow 4010f0)
      Successors: 4010f0, 4010df
  WARNING: No table entries for indirect jump at 4010ac; Adding next_ea 4010ae as successor.
  BB: 4010a7 in func 401090 with 2 insts
    I: 4010a7 (imm 404020)
    I: 4010ac
      Successors: 4010ae
  WARNING: No table entries for indirect jump at 4010ee; Adding next_ea 4010f0 as successor.
  BB: 4010e9 in func 401090 with 2 insts
    I: 4010e9 (imm 404020)
    I: 4010ee
      Successors: 4010f0
  BB: 4010ae in func 401090 with 1 insts
    I: 4010ae
      Successors: 4010b0
  BB: 401090 in func 401090 with 3 insts
    I: 401090 (imm 404020)
    I: 401095 (imm 404020)
    I: 40109b (flow 4010b0)
      Successors: 4010b0, 40109d
  BB: 4010b0 in func 401090 with 1 insts
    I: 4010b0
      No successors
  BB: 4010b1 in func 401090 with 2 insts
    I: 4010b1
    I: 4010b5
      Successors: 4010c0
  BB: 4010f0 in func 401090 with 1 insts
    I: 4010f0
      No successors
  BB: 4010f1 in func 401090 with 2 insts
    I: 4010f1
    I: 4010f5
      No successors
  BB: 40109d in func 401090 with 3 insts
    I: 40109d
    I: 4010a2
    I: 4010a5 (flow 4010b0)
      Successors: 4010b0, 4010a7
  BB: 4010df in func 401090 with 3 insts
    I: 4010df
    I: 4010e4
    I: 4010e7 (flow 4010f0)
      Successors: 4010f0, 4010e9
Recovering 401100
  Analysing subroutine sub_401100 at 401100
  Subroutine sub_401100 at 401100 has 5 blocks
  BB: 401100 in func 401100 with 3 insts
    Referenced by data
    I: 401100
    I: 401104 (mem 404020)
    I: 40110b (flow 401120)
      Successors: 401120, 40110d
  BB: 401121 in func 401100 with 2 insts
    I: 401121
    I: 401125
      No successors
  BB: 401120 in func 401100 with 1 insts
    I: 401120
      No successors
  BB: 40110d in func 401100 with 6 insts
    I: 40110d
    I: 40110e
    I: 401111 (flow 401090)
    I: 401116 (mem 404020)
    I: 40111d
    I: 40111e
      No successors
  BB: 40111f in func 401100 with 1 insts
    I: 40111f
      Successors: 401120
Recovering 401130
  Analysing subroutine sub_401130 at 401130
  WARNING: No table entries for indirect jump at 4010ee; Adding next_ea 4010f0 as successor.
  Subroutine sub_401130 at 401130 has 6 blocks
  BB: 4010c0 in func 401130 with 8 insts
    I: 4010c0 (imm 404020)
    I: 4010c5 (imm 404020)
    I: 4010cc
    I: 4010cf
    I: 4010d3
    I: 4010d7
    I: 4010da
    I: 4010dd (flow 4010f0)
      Successors: 4010f0, 4010df
  WARNING: No table entries for indirect jump at 4010ee; Adding next_ea 4010f0 as successor.
  BB: 4010e9 in func 401130 with 2 insts
    I: 4010e9 (imm 404020)
    I: 4010ee
      Successors: 4010f0
  BB: 401130 in func 401130 with 2 insts
    Referenced by data
    I: 401130
    I: 401134 (flow 4010c0)
      Successors: 4010c0
  BB: 4010f0 in func 401130 with 1 insts
    I: 4010f0
      No successors
  BB: 401136 in func 401130 with 1 insts
    I: 401136
      No successors
  BB: 4010df in func 401130 with 3 insts
    I: 4010df
    I: 4010e4
    I: 4010e7 (flow 4010f0)
      Successors: 4010f0, 4010e9
Recovering 401140
  Analysing subroutine sub_401140 at 401140
  Subroutine sub_401140 at 401140 has 2 blocks
  BB: 401140 in func 401140 with 10 insts
    I: 401140
    I: 401141
    I: 401144
    I: 401148
    I: 40114c
    I: 401150
    I: 401153
    I: 401157
    I: 40115a
    I: 40115b
      No successors
  BB: 40115c in func 401140 with 1 insts
    I: 40115c
      No successors
Recovering 401160
  Analysing subroutine sub_401160 at 401160
  Subroutine sub_401160 at 401160 has 2 blocks
  BB: 401160 in func 401160 with 10 insts
    I: 401160
    I: 401161
    I: 401164
    I: 401168
    I: 40116c
    I: 401170
    I: 401173
    I: 401177
    I: 40117a
    I: 40117b
      No successors
  BB: 40117c in func 401160 with 1 insts
    I: 40117c
      No successors
Recovering 401180
  Analysing subroutine sub_401180 at 401180
  Subroutine sub_401180 at 401180 has 13 blocks
  BB: 401180 in func 401180 with 6 insts
    I: 401180
    I: 401181
    I: 401184
    I: 401187
    I: 40118a
    I: 40118d
      Successors: 401194
  BB: 401203 in func 401180 with 3 insts
    I: 401203
    I: 401206
    I: 401207
      No successors
  BB: 4011a5 in func 401180 with 1 insts
    I: 4011a5 (flow 4011aa)
      Successors: 4011aa
  BB: 401208 in func 401180 with 1 insts
    I: 401208 (flow 401194)
      Successors: 401194
  BB: 4011aa in func 401180 with 3 insts
    I: 4011aa
    I: 4011ad
    I: 4011b2 (flow 4011d5)
      Successors: 4011b8, 4011d5
  BB: 4011cb in func 401180 with 1 insts
    I: 4011cb (flow 4011d0)
      Successors: 4011d0
  BB: 40120d in func 401180 with 1 insts
    I: 40120d
      No successors
  BB: 4011d0 in func 401180 with 1 insts
    I: 4011d0 (flow 401208)
      Successors: 401208
  BB: 4011f0 in func 401180 with 4 insts
    I: 4011f0
    I: 4011f4
    I: 4011f7
    I: 4011fe (flow 401208)
      Successors: 401208
  BB: 401194 in func 401180 with 4 insts
    I: 401194
    I: 401197
    I: 40119a
    I: 40119f (flow 401203)
      Successors: 401203, 4011a5
  BB: 4011d5 in func 401180 with 7 insts
    I: 4011d5
    I: 4011d8
    I: 4011dd
    I: 4011e2
    I: 4011e5
    I: 4011e8
    I: 4011eb (flow 401208)
      Successors: 401208
  BB: 4011b8 in func 401180 with 1 insts
    I: 4011b8 (flow 4011bd)
      Successors: 4011bd
  BB: 4011bd in func 401180 with 3 insts
    I: 4011bd
    I: 4011c0
    I: 4011c5 (flow 4011f0)
      Successors: 4011f0, 4011cb
Recovering 401210
  Analysing subroutine sub_401210 at 401210
  Subroutine sub_401210 at 401210 has 16 blocks
  BB: 401281 in func 401210 with 8 insts
    I: 401281
    I: 401284
    I: 401287
    I: 40128c
    I: 401291
    I: 401293
    I: 401296
    I: 401299 (flow 4012c7)
      Successors: 4012c7
  BB: 4012c2 in func 401210 with 3 insts
    I: 4012c2
    I: 4012c5
    I: 4012c6
      No successors
  BB: 401243 in func 401210 with 3 insts
    I: 401243
    I: 401246
    I: 40124b (flow 401281)
      Successors: 401251, 401281
  BB: 401264 in func 401210 with 1 insts
    I: 401264 (flow 401269)
      Successors: 401269
  BB: 4012c7 in func 401210 with 1 insts
    I: 4012c7 (flow 40122d)
      Successors: 40122d
  BB: 40123e in func 401210 with 1 insts
    I: 40123e (flow 401243)
      Successors: 401243
  BB: 401269 in func 401210 with 3 insts
    I: 401269
    I: 40126c
    I: 401271 (flow 40129e)
      Successors: 40129e, 401277
  BB: 4012cc in func 401210 with 1 insts
    I: 4012cc
      No successors
  BB: 40122d in func 401210 with 4 insts
    I: 40122d
    I: 401230
    I: 401233
    I: 401238 (flow 4012c2)
      Successors: 4012c2, 40123e
  BB: 401210 in func 401210 with 9 insts
    I: 401210
    I: 401211
    I: 401214
    I: 401217
    I: 40121a
    I: 40121d
    I: 401220
    I: 401223
    I: 401226
      Successors: 40122d
  BB: 401251 in func 401210 with 1 insts
    I: 401251 (flow 401256)
      Successors: 401256
  BB: 4012b0 in func 401210 with 4 insts
    I: 4012b0
    I: 4012b3
    I: 4012b6
    I: 4012bd (flow 4012c7)
      Successors: 4012c7
  BB: 401256 in func 401210 with 3 insts
    I: 401256
    I: 401259
    I: 40125e (flow 4012b0)
      Successors: 4012b0, 401264
  BB: 401277 in func 401210 with 1 insts
    I: 401277 (flow 40127c)
      Successors: 40127c
  BB: 40127c in func 401210 with 1 insts
    I: 40127c (flow 4012c7)
      Successors: 4012c7
  BB: 40129e in func 401210 with 4 insts
    I: 40129e
    I: 4012a1
    I: 4012a4
    I: 4012ab (flow 4012c7)
      Successors: 4012c7
Recovering 4012d0
  Analysing subroutine sub_4012D0 at 4012d0
  Subroutine sub_4012D0 at 4012d0 has 16 blocks
  BB: 401341 in func 4012d0 with 8 insts
    I: 401341
    I: 401344
    I: 401347
    I: 40134c
    I: 401351
    I: 401353
    I: 401356
    I: 401359 (flow 401387)
      Successors: 401387
  BB: 401382 in func 4012d0 with 3 insts
    I: 401382
    I: 401385
    I: 401386
      No successors
  BB: 401303 in func 4012d0 with 3 insts
    I: 401303
    I: 401306
    I: 40130b (flow 401341)
      Successors: 401341, 401311
  BB: 401324 in func 4012d0 with 1 insts
    I: 401324 (flow 401329)
      Successors: 401329
  BB: 401387 in func 4012d0 with 1 insts
    I: 401387 (flow 4012ed)
      Successors: 4012ed
  BB: 401329 in func 4012d0 with 3 insts
    I: 401329
    I: 40132c
    I: 401331 (flow 40135e)
      Successors: 40135e, 401337
  BB: 40138c in func 4012d0 with 1 insts
    I: 40138c
      No successors
  BB: 4012ed in func 4012d0 with 4 insts
    I: 4012ed
    I: 4012f0
    I: 4012f3
    I: 4012f8 (flow 401370)
      Successors: 401370, 4012fe
  BB: 4012fe in func 4012d0 with 1 insts
    I: 4012fe (flow 401303)
      Successors: 401303
  BB: 4012d0 in func 4012d0 with 9 insts
    I: 4012d0
    I: 4012d1
    I: 4012d4
    I: 4012d7
    I: 4012da
    I: 4012dd
    I: 4012e0
    I: 4012e3
    I: 4012e6
      Successors: 4012ed
  BB: 401311 in func 4012d0 with 1 insts
    I: 401311 (flow 401316)
      Successors: 401316
  BB: 401370 in func 4012d0 with 4 insts
    I: 401370
    I: 401373
    I: 401376
    I: 40137d (flow 401387)
      Successors: 401387
  BB: 401316 in func 4012d0 with 3 insts
    I: 401316
    I: 401319
    I: 40131e (flow 401382)
      Successors: 401382, 401324
  BB: 401337 in func 4012d0 with 1 insts
    I: 401337 (flow 40133c)
      Successors: 40133c
  BB: 40133c in func 4012d0 with 1 insts
    I: 40133c (flow 401387)
      Successors: 401387
  BB: 40135e in func 4012d0 with 4 insts
    I: 40135e
    I: 401361
    I: 401364
    I: 40136b (flow 401387)
      Successors: 401387
Recovering 401390
  Analysing subroutine sub_401390 at 401390
  Subroutine sub_401390 at 401390 has 16 blocks
  BB: 4013c1 in func 401390 with 3 insts
    I: 4013c1
    I: 4013c4
    I: 4013c9 (flow 40141a)
      Successors: 40141a, 4013cf
  BB: 4013e2 in func 401390 with 1 insts
    I: 4013e2 (flow 4013e7)
      Successors: 4013e7
  BB: 4013fa in func 401390 with 1 insts
    I: 4013fa (flow 401455)
      Successors: 401455
  BB: 40145a in func 401390 with 1 insts
    I: 40145a
      No successors
  BB: 4013e7 in func 401390 with 3 insts
    I: 4013e7
    I: 4013ea
    I: 4013ef (flow 40142c)
      Successors: 40142c, 4013f5
  BB: 4013ab in func 401390 with 4 insts
    I: 4013ab
    I: 4013ae
    I: 4013b1
    I: 4013b6 (flow 4013ff)
      Successors: 4013bc, 4013ff
  BB: 40142c in func 401390 with 9 insts
    I: 40142c
    I: 40142f
    I: 401432
    I: 401433
    I: 401436
    I: 401438 (flow 401390)
    I: 40143d
    I: 401440
    I: 401447 (flow 401455)
      Successors: 401455
  BB: 40144c in func 401390 with 4 insts
    I: 40144c
    I: 40144f
    I: 401453
    I: 401454
      No successors
  BB: 4013cf in func 401390 with 1 insts
    I: 4013cf (flow 4013d4)
      Successors: 4013d4
  BB: 401390 in func 401390 with 8 insts
    I: 401390
    I: 401391
    I: 401394
    I: 401398
    I: 40139b
    I: 40139e
    I: 4013a1
    I: 4013a4
      Successors: 4013ab
  BB: 4013d4 in func 401390 with 3 insts
    I: 4013d4
    I: 4013d7
    I: 4013dc (flow 40144c)
      Successors: 4013e2, 40144c
  BB: 4013f5 in func 401390 with 1 insts
    I: 4013f5 (flow 4013fa)
      Successors: 4013fa
  BB: 401455 in func 401390 with 1 insts
    I: 401455 (flow 4013ab)
      Successors: 4013ab
  BB: 40141a in func 401390 with 4 insts
    I: 40141a
    I: 40141d
    I: 401420
    I: 401427 (flow 401455)
      Successors: 401455
  BB: 4013bc in func 401390 with 1 insts
    I: 4013bc (flow 4013c1)
      Successors: 4013c1
  BB: 4013ff in func 401390 with 7 insts
    I: 4013ff
    I: 401402
    I: 401407
    I: 40140c
    I: 40140f
    I: 401412
    I: 401415 (flow 401455)
      Successors: 401455
Recovering 401460
  Analysing subroutine sub_401460 at 401460
  Subroutine sub_401460 at 401460 has 13 blocks
  BB: 401460 in func 401460 with 5 insts
    I: 401460
    I: 401461
    I: 401464
    I: 401468
    I: 40146f
      Successors: 401476
  BB: 401502 in func 401460 with 2 insts
    I: 401502
    I: 40150c
      No successors
  BB: 401487 in func 401460 with 1 insts
    I: 401487 (flow 40148c)
      Successors: 40148c
  BB: 40148c in func 401460 with 3 insts
    I: 40148c
    I: 40148f
    I: 401494 (flow 4014f8)
      Successors: 4014f8, 40149a
  BB: 4014ad in func 401460 with 1 insts
    I: 4014ad (flow 4014b2)
      Successors: 4014b2
  BB: 4014d1 in func 401460 with 10 insts
    I: 4014d1
    I: 4014d5
    I: 4014da
    I: 4014dc
    I: 4014df
    I: 4014e3
    I: 4014e6
    I: 4014e9
    I: 4014ec
    I: 4014f3 (flow 4014fd)
      Successors: 4014fd
  BB: 4014b2 in func 401460 with 1 insts
    I: 4014b2 (flow 4014fd)
      Successors: 4014fd
  BB: 401476 in func 401460 with 4 insts
    I: 401476
    I: 401479
    I: 40147c
    I: 401481 (flow 4014b7)
      Successors: 4014b7, 401487
  BB: 4014b7 in func 401460 with 6 insts
    I: 4014b7
    I: 4014bc
    I: 4014c1
    I: 4014c6
    I: 4014c9
    I: 4014cc (flow 4014fd)
      Successors: 4014fd
  BB: 4014f8 in func 401460 with 3 insts
    I: 4014f8
    I: 4014fb
    I: 4014fc
      No successors
  BB: 40149a in func 401460 with 1 insts
    I: 40149a (flow 40149f)
      Successors: 40149f
  BB: 4014fd in func 401460 with 1 insts
    I: 4014fd (flow 401476)
      Successors: 401476
  BB: 40149f in func 401460 with 3 insts
    I: 40149f
    I: 4014a2
    I: 4014a7 (flow 4014d1)
      Successors: 4014d1, 4014ad
Recovering 401510
  Analysing subroutine sub_401510 at 401510
  Subroutine sub_401510 at 401510 has 13 blocks
  BB: 401581 in func 401510 with 14 insts
    I: 401581
    I: 401585
    I: 40158a
    I: 40158c
    I: 40158f
    I: 401593
    I: 401596
    I: 401599
    I: 40159d
    I: 4015a2
    I: 4015a4
    I: 4015a7
    I: 4015ab
    I: 4015b2 (flow 4015bc)
      Successors: 4015bc
  BB: 401562 in func 401510 with 1 insts
    I: 401562 (flow 4015bc)
      Successors: 4015bc
  BB: 4015c1 in func 401510 with 2 insts
    I: 4015c1
    I: 4015cb
      No successors
  BB: 401526 in func 401510 with 4 insts
    I: 401526
    I: 401529
    I: 40152c
    I: 401531 (flow 4015b7)
      Successors: 4015b7, 401537
  BB: 401567 in func 401510 with 6 insts
    I: 401567
    I: 40156c
    I: 401571
    I: 401576
    I: 401579
    I: 40157c (flow 4015bc)
      Successors: 4015bc
  BB: 40154a in func 401510 with 1 insts
    I: 40154a (flow 40154f)
      Successors: 40154f
  BB: 40154f in func 401510 with 3 insts
    I: 40154f
    I: 401552
    I: 401557 (flow 401567)
      Successors: 40155d, 401567
  BB: 401510 in func 401510 with 5 insts
    I: 401510
    I: 401511
    I: 401514
    I: 401518
    I: 40151f
      Successors: 401526
  BB: 40155d in func 401510 with 1 insts
    I: 40155d (flow 401562)
      Successors: 401562
  BB: 40153c in func 401510 with 3 insts
    I: 40153c
    I: 40153f
    I: 401544 (flow 401581)
      Successors: 401581, 40154a
  BB: 4015b7 in func 401510 with 3 insts
    I: 4015b7
    I: 4015ba
    I: 4015bb
      No successors
  BB: 4015bc in func 401510 with 1 insts
    I: 4015bc (flow 401526)
      Successors: 401526
  BB: 401537 in func 401510 with 1 insts
    I: 401537 (flow 40153c)
      Successors: 40153c
Recovering 4015d0
  Analysing subroutine sub_4015D0 at 4015d0
  Subroutine sub_4015D0 at 4015d0 has 2 blocks
  BB: 4015d0 in func 4015d0 with 16 insts
    I: 4015d0
    I: 4015d1
    I: 4015d4
    I: 4015d7
    I: 4015da
    I: 4015dd
    I: 4015e0 (mem 404024)
    I: 4015e7
    I: 4015ea
    I: 4015eb
    I: 4015ee
    I: 4015f0
    I: 4015f3
    I: 4015f6
    I: 4015f9
    I: 4015fa
      No successors
  BB: 4015fb in func 4015d0 with 1 insts
    I: 4015fb
      No successors
Recovering main at 401600
  Analysing subroutine main at 401600
    Block head at 00401bee is not code.
  Subroutine main at 401600 has 81 blocks
  BB: 401600 in func 401600 with 5 insts
    Referenced by data
    I: 401600
    I: 401601
    I: 401604
    I: 40160b
    I: 401612
      Successors: 40161c
  BB: 401801 in func 401600 with 1 insts
    I: 401801 (flow 401806)
      Successors: 401806
  BB: 401806 in func 401600 with 3 insts
    I: 401806
    I: 40180c
    I: 401811 (flow 401917)
      Successors: 401917, 401817
  BB: 401817 in func 401600 with 1 insts
    I: 401817 (flow 40181c)
      Successors: 40181c
  BB: 40181c in func 401600 with 3 insts
    I: 40181c
    I: 401822
    I: 401827 (flow 401bb1)
      Successors: 401bb1, 40182d
  BB: 40161c in func 401600 with 4 insts
    I: 40161c
    I: 401622
    I: 401628
    I: 40162d (flow 401b2a)
      Successors: 401b2a, 401633
  BB: 401a1d in func 401600 with 2 insts
    I: 401a1d
    I: 401a27 (flow 401be9)
      Successors: 401be9
  BB: 401a2c in func 401600 with 5 insts
    I: 401a2c
    I: 401a32
    I: 401a35
    I: 401a3b
    I: 401a45 (flow 401be9)
      Successors: 401be9
  BB: 40182d in func 401600 with 1 insts
    I: 40182d (flow 401832)
      Successors: 401832
  BB: 401832 in func 401600 with 3 insts
    I: 401832
    I: 401838
    I: 40183d (flow 4019ff)
      Successors: 401843, 4019ff
  BB: 401633 in func 401600 with 1 insts
    I: 401633 (flow 401638)
      Successors: 401638
  BB: 401638 in func 401600 with 3 insts
    I: 401638
    I: 40163e
    I: 401643 (flow 401b76)
      Successors: 401649, 401b76
  BB: 401843 in func 401600 with 1 insts
    I: 401843 (flow 401848)
      Successors: 401848
  BB: 401848 in func 401600 with 3 insts
    I: 401848
    I: 40184e
    I: 401853 (flow 401863)
      Successors: 401859, 401863
  BB: 401649 in func 401600 with 1 insts
    I: 401649 (flow 40164e)
      Successors: 40164e
  BB: 401a4a in func 401600 with 8 insts
    I: 401a4a
    I: 401a51
    I: 401a59
    I: 401a5d
    I: 401a65
    I: 401a6f
    I: 401a79
    I: 401a83 (flow 401be9)
      Successors: 401be9
  BB: 40164e in func 401600 with 3 insts
    I: 40164e
    I: 401654
    I: 401659 (flow 401a88)
      Successors: 401a88, 40165f
  BB: 401859 in func 401600 with 1 insts
    I: 401859 (flow 40185e)
      Successors: 40185e
  BB: 40185e in func 401600 with 1 insts
    I: 40185e (flow 401be9)
      Successors: 401be9
  BB: 40165f in func 401600 with 1 insts
    I: 40165f (flow 401664)
      Successors: 401664
  BB: 401863 in func 401600 with 10 insts
    I: 401863 (imm 402004)
    I: 40186d
    I: 401871
    I: 401873 (flow 404038)
    I: 401878
    I: 40187d
    I: 401882
    I: 401886
    I: 401889
    I: 40188f (flow 401be9)
      Successors: 401be9
  BB: 401664 in func 401600 with 3 insts
    I: 401664
    I: 40166a
    I: 40166f (flow 40194e)
      Successors: 401675, 40194e
  BB: 401675 in func 401600 with 1 insts
    I: 401675 (flow 40167a)
      Successors: 40167a
  BB: 40167a in func 401600 with 3 insts
    I: 40167a
    I: 401680
    I: 401685 (flow 4018a3)
      Successors: 40168b, 4018a3
  BB: 401a88 in func 401600 with 9 insts
    I: 401a88
    I: 401a8e
    I: 401a91
    I: 401a94
    I: 401a99
    I: 401a9e
    I: 401aa0
    I: 401aa3
    I: 401aa9 (flow 401be9)
      Successors: 401be9
  BB: 40168b in func 401600 with 1 insts
    I: 40168b (flow 401690)
      Successors: 401690
  BB: 401690 in func 401600 with 3 insts
    I: 401690
    I: 401696
    I: 40169b (flow 401b11)
      Successors: 4016a1, 401b11
  BB: 401894 in func 401600 with 2 insts
    I: 401894
    I: 40189e (flow 401be9)
      Successors: 401be9
  BB: 4016a1 in func 401600 with 1 insts
    I: 4016a1 (flow 4016a6)
      Successors: 4016a6
  BB: 4018a3 in func 401600 with 3 insts
    I: 4018a3
    I: 4018ad
    I: 4018b7 (flow 401be9)
      Successors: 401be9
  BB: 4016a6 in func 401600 with 3 insts
    I: 4016a6
    I: 4016ac
    I: 4016b1 (flow 401b57)
      Successors: 401b57, 4016b7
  BB: 401aae in func 401600 with 20 insts
    I: 401aae
    I: 401ab5
    I: 401abd
    I: 401ac3
    I: 401ac6
    I: 401ac8
    I: 401ad0
    I: 401ad6
    I: 401ad9
    I: 401adb
    I: 401ae3
    I: 401ae9
    I: 401aec
    I: 401aee
    I: 401af6
    I: 401afb
    I: 401b00
    I: 401b03
    I: 401b06
    I: 401b0c (flow 401be9)
      Successors: 401be9
  BB: 4016b7 in func 401600 with 1 insts
    I: 4016b7 (flow 4016bc)
      Successors: 4016bc
  BB: 4016bc in func 401600 with 3 insts
    I: 4016bc
    I: 4016c2
    I: 4016c7 (flow 401997)
      Successors: 4016cd, 401997
  BB: 4018bc in func 401600 with 9 insts
    I: 4018bc
    I: 4018c2
    I: 4018c5
    I: 4018c8
    I: 4018cd
    I: 4018d2
    I: 4018d4
    I: 4018d7
    I: 4018dd (flow 401be9)
      Successors: 401be9
  BB: 4016cd in func 401600 with 1 insts
    I: 4016cd (flow 4016d2)
      Successors: 4016d2
  BB: 4016d2 in func 401600 with 3 insts
    I: 4016d2
    I: 4016d8
    I: 4016dd (flow 4018bc)
      Successors: 4016e3, 4018bc
  BB: 4018e2 in func 401600 with 9 insts
    I: 4018e2
    I: 4018e9
    I: 4018f0
    I: 4018f4
    I: 4018f7 (imm 402007)
    I: 401901
    I: 401903 (flow 404038)
    I: 401908
    I: 401912 (flow 401be9)
      Successors: 401be9
  BB: 4016e3 in func 401600 with 1 insts
    I: 4016e3 (flow 4016e8)
      Successors: 4016e8
  BB: 4016e8 in func 401600 with 3 insts
    I: 4016e8
    I: 4016ee
    I: 4016f3 (flow 401aae)
      Successors: 4016f9, 401aae
  BB: 4016f9 in func 401600 with 1 insts
    I: 4016f9 (flow 4016fe)
      Successors: 4016fe
  BB: 4016fe in func 401600 with 3 insts
    I: 4016fe
    I: 401704
    I: 401709 (flow 401935)
      Successors: 401935, 40170f
  BB: 40170f in func 401600 with 1 insts
    I: 40170f (flow 401714)
      Successors: 401714
  BB: 401b11 in func 401600 with 3 insts
    I: 401b11
    I: 401b1b
    I: 401b25 (flow 401be9)
      Successors: 401be9
  BB: 401714 in func 401600 with 3 insts
    I: 401714
    I: 40171a
    I: 40171f (flow 4018e2)
      Successors: 4018e2, 401725
  BB: 401917 in func 401600 with 5 insts
    I: 401917
    I: 40191d
    I: 401920
    I: 401926
    I: 401930 (flow 401be9)
      Successors: 401be9
  BB: 401725 in func 401600 with 1 insts
    I: 401725 (flow 40172a)
      Successors: 40172a
  BB: 40172a in func 401600 with 3 insts
    I: 40172a
    I: 401730
    I: 401735 (flow 401ba2)
      Successors: 401ba2, 40173b
  BB: 401b2a in func 401600 with 2 insts
    I: 401b2a
    I: 401b34 (flow 401be9)
      Successors: 401be9
  BB: 401935 in func 401600 with 3 insts
    I: 401935
    I: 40193f
    I: 401949 (flow 401be9)
      Successors: 401be9
  BB: 401b39 in func 401600 with 5 insts
    I: 401b39
    I: 401b3f
    I: 401b42
    I: 401b48
    I: 401b52 (flow 401be9)
      Successors: 401be9
  BB: 40173b in func 401600 with 1 insts
    I: 40173b (flow 401740)
      Successors: 401740
  BB: 401740 in func 401600 with 3 insts
    I: 401740
    I: 401746
    I: 40174b (flow 401bcf)
      Successors: 401751, 401bcf
  BB: 40194e in func 401600 with 9 insts
    I: 40194e
    I: 401954
    I: 401957
    I: 40195a
    I: 40195f
    I: 401964
    I: 401966
    I: 401969
    I: 40196f (flow 401be9)
      Successors: 401be9
  BB: 401751 in func 401600 with 1 insts
    I: 401751 (flow 401756)
      Successors: 401756
  BB: 401756 in func 401600 with 3 insts
    I: 401756
    I: 40175c
    I: 401761 (flow 401894)
      Successors: 401894, 401767
  BB: 401b57 in func 401600 with 6 insts
    I: 401b57
    I: 401b5c
    I: 401b61
    I: 401b68
    I: 401b6b
    I: 401b71 (flow 401be9)
      Successors: 401be9
  BB: 401767 in func 401600 with 1 insts
    I: 401767 (flow 40176c)
      Successors: 40176c
  BB: 40176c in func 401600 with 3 insts
    I: 40176c
    I: 401772
    I: 401777 (flow 401b39)
      Successors: 401b39, 40177d
  BB: 401974 in func 401600 with 4 insts
    I: 401974
    I: 40197e
    I: 401988
    I: 401992 (flow 401be9)
      Successors: 401be9
  BB: 401b76 in func 401600 with 7 insts
    I: 401b76
    I: 401b7a
    I: 401b82 (imm 40200c)
    I: 401b8c
    I: 401b8e (flow 404030)
    I: 401b93
    I: 401b9d (flow 401be9)
      Successors: 401be9
  BB: 40177d in func 401600 with 1 insts
    I: 40177d (flow 401782)
      Successors: 401782
  BB: 401782 in func 401600 with 3 insts
    I: 401782
    I: 401788
    I: 40178d (flow 401bde)
      Successors: 401793, 401bde
  BB: 401793 in func 401600 with 1 insts
    I: 401793 (flow 401798)
      Successors: 401798
  BB: 401997 in func 401600 with 9 insts
    I: 401997
    I: 40199d
    I: 4019a0
    I: 4019a3
    I: 4019a8
    I: 4019ad
    I: 4019af
    I: 4019b2
    I: 4019b8 (flow 401be9)
      Successors: 401be9
  BB: 401798 in func 401600 with 3 insts
    I: 401798
    I: 40179e
    I: 4017a3 (flow 401a4a)
      Successors: 4017a9, 401a4a
  BB: 401ba2 in func 401600 with 2 insts
    I: 401ba2
    I: 401bac (flow 401be9)
      Successors: 401be9
  BB: 4017a9 in func 401600 with 1 insts
    I: 4017a9 (flow 4017ae)
      Successors: 4017ae
  BB: 4017ae in func 401600 with 3 insts
    I: 4017ae
    I: 4017b4
    I: 4017b9 (flow 401a2c)
      Successors: 401a2c, 4017bf
  BB: 401bb1 in func 401600 with 5 insts
    I: 401bb1
    I: 401bb7
    I: 401bba
    I: 401bc0
    I: 401bca (flow 401be9)
      Successors: 401be9
  BB: 4019bd in func 401600 with 11 insts
    I: 4019bd
    I: 4019c4
    I: 4019cc
    I: 4019d3
    I: 4019db
    I: 4019e1
    I: 4019e6
    I: 4019eb
    I: 4019f1
    I: 4019f4
    I: 4019fa (flow 401be9)
      Successors: 401be9
  BB: 4017bf in func 401600 with 1 insts
    I: 4017bf (flow 4017c4)
      Successors: 4017c4
  BB: 4017c4 in func 401600 with 3 insts
    I: 4017c4
    I: 4017ca
    I: 4017cf (flow 401a1d)
      Successors: 401a1d, 4017d5
  BB: 401bcf in func 401600 with 2 insts
    I: 401bcf
    I: 401bd9 (flow 401be9)
      Successors: 401be9
  BB: 4017d5 in func 401600 with 1 insts
    I: 4017d5 (flow 4017da)
      Successors: 4017da
  BB: 4017da in func 401600 with 3 insts
    I: 4017da
    I: 4017e0
    I: 4017e5 (flow 4019bd)
      Successors: 4017eb, 4019bd
  BB: 401bde in func 401600 with 4 insts
    I: 401bde
    I: 401be0
    I: 401be7
    I: 401be8
      No successors
  BB: 401be9 in func 401600 with 1 insts
    I: 401be9 (flow 40161c)
      Successors: 40161c
  BB: 4017eb in func 401600 with 1 insts
    I: 4017eb (flow 4017f0)
      Successors: 4017f0
  BB: 4017f0 in func 401600 with 3 insts
    I: 4017f0
    I: 4017f6
    I: 4017fb (flow 401974)
      Successors: 401801, 401974
  BB: 4019ff in func 401600 with 5 insts
    I: 4019ff
    I: 401a05
    I: 401a08
    I: 401a0e
    I: 401a18 (flow 401be9)
      Successors: 401be9
Recovering .term_proc at 401bf0
  Analysing subroutine .term_proc at 401bf0
    Block head at 00401bfd is not code.
  Subroutine .term_proc at 401bf0 has 1 blocks
  BB: 401bf0 in func 401bf0 with 4 insts
    I: 401bf0
    I: 401bf4
    I: 401bf8
    I: 401bfc
      No successors
Global Variable None
WARNING: Global constructor and destructor sections are adjacent!
Recovering region LOAD [400000, 4004e8) in segment LOAD
  8-byte reference at 400018 to 401050 (start)
  8-byte reference at 4000f8 to 401000 (.init_proc)
  8-byte reference at 400130 to 402000 ()
  8-byte reference at 400168 to 403de8 ()
  8-byte reference at 400280 to 402014 ()
  8-byte reference at 4002f0 to 403de8 ()
Recovering region .init [401000, 40101b) in segment .init
Recovering region LOAD [40101b, 401020) in segment LOAD
Recovering region .plt [401020, 401050) in segment .plt
Recovering region .text [401050, 401bee) in segment .text
Recovering region LOAD [401bee, 401bf0) in segment LOAD
Recovering region .fini [401bf0, 401bfd) in segment .fini
Recovering region .rodata [402000, 402012) in segment .rodata
  Variable aLld at 402007
  Variable format at 40200c
Recovering region LOAD [402012, 402014) in segment LOAD
Recovering region .eh_frame_hdr [402014, 402088) in segment .eh_frame_hdr
Recovering region .eh_frame [402088, 402250) in segment .eh_frame
Recovering region LOAD [402250, 402290) in segment LOAD
Recovering region .init_array [403de8, 403df8) in segment .init_array
  8-byte reference at 403de8 to 401130 ()
  8-byte reference at 403df0 to 401100 ()
Recovering region LOAD [403df8, 403fd8) in segment LOAD
Recovering region .got [403fd8, 403fe8) in segment .got
  8-byte reference at 403fd8 to 404028 (__libc_start_main)
  8-byte reference at 403fe0 to 404040 (__gmon_start__)
Recovering region .got.plt [403fe8, 404010) in segment .got.plt
  8-byte reference at 404000 to 404030 (printf)
  8-byte reference at 404008 to 404038 (__isoc99_scanf)
Recovering region .data [404010, 404020) in segment .data
Recovering region .bss [404020, 404028) in segment .bss
Recovering extern function printf at 401030
Recovering extern function __isoc99_scanf at 401040
Recovering extern function __libc_start_main at 404028
Recovering extern function printf at 404030
Recovering extern function __isoc99_scanf at 404038
Recovering extern function __gmon_start__ at 404040
Recovered 17 functions.
Saving to: /home/ubuntu/capstone_project/result/pipeline_20260629_141746/s290484179_fla.cfg
Done analysis!
