Debugging is enabled.
Loading Standard Definitions file: /home/ubuntu/capstone_project/dependency/mcsema/mcsema/lib/python3/site-packages/mcsema_disass-3.1.3.8-py3.8.egg/mcsema_disass/defs/linux.txt
Using Batch mode.
Starting analysis
Recovering module s290484179_instsub.elf
Found main at 401370
Looking for instructions in segment .init
  Default block heads for function 401000 with loose bounds [401000, 40101b)
    block [401000, 401014)
    block [401014, 401016)
    block [401016, 40101b)
    chunk [401000, 40101b)
Looking for instructions in segment .plt
  Default block heads for function 401020 with loose bounds [401020, 40102c)
    block [401020, 40102c)
    chunk [401020, 40102c)
  Default block heads for function 401030 with loose bounds [401030, 401036)
    block [401030, 401036)
    chunk [401030, 401036)
  Default block heads for function 401040 with loose bounds [401040, 401046)
    block [401040, 401046)
    chunk [401040, 401046)
Looking for instructions in segment .text
  Default block heads for function 401050 with loose bounds [401050, 401076)
    block [401050, 401076)
    chunk [401050, 401076)
  Default block heads for function 401090 with loose bounds [401090, 4010b1)
    block [401090, 40109d)
    block [40109d, 4010a7)
    block [4010a7, 4010ae)
    block [4010b0, 4010b1)
    chunk [401090, 4010b1)
  Default block heads for function 401100 with loose bounds [401100, 401121)
    block [401100, 40110d)
    block [40110d, 40111f)
    block [401120, 401121)
    chunk [401100, 401121)
  Default block heads for function 401130 with loose bounds [401130, 401136)
    block [401130, 401136)
    chunk [401130, 401136)
    chunk [4010c0, 4010f1)
  Default block heads for function 401140 with loose bounds [401140, 401179)
    block [401140, 401179)
    chunk [401140, 401179)
  Default block heads for function 401180 with loose bounds [401180, 4011a4)
    block [401180, 4011a4)
    chunk [401180, 4011a4)
  Default block heads for function 4011b0 with loose bounds [4011b0, 4011cd)
    block [4011b0, 4011c1)
    block [4011c1, 4011c8)
    block [4011c8, 4011cd)
    chunk [4011b0, 4011cd)
  Default block heads for function 4011d0 with loose bounds [4011d0, 4011fc)
    block [4011d0, 4011e6)
    block [4011e6, 4011f1)
    block [4011f1, 4011f7)
    block [4011f7, 4011fc)
    chunk [4011d0, 4011fc)
  Default block heads for function 401200 with loose bounds [401200, 40122c)
    block [401200, 401216)
    block [401216, 401221)
    block [401221, 401227)
    block [401227, 40122c)
    chunk [401200, 40122c)
  Default block heads for function 401230 with loose bounds [401230, 401270)
    block [401230, 401248)
    block [401248, 401253)
    block [401253, 401267)
    block [401267, 401270)
    chunk [401230, 401270)
  Default block heads for function 401270 with loose bounds [401270, 4012b9)
    block [401270, 40127f)
    block [40127f, 40128a)
    block [40128a, 4012b4)
    block [4012b4, 4012b9)
    chunk [401270, 4012b9)
  Default block heads for function 4012c0 with loose bounds [4012c0, 401313)
    block [4012c0, 4012cf)
    block [4012cf, 4012da)
    block [4012da, 40130e)
    block [40130e, 401313)
    chunk [4012c0, 401313)
  Default block heads for function 401320 with loose bounds [401320, 401361)
    block [401320, 401361)
    chunk [401320, 401361)
  Default block heads for function 401370 with loose bounds [401370, 401652)
    block [401370, 401382)
    block [401382, 4013a1)
    block [4013a1, 4013a6)
    block [4013a6, 4013b0)
    block [4013b0, 4013d0)
    block [4013d0, 401414)
    block [401414, 40141e)
    block [40141e, 401436)
    block [401436, 40144a)
    block [40144a, 40146a)
    block [40146a, 40149a)
    block [40149a, 4014b5)
    block [4014b5, 4014ba)
    block [4014ba, 4014d8)
    block [4014d8, 401507)
    block [401507, 401527)
    block [401527, 4015c9)
    block [4015c9, 4015d3)
    block [4015d3, 4015d8)
    block [4015d8, 4015f0)
    block [4015f0, 4015fd)
    block [4015fd, 40161f)
    block [40161f, 401624)
    block [401624, 401642)
    block [401642, 401647)
    block [401647, 401652)
    chunk [401370, 401652)
Looking for instructions in segment .fini
  Default block heads for function 401654 with loose bounds [401654, 401661)
    block [401654, 401661)
    chunk [401654, 401661)
Looking for strings in segment .rodata [402000, 402012)
  Found string b'%lld' of length 5 at 402007, jumping to 40200c
  Found string b'%lld\n' of length 6 at 40200c, jumping to 402012
Looking for strings in segment .eh_frame_hdr [402014, 402088)
Looking for strings in segment .eh_frame [402088, 402234)
Looking for strings in segment .init_array [403de8, 403df0)
Looking for strings in segment .fini_array [403df0, 403df8)
Looking for strings in segment .got [403fd8, 403fe8)
Looking for strings in segment .got.plt [403fe8, 404010)
Looking for strings in segment .data [404010, 404020)
Looking for strings in segment .bss [404020, 404028)
Looking for strings in segment extern [404028, 404048)
Looking for cross-references in segment .init [401000, 40101b)
Looking for cross-references in segment .plt [401020, 401050)
  Stopping scan at 40102c
Looking for cross-references in segment .text [401050, 401652)
  Stopping scan at 40107c
  Stopping scan at 40108c
  Stopping scan at ffffffffffffffff
  Stopping scan at 4010bc
  Stopping scan at 4010fc
  Stopping scan at ffffffffffffffff
  Stopping scan at 40112c
  Stopping scan at 40113c
  Stopping scan at 40117c
  Stopping scan at 4011ac
  Stopping scan at ffffffffffffffff
  Stopping scan at 4011fc
  Stopping scan at 40122c
  Stopping scan at 4012bc
  Stopping scan at 40131c
  Stopping scan at 40136c
Looking for cross-references in segment .fini [401654, 401661)
Looking for cross-references in segment .rodata [402000, 402012)
  Found string at 40200c, jumping to 402012
  Stopping scan at 40200c
Looking for cross-references in segment .eh_frame_hdr [402014, 402088)
  Stopping scan at 402084
Looking for cross-references in segment .eh_frame [402088, 402234)
  Stopping scan at 402230
Looking for cross-references in segment .init_array [403de8, 403df0)
  Adding qword reference from 403de8 to 401130
  Stopping scan at 403de8
Looking for cross-references in segment .fini_array [403df0, 403df8)
  Adding qword reference from 403df0 to 401100
  Stopping scan at 403df0
Looking for cross-references in segment .got [403fd8, 403fe8)
  Adding qword reference from 403fd8 to 404028
  Adding qword reference from 403fe0 to 404040
  Stopping scan at 403fe0
Looking for cross-references in segment .got.plt [403fe8, 404010)
  Adding qword reference from 404000 to 404030
  Adding qword reference from 404008 to 404038
  Stopping scan at 404008
Looking for cross-references in segment .data [404010, 404020)
  Stopping scan at 40401c
Looking for cross-references in segment .bss [404020, 404028)
  Stopping scan at 404024
Looking for cross-references in segment extern [404028, 404048)
  Stopping scan at 404044
Looking for thunks
  Found thunk for printf targeting 404030 at 401030
  Found thunk for __isoc99_scanf targeting 404038 at 401040
Looking for external symbols
  Function at 401030 is the external function printf
  Function at 401040 is the external function __isoc99_scanf
  Function at 404028 is the external function __libc_start_main
  Function at 404030 is the external function printf
  Function at 404038 is the external function __isoc99_scanf
  Function at 404040 is the external function __gmon_start__
Looking for entrypoints
Recovering .init_proc at 401000
  Analysing subroutine .init_proc at 401000
    Block head at 0040101b is not code.
  Subroutine .init_proc at 401000 has 3 blocks
  BB: 401000 in func 401000 with 5 insts
    Referenced by data
    I: 401000
    I: 401004
    I: 401008 (mem 403fe0)
    I: 40100f
    I: 401012 (flow 401016)
      Successors: 401014, 401016
  BB: 401014 in func 401000 with 1 insts
    I: 401014
      Successors: 401016
  BB: 401016 in func 401000 with 2 insts
    I: 401016
    I: 40101a
      No successors
Recovering 401020
  Analysing subroutine sub_401020 at 401020
  WARNING: No table entries for indirect jump at 401026; Adding next_ea 40102c as successor.
  Subroutine sub_401020 at 401020 has 2 blocks
  WARNING: No table entries for indirect jump at 401026; Adding next_ea 40102c as successor.
  BB: 401020 in func 401020 with 2 insts
    I: 401020 (mem 403ff0)
    I: 401026 (mem 403ff8)
      Successors: 40102c
  BB: 40102c in func 401020 with 1 insts
    I: 40102c
      No successors
Recovering start at 401050
  Analysing subroutine start at 401050
  Subroutine start at 401050 has 3 blocks
  BB: 401050 in func 401050 with 13 insts
    Referenced by data
    I: 401050
    I: 401054
    I: 401056
    I: 401059
    I: 40105a
    I: 40105d
    I: 401061
    I: 401062
    I: 401063
    I: 401066
    I: 401068 (imm 401370)
    I: 40106f (mem 403fd8)
    I: 401075
      No successors
  BB: 401085 in func 401050 with 2 insts
    I: 401085
    I: 40108f
      No successors
  BB: 401076 in func 401050 with 3 insts
    I: 401076
    I: 401080
    I: 401084
      No successors
Recovering 401090
  Analysing subroutine sub_401090 at 401090
  WARNING: No table entries for indirect jump at 4010ac; Adding next_ea 4010ae as successor.
  WARNING: No table entries for indirect jump at 4010ee; Adding next_ea 4010f0 as successor.
  Subroutine sub_401090 at 401090 has 11 blocks
  BB: 4010c0 in func 401090 with 8 insts
    I: 4010c0 (imm 404020)
    I: 4010c5 (imm 404020)
    I: 4010cc
    I: 4010cf
    I: 4010d3
    I: 4010d7
    I: 4010da
    I: 4010dd (flow 4010f0)
      Successors: 4010f0, 4010df
  WARNING: No table entries for indirect jump at 4010ac; Adding next_ea 4010ae as successor.
  BB: 4010a7 in func 401090 with 2 insts
    I: 4010a7 (imm 404020)
    I: 4010ac
      Successors: 4010ae
  WARNING: No table entries for indirect jump at 4010ee; Adding next_ea 4010f0 as successor.
  BB: 4010e9 in func 401090 with 2 insts
    I: 4010e9 (imm 404020)
    I: 4010ee
      Successors: 4010f0
  BB: 4010ae in func 401090 with 1 insts
    I: 4010ae
      Successors: 4010b0
  BB: 401090 in func 401090 with 3 insts
    I: 401090 (imm 404020)
    I: 401095 (imm 404020)
    I: 40109b (flow 4010b0)
      Successors: 4010b0, 40109d
  BB: 4010b0 in func 401090 with 1 insts
    I: 4010b0
      No successors
  BB: 4010b1 in func 401090 with 2 insts
    I: 4010b1
    I: 4010b5
      Successors: 4010c0
  BB: 4010f0 in func 401090 with 1 insts
    I: 4010f0
      No successors
  BB: 4010f1 in func 401090 with 2 insts
    I: 4010f1
    I: 4010f5
      No successors
  BB: 40109d in func 401090 with 3 insts
    I: 40109d
    I: 4010a2
    I: 4010a5 (flow 4010b0)
      Successors: 4010b0, 4010a7
  BB: 4010df in func 401090 with 3 insts
    I: 4010df
    I: 4010e4
    I: 4010e7 (flow 4010f0)
      Successors: 4010f0, 4010e9
Recovering 401100
  Analysing subroutine sub_401100 at 401100
  Subroutine sub_401100 at 401100 has 5 blocks
  BB: 401100 in func 401100 with 3 insts
    Referenced by data
    I: 401100
    I: 401104 (mem 404020)
    I: 40110b (flow 401120)
      Successors: 401120, 40110d
  BB: 401121 in func 401100 with 2 insts
    I: 401121
    I: 401125
      No successors
  BB: 401120 in func 401100 with 1 insts
    I: 401120
      No successors
  BB: 40110d in func 401100 with 6 insts
    I: 40110d
    I: 40110e
    I: 401111 (flow 401090)
    I: 401116 (mem 404020)
    I: 40111d
    I: 40111e
      No successors
  BB: 40111f in func 401100 with 1 insts
    I: 40111f
      Successors: 401120
Recovering 401130
  Analysing subroutine sub_401130 at 401130
  WARNING: No table entries for indirect jump at 4010ee; Adding next_ea 4010f0 as successor.
  Subroutine sub_401130 at 401130 has 6 blocks
  BB: 4010c0 in func 401130 with 8 insts
    I: 4010c0 (imm 404020)
    I: 4010c5 (imm 404020)
    I: 4010cc
    I: 4010cf
    I: 4010d3
    I: 4010d7
    I: 4010da
    I: 4010dd (flow 4010f0)
      Successors: 4010f0, 4010df
  WARNING: No table entries for indirect jump at 4010ee; Adding next_ea 4010f0 as successor.
  BB: 4010e9 in func 401130 with 2 insts
    I: 4010e9 (imm 404020)
    I: 4010ee
      Successors: 4010f0
  BB: 401130 in func 401130 with 2 insts
    Referenced by data
    I: 401130
    I: 401134 (flow 4010c0)
      Successors: 4010c0
  BB: 4010f0 in func 401130 with 1 insts
    I: 4010f0
      No successors
  BB: 401136 in func 401130 with 1 insts
    I: 401136
      No successors
  BB: 4010df in func 401130 with 3 insts
    I: 4010df
    I: 4010e4
    I: 4010e7 (flow 4010f0)
      Successors: 4010f0, 4010e9
Recovering 401140
  Analysing subroutine sub_401140 at 401140
  Subroutine sub_401140 at 401140 has 2 blocks
  BB: 401140 in func 401140 with 15 insts
    I: 401140
    I: 401141
    I: 401144
    I: 401148
    I: 40114c
    I: 401150
    I: 401153
    I: 401157
    I: 40115a
    I: 401164
    I: 401167
    I: 40116a
    I: 401174
    I: 401177
    I: 401178
      No successors
  BB: 401179 in func 401140 with 1 insts
    I: 401179
      No successors
Recovering 401180
  Analysing subroutine sub_401180 at 401180
  Subroutine sub_401180 at 401180 has 2 blocks
  BB: 401180 in func 401180 with 13 insts
    I: 401180
    I: 401181
    I: 401184
    I: 401188
    I: 40118c
    I: 401190
    I: 401193
    I: 401197
    I: 40119a
    I: 40119c
    I: 40119f
    I: 4011a2
    I: 4011a3
      No successors
  BB: 4011a4 in func 401180 with 2 insts
    I: 4011a4
    I: 4011ae
      No successors
Recovering 4011b0
  Analysing subroutine sub_4011B0 at 4011b0
  Subroutine sub_4011B0 at 4011b0 has 4 blocks
  BB: 4011b0 in func 4011b0 with 5 insts
    I: 4011b0
    I: 4011b1
    I: 4011b4
    I: 4011b7
    I: 4011bb (flow 4011c8)
      Successors: 4011c8, 4011c1
  BB: 4011c1 in func 4011b0 with 2 insts
    I: 4011c1
    I: 4011c5
      Successors: 4011c8
  BB: 4011cd in func 4011b0 with 1 insts
    I: 4011cd
      No successors
  BB: 4011c8 in func 4011b0 with 3 insts
    I: 4011c8
    I: 4011cb
    I: 4011cc
      No successors
Recovering 4011d0
  Analysing subroutine sub_4011D0 at 4011d0
  Subroutine sub_4011D0 at 4011d0 has 5 blocks
  BB: 4011e6 in func 4011d0 with 3 insts
    I: 4011e6
    I: 4011e9
    I: 4011ec (flow 4011f7)
      Successors: 4011f7
  BB: 4011d0 in func 4011d0 with 7 insts
    I: 4011d0
    I: 4011d1
    I: 4011d4
    I: 4011d7
    I: 4011da
    I: 4011dd
    I: 4011e0 (flow 4011f1)
      Successors: 4011f1, 4011e6
  BB: 4011f1 in func 4011d0 with 2 insts
    I: 4011f1
    I: 4011f4
      Successors: 4011f7
  BB: 4011f7 in func 4011d0 with 3 insts
    I: 4011f7
    I: 4011fa
    I: 4011fb
      No successors
  BB: 4011fc in func 4011d0 with 1 insts
    I: 4011fc
      No successors
Recovering 401200
  Analysing subroutine sub_401200 at 401200
  Subroutine sub_401200 at 401200 has 5 blocks
  BB: 401200 in func 401200 with 7 insts
    I: 401200
    I: 401201
    I: 401204
    I: 401207
    I: 40120a
    I: 40120d
    I: 401210 (flow 401221)
      Successors: 401221, 401216
  BB: 401221 in func 401200 with 2 insts
    I: 401221
    I: 401224
      Successors: 401227
  BB: 401227 in func 401200 with 3 insts
    I: 401227
    I: 40122a
    I: 40122b
      No successors
  BB: 40122c in func 401200 with 1 insts
    I: 40122c
      No successors
  BB: 401216 in func 401200 with 3 insts
    I: 401216
    I: 401219
    I: 40121c (flow 401227)
      Successors: 401227
Recovering 401230
  Analysing subroutine sub_401230 at 401230
  Subroutine sub_401230 at 401230 has 4 blocks
  BB: 401230 in func 401230 with 7 insts
    I: 401230
    I: 401231
    I: 401234
    I: 401238
    I: 40123b
    I: 40123e
    I: 401242 (flow 401253)
      Successors: 401248, 401253
  BB: 401253 in func 401230 with 7 insts
    I: 401253
    I: 401256
    I: 401259
    I: 40125a
    I: 40125d
    I: 40125f (flow 401230)
    I: 401264
      Successors: 401267
  BB: 401248 in func 401230 with 3 insts
    I: 401248
    I: 40124b
    I: 40124e (flow 401267)
      Successors: 401267
  BB: 401267 in func 401230 with 4 insts
    I: 401267
    I: 40126a
    I: 40126e
    I: 40126f
      No successors
Recovering 401270
  Analysing subroutine sub_401270 at 401270
  Subroutine sub_401270 at 401270 has 5 blocks
  BB: 40128a in func 401270 with 11 insts
    I: 40128a
    I: 40128e
    I: 401293
    I: 401295
    I: 401298
    I: 40129c
    I: 40129f
    I: 4012a4
    I: 4012a7
    I: 4012ac
    I: 4012af (flow 40127f)
      Successors: 40127f
  BB: 401270 in func 401270 with 4 insts
    I: 401270
    I: 401271
    I: 401274
    I: 401278
      Successors: 40127f
  BB: 4012b4 in func 401270 with 3 insts
    I: 4012b4
    I: 4012b7
    I: 4012b8
      No successors
  BB: 4012b9 in func 401270 with 1 insts
    I: 4012b9
      No successors
  BB: 40127f in func 401270 with 2 insts
    I: 40127f
    I: 401284 (flow 4012b4)
      Successors: 40128a, 4012b4
Recovering 4012c0
  Analysing subroutine sub_4012C0 at 4012c0
  Subroutine sub_4012C0 at 4012c0 has 5 blocks
  BB: 4012c0 in func 4012c0 with 4 insts
    I: 4012c0
    I: 4012c1
    I: 4012c4
    I: 4012c8
      Successors: 4012cf
  BB: 40130e in func 4012c0 with 3 insts
    I: 40130e
    I: 401311
    I: 401312
      No successors
  BB: 4012cf in func 4012c0 with 2 insts
    I: 4012cf
    I: 4012d4 (flow 40130e)
      Successors: 4012da, 40130e
  BB: 401313 in func 4012c0 with 2 insts
    I: 401313
    I: 40131d
      No successors
  BB: 4012da in func 4012c0 with 15 insts
    I: 4012da
    I: 4012de
    I: 4012e3
    I: 4012e5
    I: 4012e8
    I: 4012ec
    I: 4012ee
    I: 4012f1
    I: 4012f4
    I: 4012f7
    I: 4012fb
    I: 401300
    I: 401302
    I: 401305
    I: 401309 (flow 4012cf)
      Successors: 4012cf
Recovering 401320
  Analysing subroutine sub_401320 at 401320
  Subroutine sub_401320 at 401320 has 2 blocks
  BB: 401320 in func 401320 with 24 insts
    I: 401320
    I: 401321
    I: 401324
    I: 401327
    I: 40132a
    I: 40132d
    I: 401330 (mem 404024)
    I: 401337
    I: 40133c
    I: 40133f
    I: 401344
    I: 401345
    I: 401348
    I: 40134a
    I: 40134d
    I: 40134f
    I: 401351
    I: 401353
    I: 401356
    I: 401358
    I: 40135a
    I: 40135c
    I: 40135f
    I: 401360
      No successors
  BB: 401361 in func 401320 with 2 insts
    I: 401361
    I: 40136b
      No successors
Recovering main at 401370
  Analysing subroutine main at 401370
    Block head at 00401652 is not code.
  Subroutine main at 401370 has 26 blocks
  BB: 401382 in func 401370 with 6 insts
    I: 401382 (imm 402004)
    I: 40138c
    I: 401390
    I: 401392 (flow 404038)
    I: 401397
    I: 40139b (flow 4013a6)
      Successors: 4013a1, 4013a6
  BB: 401507 in func 401370 with 7 insts
    I: 401507
    I: 40150d
    I: 401510
    I: 401516
    I: 401519
    I: 40151f
    I: 401521 (flow 4015f0)
      Successors: 4015f0, 401527
  BB: 401414 in func 401370 with 1 insts
    I: 401414
      Successors: 40141e
  BB: 40149a in func 401370 with 9 insts
    I: 40149a
    I: 4014a0
    I: 4014a2
    I: 4014a4
    I: 4014a6
    I: 4014a9
    I: 4014ab
    I: 4014ad
    I: 4014af
      Successors: 4014b5
  BB: 40141e in func 401370 with 7 insts
    I: 40141e
    I: 401424
    I: 401427
    I: 401429
    I: 40142c
    I: 40142e
    I: 401430 (flow 401642)
      Successors: 401642, 401436
  BB: 40161f in func 401370 with 1 insts
    I: 40161f (flow 401624)
      Successors: 401624
  BB: 4013a1 in func 401370 with 1 insts
    I: 4013a1 (flow 401647)
      Successors: 401647
  BB: 401624 in func 401370 with 6 insts
    I: 401624
    I: 40162a
    I: 40162f
    I: 401632
    I: 401637
    I: 40163d (flow 40141e)
      Successors: 40141e
  BB: 4013a6 in func 401370 with 1 insts
    I: 4013a6
      Successors: 4013b0
  BB: 401527 in func 401370 with 32 insts
    I: 401527
    I: 40152e
    I: 401536
    I: 40153c
    I: 40153e
    I: 401541
    I: 401543
    I: 401546
    I: 40154e
    I: 401558
    I: 40155b
    I: 40155e
    I: 401568
    I: 40156b
    I: 401571
    I: 401577
    I: 40157a
    I: 401580
    I: 401583
    I: 40158b
    I: 401591
    I: 401593
    I: 401596
    I: 401598
    I: 40159b
    I: 4015a3
    I: 4015ad
    I: 4015b0
    I: 4015b3
    I: 4015bd
    I: 4015c0
    I: 4015c3 (flow 4015d3)
      Successors: 4015c9, 4015d3
  BB: 4013b0 in func 401370 with 11 insts
    I: 4013b0
    I: 4013b6
    I: 4013b9
    I: 4013bb
    I: 4013bd
    I: 4013bf
    I: 4013c2
    I: 4013c4
    I: 4013c6
    I: 4013c8
    I: 4013ca (flow 401414)
      Successors: 4013d0, 401414
  BB: 4014b5 in func 401370 with 1 insts
    I: 4014b5 (flow 4014ba)
      Successors: 4014ba
  BB: 401436 in func 401370 with 2 insts
    I: 401436
    I: 401440
      Successors: 40144a
  BB: 4014ba in func 401370 with 6 insts
    I: 4014ba
    I: 4014c0
    I: 4014c5
    I: 4014c8
    I: 4014cd
    I: 4014d3 (flow 40144a)
      Successors: 40144a
  BB: 401642 in func 401370 with 1 insts
    I: 401642 (flow 401382)
      Successors: 401382
  BB: 401647 in func 401370 with 4 insts
    I: 401647
    I: 401649
    I: 401650
    I: 401651
      No successors
  BB: 4015c9 in func 401370 with 1 insts
    I: 4015c9
      Successors: 4015d3
  BB: 40144a in func 401370 with 11 insts
    I: 40144a
    I: 401450
    I: 401453
    I: 401455
    I: 401457
    I: 401459
    I: 40145c
    I: 40145e
    I: 401460
    I: 401462
    I: 401464 (flow 4014d8)
      Successors: 4014d8, 40146a
  BB: 4013d0 in func 401370 with 13 insts
    I: 4013d0
    I: 4013d7
    I: 4013de
    I: 4013e2
    I: 4013e5 (imm 402007)
    I: 4013ef
    I: 4013f1 (flow 404038)
    I: 4013f6
    I: 4013fc
    I: 401401
    I: 401404
    I: 401409
    I: 40140f (flow 4013b0)
      Successors: 4013b0
  BB: 4015d3 in func 401370 with 1 insts
    I: 4015d3 (flow 4015d8)
      Successors: 4015d8
  BB: 4014d8 in func 401370 with 6 insts
    I: 4014d8
    I: 4014df
    I: 4014e7
    I: 4014eb
    I: 4014f3
    I: 4014fd
      Successors: 401507
  BB: 4015d8 in func 401370 with 6 insts
    I: 4015d8
    I: 4015de
    I: 4015e0
    I: 4015e3
    I: 4015e5
    I: 4015eb (flow 401507)
      Successors: 401507
  BB: 40146a in func 401370 with 7 insts
    I: 40146a
    I: 401471
    I: 401479
    I: 401480
    I: 401488
    I: 40148e
    I: 401494 (flow 4014b5)
      Successors: 40149a, 4014b5
  BB: 401370 in func 401370 with 4 insts
    Referenced by data
    I: 401370
    I: 401371
    I: 401374
    I: 40137b
      Successors: 401382
  BB: 4015f0 in func 401370 with 2 insts
    I: 4015f0
    I: 4015f7 (flow 40161f)
      Successors: 4015fd, 40161f
  BB: 4015fd in func 401370 with 6 insts
    I: 4015fd
    I: 401601
    I: 401609 (imm 40200c)
    I: 401613
    I: 401615 (flow 404030)
    I: 40161a (flow 401642)
      Successors: 401642
Recovering .term_proc at 401654
  Analysing subroutine .term_proc at 401654
    Block head at 00401661 is not code.
  Subroutine .term_proc at 401654 has 1 blocks
  BB: 401654 in func 401654 with 4 insts
    I: 401654
    I: 401658
    I: 40165c
    I: 401660
      No successors
Global Variable None
WARNING: Global constructor and destructor sections are adjacent!
Recovering region LOAD [400000, 4004e8) in segment LOAD
  8-byte reference at 400018 to 401050 (start)
  8-byte reference at 4000f8 to 401000 (.init_proc)
  8-byte reference at 400130 to 402000 ()
  8-byte reference at 400168 to 403de8 ()
  8-byte reference at 400280 to 402014 ()
  8-byte reference at 4002f0 to 403de8 ()
Recovering region .init [401000, 40101b) in segment .init
Recovering region LOAD [40101b, 401020) in segment LOAD
Recovering region .plt [401020, 401050) in segment .plt
Recovering region .text [401050, 401652) in segment .text
Recovering region LOAD [401652, 401654) in segment LOAD
Recovering region .fini [401654, 401661) in segment .fini
Recovering region .rodata [402000, 402012) in segment .rodata
  Variable aLld at 402007
  Variable format at 40200c
Recovering region LOAD [402012, 402014) in segment LOAD
Recovering region .eh_frame_hdr [402014, 402088) in segment .eh_frame_hdr
Recovering region .eh_frame [402088, 402234) in segment .eh_frame
Recovering region LOAD [402234, 402278) in segment LOAD
Recovering region .init_array [403de8, 403df8) in segment .init_array
  8-byte reference at 403de8 to 401130 ()
  8-byte reference at 403df0 to 401100 ()
Recovering region LOAD [403df8, 403fd8) in segment LOAD
Recovering region .got [403fd8, 403fe8) in segment .got
  8-byte reference at 403fd8 to 404028 (__libc_start_main)
  8-byte reference at 403fe0 to 404040 (__gmon_start__)
Recovering region .got.plt [403fe8, 404010) in segment .got.plt
  8-byte reference at 404000 to 404030 (printf)
  8-byte reference at 404008 to 404038 (__isoc99_scanf)
Recovering region .data [404010, 404020) in segment .data
Recovering region .bss [404020, 404028) in segment .bss
Recovering extern function printf at 401030
Recovering extern function __isoc99_scanf at 401040
Recovering extern function __libc_start_main at 404028
Recovering extern function printf at 404030
Recovering extern function __isoc99_scanf at 404038
Recovering extern function __gmon_start__ at 404040
Recovered 17 functions.
Saving to: /home/ubuntu/capstone_project/result/pipeline_20260629_141746/s290484179_instsub.cfg
Done analysis!
