Debugging is enabled.
Loading Standard Definitions file: /home/ubuntu/capstone_project/dependency/mcsema/mcsema/lib/python3/site-packages/mcsema_disass-3.1.3.8-py3.8.egg/mcsema_disass/defs/linux.txt
Using Batch mode.
Starting analysis
Recovering module s290484179_fla_bcf_instsub.elf
Found main at 401a60
Looking for instructions in segment .init
  Default block heads for function 401000 with loose bounds [401000, 40101b)
    block [401000, 401014)
    block [401014, 401016)
    block [401016, 40101b)
    chunk [401000, 40101b)
Looking for instructions in segment .plt
  Default block heads for function 401020 with loose bounds [401020, 40102c)
    block [401020, 40102c)
    chunk [401020, 40102c)
  Default block heads for function 401030 with loose bounds [401030, 401036)
    block [401030, 401036)
    chunk [401030, 401036)
  Default block heads for function 401040 with loose bounds [401040, 401046)
    block [401040, 401046)
    chunk [401040, 401046)
Looking for instructions in segment .text
  Default block heads for function 401050 with loose bounds [401050, 401076)
    block [401050, 401076)
    chunk [401050, 401076)
  Default block heads for function 401090 with loose bounds [401090, 4010b1)
    block [401090, 40109d)
    block [40109d, 4010a7)
    block [4010a7, 4010ae)
    block [4010b0, 4010b1)
    chunk [401090, 4010b1)
  Default block heads for function 401100 with loose bounds [401100, 401121)
    block [401100, 40110d)
    block [40110d, 40111f)
    block [401120, 401121)
    chunk [401100, 401121)
  Default block heads for function 401130 with loose bounds [401130, 401136)
    block [401130, 401136)
    chunk [401130, 401136)
    chunk [4010c0, 4010f1)
  Default block heads for function 401140 with loose bounds [401140, 401164)
    block [401140, 401164)
    chunk [401140, 401164)
  Default block heads for function 401170 with loose bounds [401170, 4011a9)
    block [401170, 4011a9)
    chunk [401170, 4011a9)
  Default block heads for function 4011b0 with loose bounds [4011b0, 40123d)
    block [4011b0, 4011c4)
    block [4011c4, 4011d5)
    block [4011d5, 4011da)
    block [4011da, 4011e8)
    block [4011e8, 4011ed)
    block [4011ed, 4011fb)
    block [4011fb, 401200)
    block [401200, 401205)
    block [401205, 401220)
    block [401220, 401233)
    block [401233, 401238)
    block [401238, 40123d)
    chunk [4011b0, 40123d)
  Default block heads for function 401240 with loose bounds [401240, 4012fc)
    block [401240, 40125d)
    block [40125d, 40126e)
    block [40126e, 401273)
    block [401273, 401281)
    block [401281, 401286)
    block [401286, 401294)
    block [401294, 401299)
    block [401299, 4012a7)
    block [4012a7, 4012ac)
    block [4012ac, 4012b1)
    block [4012b1, 4012ce)
    block [4012ce, 4012e0)
    block [4012e0, 4012f2)
    block [4012f2, 4012f7)
    block [4012f7, 4012fc)
    chunk [401240, 4012fc)
  Default block heads for function 401300 with loose bounds [401300, 401537)
    block [401300, 401355)
    block [401355, 401366)
    block [401366, 40136b)
    block [40136b, 401379)
    block [401379, 40137e)
    block [40137e, 40138c)
    block [40138c, 401391)
    block [401391, 40139f)
    block [40139f, 4013a4)
    block [4013a4, 4013b2)
    block [4013b2, 4013b7)
    block [4013b7, 4013c5)
    block [4013c5, 4013ca)
    block [4013ca, 4013d8)
    block [4013d8, 4013dd)
    block [4013dd, 4013e2)
    block [4013e2, 401408)
    block [401408, 4014ad)
    block [4014ad, 4014c8)
    block [4014c8, 4014e0)
    block [4014e0, 4014f8)
    block [4014f8, 401503)
    block [401503, 401532)
    block [401532, 401537)
    chunk [401300, 401537)
  Default block heads for function 401540 with loose bounds [401540, 40160a)
    block [401540, 40155b)
    block [40155b, 40156c)
    block [40156c, 401571)
    block [401571, 40157f)
    block [40157f, 401584)
    block [401584, 401592)
    block [401592, 401597)
    block [401597, 4015a5)
    block [4015a5, 4015aa)
    block [4015aa, 4015af)
    block [4015af, 4015ca)
    block [4015ca, 4015dc)
    block [4015dc, 4015fc)
    block [4015fc, 401605)
    block [401605, 40160a)
    chunk [401540, 40160a)
  Default block heads for function 401610 with loose bounds [401610, 4016bc)
    block [401610, 401626)
    block [401626, 401637)
    block [401637, 40163c)
    block [40163c, 40164a)
    block [40164a, 40164f)
    block [40164f, 40165d)
    block [40165d, 401662)
    block [401662, 401667)
    block [401667, 401681)
    block [401681, 4016b2)
    block [4016b2, 4016b7)
    block [4016b7, 4016bc)
    chunk [401610, 4016bc)
  Default block heads for function 4016c0 with loose bounds [4016c0, 401a1f)
    block [4016c0, 401713)
    block [401713, 401724)
    block [401724, 401729)
    block [401729, 401737)
    block [401737, 40173c)
    block [40173c, 40174a)
    block [40174a, 40174f)
    block [40174f, 40175d)
    block [40175d, 401762)
    block [401762, 401770)
    block [401770, 401775)
    block [401775, 401783)
    block [401783, 401788)
    block [401788, 401796)
    block [401796, 40179b)
    block [40179b, 4017a9)
    block [4017a9, 4017ae)
    block [4017ae, 4017bc)
    block [4017bc, 4017c1)
    block [4017c1, 4017cf)
    block [4017cf, 4017d4)
    block [4017d4, 4017d9)
    block [4017d9, 4017ff)
    block [4017ff, 401885)
    block [401885, 401891)
    block [401891, 4018ae)
    block [4018ae, 4018fd)
    block [4018fd, 401952)
    block [401952, 4019da)
    block [4019da, 4019e2)
    block [4019e2, 401a0f)
    block [401a0f, 401a1a)
    block [401a1a, 401a1f)
    chunk [4016c0, 401a1f)
  Default block heads for function 401a20 with loose bounds [401a20, 401a5b)
    block [401a20, 401a5b)
    chunk [401a20, 401a5b)
  Default block heads for function 401a60 with loose bounds [401a60, 402b5c)
    block [401a60, 401a7c)
    block [401a7c, 401a93)
    block [401a93, 401a98)
    block [401a98, 401aa9)
    block [401aa9, 401aae)
    block [401aae, 401abf)
    block [401abf, 401ac4)
    block [401ac4, 401ad5)
    block [401ad5, 401ada)
    block [401ada, 401aeb)
    block [401aeb, 401af0)
    block [401af0, 401b01)
    block [401b01, 401b06)
    block [401b06, 401b17)
    block [401b17, 401b1c)
    block [401b1c, 401b2d)
    block [401b2d, 401b32)
    block [401b32, 401b43)
    block [401b43, 401b48)
    block [401b48, 401b59)
    block [401b59, 401b5e)
    block [401b5e, 401b6f)
    block [401b6f, 401b74)
    block [401b74, 401b85)
    block [401b85, 401b8a)
    block [401b8a, 401b9b)
    block [401b9b, 401ba0)
    block [401ba0, 401bb1)
    block [401bb1, 401bb6)
    block [401bb6, 401bc7)
    block [401bc7, 401bcc)
    block [401bcc, 401bdd)
    block [401bdd, 401be2)
    block [401be2, 401bf3)
    block [401bf3, 401bf8)
    block [401bf8, 401c09)
    block [401c09, 401c0e)
    block [401c0e, 401c1f)
    block [401c1f, 401c24)
    block [401c24, 401c35)
    block [401c35, 401c3a)
    block [401c3a, 401c4b)
    block [401c4b, 401c50)
    block [401c50, 401c61)
    block [401c61, 401c66)
    block [401c66, 401c77)
    block [401c77, 401c7c)
    block [401c7c, 401c8d)
    block [401c8d, 401c92)
    block [401c92, 401ca3)
    block [401ca3, 401ca8)
    block [401ca8, 401cb9)
    block [401cb9, 401cbe)
    block [401cbe, 401ccf)
    block [401ccf, 401cd4)
    block [401cd4, 401ce5)
    block [401ce5, 401cea)
    block [401cea, 401cfb)
    block [401cfb, 401d00)
    block [401d00, 401d11)
    block [401d11, 401d16)
    block [401d16, 401d27)
    block [401d27, 401d2c)
    block [401d2c, 401d3d)
    block [401d3d, 401d42)
    block [401d42, 401d53)
    block [401d53, 401d58)
    block [401d58, 401d69)
    block [401d69, 401d6e)
    block [401d6e, 401d7f)
    block [401d7f, 401d84)
    block [401d84, 401d95)
    block [401d95, 401d9a)
    block [401d9a, 401dab)
    block [401dab, 401db0)
    block [401db0, 401dc1)
    block [401dc1, 401dc6)
    block [401dc6, 401dd7)
    block [401dd7, 401ddc)
    block [401ddc, 401ded)
    block [401ded, 401df2)
    block [401df2, 401e03)
    block [401e03, 401e08)
    block [401e08, 401e19)
    block [401e19, 401e1e)
    block [401e1e, 401e2f)
    block [401e2f, 401e34)
    block [401e34, 401e45)
    block [401e45, 401e4a)
    block [401e4a, 401e5b)
    block [401e5b, 401e60)
    block [401e60, 401e71)
    block [401e71, 401e76)
    block [401e76, 401e87)
    block [401e87, 401e8c)
    block [401e8c, 401e9d)
    block [401e9d, 401ea2)
    block [401ea2, 401eb3)
    block [401eb3, 401eb8)
    block [401eb8, 401ec9)
    block [401ec9, 401ece)
    block [401ece, 401edf)
    block [401edf, 401ee4)
    block [401ee4, 401ef5)
    block [401ef5, 401efa)
    block [401efa, 401f0b)
    block [401f0b, 401f10)
    block [401f10, 401f15)
    block [401f15, 401f46)
    block [401f46, 401f55)
    block [401f55, 401fdf)
    block [401fdf, 402039)
    block [402039, 402048)
    block [402048, 402072)
    block [402072, 4020a7)
    block [4020a7, 4020f7)
    block [4020f7, 402160)
    block [402160, 40216f)
    block [40216f, 402188)
    block [402188, 4021e0)
    block [4021e0, 402252)
    block [402252, 402270)
    block [402270, 402293)
    block [402293, 4022eb)
    block [4022eb, 402355)
    block [402355, 402373)
    block [402373, 4023b5)
    block [4023b5, 402405)
    block [402405, 402468)
    block [402468, 402477)
    block [402477, 402486)
    block [402486, 4024ae)
    block [4024ae, 4024ec)
    block [4024ec, 402516)
    block [402516, 402566)
    block [402566, 402655)
    block [402655, 402673)
    block [402673, 4026fd)
    block [4026fd, 402791)
    block [402791, 4027a0)
    block [4027a0, 4027af)
    block [4027af, 4027d9)
    block [4027d9, 4027f8)
    block [4027f8, 402824)
    block [402824, 4028ae)
    block [4028ae, 402938)
    block [402938, 402947)
    block [402947, 40296f)
    block [40296f, 40297e)
    block [40297e, 402a08)
    block [402a08, 402a8a)
    block [402a8a, 402a95)
    block [402a95, 402aae)
    block [402aae, 402ad6)
    block [402ad6, 402ae5)
    block [402ae5, 402af4)
    block [402af4, 402b16)
    block [402b16, 402b25)
    block [402b25, 402b3e)
    block [402b3e, 402b4d)
    block [402b4d, 402b57)
    block [402b57, 402b5c)
    chunk [401a60, 402b5c)
Looking for instructions in segment .fini
  Default block heads for function 402b5c with loose bounds [402b5c, 402b69)
    block [402b5c, 402b69)
    chunk [402b5c, 402b69)
Looking for strings in segment .rodata [403000, 403012)
  Found string b'%lld' of length 5 at 403007, jumping to 40300c
  Found string b'%lld\n' of length 6 at 40300c, jumping to 403012
Looking for strings in segment .eh_frame_hdr [403014, 403088)
Looking for strings in segment .eh_frame [403088, 403250)
Looking for strings in segment .init_array [404de8, 404df0)
Looking for strings in segment .fini_array [404df0, 404df8)
Looking for strings in segment .got [404fd8, 404fe8)
Looking for strings in segment .got.plt [404fe8, 405010)
Looking for strings in segment .data [405010, 405020)
Looking for strings in segment .bss [405020, 405078)
Looking for strings in segment extern [405078, 405098)
Looking for cross-references in segment .init [401000, 40101b)
Looking for cross-references in segment .plt [401020, 401050)
  Stopping scan at 40102c
Looking for cross-references in segment .text [401050, 402b5c)
  Stopping scan at 40107c
  Stopping scan at 40108c
  Stopping scan at ffffffffffffffff
  Stopping scan at 4010bc
  Stopping scan at 4010fc
  Stopping scan at ffffffffffffffff
  Stopping scan at 40112c
  Stopping scan at 40113c
  Stopping scan at 40116c
  Stopping scan at 4011ac
  Stopping scan at ffffffffffffffff
  Stopping scan at 4012fc
  Stopping scan at 40153c
  Stopping scan at 40160c
  Stopping scan at 4016bc
  Stopping scan at ffffffffffffffff
  Stopping scan at 401a5c
Looking for cross-references in segment .fini [402b5c, 402b69)
Looking for cross-references in segment .rodata [403000, 403012)
  Found string at 40300c, jumping to 403012
  Stopping scan at 40300c
Looking for cross-references in segment .eh_frame_hdr [403014, 403088)
  Stopping scan at 403084
Looking for cross-references in segment .eh_frame [403088, 403250)
  Stopping scan at 40324c
Looking for cross-references in segment .init_array [404de8, 404df0)
  Adding qword reference from 404de8 to 401130
  Stopping scan at 404de8
Looking for cross-references in segment .fini_array [404df0, 404df8)
  Adding qword reference from 404df0 to 401100
  Stopping scan at 404df0
Looking for cross-references in segment .got [404fd8, 404fe8)
  Adding qword reference from 404fd8 to 405078
  Adding qword reference from 404fe0 to 405090
  Stopping scan at 404fe0
Looking for cross-references in segment .got.plt [404fe8, 405010)
  Adding qword reference from 405000 to 405080
  Adding qword reference from 405008 to 405088
  Stopping scan at 405008
Looking for cross-references in segment .data [405010, 405020)
  Stopping scan at 40501c
Looking for cross-references in segment .bss [405020, 405078)
  Stopping scan at 405074
Looking for cross-references in segment extern [405078, 405098)
  Stopping scan at 405094
Looking for thunks
  Found thunk for printf targeting 405080 at 401030
  Found thunk for __isoc99_scanf targeting 405088 at 401040
Looking for external symbols
  Function at 401030 is the external function printf
  Function at 401040 is the external function __isoc99_scanf
  Function at 405078 is the external function __libc_start_main
  Function at 405080 is the external function printf
  Function at 405088 is the external function __isoc99_scanf
  Function at 405090 is the external function __gmon_start__
Looking for entrypoints
Recovering .init_proc at 401000
  Analysing subroutine .init_proc at 401000
    Block head at 0040101b is not code.
  Subroutine .init_proc at 401000 has 3 blocks
  BB: 401000 in func 401000 with 5 insts
    Referenced by data
    I: 401000
    I: 401004
    I: 401008 (mem 404fe0)
    I: 40100f
    I: 401012 (flow 401016)
      Successors: 401014, 401016
  BB: 401014 in func 401000 with 1 insts
    I: 401014
      Successors: 401016
  BB: 401016 in func 401000 with 2 insts
    I: 401016
    I: 40101a
      No successors
Recovering 401020
  Analysing subroutine sub_401020 at 401020
  WARNING: No table entries for indirect jump at 401026; Adding next_ea 40102c as successor.
  Subroutine sub_401020 at 401020 has 2 blocks
  WARNING: No table entries for indirect jump at 401026; Adding next_ea 40102c as successor.
  BB: 401020 in func 401020 with 2 insts
    I: 401020 (mem 404ff0)
    I: 401026 (mem 404ff8)
      Successors: 40102c
  BB: 40102c in func 401020 with 1 insts
    I: 40102c
      No successors
Recovering start at 401050
  Analysing subroutine start at 401050
  Subroutine start at 401050 has 3 blocks
  BB: 401050 in func 401050 with 13 insts
    Referenced by data
    I: 401050
    I: 401054
    I: 401056
    I: 401059
    I: 40105a
    I: 40105d
    I: 401061
    I: 401062
    I: 401063
    I: 401066
    I: 401068 (imm 401a60)
    I: 40106f (mem 404fd8)
    I: 401075
      No successors
  BB: 401085 in func 401050 with 2 insts
    I: 401085
    I: 40108f
      No successors
  BB: 401076 in func 401050 with 3 insts
    I: 401076
    I: 401080
    I: 401084
      No successors
Recovering 401090
  Analysing subroutine sub_401090 at 401090
  WARNING: No table entries for indirect jump at 4010ac; Adding next_ea 4010ae as successor.
  WARNING: No table entries for indirect jump at 4010ee; Adding next_ea 4010f0 as successor.
  Subroutine sub_401090 at 401090 has 11 blocks
  BB: 4010c0 in func 401090 with 8 insts
    I: 4010c0 (imm 405020)
    I: 4010c5 (imm 405020)
    I: 4010cc
    I: 4010cf
    I: 4010d3
    I: 4010d7
    I: 4010da
    I: 4010dd (flow 4010f0)
      Successors: 4010f0, 4010df
  WARNING: No table entries for indirect jump at 4010ac; Adding next_ea 4010ae as successor.
  BB: 4010a7 in func 401090 with 2 insts
    I: 4010a7 (imm 405020)
    I: 4010ac
      Successors: 4010ae
  WARNING: No table entries for indirect jump at 4010ee; Adding next_ea 4010f0 as successor.
  BB: 4010e9 in func 401090 with 2 insts
    I: 4010e9 (imm 405020)
    I: 4010ee
      Successors: 4010f0
  BB: 4010ae in func 401090 with 1 insts
    I: 4010ae
      Successors: 4010b0
  BB: 401090 in func 401090 with 3 insts
    I: 401090 (imm 405020)
    I: 401095 (imm 405020)
    I: 40109b (flow 4010b0)
      Successors: 4010b0, 40109d
  BB: 4010b0 in func 401090 with 1 insts
    I: 4010b0
      No successors
  BB: 4010b1 in func 401090 with 2 insts
    I: 4010b1
    I: 4010b5
      Successors: 4010c0
  BB: 4010f0 in func 401090 with 1 insts
    I: 4010f0
      No successors
  BB: 4010f1 in func 401090 with 2 insts
    I: 4010f1
    I: 4010f5
      No successors
  BB: 40109d in func 401090 with 3 insts
    I: 40109d
    I: 4010a2
    I: 4010a5 (flow 4010b0)
      Successors: 4010b0, 4010a7
  BB: 4010df in func 401090 with 3 insts
    I: 4010df
    I: 4010e4
    I: 4010e7 (flow 4010f0)
      Successors: 4010f0, 4010e9
Recovering 401100
  Analysing subroutine sub_401100 at 401100
  Subroutine sub_401100 at 401100 has 5 blocks
  BB: 401100 in func 401100 with 3 insts
    Referenced by data
    I: 401100
    I: 401104 (mem 405020)
    I: 40110b (flow 401120)
      Successors: 401120, 40110d
  BB: 401121 in func 401100 with 2 insts
    I: 401121
    I: 401125
      No successors
  BB: 401120 in func 401100 with 1 insts
    I: 401120
      No successors
  BB: 40110d in func 401100 with 6 insts
    I: 40110d
    I: 40110e
    I: 401111 (flow 401090)
    I: 401116 (mem 405020)
    I: 40111d
    I: 40111e
      No successors
  BB: 40111f in func 401100 with 1 insts
    I: 40111f
      Successors: 401120
Recovering 401130
  Analysing subroutine sub_401130 at 401130
  WARNING: No table entries for indirect jump at 4010ee; Adding next_ea 4010f0 as successor.
  Subroutine sub_401130 at 401130 has 6 blocks
  BB: 4010c0 in func 401130 with 8 insts
    I: 4010c0 (imm 405020)
    I: 4010c5 (imm 405020)
    I: 4010cc
    I: 4010cf
    I: 4010d3
    I: 4010d7
    I: 4010da
    I: 4010dd (flow 4010f0)
      Successors: 4010f0, 4010df
  WARNING: No table entries for indirect jump at 4010ee; Adding next_ea 4010f0 as successor.
  BB: 4010e9 in func 401130 with 2 insts
    I: 4010e9 (imm 405020)
    I: 4010ee
      Successors: 4010f0
  BB: 401130 in func 401130 with 2 insts
    Referenced by data
    I: 401130
    I: 401134 (flow 4010c0)
      Successors: 4010c0
  BB: 4010f0 in func 401130 with 1 insts
    I: 4010f0
      No successors
  BB: 401136 in func 401130 with 1 insts
    I: 401136
      No successors
  BB: 4010df in func 401130 with 3 insts
    I: 4010df
    I: 4010e4
    I: 4010e7 (flow 4010f0)
      Successors: 4010f0, 4010e9
Recovering 401140
  Analysing subroutine sub_401140 at 401140
  Subroutine sub_401140 at 401140 has 2 blocks
  BB: 401140 in func 401140 with 13 insts
    I: 401140
    I: 401141
    I: 401144
    I: 401148
    I: 40114c
    I: 401150
    I: 401153
    I: 401157
    I: 40115a
    I: 40115c
    I: 40115f
    I: 401162
    I: 401163
      No successors
  BB: 401164 in func 401140 with 2 insts
    I: 401164
    I: 40116e
      No successors
Recovering 401170
  Analysing subroutine sub_401170 at 401170
  Subroutine sub_401170 at 401170 has 2 blocks
  BB: 401170 in func 401170 with 15 insts
    I: 401170
    I: 401171
    I: 401174
    I: 401178
    I: 40117c
    I: 401180
    I: 401183
    I: 401187
    I: 40118a
    I: 401194
    I: 401197
    I: 40119a
    I: 4011a4
    I: 4011a7
    I: 4011a8
      No successors
  BB: 4011a9 in func 401170 with 1 insts
    I: 4011a9
      No successors
Recovering 4011b0
  Analysing subroutine sub_4011B0 at 4011b0
  Subroutine sub_4011B0 at 4011b0 has 13 blocks
  BB: 401200 in func 4011b0 with 1 insts
    I: 401200 (flow 401238)
      Successors: 401238
  BB: 401220 in func 4011b0 with 4 insts
    I: 401220
    I: 401224
    I: 401227
    I: 40122e (flow 401238)
      Successors: 401238
  BB: 4011c4 in func 4011b0 with 4 insts
    I: 4011c4
    I: 4011c7
    I: 4011ca
    I: 4011cf (flow 401233)
      Successors: 401233, 4011d5
  BB: 401205 in func 4011b0 with 7 insts
    I: 401205
    I: 401208
    I: 40120d
    I: 401212
    I: 401215
    I: 401218
    I: 40121b (flow 401238)
      Successors: 401238
  BB: 4011e8 in func 4011b0 with 1 insts
    I: 4011e8 (flow 4011ed)
      Successors: 4011ed
  BB: 4011ed in func 4011b0 with 3 insts
    I: 4011ed
    I: 4011f0
    I: 4011f5 (flow 401205)
      Successors: 4011fb, 401205
  BB: 4011b0 in func 4011b0 with 6 insts
    I: 4011b0
    I: 4011b1
    I: 4011b4
    I: 4011b7
    I: 4011ba
    I: 4011bd
      Successors: 4011c4
  BB: 401233 in func 4011b0 with 3 insts
    I: 401233
    I: 401236
    I: 401237
      No successors
  BB: 4011d5 in func 4011b0 with 1 insts
    I: 4011d5 (flow 4011da)
      Successors: 4011da
  BB: 401238 in func 4011b0 with 1 insts
    I: 401238 (flow 4011c4)
      Successors: 4011c4
  BB: 4011da in func 4011b0 with 3 insts
    I: 4011da
    I: 4011dd
    I: 4011e2 (flow 401220)
      Successors: 4011e8, 401220
  BB: 4011fb in func 4011b0 with 1 insts
    I: 4011fb (flow 401200)
      Successors: 401200
  BB: 40123d in func 4011b0 with 1 insts
    I: 40123d
      No successors
Recovering 401240
  Analysing subroutine sub_401240 at 401240
  Subroutine sub_401240 at 401240 has 16 blocks
  BB: 401240 in func 401240 with 9 insts
    I: 401240
    I: 401241
    I: 401244
    I: 401247
    I: 40124a
    I: 40124d
    I: 401250
    I: 401253
    I: 401256
      Successors: 40125d
  BB: 401281 in func 401240 with 1 insts
    I: 401281 (flow 401286)
      Successors: 401286
  BB: 4012e0 in func 401240 with 4 insts
    I: 4012e0
    I: 4012e3
    I: 4012e6
    I: 4012ed (flow 4012f7)
      Successors: 4012f7
  BB: 401286 in func 401240 with 3 insts
    I: 401286
    I: 401289
    I: 40128e (flow 4012b1)
      Successors: 4012b1, 401294
  BB: 4012a7 in func 401240 with 1 insts
    I: 4012a7 (flow 4012ac)
      Successors: 4012ac
  BB: 4012ac in func 401240 with 1 insts
    I: 4012ac (flow 4012f7)
      Successors: 4012f7
  BB: 40126e in func 401240 with 1 insts
    I: 40126e (flow 401273)
      Successors: 401273
  BB: 4012ce in func 401240 with 4 insts
    I: 4012ce
    I: 4012d1
    I: 4012d4
    I: 4012db (flow 4012f7)
      Successors: 4012f7
  BB: 4012b1 in func 401240 with 8 insts
    I: 4012b1
    I: 4012b4
    I: 4012b7
    I: 4012bc
    I: 4012c1
    I: 4012c3
    I: 4012c6
    I: 4012c9 (flow 4012f7)
      Successors: 4012f7
  BB: 4012f2 in func 401240 with 3 insts
    I: 4012f2
    I: 4012f5
    I: 4012f6
      No successors
  BB: 401273 in func 401240 with 3 insts
    I: 401273
    I: 401276
    I: 40127b (flow 4012ce)
      Successors: 401281, 4012ce
  BB: 401294 in func 401240 with 1 insts
    I: 401294 (flow 401299)
      Successors: 401299
  BB: 4012f7 in func 401240 with 1 insts
    I: 4012f7 (flow 40125d)
      Successors: 40125d
  BB: 401299 in func 401240 with 3 insts
    I: 401299
    I: 40129c
    I: 4012a1 (flow 4012f2)
      Successors: 4012f2, 4012a7
  BB: 4012fc in func 401240 with 1 insts
    I: 4012fc
      No successors
  BB: 40125d in func 401240 with 4 insts
    I: 40125d
    I: 401260
    I: 401263
    I: 401268 (flow 4012e0)
      Successors: 4012e0, 40126e
Recovering 401300
  Analysing subroutine sub_401300 at 401300
  Subroutine sub_401300 at 401300 has 25 blocks
  BB: 401300 in func 401300 with 24 insts
    I: 401300
    I: 401301
    I: 401304
    I: 401308
    I: 40130b
    I: 40130e (imm 405050)
    I: 401315
    I: 401317 (imm 405060)
    I: 40131e
    I: 401320
    I: 401322
    I: 401328
    I: 40132b
    I: 401331
    I: 401334
    I: 401337
    I: 40133a
    I: 40133d
    I: 401340
    I: 401343
    I: 401346
    I: 401349
    I: 40134b
    I: 40134e
      Successors: 401355
  BB: 401503 in func 401300 with 14 insts
    I: 401503
    I: 401506
    I: 401509
    I: 40150c
    I: 401510
    I: 401513
    I: 401516
    I: 40151a
    I: 40151d
    I: 401520
    I: 401524
    I: 401527
    I: 401529
    I: 40152b
      Successors: 401532
  BB: 401408 in func 401300 with 49 insts
    I: 401408
    I: 40140b
    I: 40140e
    I: 401411
    I: 401415
    I: 401418
    I: 40141c
    I: 40141f
    I: 401423
    I: 401426
    I: 40142a
    I: 40142d
    I: 401431
    I: 401434
    I: 401438
    I: 40143c
    I: 40143e
    I: 401442
    I: 401444
    I: 401448
    I: 40144a
    I: 40144e
    I: 401450
    I: 401453
    I: 401455
    I: 401458 (imm 405050)
    I: 40145f
    I: 401461 (imm 405060)
    I: 401468
    I: 40146a
    I: 40146c
    I: 401472
    I: 401475
    I: 40147b
    I: 40147e
    I: 401481
    I: 401484
    I: 401487
    I: 40148a
    I: 40148d
    I: 40148f
    I: 401491
    I: 401493
    I: 401495
    I: 40149a
    I: 40149f
    I: 4014a2
    I: 4014a5
    I: 4014a8 (flow 401532)
      Successors: 401532
  BB: 40138c in func 401300 with 1 insts
    I: 40138c (flow 401391)
      Successors: 401391
  BB: 401391 in func 401300 with 3 insts
    I: 401391
    I: 401394
    I: 401399 (flow 4014ad)
      Successors: 4014ad, 40139f
  BB: 40139f in func 401300 with 1 insts
    I: 40139f (flow 4013a4)
      Successors: 4013a4
  BB: 4013a4 in func 401300 with 3 insts
    I: 4013a4
    I: 4013a7
    I: 4013ac (flow 4014e0)
      Successors: 4014e0, 4013b2
  BB: 4014ad in func 401300 with 7 insts
    I: 4014ad
    I: 4014b0
    I: 4014b5
    I: 4014ba
    I: 4014bd
    I: 4014c0
    I: 4014c3 (flow 401532)
      Successors: 401532
  BB: 4013b2 in func 401300 with 1 insts
    I: 4013b2 (flow 4013b7)
      Successors: 4013b7
  BB: 401532 in func 401300 with 1 insts
    I: 401532 (flow 401355)
      Successors: 401355
  BB: 4013b7 in func 401300 with 3 insts
    I: 4013b7
    I: 4013ba
    I: 4013bf (flow 4014c8)
      Successors: 4014c8, 4013c5
  BB: 401537 in func 401300 with 1 insts
    I: 401537
      No successors
  BB: 4013c5 in func 401300 with 1 insts
    I: 4013c5 (flow 4013ca)
      Successors: 4013ca
  BB: 4014c8 in func 401300 with 6 insts
    I: 4014c8
    I: 4014cc
    I: 4014ce
    I: 4014d2
    I: 4014d4
    I: 4014db (flow 401532)
      Successors: 401532
  BB: 4013ca in func 401300 with 3 insts
    I: 4013ca
    I: 4013cd
    I: 4013d2 (flow 4013e2)
      Successors: 4013d8, 4013e2
  BB: 401355 in func 401300 with 4 insts
    I: 401355
    I: 401358
    I: 40135b
    I: 401360 (flow 4014f8)
      Successors: 4014f8, 401366
  BB: 4013d8 in func 401300 with 1 insts
    I: 4013d8 (flow 4013dd)
      Successors: 4013dd
  BB: 4013dd in func 401300 with 1 insts
    I: 4013dd (flow 401532)
      Successors: 401532
  BB: 4014e0 in func 401300 with 6 insts
    I: 4014e0
    I: 4014e4
    I: 4014e6
    I: 4014ea
    I: 4014ec
    I: 4014f3 (flow 401532)
      Successors: 401532
  BB: 4013e2 in func 401300 with 12 insts
    I: 4013e2
    I: 4013e5
    I: 4013e8
    I: 4013ea
    I: 4013ec
    I: 4013ee
    I: 4013f0
    I: 4013f5
    I: 4013fa
    I: 4013fd
    I: 401400
    I: 401403 (flow 401532)
      Successors: 401532
  BB: 401366 in func 401300 with 1 insts
    I: 401366 (flow 40136b)
      Successors: 40136b
  BB: 40136b in func 401300 with 3 insts
    I: 40136b
    I: 40136e
    I: 401373 (flow 401408)
      Successors: 401408, 401379
  BB: 4014f8 in func 401300 with 5 insts
    I: 4014f8
    I: 4014fc
    I: 4014fe
    I: 401501
    I: 401502
      No successors
  BB: 401379 in func 401300 with 1 insts
    I: 401379 (flow 40137e)
      Successors: 40137e
  BB: 40137e in func 401300 with 3 insts
    I: 40137e
    I: 401381
    I: 401386 (flow 401503)
      Successors: 401503, 40138c
Recovering 401540
  Analysing subroutine sub_401540 at 401540
  Subroutine sub_401540 at 401540 has 16 blocks
  BB: 401540 in func 401540 with 8 insts
    I: 401540
    I: 401541
    I: 401544
    I: 401548
    I: 40154b
    I: 40154e
    I: 401551
    I: 401554
      Successors: 40155b
  BB: 401584 in func 401540 with 3 insts
    I: 401584
    I: 401587
    I: 40158c (flow 4015fc)
      Successors: 401592, 4015fc
  BB: 401605 in func 401540 with 1 insts
    I: 401605 (flow 40155b)
      Successors: 40155b
  BB: 4015a5 in func 401540 with 1 insts
    I: 4015a5 (flow 4015aa)
      Successors: 4015aa
  BB: 4015aa in func 401540 with 1 insts
    I: 4015aa (flow 401605)
      Successors: 401605
  BB: 4015ca in func 401540 with 4 insts
    I: 4015ca
    I: 4015cd
    I: 4015d0
    I: 4015d7 (flow 401605)
      Successors: 401605
  BB: 40156c in func 401540 with 1 insts
    I: 40156c (flow 401571)
      Successors: 401571
  BB: 40160a in func 401540 with 1 insts
    I: 40160a
      No successors
  BB: 4015dc in func 401540 with 9 insts
    I: 4015dc
    I: 4015df
    I: 4015e2
    I: 4015e3
    I: 4015e6
    I: 4015e8 (flow 401540)
    I: 4015ed
    I: 4015f0
    I: 4015f7 (flow 401605)
      Successors: 401605
  BB: 4015af in func 401540 with 7 insts
    I: 4015af
    I: 4015b2
    I: 4015b7
    I: 4015bc
    I: 4015bf
    I: 4015c2
    I: 4015c5 (flow 401605)
      Successors: 401605
  BB: 401571 in func 401540 with 3 insts
    I: 401571
    I: 401574
    I: 401579 (flow 4015dc)
      Successors: 4015dc, 40157f
  BB: 401592 in func 401540 with 1 insts
    I: 401592 (flow 401597)
      Successors: 401597
  BB: 401597 in func 401540 with 3 insts
    I: 401597
    I: 40159a
    I: 40159f (flow 4015ca)
      Successors: 4015ca, 4015a5
  BB: 40155b in func 401540 with 4 insts
    I: 40155b
    I: 40155e
    I: 401561
    I: 401566 (flow 4015af)
      Successors: 40156c, 4015af
  BB: 4015fc in func 401540 with 4 insts
    I: 4015fc
    I: 4015ff
    I: 401603
    I: 401604
      No successors
  BB: 40157f in func 401540 with 1 insts
    I: 40157f (flow 401584)
      Successors: 401584
Recovering 401610
  Analysing subroutine sub_401610 at 401610
  Subroutine sub_401610 at 401610 has 13 blocks
  BB: 401681 in func 401610 with 12 insts
    I: 401681
    I: 401685
    I: 40168a
    I: 40168c
    I: 40168f
    I: 401693
    I: 401696
    I: 40169b
    I: 40169e
    I: 4016a3
    I: 4016a6
    I: 4016ad (flow 4016b7)
      Successors: 4016b7
  BB: 401662 in func 401610 with 1 insts
    I: 401662 (flow 4016b7)
      Successors: 4016b7
  BB: 4016bc in func 401610 with 1 insts
    I: 4016bc
      No successors
  BB: 401637 in func 401610 with 1 insts
    I: 401637 (flow 40163c)
      Successors: 40163c
  BB: 401626 in func 401610 with 4 insts
    I: 401626
    I: 401629
    I: 40162c
    I: 401631 (flow 401667)
      Successors: 401667, 401637
  BB: 401667 in func 401610 with 6 insts
    I: 401667
    I: 40166c
    I: 401671
    I: 401676
    I: 401679
    I: 40167c (flow 4016b7)
      Successors: 4016b7
  BB: 40164a in func 401610 with 1 insts
    I: 40164a (flow 40164f)
      Successors: 40164f
  BB: 40164f in func 401610 with 3 insts
    I: 40164f
    I: 401652
    I: 401657 (flow 4016b2)
      Successors: 4016b2, 40165d
  BB: 401610 in func 401610 with 5 insts
    I: 401610
    I: 401611
    I: 401614
    I: 401618
    I: 40161f
      Successors: 401626
  BB: 4016b2 in func 401610 with 3 insts
    I: 4016b2
    I: 4016b5
    I: 4016b6
      No successors
  BB: 4016b7 in func 401610 with 1 insts
    I: 4016b7 (flow 401626)
      Successors: 401626
  BB: 40163c in func 401610 with 3 insts
    I: 40163c
    I: 40163f
    I: 401644 (flow 401681)
      Successors: 401681, 40164a
  BB: 40165d in func 401610 with 1 insts
    I: 40165d (flow 401662)
      Successors: 401662
Recovering 4016c0
  Analysing subroutine sub_4016C0 at 4016c0
  Subroutine sub_4016C0 at 4016c0 has 34 blocks
  BB: 401783 in func 4016c0 with 1 insts
    I: 401783 (flow 401788)
      Successors: 401788
  BB: 401885 in func 4016c0 with 2 insts
    I: 401885
    I: 40188c (flow 401a1a)
      Successors: 401a1a
  BB: 401788 in func 4016c0 with 3 insts
    I: 401788
    I: 40178b
    I: 401790 (flow 4018ae)
      Successors: 4018ae, 401796
  BB: 401a0f in func 4016c0 with 2 insts
    I: 401a0f
    I: 401a13
      Successors: 401a1a
  BB: 401891 in func 4016c0 with 7 insts
    I: 401891
    I: 401895
    I: 40189a
    I: 40189f
    I: 4018a3
    I: 4018a6
    I: 4018a9 (flow 401a1a)
      Successors: 401a1a
  BB: 401713 in func 4016c0 with 4 insts
    I: 401713
    I: 401716
    I: 401719
    I: 40171e (flow 401891)
      Successors: 401891, 401724
  BB: 401796 in func 4016c0 with 1 insts
    I: 401796 (flow 40179b)
      Successors: 40179b
  BB: 401a1a in func 4016c0 with 1 insts
    I: 401a1a (flow 401713)
      Successors: 401713
  BB: 40179b in func 4016c0 with 3 insts
    I: 40179b
    I: 40179e
    I: 4017a3 (flow 4017d9)
      Successors: 4017a9, 4017d9
  BB: 401a1f in func 4016c0 with 1 insts
    I: 401a1f
      No successors
  BB: 401724 in func 4016c0 with 1 insts
    I: 401724 (flow 401729)
      Successors: 401729
  BB: 401729 in func 4016c0 with 3 insts
    I: 401729
    I: 40172c
    I: 401731 (flow 401952)
      Successors: 401952, 401737
  BB: 4017a9 in func 4016c0 with 1 insts
    I: 4017a9 (flow 4017ae)
      Successors: 4017ae
  BB: 4017ae in func 4016c0 with 3 insts
    I: 4017ae
    I: 4017b1
    I: 4017b6 (flow 401885)
      Successors: 4017bc, 401885
  BB: 4018ae in func 4016c0 with 23 insts
    I: 4018ae
    I: 4018b2
    I: 4018b5
    I: 4018ba
    I: 4018bc
    I: 4018bf
    I: 4018c3
    I: 4018c6
    I: 4018c8
    I: 4018cb
    I: 4018ce
    I: 4018d0
    I: 4018d4
    I: 4018d6
    I: 4018da
    I: 4018dd
    I: 4018e2
    I: 4018e4
    I: 4018e7
    I: 4018ea
    I: 4018ee
    I: 4018f1
    I: 4018f8 (flow 401a1a)
      Successors: 401a1a
  BB: 401737 in func 4016c0 with 1 insts
    I: 401737 (flow 40173c)
      Successors: 40173c
  BB: 40173c in func 4016c0 with 3 insts
    I: 40173c
    I: 40173f
    I: 401744 (flow 4018fd)
      Successors: 40174a, 4018fd
  BB: 4017bc in func 4016c0 with 1 insts
    I: 4017bc (flow 4017c1)
      Successors: 4017c1
  BB: 4016c0 in func 4016c0 with 23 insts
    I: 4016c0
    I: 4016c1
    I: 4016c4
    I: 4016c8
    I: 4016cc (imm 405028)
    I: 4016d3
    I: 4016d5 (imm 405054)
    I: 4016dc
    I: 4016de
    I: 4016e0
    I: 4016e6
    I: 4016e9
    I: 4016ef
    I: 4016f2
    I: 4016f5
    I: 4016f8
    I: 4016fb
    I: 4016fe
    I: 401701
    I: 401704
    I: 401707
    I: 401709
    I: 40170c
      Successors: 401713
  BB: 4017c1 in func 4016c0 with 3 insts
    I: 4017c1
    I: 4017c4
    I: 4017c9 (flow 4017ff)
      Successors: 4017ff, 4017cf
  BB: 40174a in func 4016c0 with 1 insts
    I: 40174a (flow 40174f)
      Successors: 40174f
  BB: 40174f in func 4016c0 with 3 insts
    I: 40174f
    I: 401752
    I: 401757 (flow 401a0f)
      Successors: 40175d, 401a0f
  BB: 4017cf in func 4016c0 with 1 insts
    I: 4017cf (flow 4017d4)
      Successors: 4017d4
  BB: 401952 in func 4016c0 with 43 insts
    I: 401952
    I: 401956
    I: 401958
    I: 40195b (imm 405028)
    I: 401962
    I: 401964 (imm 405054)
    I: 40196b
    I: 40196d
    I: 40196f
    I: 401972
    I: 401974
    I: 401976
    I: 401979
    I: 40197c
    I: 40197f
    I: 401983
    I: 401986
    I: 40198a
    I: 40198d
    I: 40198f
    I: 401992
    I: 401996
    I: 401998
    I: 40199b
    I: 40199d
    I: 4019a0
    I: 4019a3
    I: 4019a6
    I: 4019aa
    I: 4019ad
    I: 4019b0
    I: 4019b3
    I: 4019b6
    I: 4019b9
    I: 4019bb
    I: 4019be
    I: 4019c0
    I: 4019c2
    I: 4019c7
    I: 4019cc
    I: 4019cf
    I: 4019d2
    I: 4019d5 (flow 401a1a)
      Successors: 401a1a
  BB: 4017d4 in func 4016c0 with 1 insts
    I: 4017d4 (flow 401a1a)
      Successors: 401a1a
  BB: 4017d9 in func 4016c0 with 12 insts
    I: 4017d9
    I: 4017dc
    I: 4017df
    I: 4017e1
    I: 4017e3
    I: 4017e5
    I: 4017e7
    I: 4017ec
    I: 4017f1
    I: 4017f4
    I: 4017f7
    I: 4017fa (flow 401a1a)
      Successors: 401a1a
  BB: 4019da in func 4016c0 with 4 insts
    I: 4019da
    I: 4019dd
    I: 4019e0
    I: 4019e1
      No successors
  BB: 40175d in func 4016c0 with 1 insts
    I: 40175d (flow 401762)
      Successors: 401762
  BB: 401762 in func 4016c0 with 3 insts
    I: 401762
    I: 401765
    I: 40176a (flow 4019e2)
      Successors: 401770, 4019e2
  BB: 4019e2 in func 4016c0 with 11 insts
    I: 4019e2
    I: 4019e6
    I: 4019e9
    I: 4019ed
    I: 4019f0
    I: 4019f3
    I: 4019f7
    I: 4019fa
    I: 4019fd
    I: 401a03
    I: 401a0a (flow 401a1a)
      Successors: 401a1a
  BB: 401770 in func 4016c0 with 1 insts
    I: 401770 (flow 401775)
      Successors: 401775
  BB: 401775 in func 4016c0 with 3 insts
    I: 401775
    I: 401778
    I: 40177d (flow 4019da)
      Successors: 4019da, 401783
  BB: 4018fd in func 4016c0 with 24 insts
    I: 4018fd (imm 405028)
    I: 401904
    I: 401906 (imm 405054)
    I: 40190d
    I: 40190f
    I: 401911
    I: 401917
    I: 40191a
    I: 401920
    I: 401923
    I: 401926
    I: 401929
    I: 40192c
    I: 40192f
    I: 401932
    I: 401934
    I: 401936
    I: 401938
    I: 40193a
    I: 40193f
    I: 401944
    I: 401947
    I: 40194a
    I: 40194d (flow 401a1a)
      Successors: 401a1a
  BB: 4017ff in func 4016c0 with 37 insts
    I: 4017ff
    I: 401803
    I: 401806
    I: 40180a
    I: 40180d
    I: 401811
    I: 401814
    I: 401818
    I: 40181b
    I: 40181f
    I: 401823
    I: 401826
    I: 40182a
    I: 401830 (imm 405028)
    I: 401837
    I: 401839 (imm 405054)
    I: 401840
    I: 401842
    I: 401844
    I: 40184a
    I: 40184d
    I: 401853
    I: 401856
    I: 401859
    I: 40185c
    I: 40185f
    I: 401862
    I: 401865
    I: 401867
    I: 401869
    I: 40186b
    I: 40186d
    I: 401872
    I: 401877
    I: 40187a
    I: 40187d
    I: 401880 (flow 401a1a)
      Successors: 401a1a
Recovering 401a20
  Analysing subroutine sub_401A20 at 401a20
  Subroutine sub_401A20 at 401a20 has 2 blocks
  BB: 401a20 in func 401a20 with 24 insts
    I: 401a20
    I: 401a21
    I: 401a24
    I: 401a27
    I: 401a2a
    I: 401a2d
    I: 401a30 (mem 405024)
    I: 401a37
    I: 401a39
    I: 401a3c
    I: 401a3e
    I: 401a3f
    I: 401a42
    I: 401a44
    I: 401a47
    I: 401a49
    I: 401a4b
    I: 401a4d
    I: 401a50
    I: 401a52
    I: 401a54
    I: 401a56
    I: 401a59
    I: 401a5a
      No successors
  BB: 401a5b in func 401a20 with 1 insts
    I: 401a5b
      No successors
Recovering main at 401a60
  Analysing subroutine main at 401a60
  Subroutine main at 401a60 has 162 blocks
  BB: 401e03 in func 401a60 with 1 insts
    I: 401e03 (flow 401e08)
      Successors: 401e08
  BB: 402405 in func 401a60 with 29 insts
    I: 402405
    I: 40240b
    I: 40240d
    I: 402410
    I: 402412
    I: 402418 (imm 405030)
    I: 40241f
    I: 402421 (imm 40504c)
    I: 402428
    I: 40242a
    I: 40242c
    I: 40242f
    I: 402431
    I: 402433
    I: 402436
    I: 402439
    I: 40243c
    I: 40243f
    I: 402442
    I: 402445
    I: 402447
    I: 402449
    I: 40244b
    I: 40244d
    I: 402452
    I: 402457
    I: 40245a
    I: 40245d
    I: 402463 (flow 402b57)
      Successors: 402b57
  BB: 401e08 in func 401a60 with 3 insts
    I: 401e08
    I: 401e0e
    I: 401e13 (flow 4027d9)
      Successors: 401e19, 4027d9
  BB: 401c09 in func 401a60 with 1 insts
    I: 401c09 (flow 401c0e)
      Successors: 401c0e
  BB: 402a08 in func 401a60 with 40 insts
    I: 402a08 (imm 405030)
    I: 402a0f
    I: 402a11 (imm 40504c)
    I: 402a18
    I: 402a1a
    I: 402a1c
    I: 402a1f
    I: 402a21
    I: 402a23
    I: 402a26
    I: 402a29
    I: 402a2c
    I: 402a30
    I: 402a33
    I: 402a37
    I: 402a3a
    I: 402a3c
    I: 402a3f
    I: 402a43
    I: 402a45
    I: 402a48
    I: 402a4a
    I: 402a4d
    I: 402a50
    I: 402a53
    I: 402a57
    I: 402a5a
    I: 402a5d
    I: 402a60
    I: 402a63
    I: 402a66
    I: 402a68
    I: 402a6b
    I: 402a6d
    I: 402a6f
    I: 402a74
    I: 402a79
    I: 402a7c
    I: 402a7f
    I: 402a85 (flow 402b57)
      Successors: 402b57
  BB: 401c0e in func 401a60 with 3 insts
    I: 401c0e
    I: 401c14
    I: 401c19 (flow 402160)
      Successors: 402160, 401c1f
  BB: 401e19 in func 401a60 with 1 insts
    I: 401e19 (flow 401e1e)
      Successors: 401e1e
  BB: 401e1e in func 401a60 with 3 insts
    I: 401e1e
    I: 401e24
    I: 401e29 (flow 401f46)
      Successors: 401f46, 401e2f
  BB: 401c1f in func 401a60 with 1 insts
    I: 401c1f (flow 401c24)
      Successors: 401c24
  BB: 401c24 in func 401a60 with 3 insts
    I: 401c24
    I: 401c2a
    I: 401c2f (flow 402af4)
      Successors: 402af4, 401c35
  BB: 402824 in func 401a60 with 40 insts
    I: 402824 (imm 405030)
    I: 40282b
    I: 40282d (imm 40504c)
    I: 402834
    I: 402836
    I: 402838
    I: 40283e
    I: 402841
    I: 402847
    I: 40284a
    I: 40284d
    I: 402850
    I: 402854
    I: 402857
    I: 40285b
    I: 40285e
    I: 402860
    I: 402863
    I: 402867
    I: 402869
    I: 40286c
    I: 40286e
    I: 402871
    I: 402874
    I: 402877
    I: 40287b
    I: 40287e
    I: 402881
    I: 402884
    I: 402887
    I: 40288a
    I: 40288c
    I: 40288f
    I: 402891
    I: 402893
    I: 402898
    I: 40289d
    I: 4028a0
    I: 4028a3
    I: 4028a9 (flow 402b57)
      Successors: 402b57
  BB: 401e2f in func 401a60 with 1 insts
    I: 401e2f (flow 401e34)
      Successors: 401e34
  BB: 401e34 in func 401a60 with 3 insts
    I: 401e34
    I: 401e3a
    I: 401e3f (flow 402468)
      Successors: 402468, 401e45
  BB: 401c35 in func 401a60 with 1 insts
    I: 401c35 (flow 401c3a)
      Successors: 401c3a
  BB: 402039 in func 401a60 with 2 insts
    I: 402039
    I: 402043 (flow 402b57)
      Successors: 402b57
  BB: 401c3a in func 401a60 with 3 insts
    I: 401c3a
    I: 401c40
    I: 401c45 (flow 402791)
      Successors: 402791, 401c4b
  BB: 401e45 in func 401a60 with 1 insts
    I: 401e45 (flow 401e4a)
      Successors: 401e4a
  BB: 402048 in func 401a60 with 11 insts
    I: 402048
    I: 40204e
    I: 402051
    I: 402053
    I: 402056
    I: 402058
    I: 40205d
    I: 402062
    I: 402064
    I: 402067
    I: 40206d (flow 402b57)
      Successors: 402b57
  BB: 401e4a in func 401a60 with 3 insts
    I: 401e4a
    I: 401e50
    I: 401e55 (flow 402252)
      Successors: 402252, 401e5b
  BB: 401c4b in func 401a60 with 1 insts
    I: 401c4b (flow 401c50)
      Successors: 401c50
  BB: 401c50 in func 401a60 with 3 insts
    I: 401c50
    I: 401c56
    I: 401c5b (flow 402405)
      Successors: 401c61, 402405
  BB: 402252 in func 401a60 with 7 insts
    I: 402252
    I: 402255
    I: 40225a
    I: 40225f
    I: 402262
    I: 402265
    I: 40226b (flow 402b57)
      Successors: 402b57
  BB: 402655 in func 401a60 with 7 insts
    I: 402655
    I: 402658
    I: 40265d
    I: 402662
    I: 402665
    I: 402668
    I: 40266e (flow 402b57)
      Successors: 402b57
  BB: 401e5b in func 401a60 with 1 insts
    I: 401e5b (flow 401e60)
      Successors: 401e60
  BB: 401a60 in func 401a60 with 5 insts
    Referenced by data
    I: 401a60
    I: 401a61
    I: 401a64
    I: 401a6b
    I: 401a72
      Successors: 401a7c
  BB: 401c61 in func 401a60 with 1 insts
    I: 401c61 (flow 401c66)
      Successors: 401c66
  BB: 401e60 in func 401a60 with 3 insts
    I: 401e60
    I: 401e66
    I: 401e6b (flow 4023b5)
      Successors: 401e71, 4023b5
  BB: 401c66 in func 401a60 with 3 insts
    I: 401c66
    I: 401c6c
    I: 401c71 (flow 402ad6)
      Successors: 402ad6, 401c77
  BB: 402468 in func 401a60 with 2 insts
    I: 402468
    I: 402472 (flow 402b57)
      Successors: 402b57
  BB: 402270 in func 401a60 with 4 insts
    I: 402270
    I: 40227a
    I: 402284
    I: 40228e (flow 402b57)
      Successors: 402b57
  BB: 401e71 in func 401a60 with 1 insts
    I: 401e71 (flow 401e76)
      Successors: 401e76
  BB: 402072 in func 401a60 with 9 insts
    I: 402072
    I: 402079
    I: 402080
    I: 402084
    I: 402087 (imm 403007)
    I: 402091
    I: 402093 (flow 405088)
    I: 402098
    I: 4020a2 (flow 402b57)
      Successors: 402b57
  BB: 402673 in func 401a60 with 40 insts
    I: 402673 (imm 405030)
    I: 40267a
    I: 40267c (imm 40504c)
    I: 402683
    I: 402685
    I: 402687
    I: 40268d
    I: 402690
    I: 402696
    I: 402699
    I: 40269c
    I: 40269f
    I: 4026a3
    I: 4026a6
    I: 4026aa
    I: 4026ad
    I: 4026af
    I: 4026b2
    I: 4026b6
    I: 4026b8
    I: 4026bb
    I: 4026bd
    I: 4026c0
    I: 4026c3
    I: 4026c6
    I: 4026ca
    I: 4026cd
    I: 4026d0
    I: 4026d3
    I: 4026d6
    I: 4026d9
    I: 4026db
    I: 4026de
    I: 4026e0
    I: 4026e2
    I: 4026e7
    I: 4026ec
    I: 4026ef
    I: 4026f2
    I: 4026f8 (flow 402b57)
      Successors: 402b57
  BB: 401e76 in func 401a60 with 3 insts
    I: 401e76
    I: 401e7c
    I: 401e81 (flow 4020a7)
      Successors: 4020a7, 401e87
  BB: 402477 in func 401a60 with 2 insts
    I: 402477
    I: 402481 (flow 402b57)
      Successors: 402b57
  BB: 401c77 in func 401a60 with 1 insts
    I: 401c77 (flow 401c7c)
      Successors: 401c7c
  BB: 401a7c in func 401a60 with 4 insts
    I: 401a7c
    I: 401a82
    I: 401a88
    I: 401a8d (flow 402a8a)
      Successors: 402a8a, 401a93
  BB: 401c7c in func 401a60 with 3 insts
    I: 401c7c
    I: 401c82
    I: 401c87 (flow 402270)
      Successors: 402270, 401c8d
  BB: 402486 in func 401a60 with 7 insts
    I: 402486
    I: 40248c
    I: 402491
    I: 402494
    I: 402499
    I: 40249f
    I: 4024a9 (flow 402b57)
      Successors: 402b57
  BB: 401e87 in func 401a60 with 1 insts
    I: 401e87 (flow 401e8c)
      Successors: 401e8c
  BB: 402a8a in func 401a60 with 4 insts
    I: 402a8a
    I: 402a8c
    I: 402a93
    I: 402a94
      No successors
  BB: 401e8c in func 401a60 with 3 insts
    I: 401e8c
    I: 401e92
    I: 401e97 (flow 402486)
      Successors: 401e9d, 402486
  BB: 401c8d in func 401a60 with 1 insts
    I: 401c8d (flow 401c92)
      Successors: 401c92
  BB: 401c92 in func 401a60 with 3 insts
    I: 401c92
    I: 401c98
    I: 401c9d (flow 402655)
      Successors: 401ca3, 402655
  BB: 401a93 in func 401a60 with 1 insts
    I: 401a93 (flow 401a98)
      Successors: 401a98
  BB: 402293 in func 401a60 with 24 insts
    I: 402293 (imm 405030)
    I: 40229a
    I: 40229c (imm 40504c)
    I: 4022a3
    I: 4022a5
    I: 4022a7
    I: 4022ad
    I: 4022b0
    I: 4022b6
    I: 4022b9
    I: 4022bc
    I: 4022bf
    I: 4022c2
    I: 4022c5
    I: 4022c8
    I: 4022ca
    I: 4022cc
    I: 4022ce
    I: 4022d0
    I: 4022d5
    I: 4022da
    I: 4022dd
    I: 4022e0
    I: 4022e6 (flow 402b57)
      Successors: 402b57
  BB: 402a95 in func 401a60 with 3 insts
    I: 402a95
    I: 402a9f
    I: 402aa9 (flow 402b57)
      Successors: 402b57
  BB: 401a98 in func 401a60 with 3 insts
    I: 401a98
    I: 401a9e
    I: 401aa3 (flow 402048)
      Successors: 402048, 401aa9
  BB: 401e9d in func 401a60 with 1 insts
    I: 401e9d (flow 401ea2)
      Successors: 401ea2
  BB: 401ea2 in func 401a60 with 3 insts
    I: 401ea2
    I: 401ea8
    I: 401ead (flow 402072)
      Successors: 402072, 401eb3
  BB: 401ca3 in func 401a60 with 1 insts
    I: 401ca3 (flow 401ca8)
      Successors: 401ca8
  BB: 4020a7 in func 401a60 with 24 insts
    I: 4020a7 (imm 405030)
    I: 4020ae
    I: 4020b0 (imm 40504c)
    I: 4020b7
    I: 4020b9
    I: 4020bb
    I: 4020be
    I: 4020c0
    I: 4020c2
    I: 4020c5
    I: 4020c8
    I: 4020cb
    I: 4020ce
    I: 4020d1
    I: 4020d4
    I: 4020d6
    I: 4020d8
    I: 4020da
    I: 4020dc
    I: 4020e1
    I: 4020e6
    I: 4020e9
    I: 4020ec
    I: 4020f2 (flow 402b57)
      Successors: 402b57
  BB: 401ca8 in func 401a60 with 3 insts
    I: 401ca8
    I: 401cae
    I: 401cb3 (flow 402516)
      Successors: 401cb9, 402516
  BB: 401aa9 in func 401a60 with 1 insts
    I: 401aa9 (flow 401aae)
      Successors: 401aae
  BB: 401aae in func 401a60 with 3 insts
    I: 401aae
    I: 401ab4
    I: 401ab9 (flow 402188)
      Successors: 402188, 401abf
  BB: 4024ae in func 401a60 with 8 insts
    I: 4024ae
    I: 4024b5
    I: 4024bd
    I: 4024c1
    I: 4024c9
    I: 4024d3
    I: 4024dd
    I: 4024e7 (flow 402b57)
      Successors: 402b57
  BB: 4028ae in func 401a60 with 40 insts
    I: 4028ae (imm 405030)
    I: 4028b5
    I: 4028b7 (imm 40504c)
    I: 4028be
    I: 4028c0
    I: 4028c2
    I: 4028c8
    I: 4028cb
    I: 4028d1
    I: 4028d4
    I: 4028d7
    I: 4028da
    I: 4028de
    I: 4028e1
    I: 4028e5
    I: 4028e8
    I: 4028ea
    I: 4028ed
    I: 4028f1
    I: 4028f3
    I: 4028f6
    I: 4028f8
    I: 4028fb
    I: 4028fe
    I: 402901
    I: 402905
    I: 402908
    I: 40290b
    I: 40290e
    I: 402911
    I: 402914
    I: 402916
    I: 402919
    I: 40291b
    I: 40291d
    I: 402922
    I: 402927
    I: 40292a
    I: 40292d
    I: 402933 (flow 402b57)
      Successors: 402b57
  BB: 402aae in func 401a60 with 7 insts
    I: 402aae
    I: 402ab4
    I: 402ab9
    I: 402abc
    I: 402ac1
    I: 402ac7
    I: 402ad1 (flow 402b57)
      Successors: 402b57
  BB: 401eb3 in func 401a60 with 1 insts
    I: 401eb3 (flow 401eb8)
      Successors: 401eb8
  BB: 401eb8 in func 401a60 with 3 insts
    I: 401eb8
    I: 401ebe
    I: 401ec3 (flow 401f15)
      Successors: 401ec9, 401f15
  BB: 401cb9 in func 401a60 with 1 insts
    I: 401cb9 (flow 401cbe)
      Successors: 401cbe
  BB: 401bf8 in func 401a60 with 3 insts
    I: 401bf8
    I: 401bfe
    I: 401c03 (flow 402b4d)
      Successors: 401c09, 402b4d
  BB: 401cbe in func 401a60 with 3 insts
    I: 401cbe
    I: 401cc4
    I: 401cc9 (flow 40216f)
      Successors: 40216f, 401ccf
  BB: 401abf in func 401a60 with 1 insts
    I: 401abf (flow 401ac4)
      Successors: 401ac4
  BB: 401ac4 in func 401a60 with 3 insts
    I: 401ac4
    I: 401aca
    I: 401acf (flow 402373)
      Successors: 402373, 401ad5
  BB: 401ec9 in func 401a60 with 1 insts
    I: 401ec9 (flow 401ece)
      Successors: 401ece
  BB: 401ece in func 401a60 with 3 insts
    I: 401ece
    I: 401ed4
    I: 401ed9 (flow 402a08)
      Successors: 402a08, 401edf
  BB: 401ccf in func 401a60 with 1 insts
    I: 401ccf (flow 401cd4)
      Successors: 401cd4
  BB: 401cd4 in func 401a60 with 3 insts
    I: 401cd4
    I: 401cda
    I: 401cdf (flow 402293)
      Successors: 402293, 401ce5
  BB: 401ad5 in func 401a60 with 1 insts
    I: 401ad5 (flow 401ada)
      Successors: 401ada
  BB: 402ad6 in func 401a60 with 2 insts
    I: 402ad6
    I: 402ae0 (flow 402b57)
      Successors: 402b57
  BB: 401ada in func 401a60 with 3 insts
    I: 401ada
    I: 401ae0
    I: 401ae5 (flow 4021e0)
      Successors: 4021e0, 401aeb
  BB: 401edf in func 401a60 with 1 insts
    I: 401edf (flow 401ee4)
      Successors: 401ee4
  BB: 401ee4 in func 401a60 with 3 insts
    I: 401ee4
    I: 401eea
    I: 401eef (flow 4022eb)
      Successors: 4022eb, 401ef5
  BB: 401ce5 in func 401a60 with 1 insts
    I: 401ce5 (flow 401cea)
      Successors: 401cea
  BB: 402ae5 in func 401a60 with 2 insts
    I: 402ae5
    I: 402aef (flow 402b57)
      Successors: 402b57
  BB: 401cea in func 401a60 with 3 insts
    I: 401cea
    I: 401cf0
    I: 401cf5 (flow 402673)
      Successors: 402673, 401cfb
  BB: 401aeb in func 401a60 with 1 insts
    I: 401aeb (flow 401af0)
      Successors: 401af0
  BB: 4022eb in func 401a60 with 33 insts
    I: 4022eb
    I: 4022f1
    I: 4022f4
    I: 4022f6
    I: 4022f9
    I: 4022fb
    I: 4022fd
    I: 402300
    I: 402302
    I: 402305 (imm 405030)
    I: 40230c
    I: 40230e (imm 40504c)
    I: 402315
    I: 402317
    I: 402319
    I: 40231c
    I: 40231e
    I: 402320
    I: 402323
    I: 402326
    I: 402329
    I: 40232c
    I: 40232f
    I: 402332
    I: 402334
    I: 402336
    I: 402338
    I: 40233a
    I: 40233f
    I: 402344
    I: 402347
    I: 40234a
    I: 402350 (flow 402b57)
      Successors: 402b57
  BB: 4024ec in func 401a60 with 11 insts
    I: 4024ec
    I: 4024f2
    I: 4024f5
    I: 4024f7
    I: 4024fa
    I: 4024fc
    I: 402501
    I: 402506
    I: 402508
    I: 40250b
    I: 402511 (flow 402b57)
      Successors: 402b57
  BB: 401af0 in func 401a60 with 3 insts
    I: 401af0
    I: 401af6
    I: 401afb (flow 40296f)
      Successors: 401b01, 40296f
  BB: 402af4 in func 401a60 with 7 insts
    I: 402af4
    I: 402afa
    I: 402afc
    I: 402aff
    I: 402b01
    I: 402b07
    I: 402b11 (flow 402b57)
      Successors: 402b57
  BB: 401ef5 in func 401a60 with 1 insts
    I: 401ef5 (flow 401efa)
      Successors: 401efa
  BB: 4020f7 in func 401a60 with 29 insts
    I: 4020f7
    I: 4020fd
    I: 402102
    I: 402105
    I: 40210a
    I: 402110 (imm 405030)
    I: 402117
    I: 402119 (imm 40504c)
    I: 402120
    I: 402122
    I: 402124
    I: 402127
    I: 402129
    I: 40212b
    I: 40212e
    I: 402131
    I: 402134
    I: 402137
    I: 40213a
    I: 40213d
    I: 40213f
    I: 402141
    I: 402143
    I: 402145
    I: 40214a
    I: 40214f
    I: 402152
    I: 402155
    I: 40215b (flow 402b57)
      Successors: 402b57
  BB: 401efa in func 401a60 with 3 insts
    I: 401efa
    I: 401f00
    I: 401f05 (flow 402b25)
      Successors: 401f0b, 402b25
  BB: 401cfb in func 401a60 with 1 insts
    I: 401cfb (flow 401d00)
      Successors: 401d00
  BB: 4026fd in func 401a60 with 41 insts
    I: 4026fd
    I: 402707 (imm 405030)
    I: 40270e
    I: 402710 (imm 40504c)
    I: 402717
    I: 402719
    I: 40271b
    I: 402721
    I: 402724
    I: 40272a
    I: 40272d
    I: 402730
    I: 402733
    I: 402737
    I: 40273a
    I: 40273e
    I: 402741
    I: 402743
    I: 402746
    I: 40274a
    I: 40274c
    I: 40274f
    I: 402751
    I: 402754
    I: 402757
    I: 40275a
    I: 40275e
    I: 402761
    I: 402764
    I: 402767
    I: 40276a
    I: 40276d
    I: 40276f
    I: 402772
    I: 402774
    I: 402776
    I: 40277b
    I: 402780
    I: 402783
    I: 402786
    I: 40278c (flow 402b57)
      Successors: 402b57
  BB: 401d00 in func 401a60 with 3 insts
    I: 401d00
    I: 401d06
    I: 401d0b (flow 4024ec)
      Successors: 401d11, 4024ec
  BB: 401b01 in func 401a60 with 1 insts
    I: 401b01 (flow 401b06)
      Successors: 401b06
  BB: 401b06 in func 401a60 with 3 insts
    I: 401b06
    I: 401b0c
    I: 401b11 (flow 4028ae)
      Successors: 4028ae, 401b17
  BB: 401f0b in func 401a60 with 1 insts
    I: 401f0b (flow 401f10)
      Successors: 401f10
  BB: 401f10 in func 401a60 with 1 insts
    I: 401f10 (flow 402b57)
      Successors: 402b57
  BB: 401d11 in func 401a60 with 1 insts
    I: 401d11 (flow 401d16)
      Successors: 401d16
  BB: 401f15 in func 401a60 with 10 insts
    I: 401f15 (imm 403004)
    I: 401f1f
    I: 401f23
    I: 401f25 (flow 405088)
    I: 401f2a
    I: 401f2f
    I: 401f34
    I: 401f38
    I: 401f3b
    I: 401f41 (flow 402b57)
      Successors: 402b57
  BB: 401d16 in func 401a60 with 3 insts
    I: 401d16
    I: 401d1c
    I: 401d21 (flow 402566)
      Successors: 402566, 401d27
  BB: 401b17 in func 401a60 with 1 insts
    I: 401b17 (flow 401b1c)
      Successors: 401b1c
  BB: 402516 in func 401a60 with 24 insts
    I: 402516 (imm 405030)
    I: 40251d
    I: 40251f (imm 40504c)
    I: 402526
    I: 402528
    I: 40252a
    I: 40252d
    I: 40252f
    I: 402531
    I: 402534
    I: 402537
    I: 40253a
    I: 40253d
    I: 402540
    I: 402543
    I: 402545
    I: 402547
    I: 402549
    I: 40254b
    I: 402550
    I: 402555
    I: 402558
    I: 40255b
    I: 402561 (flow 402b57)
      Successors: 402b57
  BB: 402b16 in func 401a60 with 2 insts
    I: 402b16
    I: 402b20 (flow 402b57)
      Successors: 402b57
  BB: 401b1c in func 401a60 with 3 insts
    I: 401b1c
    I: 401b22
    I: 401b27 (flow 4024ae)
      Successors: 401b2d, 4024ae
  BB: 402b25 in func 401a60 with 3 insts
    I: 402b25
    I: 402b2f
    I: 402b39 (flow 402b57)
      Successors: 402b57
  BB: 401d27 in func 401a60 with 1 insts
    I: 401d27 (flow 401d2c)
      Successors: 401d2c
  BB: 401d2c in func 401a60 with 3 insts
    I: 401d2c
    I: 401d32
    I: 401d37 (flow 402355)
      Successors: 402355, 401d3d
  BB: 401b2d in func 401a60 with 1 insts
    I: 401b2d (flow 401b32)
      Successors: 401b32
  BB: 401b32 in func 401a60 with 3 insts
    I: 401b32
    I: 401b38
    I: 401b3d (flow 402b16)
      Successors: 401b43, 402b16
  BB: 402938 in func 401a60 with 2 insts
    I: 402938
    I: 402942 (flow 402b57)
      Successors: 402b57
  BB: 401d3d in func 401a60 with 1 insts
    I: 401d3d (flow 401d42)
      Successors: 401d42
  BB: 402b3e in func 401a60 with 2 insts
    I: 402b3e
    I: 402b48 (flow 402b57)
      Successors: 402b57
  BB: 401d42 in func 401a60 with 3 insts
    I: 401d42
    I: 401d48
    I: 401d4d (flow 4026fd)
      Successors: 401d53, 4026fd
  BB: 401b43 in func 401a60 with 1 insts
    I: 401b43 (flow 401b48)
      Successors: 401b48
  BB: 401f46 in func 401a60 with 2 insts
    I: 401f46
    I: 401f50 (flow 402b57)
      Successors: 402b57
  BB: 402947 in func 401a60 with 7 insts
    I: 402947
    I: 40294d
    I: 402952
    I: 402955
    I: 40295a
    I: 402960
    I: 40296a (flow 402b57)
      Successors: 402b57
  BB: 401b48 in func 401a60 with 3 insts
    I: 401b48
    I: 401b4e
    I: 401b53 (flow 402039)
      Successors: 401b59, 402039
  BB: 402b4d in func 401a60 with 1 insts
    I: 402b4d
      Successors: 402b57
  BB: 401d53 in func 401a60 with 1 insts
    I: 401d53 (flow 401d58)
      Successors: 401d58
  BB: 401f55 in func 401a60 with 40 insts
    I: 401f55 (imm 405030)
    I: 401f5c
    I: 401f5e (imm 40504c)
    I: 401f65
    I: 401f67
    I: 401f69
    I: 401f6f
    I: 401f72
    I: 401f78
    I: 401f7b
    I: 401f7e
    I: 401f81
    I: 401f85
    I: 401f88
    I: 401f8c
    I: 401f8f
    I: 401f91
    I: 401f94
    I: 401f98
    I: 401f9a
    I: 401f9d
    I: 401f9f
    I: 401fa2
    I: 401fa5
    I: 401fa8
    I: 401fac
    I: 401faf
    I: 401fb2
    I: 401fb5
    I: 401fb8
    I: 401fbb
    I: 401fbd
    I: 401fc0
    I: 401fc2
    I: 401fc4
    I: 401fc9
    I: 401fce
    I: 401fd1
    I: 401fd4
    I: 401fda (flow 402b57)
      Successors: 402b57
  BB: 402355 in func 401a60 with 7 insts
    I: 402355
    I: 402358
    I: 40235d
    I: 402362
    I: 402365
    I: 402368
    I: 40236e (flow 402b57)
      Successors: 402b57
  BB: 402b57 in func 401a60 with 1 insts
    I: 402b57 (flow 401a7c)
      Successors: 401a7c
  BB: 401d58 in func 401a60 with 3 insts
    I: 401d58
    I: 401d5e
    I: 401d63 (flow 40297e)
      Successors: 401d69, 40297e
  BB: 401b59 in func 401a60 with 1 insts
    I: 401b59 (flow 401b5e)
      Successors: 401b5e
  BB: 401b5e in func 401a60 with 3 insts
    I: 401b5e
    I: 401b64
    I: 401b69 (flow 402b3e)
      Successors: 402b3e, 401b6f
  BB: 402160 in func 401a60 with 2 insts
    I: 402160
    I: 40216a (flow 402b57)
      Successors: 402b57
  BB: 402566 in func 401a60 with 56 insts
    I: 402566
    I: 40256d
    I: 402575
    I: 40257b
    I: 402581
    I: 402584
    I: 40258a
    I: 40258d
    I: 402595
    I: 40259f
    I: 4025a2
    I: 4025a5
    I: 4025af
    I: 4025b2
    I: 4025b8
    I: 4025be
    I: 4025c1
    I: 4025c7
    I: 4025ca
    I: 4025d2
    I: 4025d8
    I: 4025da
    I: 4025dd
    I: 4025df
    I: 4025e2
    I: 4025ea
    I: 4025ec
    I: 4025ef
    I: 4025f2
    I: 4025f5
    I: 4025f8
    I: 4025fa
    I: 4025fd (imm 405030)
    I: 402604
    I: 402606 (imm 40504c)
    I: 40260d
    I: 40260f
    I: 402611
    I: 402617
    I: 40261a
    I: 402620
    I: 402623
    I: 402626
    I: 402629
    I: 40262c
    I: 40262f
    I: 402632
    I: 402634
    I: 402636
    I: 402638
    I: 40263a
    I: 40263f
    I: 402644
    I: 402647
    I: 40264a
    I: 402650 (flow 402b57)
      Successors: 402b57
  BB: 401d69 in func 401a60 with 1 insts
    I: 401d69 (flow 401d6e)
      Successors: 401d6e
  BB: 401d6e in func 401a60 with 3 insts
    I: 401d6e
    I: 401d74
    I: 401d79 (flow 402aae)
      Successors: 402aae, 401d7f
  BB: 401b6f in func 401a60 with 1 insts
    I: 401b6f (flow 401b74)
      Successors: 401b74
  BB: 40216f in func 401a60 with 3 insts
    I: 40216f
    I: 402179
    I: 402183 (flow 402b57)
      Successors: 402b57
  BB: 40296f in func 401a60 with 2 insts
    I: 40296f
    I: 402979 (flow 402b57)
      Successors: 402b57
  BB: 402373 in func 401a60 with 11 insts
    I: 402373
    I: 40237a
    I: 402382
    I: 402389
    I: 402391
    I: 402397
    I: 40239c
    I: 4023a1
    I: 4023a7
    I: 4023aa
    I: 4023b0 (flow 402b57)
      Successors: 402b57
  BB: 401b74 in func 401a60 with 3 insts
    I: 401b74
    I: 401b7a
    I: 401b7f (flow 401f55)
      Successors: 401f55, 401b85
  BB: 40297e in func 401a60 with 40 insts
    I: 40297e (imm 405030)
    I: 402985
    I: 402987 (imm 40504c)
    I: 40298e
    I: 402990
    I: 402992
    I: 402998
    I: 40299b
    I: 4029a1
    I: 4029a4
    I: 4029a7
    I: 4029aa
    I: 4029ae
    I: 4029b1
    I: 4029b5
    I: 4029b8
    I: 4029ba
    I: 4029bd
    I: 4029c1
    I: 4029c3
    I: 4029c6
    I: 4029c8
    I: 4029cb
    I: 4029ce
    I: 4029d1
    I: 4029d5
    I: 4029d8
    I: 4029db
    I: 4029de
    I: 4029e1
    I: 4029e4
    I: 4029e6
    I: 4029e9
    I: 4029eb
    I: 4029ed
    I: 4029f2
    I: 4029f7
    I: 4029fa
    I: 4029fd
    I: 402a03 (flow 402b57)
      Successors: 402b57
  BB: 401d7f in func 401a60 with 1 insts
    I: 401d7f (flow 401d84)
      Successors: 401d84
  BB: 401d84 in func 401a60 with 3 insts
    I: 401d84
    I: 401d8a
    I: 401d8f (flow 4020f7)
      Successors: 401d95, 4020f7
  BB: 401b85 in func 401a60 with 1 insts
    I: 401b85 (flow 401b8a)
      Successors: 401b8a
  BB: 402188 in func 401a60 with 24 insts
    I: 402188 (imm 405030)
    I: 40218f
    I: 402191 (imm 40504c)
    I: 402198
    I: 40219a
    I: 40219c
    I: 4021a2
    I: 4021a5
    I: 4021ab
    I: 4021ae
    I: 4021b1
    I: 4021b4
    I: 4021b7
    I: 4021ba
    I: 4021bd
    I: 4021bf
    I: 4021c1
    I: 4021c3
    I: 4021c5
    I: 4021ca
    I: 4021cf
    I: 4021d2
    I: 4021d5
    I: 4021db (flow 402b57)
      Successors: 402b57
  BB: 401b8a in func 401a60 with 3 insts
    I: 401b8a
    I: 401b90
    I: 401b95 (flow 402938)
      Successors: 402938, 401b9b
  BB: 402791 in func 401a60 with 2 insts
    I: 402791
    I: 40279b (flow 402b57)
      Successors: 402b57
  BB: 401d95 in func 401a60 with 1 insts
    I: 401d95 (flow 401d9a)
      Successors: 401d9a
  BB: 401d9a in func 401a60 with 3 insts
    I: 401d9a
    I: 401da0
    I: 401da5 (flow 402477)
      Successors: 401dab, 402477
  BB: 401b9b in func 401a60 with 1 insts
    I: 401b9b (flow 401ba0)
      Successors: 401ba0
  BB: 401ba0 in func 401a60 with 3 insts
    I: 401ba0
    I: 401ba6
    I: 401bab (flow 4027a0)
      Successors: 4027a0, 401bb1
  BB: 4027a0 in func 401a60 with 2 insts
    I: 4027a0
    I: 4027aa (flow 402b57)
      Successors: 402b57
  BB: 401dab in func 401a60 with 1 insts
    I: 401dab (flow 401db0)
      Successors: 401db0
  BB: 4027af in func 401a60 with 11 insts
    I: 4027af
    I: 4027b5
    I: 4027b7
    I: 4027b9
    I: 4027bb
    I: 4027be
    I: 4027c0
    I: 4027c2
    I: 4027c4
    I: 4027ca
    I: 4027d4 (flow 402b57)
      Successors: 402b57
  BB: 401db0 in func 401a60 with 3 insts
    I: 401db0
    I: 401db6
    I: 401dbb (flow 402a95)
      Successors: 401dc1, 402a95
  BB: 401bb1 in func 401a60 with 1 insts
    I: 401bb1 (flow 401bb6)
      Successors: 401bb6
  BB: 4023b5 in func 401a60 with 24 insts
    I: 4023b5 (imm 405030)
    I: 4023bc
    I: 4023be (imm 40504c)
    I: 4023c5
    I: 4023c7
    I: 4023c9
    I: 4023cc
    I: 4023ce
    I: 4023d0
    I: 4023d3
    I: 4023d6
    I: 4023d9
    I: 4023dc
    I: 4023df
    I: 4023e2
    I: 4023e4
    I: 4023e6
    I: 4023e8
    I: 4023ea
    I: 4023ef
    I: 4023f4
    I: 4023f7
    I: 4023fa
    I: 402400 (flow 402b57)
      Successors: 402b57
  BB: 401bb6 in func 401a60 with 3 insts
    I: 401bb6
    I: 401bbc
    I: 401bc1 (flow 401fdf)
      Successors: 401fdf, 401bc7
  BB: 401dc1 in func 401a60 with 1 insts
    I: 401dc1 (flow 401dc6)
      Successors: 401dc6
  BB: 401dc6 in func 401a60 with 3 insts
    I: 401dc6
    I: 401dcc
    I: 401dd1 (flow 402ae5)
      Successors: 402ae5, 401dd7
  BB: 401bc7 in func 401a60 with 1 insts
    I: 401bc7 (flow 401bcc)
      Successors: 401bcc
  BB: 401bcc in func 401a60 with 3 insts
    I: 401bcc
    I: 401bd2
    I: 401bd7 (flow 402947)
      Successors: 401bdd, 402947
  BB: 401dd7 in func 401a60 with 1 insts
    I: 401dd7 (flow 401ddc)
      Successors: 401ddc
  BB: 4027d9 in func 401a60 with 6 insts
    I: 4027d9
    I: 4027de
    I: 4027e3
    I: 4027ea
    I: 4027ed
    I: 4027f3 (flow 402b57)
      Successors: 402b57
  BB: 401ddc in func 401a60 with 3 insts
    I: 401ddc
    I: 401de2
    I: 401de7 (flow 402824)
      Successors: 402824, 401ded
  BB: 401bdd in func 401a60 with 1 insts
    I: 401bdd (flow 401be2)
      Successors: 401be2
  BB: 401fdf in func 401a60 with 25 insts
    I: 401fdf
    I: 401fe9 (imm 405030)
    I: 401ff0
    I: 401ff2 (imm 40504c)
    I: 401ff9
    I: 401ffb
    I: 401ffd
    I: 402000
    I: 402002
    I: 402004
    I: 402007
    I: 40200a
    I: 40200d
    I: 402010
    I: 402013
    I: 402016
    I: 402018
    I: 40201a
    I: 40201c
    I: 40201e
    I: 402023
    I: 402028
    I: 40202b
    I: 40202e
    I: 402034 (flow 402b57)
      Successors: 402b57
  BB: 4021e0 in func 401a60 with 33 insts
    I: 4021e0
    I: 4021e6
    I: 4021e9
    I: 4021ef
    I: 4021f2
    I: 4021f8
    I: 4021fa
    I: 4021fd
    I: 4021ff
    I: 402202 (imm 405030)
    I: 402209
    I: 40220b (imm 40504c)
    I: 402212
    I: 402214
    I: 402216
    I: 402219
    I: 40221b
    I: 40221d
    I: 402220
    I: 402223
    I: 402226
    I: 402229
    I: 40222c
    I: 40222f
    I: 402231
    I: 402233
    I: 402235
    I: 402237
    I: 40223c
    I: 402241
    I: 402244
    I: 402247
    I: 40224d (flow 402b57)
      Successors: 402b57
  BB: 401be2 in func 401a60 with 3 insts
    I: 401be2
    I: 401be8
    I: 401bed (flow 4027af)
      Successors: 401bf3, 4027af
  BB: 401ded in func 401a60 with 1 insts
    I: 401ded (flow 401df2)
      Successors: 401df2
  BB: 401df2 in func 401a60 with 3 insts
    I: 401df2
    I: 401df8
    I: 401dfd (flow 4027f8)
      Successors: 4027f8, 401e03
  BB: 401bf3 in func 401a60 with 1 insts
    I: 401bf3 (flow 401bf8)
      Successors: 401bf8
  BB: 4027f8 in func 401a60 with 7 insts
    I: 4027f8
    I: 4027fc
    I: 402804 (imm 40300c)
    I: 40280e
    I: 402810 (flow 405080)
    I: 402815
    I: 40281f (flow 402b57)
      Successors: 402b57
Recovering .term_proc at 402b5c
  Analysing subroutine .term_proc at 402b5c
    Block head at 00402b69 is not code.
  Subroutine .term_proc at 402b5c has 1 blocks
  BB: 402b5c in func 402b5c with 4 insts
    I: 402b5c
    I: 402b60
    I: 402b64
    I: 402b68
      No successors
Global Variable None
WARNING: Global constructor and destructor sections are adjacent!
Recovering region LOAD [400000, 4004e8) in segment LOAD
  8-byte reference at 400018 to 401050 (start)
  8-byte reference at 4000f8 to 401000 (.init_proc)
  8-byte reference at 400130 to 403000 ()
  8-byte reference at 400168 to 404de8 ()
  8-byte reference at 400280 to 403014 ()
  8-byte reference at 4002f0 to 404de8 ()
Recovering region .init [401000, 40101b) in segment .init
Recovering region LOAD [40101b, 401020) in segment LOAD
Recovering region .plt [401020, 401050) in segment .plt
Recovering region .text [401050, 402b5c) in segment .text
Recovering region .fini [402b5c, 402b69) in segment .fini
Recovering region .rodata [403000, 403012) in segment .rodata
  Variable aLld at 403007
  Variable format at 40300c
Recovering region LOAD [403012, 403014) in segment LOAD
Recovering region .eh_frame_hdr [403014, 403088) in segment .eh_frame_hdr
Recovering region .eh_frame [403088, 403250) in segment .eh_frame
Recovering region LOAD [403250, 403290) in segment LOAD
Recovering region .init_array [404de8, 404df8) in segment .init_array
  8-byte reference at 404de8 to 401130 ()
  8-byte reference at 404df0 to 401100 ()
Recovering region LOAD [404df8, 404fd8) in segment LOAD
Recovering region .got [404fd8, 404fe8) in segment .got
  8-byte reference at 404fd8 to 405078 (__libc_start_main)
  8-byte reference at 404fe0 to 405090 (__gmon_start__)
Recovering region .got.plt [404fe8, 405010) in segment .got.plt
  8-byte reference at 405000 to 405080 (printf)
  8-byte reference at 405008 to 405088 (__isoc99_scanf)
Recovering region .data [405010, 405020) in segment .data
Recovering region .bss [405020, 405078) in segment .bss
Recovering extern function printf at 401030
Recovering extern function __isoc99_scanf at 401040
Recovering extern function __libc_start_main at 405078
Recovering extern function printf at 405080
Recovering extern function __isoc99_scanf at 405088
Recovering extern function __gmon_start__ at 405090
Recovered 17 functions.
Saving to: /home/ubuntu/capstone_project/result/pipeline_20260629_141746/s290484179_fla_bcf_instsub.cfg
Done analysis!
