Debugging is enabled.
Loading Standard Definitions file: /home/ubuntu/capstone_project/dependency/mcsema/mcsema/lib/python3/site-packages/mcsema_disass-3.1.3.8-py3.8.egg/mcsema_disass/defs/linux.txt
Using Batch mode.
Starting analysis
Recovering module s290484179_bcf.elf
Found main at 401490
Looking for instructions in segment .init
  Default block heads for function 401000 with loose bounds [401000, 40101b)
    block [401000, 401014)
    block [401014, 401016)
    block [401016, 40101b)
    chunk [401000, 40101b)
Looking for instructions in segment .plt
  Default block heads for function 401020 with loose bounds [401020, 40102c)
    block [401020, 40102c)
    chunk [401020, 40102c)
  Default block heads for function 401030 with loose bounds [401030, 401036)
    block [401030, 401036)
    chunk [401030, 401036)
  Default block heads for function 401040 with loose bounds [401040, 401046)
    block [401040, 401046)
    chunk [401040, 401046)
Looking for instructions in segment .text
  Default block heads for function 401050 with loose bounds [401050, 401076)
    block [401050, 401076)
    chunk [401050, 401076)
  Default block heads for function 401090 with loose bounds [401090, 4010b1)
    block [401090, 40109d)
    block [40109d, 4010a7)
    block [4010a7, 4010ae)
    block [4010b0, 4010b1)
    chunk [401090, 4010b1)
  Default block heads for function 401100 with loose bounds [401100, 401121)
    block [401100, 40110d)
    block [40110d, 40111f)
    block [401120, 401121)
    chunk [401100, 401121)
  Default block heads for function 401130 with loose bounds [401130, 401136)
    block [401130, 401136)
    chunk [401130, 401136)
    chunk [4010c0, 4010f1)
  Default block heads for function 401140 with loose bounds [401140, 40115c)
    block [401140, 40115c)
    chunk [401140, 40115c)
  Default block heads for function 401160 with loose bounds [401160, 40117c)
    block [401160, 40117c)
    chunk [401160, 40117c)
  Default block heads for function 401180 with loose bounds [401180, 40119d)
    block [401180, 401191)
    block [401191, 401198)
    block [401198, 40119d)
    chunk [401180, 40119d)
  Default block heads for function 4011a0 with loose bounds [4011a0, 4011cc)
    block [4011a0, 4011b6)
    block [4011b6, 4011c1)
    block [4011c1, 4011c7)
    block [4011c7, 4011cc)
    chunk [4011a0, 4011cc)
  Default block heads for function 4011d0 with loose bounds [4011d0, 4011fc)
    block [4011d0, 4011e6)
    block [4011e6, 4011f1)
    block [4011f1, 4011f7)
    block [4011f7, 4011fc)
    chunk [4011d0, 4011fc)
  Default block heads for function 401200 with loose bounds [401200, 401240)
    block [401200, 401218)
    block [401218, 401223)
    block [401223, 401237)
    block [401237, 401240)
    chunk [401200, 401240)
  Default block heads for function 401240 with loose bounds [401240, 40137f)
    block [401240, 40124f)
    block [40124f, 401282)
    block [401282, 401287)
    block [401287, 4012c5)
    block [4012c5, 4012ca)
    block [4012ca, 4012d5)
    block [4012d5, 4012da)
    block [4012da, 4012fa)
    block [4012fa, 40132d)
    block [40132d, 401332)
    block [401332, 40136b)
    block [40136b, 401370)
    block [401370, 401375)
    block [401375, 40137a)
    block [40137a, 40137f)
    chunk [401240, 40137f)
  Default block heads for function 401380 with loose bounds [401380, 401453)
    block [401380, 40138f)
    block [40138f, 4013c2)
    block [4013c2, 4013c7)
    block [4013c7, 401405)
    block [401405, 40140a)
    block [40140a, 401415)
    block [401415, 40141a)
    block [40141a, 401449)
    block [401449, 40144e)
    block [40144e, 401453)
    chunk [401380, 401453)
  Default block heads for function 401460 with loose bounds [401460, 40148b)
    block [401460, 40148b)
    chunk [401460, 40148b)
  Default block heads for function 401490 with loose bounds [401490, 401bb1)
    block [401490, 4014a2)
    block [4014a2, 4014c1)
    block [4014c1, 4014c6)
    block [4014c6, 4014d0)
    block [4014d0, 401503)
    block [401503, 401508)
    block [401508, 401552)
    block [401552, 401557)
    block [401557, 401565)
    block [401565, 40156a)
    block [40156a, 40159d)
    block [40159d, 4015a2)
    block [4015a2, 4015fb)
    block [4015fb, 401600)
    block [401600, 401605)
    block [401605, 401619)
    block [401619, 40164c)
    block [40164c, 401651)
    block [401651, 40168e)
    block [40168e, 401693)
    block [401693, 401698)
    block [401698, 4016cb)
    block [4016cb, 4016d0)
    block [4016d0, 40171a)
    block [40171a, 40171f)
    block [40171f, 40172d)
    block [40172d, 401732)
    block [401732, 401746)
    block [401746, 401779)
    block [401779, 40177e)
    block [40177e, 4017c8)
    block [4017c8, 4017cd)
    block [4017cd, 4017db)
    block [4017db, 4017e0)
    block [4017e0, 401810)
    block [401810, 40181f)
    block [40181f, 401824)
    block [401824, 401838)
    block [401838, 401867)
    block [401867, 40189a)
    block [40189a, 40189f)
    block [40189f, 4018e9)
    block [4018e9, 4018ee)
    block [4018ee, 4018fc)
    block [4018fc, 401901)
    block [401901, 401955)
    block [401955, 40195f)
    block [40195f, 401964)
    block [401964, 401997)
    block [401997, 40199c)
    block [40199c, 4019de)
    block [4019de, 4019e3)
    block [4019e3, 4019e8)
    block [4019e8, 401a1b)
    block [401a1b, 401a20)
    block [401a20, 401a63)
    block [401a63, 401a68)
    block [401a68, 401a76)
    block [401a76, 401a7b)
    block [401a7b, 401a9d)
    block [401a9d, 401aa2)
    block [401aa2, 401ad5)
    block [401ad5, 401ada)
    block [401ada, 401b1c)
    block [401b1c, 401b21)
    block [401b21, 401b26)
    block [401b26, 401b2b)
    block [401b2b, 401b36)
    block [401b36, 401b3b)
    block [401b3b, 401b66)
    block [401b66, 401b75)
    block [401b75, 401b7a)
    block [401b7a, 401b7f)
    block [401b7f, 401b84)
    block [401b84, 401b98)
    block [401b98, 401b9d)
    block [401b9d, 401bb1)
    chunk [401490, 401bb1)
Looking for instructions in segment .fini
  Default block heads for function 401bb4 with loose bounds [401bb4, 401bc1)
    block [401bb4, 401bc1)
    chunk [401bb4, 401bc1)
Looking for strings in segment .rodata [402000, 402012)
  Found string b'%lld' of length 5 at 402007, jumping to 40200c
  Found string b'%lld\n' of length 6 at 40200c, jumping to 402012
Looking for strings in segment .eh_frame_hdr [402014, 402088)
Looking for strings in segment .eh_frame [402088, 402240)
Looking for strings in segment .init_array [403de8, 403df0)
Looking for strings in segment .fini_array [403df0, 403df8)
Looking for strings in segment .got [403fd8, 403fe8)
Looking for strings in segment .got.plt [403fe8, 404010)
Looking for strings in segment .data [404010, 404020)
Looking for strings in segment .bss [404020, 404078)
Looking for strings in segment extern [404078, 404098)
Looking for cross-references in segment .init [401000, 40101b)
Looking for cross-references in segment .plt [401020, 401050)
  Stopping scan at 40102c
Looking for cross-references in segment .text [401050, 401bb1)
  Stopping scan at 40107c
  Stopping scan at 40108c
  Stopping scan at ffffffffffffffff
  Stopping scan at 4010bc
  Stopping scan at 4010fc
  Stopping scan at ffffffffffffffff
  Stopping scan at 40112c
  Stopping scan at 40113c
  Stopping scan at 40115c
  Stopping scan at 40117c
  Stopping scan at ffffffffffffffff
  Stopping scan at 4011cc
  Stopping scan at 4011fc
  Stopping scan at ffffffffffffffff
  Stopping scan at 40145c
  Stopping scan at 40148c
Looking for cross-references in segment .fini [401bb4, 401bc1)
Looking for cross-references in segment .rodata [402000, 402012)
  Found string at 40200c, jumping to 402012
  Stopping scan at 40200c
Looking for cross-references in segment .eh_frame_hdr [402014, 402088)
  Stopping scan at 402084
Looking for cross-references in segment .eh_frame [402088, 402240)
  Stopping scan at 40223c
Looking for cross-references in segment .init_array [403de8, 403df0)
  Adding qword reference from 403de8 to 401130
  Stopping scan at 403de8
Looking for cross-references in segment .fini_array [403df0, 403df8)
  Adding qword reference from 403df0 to 401100
  Stopping scan at 403df0
Looking for cross-references in segment .got [403fd8, 403fe8)
  Adding qword reference from 403fd8 to 404078
  Adding qword reference from 403fe0 to 404090
  Stopping scan at 403fe0
Looking for cross-references in segment .got.plt [403fe8, 404010)
  Adding qword reference from 404000 to 404080
  Adding qword reference from 404008 to 404088
  Stopping scan at 404008
Looking for cross-references in segment .data [404010, 404020)
  Stopping scan at 40401c
Looking for cross-references in segment .bss [404020, 404078)
  Stopping scan at 404074
Looking for cross-references in segment extern [404078, 404098)
  Stopping scan at 404094
Looking for thunks
  Found thunk for printf targeting 404080 at 401030
  Found thunk for __isoc99_scanf targeting 404088 at 401040
Looking for external symbols
  Function at 401030 is the external function printf
  Function at 401040 is the external function __isoc99_scanf
  Function at 404078 is the external function __libc_start_main
  Function at 404080 is the external function printf
  Function at 404088 is the external function __isoc99_scanf
  Function at 404090 is the external function __gmon_start__
Looking for entrypoints
Recovering .init_proc at 401000
  Analysing subroutine .init_proc at 401000
    Block head at 0040101b is not code.
  Subroutine .init_proc at 401000 has 3 blocks
  BB: 401000 in func 401000 with 5 insts
    Referenced by data
    I: 401000
    I: 401004
    I: 401008 (mem 403fe0)
    I: 40100f
    I: 401012 (flow 401016)
      Successors: 401014, 401016
  BB: 401014 in func 401000 with 1 insts
    I: 401014
      Successors: 401016
  BB: 401016 in func 401000 with 2 insts
    I: 401016
    I: 40101a
      No successors
Recovering 401020
  Analysing subroutine sub_401020 at 401020
  WARNING: No table entries for indirect jump at 401026; Adding next_ea 40102c as successor.
  Subroutine sub_401020 at 401020 has 2 blocks
  WARNING: No table entries for indirect jump at 401026; Adding next_ea 40102c as successor.
  BB: 401020 in func 401020 with 2 insts
    I: 401020 (mem 403ff0)
    I: 401026 (mem 403ff8)
      Successors: 40102c
  BB: 40102c in func 401020 with 1 insts
    I: 40102c
      No successors
Recovering start at 401050
  Analysing subroutine start at 401050
  Subroutine start at 401050 has 3 blocks
  BB: 401050 in func 401050 with 13 insts
    Referenced by data
    I: 401050
    I: 401054
    I: 401056
    I: 401059
    I: 40105a
    I: 40105d
    I: 401061
    I: 401062
    I: 401063
    I: 401066
    I: 401068 (imm 401490)
    I: 40106f (mem 403fd8)
    I: 401075
      No successors
  BB: 401085 in func 401050 with 2 insts
    I: 401085
    I: 40108f
      No successors
  BB: 401076 in func 401050 with 3 insts
    I: 401076
    I: 401080
    I: 401084
      No successors
Recovering 401090
  Analysing subroutine sub_401090 at 401090
  WARNING: No table entries for indirect jump at 4010ac; Adding next_ea 4010ae as successor.
  WARNING: No table entries for indirect jump at 4010ee; Adding next_ea 4010f0 as successor.
  Subroutine sub_401090 at 401090 has 11 blocks
  BB: 4010c0 in func 401090 with 8 insts
    I: 4010c0 (imm 404020)
    I: 4010c5 (imm 404020)
    I: 4010cc
    I: 4010cf
    I: 4010d3
    I: 4010d7
    I: 4010da
    I: 4010dd (flow 4010f0)
      Successors: 4010f0, 4010df
  WARNING: No table entries for indirect jump at 4010ac; Adding next_ea 4010ae as successor.
  BB: 4010a7 in func 401090 with 2 insts
    I: 4010a7 (imm 404020)
    I: 4010ac
      Successors: 4010ae
  WARNING: No table entries for indirect jump at 4010ee; Adding next_ea 4010f0 as successor.
  BB: 4010e9 in func 401090 with 2 insts
    I: 4010e9 (imm 404020)
    I: 4010ee
      Successors: 4010f0
  BB: 4010ae in func 401090 with 1 insts
    I: 4010ae
      Successors: 4010b0
  BB: 401090 in func 401090 with 3 insts
    I: 401090 (imm 404020)
    I: 401095 (imm 404020)
    I: 40109b (flow 4010b0)
      Successors: 4010b0, 40109d
  BB: 4010b0 in func 401090 with 1 insts
    I: 4010b0
      No successors
  BB: 4010b1 in func 401090 with 2 insts
    I: 4010b1
    I: 4010b5
      Successors: 4010c0
  BB: 4010f0 in func 401090 with 1 insts
    I: 4010f0
      No successors
  BB: 4010f1 in func 401090 with 2 insts
    I: 4010f1
    I: 4010f5
      No successors
  BB: 40109d in func 401090 with 3 insts
    I: 40109d
    I: 4010a2
    I: 4010a5 (flow 4010b0)
      Successors: 4010b0, 4010a7
  BB: 4010df in func 401090 with 3 insts
    I: 4010df
    I: 4010e4
    I: 4010e7 (flow 4010f0)
      Successors: 4010f0, 4010e9
Recovering 401100
  Analysing subroutine sub_401100 at 401100
  Subroutine sub_401100 at 401100 has 5 blocks
  BB: 401100 in func 401100 with 3 insts
    Referenced by data
    I: 401100
    I: 401104 (mem 404020)
    I: 40110b (flow 401120)
      Successors: 401120, 40110d
  BB: 401121 in func 401100 with 2 insts
    I: 401121
    I: 401125
      No successors
  BB: 401120 in func 401100 with 1 insts
    I: 401120
      No successors
  BB: 40110d in func 401100 with 6 insts
    I: 40110d
    I: 40110e
    I: 401111 (flow 401090)
    I: 401116 (mem 404020)
    I: 40111d
    I: 40111e
      No successors
  BB: 40111f in func 401100 with 1 insts
    I: 40111f
      Successors: 401120
Recovering 401130
  Analysing subroutine sub_401130 at 401130
  WARNING: No table entries for indirect jump at 4010ee; Adding next_ea 4010f0 as successor.
  Subroutine sub_401130 at 401130 has 6 blocks
  BB: 4010c0 in func 401130 with 8 insts
    I: 4010c0 (imm 404020)
    I: 4010c5 (imm 404020)
    I: 4010cc
    I: 4010cf
    I: 4010d3
    I: 4010d7
    I: 4010da
    I: 4010dd (flow 4010f0)
      Successors: 4010f0, 4010df
  WARNING: No table entries for indirect jump at 4010ee; Adding next_ea 4010f0 as successor.
  BB: 4010e9 in func 401130 with 2 insts
    I: 4010e9 (imm 404020)
    I: 4010ee
      Successors: 4010f0
  BB: 401130 in func 401130 with 2 insts
    Referenced by data
    I: 401130
    I: 401134 (flow 4010c0)
      Successors: 4010c0
  BB: 4010f0 in func 401130 with 1 insts
    I: 4010f0
      No successors
  BB: 401136 in func 401130 with 1 insts
    I: 401136
      No successors
  BB: 4010df in func 401130 with 3 insts
    I: 4010df
    I: 4010e4
    I: 4010e7 (flow 4010f0)
      Successors: 4010f0, 4010e9
Recovering 401140
  Analysing subroutine sub_401140 at 401140
  Subroutine sub_401140 at 401140 has 2 blocks
  BB: 401140 in func 401140 with 10 insts
    I: 401140
    I: 401141
    I: 401144
    I: 401148
    I: 40114c
    I: 401150
    I: 401153
    I: 401157
    I: 40115a
    I: 40115b
      No successors
  BB: 40115c in func 401140 with 1 insts
    I: 40115c
      No successors
Recovering 401160
  Analysing subroutine sub_401160 at 401160
  Subroutine sub_401160 at 401160 has 2 blocks
  BB: 401160 in func 401160 with 10 insts
    I: 401160
    I: 401161
    I: 401164
    I: 401168
    I: 40116c
    I: 401170
    I: 401173
    I: 401177
    I: 40117a
    I: 40117b
      No successors
  BB: 40117c in func 401160 with 1 insts
    I: 40117c
      No successors
Recovering 401180
  Analysing subroutine sub_401180 at 401180
  Subroutine sub_401180 at 401180 has 4 blocks
  BB: 401180 in func 401180 with 5 insts
    I: 401180
    I: 401181
    I: 401184
    I: 401187
    I: 40118b (flow 401198)
      Successors: 401198, 401191
  BB: 401191 in func 401180 with 2 insts
    I: 401191
    I: 401195
      Successors: 401198
  BB: 401198 in func 401180 with 3 insts
    I: 401198
    I: 40119b
    I: 40119c
      No successors
  BB: 40119d in func 401180 with 1 insts
    I: 40119d
      No successors
Recovering 4011a0
  Analysing subroutine sub_4011A0 at 4011a0
  Subroutine sub_4011A0 at 4011a0 has 5 blocks
  BB: 4011a0 in func 4011a0 with 7 insts
    I: 4011a0
    I: 4011a1
    I: 4011a4
    I: 4011a7
    I: 4011aa
    I: 4011ad
    I: 4011b0 (flow 4011c1)
      Successors: 4011c1, 4011b6
  BB: 4011c1 in func 4011a0 with 2 insts
    I: 4011c1
    I: 4011c4
      Successors: 4011c7
  BB: 4011c7 in func 4011a0 with 3 insts
    I: 4011c7
    I: 4011ca
    I: 4011cb
      No successors
  BB: 4011cc in func 4011a0 with 1 insts
    I: 4011cc
      No successors
  BB: 4011b6 in func 4011a0 with 3 insts
    I: 4011b6
    I: 4011b9
    I: 4011bc (flow 4011c7)
      Successors: 4011c7
Recovering 4011d0
  Analysing subroutine sub_4011D0 at 4011d0
  Subroutine sub_4011D0 at 4011d0 has 5 blocks
  BB: 4011e6 in func 4011d0 with 3 insts
    I: 4011e6
    I: 4011e9
    I: 4011ec (flow 4011f7)
      Successors: 4011f7
  BB: 4011d0 in func 4011d0 with 7 insts
    I: 4011d0
    I: 4011d1
    I: 4011d4
    I: 4011d7
    I: 4011da
    I: 4011dd
    I: 4011e0 (flow 4011f1)
      Successors: 4011f1, 4011e6
  BB: 4011f1 in func 4011d0 with 2 insts
    I: 4011f1
    I: 4011f4
      Successors: 4011f7
  BB: 4011f7 in func 4011d0 with 3 insts
    I: 4011f7
    I: 4011fa
    I: 4011fb
      No successors
  BB: 4011fc in func 4011d0 with 1 insts
    I: 4011fc
      No successors
Recovering 401200
  Analysing subroutine sub_401200 at 401200
  Subroutine sub_401200 at 401200 has 4 blocks
  BB: 401200 in func 401200 with 7 insts
    I: 401200
    I: 401201
    I: 401204
    I: 401208
    I: 40120b
    I: 40120e
    I: 401212 (flow 401223)
      Successors: 401218, 401223
  BB: 401218 in func 401200 with 3 insts
    I: 401218
    I: 40121b
    I: 40121e (flow 401237)
      Successors: 401237
  BB: 401223 in func 401200 with 7 insts
    I: 401223
    I: 401226
    I: 401229
    I: 40122a
    I: 40122d
    I: 40122f (flow 401200)
    I: 401234
      Successors: 401237
  BB: 401237 in func 401200 with 4 insts
    I: 401237
    I: 40123a
    I: 40123e
    I: 40123f
      No successors
Recovering 401240
  Analysing subroutine sub_401240 at 401240
  Subroutine sub_401240 at 401240 has 16 blocks
  BB: 401240 in func 401240 with 4 insts
    I: 401240
    I: 401241
    I: 401244
    I: 401248
      Successors: 40124f
  BB: 401282 in func 401240 with 1 insts
    I: 401282 (flow 401375)
      Successors: 401375
  BB: 4012c5 in func 401240 with 1 insts
    I: 4012c5 (flow 401375)
      Successors: 401375
  BB: 401287 in func 401240 with 18 insts
    I: 401287
    I: 40128c
    I: 40128f
    I: 401292 (imm 40402c)
    I: 401299
    I: 40129b (imm 404058)
    I: 4012a2
    I: 4012a4
    I: 4012a6
    I: 4012a9
    I: 4012ac
    I: 4012af
    I: 4012b2
    I: 4012b5
    I: 4012b8
    I: 4012bb
    I: 4012bd
    I: 4012bf (flow 4012ca)
      Successors: 4012ca, 4012c5
  BB: 4012ca in func 401240 with 3 insts
    I: 4012ca
    I: 4012cd
    I: 4012cf (flow 4012da)
      Successors: 4012da, 4012d5
  BB: 40136b in func 401240 with 1 insts
    I: 40136b (flow 40137a)
      Successors: 40137a
  BB: 40132d in func 401240 with 1 insts
    I: 40132d (flow 40137a)
      Successors: 40137a
  BB: 40124f in func 401240 with 15 insts
    I: 40124f (imm 40402c)
    I: 401256
    I: 401258 (imm 404058)
    I: 40125f
    I: 401261
    I: 401263
    I: 401266
    I: 401269
    I: 40126c
    I: 40126f
    I: 401272
    I: 401275
    I: 401278
    I: 40127a
    I: 40127c (flow 401287)
      Successors: 401282, 401287
  BB: 401370 in func 401240 with 3 insts
    I: 401370
    I: 401373
    I: 401374
      No successors
  BB: 401332 in func 401240 with 17 insts
    I: 401332
    I: 401335
    I: 401338 (imm 40402c)
    I: 40133f
    I: 401341 (imm 404058)
    I: 401348
    I: 40134a
    I: 40134c
    I: 40134f
    I: 401352
    I: 401355
    I: 401358
    I: 40135b
    I: 40135e
    I: 401361
    I: 401363
    I: 401365 (flow 401370)
      Successors: 401370, 40136b
  BB: 4012d5 in func 401240 with 1 insts
    I: 4012d5 (flow 4012fa)
      Successors: 4012fa
  BB: 401375 in func 401240 with 1 insts
    I: 401375 (flow 401287)
      Successors: 401287
  BB: 4012da in func 401240 with 9 insts
    I: 4012da
    I: 4012de
    I: 4012e3
    I: 4012e5
    I: 4012e8
    I: 4012ec
    I: 4012ef
    I: 4012f2
    I: 4012f5 (flow 40124f)
      Successors: 40124f
  BB: 4012fa in func 401240 with 15 insts
    I: 4012fa (imm 40402c)
    I: 401301
    I: 401303 (imm 404058)
    I: 40130a
    I: 40130c
    I: 40130e
    I: 401311
    I: 401314
    I: 401317
    I: 40131a
    I: 40131d
    I: 401320
    I: 401323
    I: 401325
    I: 401327 (flow 401332)
      Successors: 401332, 40132d
  BB: 40137a in func 401240 with 1 insts
    I: 40137a (flow 401332)
      Successors: 401332
  BB: 40137f in func 401240 with 1 insts
    I: 40137f
      No successors
Recovering 401380
  Analysing subroutine sub_401380 at 401380
  Subroutine sub_401380 at 401380 has 11 blocks
  BB: 401380 in func 401380 with 4 insts
    I: 401380
    I: 401381
    I: 401384
    I: 401388
      Successors: 40138f
  BB: 4013c2 in func 401380 with 1 insts
    I: 4013c2 (flow 40144e)
      Successors: 40144e
  BB: 401405 in func 401380 with 1 insts
    I: 401405 (flow 40144e)
      Successors: 40144e
  BB: 4013c7 in func 401380 with 18 insts
    I: 4013c7
    I: 4013cc
    I: 4013cf
    I: 4013d2 (imm 404028)
    I: 4013d9
    I: 4013db (imm 404054)
    I: 4013e2
    I: 4013e4
    I: 4013e6
    I: 4013e9
    I: 4013ec
    I: 4013ef
    I: 4013f2
    I: 4013f5
    I: 4013f8
    I: 4013fb
    I: 4013fd
    I: 4013ff (flow 40140a)
      Successors: 40140a, 401405
  BB: 401449 in func 401380 with 3 insts
    I: 401449
    I: 40144c
    I: 40144d
      No successors
  BB: 40140a in func 401380 with 3 insts
    I: 40140a
    I: 40140d
    I: 40140f (flow 40141a)
      Successors: 40141a, 401415
  BB: 40144e in func 401380 with 1 insts
    I: 40144e (flow 4013c7)
      Successors: 4013c7
  BB: 40138f in func 401380 with 15 insts
    I: 40138f (imm 404028)
    I: 401396
    I: 401398 (imm 404054)
    I: 40139f
    I: 4013a1
    I: 4013a3
    I: 4013a6
    I: 4013a9
    I: 4013ac
    I: 4013af
    I: 4013b2
    I: 4013b5
    I: 4013b8
    I: 4013ba
    I: 4013bc (flow 4013c7)
      Successors: 4013c2, 4013c7
  BB: 401453 in func 401380 with 2 insts
    I: 401453
    I: 40145d
      No successors
  BB: 401415 in func 401380 with 1 insts
    I: 401415 (flow 401449)
      Successors: 401449
  BB: 40141a in func 401380 with 13 insts
    I: 40141a
    I: 40141e
    I: 401423
    I: 401425
    I: 401428
    I: 40142c
    I: 40142f
    I: 401432
    I: 401436
    I: 40143b
    I: 40143d
    I: 401440
    I: 401444 (flow 40138f)
      Successors: 40138f
Recovering 401460
  Analysing subroutine sub_401460 at 401460
  Subroutine sub_401460 at 401460 has 2 blocks
  BB: 401460 in func 401460 with 16 insts
    I: 401460
    I: 401461
    I: 401464
    I: 401467
    I: 40146a
    I: 40146d
    I: 401470 (mem 404024)
    I: 401477
    I: 40147a
    I: 40147b
    I: 40147e
    I: 401480
    I: 401483
    I: 401486
    I: 401489
    I: 40148a
      No successors
  BB: 40148b in func 401460 with 1 insts
    I: 40148b
      No successors
Recovering main at 401490
  Analysing subroutine main at 401490
    Block head at 00401bb1 is not code.
  Subroutine main at 401490 has 77 blocks
  BB: 401600 in func 401490 with 1 insts
    I: 401600 (flow 401605)
      Successors: 401605
  BB: 401605 in func 401490 with 4 insts
    I: 401605
    I: 40160b
    I: 40160e
    I: 401614 (flow 4014d0)
      Successors: 4014d0
  BB: 401810 in func 401490 with 3 insts
    I: 401810
    I: 401816
    I: 401819
      Successors: 40181f
  BB: 401619 in func 401490 with 15 insts
    I: 401619 (imm 404030)
    I: 401620
    I: 401622 (imm 40404c)
    I: 401629
    I: 40162b
    I: 40162d
    I: 401630
    I: 401633
    I: 401636
    I: 401639
    I: 40163c
    I: 40163f
    I: 401642
    I: 401644
    I: 401646 (flow 401651)
      Successors: 401651, 40164c
  BB: 401a1b in func 401490 with 1 insts
    I: 401a1b (flow 401b98)
      Successors: 401b98
  BB: 40181f in func 401490 with 1 insts
    I: 40181f (flow 401824)
      Successors: 401824
  BB: 401a20 in func 401490 with 18 insts
    I: 401a20
    I: 401a27
    I: 401a2a
    I: 401a30 (imm 404030)
    I: 401a37
    I: 401a39 (imm 40404c)
    I: 401a40
    I: 401a42
    I: 401a44
    I: 401a47
    I: 401a4a
    I: 401a4d
    I: 401a50
    I: 401a53
    I: 401a56
    I: 401a59
    I: 401a5b
    I: 401a5d (flow 401a68)
      Successors: 401a68, 401a63
  BB: 401824 in func 401490 with 4 insts
    I: 401824
    I: 40182a
    I: 40182d
    I: 401833 (flow 401746)
      Successors: 401746
  BB: 401838 in func 401490 with 6 insts
    I: 401838
    I: 40183f
    I: 401847
    I: 40184b
    I: 401853
    I: 40185d
      Successors: 401867
  BB: 40164c in func 401490 with 1 insts
    I: 40164c (flow 401b66)
      Successors: 401b66
  BB: 401651 in func 401490 with 16 insts
    I: 401651
    I: 40165b (imm 404030)
    I: 401662
    I: 401664 (imm 40404c)
    I: 40166b
    I: 40166d
    I: 40166f
    I: 401672
    I: 401675
    I: 401678
    I: 40167b
    I: 40167e
    I: 401681
    I: 401684
    I: 401686
    I: 401688 (flow 401693)
      Successors: 401693, 40168e
  BB: 401a63 in func 401490 with 1 insts
    I: 401a63 (flow 401b98)
      Successors: 401b98
  BB: 401867 in func 401490 with 15 insts
    I: 401867 (imm 404030)
    I: 40186e
    I: 401870 (imm 40404c)
    I: 401877
    I: 401879
    I: 40187b
    I: 40187e
    I: 401881
    I: 401884
    I: 401887
    I: 40188a
    I: 40188d
    I: 401890
    I: 401892
    I: 401894 (flow 40189f)
      Successors: 40189a, 40189f
  BB: 401a68 in func 401490 with 3 insts
    I: 401a68
    I: 401a6e
    I: 401a70 (flow 401a7b)
      Successors: 401a7b, 401a76
  BB: 401a76 in func 401490 with 1 insts
    I: 401a76 (flow 401a9d)
      Successors: 401a9d
  BB: 401a7b in func 401490 with 6 insts
    I: 401a7b
    I: 401a7f
    I: 401a87 (imm 40200c)
    I: 401a91
    I: 401a93 (flow 404080)
    I: 401a98 (flow 401b26)
      Successors: 401b26
  BB: 40168e in func 401490 with 1 insts
    I: 40168e (flow 401b66)
      Successors: 401b66
  BB: 401490 in func 401490 with 4 insts
    Referenced by data
    I: 401490
    I: 401491
    I: 401494
    I: 40149b
      Successors: 4014a2
  BB: 401693 in func 401490 with 1 insts
    I: 401693 (flow 401698)
      Successors: 401698
  BB: 401698 in func 401490 with 15 insts
    I: 401698 (imm 404030)
    I: 40169f
    I: 4016a1 (imm 40404c)
    I: 4016a8
    I: 4016aa
    I: 4016ac
    I: 4016af
    I: 4016b2
    I: 4016b5
    I: 4016b8
    I: 4016bb
    I: 4016be
    I: 4016c1
    I: 4016c3
    I: 4016c5 (flow 4016d0)
      Successors: 4016d0, 4016cb
  BB: 40189a in func 401490 with 1 insts
    I: 40189a (flow 401b7f)
      Successors: 401b7f
  BB: 401a9d in func 401490 with 1 insts
    I: 401a9d (flow 401aa2)
      Successors: 401aa2
  BB: 40189f in func 401490 with 21 insts
    I: 40189f
    I: 4018a5
    I: 4018a8
    I: 4018ab
    I: 4018ad
    I: 4018b0
    I: 4018b6 (imm 404030)
    I: 4018bd
    I: 4018bf (imm 40404c)
    I: 4018c6
    I: 4018c8
    I: 4018ca
    I: 4018cd
    I: 4018d0
    I: 4018d3
    I: 4018d6
    I: 4018d9
    I: 4018dc
    I: 4018df
    I: 4018e1
    I: 4018e3 (flow 4018ee)
      Successors: 4018e9, 4018ee
  BB: 4014a2 in func 401490 with 6 insts
    I: 4014a2 (imm 402004)
    I: 4014ac
    I: 4014b0
    I: 4014b2 (flow 404088)
    I: 4014b7
    I: 4014bb (flow 4014c6)
      Successors: 4014c1, 4014c6
  BB: 401aa2 in func 401490 with 15 insts
    I: 401aa2 (imm 404030)
    I: 401aa9
    I: 401aab (imm 40404c)
    I: 401ab2
    I: 401ab4
    I: 401ab6
    I: 401ab9
    I: 401abc
    I: 401abf
    I: 401ac2
    I: 401ac5
    I: 401ac8
    I: 401acb
    I: 401acd
    I: 401acf (flow 401ada)
      Successors: 401ada, 401ad5
  BB: 4014c1 in func 401490 with 1 insts
    I: 4014c1 (flow 401b2b)
      Successors: 401b2b
  BB: 4014c6 in func 401490 with 1 insts
    I: 4014c6
      Successors: 4014d0
  BB: 4016cb in func 401490 with 1 insts
    I: 4016cb (flow 401b75)
      Successors: 401b75
  BB: 4014d0 in func 401490 with 15 insts
    I: 4014d0 (imm 404030)
    I: 4014d7
    I: 4014d9 (imm 40404c)
    I: 4014e0
    I: 4014e2
    I: 4014e4
    I: 4014e7
    I: 4014ea
    I: 4014ed
    I: 4014f0
    I: 4014f3
    I: 4014f6
    I: 4014f9
    I: 4014fb
    I: 4014fd (flow 401508)
      Successors: 401508, 401503
  BB: 4016d0 in func 401490 with 21 insts
    I: 4016d0
    I: 4016d6
    I: 4016d9
    I: 4016dc
    I: 4016de
    I: 4016e1
    I: 4016e7 (imm 404030)
    I: 4016ee
    I: 4016f0 (imm 40404c)
    I: 4016f7
    I: 4016f9
    I: 4016fb
    I: 4016fe
    I: 401701
    I: 401704
    I: 401707
    I: 40170a
    I: 40170d
    I: 401710
    I: 401712
    I: 401714 (flow 40171f)
      Successors: 40171a, 40171f
  BB: 401ad5 in func 401490 with 1 insts
    I: 401ad5 (flow 401b9d)
      Successors: 401b9d
  BB: 401ada in func 401490 with 18 insts
    I: 401ada
    I: 401ae0
    I: 401ae3
    I: 401ae9 (imm 404030)
    I: 401af0
    I: 401af2 (imm 40404c)
    I: 401af9
    I: 401afb
    I: 401afd
    I: 401b00
    I: 401b03
    I: 401b06
    I: 401b09
    I: 401b0c
    I: 401b0f
    I: 401b12
    I: 401b14
    I: 401b16 (flow 401b21)
      Successors: 401b21, 401b1c
  BB: 4018e9 in func 401490 with 1 insts
    I: 4018e9 (flow 401b7f)
      Successors: 401b7f
  BB: 4018ee in func 401490 with 3 insts
    I: 4018ee
    I: 4018f4
    I: 4018f6 (flow 401901)
      Successors: 401901, 4018fc
  BB: 4018fc in func 401490 with 1 insts
    I: 4018fc (flow 4019e8)
      Successors: 4019e8
  BB: 401901 in func 401490 with 16 insts
    I: 401901
    I: 401908
    I: 401910
    I: 401916
    I: 401919
    I: 40191c
    I: 401924
    I: 40192a
    I: 40192d
    I: 401930
    I: 401938
    I: 40193e
    I: 401941
    I: 401944
    I: 40194c
    I: 40194f (flow 40195f)
      Successors: 401955, 40195f
  BB: 401503 in func 401490 with 1 insts
    I: 401503 (flow 401b36)
      Successors: 401b36
  BB: 401508 in func 401490 with 21 insts
    I: 401508
    I: 40150e
    I: 401511
    I: 401514
    I: 401516
    I: 401519
    I: 40151f (imm 404030)
    I: 401526
    I: 401528 (imm 40404c)
    I: 40152f
    I: 401531
    I: 401533
    I: 401536
    I: 401539
    I: 40153c
    I: 40153f
    I: 401542
    I: 401545
    I: 401548
    I: 40154a
    I: 40154c (flow 401557)
      Successors: 401552, 401557
  BB: 40171a in func 401490 with 1 insts
    I: 40171a (flow 401b75)
      Successors: 401b75
  BB: 401b1c in func 401490 with 1 insts
    I: 401b1c (flow 401b9d)
      Successors: 401b9d
  BB: 40171f in func 401490 with 3 insts
    I: 40171f
    I: 401725
    I: 401727 (flow 401732)
      Successors: 401732, 40172d
  BB: 401b21 in func 401490 with 1 insts
    I: 401b21 (flow 401698)
      Successors: 401698
  BB: 401b26 in func 401490 with 1 insts
    I: 401b26 (flow 4014a2)
      Successors: 4014a2
  BB: 401b2b in func 401490 with 4 insts
    I: 401b2b
    I: 401b2d
    I: 401b34
    I: 401b35
      No successors
  BB: 40172d in func 401490 with 1 insts
    I: 40172d (flow 401b26)
      Successors: 401b26
  BB: 401732 in func 401490 with 2 insts
    I: 401732
    I: 40173c
      Successors: 401746
  BB: 401b36 in func 401490 with 1 insts
    I: 401b36 (flow 401508)
      Successors: 401508
  BB: 401b3b in func 401490 with 8 insts
    I: 401b3b
    I: 401b42
    I: 401b49
    I: 401b4d
    I: 401b50 (imm 402007)
    I: 401b5a
    I: 401b5c (flow 404088)
    I: 401b61 (flow 4015a2)
      Successors: 4015a2
  BB: 401746 in func 401490 with 15 insts
    I: 401746 (imm 404030)
    I: 40174d
    I: 40174f (imm 40404c)
    I: 401756
    I: 401758
    I: 40175a
    I: 40175d
    I: 401760
    I: 401763
    I: 401766
    I: 401769
    I: 40176c
    I: 40176f
    I: 401771
    I: 401773 (flow 40177e)
      Successors: 401779, 40177e
  BB: 401552 in func 401490 with 1 insts
    I: 401552 (flow 401b36)
      Successors: 401b36
  BB: 401955 in func 401490 with 1 insts
    I: 401955
      Successors: 40195f
  BB: 401557 in func 401490 with 3 insts
    I: 401557
    I: 40155d
    I: 40155f (flow 40156a)
      Successors: 40156a, 401565
  BB: 40195f in func 401490 with 1 insts
    I: 40195f (flow 401964)
      Successors: 401964
  BB: 401964 in func 401490 with 15 insts
    I: 401964 (imm 404030)
    I: 40196b
    I: 40196d (imm 40404c)
    I: 401974
    I: 401976
    I: 401978
    I: 40197b
    I: 40197e
    I: 401981
    I: 401984
    I: 401987
    I: 40198a
    I: 40198d
    I: 40198f
    I: 401991 (flow 40199c)
      Successors: 40199c, 401997
  BB: 401565 in func 401490 with 1 insts
    I: 401565 (flow 401619)
      Successors: 401619
  BB: 401b66 in func 401490 with 2 insts
    I: 401b66
    I: 401b70 (flow 401651)
      Successors: 401651
  BB: 40156a in func 401490 with 15 insts
    I: 40156a (imm 404030)
    I: 401571
    I: 401573 (imm 40404c)
    I: 40157a
    I: 40157c
    I: 40157e
    I: 401581
    I: 401584
    I: 401587
    I: 40158a
    I: 40158d
    I: 401590
    I: 401593
    I: 401595
    I: 401597 (flow 4015a2)
      Successors: 4015a2, 40159d
  BB: 401b75 in func 401490 with 1 insts
    I: 401b75 (flow 4016d0)
      Successors: 4016d0
  BB: 401779 in func 401490 with 1 insts
    I: 401779 (flow 401b7a)
      Successors: 401b7a
  BB: 401b7a in func 401490 with 1 insts
    I: 401b7a (flow 40177e)
      Successors: 40177e
  BB: 40177e in func 401490 with 21 insts
    I: 40177e
    I: 401784
    I: 401787
    I: 40178a
    I: 40178c
    I: 40178f
    I: 401795 (imm 404030)
    I: 40179c
    I: 40179e (imm 40404c)
    I: 4017a5
    I: 4017a7
    I: 4017a9
    I: 4017ac
    I: 4017af
    I: 4017b2
    I: 4017b5
    I: 4017b8
    I: 4017bb
    I: 4017be
    I: 4017c0
    I: 4017c2 (flow 4017cd)
      Successors: 4017c8, 4017cd
  BB: 401b7f in func 401490 with 1 insts
    I: 401b7f (flow 40189f)
      Successors: 40189f
  BB: 401b84 in func 401490 with 4 insts
    I: 401b84
    I: 401b8a
    I: 401b8d
    I: 401b93 (flow 40199c)
      Successors: 40199c
  BB: 401997 in func 401490 with 1 insts
    I: 401997 (flow 401b84)
      Successors: 401b84
  BB: 401b98 in func 401490 with 1 insts
    I: 401b98 (flow 401a20)
      Successors: 401a20
  BB: 40199c in func 401490 with 18 insts
    I: 40199c
    I: 4019a2
    I: 4019a5
    I: 4019ab (imm 404030)
    I: 4019b2
    I: 4019b4 (imm 40404c)
    I: 4019bb
    I: 4019bd
    I: 4019bf
    I: 4019c2
    I: 4019c5
    I: 4019c8
    I: 4019cb
    I: 4019ce
    I: 4019d1
    I: 4019d4
    I: 4019d6
    I: 4019d8 (flow 4019e3)
      Successors: 4019e3, 4019de
  BB: 40159d in func 401490 with 1 insts
    I: 40159d (flow 401b3b)
      Successors: 401b3b
  BB: 401b9d in func 401490 with 4 insts
    I: 401b9d
    I: 401ba3
    I: 401ba6
    I: 401bac (flow 401ada)
      Successors: 401ada
  BB: 4015a2 in func 401490 with 22 insts
    I: 4015a2
    I: 4015a9
    I: 4015b0
    I: 4015b4
    I: 4015b7 (imm 402007)
    I: 4015c1
    I: 4015c3 (flow 404088)
    I: 4015c8 (imm 404030)
    I: 4015cf
    I: 4015d1 (imm 40404c)
    I: 4015d8
    I: 4015da
    I: 4015dc
    I: 4015df
    I: 4015e2
    I: 4015e5
    I: 4015e8
    I: 4015eb
    I: 4015ee
    I: 4015f1
    I: 4015f3
    I: 4015f5 (flow 401600)
      Successors: 401600, 4015fb
  BB: 4017c8 in func 401490 with 1 insts
    I: 4017c8 (flow 401b7a)
      Successors: 401b7a
  BB: 4017cd in func 401490 with 3 insts
    I: 4017cd
    I: 4017d3
    I: 4017d5 (flow 4017e0)
      Successors: 4017e0, 4017db
  BB: 4017db in func 401490 with 1 insts
    I: 4017db (flow 401838)
      Successors: 401838
  BB: 4019de in func 401490 with 1 insts
    I: 4019de (flow 401b84)
      Successors: 401b84
  BB: 4017e0 in func 401490 with 7 insts
    I: 4017e0
    I: 4017e7
    I: 4017ef
    I: 4017f6
    I: 4017fe
    I: 401804
    I: 40180a (flow 40181f)
      Successors: 401810, 40181f
  BB: 4019e3 in func 401490 with 1 insts
    I: 4019e3 (flow 401867)
      Successors: 401867
  BB: 4019e8 in func 401490 with 15 insts
    I: 4019e8 (imm 404030)
    I: 4019ef
    I: 4019f1 (imm 40404c)
    I: 4019f8
    I: 4019fa
    I: 4019fc
    I: 4019ff
    I: 401a02
    I: 401a05
    I: 401a08
    I: 401a0b
    I: 401a0e
    I: 401a11
    I: 401a13
    I: 401a15 (flow 401a20)
      Successors: 401a20, 401a1b
  BB: 4015fb in func 401490 with 1 insts
    I: 4015fb (flow 401b3b)
      Successors: 401b3b
Recovering .term_proc at 401bb4
  Analysing subroutine .term_proc at 401bb4
    Block head at 00401bc1 is not code.
  Subroutine .term_proc at 401bb4 has 1 blocks
  BB: 401bb4 in func 401bb4 with 4 insts
    I: 401bb4
    I: 401bb8
    I: 401bbc
    I: 401bc0
      No successors
Global Variable None
WARNING: Global constructor and destructor sections are adjacent!
Recovering region LOAD [400000, 4004e8) in segment LOAD
  8-byte reference at 400018 to 401050 (start)
  8-byte reference at 4000f8 to 401000 (.init_proc)
  8-byte reference at 400130 to 402000 ()
  8-byte reference at 400168 to 403de8 ()
  8-byte reference at 400280 to 402014 ()
  8-byte reference at 4002f0 to 403de8 ()
Recovering region .init [401000, 40101b) in segment .init
Recovering region LOAD [40101b, 401020) in segment LOAD
Recovering region .plt [401020, 401050) in segment .plt
Recovering region .text [401050, 401bb1) in segment .text
Recovering region LOAD [401bb1, 401bb4) in segment LOAD
Recovering region .fini [401bb4, 401bc1) in segment .fini
Recovering region .rodata [402000, 402012) in segment .rodata
  Variable aLld at 402007
  Variable format at 40200c
Recovering region LOAD [402012, 402014) in segment LOAD
Recovering region .eh_frame_hdr [402014, 402088) in segment .eh_frame_hdr
Recovering region .eh_frame [402088, 402240) in segment .eh_frame
Recovering region LOAD [402240, 402280) in segment LOAD
Recovering region .init_array [403de8, 403df8) in segment .init_array
  8-byte reference at 403de8 to 401130 ()
  8-byte reference at 403df0 to 401100 ()
Recovering region LOAD [403df8, 403fd8) in segment LOAD
Recovering region .got [403fd8, 403fe8) in segment .got
  8-byte reference at 403fd8 to 404078 (__libc_start_main)
  8-byte reference at 403fe0 to 404090 (__gmon_start__)
Recovering region .got.plt [403fe8, 404010) in segment .got.plt
  8-byte reference at 404000 to 404080 (printf)
  8-byte reference at 404008 to 404088 (__isoc99_scanf)
Recovering region .data [404010, 404020) in segment .data
Recovering region .bss [404020, 404078) in segment .bss
Recovering extern function printf at 401030
Recovering extern function __isoc99_scanf at 401040
Recovering extern function __libc_start_main at 404078
Recovering extern function printf at 404080
Recovering extern function __isoc99_scanf at 404088
Recovering extern function __gmon_start__ at 404090
Recovered 17 functions.
Saving to: /home/ubuntu/capstone_project/result/pipeline_20260629_141746/s290484179_bcf.cfg
Done analysis!
