Debugging is enabled.
Loading Standard Definitions file: /home/ubuntu/capstone_project/dependency/mcsema/mcsema/lib/python3/site-packages/mcsema_disass-3.1.3.8-py3.8.egg/mcsema_disass/defs/linux.txt
Using Batch mode.
Starting analysis
Recovering module s290484179_bcf_instsub.elf
Found main at 4017b0
Looking for instructions in segment .init
  Default block heads for function 401000 with loose bounds [401000, 40101b)
    block [401000, 401014)
    block [401014, 401016)
    block [401016, 40101b)
    chunk [401000, 40101b)
Looking for instructions in segment .plt
  Default block heads for function 401020 with loose bounds [401020, 40102c)
    block [401020, 40102c)
    chunk [401020, 40102c)
  Default block heads for function 401030 with loose bounds [401030, 401036)
    block [401030, 401036)
    chunk [401030, 401036)
  Default block heads for function 401040 with loose bounds [401040, 401046)
    block [401040, 401046)
    chunk [401040, 401046)
Looking for instructions in segment .text
  Default block heads for function 401050 with loose bounds [401050, 401076)
    block [401050, 401076)
    chunk [401050, 401076)
  Default block heads for function 401090 with loose bounds [401090, 4010b1)
    block [401090, 40109d)
    block [40109d, 4010a7)
    block [4010a7, 4010ae)
    block [4010b0, 4010b1)
    chunk [401090, 4010b1)
  Default block heads for function 401100 with loose bounds [401100, 401121)
    block [401100, 40110d)
    block [40110d, 40111f)
    block [401120, 401121)
    chunk [401100, 401121)
  Default block heads for function 401130 with loose bounds [401130, 401136)
    block [401130, 401136)
    chunk [401130, 401136)
    chunk [4010c0, 4010f1)
  Default block heads for function 401140 with loose bounds [401140, 401164)
    block [401140, 401164)
    chunk [401140, 401164)
  Default block heads for function 401170 with loose bounds [401170, 4011a9)
    block [401170, 4011a9)
    chunk [401170, 4011a9)
  Default block heads for function 4011b0 with loose bounds [4011b0, 4011cd)
    block [4011b0, 4011c1)
    block [4011c1, 4011c8)
    block [4011c8, 4011cd)
    chunk [4011b0, 4011cd)
  Default block heads for function 4011d0 with loose bounds [4011d0, 4011fc)
    block [4011d0, 4011e6)
    block [4011e6, 4011f1)
    block [4011f1, 4011f7)
    block [4011f7, 4011fc)
    chunk [4011d0, 4011fc)
  Default block heads for function 401200 with loose bounds [401200, 401329)
    block [401200, 401216)
    block [401216, 401221)
    block [401221, 401227)
    block [401227, 401297)
    block [401297, 40129c)
    block [40129c, 40131a)
    block [40131a, 40131f)
    block [40131f, 401324)
    block [401324, 401329)
    chunk [401200, 401329)
  Default block heads for function 401330 with loose bounds [401330, 401370)
    block [401330, 401348)
    block [401348, 401353)
    block [401353, 401367)
    block [401367, 401370)
    chunk [401330, 401370)
  Default block heads for function 401370 with loose bounds [401370, 401485)
    block [401370, 40137f)
    block [40137f, 40138a)
    block [40138a, 4013ae)
    block [4013ae, 401426)
    block [401426, 40142b)
    block [40142b, 401476)
    block [401476, 40147b)
    block [40147b, 401480)
    block [401480, 401485)
    chunk [401370, 401485)
  Default block heads for function 401490 with loose bounds [401490, 401769)
    block [401490, 401514)
    block [401514, 401519)
    block [401519, 4015ba)
    block [4015ba, 4015bf)
    block [4015bf, 4015c4)
    block [4015c4, 4015d2)
    block [4015d2, 40164a)
    block [40164a, 40164f)
    block [40164f, 4016d4)
    block [4016d4, 4016d9)
    block [4016d9, 4016de)
    block [4016de, 4016e9)
    block [4016e9, 40170f)
    block [40170f, 401769)
    chunk [401490, 401769)
  Default block heads for function 401770 with loose bounds [401770, 4017ab)
    block [401770, 4017ab)
    chunk [401770, 4017ab)
  Default block heads for function 4017b0 with loose bounds [4017b0, 4023bb)
    block [4017b0, 401830)
    block [401830, 401835)
    block [401835, 401941)
    block [401941, 401946)
    block [401946, 40194b)
    block [40194b, 4019bb)
    block [4019bb, 4019c0)
    block [4019c0, 401a5a)
    block [401a5a, 401a5f)
    block [401a5f, 401a6a)
    block [401a6a, 401a6f)
    block [401a6f, 401a74)
    block [401a74, 401a7e)
    block [401a7e, 401a99)
    block [401a99, 401ade)
    block [401ade, 401ae3)
    block [401ae3, 401b4b)
    block [401b4b, 401b50)
    block [401b50, 401b55)
    block [401b55, 401bcd)
    block [401bcd, 401bd2)
    block [401bd2, 401c26)
    block [401c26, 401c2b)
    block [401c2b, 401c30)
    block [401c30, 401ca0)
    block [401ca0, 401ca5)
    block [401ca5, 401d1f)
    block [401d1f, 401d24)
    block [401d24, 401d29)
    block [401d29, 401d4c)
    block [401d4c, 401d60)
    block [401d60, 401d7b)
    block [401d7b, 401da7)
    block [401da7, 401dbe)
    block [401dbe, 401dc3)
    block [401dc3, 401ddf)
    block [401ddf, 401e11)
    block [401e11, 401e89)
    block [401e89, 401e8e)
    block [401e8e, 401f21)
    block [401f21, 401f26)
    block [401f26, 401f31)
    block [401f31, 401f36)
    block [401f36, 401f7b)
    block [401f7b, 401f80)
    block [401f80, 40208a)
    block [40208a, 40208f)
    block [40208f, 40209a)
    block [40209a, 40209f)
    block [40209f, 4020a9)
    block [4020a9, 4020ae)
    block [4020ae, 4020ca)
    block [4020ca, 402142)
    block [402142, 402147)
    block [402147, 402199)
    block [402199, 40219e)
    block [40219e, 4021a9)
    block [4021a9, 4021ae)
    block [4021ae, 4021d3)
    block [4021d3, 4021d8)
    block [4021d8, 4021f4)
    block [4021f4, 402231)
    block [402231, 402236)
    block [402236, 40227b)
    block [40227b, 402280)
    block [402280, 402285)
    block [402285, 4022ca)
    block [4022ca, 4022cf)
    block [4022cf, 402314)
    block [402314, 402319)
    block [402319, 402320)
    block [402320, 402335)
    block [402335, 40234f)
    block [40234f, 402377)
    block [402377, 402393)
    block [402393, 4023a2)
    block [4023a2, 4023a7)
    block [4023a7, 4023ac)
    block [4023ac, 4023b1)
    block [4023b1, 4023b6)
    block [4023b6, 4023bb)
    chunk [4017b0, 4023bb)
Looking for instructions in segment .fini
  Default block heads for function 4023bc with loose bounds [4023bc, 4023c9)
    block [4023bc, 4023c9)
    chunk [4023bc, 4023c9)
Looking for strings in segment .rodata [403000, 403012)
  Found string b'%lld' of length 5 at 403007, jumping to 40300c
  Found string b'%lld\n' of length 6 at 40300c, jumping to 403012
Looking for strings in segment .eh_frame_hdr [403014, 403088)
Looking for strings in segment .eh_frame [403088, 403244)
Looking for strings in segment .init_array [404de8, 404df0)
Looking for strings in segment .fini_array [404df0, 404df8)
Looking for strings in segment .got [404fd8, 404fe8)
Looking for strings in segment .got.plt [404fe8, 405010)
Looking for strings in segment .data [405010, 405020)
Looking for strings in segment .bss [405020, 405078)
Looking for strings in segment extern [405078, 405098)
Looking for cross-references in segment .init [401000, 40101b)
Looking for cross-references in segment .plt [401020, 401050)
  Adding dword reference from 40102c to 401f0f
  Stopping scan at 40102c
Looking for cross-references in segment .text [401050, 4023bb)
  Stopping scan at 40107c
  Stopping scan at 40108c
  Stopping scan at ffffffffffffffff
  Stopping scan at 4010bc
  Stopping scan at 4010fc
  Stopping scan at ffffffffffffffff
  Stopping scan at 40112c
  Stopping scan at 40113c
  Stopping scan at 40116c
  Stopping scan at 4011ac
  Stopping scan at ffffffffffffffff
  Adding dword reference from 4011fc to 401f0f
  Stopping scan at 4011fc
  Stopping scan at 40132c
  Stopping scan at 40148c
  Stopping scan at 40176c
  Stopping scan at 4017ac
Looking for cross-references in segment .fini [4023bc, 4023c9)
Looking for cross-references in segment .rodata [403000, 403012)
  Found string at 40300c, jumping to 403012
  Stopping scan at 40300c
Looking for cross-references in segment .eh_frame_hdr [403014, 403088)
  Stopping scan at 403084
Looking for cross-references in segment .eh_frame [403088, 403244)
  Stopping scan at 403240
Looking for cross-references in segment .init_array [404de8, 404df0)
  Adding qword reference from 404de8 to 401130
  Stopping scan at 404de8
Looking for cross-references in segment .fini_array [404df0, 404df8)
  Adding qword reference from 404df0 to 401100
  Stopping scan at 404df0
Looking for cross-references in segment .got [404fd8, 404fe8)
  Adding qword reference from 404fd8 to 405078
  Adding qword reference from 404fe0 to 405090
  Stopping scan at 404fe0
Looking for cross-references in segment .got.plt [404fe8, 405010)
  Adding qword reference from 405000 to 405080
  Adding qword reference from 405008 to 405088
  Stopping scan at 405008
Looking for cross-references in segment .data [405010, 405020)
  Stopping scan at 40501c
Looking for cross-references in segment .bss [405020, 405078)
  Stopping scan at 405074
Looking for cross-references in segment extern [405078, 405098)
  Stopping scan at 405094
Looking for thunks
  Found thunk for printf targeting 405080 at 401030
  Found thunk for __isoc99_scanf targeting 405088 at 401040
Looking for external symbols
  Function at 401030 is the external function printf
  Function at 401040 is the external function __isoc99_scanf
  Function at 405078 is the external function __libc_start_main
  Function at 405080 is the external function printf
  Function at 405088 is the external function __isoc99_scanf
  Function at 405090 is the external function __gmon_start__
Looking for entrypoints
Recovering .init_proc at 401000
  Analysing subroutine .init_proc at 401000
    Block head at 0040101b is not code.
  Subroutine .init_proc at 401000 has 3 blocks
  BB: 401000 in func 401000 with 5 insts
    Referenced by data
    I: 401000
    I: 401004
    I: 401008 (mem 404fe0)
    I: 40100f
    I: 401012 (flow 401016)
      Successors: 401014, 401016
  BB: 401014 in func 401000 with 1 insts
    I: 401014
      Successors: 401016
  BB: 401016 in func 401000 with 2 insts
    I: 401016
    I: 40101a
      No successors
Recovering 401020
  Analysing subroutine sub_401020 at 401020
  WARNING: No table entries for indirect jump at 401026; Adding next_ea 40102c as successor.
  Subroutine sub_401020 at 401020 has 2 blocks
  WARNING: No table entries for indirect jump at 401026; Adding next_ea 40102c as successor.
  BB: 401020 in func 401020 with 2 insts
    I: 401020 (mem 404ff0)
    I: 401026 (mem 404ff8)
      Successors: 40102c
  BB: 40102c in func 401020 with 1 insts
    I: 40102c
      No successors
Recovering start at 401050
  Analysing subroutine start at 401050
  Subroutine start at 401050 has 3 blocks
  BB: 401050 in func 401050 with 13 insts
    Referenced by data
    I: 401050
    I: 401054
    I: 401056
    I: 401059
    I: 40105a
    I: 40105d
    I: 401061
    I: 401062
    I: 401063
    I: 401066
    I: 401068 (imm 4017b0)
    I: 40106f (mem 404fd8)
    I: 401075
      No successors
  BB: 401085 in func 401050 with 2 insts
    I: 401085
    I: 40108f
      No successors
  BB: 401076 in func 401050 with 3 insts
    I: 401076
    I: 401080
    I: 401084
      No successors
Recovering 401090
  Analysing subroutine sub_401090 at 401090
  WARNING: No table entries for indirect jump at 4010ac; Adding next_ea 4010ae as successor.
  WARNING: No table entries for indirect jump at 4010ee; Adding next_ea 4010f0 as successor.
  Subroutine sub_401090 at 401090 has 11 blocks
  BB: 4010c0 in func 401090 with 8 insts
    I: 4010c0 (imm 405020)
    I: 4010c5 (imm 405020)
    I: 4010cc
    I: 4010cf
    I: 4010d3
    I: 4010d7
    I: 4010da
    I: 4010dd (flow 4010f0)
      Successors: 4010f0, 4010df
  WARNING: No table entries for indirect jump at 4010ac; Adding next_ea 4010ae as successor.
  BB: 4010a7 in func 401090 with 2 insts
    I: 4010a7 (imm 405020)
    I: 4010ac
      Successors: 4010ae
  WARNING: No table entries for indirect jump at 4010ee; Adding next_ea 4010f0 as successor.
  BB: 4010e9 in func 401090 with 2 insts
    I: 4010e9 (imm 405020)
    I: 4010ee
      Successors: 4010f0
  BB: 4010ae in func 401090 with 1 insts
    I: 4010ae
      Successors: 4010b0
  BB: 401090 in func 401090 with 3 insts
    I: 401090 (imm 405020)
    I: 401095 (imm 405020)
    I: 40109b (flow 4010b0)
      Successors: 4010b0, 40109d
  BB: 4010b0 in func 401090 with 1 insts
    I: 4010b0
      No successors
  BB: 4010b1 in func 401090 with 2 insts
    I: 4010b1
    I: 4010b5
      Successors: 4010c0
  BB: 4010f0 in func 401090 with 1 insts
    I: 4010f0
      No successors
  BB: 4010f1 in func 401090 with 2 insts
    I: 4010f1
    I: 4010f5
      No successors
  BB: 40109d in func 401090 with 3 insts
    I: 40109d
    I: 4010a2
    I: 4010a5 (flow 4010b0)
      Successors: 4010b0, 4010a7
  BB: 4010df in func 401090 with 3 insts
    I: 4010df
    I: 4010e4
    I: 4010e7 (flow 4010f0)
      Successors: 4010f0, 4010e9
Recovering 401100
  Analysing subroutine sub_401100 at 401100
  Subroutine sub_401100 at 401100 has 5 blocks
  BB: 401100 in func 401100 with 3 insts
    Referenced by data
    I: 401100
    I: 401104 (mem 405020)
    I: 40110b (flow 401120)
      Successors: 401120, 40110d
  BB: 401121 in func 401100 with 2 insts
    I: 401121
    I: 401125
      No successors
  BB: 401120 in func 401100 with 1 insts
    I: 401120
      No successors
  BB: 40110d in func 401100 with 6 insts
    I: 40110d
    I: 40110e
    I: 401111 (flow 401090)
    I: 401116 (mem 405020)
    I: 40111d
    I: 40111e
      No successors
  BB: 40111f in func 401100 with 1 insts
    I: 40111f
      Successors: 401120
Recovering 401130
  Analysing subroutine sub_401130 at 401130
  WARNING: No table entries for indirect jump at 4010ee; Adding next_ea 4010f0 as successor.
  Subroutine sub_401130 at 401130 has 6 blocks
  BB: 4010c0 in func 401130 with 8 insts
    I: 4010c0 (imm 405020)
    I: 4010c5 (imm 405020)
    I: 4010cc
    I: 4010cf
    I: 4010d3
    I: 4010d7
    I: 4010da
    I: 4010dd (flow 4010f0)
      Successors: 4010f0, 4010df
  WARNING: No table entries for indirect jump at 4010ee; Adding next_ea 4010f0 as successor.
  BB: 4010e9 in func 401130 with 2 insts
    I: 4010e9 (imm 405020)
    I: 4010ee
      Successors: 4010f0
  BB: 401130 in func 401130 with 2 insts
    Referenced by data
    I: 401130
    I: 401134 (flow 4010c0)
      Successors: 4010c0
  BB: 4010f0 in func 401130 with 1 insts
    I: 4010f0
      No successors
  BB: 401136 in func 401130 with 1 insts
    I: 401136
      No successors
  BB: 4010df in func 401130 with 3 insts
    I: 4010df
    I: 4010e4
    I: 4010e7 (flow 4010f0)
      Successors: 4010f0, 4010e9
Recovering 401140
  Analysing subroutine sub_401140 at 401140
  Subroutine sub_401140 at 401140 has 2 blocks
  BB: 401140 in func 401140 with 13 insts
    I: 401140
    I: 401141
    I: 401144
    I: 401148
    I: 40114c
    I: 401150
    I: 401153
    I: 401157
    I: 40115a
    I: 40115c
    I: 40115f
    I: 401162
    I: 401163
      No successors
  BB: 401164 in func 401140 with 2 insts
    I: 401164
    I: 40116e
      No successors
Recovering 401170
  Analysing subroutine sub_401170 at 401170
  Subroutine sub_401170 at 401170 has 2 blocks
  BB: 401170 in func 401170 with 15 insts
    I: 401170
    I: 401171
    I: 401174
    I: 401178
    I: 40117c
    I: 401180
    I: 401183
    I: 401187
    I: 40118a
    I: 401194
    I: 401197
    I: 40119a
    I: 4011a4
    I: 4011a7
    I: 4011a8
      No successors
  BB: 4011a9 in func 401170 with 1 insts
    I: 4011a9
      No successors
Recovering 4011b0
  Analysing subroutine sub_4011B0 at 4011b0
  Subroutine sub_4011B0 at 4011b0 has 4 blocks
  BB: 4011b0 in func 4011b0 with 5 insts
    I: 4011b0
    I: 4011b1
    I: 4011b4
    I: 4011b7
    I: 4011bb (flow 4011c8)
      Successors: 4011c8, 4011c1
  BB: 4011c1 in func 4011b0 with 2 insts
    I: 4011c1
    I: 4011c5
      Successors: 4011c8
  BB: 4011cd in func 4011b0 with 1 insts
    I: 4011cd
      No successors
  BB: 4011c8 in func 4011b0 with 3 insts
    I: 4011c8
    I: 4011cb
    I: 4011cc
      No successors
Recovering 4011d0
  Analysing subroutine sub_4011D0 at 4011d0
  Subroutine sub_4011D0 at 4011d0 has 5 blocks
  BB: 4011e6 in func 4011d0 with 3 insts
    I: 4011e6
    I: 4011e9
    I: 4011ec (flow 4011f7)
      Successors: 4011f7
  BB: 4011d0 in func 4011d0 with 7 insts
    I: 4011d0
    I: 4011d1
    I: 4011d4
    I: 4011d7
    I: 4011da
    I: 4011dd
    I: 4011e0 (flow 4011f1)
      Successors: 4011f1, 4011e6
  BB: 4011f1 in func 4011d0 with 2 insts
    I: 4011f1
    I: 4011f4
      Successors: 4011f7
  BB: 4011f7 in func 4011d0 with 3 insts
    I: 4011f7
    I: 4011fa
    I: 4011fb
      No successors
  BB: 4011fc in func 4011d0 with 1 insts
    I: 4011fc
      No successors
Recovering 401200
  Analysing subroutine sub_401200 at 401200
  Subroutine sub_401200 at 401200 has 10 blocks
  BB: 401200 in func 401200 with 7 insts
    I: 401200
    I: 401201
    I: 401204
    I: 401207
    I: 40120a
    I: 40120d
    I: 401210 (flow 401221)
      Successors: 401221, 401216
  BB: 401221 in func 401200 with 2 insts
    I: 401221
    I: 401224
      Successors: 401227
  BB: 401324 in func 401200 with 1 insts
    I: 401324 (flow 40129c)
      Successors: 40129c
  BB: 401227 in func 401200 with 36 insts
    I: 401227 (imm 405050)
    I: 40122e
    I: 401230 (imm 405060)
    I: 401237
    I: 401239
    I: 40123b
    I: 40123e
    I: 401240
    I: 401242
    I: 401245
    I: 401248
    I: 40124b
    I: 40124f
    I: 401252
    I: 401256
    I: 401259
    I: 40125c
    I: 40125f
    I: 401263
    I: 401265
    I: 401268
    I: 40126a
    I: 40126c
    I: 40126f
    I: 401272
    I: 401276
    I: 401279
    I: 40127c
    I: 40127f
    I: 401282
    I: 401285
    I: 401288
    I: 40128b
    I: 40128d
    I: 40128f
    I: 401291 (flow 40129c)
      Successors: 40129c, 401297
  BB: 401329 in func 401200 with 1 insts
    I: 401329
      No successors
  BB: 401216 in func 401200 with 3 insts
    I: 401216
    I: 401219
    I: 40121c (flow 401227)
      Successors: 401227
  BB: 401297 in func 401200 with 1 insts
    I: 401297 (flow 401324)
      Successors: 401324
  BB: 40131a in func 401200 with 1 insts
    I: 40131a (flow 401324)
      Successors: 401324
  BB: 40129c in func 401200 with 38 insts
    I: 40129c
    I: 40129f
    I: 4012a2 (imm 405050)
    I: 4012a9
    I: 4012ab (imm 405060)
    I: 4012b2
    I: 4012b4
    I: 4012b6
    I: 4012bc
    I: 4012bf
    I: 4012c5
    I: 4012c8
    I: 4012cb
    I: 4012ce
    I: 4012d2
    I: 4012d5
    I: 4012d9
    I: 4012dc
    I: 4012df
    I: 4012e2
    I: 4012e6
    I: 4012e8
    I: 4012eb
    I: 4012ed
    I: 4012ef
    I: 4012f2
    I: 4012f5
    I: 4012f9
    I: 4012fc
    I: 4012ff
    I: 401302
    I: 401305
    I: 401308
    I: 40130b
    I: 40130e
    I: 401310
    I: 401312
    I: 401314 (flow 40131f)
      Successors: 40131a, 40131f
  BB: 40131f in func 401200 with 3 insts
    I: 40131f
    I: 401322
    I: 401323
      No successors
Recovering 401330
  Analysing subroutine sub_401330 at 401330
  Subroutine sub_401330 at 401330 has 4 blocks
  BB: 401330 in func 401330 with 7 insts
    I: 401330
    I: 401331
    I: 401334
    I: 401338
    I: 40133b
    I: 40133e
    I: 401342 (flow 401353)
      Successors: 401348, 401353
  BB: 401353 in func 401330 with 7 insts
    I: 401353
    I: 401356
    I: 401359
    I: 40135a
    I: 40135d
    I: 40135f (flow 401330)
    I: 401364
      Successors: 401367
  BB: 401348 in func 401330 with 3 insts
    I: 401348
    I: 40134b
    I: 40134e (flow 401367)
      Successors: 401367
  BB: 401367 in func 401330 with 4 insts
    I: 401367
    I: 40136a
    I: 40136e
    I: 40136f
      No successors
Recovering 401370
  Analysing subroutine sub_401370 at 401370
  Subroutine sub_401370 at 401370 has 10 blocks
  BB: 401480 in func 401370 with 1 insts
    I: 401480 (flow 40142b)
      Successors: 40142b
  BB: 401485 in func 401370 with 2 insts
    I: 401485
    I: 40148f
      No successors
  BB: 401426 in func 401370 with 1 insts
    I: 401426 (flow 401480)
      Successors: 401480
  BB: 40138a in func 401370 with 11 insts
    I: 40138a
    I: 40138e
    I: 401393
    I: 401395
    I: 401398
    I: 40139c
    I: 40139f
    I: 4013a1
    I: 4013a4
    I: 4013a6
    I: 4013a9 (flow 40137f)
      Successors: 40137f
  BB: 40142b in func 401370 with 22 insts
    I: 40142b
    I: 40142e
    I: 401431 (imm 40502c)
    I: 401438
    I: 40143a (imm 405058)
    I: 401441
    I: 401443
    I: 401445
    I: 40144b
    I: 40144e
    I: 401454
    I: 401457
    I: 40145a
    I: 40145d
    I: 401460
    I: 401463
    I: 401466
    I: 401468
    I: 40146a
    I: 40146c
    I: 40146e
    I: 401470 (flow 40147b)
      Successors: 40147b, 401476
  BB: 4013ae in func 401370 with 36 insts
    I: 4013ae (imm 40502c)
    I: 4013b5
    I: 4013b7 (imm 405058)
    I: 4013be
    I: 4013c0
    I: 4013c2
    I: 4013c8
    I: 4013cb
    I: 4013d1
    I: 4013d4
    I: 4013d7
    I: 4013da
    I: 4013de
    I: 4013e1
    I: 4013e5
    I: 4013e8
    I: 4013eb
    I: 4013ee
    I: 4013f2
    I: 4013f4
    I: 4013f7
    I: 4013f9
    I: 4013fb
    I: 4013fe
    I: 401401
    I: 401405
    I: 401408
    I: 40140b
    I: 40140e
    I: 401411
    I: 401414
    I: 401417
    I: 40141a
    I: 40141c
    I: 40141e
    I: 401420 (flow 40142b)
      Successors: 40142b, 401426
  BB: 401370 in func 401370 with 4 insts
    I: 401370
    I: 401371
    I: 401374
    I: 401378
      Successors: 40137f
  BB: 401476 in func 401370 with 1 insts
    I: 401476 (flow 401480)
      Successors: 401480
  BB: 40147b in func 401370 with 3 insts
    I: 40147b
    I: 40147e
    I: 40147f
      No successors
  BB: 40137f in func 401370 with 2 insts
    I: 40137f
    I: 401384 (flow 4013ae)
      Successors: 40138a, 4013ae
Recovering 401490
  Analysing subroutine sub_401490 at 401490
  Subroutine sub_401490 at 401490 has 15 blocks
  BB: 4015c4 in func 401490 with 3 insts
    I: 4015c4
    I: 4015c8
    I: 4015cc (flow 4016de)
      Successors: 4015d2, 4016de
  BB: 401519 in func 401490 with 47 insts
    I: 401519
    I: 40151d
    I: 401520
    I: 401524
    I: 401528
    I: 40152b
    I: 40152e
    I: 401532
    I: 401536
    I: 401539
    I: 40153c
    I: 401542 (imm 405028)
    I: 401549
    I: 40154b (imm 405054)
    I: 401552
    I: 401554
    I: 401556
    I: 40155c
    I: 40155f
    I: 401565
    I: 401568
    I: 40156b
    I: 40156e
    I: 401572
    I: 401575
    I: 401579
    I: 40157c
    I: 40157f
    I: 401582
    I: 401586
    I: 401588
    I: 40158b
    I: 40158d
    I: 40158f
    I: 401592
    I: 401595
    I: 401599
    I: 40159c
    I: 40159f
    I: 4015a2
    I: 4015a5
    I: 4015a8
    I: 4015ab
    I: 4015ae
    I: 4015b0
    I: 4015b2
    I: 4015b4 (flow 4015bf)
      Successors: 4015ba, 4015bf
  BB: 4016e9 in func 401490 with 10 insts
    I: 4016e9
    I: 4016ed
    I: 4016f0
    I: 4016f4
    I: 4016f7
    I: 4016fa
    I: 4016fe
    I: 401701
    I: 401704
    I: 40170a (flow 401519)
      Successors: 401519
  BB: 40164a in func 401490 with 1 insts
    I: 40164a (flow 40170f)
      Successors: 40170f
  BB: 401769 in func 401490 with 1 insts
    I: 401769
      No successors
  BB: 40164f in func 401490 with 40 insts
    I: 40164f
    I: 401653
    I: 401657
    I: 40165a
    I: 40165f
    I: 401661
    I: 401664
    I: 401668
    I: 40166b
    I: 40166e
    I: 401670
    I: 401673
    I: 401676
    I: 401678
    I: 40167b
    I: 401680
    I: 401682
    I: 401685
    I: 401688
    I: 40168c
    I: 40168f (imm 405028)
    I: 401696
    I: 401698 (imm 405054)
    I: 40169f
    I: 4016a1
    I: 4016a3
    I: 4016a9
    I: 4016ac
    I: 4016b2
    I: 4016b5
    I: 4016b8
    I: 4016bb
    I: 4016be
    I: 4016c1
    I: 4016c4
    I: 4016c6
    I: 4016c8
    I: 4016ca
    I: 4016cc
    I: 4016ce (flow 4016d9)
      Successors: 4016d9, 4016d4
  BB: 401490 in func 401490 with 40 insts
    I: 401490
    I: 401491
    I: 401494
    I: 401498
    I: 40149c (imm 405028)
    I: 4014a3
    I: 4014a5 (imm 405054)
    I: 4014ac
    I: 4014ae
    I: 4014b0
    I: 4014b6
    I: 4014b9
    I: 4014bf
    I: 4014c2
    I: 4014c5
    I: 4014c8
    I: 4014cc
    I: 4014cf
    I: 4014d3
    I: 4014d6
    I: 4014d9
    I: 4014dc
    I: 4014e0
    I: 4014e2
    I: 4014e5
    I: 4014e7
    I: 4014e9
    I: 4014ec
    I: 4014ef
    I: 4014f3
    I: 4014f6
    I: 4014f9
    I: 4014fc
    I: 4014ff
    I: 401502
    I: 401505
    I: 401508
    I: 40150a
    I: 40150c
    I: 40150e (flow 401519)
      Successors: 401519, 401514
  BB: 40170f in func 401490 with 23 insts
    I: 40170f
    I: 401713
    I: 401717
    I: 40171a
    I: 40171f
    I: 401721
    I: 401724
    I: 401728
    I: 40172b
    I: 40172e
    I: 401738
    I: 40173b
    I: 40173e
    I: 401748
    I: 40174b
    I: 40174d
    I: 401750
    I: 401755
    I: 401757
    I: 40175a
    I: 40175d
    I: 401761
    I: 401764 (flow 40164f)
      Successors: 40164f
  BB: 4015d2 in func 401490 with 36 insts
    I: 4015d2 (imm 405028)
    I: 4015d9
    I: 4015db (imm 405054)
    I: 4015e2
    I: 4015e4
    I: 4015e6
    I: 4015ec
    I: 4015ef
    I: 4015f5
    I: 4015f8
    I: 4015fb
    I: 4015fe
    I: 401602
    I: 401605
    I: 401609
    I: 40160c
    I: 40160f
    I: 401612
    I: 401616
    I: 401618
    I: 40161b
    I: 40161d
    I: 40161f
    I: 401622
    I: 401625
    I: 401629
    I: 40162c
    I: 40162f
    I: 401632
    I: 401635
    I: 401638
    I: 40163b
    I: 40163e
    I: 401640
    I: 401642
    I: 401644 (flow 40164f)
      Successors: 40164a, 40164f
  BB: 401514 in func 401490 with 1 insts
    I: 401514 (flow 4016e9)
      Successors: 4016e9
  BB: 4016d4 in func 401490 with 1 insts
    I: 4016d4 (flow 40170f)
      Successors: 40170f
  BB: 4016d9 in func 401490 with 1 insts
    I: 4016d9 (flow 4015c4)
      Successors: 4015c4
  BB: 4015ba in func 401490 with 1 insts
    I: 4015ba (flow 4016e9)
      Successors: 4016e9
  BB: 4016de in func 401490 with 5 insts
    I: 4016de
    I: 4016e2
    I: 4016e4
    I: 4016e7
    I: 4016e8
      No successors
  BB: 4015bf in func 401490 with 1 insts
    I: 4015bf (flow 4015c4)
      Successors: 4015c4
Recovering 401770
  Analysing subroutine sub_401770 at 401770
  Subroutine sub_401770 at 401770 has 2 blocks
  BB: 401770 in func 401770 with 20 insts
    I: 401770
    I: 401771
    I: 401774
    I: 401777
    I: 40177a
    I: 40177d
    I: 401780 (mem 405024)
    I: 401787
    I: 401789
    I: 40178c
    I: 40178e
    I: 40178f
    I: 401792
    I: 401794
    I: 401797
    I: 40179d
    I: 4017a0
    I: 4017a6
    I: 4017a9
    I: 4017aa
      No successors
  BB: 4017ab in func 401770 with 1 insts
    I: 4017ab
      No successors
Recovering main at 4017b0
  Analysing subroutine main at 4017b0
    Block head at 004023bb is not code.
  Subroutine main at 4017b0 has 82 blocks
  BB: 401e11 in func 4017b0 with 36 insts
    I: 401e11 (imm 405030)
    I: 401e18
    I: 401e1a (imm 40504c)
    I: 401e21
    I: 401e23
    I: 401e25
    I: 401e2b
    I: 401e2e
    I: 401e34
    I: 401e37
    I: 401e3a
    I: 401e3d
    I: 401e41
    I: 401e44
    I: 401e48
    I: 401e4b
    I: 401e4e
    I: 401e51
    I: 401e55
    I: 401e57
    I: 401e5a
    I: 401e5c
    I: 401e5e
    I: 401e61
    I: 401e64
    I: 401e68
    I: 401e6b
    I: 401e6e
    I: 401e71
    I: 401e74
    I: 401e77
    I: 401e7a
    I: 401e7d
    I: 401e7f
    I: 401e81
    I: 401e83 (flow 401e8e)
      Successors: 401e89, 401e8e
  BB: 401c26 in func 4017b0 with 1 insts
    I: 401c26 (flow 402377)
      Successors: 402377
  BB: 401c2b in func 4017b0 with 1 insts
    I: 401c2b (flow 401a7e)
      Successors: 401a7e
  BB: 401830 in func 4017b0 with 1 insts
    I: 401830 (flow 402320)
      Successors: 402320
  BB: 401c30 in func 4017b0 with 36 insts
    I: 401c30 (imm 405030)
    I: 401c37
    I: 401c39 (imm 40504c)
    I: 401c40
    I: 401c42
    I: 401c44
    I: 401c47
    I: 401c49
    I: 401c4b
    I: 401c4e
    I: 401c51
    I: 401c54
    I: 401c58
    I: 401c5b
    I: 401c5f
    I: 401c62
    I: 401c65
    I: 401c68
    I: 401c6c
    I: 401c6e
    I: 401c71
    I: 401c73
    I: 401c75
    I: 401c78
    I: 401c7b
    I: 401c7f
    I: 401c82
    I: 401c85
    I: 401c88
    I: 401c8b
    I: 401c8e
    I: 401c91
    I: 401c94
    I: 401c96
    I: 401c98
    I: 401c9a (flow 401ca5)
      Successors: 401ca0, 401ca5
  BB: 402231 in func 4017b0 with 1 insts
    I: 402231 (flow 4023b1)
      Successors: 4023b1
  BB: 401835 in func 4017b0 with 76 insts
    I: 401835
    I: 401838
    I: 40183c
    I: 40183f
    I: 401842
    I: 401846
    I: 40184a
    I: 40184d
    I: 401850
    I: 401857
    I: 40185b
    I: 40185e
    I: 401861
    I: 401868
    I: 40186c
    I: 40186f
    I: 401872
    I: 401876
    I: 40187a
    I: 40187d
    I: 401880
    I: 401884
    I: 401888
    I: 40188b
    I: 40188e
    I: 401892
    I: 401896
    I: 401899
    I: 40189c
    I: 4018a0
    I: 4018a4
    I: 4018a7
    I: 4018aa
    I: 4018ae
    I: 4018b2
    I: 4018b5
    I: 4018b8
    I: 4018bc
    I: 4018c0
    I: 4018c3
    I: 4018c9 (imm 405030)
    I: 4018d0
    I: 4018d2 (imm 40504c)
    I: 4018d9
    I: 4018db
    I: 4018dd
    I: 4018e3
    I: 4018e6
    I: 4018ec
    I: 4018ef
    I: 4018f2
    I: 4018f5
    I: 4018f9
    I: 4018fc
    I: 401900
    I: 401903
    I: 401906
    I: 401909
    I: 40190d
    I: 40190f
    I: 401912
    I: 401914
    I: 401916
    I: 401919
    I: 40191c
    I: 401920
    I: 401923
    I: 401926
    I: 401929
    I: 40192c
    I: 40192f
    I: 401932
    I: 401935
    I: 401937
    I: 401939
    I: 40193b (flow 401946)
      Successors: 401941, 401946
  BB: 402236 in func 4017b0 with 20 insts
    I: 402236 (imm 405030)
    I: 40223d
    I: 40223f (imm 40504c)
    I: 402246
    I: 402248
    I: 40224a
    I: 402250
    I: 402253
    I: 402259
    I: 40225c
    I: 40225f
    I: 402262
    I: 402265
    I: 402268
    I: 40226b
    I: 40226d
    I: 40226f
    I: 402271
    I: 402273
    I: 402275 (flow 402280)
      Successors: 402280, 40227b
  BB: 401a5a in func 4017b0 with 1 insts
    I: 401a5a (flow 402335)
      Successors: 402335
  BB: 401a5f in func 4017b0 with 3 insts
    I: 401a5f
    I: 401a62
    I: 401a64 (flow 401a74)
      Successors: 401a6a, 401a74
  BB: 401a6a in func 4017b0 with 1 insts
    I: 401a6a (flow 401a6f)
      Successors: 401a6f
  BB: 401a6f in func 4017b0 with 1 insts
    I: 401a6f (flow 402285)
      Successors: 402285
  BB: 401a74 in func 4017b0 with 2 insts
    I: 401a74
    I: 401a78
      Successors: 401a7e
  BB: 40227b in func 4017b0 with 1 insts
    I: 40227b (flow 4023b1)
      Successors: 4023b1
  BB: 401a7e in func 4017b0 with 9 insts
    I: 401a7e
    I: 401a82
    I: 401a86
    I: 401a88
    I: 401a8a
    I: 401a8c
    I: 401a8f
    I: 401a91
    I: 401a93 (flow 401c30)
      Successors: 401c30, 401a99
  BB: 402280 in func 4017b0 with 1 insts
    I: 402280 (flow 40194b)
      Successors: 40194b
  BB: 402285 in func 4017b0 with 20 insts
    I: 402285 (imm 405030)
    I: 40228c
    I: 40228e (imm 40504c)
    I: 402295
    I: 402297
    I: 402299
    I: 40229f
    I: 4022a2
    I: 4022a8
    I: 4022ab
    I: 4022ae
    I: 4022b1
    I: 4022b4
    I: 4022b7
    I: 4022ba
    I: 4022bc
    I: 4022be
    I: 4022c0
    I: 4022c2
    I: 4022c4 (flow 4022cf)
      Successors: 4022ca, 4022cf
  BB: 401e89 in func 4017b0 with 1 insts
    I: 401e89 (flow 4023a2)
      Successors: 4023a2
  BB: 40208a in func 4017b0 with 1 insts
    I: 40208a (flow 4023a7)
      Successors: 4023a7
  BB: 401e8e in func 4017b0 with 40 insts
    I: 401e8e
    I: 401e92
    I: 401e96
    I: 401e98
    I: 401e9a
    I: 401e9c
    I: 401e9f
    I: 401ea1
    I: 401ea3
    I: 401ea6
    I: 401ea9 (imm 405030)
    I: 401eb0
    I: 401eb2 (imm 40504c)
    I: 401eb9
    I: 401ebb
    I: 401ebd
    I: 401ec3
    I: 401ec6
    I: 401ecc
    I: 401ecf
    I: 401ed2
    I: 401ed5
    I: 401ed9
    I: 401edc
    I: 401ee0
    I: 401ee3
    I: 401ee6
    I: 401ee9
    I: 401eed
    I: 401eef
    I: 401ef2
    I: 401ef4
    I: 401ef6
    I: 401ef9
    I: 401efc
    I: 401f00
    I: 401f03
    I: 401f06
    I: 401f09
    I: 401f0c
      Successors: 401f0f
  BB: 40208f in func 4017b0 with 3 insts
    I: 40208f
    I: 402092
    I: 402094 (flow 40209f)
      Successors: 40209a, 40209f
  BB: 401a99 in func 4017b0 with 20 insts
    I: 401a99 (imm 405030)
    I: 401aa0
    I: 401aa2 (imm 40504c)
    I: 401aa9
    I: 401aab
    I: 401aad
    I: 401ab3
    I: 401ab6
    I: 401abc
    I: 401abf
    I: 401ac2
    I: 401ac5
    I: 401ac8
    I: 401acb
    I: 401ace
    I: 401ad0
    I: 401ad2
    I: 401ad4
    I: 401ad6
    I: 401ad8 (flow 401ae3)
      Successors: 401ae3, 401ade
  BB: 40209a in func 4017b0 with 1 insts
    I: 40209a (flow 4020a9)
      Successors: 4020a9
  BB: 40209f in func 4017b0 with 2 insts
    I: 40209f
    I: 4020a3
      Successors: 4020a9
  BB: 401ca0 in func 4017b0 with 1 insts
    I: 401ca0 (flow 402393)
      Successors: 402393
  BB: 401ca5 in func 4017b0 with 38 insts
    I: 401ca5
    I: 401ca9
    I: 401caf (imm 405030)
    I: 401cb6
    I: 401cb8 (imm 40504c)
    I: 401cbf
    I: 401cc1
    I: 401cc3
    I: 401cc6
    I: 401cc8
    I: 401cca
    I: 401ccd
    I: 401cd0
    I: 401cd3
    I: 401cd7
    I: 401cda
    I: 401cde
    I: 401ce1
    I: 401ce4
    I: 401ce7
    I: 401ceb
    I: 401ced
    I: 401cf0
    I: 401cf2
    I: 401cf4
    I: 401cf7
    I: 401cfa
    I: 401cfe
    I: 401d01
    I: 401d04
    I: 401d07
    I: 401d0a
    I: 401d0d
    I: 401d10
    I: 401d13
    I: 401d15
    I: 401d17
    I: 401d19 (flow 401d24)
      Successors: 401d24, 401d1f
  BB: 4020a9 in func 4017b0 with 1 insts
    I: 4020a9 (flow 4020ae)
      Successors: 4020ae
  BB: 4020ae in func 4017b0 with 7 insts
    I: 4020ae
    I: 4020b2
    I: 4020b4
    I: 4020ba
    I: 4020bd
    I: 4020c3
    I: 4020c5 (flow 401e11)
      Successors: 401e11
  BB: 4020ca in func 4017b0 with 36 insts
    I: 4020ca (imm 405030)
    I: 4020d1
    I: 4020d3 (imm 40504c)
    I: 4020da
    I: 4020dc
    I: 4020de
    I: 4020e4
    I: 4020e7
    I: 4020ed
    I: 4020f0
    I: 4020f3
    I: 4020f6
    I: 4020fa
    I: 4020fd
    I: 402101
    I: 402104
    I: 402107
    I: 40210a
    I: 40210e
    I: 402110
    I: 402113
    I: 402115
    I: 402117
    I: 40211a
    I: 40211d
    I: 402121
    I: 402124
    I: 402127
    I: 40212a
    I: 40212d
    I: 402130
    I: 402133
    I: 402136
    I: 402138
    I: 40213a
    I: 40213c (flow 402147)
      Successors: 402142, 402147
  BB: 4022ca in func 4017b0 with 1 insts
    I: 4022ca (flow 4023b6)
      Successors: 4023b6
  BB: 4022cf in func 4017b0 with 20 insts
    I: 4022cf (imm 405030)
    I: 4022d6
    I: 4022d8 (imm 40504c)
    I: 4022df
    I: 4022e1
    I: 4022e3
    I: 4022e9
    I: 4022ec
    I: 4022f2
    I: 4022f5
    I: 4022f8
    I: 4022fb
    I: 4022fe
    I: 402301
    I: 402304
    I: 402306
    I: 402308
    I: 40230a
    I: 40230c
    I: 40230e (flow 402319)
      Successors: 402319, 402314
  BB: 401ade in func 4017b0 with 1 insts
    I: 401ade (flow 40234f)
      Successors: 40234f
  BB: 401ae3 in func 4017b0 with 28 insts
    I: 401ae3
    I: 401ae7
    I: 401aeb
    I: 401aee
    I: 401af2
    I: 401af5 (imm 403007)
    I: 401aff
    I: 401b01 (flow 405088)
    I: 401b06 (imm 405030)
    I: 401b0d
    I: 401b0f (imm 40504c)
    I: 401b16
    I: 401b18
    I: 401b1a
    I: 401b20
    I: 401b23
    I: 401b29
    I: 401b2c
    I: 401b2f
    I: 401b32
    I: 401b35
    I: 401b38
    I: 401b3b
    I: 401b3d
    I: 401b3f
    I: 401b41
    I: 401b43
    I: 401b45 (flow 401b50)
      Successors: 401b50, 401b4b
  BB: 401f0f in func 4017b0 with 6 insts
    Referenced by data
    I: 401f0f
    I: 401f12
    I: 401f15
    I: 401f17
    I: 401f19
    I: 401f1b (flow 401f26)
      Successors: 401f21, 401f26
  BB: 402314 in func 4017b0 with 1 insts
    I: 402314 (flow 4023b6)
      Successors: 4023b6
  BB: 402319 in func 4017b0 with 4 insts
    I: 402319
    I: 40231b
    I: 40231e
    I: 40231f
      No successors
  BB: 401d1f in func 4017b0 with 1 insts
    I: 401d1f (flow 402393)
      Successors: 402393
  BB: 402320 in func 4017b0 with 5 insts
    I: 402320
    I: 402323
    I: 402327
    I: 40232a
    I: 402330 (flow 401835)
      Successors: 401835
  BB: 401f21 in func 4017b0 with 1 insts
    I: 401f21 (flow 4023a2)
      Successors: 4023a2
  BB: 401d24 in func 4017b0 with 1 insts
    I: 401d24 (flow 401d29)
      Successors: 401d29
  BB: 401f26 in func 4017b0 with 3 insts
    I: 401f26
    I: 401f29
    I: 401f2b (flow 401f36)
      Successors: 401f31, 401f36
  BB: 401d29 in func 4017b0 with 9 insts
    I: 401d29
    I: 401d2d
    I: 401d31
    I: 401d33
    I: 401d35
    I: 401d3b
    I: 401d3e
    I: 401d44
    I: 401d46 (flow 4021f4)
      Successors: 401d4c, 4021f4
  BB: 401f31 in func 4017b0 with 1 insts
    I: 401f31 (flow 4020ca)
      Successors: 4020ca
  BB: 402335 in func 4017b0 with 5 insts
    I: 402335
    I: 402339 (imm 403004)
    I: 402343
    I: 402345 (flow 405088)
    I: 40234a (flow 4019c0)
      Successors: 4019c0
  BB: 401f36 in func 4017b0 with 20 insts
    I: 401f36 (imm 405030)
    I: 401f3d
    I: 401f3f (imm 40504c)
    I: 401f46
    I: 401f48
    I: 401f4a
    I: 401f50
    I: 401f53
    I: 401f59
    I: 401f5c
    I: 401f5f
    I: 401f62
    I: 401f65
    I: 401f68
    I: 401f6b
    I: 401f6d
    I: 401f6f
    I: 401f71
    I: 401f73
    I: 401f75 (flow 401f80)
      Successors: 401f80, 401f7b
  BB: 401941 in func 4017b0 with 1 insts
    I: 401941 (flow 402320)
      Successors: 402320
  BB: 402142 in func 4017b0 with 1 insts
    I: 402142 (flow 4023ac)
      Successors: 4023ac
  BB: 401946 in func 4017b0 with 1 insts
    I: 401946 (flow 40194b)
      Successors: 40194b
  BB: 402147 in func 4017b0 with 24 insts
    I: 402147
    I: 40214b
    I: 40214e
    I: 402151
    I: 402154 (imm 405030)
    I: 40215b
    I: 40215d (imm 40504c)
    I: 402164
    I: 402166
    I: 402168
    I: 40216e
    I: 402171
    I: 402177
    I: 40217a
    I: 40217d
    I: 402180
    I: 402183
    I: 402186
    I: 402189
    I: 40218b
    I: 40218d
    I: 40218f
    I: 402191
    I: 402193 (flow 40219e)
      Successors: 402199, 40219e
  BB: 40194b in func 4017b0 with 36 insts
    I: 40194b (imm 405030)
    I: 401952
    I: 401954 (imm 40504c)
    I: 40195b
    I: 40195d
    I: 40195f
    I: 401962
    I: 401964
    I: 401966
    I: 401969
    I: 40196c
    I: 40196f
    I: 401973
    I: 401976
    I: 40197a
    I: 40197d
    I: 401980
    I: 401983
    I: 401987
    I: 401989
    I: 40198c
    I: 40198e
    I: 401990
    I: 401993
    I: 401996
    I: 40199a
    I: 40199d
    I: 4019a0
    I: 4019a3
    I: 4019a6
    I: 4019a9
    I: 4019ac
    I: 4019af
    I: 4019b1
    I: 4019b3
    I: 4019b5 (flow 4019c0)
      Successors: 4019c0, 4019bb
  BB: 401b4b in func 4017b0 with 1 insts
    I: 401b4b (flow 40234f)
      Successors: 40234f
  BB: 401d4c in func 4017b0 with 4 insts
    I: 401d4c
    I: 401d50
    I: 401d54
    I: 401d5a
      Successors: 401d60
  BB: 40234f in func 4017b0 with 9 insts
    I: 40234f
    I: 402353
    I: 402357
    I: 40235a
    I: 40235e
    I: 402361 (imm 403007)
    I: 40236b
    I: 40236d (flow 405088)
    I: 402372 (flow 401ae3)
      Successors: 401ae3
  BB: 401b50 in func 4017b0 with 1 insts
    I: 401b50 (flow 401b55)
      Successors: 401b55
  BB: 401b55 in func 4017b0 with 36 insts
    I: 401b55 (imm 405030)
    I: 401b5c
    I: 401b5e (imm 40504c)
    I: 401b65
    I: 401b67
    I: 401b69
    I: 401b6f
    I: 401b72
    I: 401b78
    I: 401b7b
    I: 401b7e
    I: 401b81
    I: 401b85
    I: 401b88
    I: 401b8c
    I: 401b8f
    I: 401b92
    I: 401b95
    I: 401b99
    I: 401b9b
    I: 401b9e
    I: 401ba0
    I: 401ba2
    I: 401ba5
    I: 401ba8
    I: 401bac
    I: 401baf
    I: 401bb2
    I: 401bb5
    I: 401bb8
    I: 401bbb
    I: 401bbe
    I: 401bc1
    I: 401bc3
    I: 401bc5
    I: 401bc7 (flow 401bd2)
      Successors: 401bd2, 401bcd
  BB: 401d60 in func 4017b0 with 9 insts
    I: 401d60
    I: 401d64
    I: 401d68
    I: 401d6a
    I: 401d6c
    I: 401d6e
    I: 401d71
    I: 401d73
    I: 401d75 (flow 401ddf)
      Successors: 401d7b, 401ddf
  BB: 402377 in func 4017b0 with 7 insts
    I: 402377
    I: 40237b
    I: 40237d
    I: 402383
    I: 402386
    I: 40238c
    I: 40238e (flow 401bd2)
      Successors: 401bd2
  BB: 401d7b in func 4017b0 with 12 insts
    I: 401d7b
    I: 401d7f
    I: 401d83
    I: 401d87
    I: 401d8b
    I: 401d8f
    I: 401d92
    I: 401d96
    I: 401d99
    I: 401d9d
    I: 401d9f
    I: 401da1 (flow 401dbe)
      Successors: 401dbe, 401da7
  BB: 401f7b in func 4017b0 with 1 insts
    I: 401f7b (flow 4023a7)
      Successors: 4023a7
  BB: 401f80 in func 4017b0 with 71 insts
    I: 401f80
    I: 401f84
    I: 401f88
    I: 401f8b
    I: 401f8f
    I: 401f91
    I: 401f97
    I: 401f9a
    I: 401fa0
    I: 401fa3
    I: 401fa7
    I: 401fb1
    I: 401fb4
    I: 401fb7
    I: 401fc1
    I: 401fc4
    I: 401fc6
    I: 401fcc
    I: 401fcf
    I: 401fd5
    I: 401fd8
    I: 401fdc
    I: 401fde
    I: 401fe0
    I: 401fe3
    I: 401fe5
    I: 401fe8
    I: 401fec
    I: 401ff6
    I: 401ff9
    I: 401ffc
    I: 402006
    I: 402009
    I: 40200c
    I: 40200f
    I: 402012 (imm 405030)
    I: 402019
    I: 40201b (imm 40504c)
    I: 402022
    I: 402024
    I: 402026
    I: 40202c
    I: 40202f
    I: 402035
    I: 402038
    I: 40203b
    I: 40203e
    I: 402042
    I: 402045
    I: 402049
    I: 40204c
    I: 40204f
    I: 402052
    I: 402056
    I: 402058
    I: 40205b
    I: 40205d
    I: 40205f
    I: 402062
    I: 402065
    I: 402069
    I: 40206c
    I: 40206f
    I: 402072
    I: 402075
    I: 402078
    I: 40207b
    I: 40207e
    I: 402080
    I: 402082
    I: 402084 (flow 40208f)
      Successors: 40208a, 40208f
  BB: 402393 in func 4017b0 with 3 insts
    I: 402393
    I: 402397
    I: 40239d (flow 401ca5)
      Successors: 401ca5
  BB: 402199 in func 4017b0 with 1 insts
    I: 402199 (flow 4023ac)
      Successors: 4023ac
  BB: 40219e in func 4017b0 with 3 insts
    I: 40219e
    I: 4021a1
    I: 4021a3 (flow 4021ae)
      Successors: 4021a9, 4021ae
  BB: 4023a2 in func 4017b0 with 1 insts
    I: 4023a2 (flow 401e8e)
      Successors: 401e8e
  BB: 401da7 in func 4017b0 with 6 insts
    I: 401da7
    I: 401dab
    I: 401dad
    I: 401db3
    I: 401db6
    I: 401dbc
      Successors: 401dbe
  BB: 4023a7 in func 4017b0 with 1 insts
    I: 4023a7 (flow 401f80)
      Successors: 401f80
  BB: 4021a9 in func 4017b0 with 1 insts
    I: 4021a9 (flow 4021d3)
      Successors: 4021d3
  BB: 4023ac in func 4017b0 with 1 insts
    I: 4023ac (flow 402147)
      Successors: 402147
  BB: 4021ae in func 4017b0 with 8 insts
    I: 4021ae
    I: 4021b2
    I: 4021b6
    I: 4021b9
    I: 4021bd (imm 40300c)
    I: 4021c7
    I: 4021c9 (flow 405080)
    I: 4021ce (flow 4021f4)
      Successors: 4021f4
  BB: 4017b0 in func 4017b0 with 39 insts
    Referenced by data
    I: 4017b0
    I: 4017b1
    I: 4017b4
    I: 4017b8 (imm 405030)
    I: 4017bf
    I: 4017c1 (imm 40504c)
    I: 4017c8
    I: 4017ca
    I: 4017cc
    I: 4017d2
    I: 4017d5
    I: 4017db
    I: 4017de
    I: 4017e1
    I: 4017e4
    I: 4017e8
    I: 4017eb
    I: 4017ef
    I: 4017f2
    I: 4017f5
    I: 4017f8
    I: 4017fc
    I: 4017fe
    I: 401801
    I: 401803
    I: 401805
    I: 401808
    I: 40180b
    I: 40180f
    I: 401812
    I: 401815
    I: 401818
    I: 40181b
    I: 40181e
    I: 401821
    I: 401824
    I: 401826
    I: 401828
    I: 40182a (flow 401835)
      Successors: 401830, 401835
  BB: 4023b1 in func 4017b0 with 1 insts
    I: 4023b1 (flow 402236)
      Successors: 402236
  BB: 4023b6 in func 4017b0 with 1 insts
    I: 4023b6 (flow 4022cf)
      Successors: 4022cf
  BB: 4019bb in func 4017b0 with 1 insts
    I: 4019bb (flow 402335)
      Successors: 402335
  BB: 401dbe in func 4017b0 with 1 insts
    I: 401dbe (flow 401dc3)
      Successors: 401dc3
  BB: 4019c0 in func 4017b0 with 44 insts
    I: 4019c0
    I: 4019c4 (imm 403004)
    I: 4019ce
    I: 4019d0 (flow 405088)
    I: 4019d5
    I: 4019d9
    I: 4019dc
    I: 4019df
    I: 4019e2 (imm 405030)
    I: 4019e9
    I: 4019eb (imm 40504c)
    I: 4019f2
    I: 4019f4
    I: 4019f6
    I: 4019fc
    I: 4019ff
    I: 401a05
    I: 401a08
    I: 401a0b
    I: 401a0e
    I: 401a12
    I: 401a15
    I: 401a19
    I: 401a1c
    I: 401a1f
    I: 401a22
    I: 401a26
    I: 401a28
    I: 401a2b
    I: 401a2d
    I: 401a2f
    I: 401a32
    I: 401a35
    I: 401a39
    I: 401a3c
    I: 401a3f
    I: 401a42
    I: 401a45
    I: 401a48
    I: 401a4b
    I: 401a4e
    I: 401a50
    I: 401a52
    I: 401a54 (flow 401a5f)
      Successors: 401a5a, 401a5f
  BB: 401dc3 in func 4017b0 with 7 insts
    I: 401dc3
    I: 401dc7
    I: 401dc9
    I: 401dcf
    I: 401dd2
    I: 401dd8
    I: 401dda (flow 401d60)
      Successors: 401d60
  BB: 401bcd in func 4017b0 with 1 insts
    I: 401bcd (flow 402377)
      Successors: 402377
  BB: 401bd2 in func 4017b0 with 30 insts
    I: 401bd2
    I: 401bd6
    I: 401bd8
    I: 401bda
    I: 401bdc
    I: 401bde
    I: 401be1
    I: 401be3
    I: 401be5
    I: 401be7
    I: 401be9 (imm 405030)
    I: 401bf0
    I: 401bf2 (imm 40504c)
    I: 401bf9
    I: 401bfb
    I: 401bfd
    I: 401c00
    I: 401c02
    I: 401c04
    I: 401c07
    I: 401c0a
    I: 401c0d
    I: 401c10
    I: 401c13
    I: 401c16
    I: 401c18
    I: 401c1a
    I: 401c1c
    I: 401c1e
    I: 401c20 (flow 401c2b)
      Successors: 401c2b, 401c26
  BB: 4021d3 in func 4017b0 with 1 insts
    I: 4021d3 (flow 4021d8)
      Successors: 4021d8
  BB: 4021d8 in func 4017b0 with 7 insts
    I: 4021d8
    I: 4021dc
    I: 4021de
    I: 4021e4
    I: 4021e7
    I: 4021ed
    I: 4021ef (flow 401d29)
      Successors: 401d29
  BB: 401ddf in func 4017b0 with 12 insts
    I: 401ddf
    I: 401de3
    I: 401de7
    I: 401deb
    I: 401def
    I: 401df3
    I: 401df7
    I: 401dfa
    I: 401dfe
    I: 401e01
    I: 401e05
    I: 401e0b
      Successors: 401e11
  BB: 4021f4 in func 4017b0 with 20 insts
    I: 4021f4 (imm 405030)
    I: 4021fb
    I: 4021fd (imm 40504c)
    I: 402204
    I: 402206
    I: 402208
    I: 40220b
    I: 40220d
    I: 40220f
    I: 402212
    I: 402215
    I: 402218
    I: 40221b
    I: 40221e
    I: 402221
    I: 402223
    I: 402225
    I: 402227
    I: 402229
    I: 40222b (flow 402236)
      Successors: 402231, 402236
Recovering .term_proc at 4023bc
  Analysing subroutine .term_proc at 4023bc
    Block head at 004023c9 is not code.
  Subroutine .term_proc at 4023bc has 1 blocks
  BB: 4023bc in func 4023bc with 4 insts
    I: 4023bc
    I: 4023c0
    I: 4023c4
    I: 4023c8
      No successors
Global Variable None
WARNING: Global constructor and destructor sections are adjacent!
Recovering region LOAD [400000, 4004e8) in segment LOAD
  8-byte reference at 400018 to 401050 (start)
  8-byte reference at 4000f8 to 401000 (.init_proc)
  8-byte reference at 400130 to 403000 ()
  8-byte reference at 400168 to 404de8 ()
  8-byte reference at 400280 to 403014 ()
  8-byte reference at 4002f0 to 404de8 ()
Recovering region .init [401000, 40101b) in segment .init
Recovering region LOAD [40101b, 401020) in segment LOAD
Recovering region .plt [401020, 401050) in segment .plt
  4-byte reference at 40102c to 401f0f ()
Recovering region .text [401050, 4023bb) in segment .text
  4-byte reference at 4011fc to 401f0f ()
Recovering region LOAD [4023bb, 4023bc) in segment LOAD
Recovering region .fini [4023bc, 4023c9) in segment .fini
Recovering region .rodata [403000, 403012) in segment .rodata
  Variable aLld at 403007
  Variable format at 40300c
Recovering region LOAD [403012, 403014) in segment LOAD
Recovering region .eh_frame_hdr [403014, 403088) in segment .eh_frame_hdr
Recovering region .eh_frame [403088, 403244) in segment .eh_frame
Recovering region LOAD [403244, 403288) in segment LOAD
Recovering region .init_array [404de8, 404df8) in segment .init_array
  8-byte reference at 404de8 to 401130 ()
  8-byte reference at 404df0 to 401100 ()
Recovering region LOAD [404df8, 404fd8) in segment LOAD
Recovering region .got [404fd8, 404fe8) in segment .got
  8-byte reference at 404fd8 to 405078 (__libc_start_main)
  8-byte reference at 404fe0 to 405090 (__gmon_start__)
Recovering region .got.plt [404fe8, 405010) in segment .got.plt
  8-byte reference at 405000 to 405080 (printf)
  8-byte reference at 405008 to 405088 (__isoc99_scanf)
Recovering region .data [405010, 405020) in segment .data
Recovering region .bss [405020, 405078) in segment .bss
Recovering extern function printf at 401030
Recovering extern function __isoc99_scanf at 401040
Recovering extern function __libc_start_main at 405078
Recovering extern function printf at 405080
Recovering extern function __isoc99_scanf at 405088
Recovering extern function __gmon_start__ at 405090
Recovered 17 functions.
Saving to: /home/ubuntu/capstone_project/result/pipeline_20260629_141746/s290484179_bcf_instsub.cfg
Done analysis!
