Debugging is enabled.
Loading Standard Definitions file: /home/ubuntu/capstone_project/dependency/mcsema/mcsema/lib/python3/site-packages/mcsema_disass-3.1.3.8-py3.8.egg/mcsema_disass/defs/linux.txt
Using Batch mode.
Starting analysis
Recovering module s308363767_fla_bcf_instsub.elf
Found main at 401180
Looking for instructions in segment .init
  Default block heads for function 401000 with loose bounds [401000, 40101b)
    block [401000, 401014)
    block [401014, 401016)
    block [401016, 40101b)
    chunk [401000, 40101b)
Looking for instructions in segment .plt
  Default block heads for function 401020 with loose bounds [401020, 40102c)
    block [401020, 40102c)
    chunk [401020, 40102c)
  Default block heads for function 401030 with loose bounds [401030, 401036)
    block [401030, 401036)
    chunk [401030, 401036)
  Default block heads for function 401040 with loose bounds [401040, 401046)
    block [401040, 401046)
    chunk [401040, 401046)
  Default block heads for function 401050 with loose bounds [401050, 401056)
    block [401050, 401056)
    chunk [401050, 401056)
  Default block heads for function 401060 with loose bounds [401060, 401066)
    block [401060, 401066)
    chunk [401060, 401066)
  Default block heads for function 401070 with loose bounds [401070, 401076)
    block [401070, 401076)
    chunk [401070, 401076)
  Default block heads for function 401080 with loose bounds [401080, 401086)
    block [401080, 401086)
    chunk [401080, 401086)
Looking for instructions in segment .text
  Default block heads for function 401090 with loose bounds [401090, 4010b6)
    block [401090, 4010b6)
    chunk [401090, 4010b6)
  Default block heads for function 4010d0 with loose bounds [4010d0, 4010f1)
    block [4010d0, 4010dd)
    block [4010dd, 4010e7)
    block [4010e7, 4010ee)
    block [4010f0, 4010f1)
    chunk [4010d0, 4010f1)
  Default block heads for function 401140 with loose bounds [401140, 401161)
    block [401140, 40114d)
    block [40114d, 40115f)
    block [401160, 401161)
    chunk [401140, 401161)
  Default block heads for function 401170 with loose bounds [401170, 401176)
    block [401170, 401176)
    chunk [401170, 401176)
    chunk [401100, 401131)
  Default block heads for function 401180 with loose bounds [401180, 401263)
    block [401180, 4011af)
    block [4011af, 4011c0)
    block [4011c0, 4011c5)
    block [4011c5, 4011d3)
    block [4011d3, 4011d8)
    block [4011d8, 4011e6)
    block [4011e6, 4011eb)
    block [4011eb, 4011f0)
    block [4011f0, 40121f)
    block [40121f, 40124d)
    block [40124d, 40125e)
    block [40125e, 401263)
    chunk [401180, 401263)
  Default block heads for function 401270 with loose bounds [401270, 402135)
    block [401270, 4012f1)
    block [4012f1, 401302)
    block [401302, 401307)
    block [401307, 401315)
    block [401315, 40131a)
    block [40131a, 401328)
    block [401328, 40132d)
    block [40132d, 40133b)
    block [40133b, 401340)
    block [401340, 40134e)
    block [40134e, 401353)
    block [401353, 401361)
    block [401361, 401366)
    block [401366, 401374)
    block [401374, 401379)
    block [401379, 401387)
    block [401387, 40138c)
    block [40138c, 40139a)
    block [40139a, 40139f)
    block [40139f, 4013ad)
    block [4013ad, 4013b2)
    block [4013b2, 4013c0)
    block [4013c0, 4013c5)
    block [4013c5, 4013d3)
    block [4013d3, 4013d8)
    block [4013d8, 4013e6)
    block [4013e6, 4013eb)
    block [4013eb, 4013f9)
    block [4013f9, 4013fe)
    block [4013fe, 40140c)
    block [40140c, 401411)
    block [401411, 40141f)
    block [40141f, 401424)
    block [401424, 401432)
    block [401432, 401437)
    block [401437, 401445)
    block [401445, 40144a)
    block [40144a, 401458)
    block [401458, 40145d)
    block [40145d, 40146b)
    block [40146b, 401470)
    block [401470, 40147e)
    block [40147e, 401483)
    block [401483, 401491)
    block [401491, 401496)
    block [401496, 4014a4)
    block [4014a4, 4014a9)
    block [4014a9, 4014b7)
    block [4014b7, 4014bc)
    block [4014bc, 4014ca)
    block [4014ca, 4014cf)
    block [4014cf, 4014dd)
    block [4014dd, 4014e2)
    block [4014e2, 4014f0)
    block [4014f0, 4014f5)
    block [4014f5, 401503)
    block [401503, 401508)
    block [401508, 401516)
    block [401516, 40151b)
    block [40151b, 401529)
    block [401529, 40152e)
    block [40152e, 40153c)
    block [40153c, 401541)
    block [401541, 40154f)
    block [40154f, 401554)
    block [401554, 401562)
    block [401562, 401567)
    block [401567, 401575)
    block [401575, 40157a)
    block [40157a, 401588)
    block [401588, 40158d)
    block [40158d, 40159b)
    block [40159b, 4015a0)
    block [4015a0, 4015ae)
    block [4015ae, 4015b3)
    block [4015b3, 4015c1)
    block [4015c1, 4015c6)
    block [4015c6, 4015d4)
    block [4015d4, 4015d9)
    block [4015d9, 4015e7)
    block [4015e7, 4015ec)
    block [4015ec, 4015fa)
    block [4015fa, 4015ff)
    block [4015ff, 40160d)
    block [40160d, 401612)
    block [401612, 401620)
    block [401620, 401625)
    block [401625, 401633)
    block [401633, 401638)
    block [401638, 401646)
    block [401646, 40164b)
    block [40164b, 401659)
    block [401659, 40165e)
    block [40165e, 40166c)
    block [40166c, 401671)
    block [401671, 40167f)
    block [40167f, 401684)
    block [401684, 401692)
    block [401692, 401697)
    block [401697, 4016a5)
    block [4016a5, 4016aa)
    block [4016aa, 4016af)
    block [4016af, 401704)
    block [401704, 401770)
    block [401770, 40178b)
    block [40178b, 401805)
    block [401805, 401811)
    block [401811, 40182c)
    block [40182c, 401841)
    block [401841, 401868)
    block [401868, 4018b5)
    block [4018b5, 401911)
    block [401911, 40191d)
    block [40191d, 40199c)
    block [40199c, 4019f8)
    block [4019f8, 401a04)
    block [401a04, 401a1f)
    block [401a1f, 401a39)
    block [401a39, 401a54)
    block [401a54, 401a6c)
    block [401a6c, 401a8f)
    block [401a8f, 401ab2)
    block [401ab2, 401b07)
    block [401b07, 401ba1)
    block [401ba1, 401bad)
    block [401bad, 401bc0)
    block [401bc0, 401bdb)
    block [401bdb, 401bfc)
    block [401bfc, 401c40)
    block [401c40, 401c7f)
    block [401c7f, 401cd4)
    block [401cd4, 401d5b)
    block [401d5b, 401d67)
    block [401d67, 401dee)
    block [401dee, 401e3b)
    block [401e3b, 401e47)
    block [401e47, 401e66)
    block [401e66, 401eed)
    block [401eed, 401f42)
    block [401f42, 401f4e)
    block [401f4e, 401f9b)
    block [401f9b, 402037)
    block [402037, 402043)
    block [402043, 40206f)
    block [40206f, 40207b)
    block [40207b, 402096)
    block [402096, 4020a9)
    block [4020a9, 4020c8)
    block [4020c8, 4020fe)
    block [4020fe, 40210a)
    block [40210a, 402116)
    block [402116, 402130)
    block [402130, 402135)
    chunk [401270, 402135)
  Default block heads for function 402140 with loose bounds [402140, 402621)
    block [402140, 402162)
    block [402162, 402173)
    block [402173, 402178)
    block [402178, 402186)
    block [402186, 40218b)
    block [40218b, 402199)
    block [402199, 40219e)
    block [40219e, 4021ac)
    block [4021ac, 4021b1)
    block [4021b1, 4021bf)
    block [4021bf, 4021c4)
    block [4021c4, 4021d2)
    block [4021d2, 4021d7)
    block [4021d7, 4021e5)
    block [4021e5, 4021ea)
    block [4021ea, 4021f8)
    block [4021f8, 4021fd)
    block [4021fd, 40220b)
    block [40220b, 402210)
    block [402210, 40221e)
    block [40221e, 402223)
    block [402223, 402231)
    block [402231, 402236)
    block [402236, 402244)
    block [402244, 402249)
    block [402249, 402257)
    block [402257, 40225c)
    block [40225c, 40226a)
    block [40226a, 40226f)
    block [40226f, 40227d)
    block [40227d, 402282)
    block [402282, 402287)
    block [402287, 4022a2)
    block [4022a2, 4022e4)
    block [4022e4, 40236b)
    block [40236b, 4023f8)
    block [4023f8, 402404)
    block [402404, 402451)
    block [402451, 4024eb)
    block [4024eb, 4024f7)
    block [4024f7, 402503)
    block [402503, 40258a)
    block [40258a, 4025e5)
    block [4025e5, 4025ea)
    block [4025ea, 4025fc)
    block [4025fc, 402615)
    block [402615, 40261c)
    block [40261c, 402621)
    chunk [402140, 402621)
Looking for instructions in segment .fini
  Default block heads for function 402624 with loose bounds [402624, 402631)
    block [402624, 402631)
    chunk [402624, 402631)
Looking for strings in segment .rodata [403000, 40300b)
  Found string b'%d\n' of length 4 at 403007, jumping to 40300b
Looking for strings in segment .eh_frame_hdr [40300c, 403048)
Looking for strings in segment .eh_frame [403048, 403120)
Looking for strings in segment .init_array [404de8, 404df0)
Looking for strings in segment .fini_array [404df0, 404df8)
Looking for strings in segment .got [404fd8, 404fe8)
Looking for strings in segment .got.plt [404fe8, 405030)
Looking for strings in segment .data [405030, 405040)
Looking for strings in segment .bss [405040, 405060)
Looking for strings in segment extern [405060, 4050a0)
Looking for cross-references in segment .init [401000, 40101b)
Looking for cross-references in segment .plt [401020, 401090)
  Stopping scan at 40102c
Looking for cross-references in segment .text [401090, 402621)
  Stopping scan at 4010bc
  Stopping scan at 4010cc
  Stopping scan at ffffffffffffffff
  Stopping scan at 4010fc
  Stopping scan at 40113c
  Stopping scan at ffffffffffffffff
  Stopping scan at 40116c
  Stopping scan at 40117c
  Stopping scan at 40126c
  Stopping scan at 40213c
Looking for cross-references in segment .fini [402624, 402631)
Looking for cross-references in segment .rodata [403000, 40300b)
  Stopping scan at 403008
Looking for cross-references in segment .eh_frame_hdr [40300c, 403048)
  Stopping scan at 403044
Looking for cross-references in segment .eh_frame [403048, 403120)
  Stopping scan at 40311c
Looking for cross-references in segment .init_array [404de8, 404df0)
  Adding qword reference from 404de8 to 401170
  Stopping scan at 404de8
Looking for cross-references in segment .fini_array [404df0, 404df8)
  Adding qword reference from 404df0 to 401140
  Stopping scan at 404df0
Looking for cross-references in segment .got [404fd8, 404fe8)
  Adding qword reference from 404fd8 to 405068
  Adding qword reference from 404fe0 to 405098
  Stopping scan at 404fe0
Looking for cross-references in segment .got.plt [404fe8, 405030)
  Adding qword reference from 405000 to 405060
  Adding qword reference from 405008 to 405070
  Adding qword reference from 405010 to 405078
  Adding qword reference from 405018 to 405080
  Adding qword reference from 405020 to 405088
  Adding qword reference from 405028 to 405090
  Stopping scan at 405028
Looking for cross-references in segment .data [405030, 405040)
  Stopping scan at 40503c
Looking for cross-references in segment .bss [405040, 405060)
  Stopping scan at 40505c
Looking for cross-references in segment extern [405060, 4050a0)
  Stopping scan at 40509c
Looking for thunks
  Found thunk for free targeting 405060 at 401030
  Found thunk for printf targeting 405070 at 401040
  Found thunk for memset targeting 405078 at 401050
  Found thunk for calloc targeting 405080 at 401060
  Found thunk for realloc targeting 405088 at 401070
  Found thunk for __isoc99_scanf targeting 405090 at 401080
Looking for external symbols
  Function at 401030 is the external function free
  Function at 401040 is the external function printf
  Function at 401050 is the external function memset
  Function at 401060 is the external function calloc
  Function at 401070 is the external function realloc
  Function at 401080 is the external function __isoc99_scanf
  Function at 405060 is the external function free
  Function at 405068 is the external function __libc_start_main
  Function at 405070 is the external function printf
  Function at 405078 is the external function memset
  Function at 405080 is the external function calloc
  Function at 405088 is the external function realloc
  Function at 405090 is the external function __isoc99_scanf
  Function at 405098 is the external function __gmon_start__
Looking for entrypoints
Recovering .init_proc at 401000
  Analysing subroutine .init_proc at 401000
    Block head at 0040101b is not code.
  Subroutine .init_proc at 401000 has 3 blocks
  BB: 401000 in func 401000 with 5 insts
    Referenced by data
    I: 401000
    I: 401004
    I: 401008 (mem 404fe0)
    I: 40100f
    I: 401012 (flow 401016)
      Successors: 401014, 401016
  BB: 401014 in func 401000 with 1 insts
    I: 401014
      Successors: 401016
  BB: 401016 in func 401000 with 2 insts
    I: 401016
    I: 40101a
      No successors
Recovering 401020
  Analysing subroutine sub_401020 at 401020
  WARNING: No table entries for indirect jump at 401026; Adding next_ea 40102c as successor.
  Subroutine sub_401020 at 401020 has 2 blocks
  WARNING: No table entries for indirect jump at 401026; Adding next_ea 40102c as successor.
  BB: 401020 in func 401020 with 2 insts
    I: 401020 (mem 404ff0)
    I: 401026 (mem 404ff8)
      Successors: 40102c
  BB: 40102c in func 401020 with 1 insts
    I: 40102c
      No successors
Recovering start at 401090
  Analysing subroutine start at 401090
  Subroutine start at 401090 has 3 blocks
  BB: 401090 in func 401090 with 13 insts
    Referenced by data
    I: 401090
    I: 401094
    I: 401096
    I: 401099
    I: 40109a
    I: 40109d
    I: 4010a1
    I: 4010a2
    I: 4010a3
    I: 4010a6
    I: 4010a8 (imm 401180)
    I: 4010af (mem 404fd8)
    I: 4010b5
      No successors
  BB: 4010c5 in func 401090 with 2 insts
    I: 4010c5
    I: 4010cf
      No successors
  BB: 4010b6 in func 401090 with 3 insts
    I: 4010b6
    I: 4010c0
    I: 4010c4
      No successors
Recovering 4010d0
  Analysing subroutine sub_4010D0 at 4010d0
  WARNING: No table entries for indirect jump at 4010ec; Adding next_ea 4010ee as successor.
  WARNING: No table entries for indirect jump at 40112e; Adding next_ea 401130 as successor.
  Subroutine sub_4010D0 at 4010d0 has 11 blocks
  BB: 401100 in func 4010d0 with 8 insts
    I: 401100 (imm 405040)
    I: 401105 (imm 405040)
    I: 40110c
    I: 40110f
    I: 401113
    I: 401117
    I: 40111a
    I: 40111d (flow 401130)
      Successors: 401130, 40111f
  WARNING: No table entries for indirect jump at 4010ec; Adding next_ea 4010ee as successor.
  BB: 4010e7 in func 4010d0 with 2 insts
    I: 4010e7 (imm 405040)
    I: 4010ec
      Successors: 4010ee
  WARNING: No table entries for indirect jump at 40112e; Adding next_ea 401130 as successor.
  BB: 401129 in func 4010d0 with 2 insts
    I: 401129 (imm 405040)
    I: 40112e
      Successors: 401130
  BB: 4010ee in func 4010d0 with 1 insts
    I: 4010ee
      Successors: 4010f0
  BB: 4010d0 in func 4010d0 with 3 insts
    I: 4010d0 (imm 405040)
    I: 4010d5 (imm 405040)
    I: 4010db (flow 4010f0)
      Successors: 4010f0, 4010dd
  BB: 4010f0 in func 4010d0 with 1 insts
    I: 4010f0
      No successors
  BB: 4010f1 in func 4010d0 with 2 insts
    I: 4010f1
    I: 4010f5
      Successors: 401100
  BB: 401130 in func 4010d0 with 1 insts
    I: 401130
      No successors
  BB: 401131 in func 4010d0 with 2 insts
    I: 401131
    I: 401135
      No successors
  BB: 4010dd in func 4010d0 with 3 insts
    I: 4010dd
    I: 4010e2
    I: 4010e5 (flow 4010f0)
      Successors: 4010f0, 4010e7
  BB: 40111f in func 4010d0 with 3 insts
    I: 40111f
    I: 401124
    I: 401127 (flow 401130)
      Successors: 401130, 401129
Recovering 401140
  Analysing subroutine sub_401140 at 401140
  Subroutine sub_401140 at 401140 has 5 blocks
  BB: 401140 in func 401140 with 3 insts
    Referenced by data
    I: 401140
    I: 401144 (mem 405040)
    I: 40114b (flow 401160)
      Successors: 401160, 40114d
  BB: 401161 in func 401140 with 2 insts
    I: 401161
    I: 401165
      No successors
  BB: 401160 in func 401140 with 1 insts
    I: 401160
      No successors
  BB: 40114d in func 401140 with 6 insts
    I: 40114d
    I: 40114e
    I: 401151 (flow 4010d0)
    I: 401156 (mem 405040)
    I: 40115d
    I: 40115e
      No successors
  BB: 40115f in func 401140 with 1 insts
    I: 40115f
      Successors: 401160
Recovering 401170
  Analysing subroutine sub_401170 at 401170
  WARNING: No table entries for indirect jump at 40112e; Adding next_ea 401130 as successor.
  Subroutine sub_401170 at 401170 has 6 blocks
  BB: 401100 in func 401170 with 8 insts
    I: 401100 (imm 405040)
    I: 401105 (imm 405040)
    I: 40110c
    I: 40110f
    I: 401113
    I: 401117
    I: 40111a
    I: 40111d (flow 401130)
      Successors: 401130, 40111f
  WARNING: No table entries for indirect jump at 40112e; Adding next_ea 401130 as successor.
  BB: 401129 in func 401170 with 2 insts
    I: 401129 (imm 405040)
    I: 40112e
      Successors: 401130
  BB: 401170 in func 401170 with 2 insts
    Referenced by data
    I: 401170
    I: 401174 (flow 401100)
      Successors: 401100
  BB: 401130 in func 401170 with 1 insts
    I: 401130
      No successors
  BB: 401176 in func 401170 with 1 insts
    I: 401176
      No successors
  BB: 40111f in func 401170 with 3 insts
    I: 40111f
    I: 401124
    I: 401127 (flow 401130)
      Successors: 401130, 401129
Recovering main at 401180
  Analysing subroutine main at 401180
  Subroutine main at 401180 has 13 blocks
  BB: 401180 in func 401180 with 11 insts
    Referenced by data
    I: 401180
    I: 401181
    I: 401184
    I: 401188
    I: 40118f
    I: 401192
    I: 401196
    I: 40119b
    I: 40119f
    I: 4011a3 (flow 401270)
    I: 4011a8
      Successors: 4011af
  BB: 4011c0 in func 401180 with 1 insts
    I: 4011c0 (flow 4011c5)
      Successors: 4011c5
  BB: 401263 in func 401180 with 2 insts
    I: 401263
    I: 40126d
      No successors
  BB: 4011c5 in func 401180 with 3 insts
    I: 4011c5
    I: 4011c8
    I: 4011cd (flow 40124d)
      Successors: 4011d3, 40124d
  BB: 4011e6 in func 401180 with 1 insts
    I: 4011e6 (flow 4011eb)
      Successors: 4011eb
  BB: 4011eb in func 401180 with 1 insts
    I: 4011eb (flow 40125e)
      Successors: 40125e
  BB: 40124d in func 401180 with 6 insts
    I: 40124d
    I: 401251 (flow 405060)
    I: 401256
    I: 401258
    I: 40125c
    I: 40125d
      No successors
  BB: 4011af in func 401180 with 4 insts
    I: 4011af
    I: 4011b2
    I: 4011b5
    I: 4011ba (flow 4011f0)
      Successors: 4011c0, 4011f0
  BB: 4011f0 in func 401180 with 11 insts
    I: 4011f0 (imm 403004)
    I: 4011fa
    I: 4011fe
    I: 401200 (flow 405090)
    I: 401205
    I: 401207
    I: 40120c
    I: 401211
    I: 401214
    I: 401217
    I: 40121a (flow 40125e)
      Successors: 40125e
  BB: 4011d3 in func 401180 with 1 insts
    I: 4011d3 (flow 4011d8)
      Successors: 4011d8
  BB: 4011d8 in func 401180 with 3 insts
    I: 4011d8
    I: 4011db
    I: 4011e0 (flow 40121f)
      Successors: 4011e6, 40121f
  BB: 40125e in func 401180 with 1 insts
    I: 40125e (flow 4011af)
      Successors: 4011af
  BB: 40121f in func 401180 with 10 insts
    I: 40121f
    I: 401222
    I: 401226
    I: 401229 (flow 402140)
    I: 40122e
    I: 401230 (imm 403007)
    I: 40123a
    I: 40123c (flow 405070)
    I: 401241
    I: 401248 (flow 40125e)
      Successors: 40125e
Recovering 401270
  Analysing subroutine sub_401270 at 401270
  Subroutine sub_401270 at 401270 has 154 blocks
  BB: 401a04 in func 401270 with 7 insts
    I: 401a04
    I: 401a07
    I: 401a0c
    I: 401a11
    I: 401a14
    I: 401a17
    I: 401a1a (flow 402130)
      Successors: 402130
  BB: 401805 in func 401270 with 2 insts
    I: 401805
    I: 40180c (flow 402130)
      Successors: 402130
  BB: 40140c in func 401270 with 1 insts
    I: 40140c (flow 401411)
      Successors: 401411
  BB: 40160d in func 401270 with 1 insts
    I: 40160d (flow 401612)
      Successors: 401612
  BB: 401411 in func 401270 with 3 insts
    I: 401411
    I: 401414
    I: 401419 (flow 402043)
      Successors: 402043, 40141f
  BB: 401612 in func 401270 with 3 insts
    I: 401612
    I: 401615
    I: 40161a (flow 402116)
      Successors: 401620, 402116
  BB: 401811 in func 401270 with 7 insts
    I: 401811
    I: 401814
    I: 401819
    I: 40181e
    I: 401821
    I: 401824
    I: 401827 (flow 402130)
      Successors: 402130
  BB: 401a1f in func 401270 with 6 insts
    I: 401a1f
    I: 401a23
    I: 401a27
    I: 401a2a
    I: 401a2d
    I: 401a34 (flow 402130)
      Successors: 402130
  BB: 401620 in func 401270 with 1 insts
    I: 401620 (flow 401625)
      Successors: 401625
  BB: 40141f in func 401270 with 1 insts
    I: 40141f (flow 401424)
      Successors: 401424
  BB: 401424 in func 401270 with 3 insts
    I: 401424
    I: 401427
    I: 40142c (flow 402096)
      Successors: 401432, 402096
  BB: 401625 in func 401270 with 3 insts
    I: 401625
    I: 401628
    I: 40162d (flow 40178b)
      Successors: 401633, 40178b
  BB: 40182c in func 401270 with 5 insts
    I: 40182c
    I: 40182f
    I: 401832
    I: 401835
    I: 40183c (flow 402130)
      Successors: 402130
  BB: 401432 in func 401270 with 1 insts
    I: 401432 (flow 401437)
      Successors: 401437
  BB: 401633 in func 401270 with 1 insts
    I: 401633 (flow 401638)
      Successors: 401638
  BB: 402037 in func 401270 with 2 insts
    I: 402037
    I: 40203e (flow 402130)
      Successors: 402130
  BB: 401437 in func 401270 with 3 insts
    I: 401437
    I: 40143a
    I: 40143f (flow 401a39)
      Successors: 401a39, 401445
  BB: 401638 in func 401270 with 3 insts
    I: 401638
    I: 40163b
    I: 401640 (flow 401bad)
      Successors: 401bad, 401646
  BB: 401a39 in func 401270 with 7 insts
    I: 401a39
    I: 401a3c
    I: 401a41
    I: 401a46
    I: 401a49
    I: 401a4c
    I: 401a4f (flow 402130)
      Successors: 402130
  BB: 401e3b in func 401270 with 2 insts
    I: 401e3b
    I: 401e42 (flow 402130)
      Successors: 402130
  BB: 401c40 in func 401270 with 15 insts
    I: 401c40
    I: 401c43
    I: 401c46
    I: 401c49
    I: 401c4d
    I: 401c51
    I: 401c55 (flow 405088)
    I: 401c5a
    I: 401c5e
    I: 401c62
    I: 401c66
    I: 401c6a (flow 405088)
    I: 401c6f
    I: 401c73
    I: 401c7a (flow 402130)
      Successors: 402130
  BB: 401841 in func 401270 with 8 insts
    I: 401841
    I: 401845 (flow 405060)
    I: 40184a
    I: 40184e
    I: 401853 (flow 405080)
    I: 401858
    I: 40185c
    I: 401863 (flow 402130)
      Successors: 402130
  BB: 402043 in func 401270 with 13 insts
    I: 402043
    I: 402047 (flow 405060)
    I: 40204c
    I: 402050 (flow 405060)
    I: 402055
    I: 402059
    I: 40205d
    I: 402060
    I: 402063
    I: 402067
    I: 402069
    I: 40206d
    I: 40206e
      No successors
  BB: 401445 in func 401270 with 1 insts
    I: 401445 (flow 40144a)
      Successors: 40144a
  BB: 401646 in func 401270 with 1 insts
    I: 401646 (flow 40164b)
      Successors: 40164b
  BB: 401e47 in func 401270 with 7 insts
    I: 401e47
    I: 401e4a
    I: 401e4f
    I: 401e52
    I: 401e57
    I: 401e5a
    I: 401e61 (flow 402130)
      Successors: 402130
  BB: 40144a in func 401270 with 3 insts
    I: 40144a
    I: 40144d
    I: 401452 (flow 401c40)
      Successors: 401458, 401c40
  BB: 40164b in func 401270 with 3 insts
    I: 40164b
    I: 40164e
    I: 401653 (flow 401805)
      Successors: 401659, 401805
  BB: 401a54 in func 401270 with 5 insts
    I: 401a54
    I: 401a58
    I: 401a5c
    I: 401a60
    I: 401a67 (flow 402130)
      Successors: 402130
  BB: 401458 in func 401270 with 1 insts
    I: 401458 (flow 40145d)
      Successors: 40145d
  BB: 401659 in func 401270 with 1 insts
    I: 401659 (flow 40165e)
      Successors: 40165e
  BB: 40145d in func 401270 with 3 insts
    I: 40145d
    I: 401460
    I: 401465 (flow 401868)
      Successors: 401868, 40146b
  BB: 40165e in func 401270 with 3 insts
    I: 40165e
    I: 401661
    I: 401666 (flow 401a8f)
      Successors: 40166c, 401a8f
  BB: 401e66 in func 401270 with 40 insts
    I: 401e66 (imm 405058)
    I: 401e6d
    I: 401e6f (imm 40504c)
    I: 401e76
    I: 401e78
    I: 401e7a
    I: 401e80
    I: 401e83
    I: 401e89
    I: 401e8c
    I: 401e8f
    I: 401e92
    I: 401e96
    I: 401e99
    I: 401e9d
    I: 401ea0
    I: 401ea2
    I: 401ea5
    I: 401ea9
    I: 401eab
    I: 401eae
    I: 401eb0
    I: 401eb3
    I: 401eb6
    I: 401eb9
    I: 401ebd
    I: 401ec0
    I: 401ec3
    I: 401ec6
    I: 401ec9
    I: 401ecc
    I: 401ece
    I: 401ed1
    I: 401ed3
    I: 401ed5
    I: 401eda
    I: 401edf
    I: 401ee2
    I: 401ee5
    I: 401ee8 (flow 402130)
      Successors: 402130
  BB: 401868 in func 401270 with 24 insts
    I: 401868 (imm 405058)
    I: 40186f
    I: 401871 (imm 40504c)
    I: 401878
    I: 40187a
    I: 40187c
    I: 40187f
    I: 401881
    I: 401883
    I: 401886
    I: 401889
    I: 40188c
    I: 40188f
    I: 401892
    I: 401895
    I: 401897
    I: 401899
    I: 40189b
    I: 40189d
    I: 4018a2
    I: 4018a7
    I: 4018aa
    I: 4018ad
    I: 4018b0 (flow 402130)
      Successors: 402130
  BB: 40146b in func 401270 with 1 insts
    I: 40146b (flow 401470)
      Successors: 401470
  BB: 40166c in func 401270 with 1 insts
    I: 40166c (flow 401671)
      Successors: 401671
  BB: 401a6c in func 401270 with 10 insts
    I: 401a6c
    I: 401a70
    I: 401a74
    I: 401a77
    I: 401a7a
    I: 401a7c
    I: 401a7e
    I: 401a80
    I: 401a83
    I: 401a8a (flow 402130)
      Successors: 402130
  BB: 40206f in func 401270 with 2 insts
    I: 40206f
    I: 402076 (flow 402130)
      Successors: 402130
  BB: 401270 in func 401270 with 27 insts
    I: 401270
    I: 401271
    I: 401274
    I: 401278
    I: 40127b
    I: 40127f
    I: 401283
    I: 40128a
    I: 40128e
    I: 401293 (flow 405080)
    I: 401298
    I: 40129c
    I: 4012a0
    I: 4012a5 (flow 405080)
    I: 4012aa
    I: 4012ae
    I: 4012b2
    I: 4012b8
    I: 4012bc
    I: 4012c3
    I: 4012ca
    I: 4012d1
    I: 4012d5
    I: 4012da (flow 405080)
    I: 4012df
    I: 4012e3
    I: 4012ea
      Successors: 4012f1
  BB: 401470 in func 401270 with 3 insts
    I: 401470
    I: 401473
    I: 401478 (flow 401770)
      Successors: 401770, 40147e
  BB: 401671 in func 401270 with 3 insts
    I: 401671
    I: 401674
    I: 401679 (flow 401a54)
      Successors: 401a54, 40167f
  BB: 40207b in func 401270 with 6 insts
    I: 40207b
    I: 40207f
    I: 402083
    I: 402085 (flow 405078)
    I: 40208a
    I: 402091 (flow 402130)
      Successors: 402130
  BB: 40147e in func 401270 with 1 insts
    I: 40147e (flow 401483)
      Successors: 401483
  BB: 401c7f in func 401270 with 24 insts
    I: 401c7f (imm 405058)
    I: 401c86
    I: 401c88 (imm 40504c)
    I: 401c8f
    I: 401c91
    I: 401c93
    I: 401c99
    I: 401c9c
    I: 401ca2
    I: 401ca5
    I: 401ca8
    I: 401cab
    I: 401cae
    I: 401cb1
    I: 401cb4
    I: 401cb6
    I: 401cb8
    I: 401cba
    I: 401cbc
    I: 401cc1
    I: 401cc6
    I: 401cc9
    I: 401ccc
    I: 401ccf (flow 402130)
      Successors: 402130
  BB: 40167f in func 401270 with 1 insts
    I: 40167f (flow 401684)
      Successors: 401684
  BB: 401483 in func 401270 with 3 insts
    I: 401483
    I: 401486
    I: 40148b (flow 401a6c)
      Successors: 401491, 401a6c
  BB: 401684 in func 401270 with 3 insts
    I: 401684
    I: 401687
    I: 40168c (flow 401bdb)
      Successors: 401692, 401bdb
  BB: 401a8f in func 401270 with 10 insts
    I: 401a8f
    I: 401a92
    I: 401a95
    I: 401a97
    I: 401a99
    I: 401a9b
    I: 401a9f
    I: 401aa3
    I: 401aa6
    I: 401aad (flow 402130)
      Successors: 402130
  BB: 401491 in func 401270 with 1 insts
    I: 401491 (flow 401496)
      Successors: 401496
  BB: 401692 in func 401270 with 1 insts
    I: 401692 (flow 401697)
      Successors: 401697
  BB: 401496 in func 401270 with 3 insts
    I: 401496
    I: 401499
    I: 40149e (flow 401a1f)
      Successors: 4014a4, 401a1f
  BB: 401697 in func 401270 with 3 insts
    I: 401697
    I: 40169a
    I: 40169f (flow 4019f8)
      Successors: 4019f8, 4016a5
  BB: 402096 in func 401270 with 3 insts
    I: 402096
    I: 40209d
    I: 4020a4 (flow 402130)
      Successors: 402130
  BB: 4014a4 in func 401270 with 1 insts
    I: 4014a4 (flow 4014a9)
      Successors: 4014a9
  BB: 4016a5 in func 401270 with 1 insts
    I: 4016a5 (flow 4016aa)
      Successors: 4016aa
  BB: 4014a9 in func 401270 with 3 insts
    I: 4014a9
    I: 4014ac
    I: 4014b1 (flow 401811)
      Successors: 401811, 4014b7
  BB: 4016aa in func 401270 with 1 insts
    I: 4016aa (flow 402130)
      Successors: 402130
  BB: 4020a9 in func 401270 with 7 insts
    I: 4020a9
    I: 4020ac
    I: 4020b1
    I: 4020b4
    I: 4020b9
    I: 4020bc
    I: 4020c3 (flow 402130)
      Successors: 402130
  BB: 4016af in func 401270 with 24 insts
    I: 4016af (imm 405058)
    I: 4016b6
    I: 4016b8 (imm 40504c)
    I: 4016bf
    I: 4016c1
    I: 4016c3
    I: 4016c9
    I: 4016cc
    I: 4016d2
    I: 4016d5
    I: 4016d8
    I: 4016db
    I: 4016de
    I: 4016e1
    I: 4016e4
    I: 4016e6
    I: 4016e8
    I: 4016ea
    I: 4016ec
    I: 4016f1
    I: 4016f6
    I: 4016f9
    I: 4016fc
    I: 4016ff (flow 402130)
      Successors: 402130
  BB: 401ab2 in func 401270 with 24 insts
    I: 401ab2 (imm 405058)
    I: 401ab9
    I: 401abb (imm 40504c)
    I: 401ac2
    I: 401ac4
    I: 401ac6
    I: 401acc
    I: 401acf
    I: 401ad5
    I: 401ad8
    I: 401adb
    I: 401ade
    I: 401ae1
    I: 401ae4
    I: 401ae7
    I: 401ae9
    I: 401aeb
    I: 401aed
    I: 401aef
    I: 401af4
    I: 401af9
    I: 401afc
    I: 401aff
    I: 401b02 (flow 402130)
      Successors: 402130
  BB: 4018b5 in func 401270 with 28 insts
    I: 4018b5
    I: 4018b9
    I: 4018bd
    I: 4018bf (flow 405078)
    I: 4018c4 (imm 405058)
    I: 4018cb
    I: 4018cd (imm 40504c)
    I: 4018d4
    I: 4018d6
    I: 4018d8
    I: 4018db
    I: 4018dd
    I: 4018df
    I: 4018e2
    I: 4018e5
    I: 4018e8
    I: 4018eb
    I: 4018ee
    I: 4018f1
    I: 4018f3
    I: 4018f5
    I: 4018f7
    I: 4018f9
    I: 4018fe
    I: 401903
    I: 401906
    I: 401909
    I: 40190c (flow 402130)
      Successors: 402130
  BB: 4014b7 in func 401270 with 1 insts
    I: 4014b7 (flow 4014bc)
      Successors: 4014bc
  BB: 4014bc in func 401270 with 3 insts
    I: 4014bc
    I: 4014bf
    I: 4014c4 (flow 401841)
      Successors: 401841, 4014ca
  BB: 4020c8 in func 401270 with 14 insts
    I: 4020c8
    I: 4020cb
    I: 4020cf
    I: 4020d3
    I: 4020d6
    I: 4020da
    I: 4020de
    I: 4020e5
    I: 4020e8
    I: 4020ea
    I: 4020ed
    I: 4020ef
    I: 4020f2
    I: 4020f9 (flow 402130)
      Successors: 402130
  BB: 4014ca in func 401270 with 1 insts
    I: 4014ca (flow 4014cf)
      Successors: 4014cf
  BB: 4014cf in func 401270 with 3 insts
    I: 4014cf
    I: 4014d2
    I: 4014d7 (flow 401911)
      Successors: 401911, 4014dd
  BB: 401cd4 in func 401270 with 40 insts
    I: 401cd4
    I: 401cd7
    I: 401cdb
    I: 401cdf
    I: 401ce2
    I: 401ce6
    I: 401cea
    I: 401cf1
    I: 401cf4
    I: 401cf6
    I: 401cf8
    I: 401cfa
    I: 401cfd
    I: 401cff
    I: 401d01
    I: 401d03
    I: 401d06 (imm 405058)
    I: 401d0d
    I: 401d0f (imm 40504c)
    I: 401d16
    I: 401d18
    I: 401d1a
    I: 401d20
    I: 401d23
    I: 401d29
    I: 401d2c
    I: 401d2f
    I: 401d32
    I: 401d35
    I: 401d38
    I: 401d3b
    I: 401d3d
    I: 401d3f
    I: 401d41
    I: 401d43
    I: 401d48
    I: 401d4d
    I: 401d50
    I: 401d53
    I: 401d56 (flow 402130)
      Successors: 402130
  BB: 4014dd in func 401270 with 1 insts
    I: 4014dd (flow 4014e2)
      Successors: 4014e2
  BB: 4014e2 in func 401270 with 3 insts
    I: 4014e2
    I: 4014e5
    I: 4014ea (flow 401e66)
      Successors: 4014f0, 401e66
  BB: 401eed in func 401270 with 24 insts
    I: 401eed (imm 405058)
    I: 401ef4
    I: 401ef6 (imm 40504c)
    I: 401efd
    I: 401eff
    I: 401f01
    I: 401f07
    I: 401f0a
    I: 401f10
    I: 401f13
    I: 401f16
    I: 401f19
    I: 401f1c
    I: 401f1f
    I: 401f22
    I: 401f24
    I: 401f26
    I: 401f28
    I: 401f2a
    I: 401f2f
    I: 401f34
    I: 401f37
    I: 401f3a
    I: 401f3d (flow 402130)
      Successors: 402130
  BB: 4014f0 in func 401270 with 1 insts
    I: 4014f0 (flow 4014f5)
      Successors: 4014f5
  BB: 4012f1 in func 401270 with 4 insts
    I: 4012f1
    I: 4012f4
    I: 4012f7
    I: 4012fc (flow 401cd4)
      Successors: 401302, 401cd4
  BB: 4014f5 in func 401270 with 3 insts
    I: 4014f5
    I: 4014f8
    I: 4014fd (flow 401b07)
      Successors: 401503, 401b07
  BB: 4020fe in func 401270 with 2 insts
    I: 4020fe
    I: 402105 (flow 402130)
      Successors: 402130
  BB: 401302 in func 401270 with 1 insts
    I: 401302 (flow 401307)
      Successors: 401307
  BB: 401503 in func 401270 with 1 insts
    I: 401503 (flow 401508)
      Successors: 401508
  BB: 401704 in func 401270 with 35 insts
    I: 401704
    I: 401708
    I: 40170b
    I: 40170d
    I: 401710
    I: 401712
    I: 401715
    I: 401718
    I: 40171b
    I: 40171e
    I: 401720
    I: 401723 (imm 405058)
    I: 40172a
    I: 40172c (imm 40504c)
    I: 401733
    I: 401735
    I: 401737
    I: 40173a
    I: 40173c
    I: 40173e
    I: 401741
    I: 401744
    I: 401747
    I: 40174a
    I: 40174d
    I: 401750
    I: 401752
    I: 401754
    I: 401756
    I: 401758
    I: 40175d
    I: 401762
    I: 401765
    I: 401768
    I: 40176b (flow 402130)
      Successors: 402130
  BB: 401307 in func 401270 with 3 insts
    I: 401307
    I: 40130a
    I: 40130f (flow 401e3b)
      Successors: 401e3b, 401315
  BB: 401508 in func 401270 with 3 insts
    I: 401508
    I: 40150b
    I: 401510 (flow 401f4e)
      Successors: 401f4e, 401516
  BB: 401b07 in func 401270 with 45 insts
    I: 401b07
    I: 401b0a
    I: 401b0f
    I: 401b12
    I: 401b17
    I: 401b1a (imm 405058)
    I: 401b21
    I: 401b23 (imm 40504c)
    I: 401b2a
    I: 401b2c
    I: 401b2e
    I: 401b34
    I: 401b37
    I: 401b3d
    I: 401b40
    I: 401b43
    I: 401b46
    I: 401b4a
    I: 401b4d
    I: 401b51
    I: 401b54
    I: 401b56
    I: 401b59
    I: 401b5d
    I: 401b5f
    I: 401b62
    I: 401b64
    I: 401b67
    I: 401b6a
    I: 401b6d
    I: 401b71
    I: 401b74
    I: 401b77
    I: 401b7a
    I: 401b7d
    I: 401b80
    I: 401b82
    I: 401b85
    I: 401b87
    I: 401b89
    I: 401b8e
    I: 401b93
    I: 401b96
    I: 401b99
    I: 401b9c (flow 402130)
      Successors: 402130
  BB: 40210a in func 401270 with 2 insts
    I: 40210a
    I: 402111 (flow 402130)
      Successors: 402130
  BB: 401911 in func 401270 with 2 insts
    I: 401911
    I: 401918 (flow 402130)
      Successors: 402130
  BB: 401315 in func 401270 with 1 insts
    I: 401315 (flow 40131a)
      Successors: 40131a
  BB: 401516 in func 401270 with 1 insts
    I: 401516 (flow 40151b)
      Successors: 40151b
  BB: 402116 in func 401270 with 6 insts
    I: 402116
    I: 402119
    I: 40211e
    I: 402121
    I: 402126
    I: 402129
      Successors: 402130
  BB: 40131a in func 401270 with 3 insts
    I: 40131a
    I: 40131d
    I: 401322 (flow 401ba1)
      Successors: 401328, 401ba1
  BB: 40151b in func 401270 with 3 insts
    I: 40151b
    I: 40151e
    I: 401523 (flow 40210a)
      Successors: 401529, 40210a
  BB: 40191d in func 401270 with 40 insts
    I: 40191d (imm 405058)
    I: 401924
    I: 401926 (imm 40504c)
    I: 40192d
    I: 40192f
    I: 401931
    I: 401934
    I: 401936
    I: 401938
    I: 40193b
    I: 40193e
    I: 401941
    I: 401945
    I: 401948
    I: 40194c
    I: 40194f
    I: 401951
    I: 401954
    I: 401958
    I: 40195a
    I: 40195d
    I: 40195f
    I: 401962
    I: 401965
    I: 401968
    I: 40196c
    I: 40196f
    I: 401972
    I: 401975
    I: 401978
    I: 40197b
    I: 40197d
    I: 401980
    I: 401982
    I: 401984
    I: 401989
    I: 40198e
    I: 401991
    I: 401994
    I: 401997 (flow 402130)
      Successors: 402130
  BB: 401328 in func 401270 with 1 insts
    I: 401328 (flow 40132d)
      Successors: 40132d
  BB: 401529 in func 401270 with 1 insts
    I: 401529 (flow 40152e)
      Successors: 40152e
  BB: 40132d in func 401270 with 3 insts
    I: 40132d
    I: 401330
    I: 401335 (flow 4020fe)
      Successors: 40133b, 4020fe
  BB: 40152e in func 401270 with 3 insts
    I: 40152e
    I: 401531
    I: 401536 (flow 401d67)
      Successors: 40153c, 401d67
  BB: 402130 in func 401270 with 1 insts
    I: 402130 (flow 4012f1)
      Successors: 4012f1
  BB: 402135 in func 401270 with 2 insts
    I: 402135
    I: 40213f
      No successors
  BB: 40133b in func 401270 with 1 insts
    I: 40133b (flow 401340)
      Successors: 401340
  BB: 40153c in func 401270 with 1 insts
    I: 40153c (flow 401541)
      Successors: 401541
  BB: 401340 in func 401270 with 3 insts
    I: 401340
    I: 401343
    I: 401348 (flow 401f9b)
      Successors: 401f9b, 40134e
  BB: 401541 in func 401270 with 3 insts
    I: 401541
    I: 401544
    I: 401549 (flow 401c7f)
      Successors: 401c7f, 40154f
  BB: 401f42 in func 401270 with 2 insts
    I: 401f42
    I: 401f49 (flow 402130)
      Successors: 402130
  BB: 40134e in func 401270 with 1 insts
    I: 40134e (flow 401353)
      Successors: 401353
  BB: 40154f in func 401270 with 1 insts
    I: 40154f (flow 401554)
      Successors: 401554
  BB: 401f4e in func 401270 with 24 insts
    I: 401f4e (imm 405058)
    I: 401f55
    I: 401f57 (imm 40504c)
    I: 401f5e
    I: 401f60
    I: 401f62
    I: 401f65
    I: 401f67
    I: 401f69
    I: 401f6c
    I: 401f6f
    I: 401f72
    I: 401f75
    I: 401f78
    I: 401f7b
    I: 401f7d
    I: 401f7f
    I: 401f81
    I: 401f83
    I: 401f88
    I: 401f8d
    I: 401f90
    I: 401f93
    I: 401f96 (flow 402130)
      Successors: 402130
  BB: 401353 in func 401270 with 3 insts
    I: 401353
    I: 401356
    I: 40135b (flow 4020c8)
      Successors: 4020c8, 401361
  BB: 401554 in func 401270 with 3 insts
    I: 401554
    I: 401557
    I: 40155c (flow 401dee)
      Successors: 401562, 401dee
  BB: 401d5b in func 401270 with 2 insts
    I: 401d5b
    I: 401d62 (flow 402130)
      Successors: 402130
  BB: 401361 in func 401270 with 1 insts
    I: 401361 (flow 401366)
      Successors: 401366
  BB: 401562 in func 401270 with 1 insts
    I: 401562 (flow 401567)
      Successors: 401567
  BB: 401366 in func 401270 with 3 insts
    I: 401366
    I: 401369
    I: 40136e (flow 401bfc)
      Successors: 401bfc, 401374
  BB: 401567 in func 401270 with 3 insts
    I: 401567
    I: 40156a
    I: 40156f (flow 401eed)
      Successors: 401eed, 401575
  BB: 401d67 in func 401270 with 40 insts
    I: 401d67 (imm 405058)
    I: 401d6e
    I: 401d70 (imm 40504c)
    I: 401d77
    I: 401d79
    I: 401d7b
    I: 401d81
    I: 401d84
    I: 401d8a
    I: 401d8d
    I: 401d90
    I: 401d93
    I: 401d97
    I: 401d9a
    I: 401d9e
    I: 401da1
    I: 401da3
    I: 401da6
    I: 401daa
    I: 401dac
    I: 401daf
    I: 401db1
    I: 401db4
    I: 401db7
    I: 401dba
    I: 401dbe
    I: 401dc1
    I: 401dc4
    I: 401dc7
    I: 401dca
    I: 401dcd
    I: 401dcf
    I: 401dd2
    I: 401dd4
    I: 401dd6
    I: 401ddb
    I: 401de0
    I: 401de3
    I: 401de6
    I: 401de9 (flow 402130)
      Successors: 402130
  BB: 401770 in func 401270 with 7 insts
    I: 401770
    I: 401773
    I: 401778
    I: 40177d
    I: 401780
    I: 401783
    I: 401786 (flow 402130)
      Successors: 402130
  BB: 401374 in func 401270 with 1 insts
    I: 401374 (flow 401379)
      Successors: 401379
  BB: 401575 in func 401270 with 1 insts
    I: 401575 (flow 40157a)
      Successors: 40157a
  BB: 401379 in func 401270 with 3 insts
    I: 401379
    I: 40137c
    I: 401381 (flow 40199c)
      Successors: 40199c, 401387
  BB: 40157a in func 401270 with 3 insts
    I: 40157a
    I: 40157d
    I: 401582 (flow 4020a9)
      Successors: 401588, 4020a9
  BB: 401387 in func 401270 with 1 insts
    I: 401387 (flow 40138c)
      Successors: 40138c
  BB: 401588 in func 401270 with 1 insts
    I: 401588 (flow 40158d)
      Successors: 40158d
  BB: 40178b in func 401270 with 35 insts
    I: 40178b
    I: 40178f
    I: 401792
    I: 401794
    I: 401796
    I: 401798
    I: 40179b
    I: 40179d
    I: 40179f
    I: 4017a1
    I: 4017a4
    I: 4017a7
    I: 4017ab
    I: 4017ae
    I: 4017b4
    I: 4017b7
    I: 4017bd
    I: 4017c0
    I: 4017c4
    I: 4017c8
    I: 4017cc
    I: 4017cf
    I: 4017d3
    I: 4017d7
    I: 4017db
    I: 4017e0
    I: 4017e2
    I: 4017e7
    I: 4017ea
    I: 4017ed
    I: 4017f2
    I: 4017f7
    I: 4017fa
    I: 4017fd
    I: 401800 (flow 402130)
      Successors: 402130
  BB: 40138c in func 401270 with 3 insts
    I: 40138c
    I: 40138f
    I: 401394 (flow 40206f)
      Successors: 40139a, 40206f
  BB: 40158d in func 401270 with 3 insts
    I: 40158d
    I: 401590
    I: 401595 (flow 401704)
      Successors: 40159b, 401704
  BB: 40139a in func 401270 with 1 insts
    I: 40139a (flow 40139f)
      Successors: 40139f
  BB: 40159b in func 401270 with 1 insts
    I: 40159b (flow 4015a0)
      Successors: 4015a0
  BB: 40199c in func 401270 with 25 insts
    I: 40199c
    I: 4019a3 (imm 405058)
    I: 4019aa
    I: 4019ac (imm 40504c)
    I: 4019b3
    I: 4019b5
    I: 4019b7
    I: 4019bd
    I: 4019c0
    I: 4019c6
    I: 4019c9
    I: 4019cc
    I: 4019cf
    I: 4019d2
    I: 4019d5
    I: 4019d8
    I: 4019da
    I: 4019dc
    I: 4019de
    I: 4019e0
    I: 4019e5
    I: 4019ea
    I: 4019ed
    I: 4019f0
    I: 4019f3 (flow 402130)
      Successors: 402130
  BB: 401f9b in func 401270 with 49 insts
    I: 401f9b
    I: 401f9e
    I: 401fa0
    I: 401fa2
    I: 401fa4
    I: 401fa7
    I: 401fa9
    I: 401fab
    I: 401fad
    I: 401fb0 (imm 405058)
    I: 401fb7
    I: 401fb9 (imm 40504c)
    I: 401fc0
    I: 401fc2
    I: 401fc4
    I: 401fca
    I: 401fcd
    I: 401fd3
    I: 401fd6
    I: 401fd9
    I: 401fdc
    I: 401fe0
    I: 401fe3
    I: 401fe7
    I: 401fea
    I: 401fec
    I: 401fef
    I: 401ff3
    I: 401ff5
    I: 401ff8
    I: 401ffa
    I: 401ffd
    I: 402000
    I: 402003
    I: 402007
    I: 40200a
    I: 40200d
    I: 402010
    I: 402013
    I: 402016
    I: 402018
    I: 40201b
    I: 40201d
    I: 40201f
    I: 402024
    I: 402029
    I: 40202c
    I: 40202f
    I: 402032 (flow 402130)
      Successors: 402130
  BB: 40139f in func 401270 with 3 insts
    I: 40139f
    I: 4013a2
    I: 4013a7 (flow 402037)
      Successors: 4013ad, 402037
  BB: 4015a0 in func 401270 with 3 insts
    I: 4015a0
    I: 4015a3
    I: 4015a8 (flow 401ab2)
      Successors: 401ab2, 4015ae
  BB: 401ba1 in func 401270 with 2 insts
    I: 401ba1
    I: 401ba8 (flow 402130)
      Successors: 402130
  BB: 4013ad in func 401270 with 1 insts
    I: 4013ad (flow 4013b2)
      Successors: 4013b2
  BB: 4015ae in func 401270 with 1 insts
    I: 4015ae (flow 4015b3)
      Successors: 4015b3
  BB: 401bad in func 401270 with 3 insts
    I: 401bad
    I: 401bb4
    I: 401bbb (flow 402130)
      Successors: 402130
  BB: 4013b2 in func 401270 with 3 insts
    I: 4013b2
    I: 4013b5
    I: 4013ba (flow 40182c)
      Successors: 4013c0, 40182c
  BB: 4015b3 in func 401270 with 3 insts
    I: 4015b3
    I: 4015b6
    I: 4015bb (flow 401bc0)
      Successors: 401bc0, 4015c1
  BB: 4013c0 in func 401270 with 1 insts
    I: 4013c0 (flow 4013c5)
      Successors: 4013c5
  BB: 4015c1 in func 401270 with 1 insts
    I: 4015c1 (flow 4015c6)
      Successors: 4015c6
  BB: 401bc0 in func 401270 with 7 insts
    I: 401bc0
    I: 401bc3
    I: 401bc8
    I: 401bcd
    I: 401bd0
    I: 401bd3
    I: 401bd6 (flow 402130)
      Successors: 402130
  BB: 4013c5 in func 401270 with 3 insts
    I: 4013c5
    I: 4013c8
    I: 4013cd (flow 4018b5)
      Successors: 4013d3, 4018b5
  BB: 4015c6 in func 401270 with 3 insts
    I: 4015c6
    I: 4015c9
    I: 4015ce (flow 40191d)
      Successors: 4015d4, 40191d
  BB: 4013d3 in func 401270 with 1 insts
    I: 4013d3 (flow 4013d8)
      Successors: 4013d8
  BB: 4015d4 in func 401270 with 1 insts
    I: 4015d4 (flow 4015d9)
      Successors: 4015d9
  BB: 4013d8 in func 401270 with 3 insts
    I: 4013d8
    I: 4013db
    I: 4013e0 (flow 4016af)
      Successors: 4013e6, 4016af
  BB: 4015d9 in func 401270 with 3 insts
    I: 4015d9
    I: 4015dc
    I: 4015e1 (flow 401e47)
      Successors: 401e47, 4015e7
  BB: 401bdb in func 401270 with 8 insts
    I: 401bdb
    I: 401bdf
    I: 401be3
    I: 401be8
    I: 401bed
    I: 401bf1
    I: 401bf4
    I: 401bf7 (flow 402130)
      Successors: 402130
  BB: 4013e6 in func 401270 with 1 insts
    I: 4013e6 (flow 4013eb)
      Successors: 4013eb
  BB: 4015e7 in func 401270 with 1 insts
    I: 4015e7 (flow 4015ec)
      Successors: 4015ec
  BB: 4013eb in func 401270 with 3 insts
    I: 4013eb
    I: 4013ee
    I: 4013f3 (flow 40207b)
      Successors: 4013f9, 40207b
  BB: 4015ec in func 401270 with 3 insts
    I: 4015ec
    I: 4015ef
    I: 4015f4 (flow 401d5b)
      Successors: 4015fa, 401d5b
  BB: 401dee in func 401270 with 24 insts
    I: 401dee (imm 405058)
    I: 401df5
    I: 401df7 (imm 40504c)
    I: 401dfe
    I: 401e00
    I: 401e02
    I: 401e05
    I: 401e07
    I: 401e09
    I: 401e0c
    I: 401e0f
    I: 401e12
    I: 401e15
    I: 401e18
    I: 401e1b
    I: 401e1d
    I: 401e1f
    I: 401e21
    I: 401e23
    I: 401e28
    I: 401e2d
    I: 401e30
    I: 401e33
    I: 401e36 (flow 402130)
      Successors: 402130
  BB: 4019f8 in func 401270 with 2 insts
    I: 4019f8
    I: 4019ff (flow 402130)
      Successors: 402130
  BB: 4013f9 in func 401270 with 1 insts
    I: 4013f9 (flow 4013fe)
      Successors: 4013fe
  BB: 4015fa in func 401270 with 1 insts
    I: 4015fa (flow 4015ff)
      Successors: 4015ff
  BB: 401bfc in func 401270 with 18 insts
    I: 401bfc
    I: 401c00
    I: 401c04
    I: 401c07
    I: 401c0b
    I: 401c0f
    I: 401c13
    I: 401c16
    I: 401c1b
    I: 401c1d
    I: 401c22
    I: 401c25
    I: 401c28
    I: 401c2d
    I: 401c32
    I: 401c35
    I: 401c38
    I: 401c3b (flow 402130)
      Successors: 402130
  BB: 4013fe in func 401270 with 3 insts
    I: 4013fe
    I: 401401
    I: 401406 (flow 401f42)
      Successors: 401f42, 40140c
  BB: 4015ff in func 401270 with 3 insts
    I: 4015ff
    I: 401602
    I: 401607 (flow 401a04)
      Successors: 401a04, 40160d
Recovering 402140
  Analysing subroutine sub_402140 at 402140
    Block head at 00402621 is not code.
  Subroutine sub_402140 at 402140 has 48 blocks
  BB: 4021fd in func 402140 with 3 insts
    I: 4021fd
    I: 402200
    I: 402205 (flow 4023f8)
      Successors: 4023f8, 40220b
  BB: 402282 in func 402140 with 1 insts
    I: 402282 (flow 40261c)
      Successors: 40261c
  BB: 402503 in func 402140 with 40 insts
    I: 402503 (imm 405054)
    I: 40250a
    I: 40250c (imm 405048)
    I: 402513
    I: 402515
    I: 402517
    I: 40251d
    I: 402520
    I: 402526
    I: 402529
    I: 40252c
    I: 40252f
    I: 402533
    I: 402536
    I: 40253a
    I: 40253d
    I: 40253f
    I: 402542
    I: 402546
    I: 402548
    I: 40254b
    I: 40254d
    I: 402550
    I: 402553
    I: 402556
    I: 40255a
    I: 40255d
    I: 402560
    I: 402563
    I: 402566
    I: 402569
    I: 40256b
    I: 40256e
    I: 402570
    I: 402572
    I: 402577
    I: 40257c
    I: 40257f
    I: 402582
    I: 402585 (flow 40261c)
      Successors: 40261c
  BB: 402404 in func 402140 with 24 insts
    I: 402404 (imm 405054)
    I: 40240b
    I: 40240d (imm 405048)
    I: 402414
    I: 402416
    I: 402418
    I: 40241b
    I: 40241d
    I: 40241f
    I: 402422
    I: 402425
    I: 402428
    I: 40242b
    I: 40242e
    I: 402431
    I: 402433
    I: 402435
    I: 402437
    I: 402439
    I: 40243e
    I: 402443
    I: 402446
    I: 402449
    I: 40244c (flow 40261c)
      Successors: 40261c
  BB: 402186 in func 402140 with 1 insts
    I: 402186 (flow 40218b)
      Successors: 40218b
  BB: 402287 in func 402140 with 7 insts
    I: 402287
    I: 40228a
    I: 40228f
    I: 402294
    I: 402297
    I: 40229a
    I: 40229d (flow 40261c)
      Successors: 40261c
  BB: 40258a in func 402140 with 26 insts
    I: 40258a
    I: 40258d
    I: 402590 (imm 405054)
    I: 402597
    I: 402599 (imm 405048)
    I: 4025a0
    I: 4025a2
    I: 4025a4
    I: 4025aa
    I: 4025ad
    I: 4025b3
    I: 4025b6
    I: 4025b9
    I: 4025bc
    I: 4025bf
    I: 4025c2
    I: 4025c5
    I: 4025c7
    I: 4025c9
    I: 4025cb
    I: 4025cd
    I: 4025d2
    I: 4025d7
    I: 4025da
    I: 4025dd
    I: 4025e0 (flow 40261c)
      Successors: 40261c
  BB: 40218b in func 402140 with 3 insts
    I: 40218b
    I: 40218e
    I: 402193 (flow 4024f7)
      Successors: 402199, 4024f7
  BB: 40220b in func 402140 with 1 insts
    I: 40220b (flow 402210)
      Successors: 402210
  BB: 402210 in func 402140 with 3 insts
    I: 402210
    I: 402213
    I: 402218 (flow 402404)
      Successors: 402404, 40221e
  BB: 402615 in func 402140 with 1 insts
    I: 402615
      Successors: 40261c
  BB: 402199 in func 402140 with 1 insts
    I: 402199 (flow 40219e)
      Successors: 40219e
  BB: 40261c in func 402140 with 1 insts
    I: 40261c (flow 402162)
      Successors: 402162
  BB: 40221e in func 402140 with 1 insts
    I: 40221e (flow 402223)
      Successors: 402223
  BB: 40219e in func 402140 with 3 insts
    I: 40219e
    I: 4021a1
    I: 4021a6 (flow 4025e5)
      Successors: 4021ac, 4025e5
  BB: 4022a2 in func 402140 with 22 insts
    I: 4022a2
    I: 4022a5
    I: 4022a8
    I: 4022aa
    I: 4022ac
    I: 4022ae
    I: 4022b0
    I: 4022b2
    I: 4022b4
    I: 4022b6
    I: 4022bb
    I: 4022bc
    I: 4022be
    I: 4022c1
    I: 4022c4
    I: 4022c8
    I: 4022cc
    I: 4022d1
    I: 4022d6
    I: 4022d9
    I: 4022dc
    I: 4022df (flow 40261c)
      Successors: 40261c
  BB: 402223 in func 402140 with 3 insts
    I: 402223
    I: 402226
    I: 40222b (flow 40258a)
      Successors: 402231, 40258a
  BB: 4021ac in func 402140 with 1 insts
    I: 4021ac (flow 4021b1)
      Successors: 4021b1
  BB: 4021b1 in func 402140 with 3 insts
    I: 4021b1
    I: 4021b4
    I: 4021b9 (flow 4025ea)
      Successors: 4025ea, 4021bf
  BB: 402231 in func 402140 with 1 insts
    I: 402231 (flow 402236)
      Successors: 402236
  BB: 402236 in func 402140 with 3 insts
    I: 402236
    I: 402239
    I: 40223e (flow 4025fc)
      Successors: 402244, 4025fc
  BB: 4021bf in func 402140 with 1 insts
    I: 4021bf (flow 4021c4)
      Successors: 4021c4
  BB: 402140 in func 402140 with 9 insts
    I: 402140
    I: 402141
    I: 402144
    I: 402147
    I: 40214b
    I: 40214e
    I: 402155
    I: 402158
    I: 40215b
      Successors: 402162
  BB: 4021c4 in func 402140 with 3 insts
    I: 4021c4
    I: 4021c7
    I: 4021cc (flow 402451)
      Successors: 402451, 4021d2
  BB: 402244 in func 402140 with 1 insts
    I: 402244 (flow 402249)
      Successors: 402249
  BB: 402249 in func 402140 with 3 insts
    I: 402249
    I: 40224c
    I: 402251 (flow 402615)
      Successors: 402615, 402257
  BB: 402451 in func 402140 with 45 insts
    I: 402451
    I: 402454
    I: 402459
    I: 40245c
    I: 402461
    I: 402464 (imm 405054)
    I: 40246b
    I: 40246d (imm 405048)
    I: 402474
    I: 402476
    I: 402478
    I: 40247e
    I: 402481
    I: 402487
    I: 40248a
    I: 40248d
    I: 402490
    I: 402494
    I: 402497
    I: 40249b
    I: 40249e
    I: 4024a0
    I: 4024a3
    I: 4024a7
    I: 4024a9
    I: 4024ac
    I: 4024ae
    I: 4024b1
    I: 4024b4
    I: 4024b7
    I: 4024bb
    I: 4024be
    I: 4024c1
    I: 4024c4
    I: 4024c7
    I: 4024ca
    I: 4024cc
    I: 4024cf
    I: 4024d1
    I: 4024d3
    I: 4024d8
    I: 4024dd
    I: 4024e0
    I: 4024e3
    I: 4024e6 (flow 40261c)
      Successors: 40261c
  BB: 4021d2 in func 402140 with 1 insts
    I: 4021d2 (flow 4021d7)
      Successors: 4021d7
  BB: 4021d7 in func 402140 with 3 insts
    I: 4021d7
    I: 4021da
    I: 4021df (flow 4022e4)
      Successors: 4022e4, 4021e5
  BB: 402257 in func 402140 with 1 insts
    I: 402257 (flow 40225c)
      Successors: 40225c
  BB: 40225c in func 402140 with 3 insts
    I: 40225c
    I: 40225f
    I: 402264 (flow 4022a2)
      Successors: 4022a2, 40226a
  BB: 402162 in func 402140 with 4 insts
    I: 402162
    I: 402165
    I: 402168
    I: 40216d (flow 402503)
      Successors: 402503, 402173
  BB: 402178 in func 402140 with 3 insts
    I: 402178
    I: 40217b
    I: 402180 (flow 40236b)
      Successors: 40236b, 402186
  BB: 4021e5 in func 402140 with 1 insts
    I: 4021e5 (flow 4021ea)
      Successors: 4021ea
  BB: 4022e4 in func 402140 with 40 insts
    I: 4022e4 (imm 405054)
    I: 4022eb
    I: 4022ed (imm 405048)
    I: 4022f4
    I: 4022f6
    I: 4022f8
    I: 4022fe
    I: 402301
    I: 402307
    I: 40230a
    I: 40230d
    I: 402310
    I: 402314
    I: 402317
    I: 40231b
    I: 40231e
    I: 402320
    I: 402323
    I: 402327
    I: 402329
    I: 40232c
    I: 40232e
    I: 402331
    I: 402334
    I: 402337
    I: 40233b
    I: 40233e
    I: 402341
    I: 402344
    I: 402347
    I: 40234a
    I: 40234c
    I: 40234f
    I: 402351
    I: 402353
    I: 402358
    I: 40235d
    I: 402360
    I: 402363
    I: 402366 (flow 40261c)
      Successors: 40261c
  BB: 4025e5 in func 402140 with 3 insts
    I: 4025e5
    I: 4025e8
    I: 4025e9
      No successors
  BB: 4021f8 in func 402140 with 1 insts
    I: 4021f8 (flow 4021fd)
      Successors: 4021fd
  BB: 4021ea in func 402140 with 3 insts
    I: 4021ea
    I: 4021ed
    I: 4021f2 (flow 4024eb)
      Successors: 4021f8, 4024eb
  BB: 40226a in func 402140 with 1 insts
    I: 40226a (flow 40226f)
      Successors: 40226f
  BB: 40236b in func 402140 with 42 insts
    I: 40236b
    I: 40236e
    I: 402371 (imm 405054)
    I: 402378
    I: 40237a (imm 405048)
    I: 402381
    I: 402383
    I: 402385
    I: 40238b
    I: 40238e
    I: 402394
    I: 402397
    I: 40239a
    I: 40239d
    I: 4023a1
    I: 4023a4
    I: 4023a8
    I: 4023ab
    I: 4023ad
    I: 4023b0
    I: 4023b4
    I: 4023b6
    I: 4023b9
    I: 4023bb
    I: 4023be
    I: 4023c1
    I: 4023c4
    I: 4023c8
    I: 4023cb
    I: 4023ce
    I: 4023d1
    I: 4023d4
    I: 4023d7
    I: 4023d9
    I: 4023dc
    I: 4023de
    I: 4023e0
    I: 4023e5
    I: 4023ea
    I: 4023ed
    I: 4023f0
    I: 4023f3 (flow 40261c)
      Successors: 40261c
  BB: 4024eb in func 402140 with 2 insts
    I: 4024eb
    I: 4024f2 (flow 40261c)
      Successors: 40261c
  BB: 4025ea in func 402140 with 4 insts
    I: 4025ea
    I: 4025ed
    I: 4025f0
    I: 4025f7 (flow 40261c)
      Successors: 40261c
  BB: 40226f in func 402140 with 3 insts
    I: 40226f
    I: 402272
    I: 402277 (flow 402287)
      Successors: 40227d, 402287
  BB: 402173 in func 402140 with 1 insts
    I: 402173 (flow 402178)
      Successors: 402178
  BB: 4024f7 in func 402140 with 2 insts
    I: 4024f7
    I: 4024fe (flow 40261c)
      Successors: 40261c
  BB: 4023f8 in func 402140 with 2 insts
    I: 4023f8
    I: 4023ff (flow 40261c)
      Successors: 40261c
  BB: 4025fc in func 402140 with 7 insts
    I: 4025fc
    I: 4025ff
    I: 402601
    I: 402604
    I: 402606
    I: 402609
    I: 402610 (flow 40261c)
      Successors: 40261c
  BB: 40227d in func 402140 with 1 insts
    I: 40227d (flow 402282)
      Successors: 402282
Recovering .term_proc at 402624
  Analysing subroutine .term_proc at 402624
    Block head at 00402631 is not code.
  Subroutine .term_proc at 402624 has 1 blocks
  BB: 402624 in func 402624 with 4 insts
    I: 402624
    I: 402628
    I: 40262c
    I: 402630
      No successors
Global Variable None
WARNING: Global constructor and destructor sections are adjacent!
Recovering region LOAD [400000, 4005d0) in segment LOAD
  8-byte reference at 400018 to 401090 (start)
  8-byte reference at 4000f8 to 401000 (.init_proc)
  8-byte reference at 400130 to 403000 ()
  8-byte reference at 400168 to 404de8 ()
  8-byte reference at 400280 to 40300c ()
  8-byte reference at 4002f0 to 404de8 ()
Recovering region .init [401000, 40101b) in segment .init
Recovering region LOAD [40101b, 401020) in segment LOAD
Recovering region .plt [401020, 401090) in segment .plt
Recovering region .text [401090, 402621) in segment .text
Recovering region LOAD [402621, 402624) in segment LOAD
Recovering region .fini [402624, 402631) in segment .fini
Recovering region .rodata [403000, 40300b) in segment .rodata
  Variable format at 403007
Recovering region LOAD [40300b, 40300c) in segment LOAD
Recovering region .eh_frame_hdr [40300c, 403048) in segment .eh_frame_hdr
Recovering region .eh_frame [403048, 403120) in segment .eh_frame
Recovering region LOAD [403120, 403160) in segment LOAD
Recovering region .init_array [404de8, 404df8) in segment .init_array
  8-byte reference at 404de8 to 401170 ()
  8-byte reference at 404df0 to 401140 ()
Recovering region LOAD [404df8, 404fd8) in segment LOAD
Recovering region .got [404fd8, 404fe8) in segment .got
  8-byte reference at 404fd8 to 405068 (__libc_start_main)
  8-byte reference at 404fe0 to 405098 (__gmon_start__)
Recovering region .got.plt [404fe8, 405030) in segment .got.plt
  8-byte reference at 405000 to 405060 (free)
  8-byte reference at 405008 to 405070 (printf)
  8-byte reference at 405010 to 405078 (memset)
  8-byte reference at 405018 to 405080 (calloc)
  8-byte reference at 405020 to 405088 (realloc)
  8-byte reference at 405028 to 405090 (__isoc99_scanf)
Recovering region .data [405030, 405040) in segment .data
Recovering region .bss [405040, 405060) in segment .bss
Recovering extern function free at 401030
Recovering extern function printf at 401040
Recovering extern function memset at 401050
Recovering extern function calloc at 401060
Recovering extern function realloc at 401070
Recovering extern function __isoc99_scanf at 401080
Recovering extern function free at 405060
Recovering extern function __libc_start_main at 405068
Recovering extern function printf at 405070
Recovering extern function memset at 405078
Recovering extern function calloc at 405080
Recovering extern function realloc at 405088
Recovering extern function __isoc99_scanf at 405090
Recovering extern function __gmon_start__ at 405098
Recovered 10 functions.
Saving to: /home/ubuntu/capstone_project/result/pipeline_20260629_141746/s308363767_fla_bcf_instsub.cfg
Done analysis!
