Debugging is enabled.
Loading Standard Definitions file: /home/ubuntu/capstone_project/dependency/mcsema/mcsema/lib/python3/site-packages/mcsema_disass-3.1.3.8-py3.8.egg/mcsema_disass/defs/linux.txt
Using Batch mode.
Starting analysis
Recovering module s308363767_fla_instsub.elf
Found main at 401180
Looking for instructions in segment .init
  Default block heads for function 401000 with loose bounds [401000, 40101b)
    block [401000, 401014)
    block [401014, 401016)
    block [401016, 40101b)
    chunk [401000, 40101b)
Looking for instructions in segment .plt
  Default block heads for function 401020 with loose bounds [401020, 40102c)
    block [401020, 40102c)
    chunk [401020, 40102c)
  Default block heads for function 401030 with loose bounds [401030, 401036)
    block [401030, 401036)
    chunk [401030, 401036)
  Default block heads for function 401040 with loose bounds [401040, 401046)
    block [401040, 401046)
    chunk [401040, 401046)
  Default block heads for function 401050 with loose bounds [401050, 401056)
    block [401050, 401056)
    chunk [401050, 401056)
  Default block heads for function 401060 with loose bounds [401060, 401066)
    block [401060, 401066)
    chunk [401060, 401066)
  Default block heads for function 401070 with loose bounds [401070, 401076)
    block [401070, 401076)
    chunk [401070, 401076)
  Default block heads for function 401080 with loose bounds [401080, 401086)
    block [401080, 401086)
    chunk [401080, 401086)
Looking for instructions in segment .text
  Default block heads for function 401090 with loose bounds [401090, 4010b6)
    block [401090, 4010b6)
    chunk [401090, 4010b6)
  Default block heads for function 4010d0 with loose bounds [4010d0, 4010f1)
    block [4010d0, 4010dd)
    block [4010dd, 4010e7)
    block [4010e7, 4010ee)
    block [4010f0, 4010f1)
    chunk [4010d0, 4010f1)
  Default block heads for function 401140 with loose bounds [401140, 401161)
    block [401140, 40114d)
    block [40114d, 40115f)
    block [401160, 401161)
    chunk [401140, 401161)
  Default block heads for function 401170 with loose bounds [401170, 401176)
    block [401170, 401176)
    chunk [401170, 401176)
    chunk [401100, 401131)
  Default block heads for function 401180 with loose bounds [401180, 401263)
    block [401180, 4011af)
    block [4011af, 4011c0)
    block [4011c0, 4011c5)
    block [4011c5, 4011d3)
    block [4011d3, 4011d8)
    block [4011d8, 4011e6)
    block [4011e6, 4011eb)
    block [4011eb, 4011f0)
    block [4011f0, 40121f)
    block [40121f, 40124d)
    block [40124d, 40125e)
    block [40125e, 401263)
    chunk [401180, 401263)
  Default block heads for function 401270 with loose bounds [401270, 40188c)
    block [401270, 4012f1)
    block [4012f1, 401302)
    block [401302, 401307)
    block [401307, 401315)
    block [401315, 40131a)
    block [40131a, 401328)
    block [401328, 40132d)
    block [40132d, 40133b)
    block [40133b, 401340)
    block [401340, 40134e)
    block [40134e, 401353)
    block [401353, 401361)
    block [401361, 401366)
    block [401366, 401374)
    block [401374, 401379)
    block [401379, 401387)
    block [401387, 40138c)
    block [40138c, 40139a)
    block [40139a, 40139f)
    block [40139f, 4013ad)
    block [4013ad, 4013b2)
    block [4013b2, 4013c0)
    block [4013c0, 4013c5)
    block [4013c5, 4013d3)
    block [4013d3, 4013d8)
    block [4013d8, 4013e6)
    block [4013e6, 4013eb)
    block [4013eb, 4013f9)
    block [4013f9, 4013fe)
    block [4013fe, 40140c)
    block [40140c, 401411)
    block [401411, 40141f)
    block [40141f, 401424)
    block [401424, 401432)
    block [401432, 401437)
    block [401437, 401445)
    block [401445, 40144a)
    block [40144a, 401458)
    block [401458, 40145d)
    block [40145d, 40146b)
    block [40146b, 401470)
    block [401470, 40147e)
    block [40147e, 401483)
    block [401483, 401491)
    block [401491, 401496)
    block [401496, 4014a4)
    block [4014a4, 4014a9)
    block [4014a9, 4014b7)
    block [4014b7, 4014bc)
    block [4014bc, 4014ca)
    block [4014ca, 4014cf)
    block [4014cf, 4014dd)
    block [4014dd, 4014e2)
    block [4014e2, 4014e7)
    block [4014e7, 40151b)
    block [40151b, 40158d)
    block [40158d, 401599)
    block [401599, 4015b4)
    block [4015b4, 4015c9)
    block [4015c9, 4015f0)
    block [4015f0, 40160b)
    block [40160b, 40161e)
    block [40161e, 401639)
    block [401639, 401653)
    block [401653, 40166e)
    block [40166e, 401686)
    block [401686, 4016af)
    block [4016af, 4016d2)
    block [4016d2, 4016f3)
    block [4016f3, 401706)
    block [401706, 401721)
    block [401721, 401742)
    block [401742, 401786)
    block [401786, 4017c5)
    block [4017c5, 401803)
    block [401803, 40180f)
    block [40180f, 401830)
    block [401830, 40183c)
    block [40183c, 40185b)
    block [40185b, 401887)
    block [401887, 40188c)
    chunk [401270, 40188c)
  Default block heads for function 401890 with loose bounds [401890, 4019d0)
    block [401890, 4018b2)
    block [4018b2, 4018c3)
    block [4018c3, 4018c8)
    block [4018c8, 4018d6)
    block [4018d6, 4018db)
    block [4018db, 4018e9)
    block [4018e9, 4018ee)
    block [4018ee, 4018fc)
    block [4018fc, 401901)
    block [401901, 40190f)
    block [40190f, 401914)
    block [401914, 401922)
    block [401922, 401927)
    block [401927, 40192c)
    block [40192c, 401947)
    block [401947, 401989)
    block [401989, 40199b)
    block [40199b, 4019ba)
    block [4019ba, 4019c6)
    block [4019c6, 4019cb)
    block [4019cb, 4019d0)
    chunk [401890, 4019d0)
Looking for instructions in segment .fini
  Default block heads for function 4019d0 with loose bounds [4019d0, 4019dd)
    block [4019d0, 4019dd)
    chunk [4019d0, 4019dd)
Looking for strings in segment .rodata [402000, 40200b)
  Found string b'%d\n' of length 4 at 402007, jumping to 40200b
Looking for strings in segment .eh_frame_hdr [40200c, 402048)
Looking for strings in segment .eh_frame [402048, 402120)
Looking for strings in segment .init_array [403de8, 403df0)
Looking for strings in segment .fini_array [403df0, 403df8)
Looking for strings in segment .got [403fd8, 403fe8)
Looking for strings in segment .got.plt [403fe8, 404030)
Looking for strings in segment .data [404030, 404040)
Looking for strings in segment .bss [404040, 404048)
Looking for strings in segment extern [404048, 404088)
Looking for cross-references in segment .init [401000, 40101b)
Looking for cross-references in segment .plt [401020, 401090)
  Stopping scan at 40102c
Looking for cross-references in segment .text [401090, 4019d0)
  Stopping scan at 4010bc
  Stopping scan at 4010cc
  Stopping scan at ffffffffffffffff
  Stopping scan at 4010fc
  Stopping scan at 40113c
  Stopping scan at ffffffffffffffff
  Stopping scan at 40116c
  Stopping scan at 40117c
  Stopping scan at 40126c
  Stopping scan at 40188c
Looking for cross-references in segment .fini [4019d0, 4019dd)
Looking for cross-references in segment .rodata [402000, 40200b)
  Stopping scan at 402008
Looking for cross-references in segment .eh_frame_hdr [40200c, 402048)
  Stopping scan at 402044
Looking for cross-references in segment .eh_frame [402048, 402120)
  Stopping scan at 40211c
Looking for cross-references in segment .init_array [403de8, 403df0)
  Adding qword reference from 403de8 to 401170
  Stopping scan at 403de8
Looking for cross-references in segment .fini_array [403df0, 403df8)
  Adding qword reference from 403df0 to 401140
  Stopping scan at 403df0
Looking for cross-references in segment .got [403fd8, 403fe8)
  Adding qword reference from 403fd8 to 404050
  Adding qword reference from 403fe0 to 404080
  Stopping scan at 403fe0
Looking for cross-references in segment .got.plt [403fe8, 404030)
  Adding qword reference from 404000 to 404048
  Adding qword reference from 404008 to 404058
  Adding qword reference from 404010 to 404060
  Adding qword reference from 404018 to 404068
  Adding qword reference from 404020 to 404070
  Adding qword reference from 404028 to 404078
  Stopping scan at 404028
Looking for cross-references in segment .data [404030, 404040)
  Stopping scan at 40403c
Looking for cross-references in segment .bss [404040, 404048)
  Stopping scan at 404044
Looking for cross-references in segment extern [404048, 404088)
  Stopping scan at 404084
Looking for thunks
  Found thunk for free targeting 404048 at 401030
  Found thunk for printf targeting 404058 at 401040
  Found thunk for memset targeting 404060 at 401050
  Found thunk for calloc targeting 404068 at 401060
  Found thunk for realloc targeting 404070 at 401070
  Found thunk for __isoc99_scanf targeting 404078 at 401080
Looking for external symbols
  Function at 401030 is the external function free
  Function at 401040 is the external function printf
  Function at 401050 is the external function memset
  Function at 401060 is the external function calloc
  Function at 401070 is the external function realloc
  Function at 401080 is the external function __isoc99_scanf
  Function at 404048 is the external function free
  Function at 404050 is the external function __libc_start_main
  Function at 404058 is the external function printf
  Function at 404060 is the external function memset
  Function at 404068 is the external function calloc
  Function at 404070 is the external function realloc
  Function at 404078 is the external function __isoc99_scanf
  Function at 404080 is the external function __gmon_start__
Looking for entrypoints
Recovering .init_proc at 401000
  Analysing subroutine .init_proc at 401000
    Block head at 0040101b is not code.
  Subroutine .init_proc at 401000 has 3 blocks
  BB: 401000 in func 401000 with 5 insts
    Referenced by data
    I: 401000
    I: 401004
    I: 401008 (mem 403fe0)
    I: 40100f
    I: 401012 (flow 401016)
      Successors: 401014, 401016
  BB: 401014 in func 401000 with 1 insts
    I: 401014
      Successors: 401016
  BB: 401016 in func 401000 with 2 insts
    I: 401016
    I: 40101a
      No successors
Recovering 401020
  Analysing subroutine sub_401020 at 401020
  WARNING: No table entries for indirect jump at 401026; Adding next_ea 40102c as successor.
  Subroutine sub_401020 at 401020 has 2 blocks
  WARNING: No table entries for indirect jump at 401026; Adding next_ea 40102c as successor.
  BB: 401020 in func 401020 with 2 insts
    I: 401020 (mem 403ff0)
    I: 401026 (mem 403ff8)
      Successors: 40102c
  BB: 40102c in func 401020 with 1 insts
    I: 40102c
      No successors
Recovering start at 401090
  Analysing subroutine start at 401090
  Subroutine start at 401090 has 3 blocks
  BB: 401090 in func 401090 with 13 insts
    Referenced by data
    I: 401090
    I: 401094
    I: 401096
    I: 401099
    I: 40109a
    I: 40109d
    I: 4010a1
    I: 4010a2
    I: 4010a3
    I: 4010a6
    I: 4010a8 (imm 401180)
    I: 4010af (mem 403fd8)
    I: 4010b5
      No successors
  BB: 4010c5 in func 401090 with 2 insts
    I: 4010c5
    I: 4010cf
      No successors
  BB: 4010b6 in func 401090 with 3 insts
    I: 4010b6
    I: 4010c0
    I: 4010c4
      No successors
Recovering 4010d0
  Analysing subroutine sub_4010D0 at 4010d0
  WARNING: No table entries for indirect jump at 4010ec; Adding next_ea 4010ee as successor.
  WARNING: No table entries for indirect jump at 40112e; Adding next_ea 401130 as successor.
  Subroutine sub_4010D0 at 4010d0 has 11 blocks
  BB: 401100 in func 4010d0 with 8 insts
    I: 401100 (imm 404040)
    I: 401105 (imm 404040)
    I: 40110c
    I: 40110f
    I: 401113
    I: 401117
    I: 40111a
    I: 40111d (flow 401130)
      Successors: 401130, 40111f
  WARNING: No table entries for indirect jump at 4010ec; Adding next_ea 4010ee as successor.
  BB: 4010e7 in func 4010d0 with 2 insts
    I: 4010e7 (imm 404040)
    I: 4010ec
      Successors: 4010ee
  WARNING: No table entries for indirect jump at 40112e; Adding next_ea 401130 as successor.
  BB: 401129 in func 4010d0 with 2 insts
    I: 401129 (imm 404040)
    I: 40112e
      Successors: 401130
  BB: 4010ee in func 4010d0 with 1 insts
    I: 4010ee
      Successors: 4010f0
  BB: 4010d0 in func 4010d0 with 3 insts
    I: 4010d0 (imm 404040)
    I: 4010d5 (imm 404040)
    I: 4010db (flow 4010f0)
      Successors: 4010f0, 4010dd
  BB: 4010f0 in func 4010d0 with 1 insts
    I: 4010f0
      No successors
  BB: 4010f1 in func 4010d0 with 2 insts
    I: 4010f1
    I: 4010f5
      Successors: 401100
  BB: 401130 in func 4010d0 with 1 insts
    I: 401130
      No successors
  BB: 401131 in func 4010d0 with 2 insts
    I: 401131
    I: 401135
      No successors
  BB: 4010dd in func 4010d0 with 3 insts
    I: 4010dd
    I: 4010e2
    I: 4010e5 (flow 4010f0)
      Successors: 4010f0, 4010e7
  BB: 40111f in func 4010d0 with 3 insts
    I: 40111f
    I: 401124
    I: 401127 (flow 401130)
      Successors: 401130, 401129
Recovering 401140
  Analysing subroutine sub_401140 at 401140
  Subroutine sub_401140 at 401140 has 5 blocks
  BB: 401140 in func 401140 with 3 insts
    Referenced by data
    I: 401140
    I: 401144 (mem 404040)
    I: 40114b (flow 401160)
      Successors: 401160, 40114d
  BB: 401161 in func 401140 with 2 insts
    I: 401161
    I: 401165
      No successors
  BB: 401160 in func 401140 with 1 insts
    I: 401160
      No successors
  BB: 40114d in func 401140 with 6 insts
    I: 40114d
    I: 40114e
    I: 401151 (flow 4010d0)
    I: 401156 (mem 404040)
    I: 40115d
    I: 40115e
      No successors
  BB: 40115f in func 401140 with 1 insts
    I: 40115f
      Successors: 401160
Recovering 401170
  Analysing subroutine sub_401170 at 401170
  WARNING: No table entries for indirect jump at 40112e; Adding next_ea 401130 as successor.
  Subroutine sub_401170 at 401170 has 6 blocks
  BB: 401100 in func 401170 with 8 insts
    I: 401100 (imm 404040)
    I: 401105 (imm 404040)
    I: 40110c
    I: 40110f
    I: 401113
    I: 401117
    I: 40111a
    I: 40111d (flow 401130)
      Successors: 401130, 40111f
  WARNING: No table entries for indirect jump at 40112e; Adding next_ea 401130 as successor.
  BB: 401129 in func 401170 with 2 insts
    I: 401129 (imm 404040)
    I: 40112e
      Successors: 401130
  BB: 401170 in func 401170 with 2 insts
    Referenced by data
    I: 401170
    I: 401174 (flow 401100)
      Successors: 401100
  BB: 401130 in func 401170 with 1 insts
    I: 401130
      No successors
  BB: 401176 in func 401170 with 1 insts
    I: 401176
      No successors
  BB: 40111f in func 401170 with 3 insts
    I: 40111f
    I: 401124
    I: 401127 (flow 401130)
      Successors: 401130, 401129
Recovering main at 401180
  Analysing subroutine main at 401180
  Subroutine main at 401180 has 13 blocks
  BB: 401180 in func 401180 with 11 insts
    Referenced by data
    I: 401180
    I: 401181
    I: 401184
    I: 401188
    I: 40118f
    I: 401192
    I: 401196
    I: 40119b
    I: 40119f
    I: 4011a3 (flow 401270)
    I: 4011a8
      Successors: 4011af
  BB: 4011c0 in func 401180 with 1 insts
    I: 4011c0 (flow 4011c5)
      Successors: 4011c5
  BB: 401263 in func 401180 with 2 insts
    I: 401263
    I: 40126d
      No successors
  BB: 4011c5 in func 401180 with 3 insts
    I: 4011c5
    I: 4011c8
    I: 4011cd (flow 4011f0)
      Successors: 4011f0, 4011d3
  BB: 4011e6 in func 401180 with 1 insts
    I: 4011e6 (flow 4011eb)
      Successors: 4011eb
  BB: 4011eb in func 401180 with 1 insts
    I: 4011eb (flow 40125e)
      Successors: 40125e
  BB: 40124d in func 401180 with 6 insts
    I: 40124d
    I: 401251 (flow 404048)
    I: 401256
    I: 401258
    I: 40125c
    I: 40125d
      No successors
  BB: 4011af in func 401180 with 4 insts
    I: 4011af
    I: 4011b2
    I: 4011b5
    I: 4011ba (flow 40121f)
      Successors: 4011c0, 40121f
  BB: 4011f0 in func 401180 with 11 insts
    I: 4011f0 (imm 402004)
    I: 4011fa
    I: 4011fe
    I: 401200 (flow 404078)
    I: 401205
    I: 401207
    I: 40120c
    I: 401211
    I: 401214
    I: 401217
    I: 40121a (flow 40125e)
      Successors: 40125e
  BB: 4011d3 in func 401180 with 1 insts
    I: 4011d3 (flow 4011d8)
      Successors: 4011d8
  BB: 4011d8 in func 401180 with 3 insts
    I: 4011d8
    I: 4011db
    I: 4011e0 (flow 40124d)
      Successors: 40124d, 4011e6
  BB: 40125e in func 401180 with 1 insts
    I: 40125e (flow 4011af)
      Successors: 4011af
  BB: 40121f in func 401180 with 10 insts
    I: 40121f
    I: 401222
    I: 401226
    I: 401229 (flow 401890)
    I: 40122e
    I: 401230 (imm 402007)
    I: 40123a
    I: 40123c (flow 404058)
    I: 401241
    I: 401248 (flow 40125e)
      Successors: 40125e
Recovering 401270
  Analysing subroutine sub_401270 at 401270
  Subroutine sub_401270 at 401270 has 82 blocks
  BB: 401803 in func 401270 with 2 insts
    I: 401803
    I: 40180a (flow 401887)
      Successors: 401887
  BB: 40160b in func 401270 with 3 insts
    I: 40160b
    I: 401612
    I: 401619 (flow 401887)
      Successors: 401887
  BB: 40140c in func 401270 with 1 insts
    I: 40140c (flow 401411)
      Successors: 401411
  BB: 40180f in func 401270 with 11 insts
    I: 40180f
    I: 401812
    I: 401814
    I: 401816
    I: 401818
    I: 40181b
    I: 40181d
    I: 40181f
    I: 401821
    I: 401824
    I: 40182b (flow 401887)
      Successors: 401887
  BB: 401411 in func 401270 with 3 insts
    I: 401411
    I: 401414
    I: 401419 (flow 4015c9)
      Successors: 4015c9, 40141f
  BB: 40161e in func 401270 with 7 insts
    I: 40161e
    I: 401621
    I: 401626
    I: 40162b
    I: 40162e
    I: 401631
    I: 401634 (flow 401887)
      Successors: 401887
  BB: 40141f in func 401270 with 1 insts
    I: 40141f (flow 401424)
      Successors: 401424
  BB: 401424 in func 401270 with 3 insts
    I: 401424
    I: 401427
    I: 40142c (flow 401830)
      Successors: 401830, 401432
  BB: 401830 in func 401270 with 2 insts
    I: 401830
    I: 401837 (flow 401887)
      Successors: 401887
  BB: 401432 in func 401270 with 1 insts
    I: 401432 (flow 401437)
      Successors: 401437
  BB: 401437 in func 401270 with 3 insts
    I: 401437
    I: 40143a
    I: 40143f (flow 401706)
      Successors: 401445, 401706
  BB: 401639 in func 401270 with 6 insts
    I: 401639
    I: 40163d
    I: 401641
    I: 401644
    I: 401647
    I: 40164e (flow 401887)
      Successors: 401887
  BB: 40183c in func 401270 with 7 insts
    I: 40183c
    I: 40183f
    I: 401844
    I: 401847
    I: 40184c
    I: 40184f
    I: 401856 (flow 401887)
      Successors: 401887
  BB: 401445 in func 401270 with 1 insts
    I: 401445 (flow 40144a)
      Successors: 40144a
  BB: 40144a in func 401270 with 3 insts
    I: 40144a
    I: 40144d
    I: 401452 (flow 401599)
      Successors: 401458, 401599
  BB: 401653 in func 401270 with 7 insts
    I: 401653
    I: 401656
    I: 40165b
    I: 401660
    I: 401663
    I: 401666
    I: 401669 (flow 401887)
      Successors: 401887
  BB: 401458 in func 401270 with 1 insts
    I: 401458 (flow 40145d)
      Successors: 40145d
  BB: 40185b in func 401270 with 13 insts
    I: 40185b
    I: 40185f (flow 404048)
    I: 401864
    I: 401868 (flow 404048)
    I: 40186d
    I: 401871
    I: 401875
    I: 401878
    I: 40187b
    I: 40187f
    I: 401881
    I: 401885
    I: 401886
      No successors
  BB: 40145d in func 401270 with 3 insts
    I: 40145d
    I: 401460
    I: 401465 (flow 40185b)
      Successors: 40185b, 40146b
  BB: 40146b in func 401270 with 1 insts
    I: 40146b (flow 401470)
      Successors: 401470
  BB: 40166e in func 401270 with 5 insts
    I: 40166e
    I: 401672
    I: 401676
    I: 40167a
    I: 401681 (flow 401887)
      Successors: 401887
  BB: 401270 in func 401270 with 27 insts
    I: 401270
    I: 401271
    I: 401274
    I: 401278
    I: 40127b
    I: 40127f
    I: 401283
    I: 40128a
    I: 40128e
    I: 401293 (flow 404068)
    I: 401298
    I: 40129c
    I: 4012a0
    I: 4012a5 (flow 404068)
    I: 4012aa
    I: 4012ae
    I: 4012b2
    I: 4012b8
    I: 4012bc
    I: 4012c3
    I: 4012ca
    I: 4012d1
    I: 4012d5
    I: 4012da (flow 404068)
    I: 4012df
    I: 4012e3
    I: 4012ea
      Successors: 4012f1
  BB: 401470 in func 401270 with 3 insts
    I: 401470
    I: 401473
    I: 401478 (flow 4015b4)
      Successors: 4015b4, 40147e
  BB: 40147e in func 401270 with 1 insts
    I: 40147e (flow 401483)
      Successors: 401483
  BB: 401483 in func 401270 with 3 insts
    I: 401483
    I: 401486
    I: 40148b (flow 40151b)
      Successors: 401491, 40151b
  BB: 401686 in func 401270 with 10 insts
    I: 401686
    I: 40168a
    I: 40168e
    I: 401691
    I: 401694
    I: 401699
    I: 40169b
    I: 4016a0
    I: 4016a3
    I: 4016aa (flow 401887)
      Successors: 401887
  BB: 401887 in func 401270 with 1 insts
    I: 401887 (flow 4012f1)
      Successors: 4012f1
  BB: 40188c in func 401270 with 1 insts
    I: 40188c
      No successors
  BB: 401491 in func 401270 with 1 insts
    I: 401491 (flow 401496)
      Successors: 401496
  BB: 401496 in func 401270 with 3 insts
    I: 401496
    I: 401499
    I: 40149e (flow 4015f0)
      Successors: 4015f0, 4014a4
  BB: 4014a4 in func 401270 with 1 insts
    I: 4014a4 (flow 4014a9)
      Successors: 4014a9
  BB: 4014a9 in func 401270 with 3 insts
    I: 4014a9
    I: 4014ac
    I: 4014b1 (flow 401803)
      Successors: 401803, 4014b7
  BB: 4016af in func 401270 with 10 insts
    I: 4016af
    I: 4016b2
    I: 4016b5
    I: 4016b7
    I: 4016b9
    I: 4016bb
    I: 4016bf
    I: 4016c3
    I: 4016c6
    I: 4016cd (flow 401887)
      Successors: 401887
  BB: 4014b7 in func 401270 with 1 insts
    I: 4014b7 (flow 4014bc)
      Successors: 4014bc
  BB: 4014bc in func 401270 with 3 insts
    I: 4014bc
    I: 4014bf
    I: 4014c4 (flow 401742)
      Successors: 4014ca, 401742
  BB: 4014ca in func 401270 with 1 insts
    I: 4014ca (flow 4014cf)
      Successors: 4014cf
  BB: 4014cf in func 401270 with 3 insts
    I: 4014cf
    I: 4014d2
    I: 4014d7 (flow 40158d)
      Successors: 4014dd, 40158d
  BB: 4016d2 in func 401270 with 11 insts
    I: 4016d2
    I: 4016d5
    I: 4016d7
    I: 4016d9
    I: 4016db
    I: 4016de
    I: 4016e0
    I: 4016e2
    I: 4016e4
    I: 4016e7
    I: 4016ee (flow 401887)
      Successors: 401887
  BB: 4014dd in func 401270 with 1 insts
    I: 4014dd (flow 4014e2)
      Successors: 4014e2
  BB: 4014e2 in func 401270 with 1 insts
    I: 4014e2 (flow 401887)
      Successors: 401887
  BB: 4014e7 in func 401270 with 13 insts
    I: 4014e7
    I: 4014eb
    I: 4014ee
    I: 4014f4
    I: 4014f7
    I: 4014fd
    I: 401500
    I: 401503
    I: 401508
    I: 40150d
    I: 401510
    I: 401513
    I: 401516 (flow 401887)
      Successors: 401887
  BB: 4012f1 in func 401270 with 4 insts
    I: 4012f1
    I: 4012f4
    I: 4012f7
    I: 4012fc (flow 4016d2)
      Successors: 4016d2, 401302
  BB: 4016f3 in func 401270 with 3 insts
    I: 4016f3
    I: 4016fa
    I: 401701 (flow 401887)
      Successors: 401887
  BB: 401302 in func 401270 with 1 insts
    I: 401302 (flow 401307)
      Successors: 401307
  BB: 401706 in func 401270 with 7 insts
    I: 401706
    I: 401709
    I: 40170e
    I: 401713
    I: 401716
    I: 401719
    I: 40171c (flow 401887)
      Successors: 401887
  BB: 401307 in func 401270 with 3 insts
    I: 401307
    I: 40130a
    I: 40130f (flow 40160b)
      Successors: 40160b, 401315
  BB: 401315 in func 401270 with 1 insts
    I: 401315 (flow 40131a)
      Successors: 40131a
  BB: 40131a in func 401270 with 3 insts
    I: 40131a
    I: 40131d
    I: 401322 (flow 40180f)
      Successors: 401328, 40180f
  BB: 40151b in func 401270 with 31 insts
    I: 40151b
    I: 40151f
    I: 401522
    I: 401528
    I: 40152b
    I: 401531
    I: 401534
    I: 401537
    I: 40153b
    I: 40153e
    I: 401540
    I: 401543
    I: 401545
    I: 401548
    I: 40154c
    I: 401550
    I: 401554
    I: 401557
    I: 40155b
    I: 40155f
    I: 401563
    I: 401568
    I: 40156a
    I: 40156f
    I: 401572
    I: 401575
    I: 40157a
    I: 40157f
    I: 401582
    I: 401585
    I: 401588 (flow 401887)
      Successors: 401887
  BB: 401721 in func 401270 with 8 insts
    I: 401721
    I: 401725
    I: 401729
    I: 40172e
    I: 401733
    I: 401737
    I: 40173a
    I: 40173d (flow 401887)
      Successors: 401887
  BB: 401328 in func 401270 with 1 insts
    I: 401328 (flow 40132d)
      Successors: 40132d
  BB: 40132d in func 401270 with 3 insts
    I: 40132d
    I: 401330
    I: 401335 (flow 4016af)
      Successors: 40133b, 4016af
  BB: 40133b in func 401270 with 1 insts
    I: 40133b (flow 401340)
      Successors: 401340
  BB: 401340 in func 401270 with 3 insts
    I: 401340
    I: 401343
    I: 401348 (flow 4014e7)
      Successors: 40134e, 4014e7
  BB: 401742 in func 401270 with 18 insts
    I: 401742
    I: 401746
    I: 40174a
    I: 40174d
    I: 401751
    I: 401755
    I: 401759
    I: 40175c
    I: 401761
    I: 401763
    I: 401768
    I: 40176b
    I: 40176e
    I: 401773
    I: 401778
    I: 40177b
    I: 40177e
    I: 401781 (flow 401887)
      Successors: 401887
  BB: 40134e in func 401270 with 1 insts
    I: 40134e (flow 401353)
      Successors: 401353
  BB: 401353 in func 401270 with 3 insts
    I: 401353
    I: 401356
    I: 40135b (flow 401653)
      Successors: 401361, 401653
  BB: 401361 in func 401270 with 1 insts
    I: 401361 (flow 401366)
      Successors: 401366
  BB: 401366 in func 401270 with 3 insts
    I: 401366
    I: 401369
    I: 40136e (flow 40166e)
      Successors: 401374, 40166e
  BB: 401374 in func 401270 with 1 insts
    I: 401374 (flow 401379)
      Successors: 401379
  BB: 401379 in func 401270 with 3 insts
    I: 401379
    I: 40137c
    I: 401381 (flow 401686)
      Successors: 401686, 401387
  BB: 401786 in func 401270 with 15 insts
    I: 401786
    I: 401789
    I: 40178c
    I: 40178f
    I: 401793
    I: 401797
    I: 40179b (flow 404070)
    I: 4017a0
    I: 4017a4
    I: 4017a8
    I: 4017ac
    I: 4017b0 (flow 404070)
    I: 4017b5
    I: 4017b9
    I: 4017c0 (flow 401887)
      Successors: 401887
  BB: 401387 in func 401270 with 1 insts
    I: 401387 (flow 40138c)
      Successors: 40138c
  BB: 40138c in func 401270 with 3 insts
    I: 40138c
    I: 40138f
    I: 401394 (flow 4016f3)
      Successors: 40139a, 4016f3
  BB: 40158d in func 401270 with 2 insts
    I: 40158d
    I: 401594 (flow 401887)
      Successors: 401887
  BB: 401599 in func 401270 with 7 insts
    I: 401599
    I: 40159c
    I: 4015a1
    I: 4015a6
    I: 4015a9
    I: 4015ac
    I: 4015af (flow 401887)
      Successors: 401887
  BB: 40139a in func 401270 with 1 insts
    I: 40139a (flow 40139f)
      Successors: 40139f
  BB: 40139f in func 401270 with 3 insts
    I: 40139f
    I: 4013a2
    I: 4013a7 (flow 40161e)
      Successors: 4013ad, 40161e
  BB: 4013ad in func 401270 with 1 insts
    I: 4013ad (flow 4013b2)
      Successors: 4013b2
  BB: 4013b2 in func 401270 with 3 insts
    I: 4013b2
    I: 4013b5
    I: 4013ba (flow 4017c5)
      Successors: 4013c0, 4017c5
  BB: 4015b4 in func 401270 with 5 insts
    I: 4015b4
    I: 4015b7
    I: 4015ba
    I: 4015bd
    I: 4015c4 (flow 401887)
      Successors: 401887
  BB: 4013c0 in func 401270 with 1 insts
    I: 4013c0 (flow 4013c5)
      Successors: 4013c5
  BB: 4013c5 in func 401270 with 3 insts
    I: 4013c5
    I: 4013c8
    I: 4013cd (flow 401721)
      Successors: 401721, 4013d3
  BB: 4017c5 in func 401270 with 18 insts
    I: 4017c5
    I: 4017c8
    I: 4017cc
    I: 4017d0
    I: 4017d3
    I: 4017d7
    I: 4017db
    I: 4017e2
    I: 4017e5
    I: 4017e7
    I: 4017e9
    I: 4017eb
    I: 4017ee
    I: 4017f0
    I: 4017f2
    I: 4017f4
    I: 4017f7
    I: 4017fe (flow 401887)
      Successors: 401887
  BB: 4015c9 in func 401270 with 8 insts
    I: 4015c9
    I: 4015cd (flow 404048)
    I: 4015d2
    I: 4015d6
    I: 4015db (flow 404068)
    I: 4015e0
    I: 4015e4
    I: 4015eb (flow 401887)
      Successors: 401887
  BB: 4013d3 in func 401270 with 1 insts
    I: 4013d3 (flow 4013d8)
      Successors: 4013d8
  BB: 4013d8 in func 401270 with 3 insts
    I: 4013d8
    I: 4013db
    I: 4013e0 (flow 40183c)
      Successors: 40183c, 4013e6
  BB: 4013e6 in func 401270 with 1 insts
    I: 4013e6 (flow 4013eb)
      Successors: 4013eb
  BB: 4013eb in func 401270 with 3 insts
    I: 4013eb
    I: 4013ee
    I: 4013f3 (flow 401639)
      Successors: 4013f9, 401639
  BB: 4015f0 in func 401270 with 6 insts
    I: 4015f0
    I: 4015f4
    I: 4015f8
    I: 4015fa (flow 404060)
    I: 4015ff
    I: 401606 (flow 401887)
      Successors: 401887
  BB: 4013f9 in func 401270 with 1 insts
    I: 4013f9 (flow 4013fe)
      Successors: 4013fe
  BB: 4013fe in func 401270 with 3 insts
    I: 4013fe
    I: 401401
    I: 401406 (flow 401786)
      Successors: 40140c, 401786
Recovering 401890
  Analysing subroutine sub_401890 at 401890
  Subroutine sub_401890 at 401890 has 21 blocks
  BB: 401901 in func 401890 with 3 insts
    I: 401901
    I: 401904
    I: 401909 (flow 4019ba)
      Successors: 4019ba, 40190f
  BB: 401989 in func 401890 with 4 insts
    I: 401989
    I: 40198c
    I: 40198f
    I: 401996 (flow 4019cb)
      Successors: 4019cb
  BB: 40190f in func 401890 with 1 insts
    I: 40190f (flow 401914)
      Successors: 401914
  BB: 401890 in func 401890 with 9 insts
    I: 401890
    I: 401891
    I: 401894
    I: 401897
    I: 40189b
    I: 40189e
    I: 4018a5
    I: 4018a8
    I: 4018ab
      Successors: 4018b2
  BB: 401914 in func 401890 with 3 insts
    I: 401914
    I: 401917
    I: 40191c (flow 401989)
      Successors: 401989, 401922
  BB: 40199b in func 401890 with 7 insts
    I: 40199b
    I: 40199e
    I: 4019a3
    I: 4019a6
    I: 4019ab
    I: 4019ae
    I: 4019b5 (flow 4019cb)
      Successors: 4019cb
  BB: 401922 in func 401890 with 1 insts
    I: 401922 (flow 401927)
      Successors: 401927
  BB: 401927 in func 401890 with 1 insts
    I: 401927 (flow 4019cb)
      Successors: 4019cb
  BB: 40192c in func 401890 with 7 insts
    I: 40192c
    I: 40192f
    I: 401934
    I: 401939
    I: 40193c
    I: 40193f
    I: 401942 (flow 4019cb)
      Successors: 4019cb
  BB: 4018b2 in func 401890 with 4 insts
    I: 4018b2
    I: 4018b5
    I: 4018b8
    I: 4018bd (flow 40199b)
      Successors: 4018c3, 40199b
  BB: 4019ba in func 401890 with 2 insts
    I: 4019ba
    I: 4019c1 (flow 4019cb)
      Successors: 4019cb
  BB: 4018c3 in func 401890 with 1 insts
    I: 4018c3 (flow 4018c8)
      Successors: 4018c8
  BB: 4019c6 in func 401890 with 3 insts
    I: 4019c6
    I: 4019c9
    I: 4019ca
      No successors
  BB: 401947 in func 401890 with 22 insts
    I: 401947
    I: 40194a
    I: 40194d
    I: 40194f
    I: 401951
    I: 401953
    I: 401955
    I: 401957
    I: 401959
    I: 40195b
    I: 401960
    I: 401961
    I: 401963
    I: 401966
    I: 401969
    I: 40196d
    I: 401971
    I: 401976
    I: 40197b
    I: 40197e
    I: 401981
    I: 401984 (flow 4019cb)
      Successors: 4019cb
  BB: 4018c8 in func 401890 with 3 insts
    I: 4018c8
    I: 4018cb
    I: 4018d0 (flow 401947)
      Successors: 4018d6, 401947
  BB: 4019cb in func 401890 with 1 insts
    I: 4019cb (flow 4018b2)
      Successors: 4018b2
  BB: 4018d6 in func 401890 with 1 insts
    I: 4018d6 (flow 4018db)
      Successors: 4018db
  BB: 4018db in func 401890 with 3 insts
    I: 4018db
    I: 4018de
    I: 4018e3 (flow 4019c6)
      Successors: 4018e9, 4019c6
  BB: 4018e9 in func 401890 with 1 insts
    I: 4018e9 (flow 4018ee)
      Successors: 4018ee
  BB: 4018ee in func 401890 with 3 insts
    I: 4018ee
    I: 4018f1
    I: 4018f6 (flow 40192c)
      Successors: 4018fc, 40192c
  BB: 4018fc in func 401890 with 1 insts
    I: 4018fc (flow 401901)
      Successors: 401901
Recovering .term_proc at 4019d0
  Analysing subroutine .term_proc at 4019d0
    Block head at 004019dd is not code.
  Subroutine .term_proc at 4019d0 has 1 blocks
  BB: 4019d0 in func 4019d0 with 4 insts
    I: 4019d0
    I: 4019d4
    I: 4019d8
    I: 4019dc
      No successors
Global Variable None
WARNING: Global constructor and destructor sections are adjacent!
Recovering region LOAD [400000, 4005d0) in segment LOAD
  8-byte reference at 400018 to 401090 (start)
  8-byte reference at 4000f8 to 401000 (.init_proc)
  8-byte reference at 400130 to 402000 ()
  8-byte reference at 400168 to 403de8 ()
  8-byte reference at 400280 to 40200c ()
  8-byte reference at 4002f0 to 403de8 ()
Recovering region .init [401000, 40101b) in segment .init
Recovering region LOAD [40101b, 401020) in segment LOAD
Recovering region .plt [401020, 401090) in segment .plt
Recovering region .text [401090, 4019d0) in segment .text
Recovering region .fini [4019d0, 4019dd) in segment .fini
Recovering region .rodata [402000, 40200b) in segment .rodata
  Variable format at 402007
Recovering region LOAD [40200b, 40200c) in segment LOAD
Recovering region .eh_frame_hdr [40200c, 402048) in segment .eh_frame_hdr
Recovering region .eh_frame [402048, 402120) in segment .eh_frame
Recovering region LOAD [402120, 402160) in segment LOAD
Recovering region .init_array [403de8, 403df8) in segment .init_array
  8-byte reference at 403de8 to 401170 ()
  8-byte reference at 403df0 to 401140 ()
Recovering region LOAD [403df8, 403fd8) in segment LOAD
Recovering region .got [403fd8, 403fe8) in segment .got
  8-byte reference at 403fd8 to 404050 (__libc_start_main)
  8-byte reference at 403fe0 to 404080 (__gmon_start__)
Recovering region .got.plt [403fe8, 404030) in segment .got.plt
  8-byte reference at 404000 to 404048 (free)
  8-byte reference at 404008 to 404058 (printf)
  8-byte reference at 404010 to 404060 (memset)
  8-byte reference at 404018 to 404068 (calloc)
  8-byte reference at 404020 to 404070 (realloc)
  8-byte reference at 404028 to 404078 (__isoc99_scanf)
Recovering region .data [404030, 404040) in segment .data
Recovering region .bss [404040, 404048) in segment .bss
Recovering extern function free at 401030
Recovering extern function printf at 401040
Recovering extern function memset at 401050
Recovering extern function calloc at 401060
Recovering extern function realloc at 401070
Recovering extern function __isoc99_scanf at 401080
Recovering extern function free at 404048
Recovering extern function __libc_start_main at 404050
Recovering extern function printf at 404058
Recovering extern function memset at 404060
Recovering extern function calloc at 404068
Recovering extern function realloc at 404070
Recovering extern function __isoc99_scanf at 404078
Recovering extern function __gmon_start__ at 404080
Recovered 10 functions.
Saving to: /home/ubuntu/capstone_project/result/pipeline_20260629_141746/s308363767_fla_instsub.cfg
Done analysis!
