Debugging is enabled.
Loading Standard Definitions file: /home/ubuntu/capstone_project/dependency/mcsema/mcsema/lib/python3/site-packages/mcsema_disass-3.1.3.8-py3.8.egg/mcsema_disass/defs/linux.txt
Using Batch mode.
Starting analysis
Recovering module s308363767_fla.elf
Found main at 401180
Looking for instructions in segment .init
  Default block heads for function 401000 with loose bounds [401000, 40101b)
    block [401000, 401014)
    block [401014, 401016)
    block [401016, 40101b)
    chunk [401000, 40101b)
Looking for instructions in segment .plt
  Default block heads for function 401020 with loose bounds [401020, 40102c)
    block [401020, 40102c)
    chunk [401020, 40102c)
  Default block heads for function 401030 with loose bounds [401030, 401036)
    block [401030, 401036)
    chunk [401030, 401036)
  Default block heads for function 401040 with loose bounds [401040, 401046)
    block [401040, 401046)
    chunk [401040, 401046)
  Default block heads for function 401050 with loose bounds [401050, 401056)
    block [401050, 401056)
    chunk [401050, 401056)
  Default block heads for function 401060 with loose bounds [401060, 401066)
    block [401060, 401066)
    chunk [401060, 401066)
  Default block heads for function 401070 with loose bounds [401070, 401076)
    block [401070, 401076)
    chunk [401070, 401076)
  Default block heads for function 401080 with loose bounds [401080, 401086)
    block [401080, 401086)
    chunk [401080, 401086)
Looking for instructions in segment .text
  Default block heads for function 401090 with loose bounds [401090, 4010b6)
    block [401090, 4010b6)
    chunk [401090, 4010b6)
  Default block heads for function 4010d0 with loose bounds [4010d0, 4010f1)
    block [4010d0, 4010dd)
    block [4010dd, 4010e7)
    block [4010e7, 4010ee)
    block [4010f0, 4010f1)
    chunk [4010d0, 4010f1)
  Default block heads for function 401140 with loose bounds [401140, 401161)
    block [401140, 40114d)
    block [40114d, 40115f)
    block [401160, 401161)
    chunk [401140, 401161)
  Default block heads for function 401170 with loose bounds [401170, 401176)
    block [401170, 401176)
    chunk [401170, 401176)
    chunk [401100, 401131)
  Default block heads for function 401180 with loose bounds [401180, 401263)
    block [401180, 4011af)
    block [4011af, 4011c0)
    block [4011c0, 4011c5)
    block [4011c5, 4011d3)
    block [4011d3, 4011d8)
    block [4011d8, 4011e6)
    block [4011e6, 4011eb)
    block [4011eb, 4011f0)
    block [4011f0, 40121f)
    block [40121f, 40124d)
    block [40124d, 40125e)
    block [40125e, 401263)
    chunk [401180, 401263)
  Default block heads for function 401270 with loose bounds [401270, 40181a)
    block [401270, 4012f1)
    block [4012f1, 401302)
    block [401302, 401307)
    block [401307, 401315)
    block [401315, 40131a)
    block [40131a, 401328)
    block [401328, 40132d)
    block [40132d, 40133b)
    block [40133b, 401340)
    block [401340, 40134e)
    block [40134e, 401353)
    block [401353, 401361)
    block [401361, 401366)
    block [401366, 401374)
    block [401374, 401379)
    block [401379, 401387)
    block [401387, 40138c)
    block [40138c, 40139a)
    block [40139a, 40139f)
    block [40139f, 4013ad)
    block [4013ad, 4013b2)
    block [4013b2, 4013c0)
    block [4013c0, 4013c5)
    block [4013c5, 4013d3)
    block [4013d3, 4013d8)
    block [4013d8, 4013e6)
    block [4013e6, 4013eb)
    block [4013eb, 4013f9)
    block [4013f9, 4013fe)
    block [4013fe, 40140c)
    block [40140c, 401411)
    block [401411, 40141f)
    block [40141f, 401424)
    block [401424, 401432)
    block [401432, 401437)
    block [401437, 401445)
    block [401445, 40144a)
    block [40144a, 401458)
    block [401458, 40145d)
    block [40145d, 40146b)
    block [40146b, 401470)
    block [401470, 40147e)
    block [40147e, 401483)
    block [401483, 401491)
    block [401491, 401496)
    block [401496, 4014a4)
    block [4014a4, 4014a9)
    block [4014a9, 4014b7)
    block [4014b7, 4014bc)
    block [4014bc, 4014ca)
    block [4014ca, 4014cf)
    block [4014cf, 4014dd)
    block [4014dd, 4014e2)
    block [4014e2, 4014e7)
    block [4014e7, 40150f)
    block [40150f, 401567)
    block [401567, 401573)
    block [401573, 40158e)
    block [40158e, 4015a3)
    block [4015a3, 4015ca)
    block [4015ca, 4015e5)
    block [4015e5, 4015f8)
    block [4015f8, 401613)
    block [401613, 40162d)
    block [40162d, 401648)
    block [401648, 401660)
    block [401660, 40167d)
    block [40167d, 40169a)
    block [40169a, 4016af)
    block [4016af, 4016c2)
    block [4016c2, 4016dd)
    block [4016dd, 4016fe)
    block [4016fe, 401736)
    block [401736, 401775)
    block [401775, 4017a7)
    block [4017a7, 4017b3)
    block [4017b3, 4017c8)
    block [4017c8, 4017d4)
    block [4017d4, 4017e9)
    block [4017e9, 401815)
    block [401815, 40181a)
    chunk [401270, 40181a)
  Default block heads for function 401820 with loose bounds [401820, 401948)
    block [401820, 401842)
    block [401842, 401853)
    block [401853, 401858)
    block [401858, 401866)
    block [401866, 40186b)
    block [40186b, 401879)
    block [401879, 40187e)
    block [40187e, 40188c)
    block [40188c, 401891)
    block [401891, 40189f)
    block [40189f, 4018a4)
    block [4018a4, 4018b2)
    block [4018b2, 4018b7)
    block [4018b7, 4018bc)
    block [4018bc, 4018d7)
    block [4018d7, 40190b)
    block [40190b, 40191d)
    block [40191d, 401932)
    block [401932, 40193e)
    block [40193e, 401943)
    block [401943, 401948)
    chunk [401820, 401948)
Looking for instructions in segment .fini
  Default block heads for function 401948 with loose bounds [401948, 401955)
    block [401948, 401955)
    chunk [401948, 401955)
Looking for strings in segment .rodata [402000, 40200b)
  Found string b'%d\n' of length 4 at 402007, jumping to 40200b
Looking for strings in segment .eh_frame_hdr [40200c, 402048)
Looking for strings in segment .eh_frame [402048, 402120)
Looking for strings in segment .init_array [403de8, 403df0)
Looking for strings in segment .fini_array [403df0, 403df8)
Looking for strings in segment .got [403fd8, 403fe8)
Looking for strings in segment .got.plt [403fe8, 404030)
Looking for strings in segment .data [404030, 404040)
Looking for strings in segment .bss [404040, 404048)
Looking for strings in segment extern [404048, 404088)
Looking for cross-references in segment .init [401000, 40101b)
Looking for cross-references in segment .plt [401020, 401090)
  Stopping scan at 40102c
Looking for cross-references in segment .text [401090, 401948)
  Stopping scan at 4010bc
  Stopping scan at 4010cc
  Stopping scan at ffffffffffffffff
  Stopping scan at 4010fc
  Stopping scan at 40113c
  Stopping scan at ffffffffffffffff
  Stopping scan at 40116c
  Stopping scan at 40117c
  Stopping scan at 40126c
  Stopping scan at 40181c
Looking for cross-references in segment .fini [401948, 401955)
Looking for cross-references in segment .rodata [402000, 40200b)
  Stopping scan at 402008
Looking for cross-references in segment .eh_frame_hdr [40200c, 402048)
  Stopping scan at 402044
Looking for cross-references in segment .eh_frame [402048, 402120)
  Stopping scan at 40211c
Looking for cross-references in segment .init_array [403de8, 403df0)
  Adding qword reference from 403de8 to 401170
  Stopping scan at 403de8
Looking for cross-references in segment .fini_array [403df0, 403df8)
  Adding qword reference from 403df0 to 401140
  Stopping scan at 403df0
Looking for cross-references in segment .got [403fd8, 403fe8)
  Adding qword reference from 403fd8 to 404050
  Adding qword reference from 403fe0 to 404080
  Stopping scan at 403fe0
Looking for cross-references in segment .got.plt [403fe8, 404030)
  Adding qword reference from 404000 to 404048
  Adding qword reference from 404008 to 404058
  Adding qword reference from 404010 to 404060
  Adding qword reference from 404018 to 404068
  Adding qword reference from 404020 to 404070
  Adding qword reference from 404028 to 404078
  Stopping scan at 404028
Looking for cross-references in segment .data [404030, 404040)
  Stopping scan at 40403c
Looking for cross-references in segment .bss [404040, 404048)
  Stopping scan at 404044
Looking for cross-references in segment extern [404048, 404088)
  Stopping scan at 404084
Looking for thunks
  Found thunk for free targeting 404048 at 401030
  Found thunk for printf targeting 404058 at 401040
  Found thunk for memset targeting 404060 at 401050
  Found thunk for calloc targeting 404068 at 401060
  Found thunk for realloc targeting 404070 at 401070
  Found thunk for __isoc99_scanf targeting 404078 at 401080
Looking for external symbols
  Function at 401030 is the external function free
  Function at 401040 is the external function printf
  Function at 401050 is the external function memset
  Function at 401060 is the external function calloc
  Function at 401070 is the external function realloc
  Function at 401080 is the external function __isoc99_scanf
  Function at 404048 is the external function free
  Function at 404050 is the external function __libc_start_main
  Function at 404058 is the external function printf
  Function at 404060 is the external function memset
  Function at 404068 is the external function calloc
  Function at 404070 is the external function realloc
  Function at 404078 is the external function __isoc99_scanf
  Function at 404080 is the external function __gmon_start__
Looking for entrypoints
Recovering .init_proc at 401000
  Analysing subroutine .init_proc at 401000
    Block head at 0040101b is not code.
  Subroutine .init_proc at 401000 has 3 blocks
  BB: 401000 in func 401000 with 5 insts
    Referenced by data
    I: 401000
    I: 401004
    I: 401008 (mem 403fe0)
    I: 40100f
    I: 401012 (flow 401016)
      Successors: 401014, 401016
  BB: 401014 in func 401000 with 1 insts
    I: 401014
      Successors: 401016
  BB: 401016 in func 401000 with 2 insts
    I: 401016
    I: 40101a
      No successors
Recovering 401020
  Analysing subroutine sub_401020 at 401020
  WARNING: No table entries for indirect jump at 401026; Adding next_ea 40102c as successor.
  Subroutine sub_401020 at 401020 has 2 blocks
  WARNING: No table entries for indirect jump at 401026; Adding next_ea 40102c as successor.
  BB: 401020 in func 401020 with 2 insts
    I: 401020 (mem 403ff0)
    I: 401026 (mem 403ff8)
      Successors: 40102c
  BB: 40102c in func 401020 with 1 insts
    I: 40102c
      No successors
Recovering start at 401090
  Analysing subroutine start at 401090
  Subroutine start at 401090 has 3 blocks
  BB: 401090 in func 401090 with 13 insts
    Referenced by data
    I: 401090
    I: 401094
    I: 401096
    I: 401099
    I: 40109a
    I: 40109d
    I: 4010a1
    I: 4010a2
    I: 4010a3
    I: 4010a6
    I: 4010a8 (imm 401180)
    I: 4010af (mem 403fd8)
    I: 4010b5
      No successors
  BB: 4010c5 in func 401090 with 2 insts
    I: 4010c5
    I: 4010cf
      No successors
  BB: 4010b6 in func 401090 with 3 insts
    I: 4010b6
    I: 4010c0
    I: 4010c4
      No successors
Recovering 4010d0
  Analysing subroutine sub_4010D0 at 4010d0
  WARNING: No table entries for indirect jump at 4010ec; Adding next_ea 4010ee as successor.
  WARNING: No table entries for indirect jump at 40112e; Adding next_ea 401130 as successor.
  Subroutine sub_4010D0 at 4010d0 has 11 blocks
  BB: 401100 in func 4010d0 with 8 insts
    I: 401100 (imm 404040)
    I: 401105 (imm 404040)
    I: 40110c
    I: 40110f
    I: 401113
    I: 401117
    I: 40111a
    I: 40111d (flow 401130)
      Successors: 401130, 40111f
  WARNING: No table entries for indirect jump at 4010ec; Adding next_ea 4010ee as successor.
  BB: 4010e7 in func 4010d0 with 2 insts
    I: 4010e7 (imm 404040)
    I: 4010ec
      Successors: 4010ee
  WARNING: No table entries for indirect jump at 40112e; Adding next_ea 401130 as successor.
  BB: 401129 in func 4010d0 with 2 insts
    I: 401129 (imm 404040)
    I: 40112e
      Successors: 401130
  BB: 4010ee in func 4010d0 with 1 insts
    I: 4010ee
      Successors: 4010f0
  BB: 4010d0 in func 4010d0 with 3 insts
    I: 4010d0 (imm 404040)
    I: 4010d5 (imm 404040)
    I: 4010db (flow 4010f0)
      Successors: 4010f0, 4010dd
  BB: 4010f0 in func 4010d0 with 1 insts
    I: 4010f0
      No successors
  BB: 4010f1 in func 4010d0 with 2 insts
    I: 4010f1
    I: 4010f5
      Successors: 401100
  BB: 401130 in func 4010d0 with 1 insts
    I: 401130
      No successors
  BB: 401131 in func 4010d0 with 2 insts
    I: 401131
    I: 401135
      No successors
  BB: 4010dd in func 4010d0 with 3 insts
    I: 4010dd
    I: 4010e2
    I: 4010e5 (flow 4010f0)
      Successors: 4010f0, 4010e7
  BB: 40111f in func 4010d0 with 3 insts
    I: 40111f
    I: 401124
    I: 401127 (flow 401130)
      Successors: 401130, 401129
Recovering 401140
  Analysing subroutine sub_401140 at 401140
  Subroutine sub_401140 at 401140 has 5 blocks
  BB: 401140 in func 401140 with 3 insts
    Referenced by data
    I: 401140
    I: 401144 (mem 404040)
    I: 40114b (flow 401160)
      Successors: 401160, 40114d
  BB: 401161 in func 401140 with 2 insts
    I: 401161
    I: 401165
      No successors
  BB: 401160 in func 401140 with 1 insts
    I: 401160
      No successors
  BB: 40114d in func 401140 with 6 insts
    I: 40114d
    I: 40114e
    I: 401151 (flow 4010d0)
    I: 401156 (mem 404040)
    I: 40115d
    I: 40115e
      No successors
  BB: 40115f in func 401140 with 1 insts
    I: 40115f
      Successors: 401160
Recovering 401170
  Analysing subroutine sub_401170 at 401170
  WARNING: No table entries for indirect jump at 40112e; Adding next_ea 401130 as successor.
  Subroutine sub_401170 at 401170 has 6 blocks
  BB: 401100 in func 401170 with 8 insts
    I: 401100 (imm 404040)
    I: 401105 (imm 404040)
    I: 40110c
    I: 40110f
    I: 401113
    I: 401117
    I: 40111a
    I: 40111d (flow 401130)
      Successors: 401130, 40111f
  WARNING: No table entries for indirect jump at 40112e; Adding next_ea 401130 as successor.
  BB: 401129 in func 401170 with 2 insts
    I: 401129 (imm 404040)
    I: 40112e
      Successors: 401130
  BB: 401170 in func 401170 with 2 insts
    Referenced by data
    I: 401170
    I: 401174 (flow 401100)
      Successors: 401100
  BB: 401130 in func 401170 with 1 insts
    I: 401130
      No successors
  BB: 401176 in func 401170 with 1 insts
    I: 401176
      No successors
  BB: 40111f in func 401170 with 3 insts
    I: 40111f
    I: 401124
    I: 401127 (flow 401130)
      Successors: 401130, 401129
Recovering main at 401180
  Analysing subroutine main at 401180
  Subroutine main at 401180 has 13 blocks
  BB: 401180 in func 401180 with 11 insts
    Referenced by data
    I: 401180
    I: 401181
    I: 401184
    I: 401188
    I: 40118f
    I: 401192
    I: 401196
    I: 40119b
    I: 40119f
    I: 4011a3 (flow 401270)
    I: 4011a8
      Successors: 4011af
  BB: 4011c0 in func 401180 with 1 insts
    I: 4011c0 (flow 4011c5)
      Successors: 4011c5
  BB: 401263 in func 401180 with 2 insts
    I: 401263
    I: 40126d
      No successors
  BB: 4011c5 in func 401180 with 3 insts
    I: 4011c5
    I: 4011c8
    I: 4011cd (flow 4011f0)
      Successors: 4011f0, 4011d3
  BB: 4011e6 in func 401180 with 1 insts
    I: 4011e6 (flow 4011eb)
      Successors: 4011eb
  BB: 4011eb in func 401180 with 1 insts
    I: 4011eb (flow 40125e)
      Successors: 40125e
  BB: 40124d in func 401180 with 6 insts
    I: 40124d
    I: 401251 (flow 404048)
    I: 401256
    I: 401258
    I: 40125c
    I: 40125d
      No successors
  BB: 4011af in func 401180 with 4 insts
    I: 4011af
    I: 4011b2
    I: 4011b5
    I: 4011ba (flow 40124d)
      Successors: 4011c0, 40124d
  BB: 4011f0 in func 401180 with 11 insts
    I: 4011f0 (imm 402004)
    I: 4011fa
    I: 4011fe
    I: 401200 (flow 404078)
    I: 401205
    I: 401207
    I: 40120c
    I: 401211
    I: 401214
    I: 401217
    I: 40121a (flow 40125e)
      Successors: 40125e
  BB: 4011d3 in func 401180 with 1 insts
    I: 4011d3 (flow 4011d8)
      Successors: 4011d8
  BB: 4011d8 in func 401180 with 3 insts
    I: 4011d8
    I: 4011db
    I: 4011e0 (flow 40121f)
      Successors: 4011e6, 40121f
  BB: 40125e in func 401180 with 1 insts
    I: 40125e (flow 4011af)
      Successors: 4011af
  BB: 40121f in func 401180 with 10 insts
    I: 40121f
    I: 401222
    I: 401226
    I: 401229 (flow 401820)
    I: 40122e
    I: 401230 (imm 402007)
    I: 40123a
    I: 40123c (flow 404058)
    I: 401241
    I: 401248 (flow 40125e)
      Successors: 40125e
Recovering 401270
  Analysing subroutine sub_401270 at 401270
  Subroutine sub_401270 at 401270 has 82 blocks
  BB: 40140c in func 401270 with 1 insts
    I: 40140c (flow 401411)
      Successors: 401411
  BB: 401411 in func 401270 with 3 insts
    I: 401411
    I: 401414
    I: 401419 (flow 4015f8)
      Successors: 4015f8, 40141f
  BB: 401613 in func 401270 with 6 insts
    I: 401613
    I: 401617
    I: 40161b
    I: 40161e
    I: 401621
    I: 401628 (flow 401815)
      Successors: 401815
  BB: 401815 in func 401270 with 1 insts
    I: 401815 (flow 4012f1)
      Successors: 4012f1
  BB: 40181a in func 401270 with 1 insts
    I: 40181a
      No successors
  BB: 40141f in func 401270 with 1 insts
    I: 40141f (flow 401424)
      Successors: 401424
  BB: 401424 in func 401270 with 3 insts
    I: 401424
    I: 401427
    I: 40142c (flow 401613)
      Successors: 401432, 401613
  BB: 40162d in func 401270 with 7 insts
    I: 40162d
    I: 401630
    I: 401635
    I: 40163a
    I: 40163d
    I: 401640
    I: 401643 (flow 401815)
      Successors: 401815
  BB: 401432 in func 401270 with 1 insts
    I: 401432 (flow 401437)
      Successors: 401437
  BB: 401437 in func 401270 with 3 insts
    I: 401437
    I: 40143a
    I: 40143f (flow 4017b3)
      Successors: 4017b3, 401445
  BB: 401445 in func 401270 with 1 insts
    I: 401445 (flow 40144a)
      Successors: 40144a
  BB: 401648 in func 401270 with 5 insts
    I: 401648
    I: 40164c
    I: 401650
    I: 401654
    I: 40165b (flow 401815)
      Successors: 401815
  BB: 40144a in func 401270 with 3 insts
    I: 40144a
    I: 40144d
    I: 401452 (flow 401573)
      Successors: 401458, 401573
  BB: 401458 in func 401270 with 1 insts
    I: 401458 (flow 40145d)
      Successors: 40145d
  BB: 40145d in func 401270 with 3 insts
    I: 40145d
    I: 401460
    I: 401465 (flow 40150f)
      Successors: 40146b, 40150f
  BB: 401660 in func 401270 with 7 insts
    I: 401660
    I: 401664
    I: 401668
    I: 40166b
    I: 40166e
    I: 401671
    I: 401678 (flow 401815)
      Successors: 401815
  BB: 40146b in func 401270 with 1 insts
    I: 40146b (flow 401470)
      Successors: 401470
  BB: 401270 in func 401270 with 27 insts
    I: 401270
    I: 401271
    I: 401274
    I: 401278
    I: 40127b
    I: 40127f
    I: 401283
    I: 40128a
    I: 40128e
    I: 401293 (flow 404068)
    I: 401298
    I: 40129c
    I: 4012a0
    I: 4012a5 (flow 404068)
    I: 4012aa
    I: 4012ae
    I: 4012b2
    I: 4012b8
    I: 4012bc
    I: 4012c3
    I: 4012ca
    I: 4012d1
    I: 4012d5
    I: 4012da (flow 404068)
    I: 4012df
    I: 4012e3
    I: 4012ea
      Successors: 4012f1
  BB: 401470 in func 401270 with 3 insts
    I: 401470
    I: 401473
    I: 401478 (flow 4017c8)
      Successors: 4017c8, 40147e
  BB: 40167d in func 401270 with 7 insts
    I: 40167d
    I: 401680
    I: 401683
    I: 401687
    I: 40168b
    I: 40168e
    I: 401695 (flow 401815)
      Successors: 401815
  BB: 40147e in func 401270 with 1 insts
    I: 40147e (flow 401483)
      Successors: 401483
  BB: 401483 in func 401270 with 3 insts
    I: 401483
    I: 401486
    I: 40148b (flow 401660)
      Successors: 401660, 401491
  BB: 401491 in func 401270 with 1 insts
    I: 401491 (flow 401496)
      Successors: 401496
  BB: 401496 in func 401270 with 3 insts
    I: 401496
    I: 401499
    I: 40149e (flow 4017a7)
      Successors: 4014a4, 4017a7
  BB: 40169a in func 401270 with 5 insts
    I: 40169a
    I: 40169d
    I: 4016a0
    I: 4016a3
    I: 4016aa (flow 401815)
      Successors: 401815
  BB: 4014a4 in func 401270 with 1 insts
    I: 4014a4 (flow 4014a9)
      Successors: 4014a9
  BB: 4014a9 in func 401270 with 3 insts
    I: 4014a9
    I: 4014ac
    I: 4014b1 (flow 4015a3)
      Successors: 4015a3, 4014b7
  BB: 4016af in func 401270 with 3 insts
    I: 4016af
    I: 4016b6
    I: 4016bd (flow 401815)
      Successors: 401815
  BB: 4014b7 in func 401270 with 1 insts
    I: 4014b7 (flow 4014bc)
      Successors: 4014bc
  BB: 4014bc in func 401270 with 3 insts
    I: 4014bc
    I: 4014bf
    I: 4014c4 (flow 4016fe)
      Successors: 4014ca, 4016fe
  BB: 4016c2 in func 401270 with 7 insts
    I: 4016c2
    I: 4016c5
    I: 4016ca
    I: 4016cf
    I: 4016d2
    I: 4016d5
    I: 4016d8 (flow 401815)
      Successors: 401815
  BB: 4014ca in func 401270 with 1 insts
    I: 4014ca (flow 4014cf)
      Successors: 4014cf
  BB: 4014cf in func 401270 with 3 insts
    I: 4014cf
    I: 4014d2
    I: 4014d7 (flow 4016c2)
      Successors: 4016c2, 4014dd
  BB: 4014dd in func 401270 with 1 insts
    I: 4014dd (flow 4014e2)
      Successors: 4014e2
  BB: 4016dd in func 401270 with 8 insts
    I: 4016dd
    I: 4016e1
    I: 4016e5
    I: 4016ea
    I: 4016ef
    I: 4016f3
    I: 4016f6
    I: 4016f9 (flow 401815)
      Successors: 401815
  BB: 4014e2 in func 401270 with 1 insts
    I: 4014e2 (flow 401815)
      Successors: 401815
  BB: 4014e7 in func 401270 with 11 insts
    I: 4014e7
    I: 4014eb
    I: 4014ee
    I: 4014f1
    I: 4014f4
    I: 4014f7
    I: 4014fc
    I: 401501
    I: 401504
    I: 401507
    I: 40150a (flow 401815)
      Successors: 401815
  BB: 4012f1 in func 401270 with 4 insts
    I: 4012f1
    I: 4012f4
    I: 4012f7
    I: 4012fc (flow 40167d)
      Successors: 401302, 40167d
  BB: 4016fe in func 401270 with 15 insts
    I: 4016fe
    I: 401702
    I: 401706
    I: 401709
    I: 40170d
    I: 401711
    I: 401715
    I: 401718
    I: 40171b
    I: 40171e
    I: 401723
    I: 401728
    I: 40172b
    I: 40172e
    I: 401731 (flow 401815)
      Successors: 401815
  BB: 401302 in func 401270 with 1 insts
    I: 401302 (flow 401307)
      Successors: 401307
  BB: 401307 in func 401270 with 3 insts
    I: 401307
    I: 40130a
    I: 40130f (flow 4016dd)
      Successors: 4016dd, 401315
  BB: 40150f in func 401270 with 25 insts
    I: 40150f
    I: 401513
    I: 401516
    I: 401519
    I: 40151c
    I: 40151f
    I: 401523
    I: 401526
    I: 401529
    I: 40152c
    I: 401530
    I: 401534
    I: 401538
    I: 40153b
    I: 40153f
    I: 401543
    I: 401547
    I: 401549
    I: 40154c
    I: 40154f
    I: 401554
    I: 401559
    I: 40155c
    I: 40155f
    I: 401562 (flow 401815)
      Successors: 401815
  BB: 401315 in func 401270 with 1 insts
    I: 401315 (flow 40131a)
      Successors: 40131a
  BB: 40131a in func 401270 with 3 insts
    I: 40131a
    I: 40131d
    I: 401322 (flow 4017d4)
      Successors: 401328, 4017d4
  BB: 401328 in func 401270 with 1 insts
    I: 401328 (flow 40132d)
      Successors: 40132d
  BB: 40132d in func 401270 with 3 insts
    I: 40132d
    I: 401330
    I: 401335 (flow 4015ca)
      Successors: 4015ca, 40133b
  BB: 401736 in func 401270 with 15 insts
    I: 401736
    I: 401739
    I: 40173c
    I: 40173f
    I: 401743
    I: 401747
    I: 40174b (flow 404070)
    I: 401750
    I: 401754
    I: 401758
    I: 40175c
    I: 401760 (flow 404070)
    I: 401765
    I: 401769
    I: 401770 (flow 401815)
      Successors: 401815
  BB: 40133b in func 401270 with 1 insts
    I: 40133b (flow 401340)
      Successors: 401340
  BB: 401340 in func 401270 with 3 insts
    I: 401340
    I: 401343
    I: 401348 (flow 40162d)
      Successors: 40162d, 40134e
  BB: 40134e in func 401270 with 1 insts
    I: 40134e (flow 401353)
      Successors: 401353
  BB: 401353 in func 401270 with 3 insts
    I: 401353
    I: 401356
    I: 40135b (flow 40158e)
      Successors: 401361, 40158e
  BB: 401361 in func 401270 with 1 insts
    I: 401361 (flow 401366)
      Successors: 401366
  BB: 401366 in func 401270 with 3 insts
    I: 401366
    I: 401369
    I: 40136e (flow 40169a)
      Successors: 40169a, 401374
  BB: 401567 in func 401270 with 2 insts
    I: 401567
    I: 40156e (flow 401815)
      Successors: 401815
  BB: 401573 in func 401270 with 7 insts
    I: 401573
    I: 401576
    I: 40157b
    I: 401580
    I: 401583
    I: 401586
    I: 401589 (flow 401815)
      Successors: 401815
  BB: 401374 in func 401270 with 1 insts
    I: 401374 (flow 401379)
      Successors: 401379
  BB: 401775 in func 401270 with 12 insts
    I: 401775
    I: 401778
    I: 40177c
    I: 401780
    I: 401783
    I: 401787
    I: 40178b
    I: 401792
    I: 401795
    I: 401798
    I: 40179b
    I: 4017a2 (flow 401815)
      Successors: 401815
  BB: 401379 in func 401270 with 3 insts
    I: 401379
    I: 40137c
    I: 401381 (flow 401567)
      Successors: 401567, 401387
  BB: 401387 in func 401270 with 1 insts
    I: 401387 (flow 40138c)
      Successors: 40138c
  BB: 40138c in func 401270 with 3 insts
    I: 40138c
    I: 40138f
    I: 401394 (flow 4015e5)
      Successors: 40139a, 4015e5
  BB: 40158e in func 401270 with 5 insts
    I: 40158e
    I: 401591
    I: 401594
    I: 401597
    I: 40159e (flow 401815)
      Successors: 401815
  BB: 40139a in func 401270 with 1 insts
    I: 40139a (flow 40139f)
      Successors: 40139f
  BB: 40139f in func 401270 with 3 insts
    I: 40139f
    I: 4013a2
    I: 4013a7 (flow 401736)
      Successors: 4013ad, 401736
  BB: 4015a3 in func 401270 with 8 insts
    I: 4015a3
    I: 4015a7 (flow 404048)
    I: 4015ac
    I: 4015b0
    I: 4015b5 (flow 404068)
    I: 4015ba
    I: 4015be
    I: 4015c5 (flow 401815)
      Successors: 401815
  BB: 4017a7 in func 401270 with 2 insts
    I: 4017a7
    I: 4017ae (flow 401815)
      Successors: 401815
  BB: 4013ad in func 401270 with 1 insts
    I: 4013ad (flow 4013b2)
      Successors: 4013b2
  BB: 4013b2 in func 401270 with 3 insts
    I: 4013b2
    I: 4013b5
    I: 4013ba (flow 401648)
      Successors: 4013c0, 401648
  BB: 4017b3 in func 401270 with 5 insts
    I: 4017b3
    I: 4017b6
    I: 4017b9
    I: 4017bc
    I: 4017c3 (flow 401815)
      Successors: 401815
  BB: 4013c0 in func 401270 with 1 insts
    I: 4013c0 (flow 4013c5)
      Successors: 4013c5
  BB: 4013c5 in func 401270 with 3 insts
    I: 4013c5
    I: 4013c8
    I: 4013cd (flow 4017e9)
      Successors: 4017e9, 4013d3
  BB: 4017c8 in func 401270 with 2 insts
    I: 4017c8
    I: 4017cf (flow 401815)
      Successors: 401815
  BB: 4015ca in func 401270 with 6 insts
    I: 4015ca
    I: 4015ce
    I: 4015d2
    I: 4015d4 (flow 404060)
    I: 4015d9
    I: 4015e0 (flow 401815)
      Successors: 401815
  BB: 4013d3 in func 401270 with 1 insts
    I: 4013d3 (flow 4013d8)
      Successors: 4013d8
  BB: 4017d4 in func 401270 with 5 insts
    I: 4017d4
    I: 4017d7
    I: 4017da
    I: 4017dd
    I: 4017e4 (flow 401815)
      Successors: 401815
  BB: 4013d8 in func 401270 with 3 insts
    I: 4013d8
    I: 4013db
    I: 4013e0 (flow 401775)
      Successors: 401775, 4013e6
  BB: 4015e5 in func 401270 with 3 insts
    I: 4015e5
    I: 4015ec
    I: 4015f3 (flow 401815)
      Successors: 401815
  BB: 4013e6 in func 401270 with 1 insts
    I: 4013e6 (flow 4013eb)
      Successors: 4013eb
  BB: 4017e9 in func 401270 with 13 insts
    I: 4017e9
    I: 4017ed (flow 404048)
    I: 4017f2
    I: 4017f6 (flow 404048)
    I: 4017fb
    I: 4017ff
    I: 401803
    I: 401806
    I: 401809
    I: 40180d
    I: 40180f
    I: 401813
    I: 401814
      No successors
  BB: 4013eb in func 401270 with 3 insts
    I: 4013eb
    I: 4013ee
    I: 4013f3 (flow 4014e7)
      Successors: 4013f9, 4014e7
  BB: 4015f8 in func 401270 with 7 insts
    I: 4015f8
    I: 4015fb
    I: 401600
    I: 401605
    I: 401608
    I: 40160b
    I: 40160e (flow 401815)
      Successors: 401815
  BB: 4013f9 in func 401270 with 1 insts
    I: 4013f9 (flow 4013fe)
      Successors: 4013fe
  BB: 4013fe in func 401270 with 3 insts
    I: 4013fe
    I: 401401
    I: 401406 (flow 4016af)
      Successors: 40140c, 4016af
Recovering 401820
  Analysing subroutine sub_401820 at 401820
  Subroutine sub_401820 at 401820 has 21 blocks
  BB: 40190b in func 401820 with 4 insts
    I: 40190b
    I: 40190e
    I: 401911
    I: 401918 (flow 401943)
      Successors: 401943
  BB: 40188c in func 401820 with 1 insts
    I: 40188c (flow 401891)
      Successors: 401891
  BB: 401891 in func 401820 with 3 insts
    I: 401891
    I: 401894
    I: 401899 (flow 40190b)
      Successors: 40190b, 40189f
  BB: 40191d in func 401820 with 5 insts
    I: 40191d
    I: 401920
    I: 401923
    I: 401926
    I: 40192d (flow 401943)
      Successors: 401943
  BB: 40189f in func 401820 with 1 insts
    I: 40189f (flow 4018a4)
      Successors: 4018a4
  BB: 401820 in func 401820 with 9 insts
    I: 401820
    I: 401821
    I: 401824
    I: 401827
    I: 40182b
    I: 40182e
    I: 401835
    I: 401838
    I: 40183b
      Successors: 401842
  BB: 4018a4 in func 401820 with 3 insts
    I: 4018a4
    I: 4018a7
    I: 4018ac (flow 401932)
      Successors: 4018b2, 401932
  BB: 4018b2 in func 401820 with 1 insts
    I: 4018b2 (flow 4018b7)
      Successors: 4018b7
  BB: 401932 in func 401820 with 2 insts
    I: 401932
    I: 401939 (flow 401943)
      Successors: 401943
  BB: 4018b7 in func 401820 with 1 insts
    I: 4018b7 (flow 401943)
      Successors: 401943
  BB: 4018bc in func 401820 with 7 insts
    I: 4018bc
    I: 4018bf
    I: 4018c4
    I: 4018c9
    I: 4018cc
    I: 4018cf
    I: 4018d2 (flow 401943)
      Successors: 401943
  BB: 40193e in func 401820 with 3 insts
    I: 40193e
    I: 401941
    I: 401942
      No successors
  BB: 401842 in func 401820 with 4 insts
    I: 401842
    I: 401845
    I: 401848
    I: 40184d (flow 40193e)
      Successors: 401853, 40193e
  BB: 401943 in func 401820 with 1 insts
    I: 401943 (flow 401842)
      Successors: 401842
  BB: 401853 in func 401820 with 1 insts
    I: 401853 (flow 401858)
      Successors: 401858
  BB: 4018d7 in func 401820 with 15 insts
    I: 4018d7
    I: 4018da
    I: 4018dd
    I: 4018e2
    I: 4018e3
    I: 4018e5
    I: 4018e8
    I: 4018eb
    I: 4018ef
    I: 4018f3
    I: 4018f8
    I: 4018fd
    I: 401900
    I: 401903
    I: 401906 (flow 401943)
      Successors: 401943
  BB: 401858 in func 401820 with 3 insts
    I: 401858
    I: 40185b
    I: 401860 (flow 4018d7)
      Successors: 401866, 4018d7
  BB: 401866 in func 401820 with 1 insts
    I: 401866 (flow 40186b)
      Successors: 40186b
  BB: 40186b in func 401820 with 3 insts
    I: 40186b
    I: 40186e
    I: 401873 (flow 40191d)
      Successors: 401879, 40191d
  BB: 401879 in func 401820 with 1 insts
    I: 401879 (flow 40187e)
      Successors: 40187e
  BB: 40187e in func 401820 with 3 insts
    I: 40187e
    I: 401881
    I: 401886 (flow 4018bc)
      Successors: 4018bc, 40188c
Recovering .term_proc at 401948
  Analysing subroutine .term_proc at 401948
    Block head at 00401955 is not code.
  Subroutine .term_proc at 401948 has 1 blocks
  BB: 401948 in func 401948 with 4 insts
    I: 401948
    I: 40194c
    I: 401950
    I: 401954
      No successors
Global Variable None
WARNING: Global constructor and destructor sections are adjacent!
Recovering region LOAD [400000, 4005d0) in segment LOAD
  8-byte reference at 400018 to 401090 (start)
  8-byte reference at 4000f8 to 401000 (.init_proc)
  8-byte reference at 400130 to 402000 ()
  8-byte reference at 400168 to 403de8 ()
  8-byte reference at 400280 to 40200c ()
  8-byte reference at 4002f0 to 403de8 ()
Recovering region .init [401000, 40101b) in segment .init
Recovering region LOAD [40101b, 401020) in segment LOAD
Recovering region .plt [401020, 401090) in segment .plt
Recovering region .text [401090, 401948) in segment .text
Recovering region .fini [401948, 401955) in segment .fini
Recovering region .rodata [402000, 40200b) in segment .rodata
  Variable format at 402007
Recovering region LOAD [40200b, 40200c) in segment LOAD
Recovering region .eh_frame_hdr [40200c, 402048) in segment .eh_frame_hdr
Recovering region .eh_frame [402048, 402120) in segment .eh_frame
Recovering region LOAD [402120, 402160) in segment LOAD
Recovering region .init_array [403de8, 403df8) in segment .init_array
  8-byte reference at 403de8 to 401170 ()
  8-byte reference at 403df0 to 401140 ()
Recovering region LOAD [403df8, 403fd8) in segment LOAD
Recovering region .got [403fd8, 403fe8) in segment .got
  8-byte reference at 403fd8 to 404050 (__libc_start_main)
  8-byte reference at 403fe0 to 404080 (__gmon_start__)
Recovering region .got.plt [403fe8, 404030) in segment .got.plt
  8-byte reference at 404000 to 404048 (free)
  8-byte reference at 404008 to 404058 (printf)
  8-byte reference at 404010 to 404060 (memset)
  8-byte reference at 404018 to 404068 (calloc)
  8-byte reference at 404020 to 404070 (realloc)
  8-byte reference at 404028 to 404078 (__isoc99_scanf)
Recovering region .data [404030, 404040) in segment .data
Recovering region .bss [404040, 404048) in segment .bss
Recovering extern function free at 401030
Recovering extern function printf at 401040
Recovering extern function memset at 401050
Recovering extern function calloc at 401060
Recovering extern function realloc at 401070
Recovering extern function __isoc99_scanf at 401080
Recovering extern function free at 404048
Recovering extern function __libc_start_main at 404050
Recovering extern function printf at 404058
Recovering extern function memset at 404060
Recovering extern function calloc at 404068
Recovering extern function realloc at 404070
Recovering extern function __isoc99_scanf at 404078
Recovering extern function __gmon_start__ at 404080
Recovered 10 functions.
Saving to: /home/ubuntu/capstone_project/result/pipeline_20260629_141746/s308363767_fla.cfg
Done analysis!
