Debugging is enabled.
Loading Standard Definitions file: /home/ubuntu/capstone_project/dependency/mcsema/mcsema/lib/python3/site-packages/mcsema_disass-3.1.3.8-py3.8.egg/mcsema_disass/defs/linux.txt
Using Batch mode.
Starting analysis
Recovering module s308363767_instsub.elf
Found main at 401180
Looking for instructions in segment .init
  Default block heads for function 401000 with loose bounds [401000, 40101b)
    block [401000, 401014)
    block [401014, 401016)
    block [401016, 40101b)
    chunk [401000, 40101b)
Looking for instructions in segment .plt
  Default block heads for function 401020 with loose bounds [401020, 40102c)
    block [401020, 40102c)
    chunk [401020, 40102c)
  Default block heads for function 401030 with loose bounds [401030, 401036)
    block [401030, 401036)
    chunk [401030, 401036)
  Default block heads for function 401040 with loose bounds [401040, 401046)
    block [401040, 401046)
    chunk [401040, 401046)
  Default block heads for function 401050 with loose bounds [401050, 401056)
    block [401050, 401056)
    chunk [401050, 401056)
  Default block heads for function 401060 with loose bounds [401060, 401066)
    block [401060, 401066)
    chunk [401060, 401066)
  Default block heads for function 401070 with loose bounds [401070, 401076)
    block [401070, 401076)
    chunk [401070, 401076)
  Default block heads for function 401080 with loose bounds [401080, 401086)
    block [401080, 401086)
    chunk [401080, 401086)
Looking for instructions in segment .text
  Default block heads for function 401090 with loose bounds [401090, 4010b6)
    block [401090, 4010b6)
    chunk [401090, 4010b6)
  Default block heads for function 4010d0 with loose bounds [4010d0, 4010f1)
    block [4010d0, 4010dd)
    block [4010dd, 4010e7)
    block [4010e7, 4010ee)
    block [4010f0, 4010f1)
    chunk [4010d0, 4010f1)
  Default block heads for function 401140 with loose bounds [401140, 401161)
    block [401140, 40114d)
    block [40114d, 40115f)
    block [401160, 401161)
    chunk [401140, 401161)
  Default block heads for function 401170 with loose bounds [401170, 401176)
    block [401170, 401176)
    chunk [401170, 401176)
    chunk [401100, 401131)
  Default block heads for function 401180 with loose bounds [401180, 4011fe)
    block [401180, 4011a8)
    block [4011a8, 4011c6)
    block [4011c6, 4011ed)
    block [4011ed, 4011fe)
    chunk [401180, 4011fe)
  Default block heads for function 401200 with loose bounds [401200, 4014fd)
    block [401200, 40127a)
    block [40127a, 40129f)
    block [40129f, 401304)
    block [401304, 401309)
    block [401309, 401315)
    block [401315, 401323)
    block [401323, 401343)
    block [401343, 401352)
    block [401352, 401359)
    block [401359, 401365)
    block [401365, 401373)
    block [401373, 40137f)
    block [40137f, 4013ad)
    block [4013ad, 4013d6)
    block [4013d6, 4013dd)
    block [4013dd, 4013e9)
    block [4013e9, 4013fb)
    block [4013fb, 401432)
    block [401432, 401465)
    block [401465, 401495)
    block [401495, 40149a)
    block [40149a, 4014b4)
    block [4014b4, 4014b9)
    block [4014b9, 4014d1)
    block [4014d1, 4014fd)
    chunk [401200, 4014fd)
  Default block heads for function 401500 with loose bounds [401500, 401580)
    block [401500, 40151b)
    block [40151b, 401527)
    block [401527, 401558)
    block [401558, 401563)
    block [401563, 401576)
    block [401576, 40157b)
    block [40157b, 401580)
    chunk [401500, 401580)
Looking for instructions in segment .fini
  Default block heads for function 401580 with loose bounds [401580, 40158d)
    block [401580, 40158d)
    chunk [401580, 40158d)
Looking for strings in segment .rodata [402000, 40200b)
  Found string b'%d\n' of length 4 at 402007, jumping to 40200b
Looking for strings in segment .eh_frame_hdr [40200c, 402048)
Looking for strings in segment .eh_frame [402048, 402114)
Looking for strings in segment .init_array [403de8, 403df0)
Looking for strings in segment .fini_array [403df0, 403df8)
Looking for strings in segment .got [403fd8, 403fe8)
Looking for strings in segment .got.plt [403fe8, 404030)
Looking for strings in segment .data [404030, 404040)
Looking for strings in segment .bss [404040, 404048)
Looking for strings in segment extern [404048, 404088)
Looking for cross-references in segment .init [401000, 40101b)
Looking for cross-references in segment .plt [401020, 401090)
  Stopping scan at 40102c
Looking for cross-references in segment .text [401090, 401580)
  Stopping scan at 4010bc
  Stopping scan at 4010cc
  Stopping scan at ffffffffffffffff
  Stopping scan at 4010fc
  Stopping scan at 40113c
  Stopping scan at ffffffffffffffff
  Stopping scan at 40116c
  Stopping scan at 40117c
  Stopping scan at ffffffffffffffff
  Stopping scan at ffffffffffffffff
Looking for cross-references in segment .fini [401580, 40158d)
Looking for cross-references in segment .rodata [402000, 40200b)
  Stopping scan at 402008
Looking for cross-references in segment .eh_frame_hdr [40200c, 402048)
  Stopping scan at 402044
Looking for cross-references in segment .eh_frame [402048, 402114)
  Stopping scan at 402110
Looking for cross-references in segment .init_array [403de8, 403df0)
  Adding qword reference from 403de8 to 401170
  Stopping scan at 403de8
Looking for cross-references in segment .fini_array [403df0, 403df8)
  Adding qword reference from 403df0 to 401140
  Stopping scan at 403df0
Looking for cross-references in segment .got [403fd8, 403fe8)
  Adding qword reference from 403fd8 to 404050
  Adding qword reference from 403fe0 to 404080
  Stopping scan at 403fe0
Looking for cross-references in segment .got.plt [403fe8, 404030)
  Adding qword reference from 404000 to 404048
  Adding qword reference from 404008 to 404058
  Adding qword reference from 404010 to 404060
  Adding qword reference from 404018 to 404068
  Adding qword reference from 404020 to 404070
  Adding qword reference from 404028 to 404078
  Stopping scan at 404028
Looking for cross-references in segment .data [404030, 404040)
  Stopping scan at 40403c
Looking for cross-references in segment .bss [404040, 404048)
  Stopping scan at 404044
Looking for cross-references in segment extern [404048, 404088)
  Stopping scan at 404084
Looking for thunks
  Found thunk for free targeting 404048 at 401030
  Found thunk for printf targeting 404058 at 401040
  Found thunk for memset targeting 404060 at 401050
  Found thunk for calloc targeting 404068 at 401060
  Found thunk for realloc targeting 404070 at 401070
  Found thunk for __isoc99_scanf targeting 404078 at 401080
Looking for external symbols
  Function at 401030 is the external function free
  Function at 401040 is the external function printf
  Function at 401050 is the external function memset
  Function at 401060 is the external function calloc
  Function at 401070 is the external function realloc
  Function at 401080 is the external function __isoc99_scanf
  Function at 404048 is the external function free
  Function at 404050 is the external function __libc_start_main
  Function at 404058 is the external function printf
  Function at 404060 is the external function memset
  Function at 404068 is the external function calloc
  Function at 404070 is the external function realloc
  Function at 404078 is the external function __isoc99_scanf
  Function at 404080 is the external function __gmon_start__
Looking for entrypoints
Recovering .init_proc at 401000
  Analysing subroutine .init_proc at 401000
    Block head at 0040101b is not code.
  Subroutine .init_proc at 401000 has 3 blocks
  BB: 401000 in func 401000 with 5 insts
    Referenced by data
    I: 401000
    I: 401004
    I: 401008 (mem 403fe0)
    I: 40100f
    I: 401012 (flow 401016)
      Successors: 401014, 401016
  BB: 401014 in func 401000 with 1 insts
    I: 401014
      Successors: 401016
  BB: 401016 in func 401000 with 2 insts
    I: 401016
    I: 40101a
      No successors
Recovering 401020
  Analysing subroutine sub_401020 at 401020
  WARNING: No table entries for indirect jump at 401026; Adding next_ea 40102c as successor.
  Subroutine sub_401020 at 401020 has 2 blocks
  WARNING: No table entries for indirect jump at 401026; Adding next_ea 40102c as successor.
  BB: 401020 in func 401020 with 2 insts
    I: 401020 (mem 403ff0)
    I: 401026 (mem 403ff8)
      Successors: 40102c
  BB: 40102c in func 401020 with 1 insts
    I: 40102c
      No successors
Recovering start at 401090
  Analysing subroutine start at 401090
  Subroutine start at 401090 has 3 blocks
  BB: 401090 in func 401090 with 13 insts
    Referenced by data
    I: 401090
    I: 401094
    I: 401096
    I: 401099
    I: 40109a
    I: 40109d
    I: 4010a1
    I: 4010a2
    I: 4010a3
    I: 4010a6
    I: 4010a8 (imm 401180)
    I: 4010af (mem 403fd8)
    I: 4010b5
      No successors
  BB: 4010c5 in func 401090 with 2 insts
    I: 4010c5
    I: 4010cf
      No successors
  BB: 4010b6 in func 401090 with 3 insts
    I: 4010b6
    I: 4010c0
    I: 4010c4
      No successors
Recovering 4010d0
  Analysing subroutine sub_4010D0 at 4010d0
  WARNING: No table entries for indirect jump at 4010ec; Adding next_ea 4010ee as successor.
  WARNING: No table entries for indirect jump at 40112e; Adding next_ea 401130 as successor.
  Subroutine sub_4010D0 at 4010d0 has 11 blocks
  BB: 401100 in func 4010d0 with 8 insts
    I: 401100 (imm 404040)
    I: 401105 (imm 404040)
    I: 40110c
    I: 40110f
    I: 401113
    I: 401117
    I: 40111a
    I: 40111d (flow 401130)
      Successors: 401130, 40111f
  WARNING: No table entries for indirect jump at 4010ec; Adding next_ea 4010ee as successor.
  BB: 4010e7 in func 4010d0 with 2 insts
    I: 4010e7 (imm 404040)
    I: 4010ec
      Successors: 4010ee
  WARNING: No table entries for indirect jump at 40112e; Adding next_ea 401130 as successor.
  BB: 401129 in func 4010d0 with 2 insts
    I: 401129 (imm 404040)
    I: 40112e
      Successors: 401130
  BB: 4010ee in func 4010d0 with 1 insts
    I: 4010ee
      Successors: 4010f0
  BB: 4010d0 in func 4010d0 with 3 insts
    I: 4010d0 (imm 404040)
    I: 4010d5 (imm 404040)
    I: 4010db (flow 4010f0)
      Successors: 4010f0, 4010dd
  BB: 4010f0 in func 4010d0 with 1 insts
    I: 4010f0
      No successors
  BB: 4010f1 in func 4010d0 with 2 insts
    I: 4010f1
    I: 4010f5
      Successors: 401100
  BB: 401130 in func 4010d0 with 1 insts
    I: 401130
      No successors
  BB: 401131 in func 4010d0 with 2 insts
    I: 401131
    I: 401135
      No successors
  BB: 4010dd in func 4010d0 with 3 insts
    I: 4010dd
    I: 4010e2
    I: 4010e5 (flow 4010f0)
      Successors: 4010f0, 4010e7
  BB: 40111f in func 4010d0 with 3 insts
    I: 40111f
    I: 401124
    I: 401127 (flow 401130)
      Successors: 401130, 401129
Recovering 401140
  Analysing subroutine sub_401140 at 401140
  Subroutine sub_401140 at 401140 has 5 blocks
  BB: 401140 in func 401140 with 3 insts
    Referenced by data
    I: 401140
    I: 401144 (mem 404040)
    I: 40114b (flow 401160)
      Successors: 401160, 40114d
  BB: 401161 in func 401140 with 2 insts
    I: 401161
    I: 401165
      No successors
  BB: 401160 in func 401140 with 1 insts
    I: 401160
      No successors
  BB: 40114d in func 401140 with 6 insts
    I: 40114d
    I: 40114e
    I: 401151 (flow 4010d0)
    I: 401156 (mem 404040)
    I: 40115d
    I: 40115e
      No successors
  BB: 40115f in func 401140 with 1 insts
    I: 40115f
      Successors: 401160
Recovering 401170
  Analysing subroutine sub_401170 at 401170
  WARNING: No table entries for indirect jump at 40112e; Adding next_ea 401130 as successor.
  Subroutine sub_401170 at 401170 has 6 blocks
  BB: 401100 in func 401170 with 8 insts
    I: 401100 (imm 404040)
    I: 401105 (imm 404040)
    I: 40110c
    I: 40110f
    I: 401113
    I: 401117
    I: 40111a
    I: 40111d (flow 401130)
      Successors: 401130, 40111f
  WARNING: No table entries for indirect jump at 40112e; Adding next_ea 401130 as successor.
  BB: 401129 in func 401170 with 2 insts
    I: 401129 (imm 404040)
    I: 40112e
      Successors: 401130
  BB: 401170 in func 401170 with 2 insts
    Referenced by data
    I: 401170
    I: 401174 (flow 401100)
      Successors: 401100
  BB: 401130 in func 401170 with 1 insts
    I: 401130
      No successors
  BB: 401176 in func 401170 with 1 insts
    I: 401176
      No successors
  BB: 40111f in func 401170 with 3 insts
    I: 40111f
    I: 401124
    I: 401127 (flow 401130)
      Successors: 401130, 401129
Recovering main at 401180
  Analysing subroutine main at 401180
  Subroutine main at 401180 has 5 blocks
  BB: 401180 in func 401180 with 10 insts
    Referenced by data
    I: 401180
    I: 401181
    I: 401184
    I: 401188
    I: 40118f
    I: 401192
    I: 401196
    I: 40119b
    I: 40119f
    I: 4011a3 (flow 401200)
      Successors: 4011a8
  BB: 4011c6 in func 401180 with 9 insts
    I: 4011c6
    I: 4011c9
    I: 4011cd
    I: 4011d0 (flow 401500)
    I: 4011d5
    I: 4011d7 (imm 402007)
    I: 4011e1
    I: 4011e3 (flow 404058)
    I: 4011e8 (flow 4011a8)
      Successors: 4011a8
  BB: 4011a8 in func 401180 with 6 insts
    I: 4011a8 (imm 402004)
    I: 4011b2
    I: 4011b6
    I: 4011b8 (flow 404078)
    I: 4011bd
    I: 4011c0 (flow 4011ed)
      Successors: 4011ed, 4011c6
  BB: 4011ed in func 401180 with 6 insts
    I: 4011ed
    I: 4011f1 (flow 404048)
    I: 4011f6
    I: 4011f8
    I: 4011fc
    I: 4011fd
      No successors
  BB: 4011fe in func 401180 with 1 insts
    I: 4011fe
      No successors
Recovering 401200
  Analysing subroutine sub_401200 at 401200
  Subroutine sub_401200 at 401200 has 26 blocks
  BB: 401200 in func 401200 with 26 insts
    I: 401200
    I: 401201
    I: 401204
    I: 401208
    I: 40120b
    I: 40120f
    I: 401213
    I: 40121a
    I: 40121e
    I: 401223 (flow 404068)
    I: 401228
    I: 40122c
    I: 401230
    I: 401235 (flow 404068)
    I: 40123a
    I: 40123e
    I: 401242
    I: 401248
    I: 40124c
    I: 401253
    I: 40125a
    I: 401261
    I: 401265
    I: 40126a (flow 404068)
    I: 40126f
    I: 401273
      Successors: 40127a
  BB: 401304 in func 401200 with 1 insts
    I: 401304 (flow 401309)
      Successors: 401309
  BB: 401309 in func 401200 with 3 insts
    I: 401309
    I: 40130c
    I: 40130f (flow 401323)
      Successors: 401323, 401315
  BB: 401315 in func 401200 with 4 insts
    I: 401315
    I: 401318
    I: 40131b
    I: 40131e (flow 401309)
      Successors: 401309
  BB: 401495 in func 401200 with 1 insts
    I: 401495 (flow 40149a)
      Successors: 40149a
  BB: 40149a in func 401200 with 10 insts
    I: 40149a
    I: 40149d
    I: 40149f
    I: 4014a1
    I: 4014a3
    I: 4014a6
    I: 4014a8
    I: 4014aa
    I: 4014ac
    I: 4014af (flow 4013dd)
      Successors: 4013dd
  BB: 40129f in func 401200 with 27 insts
    I: 40129f
    I: 4012a3
    I: 4012a6
    I: 4012ac
    I: 4012af
    I: 4012b5
    I: 4012b8
    I: 4012bb
    I: 4012bf
    I: 4012c2
    I: 4012c8
    I: 4012cb
    I: 4012d1
    I: 4012d4
    I: 4012d8
    I: 4012dc
    I: 4012e0
    I: 4012e3
    I: 4012e7
    I: 4012eb
    I: 4012ef
    I: 4012f1
    I: 4012f3
    I: 4012f5
    I: 4012f8
    I: 4012fb
    I: 4012fe (flow 401343)
      Successors: 401343, 401304
  BB: 401323 in func 401200 with 7 insts
    I: 401323
    I: 401327 (flow 404048)
    I: 40132c
    I: 401330
    I: 401335 (flow 404068)
    I: 40133a
    I: 40133e (flow 401352)
      Successors: 401352
  BB: 4013ad in func 401200 with 14 insts
    I: 4013ad
    I: 4013b0
    I: 4013b3
    I: 4013b5
    I: 4013b7
    I: 4013b9
    I: 4013bd
    I: 4013c1
    I: 4013c4
    I: 4013c7
    I: 4013c9
    I: 4013cc
    I: 4013ce
    I: 4013d1 (flow 401359)
      Successors: 401359
  BB: 401432 in func 401200 with 13 insts
    I: 401432
    I: 401435
    I: 401438
    I: 40143b
    I: 40143f
    I: 401443
    I: 401447 (flow 404070)
    I: 40144c
    I: 401450
    I: 401454
    I: 401458
    I: 40145c (flow 404070)
    I: 401461
      Successors: 401465
  BB: 4014b4 in func 401200 with 1 insts
    I: 4014b4 (flow 4014b9)
      Successors: 4014b9
  BB: 4014b9 in func 401200 with 6 insts
    I: 4014b9
    I: 4014bc
    I: 4014c1
    I: 4014c4
    I: 4014c9
    I: 4014cc (flow 40127a)
      Successors: 40127a
  BB: 401343 in func 401200 with 4 insts
    I: 401343
    I: 401347
    I: 40134b
    I: 40134d (flow 404060)
      Successors: 401352
  BB: 4014d1 in func 401200 with 13 insts
    I: 4014d1
    I: 4014d5 (flow 404048)
    I: 4014da
    I: 4014de (flow 404048)
    I: 4014e3
    I: 4014e7
    I: 4014eb
    I: 4014ee
    I: 4014f1
    I: 4014f5
    I: 4014f7
    I: 4014fb
    I: 4014fc
      No successors
  BB: 401352 in func 401200 with 1 insts
    I: 401352
      Successors: 401359
  BB: 4013d6 in func 401200 with 1 insts
    I: 4013d6
      Successors: 4013dd
  BB: 401359 in func 401200 with 3 insts
    I: 401359
    I: 40135c
    I: 40135f (flow 4013d6)
      Successors: 401365, 4013d6
  BB: 4013dd in func 401200 with 3 insts
    I: 4013dd
    I: 4013e0
    I: 4013e3 (flow 4014b4)
      Successors: 4013e9, 4014b4
  BB: 401365 in func 401200 with 4 insts
    I: 401365
    I: 401369
    I: 40136d
    I: 401370
      Successors: 401373
  BB: 401465 in func 401200 with 12 insts
    I: 401465
    I: 401468
    I: 40146c
    I: 401470
    I: 401473
    I: 401477
    I: 40147b
    I: 401482
    I: 401485
    I: 40148a
    I: 40148d
    I: 401492
      Successors: 401495
  BB: 4013e9 in func 401200 with 4 insts
    I: 4013e9
    I: 4013ed
    I: 4013f1
    I: 4013f5 (flow 401495)
      Successors: 4013fb, 401495
  BB: 401373 in func 401200 with 3 insts
    I: 401373
    I: 401376
    I: 401379 (flow 4013ad)
      Successors: 4013ad, 40137f
  BB: 40127a in func 401200 with 9 insts
    I: 40127a
    I: 40127e
    I: 401281
    I: 401287
    I: 40128a
    I: 401290
    I: 401293
    I: 401296
    I: 401299 (flow 4014d1)
      Successors: 4014d1, 40129f
  BB: 4013fb in func 401200 with 18 insts
    I: 4013fb
    I: 4013ff
    I: 401403
    I: 401406
    I: 40140a
    I: 40140e
    I: 401412
    I: 401415
    I: 401417
    I: 401419
    I: 40141b
    I: 40141d
    I: 40141f
    I: 401421
    I: 401423
    I: 401426
    I: 401429
    I: 40142c (flow 401465)
      Successors: 401432, 401465
  BB: 4014fd in func 401200 with 1 insts
    I: 4014fd
      No successors
  BB: 40137f in func 401200 with 12 insts
    I: 40137f
    I: 401383
    I: 401387
    I: 40138b
    I: 40138f
    I: 401393
    I: 401396
    I: 401399
    I: 40139e
    I: 4013a0
    I: 4013a5
    I: 4013a8 (flow 401373)
      Successors: 401373
Recovering 401500
  Analysing subroutine sub_401500 at 401500
  Subroutine sub_401500 at 401500 has 7 blocks
  BB: 401500 in func 401500 with 8 insts
    I: 401500
    I: 401501
    I: 401504
    I: 401507
    I: 40150b
    I: 40150e
    I: 401515
    I: 401518
      Successors: 40151b
  BB: 401563 in func 401500 with 5 insts
    I: 401563
    I: 401566
    I: 40156b
    I: 40156e
    I: 401573
      Successors: 401576
  BB: 401527 in func 401500 with 14 insts
    I: 401527
    I: 40152a
    I: 40152d
    I: 401532
    I: 401534
    I: 401539
    I: 40153e
    I: 40153f
    I: 401541
    I: 401544
    I: 401547
    I: 40154b
    I: 40154f
    I: 401552 (flow 401563)
      Successors: 401558, 401563
  BB: 40151b in func 401500 with 3 insts
    I: 40151b
    I: 40151e
    I: 401521 (flow 40157b)
      Successors: 40157b, 401527
  BB: 401576 in func 401500 with 1 insts
    I: 401576 (flow 40151b)
      Successors: 40151b
  BB: 401558 in func 401500 with 3 insts
    I: 401558
    I: 40155b
    I: 40155e (flow 401576)
      Successors: 401576
  BB: 40157b in func 401500 with 3 insts
    I: 40157b
    I: 40157e
    I: 40157f
      No successors
Recovering .term_proc at 401580
  Analysing subroutine .term_proc at 401580
    Block head at 0040158d is not code.
  Subroutine .term_proc at 401580 has 1 blocks
  BB: 401580 in func 401580 with 4 insts
    I: 401580
    I: 401584
    I: 401588
    I: 40158c
      No successors
Global Variable None
WARNING: Global constructor and destructor sections are adjacent!
Recovering region LOAD [400000, 4005d0) in segment LOAD
  8-byte reference at 400018 to 401090 (start)
  8-byte reference at 4000f8 to 401000 (.init_proc)
  8-byte reference at 400130 to 402000 ()
  8-byte reference at 400168 to 403de8 ()
  8-byte reference at 400280 to 40200c ()
  8-byte reference at 4002f0 to 403de8 ()
Recovering region .init [401000, 40101b) in segment .init
Recovering region LOAD [40101b, 401020) in segment LOAD
Recovering region .plt [401020, 401090) in segment .plt
Recovering region .text [401090, 401580) in segment .text
Recovering region .fini [401580, 40158d) in segment .fini
Recovering region .rodata [402000, 40200b) in segment .rodata
  Variable format at 402007
Recovering region LOAD [40200b, 40200c) in segment LOAD
Recovering region .eh_frame_hdr [40200c, 402048) in segment .eh_frame_hdr
Recovering region .eh_frame [402048, 402114) in segment .eh_frame
Recovering region LOAD [402114, 402158) in segment LOAD
Recovering region .init_array [403de8, 403df8) in segment .init_array
  8-byte reference at 403de8 to 401170 ()
  8-byte reference at 403df0 to 401140 ()
Recovering region LOAD [403df8, 403fd8) in segment LOAD
Recovering region .got [403fd8, 403fe8) in segment .got
  8-byte reference at 403fd8 to 404050 (__libc_start_main)
  8-byte reference at 403fe0 to 404080 (__gmon_start__)
Recovering region .got.plt [403fe8, 404030) in segment .got.plt
  8-byte reference at 404000 to 404048 (free)
  8-byte reference at 404008 to 404058 (printf)
  8-byte reference at 404010 to 404060 (memset)
  8-byte reference at 404018 to 404068 (calloc)
  8-byte reference at 404020 to 404070 (realloc)
  8-byte reference at 404028 to 404078 (__isoc99_scanf)
Recovering region .data [404030, 404040) in segment .data
Recovering region .bss [404040, 404048) in segment .bss
Recovering extern function free at 401030
Recovering extern function printf at 401040
Recovering extern function memset at 401050
Recovering extern function calloc at 401060
Recovering extern function realloc at 401070
Recovering extern function __isoc99_scanf at 401080
Recovering extern function free at 404048
Recovering extern function __libc_start_main at 404050
Recovering extern function printf at 404058
Recovering extern function memset at 404060
Recovering extern function calloc at 404068
Recovering extern function realloc at 404070
Recovering extern function __isoc99_scanf at 404078
Recovering extern function __gmon_start__ at 404080
Recovered 10 functions.
Saving to: /home/ubuntu/capstone_project/result/pipeline_20260629_141746/s308363767_instsub.cfg
Done analysis!
