Debugging is enabled.
Loading Standard Definitions file: /home/ubuntu/capstone_project/dependency/mcsema/mcsema/lib/python3/site-packages/mcsema_disass-3.1.3.8-py3.8.egg/mcsema_disass/defs/linux.txt
Using Batch mode.
Starting analysis
Recovering module s308363767_fla_bcf.elf
Found main at 401180
Looking for instructions in segment .init
  Default block heads for function 401000 with loose bounds [401000, 40101b)
    block [401000, 401014)
    block [401014, 401016)
    block [401016, 40101b)
    chunk [401000, 40101b)
Looking for instructions in segment .plt
  Default block heads for function 401020 with loose bounds [401020, 40102c)
    block [401020, 40102c)
    chunk [401020, 40102c)
  Default block heads for function 401030 with loose bounds [401030, 401036)
    block [401030, 401036)
    chunk [401030, 401036)
  Default block heads for function 401040 with loose bounds [401040, 401046)
    block [401040, 401046)
    chunk [401040, 401046)
  Default block heads for function 401050 with loose bounds [401050, 401056)
    block [401050, 401056)
    chunk [401050, 401056)
  Default block heads for function 401060 with loose bounds [401060, 401066)
    block [401060, 401066)
    chunk [401060, 401066)
  Default block heads for function 401070 with loose bounds [401070, 401076)
    block [401070, 401076)
    chunk [401070, 401076)
  Default block heads for function 401080 with loose bounds [401080, 401086)
    block [401080, 401086)
    chunk [401080, 401086)
Looking for instructions in segment .text
  Default block heads for function 401090 with loose bounds [401090, 4010b6)
    block [401090, 4010b6)
    chunk [401090, 4010b6)
  Default block heads for function 4010d0 with loose bounds [4010d0, 4010f1)
    block [4010d0, 4010dd)
    block [4010dd, 4010e7)
    block [4010e7, 4010ee)
    block [4010f0, 4010f1)
    chunk [4010d0, 4010f1)
  Default block heads for function 401140 with loose bounds [401140, 401161)
    block [401140, 40114d)
    block [40114d, 40115f)
    block [401160, 401161)
    chunk [401140, 401161)
  Default block heads for function 401170 with loose bounds [401170, 401176)
    block [401170, 401176)
    chunk [401170, 401176)
    chunk [401100, 401131)
  Default block heads for function 401180 with loose bounds [401180, 401263)
    block [401180, 4011af)
    block [4011af, 4011c0)
    block [4011c0, 4011c5)
    block [4011c5, 4011d3)
    block [4011d3, 4011d8)
    block [4011d8, 4011e6)
    block [4011e6, 4011eb)
    block [4011eb, 4011f0)
    block [4011f0, 40121f)
    block [40121f, 40124d)
    block [40124d, 40125e)
    block [40125e, 401263)
    chunk [401180, 401263)
  Default block heads for function 401270 with loose bounds [401270, 401ee6)
    block [401270, 4012f1)
    block [4012f1, 401302)
    block [401302, 401307)
    block [401307, 401315)
    block [401315, 40131a)
    block [40131a, 401328)
    block [401328, 40132d)
    block [40132d, 40133b)
    block [40133b, 401340)
    block [401340, 40134e)
    block [40134e, 401353)
    block [401353, 401361)
    block [401361, 401366)
    block [401366, 401374)
    block [401374, 401379)
    block [401379, 401387)
    block [401387, 40138c)
    block [40138c, 40139a)
    block [40139a, 40139f)
    block [40139f, 4013ad)
    block [4013ad, 4013b2)
    block [4013b2, 4013c0)
    block [4013c0, 4013c5)
    block [4013c5, 4013d3)
    block [4013d3, 4013d8)
    block [4013d8, 4013e6)
    block [4013e6, 4013eb)
    block [4013eb, 4013f9)
    block [4013f9, 4013fe)
    block [4013fe, 40140c)
    block [40140c, 401411)
    block [401411, 40141f)
    block [40141f, 401424)
    block [401424, 401432)
    block [401432, 401437)
    block [401437, 401445)
    block [401445, 40144a)
    block [40144a, 401458)
    block [401458, 40145d)
    block [40145d, 40146b)
    block [40146b, 401470)
    block [401470, 40147e)
    block [40147e, 401483)
    block [401483, 401491)
    block [401491, 401496)
    block [401496, 4014a4)
    block [4014a4, 4014a9)
    block [4014a9, 4014b7)
    block [4014b7, 4014bc)
    block [4014bc, 4014ca)
    block [4014ca, 4014cf)
    block [4014cf, 4014dd)
    block [4014dd, 4014e2)
    block [4014e2, 4014f0)
    block [4014f0, 4014f5)
    block [4014f5, 401503)
    block [401503, 401508)
    block [401508, 401516)
    block [401516, 40151b)
    block [40151b, 401529)
    block [401529, 40152e)
    block [40152e, 40153c)
    block [40153c, 401541)
    block [401541, 40154f)
    block [40154f, 401554)
    block [401554, 401562)
    block [401562, 401567)
    block [401567, 401575)
    block [401575, 40157a)
    block [40157a, 401588)
    block [401588, 40158d)
    block [40158d, 40159b)
    block [40159b, 4015a0)
    block [4015a0, 4015ae)
    block [4015ae, 4015b3)
    block [4015b3, 4015c1)
    block [4015c1, 4015c6)
    block [4015c6, 4015d4)
    block [4015d4, 4015d9)
    block [4015d9, 4015e7)
    block [4015e7, 4015ec)
    block [4015ec, 4015fa)
    block [4015fa, 4015ff)
    block [4015ff, 40160d)
    block [40160d, 401612)
    block [401612, 401620)
    block [401620, 401625)
    block [401625, 401633)
    block [401633, 401638)
    block [401638, 401646)
    block [401646, 40164b)
    block [40164b, 401659)
    block [401659, 40165e)
    block [40165e, 40166c)
    block [40166c, 401671)
    block [401671, 40167f)
    block [40167f, 401684)
    block [401684, 401692)
    block [401692, 401697)
    block [401697, 4016a5)
    block [4016a5, 4016aa)
    block [4016aa, 4016af)
    block [4016af, 4016d7)
    block [4016d7, 40172f)
    block [40172f, 40173b)
    block [40173b, 401756)
    block [401756, 401799)
    block [401799, 4017e5)
    block [4017e5, 4017f1)
    block [4017f1, 401818)
    block [401818, 401833)
    block [401833, 401876)
    block [401876, 4018c0)
    block [4018c0, 4018cc)
    block [4018cc, 4018e7)
    block [4018e7, 40192a)
    block [40192a, 40197b)
    block [40197b, 401987)
    block [401987, 4019a2)
    block [4019a2, 4019e5)
    block [4019e5, 401a34)
    block [401a34, 401a40)
    block [401a40, 401a83)
    block [401a83, 401ad7)
    block [401ad7, 401ae3)
    block [401ae3, 401b00)
    block [401b00, 401b15)
    block [401b15, 401b28)
    block [401b28, 401b43)
    block [401b43, 401b64)
    block [401b64, 401b9c)
    block [401b9c, 401bdf)
    block [401bdf, 401c55)
    block [401c55, 401c61)
    block [401c61, 401c93)
    block [401c93, 401cd6)
    block [401cd6, 401d19)
    block [401d19, 401d25)
    block [401d25, 401d3a)
    block [401d3a, 401d46)
    block [401d46, 401d89)
    block [401d89, 401dd5)
    block [401dd5, 401de1)
    block [401de1, 401e0d)
    block [401e0d, 401e22)
    block [401e22, 401e35)
    block [401e35, 401e4f)
    block [401e4f, 401e67)
    block [401e67, 401e86)
    block [401e86, 401ec5)
    block [401ec5, 401ed1)
    block [401ed1, 401ee1)
    block [401ee1, 401ee6)
    chunk [401270, 401ee6)
  Default block heads for function 401ef0 with loose bounds [401ef0, 40257a)
    block [401ef0, 401f3d)
    block [401f3d, 401f4e)
    block [401f4e, 401f53)
    block [401f53, 401f61)
    block [401f61, 401f66)
    block [401f66, 401f74)
    block [401f74, 401f79)
    block [401f79, 401f87)
    block [401f87, 401f8c)
    block [401f8c, 401f9a)
    block [401f9a, 401f9f)
    block [401f9f, 401fad)
    block [401fad, 401fb2)
    block [401fb2, 401fc0)
    block [401fc0, 401fc5)
    block [401fc5, 401fd3)
    block [401fd3, 401fd8)
    block [401fd8, 401fe6)
    block [401fe6, 401feb)
    block [401feb, 401ff9)
    block [401ff9, 401ffe)
    block [401ffe, 40200c)
    block [40200c, 402011)
    block [402011, 40201f)
    block [40201f, 402024)
    block [402024, 402032)
    block [402032, 402037)
    block [402037, 402045)
    block [402045, 40204a)
    block [40204a, 402058)
    block [402058, 40205d)
    block [40205d, 40206b)
    block [40206b, 402070)
    block [402070, 40207e)
    block [40207e, 402083)
    block [402083, 402091)
    block [402091, 402096)
    block [402096, 4020a4)
    block [4020a4, 4020a9)
    block [4020a9, 4020b7)
    block [4020b7, 4020bc)
    block [4020bc, 4020ca)
    block [4020ca, 4020cf)
    block [4020cf, 4020dd)
    block [4020dd, 4020e2)
    block [4020e2, 4020e7)
    block [4020e7, 402107)
    block [402107, 4021c5)
    block [4021c5, 4021d1)
    block [4021d1, 4021f2)
    block [4021f2, 402235)
    block [402235, 4022b3)
    block [4022b3, 4022ce)
    block [4022ce, 402311)
    block [402311, 402360)
    block [402360, 40236c)
    block [40236c, 4023af)
    block [4023af, 402401)
    block [402401, 40240d)
    block [40240d, 402450)
    block [402450, 402493)
    block [402493, 40249f)
    block [40249f, 4024aa)
    block [4024aa, 402505)
    block [402505, 40253b)
    block [40253b, 402553)
    block [402553, 40256e)
    block [40256e, 402575)
    block [402575, 40257a)
    chunk [401ef0, 40257a)
Looking for instructions in segment .fini
  Default block heads for function 40257c with loose bounds [40257c, 402589)
    block [40257c, 402589)
    chunk [40257c, 402589)
Looking for strings in segment .rodata [403000, 40300b)
  Found string b'%d\n' of length 4 at 403007, jumping to 40300b
Looking for strings in segment .eh_frame_hdr [40300c, 403048)
Looking for strings in segment .eh_frame [403048, 403120)
Looking for strings in segment .init_array [404de8, 404df0)
Looking for strings in segment .fini_array [404df0, 404df8)
Looking for strings in segment .got [404fd8, 404fe8)
Looking for strings in segment .got.plt [404fe8, 405030)
Looking for strings in segment .data [405030, 405040)
Looking for strings in segment .bss [405040, 405060)
Looking for strings in segment extern [405060, 4050a0)
Looking for cross-references in segment .init [401000, 40101b)
Looking for cross-references in segment .plt [401020, 401090)
  Stopping scan at 40102c
Looking for cross-references in segment .text [401090, 40257a)
  Stopping scan at 4010bc
  Stopping scan at 4010cc
  Stopping scan at ffffffffffffffff
  Stopping scan at 4010fc
  Stopping scan at 40113c
  Stopping scan at ffffffffffffffff
  Stopping scan at 40116c
  Stopping scan at 40117c
  Stopping scan at 40126c
  Stopping scan at 401eec
Looking for cross-references in segment .fini [40257c, 402589)
Looking for cross-references in segment .rodata [403000, 40300b)
  Stopping scan at 403008
Looking for cross-references in segment .eh_frame_hdr [40300c, 403048)
  Stopping scan at 403044
Looking for cross-references in segment .eh_frame [403048, 403120)
  Stopping scan at 40311c
Looking for cross-references in segment .init_array [404de8, 404df0)
  Adding qword reference from 404de8 to 401170
  Stopping scan at 404de8
Looking for cross-references in segment .fini_array [404df0, 404df8)
  Adding qword reference from 404df0 to 401140
  Stopping scan at 404df0
Looking for cross-references in segment .got [404fd8, 404fe8)
  Adding qword reference from 404fd8 to 405068
  Adding qword reference from 404fe0 to 405098
  Stopping scan at 404fe0
Looking for cross-references in segment .got.plt [404fe8, 405030)
  Adding qword reference from 405000 to 405060
  Adding qword reference from 405008 to 405070
  Adding qword reference from 405010 to 405078
  Adding qword reference from 405018 to 405080
  Adding qword reference from 405020 to 405088
  Adding qword reference from 405028 to 405090
  Stopping scan at 405028
Looking for cross-references in segment .data [405030, 405040)
  Stopping scan at 40503c
Looking for cross-references in segment .bss [405040, 405060)
  Stopping scan at 40505c
Looking for cross-references in segment extern [405060, 4050a0)
  Stopping scan at 40509c
Looking for thunks
  Found thunk for free targeting 405060 at 401030
  Found thunk for printf targeting 405070 at 401040
  Found thunk for memset targeting 405078 at 401050
  Found thunk for calloc targeting 405080 at 401060
  Found thunk for realloc targeting 405088 at 401070
  Found thunk for __isoc99_scanf targeting 405090 at 401080
Looking for external symbols
  Function at 401030 is the external function free
  Function at 401040 is the external function printf
  Function at 401050 is the external function memset
  Function at 401060 is the external function calloc
  Function at 401070 is the external function realloc
  Function at 401080 is the external function __isoc99_scanf
  Function at 405060 is the external function free
  Function at 405068 is the external function __libc_start_main
  Function at 405070 is the external function printf
  Function at 405078 is the external function memset
  Function at 405080 is the external function calloc
  Function at 405088 is the external function realloc
  Function at 405090 is the external function __isoc99_scanf
  Function at 405098 is the external function __gmon_start__
Looking for entrypoints
Recovering .init_proc at 401000
  Analysing subroutine .init_proc at 401000
    Block head at 0040101b is not code.
  Subroutine .init_proc at 401000 has 3 blocks
  BB: 401000 in func 401000 with 5 insts
    Referenced by data
    I: 401000
    I: 401004
    I: 401008 (mem 404fe0)
    I: 40100f
    I: 401012 (flow 401016)
      Successors: 401014, 401016
  BB: 401014 in func 401000 with 1 insts
    I: 401014
      Successors: 401016
  BB: 401016 in func 401000 with 2 insts
    I: 401016
    I: 40101a
      No successors
Recovering 401020
  Analysing subroutine sub_401020 at 401020
  WARNING: No table entries for indirect jump at 401026; Adding next_ea 40102c as successor.
  Subroutine sub_401020 at 401020 has 2 blocks
  WARNING: No table entries for indirect jump at 401026; Adding next_ea 40102c as successor.
  BB: 401020 in func 401020 with 2 insts
    I: 401020 (mem 404ff0)
    I: 401026 (mem 404ff8)
      Successors: 40102c
  BB: 40102c in func 401020 with 1 insts
    I: 40102c
      No successors
Recovering start at 401090
  Analysing subroutine start at 401090
  Subroutine start at 401090 has 3 blocks
  BB: 401090 in func 401090 with 13 insts
    Referenced by data
    I: 401090
    I: 401094
    I: 401096
    I: 401099
    I: 40109a
    I: 40109d
    I: 4010a1
    I: 4010a2
    I: 4010a3
    I: 4010a6
    I: 4010a8 (imm 401180)
    I: 4010af (mem 404fd8)
    I: 4010b5
      No successors
  BB: 4010c5 in func 401090 with 2 insts
    I: 4010c5
    I: 4010cf
      No successors
  BB: 4010b6 in func 401090 with 3 insts
    I: 4010b6
    I: 4010c0
    I: 4010c4
      No successors
Recovering 4010d0
  Analysing subroutine sub_4010D0 at 4010d0
  WARNING: No table entries for indirect jump at 4010ec; Adding next_ea 4010ee as successor.
  WARNING: No table entries for indirect jump at 40112e; Adding next_ea 401130 as successor.
  Subroutine sub_4010D0 at 4010d0 has 11 blocks
  BB: 401100 in func 4010d0 with 8 insts
    I: 401100 (imm 405040)
    I: 401105 (imm 405040)
    I: 40110c
    I: 40110f
    I: 401113
    I: 401117
    I: 40111a
    I: 40111d (flow 401130)
      Successors: 401130, 40111f
  WARNING: No table entries for indirect jump at 4010ec; Adding next_ea 4010ee as successor.
  BB: 4010e7 in func 4010d0 with 2 insts
    I: 4010e7 (imm 405040)
    I: 4010ec
      Successors: 4010ee
  WARNING: No table entries for indirect jump at 40112e; Adding next_ea 401130 as successor.
  BB: 401129 in func 4010d0 with 2 insts
    I: 401129 (imm 405040)
    I: 40112e
      Successors: 401130
  BB: 4010ee in func 4010d0 with 1 insts
    I: 4010ee
      Successors: 4010f0
  BB: 4010d0 in func 4010d0 with 3 insts
    I: 4010d0 (imm 405040)
    I: 4010d5 (imm 405040)
    I: 4010db (flow 4010f0)
      Successors: 4010f0, 4010dd
  BB: 4010f0 in func 4010d0 with 1 insts
    I: 4010f0
      No successors
  BB: 4010f1 in func 4010d0 with 2 insts
    I: 4010f1
    I: 4010f5
      Successors: 401100
  BB: 401130 in func 4010d0 with 1 insts
    I: 401130
      No successors
  BB: 401131 in func 4010d0 with 2 insts
    I: 401131
    I: 401135
      No successors
  BB: 4010dd in func 4010d0 with 3 insts
    I: 4010dd
    I: 4010e2
    I: 4010e5 (flow 4010f0)
      Successors: 4010f0, 4010e7
  BB: 40111f in func 4010d0 with 3 insts
    I: 40111f
    I: 401124
    I: 401127 (flow 401130)
      Successors: 401130, 401129
Recovering 401140
  Analysing subroutine sub_401140 at 401140
  Subroutine sub_401140 at 401140 has 5 blocks
  BB: 401140 in func 401140 with 3 insts
    Referenced by data
    I: 401140
    I: 401144 (mem 405040)
    I: 40114b (flow 401160)
      Successors: 401160, 40114d
  BB: 401161 in func 401140 with 2 insts
    I: 401161
    I: 401165
      No successors
  BB: 401160 in func 401140 with 1 insts
    I: 401160
      No successors
  BB: 40114d in func 401140 with 6 insts
    I: 40114d
    I: 40114e
    I: 401151 (flow 4010d0)
    I: 401156 (mem 405040)
    I: 40115d
    I: 40115e
      No successors
  BB: 40115f in func 401140 with 1 insts
    I: 40115f
      Successors: 401160
Recovering 401170
  Analysing subroutine sub_401170 at 401170
  WARNING: No table entries for indirect jump at 40112e; Adding next_ea 401130 as successor.
  Subroutine sub_401170 at 401170 has 6 blocks
  BB: 401100 in func 401170 with 8 insts
    I: 401100 (imm 405040)
    I: 401105 (imm 405040)
    I: 40110c
    I: 40110f
    I: 401113
    I: 401117
    I: 40111a
    I: 40111d (flow 401130)
      Successors: 401130, 40111f
  WARNING: No table entries for indirect jump at 40112e; Adding next_ea 401130 as successor.
  BB: 401129 in func 401170 with 2 insts
    I: 401129 (imm 405040)
    I: 40112e
      Successors: 401130
  BB: 401170 in func 401170 with 2 insts
    Referenced by data
    I: 401170
    I: 401174 (flow 401100)
      Successors: 401100
  BB: 401130 in func 401170 with 1 insts
    I: 401130
      No successors
  BB: 401176 in func 401170 with 1 insts
    I: 401176
      No successors
  BB: 40111f in func 401170 with 3 insts
    I: 40111f
    I: 401124
    I: 401127 (flow 401130)
      Successors: 401130, 401129
Recovering main at 401180
  Analysing subroutine main at 401180
  Subroutine main at 401180 has 13 blocks
  BB: 401180 in func 401180 with 11 insts
    Referenced by data
    I: 401180
    I: 401181
    I: 401184
    I: 401188
    I: 40118f
    I: 401192
    I: 401196
    I: 40119b
    I: 40119f
    I: 4011a3 (flow 401270)
    I: 4011a8
      Successors: 4011af
  BB: 4011c0 in func 401180 with 1 insts
    I: 4011c0 (flow 4011c5)
      Successors: 4011c5
  BB: 401263 in func 401180 with 2 insts
    I: 401263
    I: 40126d
      No successors
  BB: 4011c5 in func 401180 with 3 insts
    I: 4011c5
    I: 4011c8
    I: 4011cd (flow 40124d)
      Successors: 4011d3, 40124d
  BB: 4011e6 in func 401180 with 1 insts
    I: 4011e6 (flow 4011eb)
      Successors: 4011eb
  BB: 4011eb in func 401180 with 1 insts
    I: 4011eb (flow 40125e)
      Successors: 40125e
  BB: 40124d in func 401180 with 6 insts
    I: 40124d
    I: 401251 (flow 405060)
    I: 401256
    I: 401258
    I: 40125c
    I: 40125d
      No successors
  BB: 4011af in func 401180 with 4 insts
    I: 4011af
    I: 4011b2
    I: 4011b5
    I: 4011ba (flow 4011f0)
      Successors: 4011c0, 4011f0
  BB: 4011f0 in func 401180 with 11 insts
    I: 4011f0 (imm 403004)
    I: 4011fa
    I: 4011fe
    I: 401200 (flow 405090)
    I: 401205
    I: 401207
    I: 40120c
    I: 401211
    I: 401214
    I: 401217
    I: 40121a (flow 40125e)
      Successors: 40125e
  BB: 4011d3 in func 401180 with 1 insts
    I: 4011d3 (flow 4011d8)
      Successors: 4011d8
  BB: 4011d8 in func 401180 with 3 insts
    I: 4011d8
    I: 4011db
    I: 4011e0 (flow 40121f)
      Successors: 4011e6, 40121f
  BB: 40125e in func 401180 with 1 insts
    I: 40125e (flow 4011af)
      Successors: 4011af
  BB: 40121f in func 401180 with 10 insts
    I: 40121f
    I: 401222
    I: 401226
    I: 401229 (flow 401ef0)
    I: 40122e
    I: 401230 (imm 403007)
    I: 40123a
    I: 40123c (flow 405070)
    I: 401241
    I: 401248 (flow 40125e)
      Successors: 40125e
Recovering 401270
  Analysing subroutine sub_401270 at 401270
  Subroutine sub_401270 at 401270 has 154 blocks
  BB: 40140c in func 401270 with 1 insts
    I: 40140c (flow 401411)
      Successors: 401411
  BB: 401e0d in func 401270 with 5 insts
    I: 401e0d
    I: 401e10
    I: 401e13
    I: 401e16
    I: 401e1d (flow 401ee1)
      Successors: 401ee1
  BB: 40160d in func 401270 with 1 insts
    I: 40160d (flow 401612)
      Successors: 401612
  BB: 401411 in func 401270 with 3 insts
    I: 401411
    I: 401414
    I: 401419 (flow 401e22)
      Successors: 401e22, 40141f
  BB: 401612 in func 401270 with 3 insts
    I: 401612
    I: 401615
    I: 40161a (flow 4016af)
      Successors: 401620, 4016af
  BB: 401818 in func 401270 with 6 insts
    I: 401818
    I: 40181c
    I: 401820
    I: 401822 (flow 405078)
    I: 401827
    I: 40182e (flow 401ee1)
      Successors: 401ee1
  BB: 40141f in func 401270 with 1 insts
    I: 40141f (flow 401424)
      Successors: 401424
  BB: 401620 in func 401270 with 1 insts
    I: 401620 (flow 401625)
      Successors: 401625
  BB: 401e22 in func 401270 with 3 insts
    I: 401e22
    I: 401e29
    I: 401e30 (flow 401ee1)
      Successors: 401ee1
  BB: 401424 in func 401270 with 3 insts
    I: 401424
    I: 401427
    I: 40142c (flow 401987)
      Successors: 401432, 401987
  BB: 401625 in func 401270 with 3 insts
    I: 401625
    I: 401628
    I: 40162d (flow 401b43)
      Successors: 401b43, 401633
  BB: 401432 in func 401270 with 1 insts
    I: 401432 (flow 401437)
      Successors: 401437
  BB: 401633 in func 401270 with 1 insts
    I: 401633 (flow 401638)
      Successors: 401638
  BB: 401833 in func 401270 with 19 insts
    I: 401833 (imm 405058)
    I: 40183a
    I: 40183c (imm 40504c)
    I: 401843
    I: 401845
    I: 401847
    I: 40184a
    I: 40184d
    I: 401850
    I: 401853
    I: 401856
    I: 401859
    I: 40185c
    I: 40185e
    I: 401863
    I: 401868
    I: 40186b
    I: 40186e
    I: 401871 (flow 401ee1)
      Successors: 401ee1
  BB: 401a34 in func 401270 with 2 insts
    I: 401a34
    I: 401a3b (flow 401ee1)
      Successors: 401ee1
  BB: 401e35 in func 401270 with 6 insts
    I: 401e35
    I: 401e39
    I: 401e3d
    I: 401e40
    I: 401e43
    I: 401e4a (flow 401ee1)
      Successors: 401ee1
  BB: 401437 in func 401270 with 3 insts
    I: 401437
    I: 40143a
    I: 40143f (flow 4017f1)
      Successors: 4017f1, 401445
  BB: 401638 in func 401270 with 3 insts
    I: 401638
    I: 40163b
    I: 401640 (flow 401b00)
      Successors: 401b00, 401646
  BB: 401a40 in func 401270 with 19 insts
    I: 401a40 (imm 405058)
    I: 401a47
    I: 401a49 (imm 40504c)
    I: 401a50
    I: 401a52
    I: 401a54
    I: 401a57
    I: 401a5a
    I: 401a5d
    I: 401a60
    I: 401a63
    I: 401a66
    I: 401a69
    I: 401a6b
    I: 401a70
    I: 401a75
    I: 401a78
    I: 401a7b
    I: 401a7e (flow 401ee1)
      Successors: 401ee1
  BB: 401445 in func 401270 with 1 insts
    I: 401445 (flow 40144a)
      Successors: 40144a
  BB: 401646 in func 401270 with 1 insts
    I: 401646 (flow 40164b)
      Successors: 40164b
  BB: 40144a in func 401270 with 3 insts
    I: 40144a
    I: 40144d
    I: 401452 (flow 4016d7)
      Successors: 401458, 4016d7
  BB: 40164b in func 401270 with 3 insts
    I: 40164b
    I: 40164e
    I: 401653 (flow 401e86)
      Successors: 401659, 401e86
  BB: 401e4f in func 401270 with 5 insts
    I: 401e4f
    I: 401e53
    I: 401e57
    I: 401e5b
    I: 401e62 (flow 401ee1)
      Successors: 401ee1
  BB: 401c55 in func 401270 with 2 insts
    I: 401c55
    I: 401c5c (flow 401ee1)
      Successors: 401ee1
  BB: 401458 in func 401270 with 1 insts
    I: 401458 (flow 40145d)
      Successors: 40145d
  BB: 401659 in func 401270 with 1 insts
    I: 401659 (flow 40165e)
      Successors: 40165e
  BB: 40145d in func 401270 with 3 insts
    I: 40145d
    I: 401460
    I: 401465 (flow 401d25)
      Successors: 40146b, 401d25
  BB: 40165e in func 401270 with 3 insts
    I: 40165e
    I: 401661
    I: 401666 (flow 401b28)
      Successors: 401b28, 40166c
  BB: 401c61 in func 401270 with 12 insts
    I: 401c61
    I: 401c64
    I: 401c68
    I: 401c6c
    I: 401c6f
    I: 401c73
    I: 401c77
    I: 401c7e
    I: 401c81
    I: 401c84
    I: 401c87
    I: 401c8e (flow 401ee1)
      Successors: 401ee1
  BB: 401e67 in func 401270 with 8 insts
    I: 401e67
    I: 401e6b
    I: 401e6f
    I: 401e72
    I: 401e75
    I: 401e77
    I: 401e7a
    I: 401e81 (flow 401ee1)
      Successors: 401ee1
  BB: 40146b in func 401270 with 1 insts
    I: 40146b (flow 401470)
      Successors: 401470
  BB: 40166c in func 401270 with 1 insts
    I: 40166c (flow 401671)
      Successors: 401671
  BB: 401270 in func 401270 with 27 insts
    I: 401270
    I: 401271
    I: 401274
    I: 401278
    I: 40127b
    I: 40127f
    I: 401283
    I: 40128a
    I: 40128e
    I: 401293 (flow 405080)
    I: 401298
    I: 40129c
    I: 4012a0
    I: 4012a5 (flow 405080)
    I: 4012aa
    I: 4012ae
    I: 4012b2
    I: 4012b8
    I: 4012bc
    I: 4012c3
    I: 4012ca
    I: 4012d1
    I: 4012d5
    I: 4012da (flow 405080)
    I: 4012df
    I: 4012e3
    I: 4012ea
      Successors: 4012f1
  BB: 401470 in func 401270 with 3 insts
    I: 401470
    I: 401473
    I: 401478 (flow 401d46)
      Successors: 401d46, 40147e
  BB: 401671 in func 401270 with 3 insts
    I: 401671
    I: 401674
    I: 401679 (flow 4018e7)
      Successors: 4018e7, 40167f
  BB: 401876 in func 401270 with 20 insts
    I: 401876
    I: 40187d (imm 405058)
    I: 401884
    I: 401886 (imm 40504c)
    I: 40188d
    I: 40188f
    I: 401891
    I: 401894
    I: 401897
    I: 40189a
    I: 40189d
    I: 4018a0
    I: 4018a3
    I: 4018a6
    I: 4018a8
    I: 4018ad
    I: 4018b2
    I: 4018b5
    I: 4018b8
    I: 4018bb (flow 401ee1)
      Successors: 401ee1
  BB: 40147e in func 401270 with 1 insts
    I: 40147e (flow 401483)
      Successors: 401483
  BB: 40167f in func 401270 with 1 insts
    I: 40167f (flow 401684)
      Successors: 401684
  BB: 401483 in func 401270 with 3 insts
    I: 401483
    I: 401486
    I: 40148b (flow 401de1)
      Successors: 401491, 401de1
  BB: 401684 in func 401270 with 3 insts
    I: 401684
    I: 401687
    I: 40168c (flow 401e67)
      Successors: 401692, 401e67
  BB: 401a83 in func 401270 with 24 insts
    I: 401a83
    I: 401a87
    I: 401a8b
    I: 401a8e
    I: 401a91
    I: 401a94 (imm 405058)
    I: 401a9b
    I: 401a9d (imm 40504c)
    I: 401aa4
    I: 401aa6
    I: 401aa8
    I: 401aab
    I: 401aae
    I: 401ab1
    I: 401ab4
    I: 401ab7
    I: 401aba
    I: 401abd
    I: 401abf
    I: 401ac4
    I: 401ac9
    I: 401acc
    I: 401acf
    I: 401ad2 (flow 401ee1)
      Successors: 401ee1
  BB: 401e86 in func 401270 with 15 insts
    I: 401e86
    I: 401e89
    I: 401e8c
    I: 401e8f
    I: 401e93
    I: 401e97
    I: 401e9b (flow 405088)
    I: 401ea0
    I: 401ea4
    I: 401ea8
    I: 401eac
    I: 401eb0 (flow 405088)
    I: 401eb5
    I: 401eb9
    I: 401ec0 (flow 401ee1)
      Successors: 401ee1
  BB: 401491 in func 401270 with 1 insts
    I: 401491 (flow 401496)
      Successors: 401496
  BB: 401692 in func 401270 with 1 insts
    I: 401692 (flow 401697)
      Successors: 401697
  BB: 401c93 in func 401270 with 19 insts
    I: 401c93 (imm 405058)
    I: 401c9a
    I: 401c9c (imm 40504c)
    I: 401ca3
    I: 401ca5
    I: 401ca7
    I: 401caa
    I: 401cad
    I: 401cb0
    I: 401cb3
    I: 401cb6
    I: 401cb9
    I: 401cbc
    I: 401cbe
    I: 401cc3
    I: 401cc8
    I: 401ccb
    I: 401cce
    I: 401cd1 (flow 401ee1)
      Successors: 401ee1
  BB: 401496 in func 401270 with 3 insts
    I: 401496
    I: 401499
    I: 40149e (flow 401876)
      Successors: 4014a4, 401876
  BB: 401697 in func 401270 with 3 insts
    I: 401697
    I: 40169a
    I: 40169f (flow 401ec5)
      Successors: 401ec5, 4016a5
  BB: 4014a4 in func 401270 with 1 insts
    I: 4014a4 (flow 4014a9)
      Successors: 4014a9
  BB: 4016a5 in func 401270 with 1 insts
    I: 4016a5 (flow 4016aa)
      Successors: 4016aa
  BB: 4014a9 in func 401270 with 3 insts
    I: 4014a9
    I: 4014ac
    I: 4014b1 (flow 40173b)
      Successors: 40173b, 4014b7
  BB: 4016aa in func 401270 with 1 insts
    I: 4016aa (flow 401ee1)
      Successors: 401ee1
  BB: 4016af in func 401270 with 11 insts
    I: 4016af
    I: 4016b3
    I: 4016b6
    I: 4016b9
    I: 4016bc
    I: 4016bf
    I: 4016c4
    I: 4016c9
    I: 4016cc
    I: 4016cf
    I: 4016d2 (flow 401ee1)
      Successors: 401ee1
  BB: 4014b7 in func 401270 with 1 insts
    I: 4014b7 (flow 4014bc)
      Successors: 4014bc
  BB: 4014bc in func 401270 with 3 insts
    I: 4014bc
    I: 4014bf
    I: 4014c4 (flow 4019e5)
      Successors: 4014ca, 4019e5
  BB: 4018c0 in func 401270 with 2 insts
    I: 4018c0
    I: 4018c7 (flow 401ee1)
      Successors: 401ee1
  BB: 401ec5 in func 401270 with 2 insts
    I: 401ec5
    I: 401ecc (flow 401ee1)
      Successors: 401ee1
  BB: 4014ca in func 401270 with 1 insts
    I: 4014ca (flow 4014cf)
      Successors: 4014cf
  BB: 4018cc in func 401270 with 7 insts
    I: 4018cc
    I: 4018cf
    I: 4018d4
    I: 4018d9
    I: 4018dc
    I: 4018df
    I: 4018e2 (flow 401ee1)
      Successors: 401ee1
  BB: 4014cf in func 401270 with 3 insts
    I: 4014cf
    I: 4014d2
    I: 4014d7 (flow 401d3a)
      Successors: 401d3a, 4014dd
  BB: 401ed1 in func 401270 with 4 insts
    I: 401ed1
    I: 401ed4
    I: 401ed7
    I: 401eda
      Successors: 401ee1
  BB: 401cd6 in func 401270 with 19 insts
    I: 401cd6 (imm 405058)
    I: 401cdd
    I: 401cdf (imm 40504c)
    I: 401ce6
    I: 401ce8
    I: 401cea
    I: 401ced
    I: 401cf0
    I: 401cf3
    I: 401cf6
    I: 401cf9
    I: 401cfc
    I: 401cff
    I: 401d01
    I: 401d06
    I: 401d0b
    I: 401d0e
    I: 401d11
    I: 401d14 (flow 401ee1)
      Successors: 401ee1
  BB: 4016d7 in func 401270 with 25 insts
    I: 4016d7
    I: 4016db
    I: 4016de
    I: 4016e1
    I: 4016e4
    I: 4016e7
    I: 4016eb
    I: 4016ee
    I: 4016f1
    I: 4016f4
    I: 4016f8
    I: 4016fc
    I: 401700
    I: 401703
    I: 401707
    I: 40170b
    I: 40170f
    I: 401711
    I: 401714
    I: 401717
    I: 40171c
    I: 401721
    I: 401724
    I: 401727
    I: 40172a (flow 401ee1)
      Successors: 401ee1
  BB: 401ad7 in func 401270 with 2 insts
    I: 401ad7
    I: 401ade (flow 401ee1)
      Successors: 401ee1
  BB: 4014dd in func 401270 with 1 insts
    I: 4014dd (flow 4014e2)
      Successors: 4014e2
  BB: 401ee1 in func 401270 with 1 insts
    I: 401ee1 (flow 4012f1)
      Successors: 4012f1
  BB: 4014e2 in func 401270 with 3 insts
    I: 4014e2
    I: 4014e5
    I: 4014ea (flow 401b64)
      Successors: 4014f0, 401b64
  BB: 401ae3 in func 401270 with 7 insts
    I: 401ae3
    I: 401ae6
    I: 401ae9
    I: 401aed
    I: 401af1
    I: 401af4
    I: 401afb (flow 401ee1)
      Successors: 401ee1
  BB: 401ee6 in func 401270 with 1 insts
    I: 401ee6
      No successors
  BB: 4018e7 in func 401270 with 19 insts
    I: 4018e7 (imm 405058)
    I: 4018ee
    I: 4018f0 (imm 40504c)
    I: 4018f7
    I: 4018f9
    I: 4018fb
    I: 4018fe
    I: 401901
    I: 401904
    I: 401907
    I: 40190a
    I: 40190d
    I: 401910
    I: 401912
    I: 401917
    I: 40191c
    I: 40191f
    I: 401922
    I: 401925 (flow 401ee1)
      Successors: 401ee1
  BB: 4014f0 in func 401270 with 1 insts
    I: 4014f0 (flow 4014f5)
      Successors: 4014f5
  BB: 4012f1 in func 401270 with 4 insts
    I: 4012f1
    I: 4012f4
    I: 4012f7
    I: 4012fc (flow 40197b)
      Successors: 401302, 40197b
  BB: 4014f5 in func 401270 with 3 insts
    I: 4014f5
    I: 4014f8
    I: 4014fd (flow 401833)
      Successors: 401833, 401503
  BB: 401b00 in func 401270 with 5 insts
    I: 401b00
    I: 401b03
    I: 401b06
    I: 401b09
    I: 401b10 (flow 401ee1)
      Successors: 401ee1
  BB: 401302 in func 401270 with 1 insts
    I: 401302 (flow 401307)
      Successors: 401307
  BB: 401503 in func 401270 with 1 insts
    I: 401503 (flow 401508)
      Successors: 401508
  BB: 401307 in func 401270 with 3 insts
    I: 401307
    I: 40130a
    I: 40130f (flow 401c61)
      Successors: 401c61, 401315
  BB: 401508 in func 401270 with 3 insts
    I: 401508
    I: 40150b
    I: 401510 (flow 401ae3)
      Successors: 401ae3, 401516
  BB: 401315 in func 401270 with 1 insts
    I: 401315 (flow 40131a)
      Successors: 40131a
  BB: 401516 in func 401270 with 1 insts
    I: 401516 (flow 40151b)
      Successors: 40151b
  BB: 401b15 in func 401270 with 3 insts
    I: 401b15
    I: 401b1c
    I: 401b23 (flow 401ee1)
      Successors: 401ee1
  BB: 401d19 in func 401270 with 2 insts
    I: 401d19
    I: 401d20 (flow 401ee1)
      Successors: 401ee1
  BB: 40131a in func 401270 with 3 insts
    I: 40131a
    I: 40131d
    I: 401322 (flow 401818)
      Successors: 401328, 401818
  BB: 40151b in func 401270 with 3 insts
    I: 40151b
    I: 40151e
    I: 401523 (flow 401bdf)
      Successors: 401529, 401bdf
  BB: 401d25 in func 401270 with 5 insts
    I: 401d25
    I: 401d28
    I: 401d2b
    I: 401d2e
    I: 401d35 (flow 401ee1)
      Successors: 401ee1
  BB: 401328 in func 401270 with 1 insts
    I: 401328 (flow 40132d)
      Successors: 40132d
  BB: 401529 in func 401270 with 1 insts
    I: 401529 (flow 40152e)
      Successors: 40152e
  BB: 40192a in func 401270 with 23 insts
    I: 40192a
    I: 40192e
    I: 401932
    I: 401935
    I: 401938 (imm 405058)
    I: 40193f
    I: 401941 (imm 40504c)
    I: 401948
    I: 40194a
    I: 40194c
    I: 40194f
    I: 401952
    I: 401955
    I: 401958
    I: 40195b
    I: 40195e
    I: 401961
    I: 401963
    I: 401968
    I: 40196d
    I: 401970
    I: 401973
    I: 401976 (flow 401ee1)
      Successors: 401ee1
  BB: 401b28 in func 401270 with 7 insts
    I: 401b28
    I: 401b2b
    I: 401b30
    I: 401b35
    I: 401b38
    I: 401b3b
    I: 401b3e (flow 401ee1)
      Successors: 401ee1
  BB: 40132d in func 401270 with 3 insts
    I: 40132d
    I: 401330
    I: 401335 (flow 4018c0)
      Successors: 4018c0, 40133b
  BB: 40152e in func 401270 with 3 insts
    I: 40152e
    I: 401531
    I: 401536 (flow 401dd5)
      Successors: 40153c, 401dd5
  BB: 40172f in func 401270 with 2 insts
    I: 40172f
    I: 401736 (flow 401ee1)
      Successors: 401ee1
  BB: 401d3a in func 401270 with 2 insts
    I: 401d3a
    I: 401d41 (flow 401ee1)
      Successors: 401ee1
  BB: 40133b in func 401270 with 1 insts
    I: 40133b (flow 401340)
      Successors: 401340
  BB: 40153c in func 401270 with 1 insts
    I: 40153c (flow 401541)
      Successors: 401541
  BB: 40173b in func 401270 with 7 insts
    I: 40173b
    I: 40173e
    I: 401743
    I: 401748
    I: 40174b
    I: 40174e
    I: 401751 (flow 401ee1)
      Successors: 401ee1
  BB: 401340 in func 401270 with 3 insts
    I: 401340
    I: 401343
    I: 401348 (flow 401c55)
      Successors: 401c55, 40134e
  BB: 401541 in func 401270 with 3 insts
    I: 401541
    I: 401544
    I: 401549 (flow 401e35)
      Successors: 401e35, 40154f
  BB: 401b43 in func 401270 with 8 insts
    I: 401b43
    I: 401b47
    I: 401b4b
    I: 401b50
    I: 401b55
    I: 401b59
    I: 401b5c
    I: 401b5f (flow 401ee1)
      Successors: 401ee1
  BB: 401d46 in func 401270 with 19 insts
    I: 401d46 (imm 405058)
    I: 401d4d
    I: 401d4f (imm 40504c)
    I: 401d56
    I: 401d58
    I: 401d5a
    I: 401d5d
    I: 401d60
    I: 401d63
    I: 401d66
    I: 401d69
    I: 401d6c
    I: 401d6f
    I: 401d71
    I: 401d76
    I: 401d7b
    I: 401d7e
    I: 401d81
    I: 401d84 (flow 401ee1)
      Successors: 401ee1
  BB: 40134e in func 401270 with 1 insts
    I: 40134e (flow 401353)
      Successors: 401353
  BB: 40154f in func 401270 with 1 insts
    I: 40154f (flow 401554)
      Successors: 401554
  BB: 401353 in func 401270 with 3 insts
    I: 401353
    I: 401356
    I: 40135b (flow 401a83)
      Successors: 401361, 401a83
  BB: 401554 in func 401270 with 3 insts
    I: 401554
    I: 401557
    I: 40155c (flow 401a40)
      Successors: 401a40, 401562
  BB: 401756 in func 401270 with 19 insts
    I: 401756 (imm 405058)
    I: 40175d
    I: 40175f (imm 40504c)
    I: 401766
    I: 401768
    I: 40176a
    I: 40176d
    I: 401770
    I: 401773
    I: 401776
    I: 401779
    I: 40177c
    I: 40177f
    I: 401781
    I: 401786
    I: 40178b
    I: 40178e
    I: 401791
    I: 401794 (flow 401ee1)
      Successors: 401ee1
  BB: 401361 in func 401270 with 1 insts
    I: 401361 (flow 401366)
      Successors: 401366
  BB: 401562 in func 401270 with 1 insts
    I: 401562 (flow 401567)
      Successors: 401567
  BB: 401b64 in func 401270 with 15 insts
    I: 401b64
    I: 401b68
    I: 401b6c
    I: 401b6f
    I: 401b73
    I: 401b77
    I: 401b7b
    I: 401b7e
    I: 401b81
    I: 401b84
    I: 401b89
    I: 401b8e
    I: 401b91
    I: 401b94
    I: 401b97 (flow 401ee1)
      Successors: 401ee1
  BB: 401366 in func 401270 with 3 insts
    I: 401366
    I: 401369
    I: 40136e (flow 401d19)
      Successors: 401d19, 401374
  BB: 401567 in func 401270 with 3 insts
    I: 401567
    I: 40156a
    I: 40156f (flow 401799)
      Successors: 401799, 401575
  BB: 401374 in func 401270 with 1 insts
    I: 401374 (flow 401379)
      Successors: 401379
  BB: 401575 in func 401270 with 1 insts
    I: 401575 (flow 40157a)
      Successors: 40157a
  BB: 401379 in func 401270 with 3 insts
    I: 401379
    I: 40137c
    I: 401381 (flow 4017e5)
      Successors: 4017e5, 401387
  BB: 40157a in func 401270 with 3 insts
    I: 40157a
    I: 40157d
    I: 401582 (flow 401e0d)
      Successors: 401588, 401e0d
  BB: 40197b in func 401270 with 2 insts
    I: 40197b
    I: 401982 (flow 401ee1)
      Successors: 401ee1
  BB: 401387 in func 401270 with 1 insts
    I: 401387 (flow 40138c)
      Successors: 40138c
  BB: 401588 in func 401270 with 1 insts
    I: 401588 (flow 40158d)
      Successors: 40158d
  BB: 401987 in func 401270 with 7 insts
    I: 401987
    I: 40198a
    I: 40198f
    I: 401994
    I: 401997
    I: 40199a
    I: 40199d (flow 401ee1)
      Successors: 401ee1
  BB: 401d89 in func 401270 with 22 insts
    I: 401d89
    I: 401d8c
    I: 401d8f
    I: 401d92 (imm 405058)
    I: 401d99
    I: 401d9b (imm 40504c)
    I: 401da2
    I: 401da4
    I: 401da6
    I: 401da9
    I: 401dac
    I: 401daf
    I: 401db2
    I: 401db5
    I: 401db8
    I: 401dbb
    I: 401dbd
    I: 401dc2
    I: 401dc7
    I: 401dca
    I: 401dcd
    I: 401dd0 (flow 401ee1)
      Successors: 401ee1
  BB: 40138c in func 401270 with 3 insts
    I: 40138c
    I: 40138f
    I: 401394 (flow 401ad7)
      Successors: 40139a, 401ad7
  BB: 40158d in func 401270 with 3 insts
    I: 40158d
    I: 401590
    I: 401595 (flow 40172f)
      Successors: 40159b, 40172f
  BB: 401799 in func 401270 with 22 insts
    I: 401799
    I: 40179c
    I: 40179f
    I: 4017a2 (imm 405058)
    I: 4017a9
    I: 4017ab (imm 40504c)
    I: 4017b2
    I: 4017b4
    I: 4017b6
    I: 4017b9
    I: 4017bc
    I: 4017bf
    I: 4017c2
    I: 4017c5
    I: 4017c8
    I: 4017cb
    I: 4017cd
    I: 4017d2
    I: 4017d7
    I: 4017da
    I: 4017dd
    I: 4017e0 (flow 401ee1)
      Successors: 401ee1
  BB: 40139a in func 401270 with 1 insts
    I: 40139a (flow 40139f)
      Successors: 40139f
  BB: 40159b in func 401270 with 1 insts
    I: 40159b (flow 4015a0)
      Successors: 4015a0
  BB: 401b9c in func 401270 with 19 insts
    I: 401b9c (imm 405058)
    I: 401ba3
    I: 401ba5 (imm 40504c)
    I: 401bac
    I: 401bae
    I: 401bb0
    I: 401bb3
    I: 401bb6
    I: 401bb9
    I: 401bbc
    I: 401bbf
    I: 401bc2
    I: 401bc5
    I: 401bc7
    I: 401bcc
    I: 401bd1
    I: 401bd4
    I: 401bd7
    I: 401bda (flow 401ee1)
      Successors: 401ee1
  BB: 40139f in func 401270 with 3 insts
    I: 40139f
    I: 4013a2
    I: 4013a7 (flow 401cd6)
      Successors: 4013ad, 401cd6
  BB: 4015a0 in func 401270 with 3 insts
    I: 4015a0
    I: 4015a3
    I: 4015a8 (flow 401e4f)
      Successors: 4015ae, 401e4f
  BB: 4019a2 in func 401270 with 19 insts
    I: 4019a2 (imm 405058)
    I: 4019a9
    I: 4019ab (imm 40504c)
    I: 4019b2
    I: 4019b4
    I: 4019b6
    I: 4019b9
    I: 4019bc
    I: 4019bf
    I: 4019c2
    I: 4019c5
    I: 4019c8
    I: 4019cb
    I: 4019cd
    I: 4019d2
    I: 4019d7
    I: 4019da
    I: 4019dd
    I: 4019e0 (flow 401ee1)
      Successors: 401ee1
  BB: 4013ad in func 401270 with 1 insts
    I: 4013ad (flow 4013b2)
      Successors: 4013b2
  BB: 4015ae in func 401270 with 1 insts
    I: 4015ae (flow 4015b3)
      Successors: 4015b3
  BB: 4013b2 in func 401270 with 3 insts
    I: 4013b2
    I: 4013b5
    I: 4013ba (flow 401b9c)
      Successors: 4013c0, 401b9c
  BB: 4015b3 in func 401270 with 3 insts
    I: 4015b3
    I: 4015b6
    I: 4015bb (flow 40192a)
      Successors: 4015c1, 40192a
  BB: 4013c0 in func 401270 with 1 insts
    I: 4013c0 (flow 4013c5)
      Successors: 4013c5
  BB: 4015c1 in func 401270 with 1 insts
    I: 4015c1 (flow 4015c6)
      Successors: 4015c6
  BB: 4013c5 in func 401270 with 3 insts
    I: 4013c5
    I: 4013c8
    I: 4013cd (flow 401b15)
      Successors: 4013d3, 401b15
  BB: 4015c6 in func 401270 with 3 insts
    I: 4015c6
    I: 4015c9
    I: 4015ce (flow 401ed1)
      Successors: 401ed1, 4015d4
  BB: 4013d3 in func 401270 with 1 insts
    I: 4013d3 (flow 4013d8)
      Successors: 4013d8
  BB: 4015d4 in func 401270 with 1 insts
    I: 4015d4 (flow 4015d9)
      Successors: 4015d9
  BB: 401dd5 in func 401270 with 2 insts
    I: 401dd5
    I: 401ddc (flow 401ee1)
      Successors: 401ee1
  BB: 4013d8 in func 401270 with 3 insts
    I: 4013d8
    I: 4013db
    I: 4013e0 (flow 401d89)
      Successors: 401d89, 4013e6
  BB: 4015d9 in func 401270 with 3 insts
    I: 4015d9
    I: 4015dc
    I: 4015e1 (flow 4018cc)
      Successors: 4018cc, 4015e7
  BB: 401bdf in func 401270 with 32 insts
    I: 401bdf
    I: 401be2
    I: 401be5
    I: 401be8
    I: 401bec
    I: 401bf0
    I: 401bf4 (flow 405088)
    I: 401bf9
    I: 401bfd
    I: 401c01
    I: 401c05
    I: 401c09 (flow 405088)
    I: 401c0e
    I: 401c12 (imm 405058)
    I: 401c19
    I: 401c1b (imm 40504c)
    I: 401c22
    I: 401c24
    I: 401c26
    I: 401c29
    I: 401c2c
    I: 401c2f
    I: 401c32
    I: 401c35
    I: 401c38
    I: 401c3b
    I: 401c3d
    I: 401c42
    I: 401c47
    I: 401c4a
    I: 401c4d
    I: 401c50 (flow 401ee1)
      Successors: 401ee1
  BB: 401de1 in func 401270 with 13 insts
    I: 401de1
    I: 401de5 (flow 405060)
    I: 401dea
    I: 401dee (flow 405060)
    I: 401df3
    I: 401df7
    I: 401dfb
    I: 401dfe
    I: 401e01
    I: 401e05
    I: 401e07
    I: 401e0b
    I: 401e0c
      No successors
  BB: 4017e5 in func 401270 with 2 insts
    I: 4017e5
    I: 4017ec (flow 401ee1)
      Successors: 401ee1
  BB: 4013e6 in func 401270 with 1 insts
    I: 4013e6 (flow 4013eb)
      Successors: 4013eb
  BB: 4015e7 in func 401270 with 1 insts
    I: 4015e7 (flow 4015ec)
      Successors: 4015ec
  BB: 4019e5 in func 401270 with 22 insts
    I: 4019e5
    I: 4019e9
    I: 4019ed
    I: 4019f1 (imm 405058)
    I: 4019f8
    I: 4019fa (imm 40504c)
    I: 401a01
    I: 401a03
    I: 401a05
    I: 401a08
    I: 401a0b
    I: 401a0e
    I: 401a11
    I: 401a14
    I: 401a17
    I: 401a1a
    I: 401a1c
    I: 401a21
    I: 401a26
    I: 401a29
    I: 401a2c
    I: 401a2f (flow 401ee1)
      Successors: 401ee1
  BB: 4013eb in func 401270 with 3 insts
    I: 4013eb
    I: 4013ee
    I: 4013f3 (flow 401a34)
      Successors: 4013f9, 401a34
  BB: 4015ec in func 401270 with 3 insts
    I: 4015ec
    I: 4015ef
    I: 4015f4 (flow 401756)
      Successors: 4015fa, 401756
  BB: 4017f1 in func 401270 with 8 insts
    I: 4017f1
    I: 4017f5 (flow 405060)
    I: 4017fa
    I: 4017fe
    I: 401803 (flow 405080)
    I: 401808
    I: 40180c
    I: 401813 (flow 401ee1)
      Successors: 401ee1
  BB: 4013f9 in func 401270 with 1 insts
    I: 4013f9 (flow 4013fe)
      Successors: 4013fe
  BB: 4015fa in func 401270 with 1 insts
    I: 4015fa (flow 4015ff)
      Successors: 4015ff
  BB: 4013fe in func 401270 with 3 insts
    I: 4013fe
    I: 401401
    I: 401406 (flow 4019a2)
      Successors: 4019a2, 40140c
  BB: 4015ff in func 401270 with 3 insts
    I: 4015ff
    I: 401602
    I: 401607 (flow 401c93)
      Successors: 401c93, 40160d
Recovering 401ef0
  Analysing subroutine sub_401EF0 at 401ef0
    Block head at 0040257a is not code.
  Subroutine sub_401EF0 at 401ef0 has 69 blocks
  BB: 402401 in func 401ef0 with 2 insts
    I: 402401
    I: 402408 (flow 402575)
      Successors: 402575
  BB: 402083 in func 401ef0 with 3 insts
    I: 402083
    I: 402086
    I: 40208b (flow 402450)
      Successors: 402450, 402091
  BB: 402505 in func 401ef0 with 16 insts
    I: 402505
    I: 402509
    I: 40250b
    I: 40250f
    I: 402511
    I: 402513
    I: 402518
    I: 402519
    I: 40251b
    I: 40251d
    I: 402521
    I: 402523
    I: 402527
    I: 40252b
    I: 40252f
    I: 402536 (flow 402575)
      Successors: 402575
  BB: 402107 in func 401ef0 with 55 insts
    I: 402107
    I: 40210a
    I: 40210e
    I: 402111
    I: 402114
    I: 402118
    I: 40211b
    I: 40211f
    I: 402122
    I: 402126
    I: 402129
    I: 40212d
    I: 402130
    I: 402134
    I: 402137
    I: 40213a
    I: 40213e
    I: 402141
    I: 402145
    I: 402148
    I: 40214c
    I: 40214f
    I: 402153
    I: 402156
    I: 40215a
    I: 40215d
    I: 402161
    I: 402165
    I: 402167
    I: 40216b
    I: 40216e
    I: 402170
    I: 402174
    I: 40217a
    I: 40217c
    I: 402180
    I: 402182 (imm 405054)
    I: 402189
    I: 40218b (imm 405048)
    I: 402192
    I: 402194
    I: 402196
    I: 402199
    I: 40219c
    I: 40219f
    I: 4021a2
    I: 4021a5
    I: 4021a8
    I: 4021ab
    I: 4021ad
    I: 4021b2
    I: 4021b7
    I: 4021ba
    I: 4021bd
    I: 4021c0 (flow 402575)
      Successors: 402575
  BB: 401f87 in func 401ef0 with 1 insts
    I: 401f87 (flow 401f8c)
      Successors: 401f8c
  BB: 401f8c in func 401ef0 with 3 insts
    I: 401f8c
    I: 401f8f
    I: 401f94 (flow 4021c5)
      Successors: 401f9a, 4021c5
  BB: 40200c in func 401ef0 with 1 insts
    I: 40200c (flow 402011)
      Successors: 402011
  BB: 40240d in func 401ef0 with 19 insts
    I: 40240d (imm 405054)
    I: 402414
    I: 402416 (imm 405048)
    I: 40241d
    I: 40241f
    I: 402421
    I: 402424
    I: 402427
    I: 40242a
    I: 40242d
    I: 402430
    I: 402433
    I: 402436
    I: 402438
    I: 40243d
    I: 402442
    I: 402445
    I: 402448
    I: 40244b (flow 402575)
      Successors: 402575
  BB: 402011 in func 401ef0 with 3 insts
    I: 402011
    I: 402014
    I: 402019 (flow 402107)
      Successors: 402107, 40201f
  BB: 402091 in func 401ef0 with 1 insts
    I: 402091 (flow 402096)
      Successors: 402096
  BB: 402311 in func 401ef0 with 23 insts
    I: 402311
    I: 402315
    I: 402317
    I: 40231b
    I: 40231d (imm 405054)
    I: 402324
    I: 402326 (imm 405048)
    I: 40232d
    I: 40232f
    I: 402331
    I: 402334
    I: 402337
    I: 40233a
    I: 40233d
    I: 402340
    I: 402343
    I: 402346
    I: 402348
    I: 40234d
    I: 402352
    I: 402355
    I: 402358
    I: 40235b (flow 402575)
      Successors: 402575
  BB: 402493 in func 401ef0 with 2 insts
    I: 402493
    I: 40249a (flow 402575)
      Successors: 402575
  BB: 402096 in func 401ef0 with 3 insts
    I: 402096
    I: 402099
    I: 40209e (flow 402401)
      Successors: 402401, 4020a4
  BB: 401f9a in func 401ef0 with 1 insts
    I: 401f9a (flow 401f9f)
      Successors: 401f9f
  BB: 40249f in func 401ef0 with 5 insts
    I: 40249f
    I: 4024a3
    I: 4024a5
    I: 4024a8
    I: 4024a9
      No successors
  BB: 40201f in func 401ef0 with 1 insts
    I: 40201f (flow 402024)
      Successors: 402024
  BB: 401f9f in func 401ef0 with 3 insts
    I: 401f9f
    I: 401fa2
    I: 401fa7 (flow 40240d)
      Successors: 40240d, 401fad
  BB: 402024 in func 401ef0 with 3 insts
    I: 402024
    I: 402027
    I: 40202c (flow 40249f)
      Successors: 402032, 40249f
  BB: 4020a4 in func 401ef0 with 1 insts
    I: 4020a4 (flow 4020a9)
      Successors: 4020a9
  BB: 4020a9 in func 401ef0 with 3 insts
    I: 4020a9
    I: 4020ac
    I: 4020b1 (flow 402235)
      Successors: 402235, 4020b7
  BB: 4024aa in func 401ef0 with 26 insts
    I: 4024aa
    I: 4024ad
    I: 4024b1
    I: 4024b5
    I: 4024b8
    I: 4024bc
    I: 4024bf
    I: 4024c2
    I: 4024c6
    I: 4024c9
    I: 4024cc
    I: 4024d0
    I: 4024d3
    I: 4024d6
    I: 4024da
    I: 4024dd
    I: 4024e0
    I: 4024e4
    I: 4024e7
    I: 4024ea
    I: 4024ed
    I: 4024ef
    I: 4024f5
    I: 4024f7
    I: 4024f9
    I: 402500 (flow 402575)
      Successors: 402575
  BB: 401fad in func 401ef0 with 1 insts
    I: 401fad (flow 401fb2)
      Successors: 401fb2
  BB: 4023af in func 401ef0 with 24 insts
    I: 4023af
    I: 4023b3
    I: 4023b5
    I: 4023b8
    I: 4023bc
    I: 4023be (imm 405054)
    I: 4023c5
    I: 4023c7 (imm 405048)
    I: 4023ce
    I: 4023d0
    I: 4023d2
    I: 4023d5
    I: 4023d8
    I: 4023db
    I: 4023de
    I: 4023e1
    I: 4023e4
    I: 4023e7
    I: 4023e9
    I: 4023ee
    I: 4023f3
    I: 4023f6
    I: 4023f9
    I: 4023fc (flow 402575)
      Successors: 402575
  BB: 401fb2 in func 401ef0 with 3 insts
    I: 401fb2
    I: 401fb5
    I: 401fba (flow 402553)
      Successors: 401fc0, 402553
  BB: 402032 in func 401ef0 with 1 insts
    I: 402032 (flow 402037)
      Successors: 402037
  BB: 4022b3 in func 401ef0 with 7 insts
    I: 4022b3
    I: 4022b6
    I: 4022bb
    I: 4022c0
    I: 4022c3
    I: 4022c6
    I: 4022c9 (flow 402575)
      Successors: 402575
  BB: 402235 in func 401ef0 with 39 insts
    I: 402235
    I: 402239
    I: 40223b
    I: 40223f
    I: 402241
    I: 402246
    I: 402247
    I: 402249
    I: 40224b
    I: 40224f
    I: 402251
    I: 402255
    I: 402257
    I: 40225b
    I: 40225e
    I: 402262
    I: 402265
    I: 402268
    I: 40226b
    I: 40226d
    I: 402270 (imm 405054)
    I: 402277
    I: 402279 (imm 405048)
    I: 402280
    I: 402282
    I: 402284
    I: 402287
    I: 40228a
    I: 40228d
    I: 402290
    I: 402293
    I: 402296
    I: 402299
    I: 40229b
    I: 4022a0
    I: 4022a5
    I: 4022a8
    I: 4022ab
    I: 4022ae (flow 402575)
      Successors: 402575
  BB: 402037 in func 401ef0 with 3 insts
    I: 402037
    I: 40203a
    I: 40203f (flow 4022ce)
      Successors: 402045, 4022ce
  BB: 4020b7 in func 401ef0 with 1 insts
    I: 4020b7 (flow 4020bc)
      Successors: 4020bc
  BB: 40253b in func 401ef0 with 6 insts
    I: 40253b
    I: 40253f
    I: 402541
    I: 402545
    I: 402547
    I: 40254e (flow 402575)
      Successors: 402575
  BB: 4020bc in func 401ef0 with 3 insts
    I: 4020bc
    I: 4020bf
    I: 4020c4 (flow 4020e7)
      Successors: 4020ca, 4020e7
  BB: 401f3d in func 401ef0 with 4 insts
    I: 401f3d
    I: 401f40
    I: 401f43
    I: 401f48 (flow 40256e)
      Successors: 40256e, 401f4e
  BB: 401fc0 in func 401ef0 with 1 insts
    I: 401fc0 (flow 401fc5)
      Successors: 401fc5
  BB: 401fc5 in func 401ef0 with 3 insts
    I: 401fc5
    I: 401fc8
    I: 401fcd (flow 4023af)
      Successors: 401fd3, 4023af
  BB: 402045 in func 401ef0 with 1 insts
    I: 402045 (flow 40204a)
      Successors: 40204a
  BB: 4021c5 in func 401ef0 with 2 insts
    I: 4021c5
    I: 4021cc (flow 402575)
      Successors: 402575
  BB: 40204a in func 401ef0 with 3 insts
    I: 40204a
    I: 40204d
    I: 402052 (flow 4024aa)
      Successors: 402058, 4024aa
  BB: 4020ca in func 401ef0 with 1 insts
    I: 4020ca (flow 4020cf)
      Successors: 4020cf
  BB: 401f4e in func 401ef0 with 1 insts
    I: 401f4e (flow 401f53)
      Successors: 401f53
  BB: 4020cf in func 401ef0 with 3 insts
    I: 4020cf
    I: 4020d2
    I: 4020d7 (flow 4021f2)
      Successors: 4021f2, 4020dd
  BB: 4022ce in func 401ef0 with 19 insts
    I: 4022ce (imm 405054)
    I: 4022d5
    I: 4022d7 (imm 405048)
    I: 4022de
    I: 4022e0
    I: 4022e2
    I: 4022e5
    I: 4022e8
    I: 4022eb
    I: 4022ee
    I: 4022f1
    I: 4022f4
    I: 4022f7
    I: 4022f9
    I: 4022fe
    I: 402303
    I: 402306
    I: 402309
    I: 40230c (flow 402575)
      Successors: 402575
  BB: 4021d1 in func 401ef0 with 9 insts
    I: 4021d1
    I: 4021d5
    I: 4021d7
    I: 4021db
    I: 4021e0
    I: 4021e5
    I: 4021e7
    I: 4021ea
    I: 4021ed (flow 402575)
      Successors: 402575
  BB: 402450 in func 401ef0 with 19 insts
    I: 402450 (imm 405054)
    I: 402457
    I: 402459 (imm 405048)
    I: 402460
    I: 402462
    I: 402464
    I: 402467
    I: 40246a
    I: 40246d
    I: 402470
    I: 402473
    I: 402476
    I: 402479
    I: 40247b
    I: 402480
    I: 402485
    I: 402488
    I: 40248b
    I: 40248e (flow 402575)
      Successors: 402575
  BB: 401f53 in func 401ef0 with 3 insts
    I: 401f53
    I: 401f56
    I: 401f5b (flow 40253b)
      Successors: 401f61, 40253b
  BB: 401fd3 in func 401ef0 with 1 insts
    I: 401fd3 (flow 401fd8)
      Successors: 401fd8
  BB: 402553 in func 401ef0 with 7 insts
    I: 402553
    I: 402557
    I: 402559
    I: 40255c
    I: 402560
    I: 402562
    I: 402569 (flow 402575)
      Successors: 402575
  BB: 401fd8 in func 401ef0 with 3 insts
    I: 401fd8
    I: 401fdb
    I: 401fe0 (flow 4021d1)
      Successors: 4021d1, 401fe6
  BB: 402058 in func 401ef0 with 1 insts
    I: 402058 (flow 40205d)
      Successors: 40205d
  BB: 401f79 in func 401ef0 with 3 insts
    I: 401f79
    I: 401f7c
    I: 401f81 (flow 40236c)
      Successors: 40236c, 401f87
  BB: 40205d in func 401ef0 with 3 insts
    I: 40205d
    I: 402060
    I: 402065 (flow 402360)
      Successors: 402360, 40206b
  BB: 4020dd in func 401ef0 with 1 insts
    I: 4020dd (flow 4020e2)
      Successors: 4020e2
  BB: 402360 in func 401ef0 with 2 insts
    I: 402360
    I: 402367 (flow 402575)
      Successors: 402575
  BB: 401f61 in func 401ef0 with 1 insts
    I: 401f61 (flow 401f66)
      Successors: 401f66
  BB: 4020e2 in func 401ef0 with 1 insts
    I: 4020e2 (flow 402575)
      Successors: 402575
  BB: 401f66 in func 401ef0 with 3 insts
    I: 401f66
    I: 401f69
    I: 401f6e (flow 4022b3)
      Successors: 4022b3, 401f74
  BB: 401fe6 in func 401ef0 with 1 insts
    I: 401fe6 (flow 401feb)
      Successors: 401feb
  BB: 4020e7 in func 401ef0 with 9 insts
    I: 4020e7
    I: 4020ea
    I: 4020ed
    I: 4020ef
    I: 4020f4
    I: 4020f9
    I: 4020fc
    I: 4020ff
    I: 402102 (flow 402575)
      Successors: 402575
  BB: 401feb in func 401ef0 with 3 insts
    I: 401feb
    I: 401fee
    I: 401ff3 (flow 402493)
      Successors: 401ff9, 402493
  BB: 40206b in func 401ef0 with 1 insts
    I: 40206b (flow 402070)
      Successors: 402070
  BB: 40236c in func 401ef0 with 19 insts
    I: 40236c (imm 405054)
    I: 402373
    I: 402375 (imm 405048)
    I: 40237c
    I: 40237e
    I: 402380
    I: 402383
    I: 402386
    I: 402389
    I: 40238c
    I: 40238f
    I: 402392
    I: 402395
    I: 402397
    I: 40239c
    I: 4023a1
    I: 4023a4
    I: 4023a7
    I: 4023aa (flow 402575)
      Successors: 402575
  BB: 40256e in func 401ef0 with 1 insts
    I: 40256e
      Successors: 402575
  BB: 401ef0 in func 401ef0 with 23 insts
    I: 401ef0
    I: 401ef1
    I: 401ef4
    I: 401ef8
    I: 401efb
    I: 401eff
    I: 401f02 (imm 405054)
    I: 401f09
    I: 401f0b (imm 405048)
    I: 401f12
    I: 401f14
    I: 401f16
    I: 401f19
    I: 401f1c
    I: 401f1f
    I: 401f22
    I: 401f25
    I: 401f28
    I: 401f2b
    I: 401f2e
    I: 401f31
    I: 401f33
    I: 401f36
      Successors: 401f3d
  BB: 402070 in func 401ef0 with 3 insts
    I: 402070
    I: 402073
    I: 402078 (flow 402311)
      Successors: 402311, 40207e
  BB: 4021f2 in func 401ef0 with 19 insts
    I: 4021f2 (imm 405054)
    I: 4021f9
    I: 4021fb (imm 405048)
    I: 402202
    I: 402204
    I: 402206
    I: 402209
    I: 40220c
    I: 40220f
    I: 402212
    I: 402215
    I: 402218
    I: 40221b
    I: 40221d
    I: 402222
    I: 402227
    I: 40222a
    I: 40222d
    I: 402230 (flow 402575)
      Successors: 402575
  BB: 401f74 in func 401ef0 with 1 insts
    I: 401f74 (flow 401f79)
      Successors: 401f79
  BB: 402575 in func 401ef0 with 1 insts
    I: 402575 (flow 401f3d)
      Successors: 401f3d
  BB: 401ffe in func 401ef0 with 3 insts
    I: 401ffe
    I: 402001
    I: 402006 (flow 402505)
      Successors: 40200c, 402505
  BB: 401ff9 in func 401ef0 with 1 insts
    I: 401ff9 (flow 401ffe)
      Successors: 401ffe
  BB: 40207e in func 401ef0 with 1 insts
    I: 40207e (flow 402083)
      Successors: 402083
Recovering .term_proc at 40257c
  Analysing subroutine .term_proc at 40257c
    Block head at 00402589 is not code.
  Subroutine .term_proc at 40257c has 1 blocks
  BB: 40257c in func 40257c with 4 insts
    I: 40257c
    I: 402580
    I: 402584
    I: 402588
      No successors
Global Variable None
WARNING: Global constructor and destructor sections are adjacent!
Recovering region LOAD [400000, 4005d0) in segment LOAD
  8-byte reference at 400018 to 401090 (start)
  8-byte reference at 4000f8 to 401000 (.init_proc)
  8-byte reference at 400130 to 403000 ()
  8-byte reference at 400168 to 404de8 ()
  8-byte reference at 400280 to 40300c ()
  8-byte reference at 4002f0 to 404de8 ()
Recovering region .init [401000, 40101b) in segment .init
Recovering region LOAD [40101b, 401020) in segment LOAD
Recovering region .plt [401020, 401090) in segment .plt
Recovering region .text [401090, 40257a) in segment .text
Recovering region LOAD [40257a, 40257c) in segment LOAD
Recovering region .fini [40257c, 402589) in segment .fini
Recovering region .rodata [403000, 40300b) in segment .rodata
  Variable format at 403007
Recovering region LOAD [40300b, 40300c) in segment LOAD
Recovering region .eh_frame_hdr [40300c, 403048) in segment .eh_frame_hdr
Recovering region .eh_frame [403048, 403120) in segment .eh_frame
Recovering region LOAD [403120, 403160) in segment LOAD
Recovering region .init_array [404de8, 404df8) in segment .init_array
  8-byte reference at 404de8 to 401170 ()
  8-byte reference at 404df0 to 401140 ()
Recovering region LOAD [404df8, 404fd8) in segment LOAD
Recovering region .got [404fd8, 404fe8) in segment .got
  8-byte reference at 404fd8 to 405068 (__libc_start_main)
  8-byte reference at 404fe0 to 405098 (__gmon_start__)
Recovering region .got.plt [404fe8, 405030) in segment .got.plt
  8-byte reference at 405000 to 405060 (free)
  8-byte reference at 405008 to 405070 (printf)
  8-byte reference at 405010 to 405078 (memset)
  8-byte reference at 405018 to 405080 (calloc)
  8-byte reference at 405020 to 405088 (realloc)
  8-byte reference at 405028 to 405090 (__isoc99_scanf)
Recovering region .data [405030, 405040) in segment .data
Recovering region .bss [405040, 405060) in segment .bss
Recovering extern function free at 401030
Recovering extern function printf at 401040
Recovering extern function memset at 401050
Recovering extern function calloc at 401060
Recovering extern function realloc at 401070
Recovering extern function __isoc99_scanf at 401080
Recovering extern function free at 405060
Recovering extern function __libc_start_main at 405068
Recovering extern function printf at 405070
Recovering extern function memset at 405078
Recovering extern function calloc at 405080
Recovering extern function realloc at 405088
Recovering extern function __isoc99_scanf at 405090
Recovering extern function __gmon_start__ at 405098
Recovered 10 functions.
Saving to: /home/ubuntu/capstone_project/result/pipeline_20260629_141746/s308363767_fla_bcf.cfg
Done analysis!
