Debugging is enabled.
Loading Standard Definitions file: /home/ubuntu/capstone_project/dependency/mcsema/mcsema/lib/python3/site-packages/mcsema_disass-3.1.3.8-py3.8.egg/mcsema_disass/defs/linux.txt
Using Batch mode.
Starting analysis
Recovering module s308363767_bcf_instsub.elf
Found main at 401180
Looking for instructions in segment .init
  Default block heads for function 401000 with loose bounds [401000, 40101b)
    block [401000, 401014)
    block [401014, 401016)
    block [401016, 40101b)
    chunk [401000, 40101b)
Looking for instructions in segment .plt
  Default block heads for function 401020 with loose bounds [401020, 40102c)
    block [401020, 40102c)
    chunk [401020, 40102c)
  Default block heads for function 401030 with loose bounds [401030, 401036)
    block [401030, 401036)
    chunk [401030, 401036)
  Default block heads for function 401040 with loose bounds [401040, 401046)
    block [401040, 401046)
    chunk [401040, 401046)
  Default block heads for function 401050 with loose bounds [401050, 401056)
    block [401050, 401056)
    chunk [401050, 401056)
  Default block heads for function 401060 with loose bounds [401060, 401066)
    block [401060, 401066)
    chunk [401060, 401066)
  Default block heads for function 401070 with loose bounds [401070, 401076)
    block [401070, 401076)
    chunk [401070, 401076)
  Default block heads for function 401080 with loose bounds [401080, 401086)
    block [401080, 401086)
    chunk [401080, 401086)
Looking for instructions in segment .text
  Default block heads for function 401090 with loose bounds [401090, 4010b6)
    block [401090, 4010b6)
    chunk [401090, 4010b6)
  Default block heads for function 4010d0 with loose bounds [4010d0, 4010f1)
    block [4010d0, 4010dd)
    block [4010dd, 4010e7)
    block [4010e7, 4010ee)
    block [4010f0, 4010f1)
    chunk [4010d0, 4010f1)
  Default block heads for function 401140 with loose bounds [401140, 401161)
    block [401140, 40114d)
    block [40114d, 40115f)
    block [401160, 401161)
    chunk [401140, 401161)
  Default block heads for function 401170 with loose bounds [401170, 401176)
    block [401170, 401176)
    chunk [401170, 401176)
    chunk [401100, 401131)
  Default block heads for function 401180 with loose bounds [401180, 4011fe)
    block [401180, 4011a8)
    block [4011a8, 4011c6)
    block [4011c6, 4011ed)
    block [4011ed, 4011fe)
    chunk [401180, 4011fe)
  Default block heads for function 401200 with loose bounds [401200, 402132)
    block [401200, 40128e)
    block [40128e, 401293)
    block [401293, 401430)
    block [401430, 401435)
    block [401435, 40143a)
    block [40143a, 40146b)
    block [40146b, 4014e5)
    block [4014e5, 40155d)
    block [40155d, 401562)
    block [401562, 4015a7)
    block [4015a7, 4015ac)
    block [4015ac, 4015b1)
    block [4015b1, 401629)
    block [401629, 40162e)
    block [40162e, 401680)
    block [401680, 401685)
    block [401685, 401693)
    block [401693, 401698)
    block [401698, 4016dd)
    block [4016dd, 4016e2)
    block [4016e2, 401732)
    block [401732, 401737)
    block [401737, 40173c)
    block [40173c, 401768)
    block [401768, 40177d)
    block [40177d, 401787)
    block [401787, 401799)
    block [401799, 4017b0)
    block [4017b0, 4017c2)
    block [4017c2, 4017f8)
    block [4017f8, 40189b)
    block [40189b, 4018a0)
    block [4018a0, 4018f4)
    block [4018f4, 4018f9)
    block [4018f9, 4018fe)
    block [4018fe, 401976)
    block [401976, 40197b)
    block [40197b, 4019ca)
    block [4019ca, 4019cf)
    block [4019cf, 4019d4)
    block [4019d4, 4019e6)
    block [4019e6, 4019fe)
    block [4019fe, 401a47)
    block [401a47, 401abf)
    block [401abf, 401ac4)
    block [401ac4, 401b52)
    block [401b52, 401b57)
    block [401b57, 401b5c)
    block [401b5c, 401b8f)
    block [401b8f, 401bd4)
    block [401bd4, 401bd9)
    block [401bd9, 401c51)
    block [401c51, 401c56)
    block [401c56, 401c5b)
    block [401c5b, 401ca0)
    block [401ca0, 401ca5)
    block [401ca5, 401cf9)
    block [401cf9, 401cfe)
    block [401cfe, 401d03)
    block [401d03, 401d7b)
    block [401d7b, 401d80)
    block [401d80, 401df8)
    block [401df8, 401dfd)
    block [401dfd, 401e02)
    block [401e02, 401e7a)
    block [401e7a, 401e7f)
    block [401e7f, 401ed3)
    block [401ed3, 401ed8)
    block [401ed8, 401edd)
    block [401edd, 401f1a)
    block [401f1a, 402065)
    block [402065, 40206a)
    block [40206a, 40206f)
    block [40206f, 40207f)
    block [40207f, 402093)
    block [402093, 4020a2)
    block [4020a2, 4020f0)
    block [4020f0, 4020f5)
    block [4020f5, 402111)
    block [402111, 402116)
    block [402116, 402132)
    chunk [401200, 402132)
  Default block heads for function 402140 with loose bounds [402140, 4025d1)
    block [402140, 402197)
    block [402197, 40219c)
    block [40219c, 40224e)
    block [40224e, 402253)
    block [402253, 402258)
    block [402258, 40226a)
    block [40226a, 4022e2)
    block [4022e2, 4022e7)
    block [4022e7, 402367)
    block [402367, 40236c)
    block [40236c, 402377)
    block [402377, 40237c)
    block [40237c, 40238d)
    block [40238d, 4023a0)
    block [4023a0, 4023e5)
    block [4023e5, 4023ea)
    block [4023ea, 40242f)
    block [40242f, 402434)
    block [402434, 402439)
    block [402439, 4024b1)
    block [4024b1, 4024b6)
    block [4024b6, 402537)
    block [402537, 40253c)
    block [40253c, 402544)
    block [402544, 402598)
    block [402598, 4025c7)
    block [4025c7, 4025cc)
    block [4025cc, 4025d1)
    chunk [402140, 4025d1)
Looking for instructions in segment .fini
  Default block heads for function 4025d4 with loose bounds [4025d4, 4025e1)
    block [4025d4, 4025e1)
    chunk [4025d4, 4025e1)
Looking for strings in segment .rodata [403000, 40300b)
  Found string b'%d\n' of length 4 at 403007, jumping to 40300b
Looking for strings in segment .eh_frame_hdr [40300c, 403048)
Looking for strings in segment .eh_frame [403048, 40311c)
Looking for strings in segment .init_array [404de8, 404df0)
Looking for strings in segment .fini_array [404df0, 404df8)
Looking for strings in segment .got [404fd8, 404fe8)
Looking for strings in segment .got.plt [404fe8, 405030)
Looking for strings in segment .data [405030, 405040)
Looking for strings in segment .bss [405040, 405060)
Looking for strings in segment extern [405060, 4050a0)
Looking for cross-references in segment .init [401000, 40101b)
Looking for cross-references in segment .plt [401020, 401090)
  Stopping scan at 40102c
Looking for cross-references in segment .text [401090, 4025d1)
  Stopping scan at 4010bc
  Stopping scan at 4010cc
  Stopping scan at ffffffffffffffff
  Stopping scan at 4010fc
  Stopping scan at 40113c
  Stopping scan at ffffffffffffffff
  Stopping scan at 40116c
  Stopping scan at 40117c
  Stopping scan at ffffffffffffffff
  Stopping scan at 40213c
Looking for cross-references in segment .fini [4025d4, 4025e1)
Looking for cross-references in segment .rodata [403000, 40300b)
  Stopping scan at 403008
Looking for cross-references in segment .eh_frame_hdr [40300c, 403048)
  Stopping scan at 403044
Looking for cross-references in segment .eh_frame [403048, 40311c)
  Stopping scan at 403118
Looking for cross-references in segment .init_array [404de8, 404df0)
  Adding qword reference from 404de8 to 401170
  Stopping scan at 404de8
Looking for cross-references in segment .fini_array [404df0, 404df8)
  Adding qword reference from 404df0 to 401140
  Stopping scan at 404df0
Looking for cross-references in segment .got [404fd8, 404fe8)
  Adding qword reference from 404fd8 to 405068
  Adding qword reference from 404fe0 to 405098
  Stopping scan at 404fe0
Looking for cross-references in segment .got.plt [404fe8, 405030)
  Adding qword reference from 405000 to 405060
  Adding qword reference from 405008 to 405070
  Adding qword reference from 405010 to 405078
  Adding qword reference from 405018 to 405080
  Adding qword reference from 405020 to 405088
  Adding qword reference from 405028 to 405090
  Stopping scan at 405028
Looking for cross-references in segment .data [405030, 405040)
  Stopping scan at 40503c
Looking for cross-references in segment .bss [405040, 405060)
  Stopping scan at 40505c
Looking for cross-references in segment extern [405060, 4050a0)
  Stopping scan at 40509c
Looking for thunks
  Found thunk for free targeting 405060 at 401030
  Found thunk for printf targeting 405070 at 401040
  Found thunk for memset targeting 405078 at 401050
  Found thunk for calloc targeting 405080 at 401060
  Found thunk for realloc targeting 405088 at 401070
  Found thunk for __isoc99_scanf targeting 405090 at 401080
Looking for external symbols
  Function at 401030 is the external function free
  Function at 401040 is the external function printf
  Function at 401050 is the external function memset
  Function at 401060 is the external function calloc
  Function at 401070 is the external function realloc
  Function at 401080 is the external function __isoc99_scanf
  Function at 405060 is the external function free
  Function at 405068 is the external function __libc_start_main
  Function at 405070 is the external function printf
  Function at 405078 is the external function memset
  Function at 405080 is the external function calloc
  Function at 405088 is the external function realloc
  Function at 405090 is the external function __isoc99_scanf
  Function at 405098 is the external function __gmon_start__
Looking for entrypoints
Recovering .init_proc at 401000
  Analysing subroutine .init_proc at 401000
    Block head at 0040101b is not code.
  Subroutine .init_proc at 401000 has 3 blocks
  BB: 401000 in func 401000 with 5 insts
    Referenced by data
    I: 401000
    I: 401004
    I: 401008 (mem 404fe0)
    I: 40100f
    I: 401012 (flow 401016)
      Successors: 401014, 401016
  BB: 401014 in func 401000 with 1 insts
    I: 401014
      Successors: 401016
  BB: 401016 in func 401000 with 2 insts
    I: 401016
    I: 40101a
      No successors
Recovering 401020
  Analysing subroutine sub_401020 at 401020
  WARNING: No table entries for indirect jump at 401026; Adding next_ea 40102c as successor.
  Subroutine sub_401020 at 401020 has 2 blocks
  WARNING: No table entries for indirect jump at 401026; Adding next_ea 40102c as successor.
  BB: 401020 in func 401020 with 2 insts
    I: 401020 (mem 404ff0)
    I: 401026 (mem 404ff8)
      Successors: 40102c
  BB: 40102c in func 401020 with 1 insts
    I: 40102c
      No successors
Recovering start at 401090
  Analysing subroutine start at 401090
  Subroutine start at 401090 has 3 blocks
  BB: 401090 in func 401090 with 13 insts
    Referenced by data
    I: 401090
    I: 401094
    I: 401096
    I: 401099
    I: 40109a
    I: 40109d
    I: 4010a1
    I: 4010a2
    I: 4010a3
    I: 4010a6
    I: 4010a8 (imm 401180)
    I: 4010af (mem 404fd8)
    I: 4010b5
      No successors
  BB: 4010c5 in func 401090 with 2 insts
    I: 4010c5
    I: 4010cf
      No successors
  BB: 4010b6 in func 401090 with 3 insts
    I: 4010b6
    I: 4010c0
    I: 4010c4
      No successors
Recovering 4010d0
  Analysing subroutine sub_4010D0 at 4010d0
  WARNING: No table entries for indirect jump at 4010ec; Adding next_ea 4010ee as successor.
  WARNING: No table entries for indirect jump at 40112e; Adding next_ea 401130 as successor.
  Subroutine sub_4010D0 at 4010d0 has 11 blocks
  BB: 401100 in func 4010d0 with 8 insts
    I: 401100 (imm 405040)
    I: 401105 (imm 405040)
    I: 40110c
    I: 40110f
    I: 401113
    I: 401117
    I: 40111a
    I: 40111d (flow 401130)
      Successors: 401130, 40111f
  WARNING: No table entries for indirect jump at 4010ec; Adding next_ea 4010ee as successor.
  BB: 4010e7 in func 4010d0 with 2 insts
    I: 4010e7 (imm 405040)
    I: 4010ec
      Successors: 4010ee
  WARNING: No table entries for indirect jump at 40112e; Adding next_ea 401130 as successor.
  BB: 401129 in func 4010d0 with 2 insts
    I: 401129 (imm 405040)
    I: 40112e
      Successors: 401130
  BB: 4010ee in func 4010d0 with 1 insts
    I: 4010ee
      Successors: 4010f0
  BB: 4010d0 in func 4010d0 with 3 insts
    I: 4010d0 (imm 405040)
    I: 4010d5 (imm 405040)
    I: 4010db (flow 4010f0)
      Successors: 4010f0, 4010dd
  BB: 4010f0 in func 4010d0 with 1 insts
    I: 4010f0
      No successors
  BB: 4010f1 in func 4010d0 with 2 insts
    I: 4010f1
    I: 4010f5
      Successors: 401100
  BB: 401130 in func 4010d0 with 1 insts
    I: 401130
      No successors
  BB: 401131 in func 4010d0 with 2 insts
    I: 401131
    I: 401135
      No successors
  BB: 4010dd in func 4010d0 with 3 insts
    I: 4010dd
    I: 4010e2
    I: 4010e5 (flow 4010f0)
      Successors: 4010f0, 4010e7
  BB: 40111f in func 4010d0 with 3 insts
    I: 40111f
    I: 401124
    I: 401127 (flow 401130)
      Successors: 401130, 401129
Recovering 401140
  Analysing subroutine sub_401140 at 401140
  Subroutine sub_401140 at 401140 has 5 blocks
  BB: 401140 in func 401140 with 3 insts
    Referenced by data
    I: 401140
    I: 401144 (mem 405040)
    I: 40114b (flow 401160)
      Successors: 401160, 40114d
  BB: 401161 in func 401140 with 2 insts
    I: 401161
    I: 401165
      No successors
  BB: 401160 in func 401140 with 1 insts
    I: 401160
      No successors
  BB: 40114d in func 401140 with 6 insts
    I: 40114d
    I: 40114e
    I: 401151 (flow 4010d0)
    I: 401156 (mem 405040)
    I: 40115d
    I: 40115e
      No successors
  BB: 40115f in func 401140 with 1 insts
    I: 40115f
      Successors: 401160
Recovering 401170
  Analysing subroutine sub_401170 at 401170
  WARNING: No table entries for indirect jump at 40112e; Adding next_ea 401130 as successor.
  Subroutine sub_401170 at 401170 has 6 blocks
  BB: 401100 in func 401170 with 8 insts
    I: 401100 (imm 405040)
    I: 401105 (imm 405040)
    I: 40110c
    I: 40110f
    I: 401113
    I: 401117
    I: 40111a
    I: 40111d (flow 401130)
      Successors: 401130, 40111f
  WARNING: No table entries for indirect jump at 40112e; Adding next_ea 401130 as successor.
  BB: 401129 in func 401170 with 2 insts
    I: 401129 (imm 405040)
    I: 40112e
      Successors: 401130
  BB: 401170 in func 401170 with 2 insts
    Referenced by data
    I: 401170
    I: 401174 (flow 401100)
      Successors: 401100
  BB: 401130 in func 401170 with 1 insts
    I: 401130
      No successors
  BB: 401176 in func 401170 with 1 insts
    I: 401176
      No successors
  BB: 40111f in func 401170 with 3 insts
    I: 40111f
    I: 401124
    I: 401127 (flow 401130)
      Successors: 401130, 401129
Recovering main at 401180
  Analysing subroutine main at 401180
  Subroutine main at 401180 has 5 blocks
  BB: 401180 in func 401180 with 10 insts
    Referenced by data
    I: 401180
    I: 401181
    I: 401184
    I: 401188
    I: 40118f
    I: 401192
    I: 401196
    I: 40119b
    I: 40119f
    I: 4011a3 (flow 401200)
      Successors: 4011a8
  BB: 4011c6 in func 401180 with 9 insts
    I: 4011c6
    I: 4011c9
    I: 4011cd
    I: 4011d0 (flow 402140)
    I: 4011d5
    I: 4011d7 (imm 403007)
    I: 4011e1
    I: 4011e3 (flow 405070)
    I: 4011e8 (flow 4011a8)
      Successors: 4011a8
  BB: 4011a8 in func 401180 with 6 insts
    I: 4011a8 (imm 403004)
    I: 4011b2
    I: 4011b6
    I: 4011b8 (flow 405090)
    I: 4011bd
    I: 4011c0 (flow 4011ed)
      Successors: 4011ed, 4011c6
  BB: 4011ed in func 401180 with 6 insts
    I: 4011ed
    I: 4011f1 (flow 405060)
    I: 4011f6
    I: 4011f8
    I: 4011fc
    I: 4011fd
      No successors
  BB: 4011fe in func 401180 with 1 insts
    I: 4011fe
      No successors
Recovering 401200
  Analysing subroutine sub_401200 at 401200
  Subroutine sub_401200 at 401200 has 82 blocks
  BB: 401200 in func 401200 with 42 insts
    I: 401200
    I: 401201
    I: 401204
    I: 40120b
    I: 40120e
    I: 401212
    I: 401216 (imm 405058)
    I: 40121d
    I: 40121f (imm 40504c)
    I: 401226
    I: 401228
    I: 40122a
    I: 401230
    I: 401233
    I: 401239
    I: 40123c
    I: 40123f
    I: 401242
    I: 401246
    I: 401249
    I: 40124d
    I: 401250
    I: 401253
    I: 401256
    I: 40125a
    I: 40125c
    I: 40125f
    I: 401261
    I: 401263
    I: 401266
    I: 401269
    I: 40126d
    I: 401270
    I: 401273
    I: 401276
    I: 401279
    I: 40127c
    I: 40127f
    I: 401282
    I: 401284
    I: 401286
    I: 401288 (flow 401293)
      Successors: 401293, 40128e
  BB: 401e02 in func 401200 with 36 insts
    I: 401e02 (imm 405058)
    I: 401e09
    I: 401e0b (imm 40504c)
    I: 401e12
    I: 401e14
    I: 401e16
    I: 401e1c
    I: 401e1f
    I: 401e25
    I: 401e28
    I: 401e2b
    I: 401e2e
    I: 401e32
    I: 401e35
    I: 401e39
    I: 401e3c
    I: 401e3f
    I: 401e42
    I: 401e46
    I: 401e48
    I: 401e4b
    I: 401e4d
    I: 401e4f
    I: 401e52
    I: 401e55
    I: 401e59
    I: 401e5c
    I: 401e5f
    I: 401e62
    I: 401e65
    I: 401e68
    I: 401e6b
    I: 401e6e
    I: 401e70
    I: 401e72
    I: 401e74 (flow 401e7f)
      Successors: 401e7a, 401e7f
  BB: 401629 in func 401200 with 1 insts
    I: 401629 (flow 40206a)
      Successors: 40206a
  BB: 40162e in func 401200 with 26 insts
    I: 40162e
    I: 401632
    I: 401636
    I: 401638
    I: 40163a
    I: 40163d
    I: 401643 (imm 405058)
    I: 40164a
    I: 40164c (imm 40504c)
    I: 401653
    I: 401655
    I: 401657
    I: 40165a
    I: 40165c
    I: 40165e
    I: 401661
    I: 401664
    I: 401667
    I: 40166a
    I: 40166d
    I: 401670
    I: 401672
    I: 401674
    I: 401676
    I: 401678
    I: 40167a (flow 401685)
      Successors: 401680, 401685
  BB: 401430 in func 401200 with 1 insts
    I: 401430 (flow 401f1a)
      Successors: 401f1a
  BB: 401435 in func 401200 with 1 insts
    I: 401435 (flow 40143a)
      Successors: 40143a
  BB: 40143a in func 401200 with 12 insts
    I: 40143a
    I: 401441
    I: 401445
    I: 401449
    I: 40144c
    I: 40144e
    I: 401454
    I: 401457
    I: 40145d
    I: 401460
    I: 401463
    I: 401465 (flow 401edd)
      Successors: 40146b, 401edd
  BB: 401a47 in func 401200 with 36 insts
    I: 401a47 (imm 405058)
    I: 401a4e
    I: 401a50 (imm 40504c)
    I: 401a57
    I: 401a59
    I: 401a5b
    I: 401a61
    I: 401a64
    I: 401a6a
    I: 401a6d
    I: 401a70
    I: 401a73
    I: 401a77
    I: 401a7a
    I: 401a7e
    I: 401a81
    I: 401a84
    I: 401a87
    I: 401a8b
    I: 401a8d
    I: 401a90
    I: 401a92
    I: 401a94
    I: 401a97
    I: 401a9a
    I: 401a9e
    I: 401aa1
    I: 401aa4
    I: 401aa7
    I: 401aaa
    I: 401aad
    I: 401ab0
    I: 401ab3
    I: 401ab5
    I: 401ab7
    I: 401ab9 (flow 401ac4)
      Successors: 401ac4, 401abf
  BB: 401c51 in func 401200 with 1 insts
    I: 401c51 (flow 4020f0)
      Successors: 4020f0
  BB: 401c56 in func 401200 with 1 insts
    I: 401c56 (flow 401c5b)
      Successors: 401c5b
  BB: 401c5b in func 401200 with 20 insts
    I: 401c5b (imm 405058)
    I: 401c62
    I: 401c64 (imm 40504c)
    I: 401c6b
    I: 401c6d
    I: 401c6f
    I: 401c75
    I: 401c78
    I: 401c7e
    I: 401c81
    I: 401c84
    I: 401c87
    I: 401c8a
    I: 401c8d
    I: 401c90
    I: 401c92
    I: 401c94
    I: 401c96
    I: 401c98
    I: 401c9a (flow 401ca5)
      Successors: 401ca0, 401ca5
  BB: 402065 in func 401200 with 1 insts
    I: 402065 (flow 401562)
      Successors: 401562
  BB: 40206a in func 401200 with 1 insts
    I: 40206a (flow 40162e)
      Successors: 40162e
  BB: 40146b in func 401200 with 31 insts
    I: 40146b
    I: 40146f
    I: 401473
    I: 401477
    I: 40147b
    I: 40147e
    I: 401481
    I: 401487
    I: 40148a
    I: 401490
    I: 401493
    I: 401496
    I: 401499
    I: 40149c
    I: 4014a3
    I: 4014a7
    I: 4014ae
    I: 4014b1
    I: 4014b6
    I: 4014b9
    I: 4014bc
    I: 4014c0
    I: 4014c3
    I: 4014c6
    I: 4014cb
    I: 4014d1
    I: 4014d3
    I: 4014d9
    I: 4014db
    I: 4014dd
    I: 4014df (flow 401768)
      Successors: 401768, 4014e5
  BB: 40206f in func 401200 with 5 insts
    I: 40206f
    I: 402073
    I: 402075
    I: 402078
    I: 40207a (flow 4016e2)
      Successors: 4016e2
  BB: 401e7a in func 401200 with 1 insts
    I: 401e7a (flow 402116)
      Successors: 402116
  BB: 40207f in func 401200 with 7 insts
    I: 40207f
    I: 402083
    I: 402085
    I: 402087
    I: 40208a
    I: 40208c
    I: 40208e (flow 4018a0)
      Successors: 4018a0
  BB: 401680 in func 401200 with 1 insts
    I: 401680 (flow 40206a)
      Successors: 40206a
  BB: 401e7f in func 401200 with 26 insts
    I: 401e7f
    I: 401e83
    I: 401e85
    I: 401e87
    I: 401e8a
    I: 401e8c
    I: 401e8e (imm 405058)
    I: 401e95
    I: 401e97 (imm 40504c)
    I: 401e9e
    I: 401ea0
    I: 401ea2
    I: 401ea8
    I: 401eab
    I: 401eb1
    I: 401eb4
    I: 401eb7
    I: 401eba
    I: 401ebd
    I: 401ec0
    I: 401ec3
    I: 401ec5
    I: 401ec7
    I: 401ec9
    I: 401ecb
    I: 401ecd (flow 401ed8)
      Successors: 401ed8, 401ed3
  BB: 401685 in func 401200 with 3 insts
    I: 401685
    I: 40168b
    I: 40168d (flow 401698)
      Successors: 401698, 401693
  BB: 40128e in func 401200 with 1 insts
    I: 40128e (flow 401f1a)
      Successors: 401f1a
  BB: 401293 in func 401200 with 113 insts
    I: 401293
    I: 401297
    I: 40129b
    I: 40129f
    I: 4012a2
    I: 4012a6
    I: 4012ad
    I: 4012b0
    I: 4012b3
    I: 4012b7
    I: 4012bb
    I: 4012be
    I: 4012c1
    I: 4012c5
    I: 4012c9
    I: 4012cc
    I: 4012cf
    I: 4012d3
    I: 4012d7
    I: 4012da
    I: 4012dd
    I: 4012e1
    I: 4012e5
    I: 4012e8
    I: 4012eb
    I: 4012ef
    I: 4012f3
    I: 4012f6
    I: 4012f9
    I: 4012fd
    I: 401301
    I: 401304
    I: 401307
    I: 40130b
    I: 40130f
    I: 401312
    I: 401315
    I: 401319
    I: 40131d
    I: 401320
    I: 401323
    I: 401327
    I: 40132b
    I: 40132e
    I: 401331
    I: 401335
    I: 401339
    I: 40133c
    I: 40133f
    I: 401343
    I: 401347
    I: 40134a
    I: 40134d
    I: 401351
    I: 401355
    I: 401358
    I: 40135b
    I: 40135f
    I: 401363
    I: 401366
    I: 401369
    I: 40136c
    I: 40136f
    I: 401375
    I: 401378
    I: 40137d (flow 405080)
    I: 401382
    I: 401386
    I: 401389
    I: 40138d
    I: 401390
    I: 401393
    I: 401398 (flow 405080)
    I: 40139d
    I: 4013a1
    I: 4013a5
    I: 4013a9
    I: 4013ac
    I: 4013b0
    I: 4013b3
    I: 4013b6
    I: 4013bc
    I: 4013bf
    I: 4013c6
    I: 4013cc
    I: 4013d2
    I: 4013d5
    I: 4013da (flow 405080)
    I: 4013df
    I: 4013e3
    I: 4013e6
    I: 4013ea
    I: 4013ed
    I: 4013f3 (imm 405058)
    I: 4013fa
    I: 4013fc (imm 40504c)
    I: 401403
    I: 401405
    I: 401407
    I: 40140a
    I: 40140c
    I: 40140e
    I: 401411
    I: 401414
    I: 401417
    I: 40141a
    I: 40141d
    I: 401420
    I: 401422
    I: 401424
    I: 401426
    I: 401428
    I: 40142a (flow 401435)
      Successors: 401430, 401435
  BB: 401693 in func 401200 with 1 insts
    I: 401693 (flow 40173c)
      Successors: 40173c
  BB: 402093 in func 401200 with 3 insts
    I: 402093
    I: 402097
    I: 40209d (flow 40197b)
      Successors: 40197b
  BB: 401698 in func 401200 with 20 insts
    I: 401698 (imm 405058)
    I: 40169f
    I: 4016a1 (imm 40504c)
    I: 4016a8
    I: 4016aa
    I: 4016ac
    I: 4016b2
    I: 4016b5
    I: 4016bb
    I: 4016be
    I: 4016c1
    I: 4016c4
    I: 4016c7
    I: 4016ca
    I: 4016cd
    I: 4016cf
    I: 4016d1
    I: 4016d3
    I: 4016d5
    I: 4016d7 (flow 4016e2)
      Successors: 4016e2, 4016dd
  BB: 40189b in func 401200 with 1 insts
    I: 40189b (flow 40207f)
      Successors: 40207f
  BB: 4018a0 in func 401200 with 26 insts
    I: 4018a0
    I: 4018a4
    I: 4018a6
    I: 4018ac
    I: 4018af
    I: 4018b5
    I: 4018b7 (imm 405058)
    I: 4018be
    I: 4018c0 (imm 40504c)
    I: 4018c7
    I: 4018c9
    I: 4018cb
    I: 4018ce
    I: 4018d0
    I: 4018d2
    I: 4018d5
    I: 4018d8
    I: 4018db
    I: 4018de
    I: 4018e1
    I: 4018e4
    I: 4018e6
    I: 4018e8
    I: 4018ea
    I: 4018ec
    I: 4018ee (flow 4018f9)
      Successors: 4018f9, 4018f4
  BB: 401ca0 in func 401200 with 1 insts
    I: 401ca0 (flow 4020f5)
      Successors: 4020f5
  BB: 4020a2 in func 401200 with 22 insts
    I: 4020a2
    I: 4020a6
    I: 4020aa
    I: 4020ac
    I: 4020af
    I: 4020b1
    I: 4020b4
    I: 4020b7
    I: 4020bb (flow 405088)
    I: 4020c0
    I: 4020c4
    I: 4020c8
    I: 4020cb
    I: 4020cf
    I: 4020d2
    I: 4020d5
    I: 4020d8
    I: 4020dc (flow 405088)
    I: 4020e1
    I: 4020e4
    I: 4020e8
    I: 4020eb (flow 401ac4)
      Successors: 401ac4
  BB: 401ca5 in func 401200 with 30 insts
    I: 401ca5
    I: 401ca9
    I: 401cab
    I: 401cad
    I: 401caf
    I: 401cb1
    I: 401cb4
    I: 401cb6
    I: 401cb8
    I: 401cba
    I: 401cbc (imm 405058)
    I: 401cc3
    I: 401cc5 (imm 40504c)
    I: 401ccc
    I: 401cce
    I: 401cd0
    I: 401cd3
    I: 401cd5
    I: 401cd7
    I: 401cda
    I: 401cdd
    I: 401ce0
    I: 401ce3
    I: 401ce6
    I: 401ce9
    I: 401ceb
    I: 401ced
    I: 401cef
    I: 401cf1
    I: 401cf3 (flow 401cfe)
      Successors: 401cf9, 401cfe
  BB: 401abf in func 401200 with 1 insts
    I: 401abf (flow 4020a2)
      Successors: 4020a2
  BB: 401ac4 in func 401200 with 41 insts
    I: 401ac4
    I: 401ac8
    I: 401acc
    I: 401ace
    I: 401ad1
    I: 401ad3
    I: 401ad6
    I: 401ad9
    I: 401add (flow 405088)
    I: 401ae2
    I: 401ae6
    I: 401aea
    I: 401aed
    I: 401af1
    I: 401af4
    I: 401af7
    I: 401afa
    I: 401afe (flow 405088)
    I: 401b03
    I: 401b06
    I: 401b0a
    I: 401b0d (imm 405058)
    I: 401b14
    I: 401b16 (imm 40504c)
    I: 401b1d
    I: 401b1f
    I: 401b21
    I: 401b27
    I: 401b2a
    I: 401b30
    I: 401b33
    I: 401b36
    I: 401b39
    I: 401b3c
    I: 401b3f
    I: 401b42
    I: 401b44
    I: 401b46
    I: 401b48
    I: 401b4a
    I: 401b4c (flow 401b57)
      Successors: 401b52, 401b57
  BB: 401df8 in func 401200 with 1 insts
    I: 401df8 (flow 402111)
      Successors: 402111
  BB: 401ed3 in func 401200 with 1 insts
    I: 401ed3 (flow 402116)
      Successors: 402116
  BB: 401ed8 in func 401200 with 1 insts
    I: 401ed8 (flow 40143a)
      Successors: 40143a
  BB: 4016dd in func 401200 with 1 insts
    I: 4016dd (flow 40206f)
      Successors: 40206f
  BB: 401edd in func 401200 with 19 insts
    I: 401edd
    I: 401ee1
    I: 401ee4 (flow 405060)
    I: 401ee9
    I: 401eed
    I: 401ef0 (flow 405060)
    I: 401ef5
    I: 401ef9
    I: 401efd
    I: 401f01
    I: 401f05
    I: 401f08
    I: 401f0b
    I: 401f0e
    I: 401f10
    I: 401f13
    I: 401f15
    I: 401f18
    I: 401f19
      No successors
  BB: 4016e2 in func 401200 with 24 insts
    I: 4016e2
    I: 4016e6
    I: 4016e8
    I: 4016eb
    I: 4016ed (imm 405058)
    I: 4016f4
    I: 4016f6 (imm 40504c)
    I: 4016fd
    I: 4016ff
    I: 401701
    I: 401707
    I: 40170a
    I: 401710
    I: 401713
    I: 401716
    I: 401719
    I: 40171c
    I: 40171f
    I: 401722
    I: 401724
    I: 401726
    I: 401728
    I: 40172a
    I: 40172c (flow 401737)
      Successors: 401732, 401737
  BB: 4014e5 in func 401200 with 36 insts
    I: 4014e5 (imm 405058)
    I: 4014ec
    I: 4014ee (imm 40504c)
    I: 4014f5
    I: 4014f7
    I: 4014f9
    I: 4014ff
    I: 401502
    I: 401508
    I: 40150b
    I: 40150e
    I: 401511
    I: 401515
    I: 401518
    I: 40151c
    I: 40151f
    I: 401522
    I: 401525
    I: 401529
    I: 40152b
    I: 40152e
    I: 401530
    I: 401532
    I: 401535
    I: 401538
    I: 40153c
    I: 40153f
    I: 401542
    I: 401545
    I: 401548
    I: 40154b
    I: 40154e
    I: 401551
    I: 401553
    I: 401555
    I: 401557 (flow 401562)
      Successors: 401562, 40155d
  BB: 4020f0 in func 401200 with 1 insts
    I: 4020f0 (flow 401bd9)
      Successors: 401bd9
  BB: 4018f4 in func 401200 with 1 insts
    I: 4018f4 (flow 40207f)
      Successors: 40207f
  BB: 4020f5 in func 401200 with 7 insts
    I: 4020f5
    I: 4020f9
    I: 4020fb
    I: 402101
    I: 402104
    I: 40210a
    I: 40210c (flow 401ca5)
      Successors: 401ca5
  BB: 4018f9 in func 401200 with 1 insts
    I: 4018f9 (flow 401787)
      Successors: 401787
  BB: 401cf9 in func 401200 with 1 insts
    I: 401cf9 (flow 4020f5)
      Successors: 4020f5
  BB: 4018fe in func 401200 with 36 insts
    I: 4018fe (imm 405058)
    I: 401905
    I: 401907 (imm 40504c)
    I: 40190e
    I: 401910
    I: 401912
    I: 401918
    I: 40191b
    I: 401921
    I: 401924
    I: 401927
    I: 40192a
    I: 40192e
    I: 401931
    I: 401935
    I: 401938
    I: 40193b
    I: 40193e
    I: 401942
    I: 401944
    I: 401947
    I: 401949
    I: 40194b
    I: 40194e
    I: 401951
    I: 401955
    I: 401958
    I: 40195b
    I: 40195e
    I: 401961
    I: 401964
    I: 401967
    I: 40196a
    I: 40196c
    I: 40196e
    I: 401970 (flow 40197b)
      Successors: 40197b, 401976
  BB: 401cfe in func 401200 with 1 insts
    I: 401cfe (flow 4019d4)
      Successors: 4019d4
  BB: 401d03 in func 401200 with 36 insts
    I: 401d03 (imm 405058)
    I: 401d0a
    I: 401d0c (imm 40504c)
    I: 401d13
    I: 401d15
    I: 401d17
    I: 401d1d
    I: 401d20
    I: 401d26
    I: 401d29
    I: 401d2c
    I: 401d2f
    I: 401d33
    I: 401d36
    I: 401d3a
    I: 401d3d
    I: 401d40
    I: 401d43
    I: 401d47
    I: 401d49
    I: 401d4c
    I: 401d4e
    I: 401d50
    I: 401d53
    I: 401d56
    I: 401d5a
    I: 401d5d
    I: 401d60
    I: 401d63
    I: 401d66
    I: 401d69
    I: 401d6c
    I: 401d6f
    I: 401d71
    I: 401d73
    I: 401d75 (flow 401d80)
      Successors: 401d80, 401d7b
  BB: 402111 in func 401200 with 1 insts
    I: 402111 (flow 401d80)
      Successors: 401d80
  BB: 402116 in func 401200 with 7 insts
    I: 402116
    I: 40211a
    I: 40211c
    I: 402122
    I: 402125
    I: 40212b
    I: 40212d (flow 401e7f)
      Successors: 401e7f
  BB: 401f1a in func 401200 with 75 insts
    I: 401f1a
    I: 401f1e
    I: 401f22
    I: 401f26
    I: 401f29
    I: 401f2d
    I: 401f30
    I: 401f33
    I: 401f37
    I: 401f3a
    I: 401f3d
    I: 401f41
    I: 401f44
    I: 401f47
    I: 401f4b
    I: 401f52
    I: 401f55
    I: 401f58
    I: 401f5c
    I: 401f63
    I: 401f66
    I: 401f69
    I: 401f6d
    I: 401f74
    I: 401f77
    I: 401f7a
    I: 401f7e
    I: 401f85
    I: 401f88
    I: 401f8b
    I: 401f8f
    I: 401f96
    I: 401f99
    I: 401f9c
    I: 401fa0
    I: 401fa7
    I: 401faa
    I: 401fad
    I: 401fb1
    I: 401fb8
    I: 401fbb
    I: 401fbe
    I: 401fc1
    I: 401fc4
    I: 401fca
    I: 401fcd
    I: 401fd2 (flow 405080)
    I: 401fd7
    I: 401fde
    I: 401fe1
    I: 401fe8
    I: 401feb
    I: 401fee
    I: 401ff3 (flow 405080)
    I: 401ff8
    I: 401fff
    I: 402006
    I: 40200d
    I: 402010
    I: 402017
    I: 40201a
    I: 40201d
    I: 402023
    I: 402026
    I: 40202d
    I: 402033
    I: 402039
    I: 40203c
    I: 402041 (flow 405080)
    I: 402046
    I: 40204d
    I: 402050
    I: 402057
    I: 40205a
    I: 402060 (flow 401293)
      Successors: 401293
  BB: 401732 in func 401200 with 1 insts
    I: 401732 (flow 40206f)
      Successors: 40206f
  BB: 402132 in func 401200 with 2 insts
    I: 402132
    I: 40213c
      No successors
  BB: 401737 in func 401200 with 1 insts
    I: 401737 (flow 4015b1)
      Successors: 4015b1
  BB: 40173c in func 401200 with 11 insts
    I: 40173c
    I: 401740
    I: 401743 (flow 405060)
    I: 401748
    I: 40174c
    I: 40174f
    I: 401754 (flow 405080)
    I: 401759
    I: 40175c
    I: 401760
    I: 401763 (flow 40177d)
      Successors: 40177d
  BB: 401b52 in func 401200 with 1 insts
    I: 401b52 (flow 4020a2)
      Successors: 4020a2
  BB: 401b57 in func 401200 with 1 insts
    I: 401b57 (flow 401b5c)
      Successors: 401b5c
  BB: 401b5c in func 401200 with 16 insts
    I: 401b5c
    I: 401b60
    I: 401b64
    I: 401b68
    I: 401b6c
    I: 401b6e
    I: 401b71
    I: 401b74
    I: 401b77
    I: 401b7a
    I: 401b7d
    I: 401b84
    I: 401b86
    I: 401b88
    I: 401b8b
    I: 401b8d
      Successors: 401b8f
  BB: 40155d in func 401200 with 1 insts
    I: 40155d (flow 402065)
      Successors: 402065
  BB: 401562 in func 401200 with 20 insts
    I: 401562 (imm 405058)
    I: 401569
    I: 40156b (imm 40504c)
    I: 401572
    I: 401574
    I: 401576
    I: 40157c
    I: 40157f
    I: 401585
    I: 401588
    I: 40158b
    I: 40158e
    I: 401591
    I: 401594
    I: 401597
    I: 401599
    I: 40159b
    I: 40159d
    I: 40159f
    I: 4015a1 (flow 4015ac)
      Successors: 4015ac, 4015a7
  BB: 401768 in func 401200 with 6 insts
    I: 401768
    I: 40176c
    I: 401770
    I: 401773
    I: 401776
    I: 401778 (flow 405078)
      Successors: 40177d
  BB: 401976 in func 401200 with 1 insts
    I: 401976 (flow 402093)
      Successors: 402093
  BB: 40197b in func 401200 with 22 insts
    I: 40197b
    I: 40197f
    I: 401985 (imm 405058)
    I: 40198c
    I: 40198e (imm 40504c)
    I: 401995
    I: 401997
    I: 401999
    I: 40199f
    I: 4019a2
    I: 4019a8
    I: 4019ab
    I: 4019ae
    I: 4019b1
    I: 4019b4
    I: 4019b7
    I: 4019ba
    I: 4019bc
    I: 4019be
    I: 4019c0
    I: 4019c2
    I: 4019c4 (flow 4019cf)
      Successors: 4019ca, 4019cf
  BB: 401d7b in func 401200 with 1 insts
    I: 401d7b (flow 402111)
      Successors: 402111
  BB: 40177d in func 401200 with 2 insts
    I: 40177d
    I: 401781
      Successors: 401787
  BB: 401d80 in func 401200 with 36 insts
    I: 401d80 (imm 405058)
    I: 401d87
    I: 401d89 (imm 40504c)
    I: 401d90
    I: 401d92
    I: 401d94
    I: 401d9a
    I: 401d9d
    I: 401da3
    I: 401da6
    I: 401da9
    I: 401dac
    I: 401db0
    I: 401db3
    I: 401db7
    I: 401dba
    I: 401dbd
    I: 401dc0
    I: 401dc4
    I: 401dc6
    I: 401dc9
    I: 401dcb
    I: 401dcd
    I: 401dd0
    I: 401dd3
    I: 401dd7
    I: 401dda
    I: 401ddd
    I: 401de0
    I: 401de3
    I: 401de6
    I: 401de9
    I: 401dec
    I: 401dee
    I: 401df0
    I: 401df2 (flow 401dfd)
      Successors: 401df8, 401dfd
  BB: 401787 in func 401200 with 5 insts
    I: 401787
    I: 40178b
    I: 40178f
    I: 401791
    I: 401793 (flow 4018fe)
      Successors: 401799, 4018fe
  BB: 401b8f in func 401200 with 20 insts
    I: 401b8f (imm 405058)
    I: 401b96
    I: 401b98 (imm 40504c)
    I: 401b9f
    I: 401ba1
    I: 401ba3
    I: 401ba9
    I: 401bac
    I: 401bb2
    I: 401bb5
    I: 401bb8
    I: 401bbb
    I: 401bbe
    I: 401bc1
    I: 401bc4
    I: 401bc6
    I: 401bc8
    I: 401bca
    I: 401bcc
    I: 401bce (flow 401bd9)
      Successors: 401bd9, 401bd4
  BB: 401799 in func 401200 with 7 insts
    I: 401799
    I: 40179d
    I: 4017a1
    I: 4017a5
    I: 4017a8
    I: 4017ab
    I: 4017ae
      Successors: 4017b0
  BB: 4015a7 in func 401200 with 1 insts
    I: 4015a7 (flow 402065)
      Successors: 402065
  BB: 4015ac in func 401200 with 1 insts
    I: 4015ac (flow 4015b1)
      Successors: 4015b1
  BB: 4017b0 in func 401200 with 5 insts
    I: 4017b0
    I: 4017b4
    I: 4017b8
    I: 4017ba
    I: 4017bc (flow 4017f8)
      Successors: 4017f8, 4017c2
  BB: 4015b1 in func 401200 with 36 insts
    I: 4015b1 (imm 405058)
    I: 4015b8
    I: 4015ba (imm 40504c)
    I: 4015c1
    I: 4015c3
    I: 4015c5
    I: 4015cb
    I: 4015ce
    I: 4015d4
    I: 4015d7
    I: 4015da
    I: 4015dd
    I: 4015e1
    I: 4015e4
    I: 4015e8
    I: 4015eb
    I: 4015ee
    I: 4015f1
    I: 4015f5
    I: 4015f7
    I: 4015fa
    I: 4015fc
    I: 4015fe
    I: 401601
    I: 401604
    I: 401608
    I: 40160b
    I: 40160e
    I: 401611
    I: 401614
    I: 401617
    I: 40161a
    I: 40161d
    I: 40161f
    I: 401621
    I: 401623 (flow 40162e)
      Successors: 401629, 40162e
  BB: 4017c2 in func 401200 with 17 insts
    I: 4017c2
    I: 4017c6
    I: 4017ca
    I: 4017cd
    I: 4017d0
    I: 4017d4
    I: 4017d8
    I: 4017dc
    I: 4017e0
    I: 4017e3
    I: 4017e6
    I: 4017e9
    I: 4017eb
    I: 4017ed
    I: 4017ef
    I: 4017f1
    I: 4017f3 (flow 4017b0)
      Successors: 4017b0
  BB: 4019ca in func 401200 with 1 insts
    I: 4019ca (flow 402093)
      Successors: 402093
  BB: 4019cf in func 401200 with 1 insts
    I: 4019cf (flow 4019d4)
      Successors: 4019d4
  BB: 4019d4 in func 401200 with 5 insts
    I: 4019d4
    I: 4019d8
    I: 4019dc
    I: 4019de
    I: 4019e0 (flow 401d03)
      Successors: 401d03, 4019e6
  BB: 401bd4 in func 401200 with 1 insts
    I: 401bd4 (flow 4020f0)
      Successors: 4020f0
  BB: 401bd9 in func 401200 with 36 insts
    I: 401bd9 (imm 405058)
    I: 401be0
    I: 401be2 (imm 40504c)
    I: 401be9
    I: 401beb
    I: 401bed
    I: 401bf3
    I: 401bf6
    I: 401bfc
    I: 401bff
    I: 401c02
    I: 401c05
    I: 401c09
    I: 401c0c
    I: 401c10
    I: 401c13
    I: 401c16
    I: 401c19
    I: 401c1d
    I: 401c1f
    I: 401c22
    I: 401c24
    I: 401c26
    I: 401c29
    I: 401c2c
    I: 401c30
    I: 401c33
    I: 401c36
    I: 401c39
    I: 401c3c
    I: 401c3f
    I: 401c42
    I: 401c45
    I: 401c47
    I: 401c49
    I: 401c4b (flow 401c56)
      Successors: 401c51, 401c56
  BB: 4019e6 in func 401200 with 6 insts
    I: 4019e6
    I: 4019ea
    I: 4019ee
    I: 4019f1
    I: 4019f4
    I: 4019f8 (flow 401b8f)
      Successors: 4019fe, 401b8f
  BB: 4017f8 in func 401200 with 48 insts
    I: 4017f8
    I: 4017fc
    I: 401800
    I: 401804
    I: 401808
    I: 40180a
    I: 40180c
    I: 401812
    I: 401814
    I: 40181a
    I: 40181d
    I: 401820
    I: 401823 (imm 405058)
    I: 40182a
    I: 40182c (imm 40504c)
    I: 401833
    I: 401835
    I: 401837
    I: 40183d
    I: 401840
    I: 401846
    I: 401849
    I: 40184c
    I: 40184f
    I: 401853
    I: 401856
    I: 40185a
    I: 40185d
    I: 401860
    I: 401863
    I: 401867
    I: 401869
    I: 40186c
    I: 40186e
    I: 401870
    I: 401873
    I: 401876
    I: 40187a
    I: 40187d
    I: 401880
    I: 401883
    I: 401886
    I: 401889
    I: 40188c
    I: 40188f
    I: 401891
    I: 401893
    I: 401895 (flow 4018a0)
      Successors: 4018a0, 40189b
  BB: 401dfd in func 401200 with 1 insts
    I: 401dfd (flow 401e02)
      Successors: 401e02
  BB: 4019fe in func 401200 with 20 insts
    I: 4019fe
    I: 401a02
    I: 401a06
    I: 401a0a
    I: 401a0e
    I: 401a12
    I: 401a16
    I: 401a19
    I: 401a1c
    I: 401a20
    I: 401a23
    I: 401a26
    I: 401a2b
    I: 401a2d
    I: 401a33
    I: 401a35
    I: 401a3b
    I: 401a3d
    I: 401a3f
    I: 401a41 (flow 401b5c)
      Successors: 401b5c, 401a47
Recovering 402140
  Analysing subroutine sub_402140 at 402140
    Block head at 004025d1 is not code.
  Subroutine sub_402140 at 402140 has 28 blocks
  BB: 40238d in func 402140 with 7 insts
    I: 40238d
    I: 402391
    I: 402395
    I: 402397
    I: 402399
    I: 40239c
    I: 40239e
      Successors: 4023a0
  BB: 402197 in func 402140 with 1 insts
    I: 402197 (flow 402544)
      Successors: 402544
  BB: 402598 in func 402140 with 18 insts
    I: 402598
    I: 40259c
    I: 4025a0
    I: 4025a2
    I: 4025a4
    I: 4025a6
    I: 4025a8
    I: 4025aa
    I: 4025ac
    I: 4025ae
    I: 4025b0
    I: 4025b2
    I: 4025b7
    I: 4025b8
    I: 4025ba
    I: 4025bc
    I: 4025c0
    I: 4025c2 (flow 4022e7)
      Successors: 4022e7
  BB: 40219c in func 402140 with 52 insts
    I: 40219c
    I: 40219f
    I: 4021a3
    I: 4021a7
    I: 4021aa
    I: 4021ae
    I: 4021b2
    I: 4021b5
    I: 4021b8
    I: 4021bc
    I: 4021c0
    I: 4021c3
    I: 4021c6
    I: 4021ca
    I: 4021cd
    I: 4021d0
    I: 4021d4
    I: 4021d8
    I: 4021db
    I: 4021de
    I: 4021e2
    I: 4021e6
    I: 4021e9
    I: 4021ec
    I: 4021f0
    I: 4021f4
    I: 4021f7
    I: 4021fa
    I: 4021fd
    I: 4021ff
    I: 402205
    I: 402207
    I: 402209 (imm 405054)
    I: 402210
    I: 402212 (imm 405048)
    I: 402219
    I: 40221b
    I: 40221d
    I: 402223
    I: 402226
    I: 40222c
    I: 40222f
    I: 402232
    I: 402235
    I: 402238
    I: 40223b
    I: 40223e
    I: 402240
    I: 402242
    I: 402244
    I: 402246
    I: 402248 (flow 402253)
      Successors: 402253, 40224e
  BB: 4023a0 in func 402140 with 20 insts
    I: 4023a0 (imm 405054)
    I: 4023a7
    I: 4023a9 (imm 405048)
    I: 4023b0
    I: 4023b2
    I: 4023b4
    I: 4023ba
    I: 4023bd
    I: 4023c3
    I: 4023c6
    I: 4023c9
    I: 4023cc
    I: 4023cf
    I: 4023d2
    I: 4023d5
    I: 4023d7
    I: 4023d9
    I: 4023db
    I: 4023dd
    I: 4023df (flow 4023ea)
      Successors: 4023ea, 4023e5
  BB: 40242f in func 402140 with 1 insts
    I: 40242f (flow 4025c7)
      Successors: 4025c7
  BB: 4024b1 in func 402140 with 1 insts
    I: 4024b1 (flow 4025cc)
      Successors: 4025cc
  BB: 402434 in func 402140 with 1 insts
    I: 402434 (flow 402258)
      Successors: 402258
  BB: 4024b6 in func 402140 with 39 insts
    I: 4024b6
    I: 4024ba
    I: 4024bc
    I: 4024bf (imm 405054)
    I: 4024c6
    I: 4024c8 (imm 405048)
    I: 4024cf
    I: 4024d1
    I: 4024d3
    I: 4024d9
    I: 4024dc
    I: 4024e2
    I: 4024e5
    I: 4024e8
    I: 4024eb
    I: 4024ef
    I: 4024f2
    I: 4024f6
    I: 4024f9
    I: 4024fc
    I: 4024ff
    I: 402503
    I: 402505
    I: 402508
    I: 40250a
    I: 40250c
    I: 40250f
    I: 402512
    I: 402516
    I: 402519
    I: 40251c
    I: 40251f
    I: 402522
    I: 402525
    I: 402528
    I: 40252b
    I: 40252d
    I: 40252f
    I: 402531 (flow 40253c)
      Successors: 40253c, 402537
  BB: 402537 in func 402140 with 1 insts
    I: 402537 (flow 4025cc)
      Successors: 4025cc
  BB: 402439 in func 402140 with 36 insts
    I: 402439 (imm 405054)
    I: 402440
    I: 402442 (imm 405048)
    I: 402449
    I: 40244b
    I: 40244d
    I: 402453
    I: 402456
    I: 40245c
    I: 40245f
    I: 402462
    I: 402465
    I: 402469
    I: 40246c
    I: 402470
    I: 402473
    I: 402476
    I: 402479
    I: 40247d
    I: 40247f
    I: 402482
    I: 402484
    I: 402486
    I: 402489
    I: 40248c
    I: 402490
    I: 402493
    I: 402496
    I: 402499
    I: 40249c
    I: 40249f
    I: 4024a2
    I: 4024a5
    I: 4024a7
    I: 4024a9
    I: 4024ab (flow 4024b6)
      Successors: 4024b1, 4024b6
  BB: 40253c in func 402140 with 4 insts
    I: 40253c
    I: 40253f
    I: 402542
    I: 402543
      No successors
  BB: 402140 in func 402140 with 26 insts
    I: 402140
    I: 402141
    I: 402144
    I: 402148
    I: 40214b
    I: 40214f
    I: 402152 (imm 405054)
    I: 402159
    I: 40215b (imm 405048)
    I: 402162
    I: 402164
    I: 402166
    I: 40216c
    I: 40216f
    I: 402175
    I: 402178
    I: 40217b
    I: 40217e
    I: 402181
    I: 402184
    I: 402187
    I: 402189
    I: 40218b
    I: 40218d
    I: 40218f
    I: 402191 (flow 40219c)
      Successors: 40219c, 402197
  BB: 402544 in func 402140 with 25 insts
    I: 402544
    I: 402547
    I: 40254b
    I: 40254f
    I: 402552
    I: 402556
    I: 402559
    I: 40255c
    I: 402560
    I: 402563
    I: 402566
    I: 40256a
    I: 40256d
    I: 402570
    I: 402574
    I: 402577
    I: 40257a
    I: 40257e
    I: 402581
    I: 402584
    I: 402587
    I: 402589
    I: 40258f
    I: 402591
    I: 402593 (flow 40219c)
      Successors: 40219c
  BB: 4025c7 in func 402140 with 1 insts
    I: 4025c7 (flow 4023ea)
      Successors: 4023ea
  BB: 4025cc in func 402140 with 1 insts
    I: 4025cc (flow 4024b6)
      Successors: 4024b6
  BB: 40224e in func 402140 with 1 insts
    I: 40224e (flow 402544)
      Successors: 402544
  BB: 402253 in func 402140 with 1 insts
    I: 402253 (flow 402258)
      Successors: 402258
  BB: 402258 in func 402140 with 5 insts
    I: 402258
    I: 40225c
    I: 402260
    I: 402262
    I: 402264 (flow 402439)
      Successors: 402439, 40226a
  BB: 4022e2 in func 402140 with 1 insts
    I: 4022e2 (flow 402598)
      Successors: 402598
  BB: 4023e5 in func 402140 with 1 insts
    I: 4023e5 (flow 4025c7)
      Successors: 4025c7
  BB: 4022e7 in func 402140 with 41 insts
    I: 4022e7
    I: 4022eb
    I: 4022ef
    I: 4022f3
    I: 4022f5
    I: 4022f7
    I: 4022f9
    I: 4022fb
    I: 4022fd
    I: 402302
    I: 402303
    I: 402305
    I: 402309
    I: 40230b
    I: 40230f
    I: 402311
    I: 402313
    I: 402316
    I: 402319
    I: 40231c
    I: 40231f
    I: 402322 (imm 405054)
    I: 402329
    I: 40232b (imm 405048)
    I: 402332
    I: 402334
    I: 402336
    I: 40233c
    I: 40233f
    I: 402345
    I: 402348
    I: 40234b
    I: 40234e
    I: 402351
    I: 402354
    I: 402357
    I: 402359
    I: 40235b
    I: 40235d
    I: 40235f
    I: 402361 (flow 40236c)
      Successors: 40236c, 402367
  BB: 402367 in func 402140 with 1 insts
    I: 402367 (flow 402598)
      Successors: 402598
  BB: 40226a in func 402140 with 36 insts
    I: 40226a (imm 405054)
    I: 402271
    I: 402273 (imm 405048)
    I: 40227a
    I: 40227c
    I: 40227e
    I: 402284
    I: 402287
    I: 40228d
    I: 402290
    I: 402293
    I: 402296
    I: 40229a
    I: 40229d
    I: 4022a1
    I: 4022a4
    I: 4022a7
    I: 4022aa
    I: 4022ae
    I: 4022b0
    I: 4022b3
    I: 4022b5
    I: 4022b7
    I: 4022ba
    I: 4022bd
    I: 4022c1
    I: 4022c4
    I: 4022c7
    I: 4022ca
    I: 4022cd
    I: 4022d0
    I: 4022d3
    I: 4022d6
    I: 4022d8
    I: 4022da
    I: 4022dc (flow 4022e7)
      Successors: 4022e2, 4022e7
  BB: 4023ea in func 402140 with 20 insts
    I: 4023ea (imm 405054)
    I: 4023f1
    I: 4023f3 (imm 405048)
    I: 4023fa
    I: 4023fc
    I: 4023fe
    I: 402404
    I: 402407
    I: 40240d
    I: 402410
    I: 402413
    I: 402416
    I: 402419
    I: 40241c
    I: 40241f
    I: 402421
    I: 402423
    I: 402425
    I: 402427
    I: 402429 (flow 402434)
      Successors: 402434, 40242f
  BB: 40236c in func 402140 with 3 insts
    I: 40236c
    I: 40236f
    I: 402371 (flow 40237c)
      Successors: 40237c, 402377
  BB: 402377 in func 402140 with 1 insts
    I: 402377 (flow 40238d)
      Successors: 40238d
  BB: 40237c in func 402140 with 5 insts
    I: 40237c
    I: 402380
    I: 402384
    I: 402386
    I: 402388 (flow 4023a0)
      Successors: 4023a0
Recovering .term_proc at 4025d4
  Analysing subroutine .term_proc at 4025d4
    Block head at 004025e1 is not code.
  Subroutine .term_proc at 4025d4 has 1 blocks
  BB: 4025d4 in func 4025d4 with 4 insts
    I: 4025d4
    I: 4025d8
    I: 4025dc
    I: 4025e0
      No successors
Global Variable None
WARNING: Global constructor and destructor sections are adjacent!
Recovering region LOAD [400000, 4005d0) in segment LOAD
  8-byte reference at 400018 to 401090 (start)
  8-byte reference at 4000f8 to 401000 (.init_proc)
  8-byte reference at 400130 to 403000 ()
  8-byte reference at 400168 to 404de8 ()
  8-byte reference at 400280 to 40300c ()
  8-byte reference at 4002f0 to 404de8 ()
Recovering region .init [401000, 40101b) in segment .init
Recovering region LOAD [40101b, 401020) in segment LOAD
Recovering region .plt [401020, 401090) in segment .plt
Recovering region .text [401090, 4025d1) in segment .text
Recovering region LOAD [4025d1, 4025d4) in segment LOAD
Recovering region .fini [4025d4, 4025e1) in segment .fini
Recovering region .rodata [403000, 40300b) in segment .rodata
  Variable format at 403007
Recovering region LOAD [40300b, 40300c) in segment LOAD
Recovering region .eh_frame_hdr [40300c, 403048) in segment .eh_frame_hdr
Recovering region .eh_frame [403048, 40311c) in segment .eh_frame
Recovering region LOAD [40311c, 403160) in segment LOAD
Recovering region .init_array [404de8, 404df8) in segment .init_array
  8-byte reference at 404de8 to 401170 ()
  8-byte reference at 404df0 to 401140 ()
Recovering region LOAD [404df8, 404fd8) in segment LOAD
Recovering region .got [404fd8, 404fe8) in segment .got
  8-byte reference at 404fd8 to 405068 (__libc_start_main)
  8-byte reference at 404fe0 to 405098 (__gmon_start__)
Recovering region .got.plt [404fe8, 405030) in segment .got.plt
  8-byte reference at 405000 to 405060 (free)
  8-byte reference at 405008 to 405070 (printf)
  8-byte reference at 405010 to 405078 (memset)
  8-byte reference at 405018 to 405080 (calloc)
  8-byte reference at 405020 to 405088 (realloc)
  8-byte reference at 405028 to 405090 (__isoc99_scanf)
Recovering region .data [405030, 405040) in segment .data
Recovering region .bss [405040, 405060) in segment .bss
Recovering extern function free at 401030
Recovering extern function printf at 401040
Recovering extern function memset at 401050
Recovering extern function calloc at 401060
Recovering extern function realloc at 401070
Recovering extern function __isoc99_scanf at 401080
Recovering extern function free at 405060
Recovering extern function __libc_start_main at 405068
Recovering extern function printf at 405070
Recovering extern function memset at 405078
Recovering extern function calloc at 405080
Recovering extern function realloc at 405088
Recovering extern function __isoc99_scanf at 405090
Recovering extern function __gmon_start__ at 405098
Recovered 10 functions.
Saving to: /home/ubuntu/capstone_project/result/pipeline_20260629_141746/s308363767_bcf_instsub.cfg
Done analysis!
