Debugging is enabled.
Loading Standard Definitions file: /home/ubuntu/capstone_project/dependency/mcsema/mcsema/lib/python3/site-packages/mcsema_disass-3.1.3.8-py3.8.egg/mcsema_disass/defs/linux.txt
Using Batch mode.
Starting analysis
Recovering module s380322669_instsub.elf
Found main at 401160
Looking for instructions in segment .init
  Default block heads for function 401000 with loose bounds [401000, 40101b)
    block [401000, 401014)
    block [401014, 401016)
    block [401016, 40101b)
    chunk [401000, 40101b)
Looking for instructions in segment .plt
  Default block heads for function 401020 with loose bounds [401020, 40102c)
    block [401020, 40102c)
    chunk [401020, 40102c)
  Default block heads for function 401030 with loose bounds [401030, 401036)
    block [401030, 401036)
    chunk [401030, 401036)
  Default block heads for function 401040 with loose bounds [401040, 401046)
    block [401040, 401046)
    chunk [401040, 401046)
  Default block heads for function 401050 with loose bounds [401050, 401056)
    block [401050, 401056)
    chunk [401050, 401056)
  Default block heads for function 401060 with loose bounds [401060, 401066)
    block [401060, 401066)
    chunk [401060, 401066)
Looking for instructions in segment .text
  Default block heads for function 401070 with loose bounds [401070, 401096)
    block [401070, 401096)
    chunk [401070, 401096)
  Default block heads for function 4010b0 with loose bounds [4010b0, 4010d1)
    block [4010b0, 4010bd)
    block [4010bd, 4010c7)
    block [4010c7, 4010ce)
    block [4010d0, 4010d1)
    chunk [4010b0, 4010d1)
  Default block heads for function 401120 with loose bounds [401120, 401141)
    block [401120, 40112d)
    block [40112d, 40113f)
    block [401140, 401141)
    chunk [401120, 401141)
  Default block heads for function 401150 with loose bounds [401150, 401156)
    block [401150, 401156)
    chunk [401150, 401156)
    chunk [4010e0, 401111)
  Default block heads for function 401160 with loose bounds [401160, 4019d1)
    block [401160, 401172)
    block [401172, 401191)
    block [401191, 401196)
    block [401196, 4011b3)
    block [4011b3, 4011c2)
    block [4011c2, 401208)
    block [401208, 401212)
    block [401212, 401221)
    block [401221, 40126c)
    block [40126c, 40128c)
    block [40128c, 4012a9)
    block [4012a9, 4012c9)
    block [4012c9, 4012d7)
    block [4012d7, 4012dc)
    block [4012dc, 4012e1)
    block [4012e1, 4012ff)
    block [4012ff, 40131b)
    block [40131b, 401338)
    block [401338, 40135e)
    block [40135e, 40136c)
    block [40136c, 401371)
    block [401371, 401376)
    block [401376, 40138e)
    block [40138e, 4013aa)
    block [4013aa, 4013b7)
    block [4013b7, 4013c1)
    block [4013c1, 4013d0)
    block [4013d0, 4013f7)
    block [4013f7, 401433)
    block [401433, 40145c)
    block [40145c, 40147f)
    block [40147f, 4014bb)
    block [4014bb, 4014e4)
    block [4014e4, 4014f4)
    block [4014f4, 401509)
    block [401509, 401515)
    block [401515, 401532)
    block [401532, 401558)
    block [401558, 401566)
    block [401566, 40156b)
    block [40156b, 401570)
    block [401570, 401590)
    block [401590, 401595)
    block [401595, 4015aa)
    block [4015aa, 4015b6)
    block [4015b6, 4015cb)
    block [4015cb, 4015d0)
    block [4015d0, 4015e8)
    block [4015e8, 4015ed)
    block [4015ed, 4015f9)
    block [4015f9, 4015fe)
    block [4015fe, 401613)
    block [401613, 40162d)
    block [40162d, 401641)
    block [401641, 401646)
    block [401646, 401673)
    block [401673, 4016af)
    block [4016af, 4016de)
    block [4016de, 401701)
    block [401701, 401735)
    block [401735, 40175e)
    block [40175e, 40176e)
    block [40176e, 401783)
    block [401783, 40178f)
    block [40178f, 4017ac)
    block [4017ac, 4017d2)
    block [4017d2, 4017e0)
    block [4017e0, 4017e5)
    block [4017e5, 4017ea)
    block [4017ea, 40180a)
    block [40180a, 40180f)
    block [40180f, 401824)
    block [401824, 401830)
    block [401830, 401845)
    block [401845, 40184a)
    block [40184a, 401868)
    block [401868, 40186d)
    block [40186d, 401879)
    block [401879, 40187e)
    block [40187e, 401893)
    block [401893, 4018ad)
    block [4018ad, 4018c1)
    block [4018c1, 4018c6)
    block [4018c6, 4018cb)
    block [4018cb, 4018eb)
    block [4018eb, 4018f0)
    block [4018f0, 401908)
    block [401908, 401924)
    block [401924, 40193b)
    block [40193b, 40194c)
    block [40194c, 40195e)
    block [40195e, 401975)
    block [401975, 401986)
    block [401986, 401996)
    block [401996, 4019aa)
    block [4019aa, 4019c1)
    block [4019c1, 4019c6)
    block [4019c6, 4019d1)
    chunk [401160, 4019d1)
Looking for instructions in segment .fini
  Default block heads for function 4019d4 with loose bounds [4019d4, 4019e1)
    block [4019d4, 4019e1)
    chunk [4019d4, 4019e1)
Looking for strings in segment .rodata [402000, 40200e)
  Found string b'NA' of length 3 at 402007, jumping to 40200a
  Found string b'%d\n' of length 4 at 40200a, jumping to 40200e
Looking for strings in segment .eh_frame_hdr [402010, 40203c)
Looking for strings in segment .eh_frame [402040, 4020cc)
Looking for strings in segment .init_array [403de8, 403df0)
Looking for strings in segment .fini_array [403df0, 403df8)
Looking for strings in segment .got [403fd8, 403fe8)
Looking for strings in segment .got.plt [403fe8, 404020)
Looking for strings in segment .data [404020, 404030)
Looking for strings in segment .bss [404030, 404038)
Looking for strings in segment extern [404038, 404068)
Looking for cross-references in segment .init [401000, 40101b)
Looking for cross-references in segment .plt [401020, 401070)
  Stopping scan at 40102c
Looking for cross-references in segment .text [401070, 4019d1)
  Stopping scan at 40109c
  Stopping scan at 4010ac
  Stopping scan at ffffffffffffffff
  Stopping scan at 4010dc
  Stopping scan at 40111c
  Stopping scan at ffffffffffffffff
  Stopping scan at 40114c
  Stopping scan at 40115c
Looking for cross-references in segment .fini [4019d4, 4019e1)
Looking for cross-references in segment .rodata [402000, 40200e)
  Stopping scan at 40200c
Looking for cross-references in segment .eh_frame_hdr [402010, 40203c)
  Stopping scan at 402038
Looking for cross-references in segment .eh_frame [402040, 4020cc)
  Stopping scan at 4020c8
Looking for cross-references in segment .init_array [403de8, 403df0)
  Adding qword reference from 403de8 to 401150
  Stopping scan at 403de8
Looking for cross-references in segment .fini_array [403df0, 403df8)
  Adding qword reference from 403df0 to 401120
  Stopping scan at 403df0
Looking for cross-references in segment .got [403fd8, 403fe8)
  Adding qword reference from 403fd8 to 404038
  Adding qword reference from 403fe0 to 404060
  Stopping scan at 403fe0
Looking for cross-references in segment .got.plt [403fe8, 404020)
  Adding qword reference from 404000 to 404040
  Adding qword reference from 404008 to 404048
  Adding qword reference from 404010 to 404050
  Adding qword reference from 404018 to 404058
  Stopping scan at 404018
Looking for cross-references in segment .data [404020, 404030)
  Stopping scan at 40402c
Looking for cross-references in segment .bss [404030, 404038)
  Stopping scan at 404034
Looking for cross-references in segment extern [404038, 404068)
  Stopping scan at 404064
Looking for thunks
  Found thunk for puts targeting 404040 at 401030
  Found thunk for printf targeting 404048 at 401040
  Found thunk for memset targeting 404050 at 401050
  Found thunk for __isoc99_scanf targeting 404058 at 401060
Looking for external symbols
  Function at 401030 is the external function puts
  Function at 401040 is the external function printf
  Function at 401050 is the external function memset
  Function at 401060 is the external function __isoc99_scanf
  Function at 404038 is the external function __libc_start_main
  Function at 404040 is the external function puts
  Function at 404048 is the external function printf
  Function at 404050 is the external function memset
  Function at 404058 is the external function __isoc99_scanf
  Function at 404060 is the external function __gmon_start__
Looking for entrypoints
Recovering .init_proc at 401000
  Analysing subroutine .init_proc at 401000
    Block head at 0040101b is not code.
  Subroutine .init_proc at 401000 has 3 blocks
  BB: 401000 in func 401000 with 5 insts
    Referenced by data
    I: 401000
    I: 401004
    I: 401008 (mem 403fe0)
    I: 40100f
    I: 401012 (flow 401016)
      Successors: 401014, 401016
  BB: 401014 in func 401000 with 1 insts
    I: 401014
      Successors: 401016
  BB: 401016 in func 401000 with 2 insts
    I: 401016
    I: 40101a
      No successors
Recovering 401020
  Analysing subroutine sub_401020 at 401020
  WARNING: No table entries for indirect jump at 401026; Adding next_ea 40102c as successor.
  Subroutine sub_401020 at 401020 has 2 blocks
  WARNING: No table entries for indirect jump at 401026; Adding next_ea 40102c as successor.
  BB: 401020 in func 401020 with 2 insts
    I: 401020 (mem 403ff0)
    I: 401026 (mem 403ff8)
      Successors: 40102c
  BB: 40102c in func 401020 with 1 insts
    I: 40102c
      No successors
Recovering start at 401070
  Analysing subroutine start at 401070
  Subroutine start at 401070 has 3 blocks
  BB: 401070 in func 401070 with 13 insts
    Referenced by data
    I: 401070
    I: 401074
    I: 401076
    I: 401079
    I: 40107a
    I: 40107d
    I: 401081
    I: 401082
    I: 401083
    I: 401086
    I: 401088 (imm 401160)
    I: 40108f (mem 403fd8)
    I: 401095
      No successors
  BB: 4010a5 in func 401070 with 2 insts
    I: 4010a5
    I: 4010af
      No successors
  BB: 401096 in func 401070 with 3 insts
    I: 401096
    I: 4010a0
    I: 4010a4
      No successors
Recovering 4010b0
  Analysing subroutine sub_4010B0 at 4010b0
  WARNING: No table entries for indirect jump at 4010cc; Adding next_ea 4010ce as successor.
  WARNING: No table entries for indirect jump at 40110e; Adding next_ea 401110 as successor.
  Subroutine sub_4010B0 at 4010b0 has 11 blocks
  BB: 4010e0 in func 4010b0 with 8 insts
    I: 4010e0 (imm 404030)
    I: 4010e5 (imm 404030)
    I: 4010ec
    I: 4010ef
    I: 4010f3
    I: 4010f7
    I: 4010fa
    I: 4010fd (flow 401110)
      Successors: 401110, 4010ff
  WARNING: No table entries for indirect jump at 4010cc; Adding next_ea 4010ce as successor.
  BB: 4010c7 in func 4010b0 with 2 insts
    I: 4010c7 (imm 404030)
    I: 4010cc
      Successors: 4010ce
  WARNING: No table entries for indirect jump at 40110e; Adding next_ea 401110 as successor.
  BB: 401109 in func 4010b0 with 2 insts
    I: 401109 (imm 404030)
    I: 40110e
      Successors: 401110
  BB: 4010ce in func 4010b0 with 1 insts
    I: 4010ce
      Successors: 4010d0
  BB: 4010b0 in func 4010b0 with 3 insts
    I: 4010b0 (imm 404030)
    I: 4010b5 (imm 404030)
    I: 4010bb (flow 4010d0)
      Successors: 4010d0, 4010bd
  BB: 4010d0 in func 4010b0 with 1 insts
    I: 4010d0
      No successors
  BB: 4010d1 in func 4010b0 with 2 insts
    I: 4010d1
    I: 4010d5
      Successors: 4010e0
  BB: 401110 in func 4010b0 with 1 insts
    I: 401110
      No successors
  BB: 401111 in func 4010b0 with 2 insts
    I: 401111
    I: 401115
      No successors
  BB: 4010bd in func 4010b0 with 3 insts
    I: 4010bd
    I: 4010c2
    I: 4010c5 (flow 4010d0)
      Successors: 4010d0, 4010c7
  BB: 4010ff in func 4010b0 with 3 insts
    I: 4010ff
    I: 401104
    I: 401107 (flow 401110)
      Successors: 401110, 401109
Recovering 401120
  Analysing subroutine sub_401120 at 401120
  Subroutine sub_401120 at 401120 has 5 blocks
  BB: 401120 in func 401120 with 3 insts
    Referenced by data
    I: 401120
    I: 401124 (mem 404030)
    I: 40112b (flow 401140)
      Successors: 401140, 40112d
  BB: 401141 in func 401120 with 2 insts
    I: 401141
    I: 401145
      No successors
  BB: 401140 in func 401120 with 1 insts
    I: 401140
      No successors
  BB: 40112d in func 401120 with 6 insts
    I: 40112d
    I: 40112e
    I: 401131 (flow 4010b0)
    I: 401136 (mem 404030)
    I: 40113d
    I: 40113e
      No successors
  BB: 40113f in func 401120 with 1 insts
    I: 40113f
      Successors: 401140
Recovering 401150
  Analysing subroutine sub_401150 at 401150
  WARNING: No table entries for indirect jump at 40110e; Adding next_ea 401110 as successor.
  Subroutine sub_401150 at 401150 has 6 blocks
  BB: 4010e0 in func 401150 with 8 insts
    I: 4010e0 (imm 404030)
    I: 4010e5 (imm 404030)
    I: 4010ec
    I: 4010ef
    I: 4010f3
    I: 4010f7
    I: 4010fa
    I: 4010fd (flow 401110)
      Successors: 401110, 4010ff
  WARNING: No table entries for indirect jump at 40110e; Adding next_ea 401110 as successor.
  BB: 401109 in func 401150 with 2 insts
    I: 401109 (imm 404030)
    I: 40110e
      Successors: 401110
  BB: 401150 in func 401150 with 2 insts
    Referenced by data
    I: 401150
    I: 401154 (flow 4010e0)
      Successors: 4010e0
  BB: 401110 in func 401150 with 1 insts
    I: 401110
      No successors
  BB: 401156 in func 401150 with 1 insts
    I: 401156
      No successors
  BB: 4010ff in func 401150 with 3 insts
    I: 4010ff
    I: 401104
    I: 401107 (flow 401110)
      Successors: 401110, 401109
Recovering main at 401160
  Analysing subroutine main at 401160
    Block head at 004019d1 is not code.
  Subroutine main at 401160 has 98 blocks
  BB: 401208 in func 401160 with 1 insts
    I: 401208
      Successors: 401212
  BB: 40180a in func 401160 with 1 insts
    I: 40180a (flow 40187e)
      Successors: 40187e
  BB: 40180f in func 401160 with 3 insts
    I: 40180f
    I: 401816
    I: 40181e (flow 40186d)
      Successors: 401824, 40186d
  BB: 401212 in func 401160 with 3 insts
    I: 401212
    I: 401218
    I: 40121b (flow 40126c)
      Successors: 401221, 40126c
  BB: 401613 in func 401160 with 4 insts
    I: 401613
    I: 40161a
    I: 401621
    I: 401627 (flow 401641)
      Successors: 401641, 40162d
  BB: 401221 in func 401160 with 14 insts
    I: 401221
    I: 401228
    I: 40122f
    I: 401236
    I: 40123a
    I: 40123d (imm 402004)
    I: 401247
    I: 401249 (flow 404058)
    I: 40124e
    I: 401254
    I: 401259
    I: 40125c
    I: 401261
    I: 401267 (flow 401212)
      Successors: 401212
  BB: 401824 in func 401160 with 2 insts
    I: 401824
    I: 40182a
      Successors: 401830
  BB: 40162d in func 401160 with 3 insts
    I: 40162d
    I: 401633
    I: 40163a
      Successors: 401641
  BB: 401830 in func 401160 with 3 insts
    I: 401830
    I: 401837
    I: 40183f (flow 401868)
      Successors: 401868, 401845
  BB: 401433 in func 401160 with 10 insts
    I: 401433
    I: 401439
    I: 40143b
    I: 40143e
    I: 401440
    I: 401442
    I: 401449
    I: 40144e
    I: 401451
    I: 401456
      Successors: 40145c
  BB: 401641 in func 401160 with 1 insts
    I: 401641 (flow 401646)
      Successors: 401646
  BB: 401845 in func 401160 with 1 insts
    I: 401845 (flow 40184a)
      Successors: 40184a
  BB: 401646 in func 401160 with 8 insts
    I: 401646
    I: 401650
    I: 401656
    I: 40165b
    I: 40165e
    I: 401663
    I: 401665
    I: 40166d (flow 4016de)
      Successors: 401673, 4016de
  BB: 40184a in func 401160 with 6 insts
    I: 40184a
    I: 401850
    I: 401855
    I: 401858
    I: 40185d
    I: 401863 (flow 401830)
      Successors: 401830
  BB: 40145c in func 401160 with 7 insts
    I: 40145c
    I: 401462
    I: 401467
    I: 40146a
    I: 40146f
    I: 401471
    I: 401479 (flow 4014e4)
      Successors: 4014e4, 40147f
  BB: 401868 in func 401160 with 1 insts
    I: 401868 (flow 401879)
      Successors: 401879
  BB: 40126c in func 401160 with 5 insts
    I: 40126c
    I: 401273
    I: 401278
    I: 40127d (flow 404050)
    I: 401282
      Successors: 40128c
  BB: 40186d in func 401160 with 2 insts
    I: 40186d
    I: 401873
      Successors: 401879
  BB: 401673 in func 401160 with 12 insts
    I: 401673
    I: 401679
    I: 40167f
    I: 401685
    I: 401688
    I: 40168e
    I: 401691
    I: 401698
    I: 40169e
    I: 4016a1
    I: 4016a7
    I: 4016a9 (flow 4016de)
      Successors: 4016de, 4016af
  BB: 401879 in func 401160 with 1 insts
    I: 401879 (flow 40187e)
      Successors: 40187e
  BB: 40187e in func 401160 with 3 insts
    I: 40187e
    I: 401885
    I: 40188d (flow 4018ad)
      Successors: 401893, 4018ad
  BB: 40147f in func 401160 with 12 insts
    I: 40147f
    I: 401485
    I: 40148b
    I: 401491
    I: 401494
    I: 40149a
    I: 40149d
    I: 4014a4
    I: 4014aa
    I: 4014ad
    I: 4014b3
    I: 4014b5 (flow 4014e4)
      Successors: 4014bb, 4014e4
  BB: 40128c in func 401160 with 5 insts
    I: 40128c
    I: 401293
    I: 401295
    I: 40129d
    I: 4012a3 (flow 4012c9)
      Successors: 4012a9, 4012c9
  BB: 401893 in func 401160 with 4 insts
    I: 401893
    I: 40189a
    I: 4018a1
    I: 4018a7 (flow 4018c1)
      Successors: 4018c1, 4018ad
  BB: 4012a9 in func 401160 with 8 insts
    I: 4012a9
    I: 4012af
    I: 4012b1
    I: 4012b4
    I: 4012b6
    I: 4012b8
    I: 4012c0
    I: 4012c3
      Successors: 4012c9
  BB: 4018ad in func 401160 with 3 insts
    I: 4018ad
    I: 4018b3
    I: 4018ba
      Successors: 4018c1
  BB: 4016af in func 401160 with 10 insts
    I: 4016af
    I: 4016b5
    I: 4016ba
    I: 4016bd
    I: 4016c2
    I: 4016c4
    I: 4016cb
    I: 4016d0
    I: 4016d3
    I: 4016d8
      Successors: 4016de
  BB: 4014bb in func 401160 with 10 insts
    I: 4014bb
    I: 4014c1
    I: 4014c6
    I: 4014c9
    I: 4014ce
    I: 4014d0
    I: 4014d7
    I: 4014d9
    I: 4014dc
    I: 4014de
      Successors: 4014e4
  BB: 4018c1 in func 401160 with 1 insts
    I: 4018c1 (flow 4018c6)
      Successors: 4018c6
  BB: 4018c6 in func 401160 with 1 insts
    I: 4018c6 (flow 4018cb)
      Successors: 4018cb
  BB: 4012c9 in func 401160 with 3 insts
    I: 4012c9
    I: 4012cf
    I: 4012d1 (flow 4012dc)
      Successors: 4012dc, 4012d7
  BB: 4018cb in func 401160 with 10 insts
    I: 4018cb
    I: 4018d1
    I: 4018d3
    I: 4018d5
    I: 4018d7
    I: 4018da
    I: 4018dc
    I: 4018de
    I: 4018e0
    I: 4018e6 (flow 4013c1)
      Successors: 4013c1
  BB: 4012d7 in func 401160 with 1 insts
    I: 4012d7 (flow 4012ff)
      Successors: 4012ff
  BB: 4012dc in func 401160 with 1 insts
    I: 4012dc (flow 4012e1)
      Successors: 4012e1
  BB: 4016de in func 401160 with 7 insts
    I: 4016de
    I: 4016e4
    I: 4016e9
    I: 4016ec
    I: 4016f1
    I: 4016f3
    I: 4016fb (flow 40175e)
      Successors: 401701, 40175e
  BB: 4012e1 in func 401160 with 6 insts
    I: 4012e1
    I: 4012e7
    I: 4012ec
    I: 4012ef
    I: 4012f4
    I: 4012fa (flow 40128c)
      Successors: 40128c
  BB: 4014e4 in func 401160 with 2 insts
    I: 4014e4
    I: 4014ee (flow 401646)
      Successors: 4014f4, 401646
  BB: 4018eb in func 401160 with 1 insts
    I: 4018eb (flow 4018f0)
      Successors: 4018f0
  BB: 4018f0 in func 401160 with 6 insts
    I: 4018f0
    I: 4018f6
    I: 4018f8
    I: 4018fb
    I: 4018fd
    I: 401903 (flow 4013aa)
      Successors: 4013aa
  BB: 4014f4 in func 401160 with 3 insts
    I: 4014f4
    I: 4014fb
    I: 401503 (flow 401595)
      Successors: 401509, 401595
  BB: 4012ff in func 401160 with 3 insts
    I: 4012ff
    I: 401306
    I: 401311
      Successors: 40131b
  BB: 401701 in func 401160 with 12 insts
    I: 401701
    I: 401707
    I: 40170d
    I: 401713
    I: 401716
    I: 40171c
    I: 40171f
    I: 401726
    I: 401728
    I: 40172b
    I: 40172d
    I: 40172f (flow 40175e)
      Successors: 401735, 40175e
  BB: 401908 in func 401160 with 4 insts
    I: 401908
    I: 401912
    I: 401916
    I: 40191e (flow 40194c)
      Successors: 401924, 40194c
  BB: 401509 in func 401160 with 2 insts
    I: 401509
    I: 40150f
      Successors: 401515
  BB: 401515 in func 401160 with 5 insts
    I: 401515
    I: 40151c
    I: 40151e
    I: 401526
    I: 40152c (flow 401558)
      Successors: 401558, 401532
  BB: 40131b in func 401160 with 5 insts
    I: 40131b
    I: 401322
    I: 401324
    I: 40132c
    I: 401332 (flow 40135e)
      Successors: 401338, 40135e
  BB: 401924 in func 401160 with 4 insts
    I: 401924
    I: 40192a
    I: 40192e
    I: 401935 (flow 40194c)
      Successors: 40193b, 40194c
  BB: 401532 in func 401160 with 8 insts
    I: 401532
    I: 401538
    I: 40153d
    I: 401540
    I: 401545
    I: 401547
    I: 40154f
    I: 401552
      Successors: 401558
  BB: 401735 in func 401160 with 10 insts
    I: 401735
    I: 40173b
    I: 40173d
    I: 401740
    I: 401742
    I: 401744
    I: 40174b
    I: 401750
    I: 401753
    I: 401758
      Successors: 40175e
  BB: 401338 in func 401160 with 8 insts
    I: 401338
    I: 40133e
    I: 401343
    I: 401346
    I: 40134b
    I: 40134d
    I: 401355
    I: 401358
      Successors: 40135e
  BB: 40193b in func 401160 with 3 insts
    I: 40193b
    I: 40193f
    I: 401946
      Successors: 40194c
  BB: 40194c in func 401160 with 3 insts
    I: 40194c
    I: 401950
    I: 401958 (flow 401986)
      Successors: 401986, 40195e
  BB: 401558 in func 401160 with 3 insts
    I: 401558
    I: 40155e
    I: 401560 (flow 40156b)
      Successors: 40156b, 401566
  BB: 40135e in func 401160 with 3 insts
    I: 40135e
    I: 401364
    I: 401366 (flow 401371)
      Successors: 401371, 40136c
  BB: 40175e in func 401160 with 2 insts
    I: 40175e
    I: 401768 (flow 4018c6)
      Successors: 4018c6, 40176e
  BB: 401160 in func 401160 with 4 insts
    Referenced by data
    I: 401160
    I: 401161
    I: 401164
    I: 40116b
      Successors: 401172
  BB: 40195e in func 401160 with 4 insts
    I: 40195e
    I: 401964
    I: 401968
    I: 40196f (flow 401986)
      Successors: 401975, 401986
  BB: 401566 in func 401160 with 1 insts
    I: 401566 (flow 401590)
      Successors: 401590
  BB: 40156b in func 401160 with 1 insts
    I: 40156b (flow 401570)
      Successors: 401570
  BB: 40136c in func 401160 with 1 insts
    I: 40136c (flow 40138e)
      Successors: 40138e
  BB: 40176e in func 401160 with 3 insts
    I: 40176e
    I: 401775
    I: 40177d (flow 40180f)
      Successors: 401783, 40180f
  BB: 401570 in func 401160 with 10 insts
    I: 401570
    I: 401576
    I: 401578
    I: 40157a
    I: 40157c
    I: 40157f
    I: 401581
    I: 401583
    I: 401585
    I: 40158b (flow 401515)
      Successors: 401515
  BB: 401371 in func 401160 with 1 insts
    I: 401371 (flow 401376)
      Successors: 401376
  BB: 401172 in func 401160 with 6 insts
    I: 401172 (imm 402004)
    I: 40117c
    I: 401180
    I: 401182 (flow 404058)
    I: 401187
    I: 40118b (flow 401196)
      Successors: 401191, 401196
  BB: 401975 in func 401160 with 3 insts
    I: 401975
    I: 401979
    I: 401980
      Successors: 401986
  BB: 401376 in func 401160 with 6 insts
    I: 401376
    I: 40137c
    I: 40137e
    I: 401381
    I: 401383
    I: 401389 (flow 40131b)
      Successors: 40131b
  BB: 401783 in func 401160 with 2 insts
    I: 401783
    I: 401789
      Successors: 40178f
  BB: 401986 in func 401160 with 2 insts
    I: 401986
    I: 401990 (flow 4019aa)
      Successors: 4019aa, 401996
  BB: 40138e in func 401160 with 3 insts
    I: 40138e
    I: 401395
    I: 4013a0
      Successors: 4013aa
  BB: 40178f in func 401160 with 5 insts
    I: 40178f
    I: 401796
    I: 401798
    I: 4017a0
    I: 4017a6 (flow 4017d2)
      Successors: 4017d2, 4017ac
  BB: 401590 in func 401160 with 1 insts
    I: 401590 (flow 4015fe)
      Successors: 4015fe
  BB: 401191 in func 401160 with 1 insts
    I: 401191 (flow 4019c6)
      Successors: 4019c6
  BB: 401595 in func 401160 with 3 insts
    I: 401595
    I: 40159c
    I: 4015a4 (flow 4015ed)
      Successors: 4015aa, 4015ed
  BB: 401196 in func 401160 with 5 insts
    I: 401196
    I: 40119d
    I: 40119f
    I: 4011a4 (flow 404050)
    I: 4011a9
      Successors: 4011b3
  BB: 401996 in func 401160 with 3 insts
    I: 401996 (imm 402007)
    I: 4019a0 (flow 404040)
    I: 4019a5 (flow 4019c1)
      Successors: 4019c1
  BB: 4013aa in func 401160 with 2 insts
    I: 4013aa
    I: 4013b1 (flow 401908)
      Successors: 401908, 4013b7
  BB: 4015aa in func 401160 with 2 insts
    I: 4015aa
    I: 4015b0
      Successors: 4015b6
  BB: 4017ac in func 401160 with 8 insts
    I: 4017ac
    I: 4017b2
    I: 4017b7
    I: 4017ba
    I: 4017bf
    I: 4017c1
    I: 4017c9
    I: 4017cc
      Successors: 4017d2
  BB: 4019aa in func 401160 with 4 insts
    I: 4019aa
    I: 4019b0 (imm 40200a)
    I: 4019ba
    I: 4019bc (flow 404048)
      Successors: 4019c1
  BB: 4011b3 in func 401160 with 3 insts
    I: 4011b3
    I: 4011b9
    I: 4011bc (flow 401208)
      Successors: 401208, 4011c2
  BB: 4015b6 in func 401160 with 3 insts
    I: 4015b6
    I: 4015bd
    I: 4015c5 (flow 4015e8)
      Successors: 4015e8, 4015cb
  BB: 4013b7 in func 401160 with 1 insts
    I: 4013b7
      Successors: 4013c1
  BB: 4013c1 in func 401160 with 3 insts
    I: 4013c1
    I: 4013c7
    I: 4013ca (flow 4018eb)
      Successors: 4013d0, 4018eb
  BB: 4011c2 in func 401160 with 17 insts
    I: 4011c2
    I: 4011c9
    I: 4011d0
    I: 4011d4
    I: 4011d7 (imm 402004)
    I: 4011e1
    I: 4011e3 (flow 404058)
    I: 4011e8
    I: 4011ee
    I: 4011f0
    I: 4011f2
    I: 4011f4
    I: 4011f7
    I: 4011f9
    I: 4011fb
    I: 4011fd
    I: 401203 (flow 4011b3)
      Successors: 4011b3
  BB: 4019c1 in func 401160 with 1 insts
    I: 4019c1 (flow 401172)
      Successors: 401172
  BB: 4019c6 in func 401160 with 4 insts
    I: 4019c6
    I: 4019c8
    I: 4019cf
    I: 4019d0
      No successors
  BB: 4015cb in func 401160 with 1 insts
    I: 4015cb (flow 4015d0)
      Successors: 4015d0
  BB: 4013d0 in func 401160 with 8 insts
    I: 4013d0
    I: 4013da
    I: 4013e0
    I: 4013e2
    I: 4013e5
    I: 4013e7
    I: 4013e9
    I: 4013f1 (flow 40145c)
      Successors: 40145c, 4013f7
  BB: 4015d0 in func 401160 with 6 insts
    I: 4015d0
    I: 4015d6
    I: 4015d8
    I: 4015db
    I: 4015dd
    I: 4015e3 (flow 4015b6)
      Successors: 4015b6
  BB: 4017d2 in func 401160 with 3 insts
    I: 4017d2
    I: 4017d8
    I: 4017da (flow 4017e5)
      Successors: 4017e0, 4017e5
  BB: 4017e0 in func 401160 with 1 insts
    I: 4017e0 (flow 40180a)
      Successors: 40180a
  BB: 4017e5 in func 401160 with 1 insts
    I: 4017e5 (flow 4017ea)
      Successors: 4017ea
  BB: 4015e8 in func 401160 with 1 insts
    I: 4015e8 (flow 4015f9)
      Successors: 4015f9
  BB: 4017ea in func 401160 with 10 insts
    I: 4017ea
    I: 4017f0
    I: 4017f2
    I: 4017f4
    I: 4017f6
    I: 4017f9
    I: 4017fb
    I: 4017fd
    I: 4017ff
    I: 401805 (flow 40178f)
      Successors: 40178f
  BB: 4015ed in func 401160 with 2 insts
    I: 4015ed
    I: 4015f3
      Successors: 4015f9
  BB: 4013f7 in func 401160 with 12 insts
    I: 4013f7
    I: 4013fd
    I: 401403
    I: 401409
    I: 40140c
    I: 401412
    I: 401415
    I: 40141c
    I: 401422
    I: 401425
    I: 40142b
    I: 40142d (flow 40145c)
      Successors: 401433, 40145c
  BB: 4015f9 in func 401160 with 1 insts
    I: 4015f9 (flow 4015fe)
      Successors: 4015fe
  BB: 4015fe in func 401160 with 3 insts
    I: 4015fe
    I: 401605
    I: 40160d (flow 40162d)
      Successors: 401613, 40162d
Recovering .term_proc at 4019d4
  Analysing subroutine .term_proc at 4019d4
    Block head at 004019e1 is not code.
  Subroutine .term_proc at 4019d4 has 1 blocks
  BB: 4019d4 in func 4019d4 with 4 insts
    I: 4019d4
    I: 4019d8
    I: 4019dc
    I: 4019e0
      No successors
Global Variable None
WARNING: Global constructor and destructor sections are adjacent!
Recovering region LOAD [400000, 400558) in segment LOAD
  8-byte reference at 400018 to 401070 (start)
  8-byte reference at 4000f8 to 401000 (.init_proc)
  8-byte reference at 400130 to 402000 ()
  8-byte reference at 400168 to 403de8 ()
  8-byte reference at 400280 to 402010 ()
  8-byte reference at 4002f0 to 403de8 ()
Recovering region .init [401000, 40101b) in segment .init
Recovering region LOAD [40101b, 401020) in segment LOAD
Recovering region .plt [401020, 401070) in segment .plt
Recovering region .text [401070, 4019d1) in segment .text
Recovering region LOAD [4019d1, 4019d4) in segment LOAD
Recovering region .fini [4019d4, 4019e1) in segment .fini
Recovering region .rodata [402000, 40200e) in segment .rodata
  Variable s at 402007
  Variable format at 40200a
Recovering region LOAD [40200e, 402010) in segment LOAD
Recovering region .eh_frame_hdr [402010, 40203c) in segment .eh_frame_hdr
Recovering region LOAD [40203c, 402040) in segment LOAD
Recovering region .eh_frame [402040, 4020cc) in segment .eh_frame
Recovering region LOAD [4020cc, 402110) in segment LOAD
Recovering region .init_array [403de8, 403df8) in segment .init_array
  8-byte reference at 403de8 to 401150 ()
  8-byte reference at 403df0 to 401120 ()
Recovering region LOAD [403df8, 403fd8) in segment LOAD
Recovering region .got [403fd8, 403fe8) in segment .got
  8-byte reference at 403fd8 to 404038 (__libc_start_main)
  8-byte reference at 403fe0 to 404060 (__gmon_start__)
Recovering region .got.plt [403fe8, 404020) in segment .got.plt
  8-byte reference at 404000 to 404040 (puts)
  8-byte reference at 404008 to 404048 (printf)
  8-byte reference at 404010 to 404050 (memset)
  8-byte reference at 404018 to 404058 (__isoc99_scanf)
Recovering region .data [404020, 404030) in segment .data
Recovering region .bss [404030, 404038) in segment .bss
Recovering extern function puts at 401030
Recovering extern function printf at 401040
Recovering extern function memset at 401050
Recovering extern function __isoc99_scanf at 401060
Recovering extern function __libc_start_main at 404038
Recovering extern function puts at 404040
Recovering extern function printf at 404048
Recovering extern function memset at 404050
Recovering extern function __isoc99_scanf at 404058
Recovering extern function __gmon_start__ at 404060
Recovered 8 functions.
Saving to: /home/ubuntu/capstone_project/result/pipeline_20260629_141746/s380322669_instsub.cfg
Done analysis!
