Debugging is enabled.
Loading Standard Definitions file: /home/ubuntu/capstone_project/dependency/mcsema/mcsema/lib/python3/site-packages/mcsema_disass-3.1.3.8-py3.8.egg/mcsema_disass/defs/linux.txt
Using Batch mode.
Starting analysis
Recovering module s380322669_fla_instsub.elf
Found main at 401160
Looking for instructions in segment .init
  Default block heads for function 401000 with loose bounds [401000, 40101b)
    block [401000, 401014)
    block [401014, 401016)
    block [401016, 40101b)
    chunk [401000, 40101b)
Looking for instructions in segment .plt
  Default block heads for function 401020 with loose bounds [401020, 40102c)
    block [401020, 40102c)
    chunk [401020, 40102c)
  Default block heads for function 401030 with loose bounds [401030, 401036)
    block [401030, 401036)
    chunk [401030, 401036)
  Default block heads for function 401040 with loose bounds [401040, 401046)
    block [401040, 401046)
    chunk [401040, 401046)
  Default block heads for function 401050 with loose bounds [401050, 401056)
    block [401050, 401056)
    chunk [401050, 401056)
  Default block heads for function 401060 with loose bounds [401060, 401066)
    block [401060, 401066)
    chunk [401060, 401066)
Looking for instructions in segment .text
  Default block heads for function 401070 with loose bounds [401070, 401096)
    block [401070, 401096)
    chunk [401070, 401096)
  Default block heads for function 4010b0 with loose bounds [4010b0, 4010d1)
    block [4010b0, 4010bd)
    block [4010bd, 4010c7)
    block [4010c7, 4010ce)
    block [4010d0, 4010d1)
    chunk [4010b0, 4010d1)
  Default block heads for function 401120 with loose bounds [401120, 401141)
    block [401120, 40112d)
    block [40112d, 40113f)
    block [401140, 401141)
    chunk [401120, 401141)
  Default block heads for function 401150 with loose bounds [401150, 401156)
    block [401150, 401156)
    chunk [401150, 401156)
    chunk [4010e0, 401111)
  Default block heads for function 401160 with loose bounds [401160, 402754)
    block [401160, 40117c)
    block [40117c, 401193)
    block [401193, 401198)
    block [401198, 4011a9)
    block [4011a9, 4011ae)
    block [4011ae, 4011bf)
    block [4011bf, 4011c4)
    block [4011c4, 4011d5)
    block [4011d5, 4011da)
    block [4011da, 4011eb)
    block [4011eb, 4011f0)
    block [4011f0, 401201)
    block [401201, 401206)
    block [401206, 401217)
    block [401217, 40121c)
    block [40121c, 40122d)
    block [40122d, 401232)
    block [401232, 401243)
    block [401243, 401248)
    block [401248, 401259)
    block [401259, 40125e)
    block [40125e, 40126f)
    block [40126f, 401274)
    block [401274, 401285)
    block [401285, 40128a)
    block [40128a, 40129b)
    block [40129b, 4012a0)
    block [4012a0, 4012b1)
    block [4012b1, 4012b6)
    block [4012b6, 4012c7)
    block [4012c7, 4012cc)
    block [4012cc, 4012dd)
    block [4012dd, 4012e2)
    block [4012e2, 4012f3)
    block [4012f3, 4012f8)
    block [4012f8, 401309)
    block [401309, 40130e)
    block [40130e, 40131f)
    block [40131f, 401324)
    block [401324, 401335)
    block [401335, 40133a)
    block [40133a, 40134b)
    block [40134b, 401350)
    block [401350, 401361)
    block [401361, 401366)
    block [401366, 401377)
    block [401377, 40137c)
    block [40137c, 40138d)
    block [40138d, 401392)
    block [401392, 4013a3)
    block [4013a3, 4013a8)
    block [4013a8, 4013b9)
    block [4013b9, 4013be)
    block [4013be, 4013cf)
    block [4013cf, 4013d4)
    block [4013d4, 4013e5)
    block [4013e5, 4013ea)
    block [4013ea, 4013fb)
    block [4013fb, 401400)
    block [401400, 401411)
    block [401411, 401416)
    block [401416, 401427)
    block [401427, 40142c)
    block [40142c, 40143d)
    block [40143d, 401442)
    block [401442, 401453)
    block [401453, 401458)
    block [401458, 401469)
    block [401469, 40146e)
    block [40146e, 40147f)
    block [40147f, 401484)
    block [401484, 401495)
    block [401495, 40149a)
    block [40149a, 4014ab)
    block [4014ab, 4014b0)
    block [4014b0, 4014c1)
    block [4014c1, 4014c6)
    block [4014c6, 4014d7)
    block [4014d7, 4014dc)
    block [4014dc, 4014ed)
    block [4014ed, 4014f2)
    block [4014f2, 401503)
    block [401503, 401508)
    block [401508, 401519)
    block [401519, 40151e)
    block [40151e, 40152f)
    block [40152f, 401534)
    block [401534, 401545)
    block [401545, 40154a)
    block [40154a, 40155b)
    block [40155b, 401560)
    block [401560, 401571)
    block [401571, 401576)
    block [401576, 401587)
    block [401587, 40158c)
    block [40158c, 40159d)
    block [40159d, 4015a2)
    block [4015a2, 4015b3)
    block [4015b3, 4015b8)
    block [4015b8, 4015c9)
    block [4015c9, 4015ce)
    block [4015ce, 4015df)
    block [4015df, 4015e4)
    block [4015e4, 4015f5)
    block [4015f5, 4015fa)
    block [4015fa, 40160b)
    block [40160b, 401610)
    block [401610, 401621)
    block [401621, 401626)
    block [401626, 401637)
    block [401637, 40163c)
    block [40163c, 40164d)
    block [40164d, 401652)
    block [401652, 401663)
    block [401663, 401668)
    block [401668, 401679)
    block [401679, 40167e)
    block [40167e, 40168f)
    block [40168f, 401694)
    block [401694, 4016a5)
    block [4016a5, 4016aa)
    block [4016aa, 4016bb)
    block [4016bb, 4016c0)
    block [4016c0, 4016d1)
    block [4016d1, 4016d6)
    block [4016d6, 4016e7)
    block [4016e7, 4016ec)
    block [4016ec, 4016fd)
    block [4016fd, 401702)
    block [401702, 401713)
    block [401713, 401718)
    block [401718, 401729)
    block [401729, 40172e)
    block [40172e, 40173f)
    block [40173f, 401744)
    block [401744, 401755)
    block [401755, 40175a)
    block [40175a, 40176b)
    block [40176b, 401770)
    block [401770, 401781)
    block [401781, 401786)
    block [401786, 401797)
    block [401797, 40179c)
    block [40179c, 4017ad)
    block [4017ad, 4017b2)
    block [4017b2, 4017c3)
    block [4017c3, 4017c8)
    block [4017c8, 4017d9)
    block [4017d9, 4017de)
    block [4017de, 4017ef)
    block [4017ef, 4017f4)
    block [4017f4, 401805)
    block [401805, 40180a)
    block [40180a, 40181b)
    block [40181b, 401820)
    block [401820, 401831)
    block [401831, 401836)
    block [401836, 401847)
    block [401847, 40184c)
    block [40184c, 40185d)
    block [40185d, 401862)
    block [401862, 401873)
    block [401873, 401878)
    block [401878, 401889)
    block [401889, 40188e)
    block [40188e, 40189f)
    block [40189f, 4018a4)
    block [4018a4, 4018b5)
    block [4018b5, 4018ba)
    block [4018ba, 4018cb)
    block [4018cb, 4018d0)
    block [4018d0, 4018e1)
    block [4018e1, 4018e6)
    block [4018e6, 4018f7)
    block [4018f7, 4018fc)
    block [4018fc, 40190d)
    block [40190d, 401912)
    block [401912, 401923)
    block [401923, 401928)
    block [401928, 401939)
    block [401939, 40193e)
    block [40193e, 40194f)
    block [40194f, 401954)
    block [401954, 401965)
    block [401965, 40196a)
    block [40196a, 40197b)
    block [40197b, 401980)
    block [401980, 401991)
    block [401991, 401996)
    block [401996, 4019a7)
    block [4019a7, 4019ac)
    block [4019ac, 4019b1)
    block [4019b1, 4019e2)
    block [4019e2, 4019f1)
    block [4019f1, 401a1d)
    block [401a1d, 401a3e)
    block [401a3e, 401a73)
    block [401a73, 401a9d)
    block [401a9d, 401ab6)
    block [401ab6, 401ad7)
    block [401ad7, 401b13)
    block [401b13, 401b3b)
    block [401b3b, 401b6a)
    block [401b6a, 401b98)
    block [401b98, 401bd1)
    block [401bd1, 401bf0)
    block [401bf0, 401bff)
    block [401bff, 401c27)
    block [401c27, 401c52)
    block [401c52, 401c80)
    block [401c80, 401cb9)
    block [401cb9, 401cd8)
    block [401cd8, 401ce7)
    block [401ce7, 401d11)
    block [401d11, 401d3c)
    block [401d3c, 401d5b)
    block [401d5b, 401d74)
    block [401d74, 401d95)
    block [401d95, 401dd5)
    block [401dd5, 401e20)
    block [401e20, 401e5a)
    block [401e5a, 401e90)
    block [401e90, 401ed3)
    block [401ed3, 401f05)
    block [401f05, 401f27)
    block [401f27, 401f4e)
    block [401f4e, 401f69)
    block [401f69, 401f97)
    block [401f97, 401fce)
    block [401fce, 401fed)
    block [401fed, 401ffc)
    block [401ffc, 402024)
    block [402024, 402033)
    block [402033, 40205a)
    block [40205a, 402075)
    block [402075, 40209c)
    block [40209c, 4020ab)
    block [4020ab, 4020d3)
    block [4020d3, 4020e2)
    block [4020e2, 4020fd)
    block [4020fd, 40210c)
    block [40210c, 402133)
    block [402133, 40215f)
    block [40215f, 402182)
    block [402182, 402191)
    block [402191, 4021d1)
    block [4021d1, 40220e)
    block [40220e, 402240)
    block [402240, 402270)
    block [402270, 4022bb)
    block [4022bb, 4022fb)
    block [4022fb, 40231d)
    block [40231d, 402344)
    block [402344, 40235f)
    block [40235f, 40238d)
    block [40238d, 4023c6)
    block [4023c6, 4023e5)
    block [4023e5, 4023f4)
    block [4023f4, 402416)
    block [402416, 402425)
    block [402425, 40244c)
    block [40244c, 402467)
    block [402467, 40248e)
    block [40248e, 40249d)
    block [40249d, 4024c5)
    block [4024c5, 4024d4)
    block [4024d4, 4024ef)
    block [4024ef, 4024fe)
    block [4024fe, 402525)
    block [402525, 402551)
    block [402551, 402574)
    block [402574, 402583)
    block [402583, 402592)
    block [402592, 4025b4)
    block [4025b4, 4025c3)
    block [4025c3, 4025eb)
    block [4025eb, 402619)
    block [402619, 402642)
    block [402642, 402662)
    block [402662, 402686)
    block [402686, 4026af)
    block [4026af, 4026cf)
    block [4026cf, 4026f1)
    block [4026f1, 40270f)
    block [40270f, 402735)
    block [402735, 402744)
    block [402744, 40274f)
    block [40274f, 402754)
    chunk [401160, 402754)
Looking for instructions in segment .fini
  Default block heads for function 402754 with loose bounds [402754, 402761)
    block [402754, 402761)
    chunk [402754, 402761)
Looking for strings in segment .rodata [403000, 40300e)
  Found string b'NA' of length 3 at 403007, jumping to 40300a
  Found string b'%d\n' of length 4 at 40300a, jumping to 40300e
Looking for strings in segment .eh_frame_hdr [403010, 40303c)
Looking for strings in segment .eh_frame [403040, 4030d0)
Looking for strings in segment .init_array [404de8, 404df0)
Looking for strings in segment .fini_array [404df0, 404df8)
Looking for strings in segment .got [404fd8, 404fe8)
Looking for strings in segment .got.plt [404fe8, 405020)
Looking for strings in segment .data [405020, 405030)
Looking for strings in segment .bss [405030, 405038)
Looking for strings in segment extern [405038, 405068)
Looking for cross-references in segment .init [401000, 40101b)
Looking for cross-references in segment .plt [401020, 401070)
  Adding dword reference from 40102c to 401f0f
  Stopping scan at 40102c
Looking for cross-references in segment .text [401070, 402754)
  Stopping scan at 40109c
  Stopping scan at 4010ac
  Stopping scan at ffffffffffffffff
  Stopping scan at 4010dc
  Stopping scan at 40111c
  Stopping scan at ffffffffffffffff
  Stopping scan at 40114c
  Stopping scan at 40115c
Looking for cross-references in segment .fini [402754, 402761)
Looking for cross-references in segment .rodata [403000, 40300e)
  Stopping scan at 40300c
Looking for cross-references in segment .eh_frame_hdr [403010, 40303c)
  Stopping scan at 403038
Looking for cross-references in segment .eh_frame [403040, 4030d0)
  Stopping scan at 4030cc
Looking for cross-references in segment .init_array [404de8, 404df0)
  Adding qword reference from 404de8 to 401150
  Stopping scan at 404de8
Looking for cross-references in segment .fini_array [404df0, 404df8)
  Adding qword reference from 404df0 to 401120
  Stopping scan at 404df0
Looking for cross-references in segment .got [404fd8, 404fe8)
  Adding qword reference from 404fd8 to 405038
  Adding qword reference from 404fe0 to 405060
  Stopping scan at 404fe0
Looking for cross-references in segment .got.plt [404fe8, 405020)
  Adding qword reference from 405000 to 405040
  Adding qword reference from 405008 to 405048
  Adding qword reference from 405010 to 405050
  Adding qword reference from 405018 to 405058
  Stopping scan at 405018
Looking for cross-references in segment .data [405020, 405030)
  Stopping scan at 40502c
Looking for cross-references in segment .bss [405030, 405038)
  Stopping scan at 405034
Looking for cross-references in segment extern [405038, 405068)
  Stopping scan at 405064
Looking for thunks
  Found thunk for puts targeting 405040 at 401030
  Found thunk for printf targeting 405048 at 401040
  Found thunk for memset targeting 405050 at 401050
  Found thunk for __isoc99_scanf targeting 405058 at 401060
Looking for external symbols
  Function at 401030 is the external function puts
  Function at 401040 is the external function printf
  Function at 401050 is the external function memset
  Function at 401060 is the external function __isoc99_scanf
  Function at 405038 is the external function __libc_start_main
  Function at 405040 is the external function puts
  Function at 405048 is the external function printf
  Function at 405050 is the external function memset
  Function at 405058 is the external function __isoc99_scanf
  Function at 405060 is the external function __gmon_start__
Looking for entrypoints
Recovering .init_proc at 401000
  Analysing subroutine .init_proc at 401000
    Block head at 0040101b is not code.
  Subroutine .init_proc at 401000 has 3 blocks
  BB: 401000 in func 401000 with 5 insts
    Referenced by data
    I: 401000
    I: 401004
    I: 401008 (mem 404fe0)
    I: 40100f
    I: 401012 (flow 401016)
      Successors: 401014, 401016
  BB: 401014 in func 401000 with 1 insts
    I: 401014
      Successors: 401016
  BB: 401016 in func 401000 with 2 insts
    I: 401016
    I: 40101a
      No successors
Recovering 401020
  Analysing subroutine sub_401020 at 401020
  WARNING: No table entries for indirect jump at 401026; Adding next_ea 40102c as successor.
  Subroutine sub_401020 at 401020 has 2 blocks
  WARNING: No table entries for indirect jump at 401026; Adding next_ea 40102c as successor.
  BB: 401020 in func 401020 with 2 insts
    I: 401020 (mem 404ff0)
    I: 401026 (mem 404ff8)
      Successors: 40102c
  BB: 40102c in func 401020 with 1 insts
    I: 40102c
      No successors
Recovering start at 401070
  Analysing subroutine start at 401070
  Subroutine start at 401070 has 3 blocks
  BB: 401070 in func 401070 with 13 insts
    Referenced by data
    I: 401070
    I: 401074
    I: 401076
    I: 401079
    I: 40107a
    I: 40107d
    I: 401081
    I: 401082
    I: 401083
    I: 401086
    I: 401088 (imm 401160)
    I: 40108f (mem 404fd8)
    I: 401095
      No successors
  BB: 4010a5 in func 401070 with 2 insts
    I: 4010a5
    I: 4010af
      No successors
  BB: 401096 in func 401070 with 3 insts
    I: 401096
    I: 4010a0
    I: 4010a4
      No successors
Recovering 4010b0
  Analysing subroutine sub_4010B0 at 4010b0
  WARNING: No table entries for indirect jump at 4010cc; Adding next_ea 4010ce as successor.
  WARNING: No table entries for indirect jump at 40110e; Adding next_ea 401110 as successor.
  Subroutine sub_4010B0 at 4010b0 has 11 blocks
  BB: 4010e0 in func 4010b0 with 8 insts
    I: 4010e0 (imm 405030)
    I: 4010e5 (imm 405030)
    I: 4010ec
    I: 4010ef
    I: 4010f3
    I: 4010f7
    I: 4010fa
    I: 4010fd (flow 401110)
      Successors: 401110, 4010ff
  WARNING: No table entries for indirect jump at 4010cc; Adding next_ea 4010ce as successor.
  BB: 4010c7 in func 4010b0 with 2 insts
    I: 4010c7 (imm 405030)
    I: 4010cc
      Successors: 4010ce
  WARNING: No table entries for indirect jump at 40110e; Adding next_ea 401110 as successor.
  BB: 401109 in func 4010b0 with 2 insts
    I: 401109 (imm 405030)
    I: 40110e
      Successors: 401110
  BB: 4010ce in func 4010b0 with 1 insts
    I: 4010ce
      Successors: 4010d0
  BB: 4010b0 in func 4010b0 with 3 insts
    I: 4010b0 (imm 405030)
    I: 4010b5 (imm 405030)
    I: 4010bb (flow 4010d0)
      Successors: 4010d0, 4010bd
  BB: 4010d0 in func 4010b0 with 1 insts
    I: 4010d0
      No successors
  BB: 4010d1 in func 4010b0 with 2 insts
    I: 4010d1
    I: 4010d5
      Successors: 4010e0
  BB: 401110 in func 4010b0 with 1 insts
    I: 401110
      No successors
  BB: 401111 in func 4010b0 with 2 insts
    I: 401111
    I: 401115
      No successors
  BB: 4010bd in func 4010b0 with 3 insts
    I: 4010bd
    I: 4010c2
    I: 4010c5 (flow 4010d0)
      Successors: 4010d0, 4010c7
  BB: 4010ff in func 4010b0 with 3 insts
    I: 4010ff
    I: 401104
    I: 401107 (flow 401110)
      Successors: 401110, 401109
Recovering 401120
  Analysing subroutine sub_401120 at 401120
  Subroutine sub_401120 at 401120 has 5 blocks
  BB: 401120 in func 401120 with 3 insts
    Referenced by data
    I: 401120
    I: 401124 (mem 405030)
    I: 40112b (flow 401140)
      Successors: 401140, 40112d
  BB: 401141 in func 401120 with 2 insts
    I: 401141
    I: 401145
      No successors
  BB: 401140 in func 401120 with 1 insts
    I: 401140
      No successors
  BB: 40112d in func 401120 with 6 insts
    I: 40112d
    I: 40112e
    I: 401131 (flow 4010b0)
    I: 401136 (mem 405030)
    I: 40113d
    I: 40113e
      No successors
  BB: 40113f in func 401120 with 1 insts
    I: 40113f
      Successors: 401140
Recovering 401150
  Analysing subroutine sub_401150 at 401150
  WARNING: No table entries for indirect jump at 40110e; Adding next_ea 401110 as successor.
  Subroutine sub_401150 at 401150 has 6 blocks
  BB: 4010e0 in func 401150 with 8 insts
    I: 4010e0 (imm 405030)
    I: 4010e5 (imm 405030)
    I: 4010ec
    I: 4010ef
    I: 4010f3
    I: 4010f7
    I: 4010fa
    I: 4010fd (flow 401110)
      Successors: 401110, 4010ff
  WARNING: No table entries for indirect jump at 40110e; Adding next_ea 401110 as successor.
  BB: 401109 in func 401150 with 2 insts
    I: 401109 (imm 405030)
    I: 40110e
      Successors: 401110
  BB: 401150 in func 401150 with 2 insts
    Referenced by data
    I: 401150
    I: 401154 (flow 4010e0)
      Successors: 4010e0
  BB: 401110 in func 401150 with 1 insts
    I: 401110
      No successors
  BB: 401156 in func 401150 with 1 insts
    I: 401156
      No successors
  BB: 4010ff in func 401150 with 3 insts
    I: 4010ff
    I: 401104
    I: 401107 (flow 401110)
      Successors: 401110, 401109
Recovering main at 401160
  Analysing subroutine main at 401160
  Subroutine main at 401160 has 289 blocks
  BB: 401400 in func 401160 with 3 insts
    I: 401400
    I: 401406
    I: 40140b (flow 402583)
      Successors: 401411, 402583
  BB: 401201 in func 401160 with 1 insts
    I: 401201 (flow 401206)
      Successors: 401206
  BB: 401805 in func 401160 with 1 insts
    I: 401805 (flow 40180a)
      Successors: 40180a
  BB: 401206 in func 401160 with 3 insts
    I: 401206
    I: 40120c
    I: 401211 (flow 4019e2)
      Successors: 4019e2, 401217
  BB: 40180a in func 401160 with 3 insts
    I: 40180a
    I: 401810
    I: 401815 (flow 402574)
      Successors: 40181b, 402574
  BB: 40160b in func 401160 with 1 insts
    I: 40160b (flow 401610)
      Successors: 401610
  BB: 40220e in func 401160 with 12 insts
    I: 40220e
    I: 402214
    I: 402216
    I: 402219
    I: 40221b
    I: 40221d
    I: 402224
    I: 402226
    I: 402229
    I: 40222b
    I: 402231
    I: 40223b (flow 40274f)
      Successors: 40274f
  BB: 401610 in func 401160 with 3 insts
    I: 401610
    I: 401616
    I: 40161b (flow 401b98)
      Successors: 401b98, 401621
  BB: 401411 in func 401160 with 1 insts
    I: 401411 (flow 401416)
      Successors: 401416
  BB: 401416 in func 401160 with 3 insts
    I: 401416
    I: 40141c
    I: 401421 (flow 402642)
      Successors: 402642, 401427
  BB: 401217 in func 401160 with 1 insts
    I: 401217 (flow 40121c)
      Successors: 40121c
  BB: 402416 in func 401160 with 2 insts
    I: 402416
    I: 402420 (flow 40274f)
      Successors: 40274f
  BB: 402619 in func 401160 with 8 insts
    I: 402619
    I: 40261f
    I: 402623
    I: 402628
    I: 40262d
    I: 402634
    I: 402637
    I: 40263d (flow 40274f)
      Successors: 40274f
  BB: 40181b in func 401160 with 1 insts
    I: 40181b (flow 401820)
      Successors: 401820
  BB: 40121c in func 401160 with 3 insts
    I: 40121c
    I: 401222
    I: 401227 (flow 4026cf)
      Successors: 40122d, 4026cf
  BB: 401a1d in func 401160 with 7 insts
    I: 401a1d
    I: 401a23
    I: 401a28
    I: 401a2d
    I: 401a30
    I: 401a33
    I: 401a39 (flow 40274f)
      Successors: 40274f
  BB: 401820 in func 401160 with 3 insts
    I: 401820
    I: 401826
    I: 40182b (flow 4024c5)
      Successors: 401831, 4024c5
  BB: 401621 in func 401160 with 1 insts
    I: 401621 (flow 401626)
      Successors: 401626
  BB: 401e20 in func 401160 with 16 insts
    I: 401e20
    I: 401e26
    I: 401e28
    I: 401e2b
    I: 401e2d
    I: 401e2f
    I: 401e36
    I: 401e38
    I: 401e3a
    I: 401e3c
    I: 401e3f
    I: 401e41
    I: 401e43
    I: 401e45
    I: 401e4b
    I: 401e55 (flow 40274f)
      Successors: 40274f
  BB: 402024 in func 401160 with 2 insts
    I: 402024
    I: 40202e (flow 40274f)
      Successors: 40274f
  BB: 402425 in func 401160 with 7 insts
    I: 402425
    I: 40242c
    I: 402431
    I: 402436
    I: 40243e
    I: 402441
    I: 402447 (flow 40274f)
      Successors: 40274f
  BB: 401626 in func 401160 with 3 insts
    I: 401626
    I: 40162c
    I: 401631 (flow 4024fe)
      Successors: 4024fe, 401637
  BB: 401427 in func 401160 with 1 insts
    I: 401427 (flow 40142c)
      Successors: 40142c
  BB: 401c27 in func 401160 with 5 insts
    I: 401c27
    I: 401c2e
    I: 401c39
    I: 401c43
    I: 401c4d (flow 40274f)
      Successors: 40274f
  BB: 40142c in func 401160 with 3 insts
    I: 40142c
    I: 401432
    I: 401437 (flow 401b13)
      Successors: 401b13, 40143d
  BB: 40122d in func 401160 with 1 insts
    I: 40122d (flow 401232)
      Successors: 401232
  BB: 401831 in func 401160 with 1 insts
    I: 401831 (flow 401836)
      Successors: 401836
  BB: 401232 in func 401160 with 3 insts
    I: 401232
    I: 401238
    I: 40123d (flow 401ce7)
      Successors: 401243, 401ce7
  BB: 402033 in func 401160 with 7 insts
    I: 402033
    I: 40203a
    I: 40203f
    I: 402044
    I: 40204c
    I: 40204f
    I: 402055 (flow 40274f)
      Successors: 40274f
  BB: 401836 in func 401160 with 3 insts
    I: 401836
    I: 40183c
    I: 401841 (flow 402551)
      Successors: 402551, 401847
  BB: 401637 in func 401160 with 1 insts
    I: 401637 (flow 40163c)
      Successors: 40163c
  BB: 40163c in func 401160 with 3 insts
    I: 40163c
    I: 401642
    I: 401647 (flow 401fce)
      Successors: 40164d, 401fce
  BB: 40143d in func 401160 with 1 insts
    I: 40143d (flow 401442)
      Successors: 401442
  BB: 401a3e in func 401160 with 9 insts
    I: 401a3e
    I: 401a45
    I: 401a4c
    I: 401a50
    I: 401a53 (imm 403004)
    I: 401a5d
    I: 401a5f (flow 405058)
    I: 401a64
    I: 401a6e (flow 40274f)
      Successors: 40274f
  BB: 402240 in func 401160 with 11 insts
    I: 402240
    I: 402246
    I: 402248
    I: 40224b
    I: 40224d
    I: 402250
    I: 402255
    I: 40225a
    I: 402262
    I: 402265
    I: 40226b (flow 40274f)
      Successors: 40274f
  BB: 401442 in func 401160 with 3 insts
    I: 401442
    I: 401448
    I: 40144d (flow 401c80)
      Successors: 401c80, 401453
  BB: 401243 in func 401160 with 1 insts
    I: 401243 (flow 401248)
      Successors: 401248
  BB: 402642 in func 401160 with 5 insts
    I: 402642
    I: 402646
    I: 40264d
    I: 402653
    I: 40265d (flow 40274f)
      Successors: 40274f
  BB: 401847 in func 401160 with 1 insts
    I: 401847 (flow 40184c)
      Successors: 40184c
  BB: 401248 in func 401160 with 3 insts
    I: 401248
    I: 40124e
    I: 401253 (flow 401d3c)
      Successors: 401259, 401d3c
  BB: 40184c in func 401160 with 3 insts
    I: 40184c
    I: 401852
    I: 401857 (flow 401d95)
      Successors: 40185d, 401d95
  BB: 40164d in func 401160 with 1 insts
    I: 40164d (flow 401652)
      Successors: 401652
  BB: 40244c in func 401160 with 4 insts
    I: 40244c
    I: 402452
    I: 402458
    I: 402462 (flow 40274f)
      Successors: 40274f
  BB: 401652 in func 401160 with 3 insts
    I: 401652
    I: 401658
    I: 40165d (flow 4023c6)
      Successors: 401663, 4023c6
  BB: 401453 in func 401160 with 1 insts
    I: 401453 (flow 401458)
      Successors: 401458
  BB: 401c52 in func 401160 with 8 insts
    I: 401c52
    I: 401c59
    I: 401c5e
    I: 401c63
    I: 401c6b
    I: 401c6e
    I: 401c74
    I: 401c7b (flow 40274f)
      Successors: 40274f
  BB: 401458 in func 401160 with 3 insts
    I: 401458
    I: 40145e
    I: 401463 (flow 401ed3)
      Successors: 401469, 401ed3
  BB: 401259 in func 401160 with 1 insts
    I: 401259 (flow 40125e)
      Successors: 40125e
  BB: 401e5a in func 401160 with 11 insts
    I: 401e5a
    I: 401e60
    I: 401e65
    I: 401e68
    I: 401e6d
    I: 401e70
    I: 401e75
    I: 401e7a
    I: 401e82
    I: 401e85
    I: 401e8b (flow 40274f)
      Successors: 40274f
  BB: 40205a in func 401160 with 4 insts
    I: 40205a
    I: 402060
    I: 402066
    I: 402070 (flow 40274f)
      Successors: 40274f
  BB: 40185d in func 401160 with 1 insts
    I: 40185d (flow 401862)
      Successors: 401862
  BB: 40125e in func 401160 with 3 insts
    I: 40125e
    I: 401264
    I: 401269 (flow 401b3b)
      Successors: 401b3b, 40126f
  BB: 401862 in func 401160 with 3 insts
    I: 401862
    I: 401868
    I: 40186d (flow 401bd1)
      Successors: 401bd1, 401873
  BB: 401663 in func 401160 with 1 insts
    I: 401663 (flow 401668)
      Successors: 401668
  BB: 402662 in func 401160 with 7 insts
    I: 402662
    I: 402666
    I: 40266b
    I: 402670
    I: 402678
    I: 40267b
    I: 402681 (flow 40274f)
      Successors: 40274f
  BB: 402467 in func 401160 with 7 insts
    I: 402467
    I: 40246e
    I: 402473
    I: 402478
    I: 402480
    I: 402483
    I: 402489 (flow 40274f)
      Successors: 40274f
  BB: 401668 in func 401160 with 3 insts
    I: 401668
    I: 40166e
    I: 401673 (flow 401b6a)
      Successors: 401679, 401b6a
  BB: 401469 in func 401160 with 1 insts
    I: 401469 (flow 40146e)
      Successors: 40146e
  BB: 40146e in func 401160 with 3 insts
    I: 40146e
    I: 401474
    I: 401479 (flow 4024d4)
      Successors: 4024d4, 40147f
  BB: 40126f in func 401160 with 1 insts
    I: 40126f (flow 401274)
      Successors: 401274
  BB: 402270 in func 401160 with 16 insts
    I: 402270
    I: 402276
    I: 40227c
    I: 402281
    I: 402284
    I: 402289
    I: 40228b
    I: 402292
    I: 402298
    I: 40229b
    I: 4022a1
    I: 4022a6
    I: 4022ab
    I: 4022ad
    I: 4022b0
    I: 4022b6 (flow 40274f)
      Successors: 40274f
  BB: 401873 in func 401160 with 1 insts
    I: 401873 (flow 401878)
      Successors: 401878
  BB: 401274 in func 401160 with 3 insts
    I: 401274
    I: 40127a
    I: 40127f (flow 402133)
      Successors: 402133, 401285
  BB: 401a73 in func 401160 with 11 insts
    I: 401a73
    I: 401a79
    I: 401a7b
    I: 401a7d
    I: 401a7f
    I: 401a82
    I: 401a84
    I: 401a86
    I: 401a88
    I: 401a8e
    I: 401a98 (flow 40274f)
      Successors: 40274f
  BB: 402075 in func 401160 with 7 insts
    I: 402075
    I: 40207c
    I: 402081
    I: 402086
    I: 40208e
    I: 402091
    I: 402097 (flow 40274f)
      Successors: 40274f
  BB: 401878 in func 401160 with 3 insts
    I: 401878
    I: 40187e
    I: 401883 (flow 401e20)
      Successors: 401e20, 401889
  BB: 401679 in func 401160 with 1 insts
    I: 401679 (flow 40167e)
      Successors: 40167e
  BB: 40167e in func 401160 with 3 insts
    I: 40167e
    I: 401684
    I: 401689 (flow 401ffc)
      Successors: 401ffc, 40168f
  BB: 40147f in func 401160 with 1 insts
    I: 40147f (flow 401484)
      Successors: 401484
  BB: 401c80 in func 401160 with 15 insts
    I: 401c80
    I: 401c86
    I: 401c88
    I: 401c8a
    I: 401c8c
    I: 401c8f
    I: 401c91
    I: 401c93
    I: 401c95
    I: 401c97
    I: 401c9f
    I: 401ca2
    I: 401cac
    I: 401cae
    I: 401cb4 (flow 40274f)
      Successors: 40274f
  BB: 401484 in func 401160 with 3 insts
    I: 401484
    I: 40148a
    I: 40148f (flow 402270)
      Successors: 402270, 401495
  BB: 401285 in func 401160 with 1 insts
    I: 401285 (flow 40128a)
      Successors: 40128a
  BB: 402686 in func 401160 with 8 insts
    I: 402686
    I: 40268c
    I: 402690
    I: 402695
    I: 40269a
    I: 4026a1
    I: 4026a4
    I: 4026aa (flow 40274f)
      Successors: 40274f
  BB: 401889 in func 401160 with 1 insts
    I: 401889 (flow 40188e)
      Successors: 40188e
  BB: 40128a in func 401160 with 3 insts
    I: 40128a
    I: 401290
    I: 401295 (flow 40215f)
      Successors: 40129b, 40215f
  BB: 40188e in func 401160 with 3 insts
    I: 40188e
    I: 401894
    I: 401899 (flow 401f27)
      Successors: 401f27, 40189f
  BB: 40168f in func 401160 with 1 insts
    I: 40168f (flow 401694)
      Successors: 401694
  BB: 401e90 in func 401160 with 16 insts
    I: 401e90
    I: 401e96
    I: 401e9c
    I: 401ea1
    I: 401ea4
    I: 401ea9
    I: 401eab
    I: 401eb2
    I: 401eb4
    I: 401eb7
    I: 401eb9
    I: 401ebe
    I: 401ec3
    I: 401ec5
    I: 401ec8
    I: 401ece (flow 40274f)
      Successors: 40274f
  BB: 40248e in func 401160 with 2 insts
    I: 40248e
    I: 402498 (flow 40274f)
      Successors: 40274f
  BB: 401694 in func 401160 with 3 insts
    I: 401694
    I: 40169a
    I: 40169f (flow 4024ef)
      Successors: 4016a5, 4024ef
  BB: 401495 in func 401160 with 1 insts
    I: 401495 (flow 40149a)
      Successors: 40149a
  BB: 40149a in func 401160 with 3 insts
    I: 40149a
    I: 4014a0
    I: 4014a5 (flow 40244c)
      Successors: 4014ab, 40244c
  BB: 40129b in func 401160 with 1 insts
    I: 40129b (flow 4012a0)
      Successors: 4012a0
  BB: 40209c in func 401160 with 2 insts
    I: 40209c
    I: 4020a6 (flow 40274f)
      Successors: 40274f
  BB: 401a9d in func 401160 with 3 insts
    I: 401a9d
    I: 401aa7
    I: 401ab1 (flow 40274f)
      Successors: 40274f
  BB: 40249d in func 401160 with 7 insts
    I: 40249d
    I: 4024a3
    I: 4024a8
    I: 4024ab
    I: 4024b0
    I: 4024b6
    I: 4024c0 (flow 40274f)
      Successors: 40274f
  BB: 40189f in func 401160 with 1 insts
    I: 40189f (flow 4018a4)
      Successors: 4018a4
  BB: 4012a0 in func 401160 with 3 insts
    I: 4012a0
    I: 4012a6
    I: 4012ab (flow 4025eb)
      Successors: 4012b1, 4025eb
  BB: 4018a4 in func 401160 with 3 insts
    I: 4018a4
    I: 4018aa
    I: 4018af (flow 40270f)
      Successors: 4018b5, 40270f
  BB: 4016a5 in func 401160 with 1 insts
    I: 4016a5 (flow 4016aa)
      Successors: 4016aa
  BB: 4016aa in func 401160 with 3 insts
    I: 4016aa
    I: 4016b0
    I: 4016b5 (flow 401d74)
      Successors: 4016bb, 401d74
  BB: 4014ab in func 401160 with 1 insts
    I: 4014ab (flow 4014b0)
      Successors: 4014b0
  BB: 4020ab in func 401160 with 7 insts
    I: 4020ab
    I: 4020b1
    I: 4020b6
    I: 4020b9
    I: 4020be
    I: 4020c4
    I: 4020ce (flow 40274f)
      Successors: 40274f
  BB: 4026af in func 401160 with 5 insts
    I: 4026af
    I: 4026b3
    I: 4026ba
    I: 4026c0
    I: 4026ca (flow 40274f)
      Successors: 40274f
  BB: 4014b0 in func 401160 with 3 insts
    I: 4014b0
    I: 4014b6
    I: 4014bb (flow 4023e5)
      Successors: 4014c1, 4023e5
  BB: 4012b1 in func 401160 with 1 insts
    I: 4012b1 (flow 4012b6)
      Successors: 4012b6
  BB: 4018b5 in func 401160 with 1 insts
    I: 4018b5 (flow 4018ba)
      Successors: 4018ba
  BB: 4012b6 in func 401160 with 3 insts
    I: 4012b6
    I: 4012bc
    I: 4012c1 (flow 402191)
      Successors: 402191, 4012c7
  BB: 401ab6 in func 401160 with 7 insts
    I: 401ab6
    I: 401abc
    I: 401ac1
    I: 401ac6
    I: 401ac9
    I: 401acc
    I: 401ad2 (flow 40274f)
      Successors: 40274f
  BB: 401cb9 in func 401160 with 6 insts
    I: 401cb9
    I: 401cbe
    I: 401cc3
    I: 401cca
    I: 401ccd
    I: 401cd3 (flow 40274f)
      Successors: 40274f
  BB: 4018ba in func 401160 with 3 insts
    I: 4018ba
    I: 4018c0
    I: 4018c5 (flow 401ab6)
      Successors: 4018cb, 401ab6
  BB: 4016bb in func 401160 with 1 insts
    I: 4016bb (flow 4016c0)
      Successors: 4016c0
  BB: 4022bb in func 401160 with 16 insts
    I: 4022bb
    I: 4022c1
    I: 4022c6
    I: 4022c9
    I: 4022ce
    I: 4022d0
    I: 4022d7
    I: 4022d9
    I: 4022db
    I: 4022dd
    I: 4022e0
    I: 4022e2
    I: 4022e4
    I: 4022e6
    I: 4022ec
    I: 4022f6 (flow 40274f)
      Successors: 40274f
  BB: 4016c0 in func 401160 with 3 insts
    I: 4016c0
    I: 4016c6
    I: 4016cb (flow 40248e)
      Successors: 4016d1, 40248e
  BB: 4014c1 in func 401160 with 1 insts
    I: 4014c1 (flow 4014c6)
      Successors: 4014c6
  BB: 4024c5 in func 401160 with 2 insts
    I: 4024c5
    I: 4024cf (flow 40274f)
      Successors: 40274f
  BB: 4014c6 in func 401160 with 3 insts
    I: 4014c6
    I: 4014cc
    I: 4014d1 (flow 4021d1)
      Successors: 4021d1, 4014d7
  BB: 4012c7 in func 401160 with 1 insts
    I: 4012c7 (flow 4012cc)
      Successors: 4012cc
  BB: 4018cb in func 401160 with 1 insts
    I: 4018cb (flow 4018d0)
      Successors: 4018d0
  BB: 4012cc in func 401160 with 3 insts
    I: 4012cc
    I: 4012d2
    I: 4012d7 (flow 401c27)
      Successors: 4012dd, 401c27
  BB: 4026cf in func 401160 with 6 insts
    I: 4026cf
    I: 4026d4
    I: 4026d9
    I: 4026e3
    I: 4026e6
    I: 4026ec (flow 40274f)
      Successors: 40274f
  BB: 4018d0 in func 401160 with 3 insts
    I: 4018d0
    I: 4018d6
    I: 4018db (flow 401f97)
      Successors: 4018e1, 401f97
  BB: 4016d1 in func 401160 with 1 insts
    I: 4016d1 (flow 4016d6)
      Successors: 4016d6
  BB: 401ed3 in func 401160 with 12 insts
    I: 401ed3
    I: 401ed9
    I: 401edb
    I: 401ede
    I: 401ee0
    I: 401ee2
    I: 401ee9
    I: 401eeb
    I: 401eee
    I: 401ef0
    I: 401ef6
    I: 401f00 (flow 40274f)
      Successors: 40274f
  BB: 4020d3 in func 401160 with 2 insts
    I: 4020d3
    I: 4020dd (flow 40274f)
      Successors: 40274f
  BB: 4024d4 in func 401160 with 4 insts
    I: 4024d4
    I: 4024da
    I: 4024e0
    I: 4024ea (flow 40274f)
      Successors: 40274f
  BB: 4016d6 in func 401160 with 3 insts
    I: 4016d6
    I: 4016dc
    I: 4016e1 (flow 402033)
      Successors: 402033, 4016e7
  BB: 4014d7 in func 401160 with 1 insts
    I: 4014d7 (flow 4014dc)
      Successors: 4014dc
  BB: 401ad7 in func 401160 with 10 insts
    I: 401ad7
    I: 401ade
    I: 401ae5
    I: 401aec
    I: 401af0
    I: 401af3 (imm 403004)
    I: 401afd
    I: 401aff (flow 405058)
    I: 401b04
    I: 401b0e (flow 40274f)
      Successors: 40274f
  BB: 401cd8 in func 401160 with 2 insts
    I: 401cd8
    I: 401ce2 (flow 40274f)
      Successors: 40274f
  BB: 4014dc in func 401160 with 3 insts
    I: 4014dc
    I: 4014e2
    I: 4014e7 (flow 401f05)
      Successors: 401f05, 4014ed
  BB: 4012dd in func 401160 with 1 insts
    I: 4012dd (flow 4012e2)
      Successors: 4012e2
  BB: 4018e1 in func 401160 with 1 insts
    I: 4018e1 (flow 4018e6)
      Successors: 4018e6
  BB: 4012e2 in func 401160 with 3 insts
    I: 4012e2
    I: 4012e8
    I: 4012ed (flow 401e5a)
      Successors: 401e5a, 4012f3
  BB: 4020e2 in func 401160 with 4 insts
    I: 4020e2
    I: 4020e8
    I: 4020ee
    I: 4020f8 (flow 40274f)
      Successors: 40274f
  BB: 4018e6 in func 401160 with 3 insts
    I: 4018e6
    I: 4018ec
    I: 4018f1 (flow 402467)
      Successors: 402467, 4018f7
  BB: 4016e7 in func 401160 with 1 insts
    I: 4016e7 (flow 4016ec)
      Successors: 4016ec
  BB: 401ce7 in func 401160 with 11 insts
    I: 401ce7
    I: 401ced
    I: 401cef
    I: 401cf1
    I: 401cf3
    I: 401cf6
    I: 401cf8
    I: 401cfa
    I: 401cfc
    I: 401d02
    I: 401d0c (flow 40274f)
      Successors: 40274f
  BB: 4016ec in func 401160 with 3 insts
    I: 4016ec
    I: 4016f2
    I: 4016f7 (flow 401dd5)
      Successors: 401dd5, 4016fd
  BB: 4014ed in func 401160 with 1 insts
    I: 4014ed (flow 4014f2)
      Successors: 4014f2
  BB: 4024ef in func 401160 with 2 insts
    I: 4024ef
    I: 4024f9 (flow 40274f)
      Successors: 40274f
  BB: 4026f1 in func 401160 with 4 insts
    I: 4026f1 (imm 403007)
    I: 4026fb (flow 405040)
    I: 402700
    I: 40270a (flow 40274f)
      Successors: 40274f
  BB: 4014f2 in func 401160 with 3 insts
    I: 4014f2
    I: 4014f8
    I: 4014fd (flow 401ad7)
      Successors: 401503, 401ad7
  BB: 4012f3 in func 401160 with 1 insts
    I: 4012f3 (flow 4012f8)
      Successors: 4012f8
  BB: 4018f7 in func 401160 with 1 insts
    I: 4018f7 (flow 4018fc)
      Successors: 4018fc
  BB: 4012f8 in func 401160 with 3 insts
    I: 4012f8
    I: 4012fe
    I: 401303 (flow 4022bb)
      Successors: 401309, 4022bb
  BB: 4022fb in func 401160 with 6 insts
    I: 4022fb
    I: 402300
    I: 402305
    I: 40230f
    I: 402312
    I: 402318 (flow 40274f)
      Successors: 40274f
  BB: 4018fc in func 401160 with 3 insts
    I: 4018fc
    I: 401902
    I: 401907 (flow 4023f4)
      Successors: 4023f4, 40190d
  BB: 4016fd in func 401160 with 1 insts
    I: 4016fd (flow 401702)
      Successors: 401702
  BB: 4020fd in func 401160 with 2 insts
    I: 4020fd
    I: 402107 (flow 40274f)
      Successors: 40274f
  BB: 4024fe in func 401160 with 7 insts
    I: 4024fe
    I: 402505
    I: 40250a
    I: 40250f
    I: 402517
    I: 40251a
    I: 402520 (flow 40274f)
      Successors: 40274f
  BB: 401702 in func 401160 with 3 insts
    I: 401702
    I: 401708
    I: 40170d (flow 401cd8)
      Successors: 401cd8, 401713
  BB: 401503 in func 401160 with 1 insts
    I: 401503 (flow 401508)
      Successors: 401508
  BB: 401f05 in func 401160 with 2 insts
    I: 401f05
    I: 401f0a
      Successors: 401f0f
  BB: 401508 in func 401160 with 3 insts
    I: 401508
    I: 40150e
    I: 401513 (flow 402075)
      Successors: 401519, 402075
  BB: 401309 in func 401160 with 1 insts
    I: 401309 (flow 40130e)
      Successors: 40130e
  BB: 40210c in func 401160 with 7 insts
    I: 40210c
    I: 402113
    I: 402118
    I: 40211d
    I: 402125
    I: 402128
    I: 40212e (flow 40274f)
      Successors: 40274f
  BB: 40190d in func 401160 with 1 insts
    I: 40190d (flow 401912)
      Successors: 401912
  BB: 40130e in func 401160 with 3 insts
    I: 40130e
    I: 401314
    I: 401319 (flow 4020d3)
      Successors: 4020d3, 40131f
  BB: 40270f in func 401160 with 6 insts
    I: 40270f
    I: 402715 (imm 40300a)
    I: 40271f
    I: 402721 (flow 405048)
    I: 402726
    I: 402730 (flow 40274f)
      Successors: 40274f
  BB: 401f0f in func 401160 with 4 insts
    Referenced by data
    I: 401f0f
    I: 401f19
    I: 401f1c
    I: 401f22 (flow 40274f)
      Successors: 40274f
  BB: 401d11 in func 401160 with 5 insts
    I: 401d11
    I: 401d18
    I: 401d23
    I: 401d2d
    I: 401d37 (flow 40274f)
      Successors: 40274f
  BB: 401912 in func 401160 with 3 insts
    I: 401912
    I: 401918
    I: 40191d (flow 401d11)
      Successors: 401d11, 401923
  BB: 401713 in func 401160 with 1 insts
    I: 401713 (flow 401718)
      Successors: 401718
  BB: 401b13 in func 401160 with 7 insts
    I: 401b13
    I: 401b19
    I: 401b1e
    I: 401b21
    I: 401b26
    I: 401b2c
    I: 401b36 (flow 40274f)
      Successors: 40274f
  BB: 401718 in func 401160 with 3 insts
    I: 401718
    I: 40171e
    I: 401723 (flow 401bf0)
      Successors: 401bf0, 401729
  BB: 401519 in func 401160 with 1 insts
    I: 401519 (flow 40151e)
      Successors: 40151e
  BB: 40231d in func 401160 with 7 insts
    I: 40231d
    I: 402324
    I: 402329
    I: 40232e
    I: 402336
    I: 402339
    I: 40233f (flow 40274f)
      Successors: 40274f
  BB: 40151e in func 401160 with 3 insts
    I: 40151e
    I: 401524
    I: 401529 (flow 401c52)
      Successors: 401c52, 40152f
  BB: 40131f in func 401160 with 1 insts
    I: 40131f (flow 401324)
      Successors: 401324
  BB: 401923 in func 401160 with 1 insts
    I: 401923 (flow 401928)
      Successors: 401928
  BB: 401324 in func 401160 with 3 insts
    I: 401324
    I: 40132a
    I: 40132f (flow 4025c3)
      Successors: 4025c3, 401335
  BB: 402525 in func 401160 with 8 insts
    I: 402525
    I: 40252c
    I: 402533
    I: 402538
    I: 40253d
    I: 402543
    I: 402546
    I: 40254c (flow 40274f)
      Successors: 40274f
  BB: 401f27 in func 401160 with 7 insts
    I: 401f27
    I: 401f2e
    I: 401f33
    I: 401f38
    I: 401f40
    I: 401f43
    I: 401f49 (flow 40274f)
      Successors: 40274f
  BB: 401928 in func 401160 with 3 insts
    I: 401928
    I: 40192e
    I: 401933 (flow 401a1d)
      Successors: 401939, 401a1d
  BB: 401729 in func 401160 with 1 insts
    I: 401729 (flow 40172e)
      Successors: 40172e
  BB: 40172e in func 401160 with 3 insts
    I: 40172e
    I: 401734
    I: 401739 (flow 402686)
      Successors: 402686, 40173f
  BB: 40152f in func 401160 with 1 insts
    I: 40152f (flow 401534)
      Successors: 401534
  BB: 402133 in func 401160 with 8 insts
    I: 402133
    I: 40213a
    I: 402141
    I: 402146
    I: 40214b
    I: 402151
    I: 402154
    I: 40215a (flow 40274f)
      Successors: 40274f
  BB: 401534 in func 401160 with 3 insts
    I: 401534
    I: 40153a
    I: 40153f (flow 40231d)
      Successors: 40231d, 401545
  BB: 401335 in func 401160 with 1 insts
    I: 401335 (flow 40133a)
      Successors: 40133a
  BB: 402735 in func 401160 with 2 insts
    I: 402735
    I: 40273f (flow 40274f)
      Successors: 40274f
  BB: 401939 in func 401160 with 1 insts
    I: 401939 (flow 40193e)
      Successors: 40193e
  BB: 40133a in func 401160 with 3 insts
    I: 40133a
    I: 401340
    I: 401345 (flow 402525)
      Successors: 40134b, 402525
  BB: 401b3b in func 401160 with 7 insts
    I: 401b3b
    I: 401b42
    I: 401b47
    I: 401b4c (flow 405050)
    I: 401b51
    I: 401b5b
    I: 401b65 (flow 40274f)
      Successors: 40274f
  BB: 401d3c in func 401160 with 6 insts
    I: 401d3c
    I: 401d41
    I: 401d46
    I: 401d4d
    I: 401d50
    I: 401d56 (flow 40274f)
      Successors: 40274f
  BB: 40193e in func 401160 with 3 insts
    I: 40193e
    I: 401944
    I: 401949 (flow 402592)
      Successors: 402592, 40194f
  BB: 40173f in func 401160 with 1 insts
    I: 40173f (flow 401744)
      Successors: 401744
  BB: 401744 in func 401160 with 3 insts
    I: 401744
    I: 40174a
    I: 40174f (flow 401a73)
      Successors: 401a73, 401755
  BB: 401545 in func 401160 with 1 insts
    I: 401545 (flow 40154a)
      Successors: 40154a
  BB: 402344 in func 401160 with 4 insts
    I: 402344
    I: 40234a
    I: 402350
    I: 40235a (flow 40274f)
      Successors: 40274f
  BB: 402744 in func 401160 with 4 insts
    I: 402744
    I: 402746
    I: 40274d
    I: 40274e
      No successors
  BB: 40154a in func 401160 with 3 insts
    I: 40154a
    I: 401550
    I: 401555 (flow 40235f)
      Successors: 40155b, 40235f
  BB: 40134b in func 401160 with 1 insts
    I: 40134b (flow 401350)
      Successors: 401350
  BB: 401f4e in func 401160 with 4 insts
    I: 401f4e
    I: 401f54
    I: 401f5a
    I: 401f64 (flow 40274f)
      Successors: 40274f
  BB: 40194f in func 401160 with 1 insts
    I: 40194f (flow 401954)
      Successors: 401954
  BB: 401350 in func 401160 with 3 insts
    I: 401350
    I: 401356
    I: 40135b (flow 4025b4)
      Successors: 401361, 4025b4
  BB: 402551 in func 401160 with 5 insts
    I: 402551
    I: 402557
    I: 40255e
    I: 402565
    I: 40256f (flow 40274f)
      Successors: 40274f
  BB: 40274f in func 401160 with 1 insts
    I: 40274f (flow 40117c)
      Successors: 40117c
  BB: 401954 in func 401160 with 3 insts
    I: 401954
    I: 40195a
    I: 40195f (flow 4026af)
      Successors: 401965, 4026af
  BB: 401755 in func 401160 with 1 insts
    I: 401755 (flow 40175a)
      Successors: 40175a
  BB: 40175a in func 401160 with 3 insts
    I: 40175a
    I: 401760
    I: 401765 (flow 40205a)
      Successors: 40205a, 40176b
  BB: 40155b in func 401160 with 1 insts
    I: 40155b (flow 401560)
      Successors: 401560
  BB: 401d5b in func 401160 with 3 insts
    I: 401d5b
    I: 401d65
    I: 401d6f (flow 40274f)
      Successors: 40274f
  BB: 40215f in func 401160 with 5 insts
    I: 40215f
    I: 402165
    I: 40216c
    I: 402173
    I: 40217d (flow 40274f)
      Successors: 40274f
  BB: 401160 in func 401160 with 5 insts
    Referenced by data
    I: 401160
    I: 401161
    I: 401164
    I: 40116b
    I: 401172
      Successors: 40117c
  BB: 401361 in func 401160 with 1 insts
    I: 401361 (flow 401366)
      Successors: 401366
  BB: 401560 in func 401160 with 3 insts
    I: 401560
    I: 401566
    I: 40156b (flow 4019b1)
      Successors: 401571, 4019b1
  BB: 40235f in func 401160 with 8 insts
    I: 40235f
    I: 402366
    I: 40236b
    I: 402370
    I: 402378
    I: 40237b
    I: 402381
    I: 402388 (flow 40274f)
      Successors: 40274f
  BB: 401965 in func 401160 with 1 insts
    I: 401965 (flow 40196a)
      Successors: 40196a
  BB: 401366 in func 401160 with 3 insts
    I: 401366
    I: 40136c
    I: 401371 (flow 40220e)
      Successors: 40220e, 401377
  BB: 401f69 in func 401160 with 8 insts
    I: 401f69
    I: 401f70
    I: 401f75
    I: 401f7a
    I: 401f82
    I: 401f85
    I: 401f8b
    I: 401f92 (flow 40274f)
      Successors: 40274f
  BB: 40196a in func 401160 with 3 insts
    I: 40196a
    I: 401970
    I: 401975 (flow 402735)
      Successors: 40197b, 402735
  BB: 40176b in func 401160 with 1 insts
    I: 40176b (flow 401770)
      Successors: 401770
  BB: 401b6a in func 401160 with 8 insts
    I: 401b6a
    I: 401b71
    I: 401b76
    I: 401b7b
    I: 401b83
    I: 401b86
    I: 401b8c
    I: 401b93 (flow 40274f)
      Successors: 40274f
  BB: 401770 in func 401160 with 3 insts
    I: 401770
    I: 401776
    I: 40177b (flow 40209c)
      Successors: 401781, 40209c
  BB: 401571 in func 401160 with 1 insts
    I: 401571 (flow 401576)
      Successors: 401576
  BB: 401d74 in func 401160 with 7 insts
    I: 401d74
    I: 401d7a
    I: 401d7f
    I: 401d84
    I: 401d87
    I: 401d8a
    I: 401d90 (flow 40274f)
      Successors: 40274f
  BB: 402574 in func 401160 with 2 insts
    I: 402574
    I: 40257e (flow 40274f)
      Successors: 40274f
  BB: 401576 in func 401160 with 3 insts
    I: 401576
    I: 40157c
    I: 401581 (flow 401bff)
      Successors: 401bff, 401587
  BB: 401377 in func 401160 with 1 insts
    I: 401377 (flow 40137c)
      Successors: 40137c
  BB: 40197b in func 401160 with 1 insts
    I: 40197b (flow 401980)
      Successors: 401980
  BB: 40137c in func 401160 with 3 insts
    I: 40137c
    I: 401382
    I: 401387 (flow 401a9d)
      Successors: 40138d, 401a9d
  BB: 40117c in func 401160 with 4 insts
    I: 40117c
    I: 401182
    I: 401188
    I: 40118d (flow 402662)
      Successors: 402662, 401193
  BB: 401980 in func 401160 with 3 insts
    I: 401980
    I: 401986
    I: 40198b (flow 40210c)
      Successors: 401991, 40210c
  BB: 401781 in func 401160 with 1 insts
    I: 401781 (flow 401786)
      Successors: 401786
  BB: 402182 in func 401160 with 2 insts
    I: 402182
    I: 40218c (flow 40274f)
      Successors: 40274f
  BB: 402583 in func 401160 with 2 insts
    I: 402583
    I: 40258d (flow 40274f)
      Successors: 40274f
  BB: 401786 in func 401160 with 3 insts
    I: 401786
    I: 40178c
    I: 401791 (flow 4020ab)
      Successors: 4020ab, 401797
  BB: 401587 in func 401160 with 1 insts
    I: 401587 (flow 40158c)
      Successors: 40158c
  BB: 40158c in func 401160 with 3 insts
    I: 40158c
    I: 401592
    I: 401597 (flow 401fed)
      Successors: 401fed, 40159d
  BB: 40138d in func 401160 with 1 insts
    I: 40138d (flow 401392)
      Successors: 401392
  BB: 40238d in func 401160 with 15 insts
    I: 40238d
    I: 402393
    I: 402395
    I: 402397
    I: 402399
    I: 40239c
    I: 40239e
    I: 4023a0
    I: 4023a2
    I: 4023a4
    I: 4023ac
    I: 4023af
    I: 4023b9
    I: 4023bb
    I: 4023c1 (flow 40274f)
      Successors: 40274f
  BB: 401991 in func 401160 with 1 insts
    I: 401991 (flow 401996)
      Successors: 401996
  BB: 401392 in func 401160 with 3 insts
    I: 401392
    I: 401398
    I: 40139d (flow 401cb9)
      Successors: 401cb9, 4013a3
  BB: 401193 in func 401160 with 1 insts
    I: 401193 (flow 401198)
      Successors: 401198
  BB: 402191 in func 401160 with 12 insts
    I: 402191
    I: 40219b
    I: 4021a1
    I: 4021a6
    I: 4021a9
    I: 4021ae
    I: 4021b1
    I: 4021b6
    I: 4021bb
    I: 4021c3
    I: 4021c6
    I: 4021cc (flow 40274f)
      Successors: 40274f
  BB: 401d95 in func 401160 with 12 insts
    I: 401d95
    I: 401d9f
    I: 401da5
    I: 401daa
    I: 401dad
    I: 401db2
    I: 401db5
    I: 401dba
    I: 401dbf
    I: 401dc7
    I: 401dca
    I: 401dd0 (flow 40274f)
      Successors: 40274f
  BB: 401996 in func 401160 with 3 insts
    I: 401996
    I: 40199c
    I: 4019a1 (flow 40238d)
      Successors: 40238d, 4019a7
  BB: 401797 in func 401160 with 1 insts
    I: 401797 (flow 40179c)
      Successors: 40179c
  BB: 401198 in func 401160 with 3 insts
    I: 401198
    I: 40119e
    I: 4011a3 (flow 401e90)
      Successors: 401e90, 4011a9
  BB: 401b98 in func 401160 with 15 insts
    I: 401b98
    I: 401b9e
    I: 401ba0
    I: 401ba2
    I: 401ba4
    I: 401ba7
    I: 401ba9
    I: 401bab
    I: 401bad
    I: 401baf
    I: 401bb7
    I: 401bba
    I: 401bc4
    I: 401bc6
    I: 401bcc (flow 40274f)
      Successors: 40274f
  BB: 401f97 in func 401160 with 11 insts
    I: 401f97
    I: 401f9d
    I: 401fa2
    I: 401fa5
    I: 401faa
    I: 401fac
    I: 401fb4
    I: 401fb7
    I: 401fc1
    I: 401fc3
    I: 401fc9 (flow 40274f)
      Successors: 40274f
  BB: 402592 in func 401160 with 7 insts
    I: 402592
    I: 402598
    I: 40259a
    I: 40259d
    I: 40259f
    I: 4025a5
    I: 4025af (flow 40274f)
      Successors: 40274f
  BB: 40179c in func 401160 with 3 insts
    I: 40179c
    I: 4017a2
    I: 4017a7 (flow 402425)
      Successors: 402425, 4017ad
  BB: 40159d in func 401160 with 1 insts
    I: 40159d (flow 4015a2)
      Successors: 4015a2
  BB: 4015a2 in func 401160 with 3 insts
    I: 4015a2
    I: 4015a8
    I: 4015ad (flow 402416)
      Successors: 4015b3, 402416
  BB: 4013a3 in func 401160 with 1 insts
    I: 4013a3 (flow 4013a8)
      Successors: 4013a8
  BB: 4019a7 in func 401160 with 1 insts
    I: 4019a7 (flow 4019ac)
      Successors: 4019ac
  BB: 4013a8 in func 401160 with 3 insts
    I: 4013a8
    I: 4013ae
    I: 4013b3 (flow 401f4e)
      Successors: 4013b9, 401f4e
  BB: 4011a9 in func 401160 with 1 insts
    I: 4011a9 (flow 4011ae)
      Successors: 4011ae
  BB: 4019ac in func 401160 with 1 insts
    I: 4019ac (flow 40274f)
      Successors: 40274f
  BB: 4017ad in func 401160 with 1 insts
    I: 4017ad (flow 4017b2)
      Successors: 4017b2
  BB: 4011ae in func 401160 with 3 insts
    I: 4011ae
    I: 4011b4
    I: 4011b9 (flow 402240)
      Successors: 402240, 4011bf
  BB: 4019b1 in func 401160 with 10 insts
    I: 4019b1 (imm 403004)
    I: 4019bb
    I: 4019bf
    I: 4019c1 (flow 405058)
    I: 4019c6
    I: 4019cb
    I: 4019d0
    I: 4019d4
    I: 4019d7
    I: 4019dd (flow 40274f)
      Successors: 40274f
  BB: 4017b2 in func 401160 with 3 insts
    I: 4017b2
    I: 4017b8
    I: 4017bd (flow 402024)
      Successors: 4017c3, 402024
  BB: 4015b3 in func 401160 with 1 insts
    I: 4015b3 (flow 4015b8)
      Successors: 4015b8
  BB: 4025b4 in func 401160 with 2 insts
    I: 4025b4
    I: 4025be (flow 40274f)
      Successors: 40274f
  BB: 4015b8 in func 401160 with 3 insts
    I: 4015b8
    I: 4015be
    I: 4015c3 (flow 402744)
      Successors: 4015c9, 402744
  BB: 4013b9 in func 401160 with 1 insts
    I: 4013b9 (flow 4013be)
      Successors: 4013be
  BB: 4013be in func 401160 with 3 insts
    I: 4013be
    I: 4013c4
    I: 4013c9 (flow 401a3e)
      Successors: 401a3e, 4013cf
  BB: 4011bf in func 401160 with 1 insts
    I: 4011bf (flow 4011c4)
      Successors: 4011c4
  BB: 4017c3 in func 401160 with 1 insts
    I: 4017c3 (flow 4017c8)
      Successors: 4017c8
  BB: 4011c4 in func 401160 with 3 insts
    I: 4011c4
    I: 4011ca
    I: 4011cf (flow 40249d)
      Successors: 4011d5, 40249d
  BB: 4025c3 in func 401160 with 7 insts
    I: 4025c3
    I: 4025c9
    I: 4025ce
    I: 4025d1
    I: 4025d6
    I: 4025dc
    I: 4025e6 (flow 40274f)
      Successors: 40274f
  BB: 4023c6 in func 401160 with 6 insts
    I: 4023c6
    I: 4023cb
    I: 4023d0
    I: 4023d7
    I: 4023da
    I: 4023e0 (flow 40274f)
      Successors: 40274f
  BB: 4017c8 in func 401160 with 3 insts
    I: 4017c8
    I: 4017ce
    I: 4017d3 (flow 402619)
      Successors: 4017d9, 402619
  BB: 4015c9 in func 401160 with 1 insts
    I: 4015c9 (flow 4015ce)
      Successors: 4015ce
  BB: 4015ce in func 401160 with 3 insts
    I: 4015ce
    I: 4015d4
    I: 4015d9 (flow 4020e2)
      Successors: 4020e2, 4015df
  BB: 4013cf in func 401160 with 1 insts
    I: 4013cf (flow 4013d4)
      Successors: 4013d4
  BB: 401fce in func 401160 with 6 insts
    I: 401fce
    I: 401fd3
    I: 401fd8
    I: 401fdf
    I: 401fe2
    I: 401fe8 (flow 40274f)
      Successors: 40274f
  BB: 401bd1 in func 401160 with 6 insts
    I: 401bd1
    I: 401bd6
    I: 401bdb
    I: 401be2
    I: 401be5
    I: 401beb (flow 40274f)
      Successors: 40274f
  BB: 4021d1 in func 401160 with 16 insts
    I: 4021d1
    I: 4021d7
    I: 4021dd
    I: 4021df
    I: 4021e2
    I: 4021e4
    I: 4021e6
    I: 4021ed
    I: 4021ef
    I: 4021f2
    I: 4021f4
    I: 4021f9
    I: 4021fe
    I: 402200
    I: 402203
    I: 402209 (flow 40274f)
      Successors: 40274f
  BB: 4013d4 in func 401160 with 3 insts
    I: 4013d4
    I: 4013da
    I: 4013df (flow 4019f1)
      Successors: 4019f1, 4013e5
  BB: 4011d5 in func 401160 with 1 insts
    I: 4011d5 (flow 4011da)
      Successors: 4011da
  BB: 401dd5 in func 401160 with 20 insts
    I: 401dd5
    I: 401ddb
    I: 401de1
    I: 401de6
    I: 401de9
    I: 401dee
    I: 401df0
    I: 401df7
    I: 401df9
    I: 401dfb
    I: 401dfd
    I: 401e00
    I: 401e02
    I: 401e04
    I: 401e06
    I: 401e0b
    I: 401e10
    I: 401e12
    I: 401e15
    I: 401e1b (flow 40274f)
      Successors: 40274f
  BB: 4017d9 in func 401160 with 1 insts
    I: 4017d9 (flow 4017de)
      Successors: 4017de
  BB: 4011da in func 401160 with 3 insts
    I: 4011da
    I: 4011e0
    I: 4011e5 (flow 401f69)
      Successors: 401f69, 4011eb
  BB: 4017de in func 401160 with 3 insts
    I: 4017de
    I: 4017e4
    I: 4017e9 (flow 401d5b)
      Successors: 401d5b, 4017ef
  BB: 4015df in func 401160 with 1 insts
    I: 4015df (flow 4015e4)
      Successors: 4015e4
  BB: 4019e2 in func 401160 with 2 insts
    I: 4019e2
    I: 4019ec (flow 40274f)
      Successors: 40274f
  BB: 4015e4 in func 401160 with 3 insts
    I: 4015e4
    I: 4015ea
    I: 4015ef (flow 402182)
      Successors: 402182, 4015f5
  BB: 4013e5 in func 401160 with 1 insts
    I: 4013e5 (flow 4013ea)
      Successors: 4013ea
  BB: 4023e5 in func 401160 with 2 insts
    I: 4023e5
    I: 4023ef (flow 40274f)
      Successors: 40274f
  BB: 4013ea in func 401160 with 3 insts
    I: 4013ea
    I: 4013f0
    I: 4013f5 (flow 4022fb)
      Successors: 4013fb, 4022fb
  BB: 4011eb in func 401160 with 1 insts
    I: 4011eb (flow 4011f0)
      Successors: 4011f0
  BB: 4025eb in func 401160 with 8 insts
    I: 4025eb
    I: 4025f5
    I: 4025f9
    I: 4025fe
    I: 402603
    I: 40260b
    I: 40260e
    I: 402614 (flow 40274f)
      Successors: 40274f
  BB: 401fed in func 401160 with 2 insts
    I: 401fed
    I: 401ff7 (flow 40274f)
      Successors: 40274f
  BB: 4017ef in func 401160 with 1 insts
    I: 4017ef (flow 4017f4)
      Successors: 4017f4
  BB: 4011f0 in func 401160 with 3 insts
    I: 4011f0
    I: 4011f6
    I: 4011fb (flow 4026f1)
      Successors: 401201, 4026f1
  BB: 4019f1 in func 401160 with 7 insts
    I: 4019f1
    I: 4019f8
    I: 4019fa
    I: 4019ff (flow 405050)
    I: 401a04
    I: 401a0e
    I: 401a18 (flow 40274f)
      Successors: 40274f
  BB: 401bf0 in func 401160 with 2 insts
    I: 401bf0
    I: 401bfa (flow 40274f)
      Successors: 40274f
  BB: 4017f4 in func 401160 with 3 insts
    I: 4017f4
    I: 4017fa
    I: 4017ff (flow 402344)
      Successors: 402344, 401805
  BB: 4015f5 in func 401160 with 1 insts
    I: 4015f5 (flow 4015fa)
      Successors: 4015fa
  BB: 4023f4 in func 401160 with 7 insts
    I: 4023f4
    I: 4023fa
    I: 4023fc
    I: 4023ff
    I: 402401
    I: 402407
    I: 402411 (flow 40274f)
      Successors: 40274f
  BB: 4015fa in func 401160 with 3 insts
    I: 4015fa
    I: 401600
    I: 401605 (flow 4020fd)
      Successors: 40160b, 4020fd
  BB: 4013fb in func 401160 with 1 insts
    I: 4013fb (flow 401400)
      Successors: 401400
  BB: 401ffc in func 401160 with 7 insts
    I: 401ffc
    I: 402002
    I: 402007
    I: 40200a
    I: 40200f
    I: 402015
    I: 40201f (flow 40274f)
      Successors: 40274f
  BB: 401bff in func 401160 with 7 insts
    I: 401bff
    I: 401c05
    I: 401c0a
    I: 401c0d
    I: 401c12
    I: 401c18
    I: 401c22 (flow 40274f)
      Successors: 40274f
Recovering .term_proc at 402754
  Analysing subroutine .term_proc at 402754
    Block head at 00402761 is not code.
  Subroutine .term_proc at 402754 has 1 blocks
  BB: 402754 in func 402754 with 4 insts
    I: 402754
    I: 402758
    I: 40275c
    I: 402760
      No successors
Global Variable None
WARNING: Global constructor and destructor sections are adjacent!
Recovering region LOAD [400000, 400558) in segment LOAD
  8-byte reference at 400018 to 401070 (start)
  8-byte reference at 4000f8 to 401000 (.init_proc)
  8-byte reference at 400130 to 403000 ()
  8-byte reference at 400168 to 404de8 ()
  8-byte reference at 400280 to 403010 ()
  8-byte reference at 4002f0 to 404de8 ()
Recovering region .init [401000, 40101b) in segment .init
Recovering region LOAD [40101b, 401020) in segment LOAD
Recovering region .plt [401020, 401070) in segment .plt
  4-byte reference at 40102c to 401f0f ()
Recovering region .text [401070, 402754) in segment .text
Recovering region .fini [402754, 402761) in segment .fini
Recovering region .rodata [403000, 40300e) in segment .rodata
  Variable s at 403007
  Variable format at 40300a
Recovering region LOAD [40300e, 403010) in segment LOAD
Recovering region .eh_frame_hdr [403010, 40303c) in segment .eh_frame_hdr
Recovering region LOAD [40303c, 403040) in segment LOAD
Recovering region .eh_frame [403040, 4030d0) in segment .eh_frame
Recovering region LOAD [4030d0, 403110) in segment LOAD
Recovering region .init_array [404de8, 404df8) in segment .init_array
  8-byte reference at 404de8 to 401150 ()
  8-byte reference at 404df0 to 401120 ()
Recovering region LOAD [404df8, 404fd8) in segment LOAD
Recovering region .got [404fd8, 404fe8) in segment .got
  8-byte reference at 404fd8 to 405038 (__libc_start_main)
  8-byte reference at 404fe0 to 405060 (__gmon_start__)
Recovering region .got.plt [404fe8, 405020) in segment .got.plt
  8-byte reference at 405000 to 405040 (puts)
  8-byte reference at 405008 to 405048 (printf)
  8-byte reference at 405010 to 405050 (memset)
  8-byte reference at 405018 to 405058 (__isoc99_scanf)
Recovering region .data [405020, 405030) in segment .data
Recovering region .bss [405030, 405038) in segment .bss
Recovering extern function puts at 401030
Recovering extern function printf at 401040
Recovering extern function memset at 401050
Recovering extern function __isoc99_scanf at 401060
Recovering extern function __libc_start_main at 405038
Recovering extern function puts at 405040
Recovering extern function printf at 405048
Recovering extern function memset at 405050
Recovering extern function __isoc99_scanf at 405058
Recovering extern function __gmon_start__ at 405060
Recovered 8 functions.
Saving to: /home/ubuntu/capstone_project/result/pipeline_20260629_141746/s380322669_fla_instsub.cfg
Done analysis!
