Debugging is enabled.
Loading Standard Definitions file: /home/ubuntu/capstone_project/dependency/mcsema/mcsema/lib/python3/site-packages/mcsema_disass-3.1.3.8-py3.8.egg/mcsema_disass/defs/linux.txt
Using Batch mode.
Starting analysis
Recovering module s380322669_fla.elf
Found main at 401160
Looking for instructions in segment .init
  Default block heads for function 401000 with loose bounds [401000, 40101b)
    block [401000, 401014)
    block [401014, 401016)
    block [401016, 40101b)
    chunk [401000, 40101b)
Looking for instructions in segment .plt
  Default block heads for function 401020 with loose bounds [401020, 40102c)
    block [401020, 40102c)
    chunk [401020, 40102c)
  Default block heads for function 401030 with loose bounds [401030, 401036)
    block [401030, 401036)
    chunk [401030, 401036)
  Default block heads for function 401040 with loose bounds [401040, 401046)
    block [401040, 401046)
    chunk [401040, 401046)
  Default block heads for function 401050 with loose bounds [401050, 401056)
    block [401050, 401056)
    chunk [401050, 401056)
  Default block heads for function 401060 with loose bounds [401060, 401066)
    block [401060, 401066)
    chunk [401060, 401066)
Looking for instructions in segment .text
  Default block heads for function 401070 with loose bounds [401070, 401096)
    block [401070, 401096)
    chunk [401070, 401096)
  Default block heads for function 4010b0 with loose bounds [4010b0, 4010d1)
    block [4010b0, 4010bd)
    block [4010bd, 4010c7)
    block [4010c7, 4010ce)
    block [4010d0, 4010d1)
    chunk [4010b0, 4010d1)
  Default block heads for function 401120 with loose bounds [401120, 401141)
    block [401120, 40112d)
    block [40112d, 40113f)
    block [401140, 401141)
    chunk [401120, 401141)
  Default block heads for function 401150 with loose bounds [401150, 401156)
    block [401150, 401156)
    chunk [401150, 401156)
    chunk [4010e0, 401111)
  Default block heads for function 401160 with loose bounds [401160, 402630)
    block [401160, 40117c)
    block [40117c, 401193)
    block [401193, 401198)
    block [401198, 4011a9)
    block [4011a9, 4011ae)
    block [4011ae, 4011bf)
    block [4011bf, 4011c4)
    block [4011c4, 4011d5)
    block [4011d5, 4011da)
    block [4011da, 4011eb)
    block [4011eb, 4011f0)
    block [4011f0, 401201)
    block [401201, 401206)
    block [401206, 401217)
    block [401217, 40121c)
    block [40121c, 40122d)
    block [40122d, 401232)
    block [401232, 401243)
    block [401243, 401248)
    block [401248, 401259)
    block [401259, 40125e)
    block [40125e, 40126f)
    block [40126f, 401274)
    block [401274, 401285)
    block [401285, 40128a)
    block [40128a, 40129b)
    block [40129b, 4012a0)
    block [4012a0, 4012b1)
    block [4012b1, 4012b6)
    block [4012b6, 4012c7)
    block [4012c7, 4012cc)
    block [4012cc, 4012dd)
    block [4012dd, 4012e2)
    block [4012e2, 4012f3)
    block [4012f3, 4012f8)
    block [4012f8, 401309)
    block [401309, 40130e)
    block [40130e, 40131f)
    block [40131f, 401324)
    block [401324, 401335)
    block [401335, 40133a)
    block [40133a, 40134b)
    block [40134b, 401350)
    block [401350, 401361)
    block [401361, 401366)
    block [401366, 401377)
    block [401377, 40137c)
    block [40137c, 40138d)
    block [40138d, 401392)
    block [401392, 4013a3)
    block [4013a3, 4013a8)
    block [4013a8, 4013b9)
    block [4013b9, 4013be)
    block [4013be, 4013cf)
    block [4013cf, 4013d4)
    block [4013d4, 4013e5)
    block [4013e5, 4013ea)
    block [4013ea, 4013fb)
    block [4013fb, 401400)
    block [401400, 401411)
    block [401411, 401416)
    block [401416, 401427)
    block [401427, 40142c)
    block [40142c, 40143d)
    block [40143d, 401442)
    block [401442, 401453)
    block [401453, 401458)
    block [401458, 401469)
    block [401469, 40146e)
    block [40146e, 40147f)
    block [40147f, 401484)
    block [401484, 401495)
    block [401495, 40149a)
    block [40149a, 4014ab)
    block [4014ab, 4014b0)
    block [4014b0, 4014c1)
    block [4014c1, 4014c6)
    block [4014c6, 4014d7)
    block [4014d7, 4014dc)
    block [4014dc, 4014ed)
    block [4014ed, 4014f2)
    block [4014f2, 401503)
    block [401503, 401508)
    block [401508, 401519)
    block [401519, 40151e)
    block [40151e, 40152f)
    block [40152f, 401534)
    block [401534, 401545)
    block [401545, 40154a)
    block [40154a, 40155b)
    block [40155b, 401560)
    block [401560, 401571)
    block [401571, 401576)
    block [401576, 401587)
    block [401587, 40158c)
    block [40158c, 40159d)
    block [40159d, 4015a2)
    block [4015a2, 4015b3)
    block [4015b3, 4015b8)
    block [4015b8, 4015c9)
    block [4015c9, 4015ce)
    block [4015ce, 4015df)
    block [4015df, 4015e4)
    block [4015e4, 4015f5)
    block [4015f5, 4015fa)
    block [4015fa, 40160b)
    block [40160b, 401610)
    block [401610, 401621)
    block [401621, 401626)
    block [401626, 401637)
    block [401637, 40163c)
    block [40163c, 40164d)
    block [40164d, 401652)
    block [401652, 401663)
    block [401663, 401668)
    block [401668, 401679)
    block [401679, 40167e)
    block [40167e, 40168f)
    block [40168f, 401694)
    block [401694, 4016a5)
    block [4016a5, 4016aa)
    block [4016aa, 4016bb)
    block [4016bb, 4016c0)
    block [4016c0, 4016d1)
    block [4016d1, 4016d6)
    block [4016d6, 4016e7)
    block [4016e7, 4016ec)
    block [4016ec, 4016fd)
    block [4016fd, 401702)
    block [401702, 401713)
    block [401713, 401718)
    block [401718, 401729)
    block [401729, 40172e)
    block [40172e, 40173f)
    block [40173f, 401744)
    block [401744, 401755)
    block [401755, 40175a)
    block [40175a, 40176b)
    block [40176b, 401770)
    block [401770, 401781)
    block [401781, 401786)
    block [401786, 401797)
    block [401797, 40179c)
    block [40179c, 4017ad)
    block [4017ad, 4017b2)
    block [4017b2, 4017c3)
    block [4017c3, 4017c8)
    block [4017c8, 4017d9)
    block [4017d9, 4017de)
    block [4017de, 4017ef)
    block [4017ef, 4017f4)
    block [4017f4, 401805)
    block [401805, 40180a)
    block [40180a, 40181b)
    block [40181b, 401820)
    block [401820, 401831)
    block [401831, 401836)
    block [401836, 401847)
    block [401847, 40184c)
    block [40184c, 40185d)
    block [40185d, 401862)
    block [401862, 401873)
    block [401873, 401878)
    block [401878, 401889)
    block [401889, 40188e)
    block [40188e, 40189f)
    block [40189f, 4018a4)
    block [4018a4, 4018b5)
    block [4018b5, 4018ba)
    block [4018ba, 4018cb)
    block [4018cb, 4018d0)
    block [4018d0, 4018e1)
    block [4018e1, 4018e6)
    block [4018e6, 4018f7)
    block [4018f7, 4018fc)
    block [4018fc, 40190d)
    block [40190d, 401912)
    block [401912, 401923)
    block [401923, 401928)
    block [401928, 401939)
    block [401939, 40193e)
    block [40193e, 40194f)
    block [40194f, 401954)
    block [401954, 401965)
    block [401965, 40196a)
    block [40196a, 40197b)
    block [40197b, 401980)
    block [401980, 401991)
    block [401991, 401996)
    block [401996, 4019a7)
    block [4019a7, 4019ac)
    block [4019ac, 4019b1)
    block [4019b1, 4019e2)
    block [4019e2, 4019f1)
    block [4019f1, 401a1d)
    block [401a1d, 401a3e)
    block [401a3e, 401a73)
    block [401a73, 401a91)
    block [401a91, 401aaa)
    block [401aaa, 401acb)
    block [401acb, 401b07)
    block [401b07, 401b25)
    block [401b25, 401b54)
    block [401b54, 401b82)
    block [401b82, 401baf)
    block [401baf, 401bce)
    block [401bce, 401bdd)
    block [401bdd, 401bfb)
    block [401bfb, 401c26)
    block [401c26, 401c54)
    block [401c54, 401c81)
    block [401c81, 401ca0)
    block [401ca0, 401caf)
    block [401caf, 401ccd)
    block [401ccd, 401cf8)
    block [401cf8, 401d17)
    block [401d17, 401d30)
    block [401d30, 401d51)
    block [401d51, 401d87)
    block [401d87, 401dbc)
    block [401dbc, 401de6)
    block [401de6, 401e12)
    block [401e12, 401e47)
    block [401e47, 401e71)
    block [401e71, 401e93)
    block [401e93, 401eba)
    block [401eba, 401ed5)
    block [401ed5, 401f03)
    block [401f03, 401f30)
    block [401f30, 401f4f)
    block [401f4f, 401f5e)
    block [401f5e, 401f7c)
    block [401f7c, 401f8b)
    block [401f8b, 401fb2)
    block [401fb2, 401fcd)
    block [401fcd, 401ff4)
    block [401ff4, 402003)
    block [402003, 402021)
    block [402021, 402030)
    block [402030, 40204b)
    block [40204b, 40205a)
    block [40205a, 402081)
    block [402081, 4020ad)
    block [4020ad, 4020d0)
    block [4020d0, 4020df)
    block [4020df, 402115)
    block [402115, 40214a)
    block [40214a, 402174)
    block [402174, 4021a0)
    block [4021a0, 4021d5)
    block [4021d5, 4021ff)
    block [4021ff, 402221)
    block [402221, 402248)
    block [402248, 402263)
    block [402263, 402291)
    block [402291, 4022be)
    block [4022be, 4022dd)
    block [4022dd, 4022ec)
    block [4022ec, 40230a)
    block [40230a, 402319)
    block [402319, 402340)
    block [402340, 40235b)
    block [40235b, 402382)
    block [402382, 402391)
    block [402391, 4023af)
    block [4023af, 4023be)
    block [4023be, 4023d9)
    block [4023d9, 4023e8)
    block [4023e8, 40240f)
    block [40240f, 40243b)
    block [40243b, 40245e)
    block [40245e, 40246d)
    block [40246d, 40247c)
    block [40247c, 40249a)
    block [40249a, 4024a9)
    block [4024a9, 4024c7)
    block [4024c7, 4024f5)
    block [4024f5, 40251e)
    block [40251e, 40253e)
    block [40253e, 402562)
    block [402562, 40258b)
    block [40258b, 4025ab)
    block [4025ab, 4025cd)
    block [4025cd, 4025eb)
    block [4025eb, 402611)
    block [402611, 402620)
    block [402620, 40262b)
    block [40262b, 402630)
    chunk [401160, 402630)
Looking for instructions in segment .fini
  Default block heads for function 402630 with loose bounds [402630, 40263d)
    block [402630, 40263d)
    chunk [402630, 40263d)
Looking for strings in segment .rodata [403000, 40300e)
  Found string b'NA' of length 3 at 403007, jumping to 40300a
  Found string b'%d\n' of length 4 at 40300a, jumping to 40300e
Looking for strings in segment .eh_frame_hdr [403010, 40303c)
Looking for strings in segment .eh_frame [403040, 4030d0)
Looking for strings in segment .init_array [404de8, 404df0)
Looking for strings in segment .fini_array [404df0, 404df8)
Looking for strings in segment .got [404fd8, 404fe8)
Looking for strings in segment .got.plt [404fe8, 405020)
Looking for strings in segment .data [405020, 405030)
Looking for strings in segment .bss [405030, 405038)
Looking for strings in segment extern [405038, 405068)
Looking for cross-references in segment .init [401000, 40101b)
Looking for cross-references in segment .plt [401020, 401070)
  Stopping scan at 40102c
Looking for cross-references in segment .text [401070, 402630)
  Stopping scan at 40109c
  Stopping scan at 4010ac
  Stopping scan at ffffffffffffffff
  Stopping scan at 4010dc
  Stopping scan at 40111c
  Stopping scan at ffffffffffffffff
  Stopping scan at 40114c
  Stopping scan at 40115c
Looking for cross-references in segment .fini [402630, 40263d)
Looking for cross-references in segment .rodata [403000, 40300e)
  Stopping scan at 40300c
Looking for cross-references in segment .eh_frame_hdr [403010, 40303c)
  Stopping scan at 403038
Looking for cross-references in segment .eh_frame [403040, 4030d0)
  Stopping scan at 4030cc
Looking for cross-references in segment .init_array [404de8, 404df0)
  Adding qword reference from 404de8 to 401150
  Stopping scan at 404de8
Looking for cross-references in segment .fini_array [404df0, 404df8)
  Adding qword reference from 404df0 to 401120
  Stopping scan at 404df0
Looking for cross-references in segment .got [404fd8, 404fe8)
  Adding qword reference from 404fd8 to 405038
  Adding qword reference from 404fe0 to 405060
  Stopping scan at 404fe0
Looking for cross-references in segment .got.plt [404fe8, 405020)
  Adding qword reference from 405000 to 405040
  Adding qword reference from 405008 to 405048
  Adding qword reference from 405010 to 405050
  Adding qword reference from 405018 to 405058
  Stopping scan at 405018
Looking for cross-references in segment .data [405020, 405030)
  Stopping scan at 40502c
Looking for cross-references in segment .bss [405030, 405038)
  Stopping scan at 405034
Looking for cross-references in segment extern [405038, 405068)
  Stopping scan at 405064
Looking for thunks
  Found thunk for puts targeting 405040 at 401030
  Found thunk for printf targeting 405048 at 401040
  Found thunk for memset targeting 405050 at 401050
  Found thunk for __isoc99_scanf targeting 405058 at 401060
Looking for external symbols
  Function at 401030 is the external function puts
  Function at 401040 is the external function printf
  Function at 401050 is the external function memset
  Function at 401060 is the external function __isoc99_scanf
  Function at 405038 is the external function __libc_start_main
  Function at 405040 is the external function puts
  Function at 405048 is the external function printf
  Function at 405050 is the external function memset
  Function at 405058 is the external function __isoc99_scanf
  Function at 405060 is the external function __gmon_start__
Looking for entrypoints
Recovering .init_proc at 401000
  Analysing subroutine .init_proc at 401000
    Block head at 0040101b is not code.
  Subroutine .init_proc at 401000 has 3 blocks
  BB: 401000 in func 401000 with 5 insts
    Referenced by data
    I: 401000
    I: 401004
    I: 401008 (mem 404fe0)
    I: 40100f
    I: 401012 (flow 401016)
      Successors: 401014, 401016
  BB: 401014 in func 401000 with 1 insts
    I: 401014
      Successors: 401016
  BB: 401016 in func 401000 with 2 insts
    I: 401016
    I: 40101a
      No successors
Recovering 401020
  Analysing subroutine sub_401020 at 401020
  WARNING: No table entries for indirect jump at 401026; Adding next_ea 40102c as successor.
  Subroutine sub_401020 at 401020 has 2 blocks
  WARNING: No table entries for indirect jump at 401026; Adding next_ea 40102c as successor.
  BB: 401020 in func 401020 with 2 insts
    I: 401020 (mem 404ff0)
    I: 401026 (mem 404ff8)
      Successors: 40102c
  BB: 40102c in func 401020 with 1 insts
    I: 40102c
      No successors
Recovering start at 401070
  Analysing subroutine start at 401070
  Subroutine start at 401070 has 3 blocks
  BB: 401070 in func 401070 with 13 insts
    Referenced by data
    I: 401070
    I: 401074
    I: 401076
    I: 401079
    I: 40107a
    I: 40107d
    I: 401081
    I: 401082
    I: 401083
    I: 401086
    I: 401088 (imm 401160)
    I: 40108f (mem 404fd8)
    I: 401095
      No successors
  BB: 4010a5 in func 401070 with 2 insts
    I: 4010a5
    I: 4010af
      No successors
  BB: 401096 in func 401070 with 3 insts
    I: 401096
    I: 4010a0
    I: 4010a4
      No successors
Recovering 4010b0
  Analysing subroutine sub_4010B0 at 4010b0
  WARNING: No table entries for indirect jump at 4010cc; Adding next_ea 4010ce as successor.
  WARNING: No table entries for indirect jump at 40110e; Adding next_ea 401110 as successor.
  Subroutine sub_4010B0 at 4010b0 has 11 blocks
  BB: 4010e0 in func 4010b0 with 8 insts
    I: 4010e0 (imm 405030)
    I: 4010e5 (imm 405030)
    I: 4010ec
    I: 4010ef
    I: 4010f3
    I: 4010f7
    I: 4010fa
    I: 4010fd (flow 401110)
      Successors: 401110, 4010ff
  WARNING: No table entries for indirect jump at 4010cc; Adding next_ea 4010ce as successor.
  BB: 4010c7 in func 4010b0 with 2 insts
    I: 4010c7 (imm 405030)
    I: 4010cc
      Successors: 4010ce
  WARNING: No table entries for indirect jump at 40110e; Adding next_ea 401110 as successor.
  BB: 401109 in func 4010b0 with 2 insts
    I: 401109 (imm 405030)
    I: 40110e
      Successors: 401110
  BB: 4010ce in func 4010b0 with 1 insts
    I: 4010ce
      Successors: 4010d0
  BB: 4010b0 in func 4010b0 with 3 insts
    I: 4010b0 (imm 405030)
    I: 4010b5 (imm 405030)
    I: 4010bb (flow 4010d0)
      Successors: 4010d0, 4010bd
  BB: 4010d0 in func 4010b0 with 1 insts
    I: 4010d0
      No successors
  BB: 4010d1 in func 4010b0 with 2 insts
    I: 4010d1
    I: 4010d5
      Successors: 4010e0
  BB: 401110 in func 4010b0 with 1 insts
    I: 401110
      No successors
  BB: 401111 in func 4010b0 with 2 insts
    I: 401111
    I: 401115
      No successors
  BB: 4010bd in func 4010b0 with 3 insts
    I: 4010bd
    I: 4010c2
    I: 4010c5 (flow 4010d0)
      Successors: 4010d0, 4010c7
  BB: 4010ff in func 4010b0 with 3 insts
    I: 4010ff
    I: 401104
    I: 401107 (flow 401110)
      Successors: 401110, 401109
Recovering 401120
  Analysing subroutine sub_401120 at 401120
  Subroutine sub_401120 at 401120 has 5 blocks
  BB: 401120 in func 401120 with 3 insts
    Referenced by data
    I: 401120
    I: 401124 (mem 405030)
    I: 40112b (flow 401140)
      Successors: 401140, 40112d
  BB: 401141 in func 401120 with 2 insts
    I: 401141
    I: 401145
      No successors
  BB: 401140 in func 401120 with 1 insts
    I: 401140
      No successors
  BB: 40112d in func 401120 with 6 insts
    I: 40112d
    I: 40112e
    I: 401131 (flow 4010b0)
    I: 401136 (mem 405030)
    I: 40113d
    I: 40113e
      No successors
  BB: 40113f in func 401120 with 1 insts
    I: 40113f
      Successors: 401140
Recovering 401150
  Analysing subroutine sub_401150 at 401150
  WARNING: No table entries for indirect jump at 40110e; Adding next_ea 401110 as successor.
  Subroutine sub_401150 at 401150 has 6 blocks
  BB: 4010e0 in func 401150 with 8 insts
    I: 4010e0 (imm 405030)
    I: 4010e5 (imm 405030)
    I: 4010ec
    I: 4010ef
    I: 4010f3
    I: 4010f7
    I: 4010fa
    I: 4010fd (flow 401110)
      Successors: 401110, 4010ff
  WARNING: No table entries for indirect jump at 40110e; Adding next_ea 401110 as successor.
  BB: 401109 in func 401150 with 2 insts
    I: 401109 (imm 405030)
    I: 40110e
      Successors: 401110
  BB: 401150 in func 401150 with 2 insts
    Referenced by data
    I: 401150
    I: 401154 (flow 4010e0)
      Successors: 4010e0
  BB: 401110 in func 401150 with 1 insts
    I: 401110
      No successors
  BB: 401156 in func 401150 with 1 insts
    I: 401156
      No successors
  BB: 4010ff in func 401150 with 3 insts
    I: 4010ff
    I: 401104
    I: 401107 (flow 401110)
      Successors: 401110, 401109
Recovering main at 401160
  Analysing subroutine main at 401160
  Subroutine main at 401160 has 288 blocks
  BB: 401400 in func 401160 with 3 insts
    I: 401400
    I: 401406
    I: 40140b (flow 401a91)
      Successors: 401411, 401a91
  BB: 401201 in func 401160 with 1 insts
    I: 401201 (flow 401206)
      Successors: 401206
  BB: 402003 in func 401160 with 5 insts
    I: 402003
    I: 402009
    I: 40200c
    I: 402012
    I: 40201c (flow 40262b)
      Successors: 40262b
  BB: 401805 in func 401160 with 1 insts
    I: 401805 (flow 40180a)
      Successors: 40180a
  BB: 401206 in func 401160 with 3 insts
    I: 401206
    I: 40120c
    I: 401211 (flow 401e71)
      Successors: 401e71, 401217
  BB: 40180a in func 401160 with 3 insts
    I: 40180a
    I: 401810
    I: 401815 (flow 401d17)
      Successors: 40181b, 401d17
  BB: 40160b in func 401160 with 1 insts
    I: 40160b (flow 401610)
      Successors: 401610
  BB: 40240f in func 401160 with 8 insts
    I: 40240f
    I: 402416
    I: 40241d
    I: 402422
    I: 402427
    I: 40242d
    I: 402430
    I: 402436 (flow 40262b)
      Successors: 40262b
  BB: 401610 in func 401160 with 3 insts
    I: 401610
    I: 401616
    I: 40161b (flow 401f4f)
      Successors: 401621, 401f4f
  BB: 401411 in func 401160 with 1 insts
    I: 401411 (flow 401416)
      Successors: 401416
  BB: 401e12 in func 401160 with 12 insts
    I: 401e12
    I: 401e18
    I: 401e1e
    I: 401e21
    I: 401e23
    I: 401e2a
    I: 401e2d
    I: 401e32
    I: 401e37
    I: 401e39
    I: 401e3c
    I: 401e42 (flow 40262b)
      Successors: 40262b
  BB: 402611 in func 401160 with 2 insts
    I: 402611
    I: 40261b (flow 40262b)
      Successors: 40262b
  BB: 401416 in func 401160 with 3 insts
    I: 401416
    I: 40141c
    I: 401421 (flow 402030)
      Successors: 402030, 401427
  BB: 401217 in func 401160 with 1 insts
    I: 401217 (flow 40121c)
      Successors: 40121c
  BB: 40181b in func 401160 with 1 insts
    I: 40181b (flow 401820)
      Successors: 401820
  BB: 40121c in func 401160 with 3 insts
    I: 40121c
    I: 401222
    I: 401227 (flow 401a3e)
      Successors: 40122d, 401a3e
  BB: 401a1d in func 401160 with 7 insts
    I: 401a1d
    I: 401a23
    I: 401a28
    I: 401a2d
    I: 401a30
    I: 401a33
    I: 401a39 (flow 40262b)
      Successors: 40262b
  BB: 401820 in func 401160 with 3 insts
    I: 401820
    I: 401826
    I: 40182b (flow 4024f5)
      Successors: 401831, 4024f5
  BB: 401621 in func 401160 with 1 insts
    I: 401621 (flow 401626)
      Successors: 401626
  BB: 402021 in func 401160 with 2 insts
    I: 402021
    I: 40202b (flow 40262b)
      Successors: 40262b
  BB: 402221 in func 401160 with 7 insts
    I: 402221
    I: 402228
    I: 40222d
    I: 402232
    I: 40223a
    I: 40223d
    I: 402243 (flow 40262b)
      Successors: 40262b
  BB: 402620 in func 401160 with 4 insts
    I: 402620
    I: 402622
    I: 402629
    I: 40262a
      No successors
  BB: 401626 in func 401160 with 3 insts
    I: 401626
    I: 40162c
    I: 401631 (flow 4025ab)
      Successors: 4025ab, 401637
  BB: 401427 in func 401160 with 1 insts
    I: 401427 (flow 40142c)
      Successors: 40142c
  BB: 401c26 in func 401160 with 8 insts
    I: 401c26
    I: 401c2d
    I: 401c32
    I: 401c37
    I: 401c3f
    I: 401c42
    I: 401c48
    I: 401c4f (flow 40262b)
      Successors: 40262b
  BB: 40262b in func 401160 with 1 insts
    I: 40262b (flow 40117c)
      Successors: 40117c
  BB: 40142c in func 401160 with 3 insts
    I: 40142c
    I: 401432
    I: 401437 (flow 401a1d)
      Successors: 401a1d, 40143d
  BB: 40122d in func 401160 with 1 insts
    I: 40122d (flow 401232)
      Successors: 401232
  BB: 402030 in func 401160 with 4 insts
    I: 402030
    I: 402036
    I: 40203c
    I: 402046 (flow 40262b)
      Successors: 40262b
  BB: 401831 in func 401160 with 1 insts
    I: 401831 (flow 401836)
      Successors: 401836
  BB: 401232 in func 401160 with 3 insts
    I: 401232
    I: 401238
    I: 40123d (flow 40235b)
      Successors: 40235b, 401243
  BB: 401836 in func 401160 with 3 insts
    I: 401836
    I: 40183c
    I: 401841 (flow 401b82)
      Successors: 401b82, 401847
  BB: 401637 in func 401160 with 1 insts
    I: 401637 (flow 40163c)
      Successors: 40163c
  BB: 40243b in func 401160 with 5 insts
    I: 40243b
    I: 402441
    I: 402448
    I: 40244f
    I: 402459 (flow 40262b)
      Successors: 40262b
  BB: 40163c in func 401160 with 3 insts
    I: 40163c
    I: 401642
    I: 401647 (flow 401ca0)
      Successors: 401ca0, 40164d
  BB: 40143d in func 401160 with 1 insts
    I: 40143d (flow 401442)
      Successors: 401442
  BB: 401a3e in func 401160 with 9 insts
    I: 401a3e
    I: 401a45
    I: 401a4c
    I: 401a50
    I: 401a53 (imm 403004)
    I: 401a5d
    I: 401a5f (flow 405058)
    I: 401a64
    I: 401a6e (flow 40262b)
      Successors: 40262b
  BB: 401442 in func 401160 with 3 insts
    I: 401442
    I: 401448
    I: 40144d (flow 402620)
      Successors: 402620, 401453
  BB: 401243 in func 401160 with 1 insts
    I: 401243 (flow 401248)
      Successors: 401248
  BB: 401847 in func 401160 with 1 insts
    I: 401847 (flow 40184c)
      Successors: 40184c
  BB: 401248 in func 401160 with 3 insts
    I: 401248
    I: 40124e
    I: 401253 (flow 401fcd)
      Successors: 401259, 401fcd
  BB: 401e47 in func 401160 with 8 insts
    I: 401e47
    I: 401e4d
    I: 401e50
    I: 401e52
    I: 401e59
    I: 401e5c
    I: 401e62
    I: 401e6c (flow 40262b)
      Successors: 40262b
  BB: 402248 in func 401160 with 4 insts
    I: 402248
    I: 40224e
    I: 402254
    I: 40225e (flow 40262b)
      Successors: 40262b
  BB: 40204b in func 401160 with 2 insts
    I: 40204b
    I: 402055 (flow 40262b)
      Successors: 40262b
  BB: 40184c in func 401160 with 3 insts
    I: 40184c
    I: 401852
    I: 401857 (flow 401bfb)
      Successors: 401bfb, 40185d
  BB: 40164d in func 401160 with 1 insts
    I: 40164d (flow 401652)
      Successors: 401652
  BB: 401652 in func 401160 with 3 insts
    I: 401652
    I: 401658
    I: 40165d (flow 4023d9)
      Successors: 4023d9, 401663
  BB: 401453 in func 401160 with 1 insts
    I: 401453 (flow 401458)
      Successors: 401458
  BB: 401c54 in func 401160 with 9 insts
    I: 401c54
    I: 401c5a
    I: 401c5d
    I: 401c5f
    I: 401c67
    I: 401c6a
    I: 401c74
    I: 401c76
    I: 401c7c (flow 40262b)
      Successors: 40262b
  BB: 401458 in func 401160 with 3 insts
    I: 401458
    I: 40145e
    I: 401463 (flow 40230a)
      Successors: 401469, 40230a
  BB: 401259 in func 401160 with 1 insts
    I: 401259 (flow 40125e)
      Successors: 40125e
  BB: 40205a in func 401160 with 7 insts
    I: 40205a
    I: 402061
    I: 402066
    I: 40206b
    I: 402073
    I: 402076
    I: 40207c (flow 40262b)
      Successors: 40262b
  BB: 40185d in func 401160 with 1 insts
    I: 40185d (flow 401862)
      Successors: 401862
  BB: 40125e in func 401160 with 3 insts
    I: 40125e
    I: 401264
    I: 401269 (flow 401b25)
      Successors: 401b25, 40126f
  BB: 40245e in func 401160 with 2 insts
    I: 40245e
    I: 402468 (flow 40262b)
      Successors: 40262b
  BB: 401862 in func 401160 with 3 insts
    I: 401862
    I: 401868
    I: 40186d (flow 402611)
      Successors: 402611, 401873
  BB: 401663 in func 401160 with 1 insts
    I: 401663 (flow 401668)
      Successors: 401668
  BB: 402263 in func 401160 with 8 insts
    I: 402263
    I: 40226a
    I: 40226f
    I: 402274
    I: 40227c
    I: 40227f
    I: 402285
    I: 40228c (flow 40262b)
      Successors: 40262b
  BB: 401668 in func 401160 with 3 insts
    I: 401668
    I: 40166e
    I: 401673 (flow 401d87)
      Successors: 401679, 401d87
  BB: 401469 in func 401160 with 1 insts
    I: 401469 (flow 40146e)
      Successors: 40146e
  BB: 40246d in func 401160 with 2 insts
    I: 40246d
    I: 402477 (flow 40262b)
      Successors: 40262b
  BB: 40146e in func 401160 with 3 insts
    I: 40146e
    I: 401474
    I: 401479 (flow 401ccd)
      Successors: 401ccd, 40147f
  BB: 40126f in func 401160 with 1 insts
    I: 40126f (flow 401274)
      Successors: 401274
  BB: 401e71 in func 401160 with 6 insts
    I: 401e71
    I: 401e76
    I: 401e7b
    I: 401e85
    I: 401e88
    I: 401e8e (flow 40262b)
      Successors: 40262b
  BB: 401873 in func 401160 with 1 insts
    I: 401873 (flow 401878)
      Successors: 401878
  BB: 401274 in func 401160 with 3 insts
    I: 401274
    I: 40127a
    I: 40127f (flow 402291)
      Successors: 402291, 401285
  BB: 401a73 in func 401160 with 5 insts
    I: 401a73
    I: 401a79
    I: 401a7c
    I: 401a82
    I: 401a8c (flow 40262b)
      Successors: 40262b
  BB: 401878 in func 401160 with 3 insts
    I: 401878
    I: 40187e
    I: 401883 (flow 402003)
      Successors: 401889, 402003
  BB: 401679 in func 401160 with 1 insts
    I: 401679 (flow 40167e)
      Successors: 40167e
  BB: 40247c in func 401160 with 5 insts
    I: 40247c
    I: 402482
    I: 402485
    I: 40248b
    I: 402495 (flow 40262b)
      Successors: 40262b
  BB: 40167e in func 401160 with 3 insts
    I: 40167e
    I: 401684
    I: 401689 (flow 401c54)
      Successors: 401c54, 40168f
  BB: 40147f in func 401160 with 1 insts
    I: 40147f (flow 401484)
      Successors: 401484
  BB: 401c81 in func 401160 with 6 insts
    I: 401c81
    I: 401c86
    I: 401c8b
    I: 401c92
    I: 401c95
    I: 401c9b (flow 40262b)
      Successors: 40262b
  BB: 402081 in func 401160 with 8 insts
    I: 402081
    I: 402088
    I: 40208f
    I: 402094
    I: 402099
    I: 40209f
    I: 4020a2
    I: 4020a8 (flow 40262b)
      Successors: 40262b
  BB: 401484 in func 401160 with 3 insts
    I: 401484
    I: 40148a
    I: 40148f (flow 4020df)
      Successors: 401495, 4020df
  BB: 401285 in func 401160 with 1 insts
    I: 401285 (flow 40128a)
      Successors: 40128a
  BB: 4013fb in func 401160 with 1 insts
    I: 4013fb (flow 401400)
      Successors: 401400
  BB: 401889 in func 401160 with 1 insts
    I: 401889 (flow 40188e)
      Successors: 40188e
  BB: 40128a in func 401160 with 3 insts
    I: 40128a
    I: 401290
    I: 401295 (flow 40240f)
      Successors: 40129b, 40240f
  BB: 40188e in func 401160 with 3 insts
    I: 40188e
    I: 401894
    I: 401899 (flow 401f30)
      Successors: 401f30, 40189f
  BB: 40168f in func 401160 with 1 insts
    I: 40168f (flow 401694)
      Successors: 401694
  BB: 401a91 in func 401160 with 3 insts
    I: 401a91
    I: 401a9b
    I: 401aa5 (flow 40262b)
      Successors: 40262b
  BB: 402291 in func 401160 with 9 insts
    I: 402291
    I: 402297
    I: 40229a
    I: 40229c
    I: 4022a4
    I: 4022a7
    I: 4022b1
    I: 4022b3
    I: 4022b9 (flow 40262b)
      Successors: 40262b
  BB: 401e93 in func 401160 with 7 insts
    I: 401e93
    I: 401e9a
    I: 401e9f
    I: 401ea4
    I: 401eac
    I: 401eaf
    I: 401eb5 (flow 40262b)
      Successors: 40262b
  BB: 401694 in func 401160 with 3 insts
    I: 401694
    I: 40169a
    I: 40169f (flow 401b07)
      Successors: 4016a5, 401b07
  BB: 401495 in func 401160 with 1 insts
    I: 401495 (flow 40149a)
      Successors: 40149a
  BB: 40149a in func 401160 with 3 insts
    I: 40149a
    I: 4014a0
    I: 4014a5 (flow 40251e)
      Successors: 4014ab, 40251e
  BB: 40129b in func 401160 with 1 insts
    I: 40129b (flow 4012a0)
      Successors: 4012a0
  BB: 40249a in func 401160 with 2 insts
    I: 40249a
    I: 4024a4 (flow 40262b)
      Successors: 40262b
  BB: 40189f in func 401160 with 1 insts
    I: 40189f (flow 4018a4)
      Successors: 4018a4
  BB: 4012a0 in func 401160 with 3 insts
    I: 4012a0
    I: 4012a6
    I: 4012ab (flow 4025cd)
      Successors: 4012b1, 4025cd
  BB: 401ca0 in func 401160 with 2 insts
    I: 401ca0
    I: 401caa (flow 40262b)
      Successors: 40262b
  BB: 4018a4 in func 401160 with 3 insts
    I: 4018a4
    I: 4018aa
    I: 4018af (flow 4023e8)
      Successors: 4023e8, 4018b5
  BB: 4016a5 in func 401160 with 1 insts
    I: 4016a5 (flow 4016aa)
      Successors: 4016aa
  BB: 4024a9 in func 401160 with 5 insts
    I: 4024a9
    I: 4024af
    I: 4024b2
    I: 4024b8
    I: 4024c2 (flow 40262b)
      Successors: 40262b
  BB: 4016aa in func 401160 with 3 insts
    I: 4016aa
    I: 4016b0
    I: 4016b5 (flow 402248)
      Successors: 402248, 4016bb
  BB: 4014ab in func 401160 with 1 insts
    I: 4014ab (flow 4014b0)
      Successors: 4014b0
  BB: 401aaa in func 401160 with 7 insts
    I: 401aaa
    I: 401ab0
    I: 401ab5
    I: 401aba
    I: 401abd
    I: 401ac0
    I: 401ac6 (flow 40262b)
      Successors: 40262b
  BB: 4020ad in func 401160 with 5 insts
    I: 4020ad
    I: 4020b3
    I: 4020ba
    I: 4020c1
    I: 4020cb (flow 40262b)
      Successors: 40262b
  BB: 401caf in func 401160 with 5 insts
    I: 401caf
    I: 401cb5
    I: 401cb8
    I: 401cbe
    I: 401cc8 (flow 40262b)
      Successors: 40262b
  BB: 4014b0 in func 401160 with 3 insts
    I: 4014b0
    I: 4014b6
    I: 4014bb (flow 4021d5)
      Successors: 4014c1, 4021d5
  BB: 4012b1 in func 401160 with 1 insts
    I: 4012b1 (flow 4012b6)
      Successors: 4012b6
  BB: 4018b5 in func 401160 with 1 insts
    I: 4018b5 (flow 4018ba)
      Successors: 4018ba
  BB: 4012b6 in func 401160 with 3 insts
    I: 4012b6
    I: 4012bc
    I: 4012c1 (flow 401d51)
      Successors: 401d51, 4012c7
  BB: 4018ba in func 401160 with 3 insts
    I: 4018ba
    I: 4018c0
    I: 4018c5 (flow 4019e2)
      Successors: 4019e2, 4018cb
  BB: 4016bb in func 401160 with 1 insts
    I: 4016bb (flow 4016c0)
      Successors: 4016c0
  BB: 401eba in func 401160 with 4 insts
    I: 401eba
    I: 401ec0
    I: 401ec6
    I: 401ed0 (flow 40262b)
      Successors: 40262b
  BB: 4022be in func 401160 with 6 insts
    I: 4022be
    I: 4022c3
    I: 4022c8
    I: 4022cf
    I: 4022d2
    I: 4022d8 (flow 40262b)
      Successors: 40262b
  BB: 4016c0 in func 401160 with 3 insts
    I: 4016c0
    I: 4016c6
    I: 4016cb (flow 4020d0)
      Successors: 4020d0, 4016d1
  BB: 4014c1 in func 401160 with 1 insts
    I: 4014c1 (flow 4014c6)
      Successors: 4014c6
  BB: 4014c6 in func 401160 with 3 insts
    I: 4014c6
    I: 4014cc
    I: 4014d1 (flow 401f03)
      Successors: 401f03, 4014d7
  BB: 4012c7 in func 401160 with 1 insts
    I: 4012c7 (flow 4012cc)
      Successors: 4012cc
  BB: 4024c7 in func 401160 with 8 insts
    I: 4024c7
    I: 4024d1
    I: 4024d5
    I: 4024da
    I: 4024df
    I: 4024e7
    I: 4024ea
    I: 4024f0 (flow 40262b)
      Successors: 40262b
  BB: 4018cb in func 401160 with 1 insts
    I: 4018cb (flow 4018d0)
      Successors: 4018d0
  BB: 4012cc in func 401160 with 3 insts
    I: 4012cc
    I: 4012d2
    I: 4012d7 (flow 4024a9)
      Successors: 4024a9, 4012dd
  BB: 401acb in func 401160 with 10 insts
    I: 401acb
    I: 401ad2
    I: 401ad9
    I: 401ae0
    I: 401ae4
    I: 401ae7 (imm 403004)
    I: 401af1
    I: 401af3 (flow 405058)
    I: 401af8
    I: 401b02 (flow 40262b)
      Successors: 40262b
  BB: 401ccd in func 401160 with 5 insts
    I: 401ccd
    I: 401cd4
    I: 401cdf
    I: 401ce9
    I: 401cf3 (flow 40262b)
      Successors: 40262b
  BB: 4018d0 in func 401160 with 3 insts
    I: 4018d0
    I: 4018d6
    I: 4018db (flow 40205a)
      Successors: 4018e1, 40205a
  BB: 4016d1 in func 401160 with 1 insts
    I: 4016d1 (flow 4016d6)
      Successors: 4016d6
  BB: 4020d0 in func 401160 with 2 insts
    I: 4020d0
    I: 4020da (flow 40262b)
      Successors: 40262b
  BB: 401ed5 in func 401160 with 8 insts
    I: 401ed5
    I: 401edc
    I: 401ee1
    I: 401ee6
    I: 401eee
    I: 401ef1
    I: 401ef7
    I: 401efe (flow 40262b)
      Successors: 40262b
  BB: 4016d6 in func 401160 with 3 insts
    I: 4016d6
    I: 4016dc
    I: 4016e1 (flow 40246d)
      Successors: 40246d, 4016e7
  BB: 4014d7 in func 401160 with 1 insts
    I: 4014d7 (flow 4014dc)
      Successors: 4014dc
  BB: 4014dc in func 401160 with 3 insts
    I: 4014dc
    I: 4014e2
    I: 4014e7 (flow 401c81)
      Successors: 401c81, 4014ed
  BB: 4012dd in func 401160 with 1 insts
    I: 4012dd (flow 4012e2)
      Successors: 4012e2
  BB: 4022dd in func 401160 with 2 insts
    I: 4022dd
    I: 4022e7 (flow 40262b)
      Successors: 40262b
  BB: 4020df in func 401160 with 10 insts
    I: 4020df
    I: 4020e9
    I: 4020ef
    I: 4020f2
    I: 4020f5
    I: 4020fa
    I: 4020ff
    I: 402107
    I: 40210a
    I: 402110 (flow 40262b)
      Successors: 40262b
  BB: 4018e1 in func 401160 with 1 insts
    I: 4018e1 (flow 4018e6)
      Successors: 4018e6
  BB: 4012e2 in func 401160 with 3 insts
    I: 4012e2
    I: 4012e8
    I: 4012ed (flow 402391)
      Successors: 402391, 4012f3
  BB: 4018e6 in func 401160 with 3 insts
    I: 4018e6
    I: 4018ec
    I: 4018f1 (flow 401eba)
      Successors: 401eba, 4018f7
  BB: 4016e7 in func 401160 with 1 insts
    I: 4016e7 (flow 4016ec)
      Successors: 4016ec
  BB: 4016ec in func 401160 with 3 insts
    I: 4016ec
    I: 4016f2
    I: 4016f7 (flow 402174)
      Successors: 402174, 4016fd
  BB: 4014ed in func 401160 with 1 insts
    I: 4014ed (flow 4014f2)
      Successors: 4014f2
  BB: 4022ec in func 401160 with 5 insts
    I: 4022ec
    I: 4022f2
    I: 4022f5
    I: 4022fb
    I: 402305 (flow 40262b)
      Successors: 40262b
  BB: 4014f2 in func 401160 with 3 insts
    I: 4014f2
    I: 4014f8
    I: 4014fd (flow 401e93)
      Successors: 401503, 401e93
  BB: 4012f3 in func 401160 with 1 insts
    I: 4012f3 (flow 4012f8)
      Successors: 4012f8
  BB: 4024f5 in func 401160 with 8 insts
    I: 4024f5
    I: 4024fb
    I: 4024ff
    I: 402504
    I: 402509
    I: 402510
    I: 402513
    I: 402519 (flow 40262b)
      Successors: 40262b
  BB: 4018f7 in func 401160 with 1 insts
    I: 4018f7 (flow 4018fc)
      Successors: 4018fc
  BB: 4012f8 in func 401160 with 3 insts
    I: 4012f8
    I: 4012fe
    I: 401303 (flow 401bce)
      Successors: 401309, 401bce
  BB: 401cf8 in func 401160 with 6 insts
    I: 401cf8
    I: 401cfd
    I: 401d02
    I: 401d09
    I: 401d0c
    I: 401d12 (flow 40262b)
      Successors: 40262b
  BB: 4018fc in func 401160 with 3 insts
    I: 4018fc
    I: 401902
    I: 401907 (flow 401aaa)
      Successors: 401aaa, 40190d
  BB: 4016fd in func 401160 with 1 insts
    I: 4016fd (flow 401702)
      Successors: 401702
  BB: 401702 in func 401160 with 3 insts
    I: 401702
    I: 401708
    I: 40170d (flow 401ed5)
      Successors: 401713, 401ed5
  BB: 401503 in func 401160 with 1 insts
    I: 401503 (flow 401508)
      Successors: 401508
  BB: 401f03 in func 401160 with 9 insts
    I: 401f03
    I: 401f09
    I: 401f0c
    I: 401f0e
    I: 401f16
    I: 401f19
    I: 401f23
    I: 401f25
    I: 401f2b (flow 40262b)
      Successors: 40262b
  BB: 401b07 in func 401160 with 5 insts
    I: 401b07
    I: 401b0d
    I: 401b10
    I: 401b16
    I: 401b20 (flow 40262b)
      Successors: 40262b
  BB: 401508 in func 401160 with 3 insts
    I: 401508
    I: 40150e
    I: 401513 (flow 4023af)
      Successors: 401519, 4023af
  BB: 401309 in func 401160 with 1 insts
    I: 401309 (flow 40130e)
      Successors: 40130e
  BB: 40230a in func 401160 with 2 insts
    I: 40230a
    I: 402314 (flow 40262b)
      Successors: 40262b
  BB: 40190d in func 401160 with 1 insts
    I: 40190d (flow 401912)
      Successors: 401912
  BB: 40130e in func 401160 with 3 insts
    I: 40130e
    I: 401314
    I: 401319 (flow 402562)
      Successors: 402562, 40131f
  BB: 401912 in func 401160 with 3 insts
    I: 401912
    I: 401918
    I: 40191d (flow 401d30)
      Successors: 401d30, 401923
  BB: 401713 in func 401160 with 1 insts
    I: 401713 (flow 401718)
      Successors: 401718
  BB: 402115 in func 401160 with 12 insts
    I: 402115
    I: 40211b
    I: 402121
    I: 402124
    I: 402126
    I: 40212d
    I: 402130
    I: 402135
    I: 40213a
    I: 40213c
    I: 40213f
    I: 402145 (flow 40262b)
      Successors: 40262b
  BB: 401d17 in func 401160 with 3 insts
    I: 401d17
    I: 401d21
    I: 401d2b (flow 40262b)
      Successors: 40262b
  BB: 401718 in func 401160 with 3 insts
    I: 401718
    I: 40171e
    I: 401723 (flow 401c26)
      Successors: 401729, 401c26
  BB: 401519 in func 401160 with 1 insts
    I: 401519 (flow 40151e)
      Successors: 40151e
  BB: 402319 in func 401160 with 7 insts
    I: 402319
    I: 402320
    I: 402325
    I: 40232a
    I: 402332
    I: 402335
    I: 40233b (flow 40262b)
      Successors: 40262b
  BB: 40151e in func 401160 with 3 insts
    I: 40151e
    I: 401524
    I: 401529 (flow 4024c7)
      Successors: 4024c7, 40152f
  BB: 40131f in func 401160 with 1 insts
    I: 40131f (flow 401324)
      Successors: 401324
  BB: 40251e in func 401160 with 5 insts
    I: 40251e
    I: 402522
    I: 402529
    I: 40252f
    I: 402539 (flow 40262b)
      Successors: 40262b
  BB: 401923 in func 401160 with 1 insts
    I: 401923 (flow 401928)
      Successors: 401928
  BB: 401324 in func 401160 with 3 insts
    I: 401324
    I: 40132a
    I: 40132f (flow 401ff4)
      Successors: 401ff4, 401335
  BB: 401b25 in func 401160 with 7 insts
    I: 401b25
    I: 401b2c
    I: 401b31
    I: 401b36 (flow 405050)
    I: 401b3b
    I: 401b45
    I: 401b4f (flow 40262b)
      Successors: 40262b
  BB: 401928 in func 401160 with 3 insts
    I: 401928
    I: 40192e
    I: 401933 (flow 4023be)
      Successors: 401939, 4023be
  BB: 401729 in func 401160 with 1 insts
    I: 401729 (flow 40172e)
      Successors: 40172e
  BB: 40172e in func 401160 with 3 insts
    I: 40172e
    I: 401734
    I: 401739 (flow 401dbc)
      Successors: 401dbc, 40173f
  BB: 40152f in func 401160 with 1 insts
    I: 40152f (flow 401534)
      Successors: 401534
  BB: 401d30 in func 401160 with 7 insts
    I: 401d30
    I: 401d36
    I: 401d3b
    I: 401d40
    I: 401d43
    I: 401d46
    I: 401d4c (flow 40262b)
      Successors: 40262b
  BB: 401f30 in func 401160 with 6 insts
    I: 401f30
    I: 401f35
    I: 401f3a
    I: 401f41
    I: 401f44
    I: 401f4a (flow 40262b)
      Successors: 40262b
  BB: 401534 in func 401160 with 3 insts
    I: 401534
    I: 40153a
    I: 40153f (flow 4025eb)
      Successors: 4025eb, 401545
  BB: 401335 in func 401160 with 1 insts
    I: 401335 (flow 40133a)
      Successors: 40133a
  BB: 401939 in func 401160 with 1 insts
    I: 401939 (flow 40193e)
      Successors: 40193e
  BB: 40133a in func 401160 with 3 insts
    I: 40133a
    I: 401340
    I: 401345 (flow 4022dd)
      Successors: 40134b, 4022dd
  BB: 40193e in func 401160 with 3 insts
    I: 40193e
    I: 401944
    I: 401949 (flow 40204b)
      Successors: 40204b, 40194f
  BB: 40173f in func 401160 with 1 insts
    I: 40173f (flow 401744)
      Successors: 401744
  BB: 402340 in func 401160 with 4 insts
    I: 402340
    I: 402346
    I: 40234c
    I: 402356 (flow 40262b)
      Successors: 40262b
  BB: 40253e in func 401160 with 7 insts
    I: 40253e
    I: 402542
    I: 402547
    I: 40254c
    I: 402554
    I: 402557
    I: 40255d (flow 40262b)
      Successors: 40262b
  BB: 401744 in func 401160 with 3 insts
    I: 401744
    I: 40174a
    I: 40174f (flow 4022be)
      Successors: 401755, 4022be
  BB: 401545 in func 401160 with 1 insts
    I: 401545 (flow 40154a)
      Successors: 40154a
  BB: 40154a in func 401160 with 3 insts
    I: 40154a
    I: 401550
    I: 401555 (flow 402081)
      Successors: 402081, 40155b
  BB: 40134b in func 401160 with 1 insts
    I: 40134b (flow 401350)
      Successors: 401350
  BB: 40214a in func 401160 with 8 insts
    I: 40214a
    I: 402150
    I: 402153
    I: 402155
    I: 40215c
    I: 40215f
    I: 402165
    I: 40216f (flow 40262b)
      Successors: 40262b
  BB: 40194f in func 401160 with 1 insts
    I: 40194f (flow 401954)
      Successors: 401954
  BB: 401350 in func 401160 with 3 insts
    I: 401350
    I: 401356
    I: 40135b (flow 40245e)
      Successors: 401361, 40245e
  BB: 401d51 in func 401160 with 10 insts
    I: 401d51
    I: 401d5b
    I: 401d61
    I: 401d64
    I: 401d67
    I: 401d6c
    I: 401d71
    I: 401d79
    I: 401d7c
    I: 401d82 (flow 40262b)
      Successors: 40262b
  BB: 401f4f in func 401160 with 2 insts
    I: 401f4f
    I: 401f59 (flow 40262b)
      Successors: 40262b
  BB: 401954 in func 401160 with 3 insts
    I: 401954
    I: 40195a
    I: 40195f (flow 401baf)
      Successors: 401965, 401baf
  BB: 401755 in func 401160 with 1 insts
    I: 401755 (flow 40175a)
      Successors: 40175a
  BB: 401b54 in func 401160 with 8 insts
    I: 401b54
    I: 401b5b
    I: 401b60
    I: 401b65
    I: 401b6d
    I: 401b70
    I: 401b76
    I: 401b7d (flow 40262b)
      Successors: 40262b
  BB: 40175a in func 401160 with 3 insts
    I: 40175a
    I: 401760
    I: 401765 (flow 401e12)
      Successors: 401e12, 40176b
  BB: 40155b in func 401160 with 1 insts
    I: 40155b (flow 401560)
      Successors: 401560
  BB: 40235b in func 401160 with 7 insts
    I: 40235b
    I: 402362
    I: 402367
    I: 40236c
    I: 402374
    I: 402377
    I: 40237d (flow 40262b)
      Successors: 40262b
  BB: 401f5e in func 401160 with 5 insts
    I: 401f5e
    I: 401f64
    I: 401f67
    I: 401f6d
    I: 401f77 (flow 40262b)
      Successors: 40262b
  BB: 401160 in func 401160 with 5 insts
    Referenced by data
    I: 401160
    I: 401161
    I: 401164
    I: 40116b
    I: 401172
      Successors: 40117c
  BB: 401361 in func 401160 with 1 insts
    I: 401361 (flow 401366)
      Successors: 401366
  BB: 401560 in func 401160 with 3 insts
    I: 401560
    I: 401566
    I: 40156b (flow 401f7c)
      Successors: 401571, 401f7c
  BB: 402562 in func 401160 with 8 insts
    I: 402562
    I: 402568
    I: 40256c
    I: 402571
    I: 402576
    I: 40257d
    I: 402580
    I: 402586 (flow 40262b)
      Successors: 40262b
  BB: 401965 in func 401160 with 1 insts
    I: 401965 (flow 40196a)
      Successors: 40196a
  BB: 401366 in func 401160 with 3 insts
    I: 401366
    I: 40136c
    I: 401371 (flow 40243b)
      Successors: 40243b, 401377
  BB: 40196a in func 401160 with 3 insts
    I: 40196a
    I: 401970
    I: 401975 (flow 401bdd)
      Successors: 40197b, 401bdd
  BB: 40176b in func 401160 with 1 insts
    I: 40176b (flow 401770)
      Successors: 401770
  BB: 401770 in func 401160 with 3 insts
    I: 401770
    I: 401776
    I: 40177b (flow 401f8b)
      Successors: 401781, 401f8b
  BB: 401571 in func 401160 with 1 insts
    I: 401571 (flow 401576)
      Successors: 401576
  BB: 402174 in func 401160 with 9 insts
    I: 402174
    I: 40217a
    I: 40217d
    I: 402180
    I: 402185
    I: 40218a
    I: 402192
    I: 402195
    I: 40219b (flow 40262b)
      Successors: 40262b
  BB: 401576 in func 401160 with 3 insts
    I: 401576
    I: 40157c
    I: 401581 (flow 4022ec)
      Successors: 4022ec, 401587
  BB: 401377 in func 401160 with 1 insts
    I: 401377 (flow 40137c)
      Successors: 40137c
  BB: 40197b in func 401160 with 1 insts
    I: 40197b (flow 401980)
      Successors: 401980
  BB: 40137c in func 401160 with 3 insts
    I: 40137c
    I: 401382
    I: 401387 (flow 401caf)
      Successors: 40138d, 401caf
  BB: 40117c in func 401160 with 4 insts
    I: 40117c
    I: 401182
    I: 401188
    I: 40118d (flow 401acb)
      Successors: 401193, 401acb
  BB: 401f7c in func 401160 with 2 insts
    I: 401f7c
    I: 401f86 (flow 40262b)
      Successors: 40262b
  BB: 401980 in func 401160 with 3 insts
    I: 401980
    I: 401986
    I: 40198b (flow 4021ff)
      Successors: 401991, 4021ff
  BB: 401781 in func 401160 with 1 insts
    I: 401781 (flow 401786)
      Successors: 401786
  BB: 401b82 in func 401160 with 9 insts
    I: 401b82
    I: 401b88
    I: 401b8b
    I: 401b8d
    I: 401b95
    I: 401b98
    I: 401ba2
    I: 401ba4
    I: 401baa (flow 40262b)
      Successors: 40262b
  BB: 402382 in func 401160 with 2 insts
    I: 402382
    I: 40238c (flow 40262b)
      Successors: 40262b
  BB: 401786 in func 401160 with 3 insts
    I: 401786
    I: 40178c
    I: 401791 (flow 4021a0)
      Successors: 4021a0, 401797
  BB: 401587 in func 401160 with 1 insts
    I: 401587 (flow 40158c)
      Successors: 40158c
  BB: 401d87 in func 401160 with 12 insts
    I: 401d87
    I: 401d8d
    I: 401d93
    I: 401d96
    I: 401d98
    I: 401d9f
    I: 401da2
    I: 401da7
    I: 401dac
    I: 401dae
    I: 401db1
    I: 401db7 (flow 40262b)
      Successors: 40262b
  BB: 401f8b in func 401160 with 7 insts
    I: 401f8b
    I: 401f92
    I: 401f97
    I: 401f9c
    I: 401fa4
    I: 401fa7
    I: 401fad (flow 40262b)
      Successors: 40262b
  BB: 40158c in func 401160 with 3 insts
    I: 40158c
    I: 401592
    I: 401597 (flow 402115)
      Successors: 402115, 40159d
  BB: 40138d in func 401160 with 1 insts
    I: 40138d (flow 401392)
      Successors: 401392
  BB: 40258b in func 401160 with 5 insts
    I: 40258b
    I: 40258f
    I: 402596
    I: 40259c
    I: 4025a6 (flow 40262b)
      Successors: 40262b
  BB: 401991 in func 401160 with 1 insts
    I: 401991 (flow 401996)
      Successors: 401996
  BB: 401392 in func 401160 with 3 insts
    I: 401392
    I: 401398
    I: 40139d (flow 402221)
      Successors: 402221, 4013a3
  BB: 401193 in func 401160 with 1 insts
    I: 401193 (flow 401198)
      Successors: 401198
  BB: 402391 in func 401160 with 5 insts
    I: 402391
    I: 402397
    I: 40239a
    I: 4023a0
    I: 4023aa (flow 40262b)
      Successors: 40262b
  BB: 401996 in func 401160 with 3 insts
    I: 401996
    I: 40199c
    I: 4019a1 (flow 401b54)
      Successors: 401b54, 4019a7
  BB: 401797 in func 401160 with 1 insts
    I: 401797 (flow 40179c)
      Successors: 40179c
  BB: 401198 in func 401160 with 3 insts
    I: 401198
    I: 40119e
    I: 4011a3 (flow 401cf8)
      Successors: 401cf8, 4011a9
  BB: 40179c in func 401160 with 3 insts
    I: 40179c
    I: 4017a2
    I: 4017a7 (flow 40249a)
      Successors: 40249a, 4017ad
  BB: 40159d in func 401160 with 1 insts
    I: 40159d (flow 4015a2)
      Successors: 4015a2
  BB: 4021a0 in func 401160 with 12 insts
    I: 4021a0
    I: 4021a6
    I: 4021ac
    I: 4021af
    I: 4021b1
    I: 4021b8
    I: 4021bb
    I: 4021c0
    I: 4021c5
    I: 4021c7
    I: 4021ca
    I: 4021d0 (flow 40262b)
      Successors: 40262b
  BB: 4015a2 in func 401160 with 3 insts
    I: 4015a2
    I: 4015a8
    I: 4015ad (flow 402340)
      Successors: 402340, 4015b3
  BB: 4013a3 in func 401160 with 1 insts
    I: 4013a3 (flow 4013a8)
      Successors: 4013a8
  BB: 4019a7 in func 401160 with 1 insts
    I: 4019a7 (flow 4019ac)
      Successors: 4019ac
  BB: 4013a8 in func 401160 with 3 insts
    I: 4013a8
    I: 4013ae
    I: 4013b3 (flow 401a73)
      Successors: 4013b9, 401a73
  BB: 4011a9 in func 401160 with 1 insts
    I: 4011a9 (flow 4011ae)
      Successors: 4011ae
  BB: 4025ab in func 401160 with 6 insts
    I: 4025ab
    I: 4025b0
    I: 4025b5
    I: 4025bf
    I: 4025c2
    I: 4025c8 (flow 40262b)
      Successors: 40262b
  BB: 4019ac in func 401160 with 1 insts
    I: 4019ac (flow 40262b)
      Successors: 40262b
  BB: 4017ad in func 401160 with 1 insts
    I: 4017ad (flow 4017b2)
      Successors: 4017b2
  BB: 4011ae in func 401160 with 3 insts
    I: 4011ae
    I: 4011b4
    I: 4011b9 (flow 40253e)
      Successors: 40253e, 4011bf
  BB: 401baf in func 401160 with 6 insts
    I: 401baf
    I: 401bb4
    I: 401bb9
    I: 401bc0
    I: 401bc3
    I: 401bc9 (flow 40262b)
      Successors: 40262b
  BB: 4023af in func 401160 with 2 insts
    I: 4023af
    I: 4023b9 (flow 40262b)
      Successors: 40262b
  BB: 4019b1 in func 401160 with 10 insts
    I: 4019b1 (imm 403004)
    I: 4019bb
    I: 4019bf
    I: 4019c1 (flow 405058)
    I: 4019c6
    I: 4019cb
    I: 4019d0
    I: 4019d4
    I: 4019d7
    I: 4019dd (flow 40262b)
      Successors: 40262b
  BB: 4017b2 in func 401160 with 3 insts
    I: 4017b2
    I: 4017b8
    I: 4017bd (flow 401de6)
      Successors: 4017c3, 401de6
  BB: 4015b3 in func 401160 with 1 insts
    I: 4015b3 (flow 4015b8)
      Successors: 4015b8
  BB: 401fb2 in func 401160 with 4 insts
    I: 401fb2
    I: 401fb8
    I: 401fbe
    I: 401fc8 (flow 40262b)
      Successors: 40262b
  BB: 4015b8 in func 401160 with 3 insts
    I: 4015b8
    I: 4015be
    I: 4015c3 (flow 402021)
      Successors: 4015c9, 402021
  BB: 4013b9 in func 401160 with 1 insts
    I: 4013b9 (flow 4013be)
      Successors: 4013be
  BB: 401dbc in func 401160 with 8 insts
    I: 401dbc
    I: 401dc2
    I: 401dc5
    I: 401dc7
    I: 401dce
    I: 401dd1
    I: 401dd7
    I: 401de1 (flow 40262b)
      Successors: 40262b
  BB: 4013be in func 401160 with 3 insts
    I: 4013be
    I: 4013c4
    I: 4013c9 (flow 4019f1)
      Successors: 4019f1, 4013cf
  BB: 4011bf in func 401160 with 1 insts
    I: 4011bf (flow 4011c4)
      Successors: 4011c4
  BB: 4023be in func 401160 with 4 insts
    I: 4023be
    I: 4023c4
    I: 4023ca
    I: 4023d4 (flow 40262b)
      Successors: 40262b
  BB: 4017c3 in func 401160 with 1 insts
    I: 4017c3 (flow 4017c8)
      Successors: 4017c8
  BB: 4011c4 in func 401160 with 3 insts
    I: 4011c4
    I: 4011ca
    I: 4011cf (flow 401e47)
      Successors: 4011d5, 401e47
  BB: 4017c8 in func 401160 with 3 insts
    I: 4017c8
    I: 4017ce
    I: 4017d3 (flow 401fb2)
      Successors: 4017d9, 401fb2
  BB: 4015c9 in func 401160 with 1 insts
    I: 4015c9 (flow 4015ce)
      Successors: 4015ce
  BB: 401fcd in func 401160 with 7 insts
    I: 401fcd
    I: 401fd4
    I: 401fd9
    I: 401fde
    I: 401fe6
    I: 401fe9
    I: 401fef (flow 40262b)
      Successors: 40262b
  BB: 4015ce in func 401160 with 3 insts
    I: 4015ce
    I: 4015d4
    I: 4015d9 (flow 401f5e)
      Successors: 401f5e, 4015df
  BB: 4013cf in func 401160 with 1 insts
    I: 4013cf (flow 4013d4)
      Successors: 4013d4
  BB: 401bce in func 401160 with 2 insts
    I: 401bce
    I: 401bd8 (flow 40262b)
      Successors: 40262b
  BB: 4025cd in func 401160 with 4 insts
    I: 4025cd (imm 403007)
    I: 4025d7 (flow 405040)
    I: 4025dc
    I: 4025e6 (flow 40262b)
      Successors: 40262b
  BB: 4013d4 in func 401160 with 3 insts
    I: 4013d4
    I: 4013da
    I: 4013df (flow 40258b)
      Successors: 40258b, 4013e5
  BB: 4011d5 in func 401160 with 1 insts
    I: 4011d5 (flow 4011da)
      Successors: 4011da
  BB: 4021d5 in func 401160 with 8 insts
    I: 4021d5
    I: 4021db
    I: 4021de
    I: 4021e0
    I: 4021e7
    I: 4021ea
    I: 4021f0
    I: 4021fa (flow 40262b)
      Successors: 40262b
  BB: 4017d9 in func 401160 with 1 insts
    I: 4017d9 (flow 4017de)
      Successors: 4017de
  BB: 4011da in func 401160 with 3 insts
    I: 4011da
    I: 4011e0
    I: 4011e5 (flow 40247c)
      Successors: 4011eb, 40247c
  BB: 4023d9 in func 401160 with 2 insts
    I: 4023d9
    I: 4023e3 (flow 40262b)
      Successors: 40262b
  BB: 401bdd in func 401160 with 5 insts
    I: 401bdd
    I: 401be3
    I: 401be6
    I: 401bec
    I: 401bf6 (flow 40262b)
      Successors: 40262b
  BB: 4017de in func 401160 with 3 insts
    I: 4017de
    I: 4017e4
    I: 4017e9 (flow 4020ad)
      Successors: 4020ad, 4017ef
  BB: 4015df in func 401160 with 1 insts
    I: 4015df (flow 4015e4)
      Successors: 4015e4
  BB: 4019e2 in func 401160 with 2 insts
    I: 4019e2
    I: 4019ec (flow 40262b)
      Successors: 40262b
  BB: 4015e4 in func 401160 with 3 insts
    I: 4015e4
    I: 4015ea
    I: 4015ef (flow 402382)
      Successors: 402382, 4015f5
  BB: 4013e5 in func 401160 with 1 insts
    I: 4013e5 (flow 4013ea)
      Successors: 4013ea
  BB: 401de6 in func 401160 with 9 insts
    I: 401de6
    I: 401dec
    I: 401def
    I: 401df2
    I: 401df7
    I: 401dfc
    I: 401e04
    I: 401e07
    I: 401e0d (flow 40262b)
      Successors: 40262b
  BB: 4023e8 in func 401160 with 7 insts
    I: 4023e8
    I: 4023ef
    I: 4023f4
    I: 4023f9
    I: 402401
    I: 402404
    I: 40240a (flow 40262b)
      Successors: 40262b
  BB: 4013ea in func 401160 with 3 insts
    I: 4013ea
    I: 4013f0
    I: 4013f5 (flow 402263)
      Successors: 402263, 4013fb
  BB: 4011eb in func 401160 with 1 insts
    I: 4011eb (flow 4011f0)
      Successors: 4011f0
  BB: 4025eb in func 401160 with 6 insts
    I: 4025eb
    I: 4025f1 (imm 40300a)
    I: 4025fb
    I: 4025fd (flow 405048)
    I: 402602
    I: 40260c (flow 40262b)
      Successors: 40262b
  BB: 4017ef in func 401160 with 1 insts
    I: 4017ef (flow 4017f4)
      Successors: 4017f4
  BB: 4011f0 in func 401160 with 3 insts
    I: 4011f0
    I: 4011f6
    I: 4011fb (flow 40214a)
      Successors: 401201, 40214a
  BB: 4019f1 in func 401160 with 7 insts
    I: 4019f1
    I: 4019f8
    I: 4019fa
    I: 4019ff (flow 405050)
    I: 401a04
    I: 401a0e
    I: 401a18 (flow 40262b)
      Successors: 40262b
  BB: 4017f4 in func 401160 with 3 insts
    I: 4017f4
    I: 4017fa
    I: 4017ff (flow 4019b1)
      Successors: 4019b1, 401805
  BB: 4015f5 in func 401160 with 1 insts
    I: 4015f5 (flow 4015fa)
      Successors: 4015fa
  BB: 401ff4 in func 401160 with 2 insts
    I: 401ff4
    I: 401ffe (flow 40262b)
      Successors: 40262b
  BB: 4015fa in func 401160 with 3 insts
    I: 4015fa
    I: 401600
    I: 401605 (flow 402319)
      Successors: 402319, 40160b
  BB: 401bfb in func 401160 with 5 insts
    I: 401bfb
    I: 401c02
    I: 401c0d
    I: 401c17
    I: 401c21 (flow 40262b)
      Successors: 40262b
  BB: 4021ff in func 401160 with 6 insts
    I: 4021ff
    I: 402204
    I: 402209
    I: 402213
    I: 402216
    I: 40221c (flow 40262b)
      Successors: 40262b
Recovering .term_proc at 402630
  Analysing subroutine .term_proc at 402630
    Block head at 0040263d is not code.
  Subroutine .term_proc at 402630 has 1 blocks
  BB: 402630 in func 402630 with 4 insts
    I: 402630
    I: 402634
    I: 402638
    I: 40263c
      No successors
Global Variable None
WARNING: Global constructor and destructor sections are adjacent!
Recovering region LOAD [400000, 400558) in segment LOAD
  8-byte reference at 400018 to 401070 (start)
  8-byte reference at 4000f8 to 401000 (.init_proc)
  8-byte reference at 400130 to 403000 ()
  8-byte reference at 400168 to 404de8 ()
  8-byte reference at 400280 to 403010 ()
  8-byte reference at 4002f0 to 404de8 ()
Recovering region .init [401000, 40101b) in segment .init
Recovering region LOAD [40101b, 401020) in segment LOAD
Recovering region .plt [401020, 401070) in segment .plt
Recovering region .text [401070, 402630) in segment .text
Recovering region .fini [402630, 40263d) in segment .fini
Recovering region .rodata [403000, 40300e) in segment .rodata
  Variable s at 403007
  Variable format at 40300a
Recovering region LOAD [40300e, 403010) in segment LOAD
Recovering region .eh_frame_hdr [403010, 40303c) in segment .eh_frame_hdr
Recovering region LOAD [40303c, 403040) in segment LOAD
Recovering region .eh_frame [403040, 4030d0) in segment .eh_frame
Recovering region LOAD [4030d0, 403110) in segment LOAD
Recovering region .init_array [404de8, 404df8) in segment .init_array
  8-byte reference at 404de8 to 401150 ()
  8-byte reference at 404df0 to 401120 ()
Recovering region LOAD [404df8, 404fd8) in segment LOAD
Recovering region .got [404fd8, 404fe8) in segment .got
  8-byte reference at 404fd8 to 405038 (__libc_start_main)
  8-byte reference at 404fe0 to 405060 (__gmon_start__)
Recovering region .got.plt [404fe8, 405020) in segment .got.plt
  8-byte reference at 405000 to 405040 (puts)
  8-byte reference at 405008 to 405048 (printf)
  8-byte reference at 405010 to 405050 (memset)
  8-byte reference at 405018 to 405058 (__isoc99_scanf)
Recovering region .data [405020, 405030) in segment .data
Recovering region .bss [405030, 405038) in segment .bss
Recovering extern function puts at 401030
Recovering extern function printf at 401040
Recovering extern function memset at 401050
Recovering extern function __isoc99_scanf at 401060
Recovering extern function __libc_start_main at 405038
Recovering extern function puts at 405040
Recovering extern function printf at 405048
Recovering extern function memset at 405050
Recovering extern function __isoc99_scanf at 405058
Recovering extern function __gmon_start__ at 405060
Recovered 8 functions.
Saving to: /home/ubuntu/capstone_project/result/pipeline_20260629_141746/s380322669_fla.cfg
Done analysis!
