Debugging is enabled.
Loading Standard Definitions file: /home/ubuntu/capstone_project/dependency/mcsema/mcsema/lib/python3/site-packages/mcsema_disass-3.1.3.8-py3.8.egg/mcsema_disass/defs/linux.txt
Using Batch mode.
Starting analysis
Recovering module s380322669_bcf.elf
Found main at 401160
Looking for instructions in segment .init
  Default block heads for function 401000 with loose bounds [401000, 40101b)
    block [401000, 401014)
    block [401014, 401016)
    block [401016, 40101b)
    chunk [401000, 40101b)
Looking for instructions in segment .plt
  Default block heads for function 401020 with loose bounds [401020, 40102c)
    block [401020, 40102c)
    chunk [401020, 40102c)
  Default block heads for function 401030 with loose bounds [401030, 401036)
    block [401030, 401036)
    chunk [401030, 401036)
  Default block heads for function 401040 with loose bounds [401040, 401046)
    block [401040, 401046)
    chunk [401040, 401046)
  Default block heads for function 401050 with loose bounds [401050, 401056)
    block [401050, 401056)
    chunk [401050, 401056)
  Default block heads for function 401060 with loose bounds [401060, 401066)
    block [401060, 401066)
    chunk [401060, 401066)
Looking for instructions in segment .text
  Default block heads for function 401070 with loose bounds [401070, 401096)
    block [401070, 401096)
    chunk [401070, 401096)
  Default block heads for function 4010b0 with loose bounds [4010b0, 4010d1)
    block [4010b0, 4010bd)
    block [4010bd, 4010c7)
    block [4010c7, 4010ce)
    block [4010d0, 4010d1)
    chunk [4010b0, 4010d1)
  Default block heads for function 401120 with loose bounds [401120, 401141)
    block [401120, 40112d)
    block [40112d, 40113f)
    block [401140, 401141)
    chunk [401120, 401141)
  Default block heads for function 401150 with loose bounds [401150, 401156)
    block [401150, 401156)
    chunk [401150, 401156)
    chunk [4010e0, 401111)
  Default block heads for function 401160 with loose bounds [401160, 402c34)
    block [401160, 401172)
    block [401172, 401191)
    block [401191, 401196)
    block [401196, 4011b3)
    block [4011b3, 4011c2)
    block [4011c2, 40121b)
    block [40121b, 401220)
    block [401220, 401262)
    block [401262, 401267)
    block [401267, 40126c)
    block [40126c, 401276)
    block [401276, 4012a9)
    block [4012a9, 4012ae)
    block [4012ae, 4012f3)
    block [4012f3, 4012f8)
    block [4012f8, 401306)
    block [401306, 40130b)
    block [40130b, 40133e)
    block [40133e, 401343)
    block [401343, 4013a3)
    block [4013a3, 4013a8)
    block [4013a8, 4013ad)
    block [4013ad, 4013e0)
    block [4013e0, 4013e5)
    block [4013e5, 401427)
    block [401427, 40142c)
    block [40142c, 401431)
    block [401431, 401451)
    block [401451, 40146e)
    block [40146e, 40148a)
    block [40148a, 401498)
    block [401498, 40149d)
    block [40149d, 4014a2)
    block [4014a2, 4014b6)
    block [4014b6, 4014d2)
    block [4014d2, 401505)
    block [401505, 40150a)
    block [40150a, 401555)
    block [401555, 40155a)
    block [40155a, 401571)
    block [401571, 401576)
    block [401576, 401592)
    block [401592, 4015a0)
    block [4015a0, 4015a5)
    block [4015a5, 4015aa)
    block [4015aa, 4015be)
    block [4015be, 4015f1)
    block [4015f1, 4015f6)
    block [4015f6, 401645)
    block [401645, 40164a)
    block [40164a, 40164f)
    block [40164f, 40165c)
    block [40165c, 401666)
    block [401666, 401699)
    block [401699, 40169e)
    block [40169e, 4016e3)
    block [4016e3, 4016e8)
    block [4016e8, 4016f6)
    block [4016f6, 4016fb)
    block [4016fb, 40172e)
    block [40172e, 401733)
    block [401733, 40178c)
    block [40178c, 401791)
    block [401791, 40179f)
    block [40179f, 4017a4)
    block [4017a4, 4017d7)
    block [4017d7, 4017dc)
    block [4017dc, 401836)
    block [401836, 40183b)
    block [40183b, 401849)
    block [401849, 40184e)
    block [40184e, 401881)
    block [401881, 401886)
    block [401886, 4018d4)
    block [4018d4, 4018d9)
    block [4018d9, 4018de)
    block [4018de, 401911)
    block [401911, 401916)
    block [401916, 401965)
    block [401965, 40196a)
    block [40196a, 401978)
    block [401978, 40197d)
    block [40197d, 4019a1)
    block [4019a1, 4019bc)
    block [4019bc, 4019ef)
    block [4019ef, 4019f4)
    block [4019f4, 401a3a)
    block [401a3a, 401a3f)
    block [401a3f, 401a4d)
    block [401a4d, 401a52)
    block [401a52, 401a67)
    block [401a67, 401a73)
    block [401a73, 401aa6)
    block [401aa6, 401aab)
    block [401aab, 401af6)
    block [401af6, 401afb)
    block [401afb, 401b12)
    block [401b12, 401b17)
    block [401b17, 401b33)
    block [401b33, 401b41)
    block [401b41, 401b46)
    block [401b46, 401b79)
    block [401b79, 401b7e)
    block [401b7e, 401bb1)
    block [401bb1, 401bb6)
    block [401bb6, 401bbb)
    block [401bbb, 401bee)
    block [401bee, 401bf3)
    block [401bf3, 401c35)
    block [401c35, 401c3a)
    block [401c3a, 401c3f)
    block [401c3f, 401c44)
    block [401c44, 401c77)
    block [401c77, 401c7c)
    block [401c7c, 401cc7)
    block [401cc7, 401ccc)
    block [401ccc, 401cda)
    block [401cda, 401cdf)
    block [401cdf, 401d12)
    block [401d12, 401d17)
    block [401d17, 401d56)
    block [401d56, 401d5b)
    block [401d5b, 401d60)
    block [401d60, 401d75)
    block [401d75, 401d7a)
    block [401d7a, 401d8e)
    block [401d8e, 401dc1)
    block [401dc1, 401dc6)
    block [401dc6, 401df9)
    block [401df9, 401dfe)
    block [401dfe, 401e03)
    block [401e03, 401e0f)
    block [401e0f, 401e14)
    block [401e14, 401e29)
    block [401e29, 401e43)
    block [401e43, 401e57)
    block [401e57, 401e5c)
    block [401e5c, 401e8f)
    block [401e8f, 401e94)
    block [401e94, 401eed)
    block [401eed, 401ef2)
    block [401ef2, 401f00)
    block [401f00, 401f05)
    block [401f05, 401f29)
    block [401f29, 401f44)
    block [401f44, 401f5d)
    block [401f5d, 401f81)
    block [401f81, 401f9c)
    block [401f9c, 401fac)
    block [401fac, 401fdf)
    block [401fdf, 401fe4)
    block [401fe4, 40202f)
    block [40202f, 402034)
    block [402034, 402042)
    block [402042, 402047)
    block [402047, 402053)
    block [402053, 402070)
    block [402070, 4020a3)
    block [4020a3, 4020a8)
    block [4020a8, 4020f7)
    block [4020f7, 4020fc)
    block [4020fc, 40210d)
    block [40210d, 40211b)
    block [40211b, 402120)
    block [402120, 402153)
    block [402153, 402158)
    block [402158, 40218b)
    block [40218b, 402190)
    block [402190, 402195)
    block [402195, 4021c8)
    block [4021c8, 4021cd)
    block [4021cd, 40220f)
    block [40220f, 402214)
    block [402214, 402219)
    block [402219, 40221e)
    block [40221e, 402233)
    block [402233, 402266)
    block [402266, 40226b)
    block [40226b, 4022aa)
    block [4022aa, 4022af)
    block [4022af, 4022b4)
    block [4022b4, 4022e7)
    block [4022e7, 4022ec)
    block [4022ec, 402337)
    block [402337, 40233c)
    block [40233c, 40234a)
    block [40234a, 40234f)
    block [40234f, 402382)
    block [402382, 402387)
    block [402387, 4023ba)
    block [4023ba, 4023bf)
    block [4023bf, 4023c4)
    block [4023c4, 4023d8)
    block [4023d8, 4023dd)
    block [4023dd, 402410)
    block [402410, 402415)
    block [402415, 402454)
    block [402454, 402459)
    block [402459, 40245e)
    block [40245e, 402463)
    block [402463, 402496)
    block [402496, 40249b)
    block [40249b, 4024e6)
    block [4024e6, 4024eb)
    block [4024eb, 4024f9)
    block [4024f9, 4024fe)
    block [4024fe, 402531)
    block [402531, 402536)
    block [402536, 402586)
    block [402586, 40258b)
    block [40258b, 402599)
    block [402599, 40259e)
    block [40259e, 4025b2)
    block [4025b2, 4025b7)
    block [4025b7, 4025bc)
    block [4025bc, 4025d0)
    block [4025d0, 402603)
    block [402603, 402608)
    block [402608, 40263b)
    block [40263b, 402640)
    block [402640, 402645)
    block [402645, 402678)
    block [402678, 40267d)
    block [40267d, 4026bf)
    block [4026bf, 4026c4)
    block [4026c4, 4026c9)
    block [4026c9, 4026fc)
    block [4026fc, 402701)
    block [402701, 402753)
    block [402753, 402758)
    block [402758, 402766)
    block [402766, 40276b)
    block [40276b, 40279e)
    block [40279e, 4027a3)
    block [4027a3, 4027f0)
    block [4027f0, 4027f5)
    block [4027f5, 402803)
    block [402803, 402808)
    block [402808, 40283b)
    block [40283b, 402840)
    block [402840, 402884)
    block [402884, 402889)
    block [402889, 40288e)
    block [40288e, 4028c1)
    block [4028c1, 4028c6)
    block [4028c6, 40290e)
    block [40290e, 402913)
    block [402913, 402921)
    block [402921, 402926)
    block [402926, 40293d)
    block [40293d, 40294e)
    block [40294e, 40295e)
    block [40295e, 402972)
    block [402972, 402989)
    block [402989, 4029bc)
    block [4029bc, 4029c1)
    block [4029c1, 4029f4)
    block [4029f4, 4029f9)
    block [4029f9, 4029fe)
    block [4029fe, 402a31)
    block [402a31, 402a36)
    block [402a36, 402a69)
    block [402a69, 402a6e)
    block [402a6e, 402a79)
    block [402a79, 402a8d)
    block [402a8d, 402a92)
    block [402a92, 402ac4)
    block [402ac4, 402ad8)
    block [402ad8, 402add)
    block [402add, 402afe)
    block [402afe, 402b03)
    block [402b03, 402b12)
    block [402b12, 402b17)
    block [402b17, 402b37)
    block [402b37, 402b3c)
    block [402b3c, 402b41)
    block [402b41, 402b46)
    block [402b46, 402b4b)
    block [402b4b, 402b5f)
    block [402b5f, 402b64)
    block [402b64, 402b75)
    block [402b75, 402b7a)
    block [402b7a, 402b89)
    block [402b89, 402b8e)
    block [402b8e, 402b93)
    block [402b93, 402b98)
    block [402b98, 402bac)
    block [402bac, 402bbd)
    block [402bbd, 402bc2)
    block [402bc2, 402bc7)
    block [402bc7, 402bd8)
    block [402bd8, 402bdd)
    block [402bdd, 402be2)
    block [402be2, 402be7)
    block [402be7, 402bfb)
    block [402bfb, 402c0a)
    block [402c0a, 402c0f)
    block [402c0f, 402c25)
    block [402c25, 402c2a)
    block [402c2a, 402c2f)
    block [402c2f, 402c34)
    chunk [401160, 402c34)
Looking for instructions in segment .fini
  Default block heads for function 402c34 with loose bounds [402c34, 402c41)
    block [402c34, 402c41)
    chunk [402c34, 402c41)
Looking for strings in segment .rodata [403000, 40300e)
  Found string b'NA' of length 3 at 403007, jumping to 40300a
  Found string b'%d\n' of length 4 at 40300a, jumping to 40300e
Looking for strings in segment .eh_frame_hdr [403010, 40303c)
Looking for strings in segment .eh_frame [403040, 4030d0)
Looking for strings in segment .init_array [404de8, 404df0)
Looking for strings in segment .fini_array [404df0, 404df8)
Looking for strings in segment .got [404fd8, 404fe8)
Looking for strings in segment .got.plt [404fe8, 405020)
Looking for strings in segment .data [405020, 405030)
Looking for strings in segment .bss [405030, 405040)
Looking for strings in segment extern [405040, 405070)
Looking for cross-references in segment .init [401000, 40101b)
Looking for cross-references in segment .plt [401020, 401070)
  Stopping scan at 40102c
Looking for cross-references in segment .text [401070, 402c34)
  Stopping scan at 40109c
  Stopping scan at 4010ac
  Stopping scan at ffffffffffffffff
  Stopping scan at 4010dc
  Stopping scan at 40111c
  Stopping scan at ffffffffffffffff
  Stopping scan at 40114c
  Stopping scan at 40115c
Looking for cross-references in segment .fini [402c34, 402c41)
Looking for cross-references in segment .rodata [403000, 40300e)
  Stopping scan at 40300c
Looking for cross-references in segment .eh_frame_hdr [403010, 40303c)
  Stopping scan at 403038
Looking for cross-references in segment .eh_frame [403040, 4030d0)
  Stopping scan at 4030cc
Looking for cross-references in segment .init_array [404de8, 404df0)
  Adding qword reference from 404de8 to 401150
  Stopping scan at 404de8
Looking for cross-references in segment .fini_array [404df0, 404df8)
  Adding qword reference from 404df0 to 401120
  Stopping scan at 404df0
Looking for cross-references in segment .got [404fd8, 404fe8)
  Adding qword reference from 404fd8 to 405040
  Adding qword reference from 404fe0 to 405068
  Stopping scan at 404fe0
Looking for cross-references in segment .got.plt [404fe8, 405020)
  Adding qword reference from 405000 to 405048
  Adding qword reference from 405008 to 405050
  Adding qword reference from 405010 to 405058
  Adding qword reference from 405018 to 405060
  Stopping scan at 405018
Looking for cross-references in segment .data [405020, 405030)
  Stopping scan at 40502c
Looking for cross-references in segment .bss [405030, 405040)
  Stopping scan at 40503c
Looking for cross-references in segment extern [405040, 405070)
  Stopping scan at 40506c
Looking for thunks
  Found thunk for puts targeting 405048 at 401030
  Found thunk for printf targeting 405050 at 401040
  Found thunk for memset targeting 405058 at 401050
  Found thunk for __isoc99_scanf targeting 405060 at 401060
Looking for external symbols
  Function at 401030 is the external function puts
  Function at 401040 is the external function printf
  Function at 401050 is the external function memset
  Function at 401060 is the external function __isoc99_scanf
  Function at 405040 is the external function __libc_start_main
  Function at 405048 is the external function puts
  Function at 405050 is the external function printf
  Function at 405058 is the external function memset
  Function at 405060 is the external function __isoc99_scanf
  Function at 405068 is the external function __gmon_start__
Looking for entrypoints
Recovering .init_proc at 401000
  Analysing subroutine .init_proc at 401000
    Block head at 0040101b is not code.
  Subroutine .init_proc at 401000 has 3 blocks
  BB: 401000 in func 401000 with 5 insts
    Referenced by data
    I: 401000
    I: 401004
    I: 401008 (mem 404fe0)
    I: 40100f
    I: 401012 (flow 401016)
      Successors: 401014, 401016
  BB: 401014 in func 401000 with 1 insts
    I: 401014
      Successors: 401016
  BB: 401016 in func 401000 with 2 insts
    I: 401016
    I: 40101a
      No successors
Recovering 401020
  Analysing subroutine sub_401020 at 401020
  WARNING: No table entries for indirect jump at 401026; Adding next_ea 40102c as successor.
  Subroutine sub_401020 at 401020 has 2 blocks
  WARNING: No table entries for indirect jump at 401026; Adding next_ea 40102c as successor.
  BB: 401020 in func 401020 with 2 insts
    I: 401020 (mem 404ff0)
    I: 401026 (mem 404ff8)
      Successors: 40102c
  BB: 40102c in func 401020 with 1 insts
    I: 40102c
      No successors
Recovering start at 401070
  Analysing subroutine start at 401070
  Subroutine start at 401070 has 3 blocks
  BB: 401070 in func 401070 with 13 insts
    Referenced by data
    I: 401070
    I: 401074
    I: 401076
    I: 401079
    I: 40107a
    I: 40107d
    I: 401081
    I: 401082
    I: 401083
    I: 401086
    I: 401088 (imm 401160)
    I: 40108f (mem 404fd8)
    I: 401095
      No successors
  BB: 4010a5 in func 401070 with 2 insts
    I: 4010a5
    I: 4010af
      No successors
  BB: 401096 in func 401070 with 3 insts
    I: 401096
    I: 4010a0
    I: 4010a4
      No successors
Recovering 4010b0
  Analysing subroutine sub_4010B0 at 4010b0
  WARNING: No table entries for indirect jump at 4010cc; Adding next_ea 4010ce as successor.
  WARNING: No table entries for indirect jump at 40110e; Adding next_ea 401110 as successor.
  Subroutine sub_4010B0 at 4010b0 has 11 blocks
  BB: 4010e0 in func 4010b0 with 8 insts
    I: 4010e0 (imm 405030)
    I: 4010e5 (imm 405030)
    I: 4010ec
    I: 4010ef
    I: 4010f3
    I: 4010f7
    I: 4010fa
    I: 4010fd (flow 401110)
      Successors: 401110, 4010ff
  WARNING: No table entries for indirect jump at 4010cc; Adding next_ea 4010ce as successor.
  BB: 4010c7 in func 4010b0 with 2 insts
    I: 4010c7 (imm 405030)
    I: 4010cc
      Successors: 4010ce
  WARNING: No table entries for indirect jump at 40110e; Adding next_ea 401110 as successor.
  BB: 401109 in func 4010b0 with 2 insts
    I: 401109 (imm 405030)
    I: 40110e
      Successors: 401110
  BB: 4010ce in func 4010b0 with 1 insts
    I: 4010ce
      Successors: 4010d0
  BB: 4010b0 in func 4010b0 with 3 insts
    I: 4010b0 (imm 405030)
    I: 4010b5 (imm 405030)
    I: 4010bb (flow 4010d0)
      Successors: 4010d0, 4010bd
  BB: 4010d0 in func 4010b0 with 1 insts
    I: 4010d0
      No successors
  BB: 4010d1 in func 4010b0 with 2 insts
    I: 4010d1
    I: 4010d5
      Successors: 4010e0
  BB: 401110 in func 4010b0 with 1 insts
    I: 401110
      No successors
  BB: 401111 in func 4010b0 with 2 insts
    I: 401111
    I: 401115
      No successors
  BB: 4010bd in func 4010b0 with 3 insts
    I: 4010bd
    I: 4010c2
    I: 4010c5 (flow 4010d0)
      Successors: 4010d0, 4010c7
  BB: 4010ff in func 4010b0 with 3 insts
    I: 4010ff
    I: 401104
    I: 401107 (flow 401110)
      Successors: 401110, 401109
Recovering 401120
  Analysing subroutine sub_401120 at 401120
  Subroutine sub_401120 at 401120 has 5 blocks
  BB: 401120 in func 401120 with 3 insts
    Referenced by data
    I: 401120
    I: 401124 (mem 405030)
    I: 40112b (flow 401140)
      Successors: 401140, 40112d
  BB: 401141 in func 401120 with 2 insts
    I: 401141
    I: 401145
      No successors
  BB: 401140 in func 401120 with 1 insts
    I: 401140
      No successors
  BB: 40112d in func 401120 with 6 insts
    I: 40112d
    I: 40112e
    I: 401131 (flow 4010b0)
    I: 401136 (mem 405030)
    I: 40113d
    I: 40113e
      No successors
  BB: 40113f in func 401120 with 1 insts
    I: 40113f
      Successors: 401140
Recovering 401150
  Analysing subroutine sub_401150 at 401150
  WARNING: No table entries for indirect jump at 40110e; Adding next_ea 401110 as successor.
  Subroutine sub_401150 at 401150 has 6 blocks
  BB: 4010e0 in func 401150 with 8 insts
    I: 4010e0 (imm 405030)
    I: 4010e5 (imm 405030)
    I: 4010ec
    I: 4010ef
    I: 4010f3
    I: 4010f7
    I: 4010fa
    I: 4010fd (flow 401110)
      Successors: 401110, 4010ff
  WARNING: No table entries for indirect jump at 40110e; Adding next_ea 401110 as successor.
  BB: 401109 in func 401150 with 2 insts
    I: 401109 (imm 405030)
    I: 40110e
      Successors: 401110
  BB: 401150 in func 401150 with 2 insts
    Referenced by data
    I: 401150
    I: 401154 (flow 4010e0)
      Successors: 4010e0
  BB: 401110 in func 401150 with 1 insts
    I: 401110
      No successors
  BB: 401156 in func 401150 with 1 insts
    I: 401156
      No successors
  BB: 4010ff in func 401150 with 3 insts
    I: 4010ff
    I: 401104
    I: 401107 (flow 401110)
      Successors: 401110, 401109
Recovering main at 401160
  Analysing subroutine main at 401160
  Subroutine main at 401160 has 301 blocks
  BB: 402603 in func 401160 with 1 insts
    I: 402603 (flow 402be2)
      Successors: 402be2
  BB: 401e03 in func 401160 with 2 insts
    I: 401e03
    I: 401e09
      Successors: 401e0f
  BB: 402803 in func 401160 with 1 insts
    I: 402803 (flow 40288e)
      Successors: 40288e
  BB: 402608 in func 401160 with 15 insts
    I: 402608 (imm 405034)
    I: 40260f
    I: 402611 (imm 405038)
    I: 402618
    I: 40261a
    I: 40261c
    I: 40261f
    I: 402622
    I: 402625
    I: 402628
    I: 40262b
    I: 40262e
    I: 402631
    I: 402633
    I: 402635 (flow 402640)
      Successors: 402640, 40263b
  BB: 402808 in func 401160 with 15 insts
    I: 402808 (imm 405034)
    I: 40280f
    I: 402811 (imm 405038)
    I: 402818
    I: 40281a
    I: 40281c
    I: 40281f
    I: 402822
    I: 402825
    I: 402828
    I: 40282b
    I: 40282e
    I: 402831
    I: 402833
    I: 402835 (flow 402840)
      Successors: 402840, 40283b
  BB: 402c0a in func 401160 with 1 insts
    I: 402c0a (flow 4027a3)
      Successors: 4027a3
  BB: 401e0f in func 401160 with 1 insts
    I: 401e0f (flow 401e14)
      Successors: 401e14
  BB: 40220f in func 401160 with 1 insts
    I: 40220f (flow 402b98)
      Successors: 402b98
  BB: 402410 in func 401160 with 1 insts
    I: 402410 (flow 402bc7)
      Successors: 402bc7
  BB: 402c0f in func 401160 with 4 insts
    I: 402c0f
    I: 402c13
    I: 402c1a
    I: 402c20 (flow 402840)
      Successors: 402840
  BB: 401e14 in func 401160 with 3 insts
    I: 401e14
    I: 401e1b
    I: 401e23 (flow 401e43)
      Successors: 401e29, 401e43
  BB: 402214 in func 401160 with 1 insts
    I: 402214 (flow 402053)
      Successors: 402053
  BB: 402415 in func 401160 with 17 insts
    I: 402415
    I: 40241b
    I: 402421 (imm 405034)
    I: 402428
    I: 40242a (imm 405038)
    I: 402431
    I: 402433
    I: 402435
    I: 402438
    I: 40243b
    I: 40243e
    I: 402441
    I: 402444
    I: 402447
    I: 40244a
    I: 40244c
    I: 40244e (flow 402459)
      Successors: 402459, 402454
  BB: 402219 in func 401160 with 1 insts
    I: 402219 (flow 402463)
      Successors: 402463
  BB: 40121b in func 401160 with 1 insts
    I: 40121b (flow 402a79)
      Successors: 402a79
  BB: 40221e in func 401160 with 3 insts
    I: 40221e
    I: 402225
    I: 40222d (flow 4023dd)
      Successors: 402233, 4023dd
  BB: 401220 in func 401160 with 18 insts
    I: 401220
    I: 401226
    I: 401229
    I: 40122f (imm 405034)
    I: 401236
    I: 401238 (imm 405038)
    I: 40123f
    I: 401241
    I: 401243
    I: 401246
    I: 401249
    I: 40124c
    I: 40124f
    I: 401252
    I: 401255
    I: 401258
    I: 40125a
    I: 40125c (flow 401267)
      Successors: 401262, 401267
  BB: 402c25 in func 401160 with 1 insts
    I: 402c25 (flow 4028c6)
      Successors: 4028c6
  BB: 401427 in func 401160 with 1 insts
    I: 401427 (flow 402ac4)
      Successors: 402ac4
  BB: 401e29 in func 401160 with 4 insts
    I: 401e29
    I: 401e30
    I: 401e37
    I: 401e3d (flow 401e57)
      Successors: 401e43, 401e57
  BB: 402c2a in func 401160 with 1 insts
    I: 402c2a (flow 4029c1)
      Successors: 4029c1
  BB: 40142c in func 401160 with 1 insts
    I: 40142c (flow 401276)
      Successors: 401276
  BB: 40202f in func 401160 with 1 insts
    I: 40202f (flow 402b89)
      Successors: 402b89
  BB: 402c2f in func 401160 with 1 insts
    I: 402c2f (flow 402a36)
      Successors: 402a36
  BB: 401431 in func 401160 with 5 insts
    I: 401431
    I: 401438
    I: 40143d
    I: 401442 (flow 405058)
    I: 401447
      Successors: 401451
  BB: 402a31 in func 401160 with 1 insts
    I: 402a31 (flow 402c2f)
      Successors: 402c2f
  BB: 402233 in func 401160 with 15 insts
    I: 402233 (imm 405034)
    I: 40223a
    I: 40223c (imm 405038)
    I: 402243
    I: 402245
    I: 402247
    I: 40224a
    I: 40224d
    I: 402250
    I: 402253
    I: 402256
    I: 402259
    I: 40225c
    I: 40225e
    I: 402260 (flow 40226b)
      Successors: 40226b, 402266
  BB: 402034 in func 401160 with 3 insts
    I: 402034
    I: 40203a
    I: 40203c (flow 402047)
      Successors: 402042, 402047
  BB: 401c35 in func 401160 with 1 insts
    I: 401c35 (flow 402b4b)
      Successors: 402b4b
  BB: 401836 in func 401160 with 1 insts
    I: 401836 (flow 402b12)
      Successors: 402b12
  BB: 402a36 in func 401160 with 15 insts
    I: 402a36 (imm 405034)
    I: 402a3d
    I: 402a3f (imm 405038)
    I: 402a46
    I: 402a48
    I: 402a4a
    I: 402a4d
    I: 402a50
    I: 402a53
    I: 402a56
    I: 402a59
    I: 402a5c
    I: 402a5f
    I: 402a61
    I: 402a63 (flow 402a6e)
      Successors: 402a69, 402a6e
  BB: 401a3a in func 401160 with 1 insts
    I: 401a3a (flow 402b3c)
      Successors: 402b3c
  BB: 40183b in func 401160 with 3 insts
    I: 40183b
    I: 401841
    I: 401843 (flow 40184e)
      Successors: 401849, 40184e
  BB: 401c3a in func 401160 with 1 insts
    I: 401c3a (flow 401a73)
      Successors: 401a73
  BB: 40263b in func 401160 with 1 insts
    I: 40263b (flow 402be2)
      Successors: 402be2
  BB: 40283b in func 401160 with 1 insts
    I: 40283b (flow 402c0f)
      Successors: 402c0f
  BB: 401a3f in func 401160 with 3 insts
    I: 401a3f
    I: 401a45
    I: 401a47 (flow 401a52)
      Successors: 401a52, 401a4d
  BB: 401c3f in func 401160 with 1 insts
    I: 401c3f (flow 401e14)
      Successors: 401e14
  BB: 402640 in func 401160 with 1 insts
    I: 402640 (flow 402645)
      Successors: 402645
  BB: 402042 in func 401160 with 1 insts
    I: 402042 (flow 40221e)
      Successors: 40221e
  BB: 401e43 in func 401160 with 3 insts
    I: 401e43
    I: 401e49
    I: 401e50
      Successors: 401e57
  BB: 401c44 in func 401160 with 15 insts
    I: 401c44 (imm 405034)
    I: 401c4b
    I: 401c4d (imm 405038)
    I: 401c54
    I: 401c56
    I: 401c58
    I: 401c5b
    I: 401c5e
    I: 401c61
    I: 401c64
    I: 401c67
    I: 401c6a
    I: 401c6d
    I: 401c6f
    I: 401c71 (flow 401c7c)
      Successors: 401c7c, 401c77
  BB: 401645 in func 401160 with 1 insts
    I: 401645 (flow 402add)
      Successors: 402add
  BB: 402645 in func 401160 with 15 insts
    I: 402645 (imm 405034)
    I: 40264c
    I: 40264e (imm 405038)
    I: 402655
    I: 402657
    I: 402659
    I: 40265c
    I: 40265f
    I: 402662
    I: 402665
    I: 402668
    I: 40266b
    I: 40266e
    I: 402670
    I: 402672 (flow 40267d)
      Successors: 402678, 40267d
  BB: 402047 in func 401160 with 2 insts
    I: 402047
    I: 40204d
      Successors: 402053
  BB: 402840 in func 401160 with 18 insts
    I: 402840
    I: 402844
    I: 40284b
    I: 402851 (imm 405034)
    I: 402858
    I: 40285a (imm 405038)
    I: 402861
    I: 402863
    I: 402865
    I: 402868
    I: 40286b
    I: 40286e
    I: 402871
    I: 402874
    I: 402877
    I: 40287a
    I: 40287c
    I: 40287e (flow 402889)
      Successors: 402889, 402884
  BB: 401849 in func 401160 with 1 insts
    I: 401849 (flow 4018de)
      Successors: 4018de
  BB: 40164a in func 401160 with 1 insts
    I: 40164a (flow 40164f)
      Successors: 40164f
  BB: 401a4d in func 401160 with 1 insts
    I: 401a4d (flow 401e5c)
      Successors: 401e5c
  BB: 40184e in func 401160 with 15 insts
    I: 40184e (imm 405034)
    I: 401855
    I: 401857 (imm 405038)
    I: 40185e
    I: 401860
    I: 401862
    I: 401865
    I: 401868
    I: 40186b
    I: 40186e
    I: 401871
    I: 401874
    I: 401877
    I: 401879
    I: 40187b (flow 401886)
      Successors: 401881, 401886
  BB: 40164f in func 401160 with 2 insts
    I: 40164f
    I: 401656 (flow 4026c9)
      Successors: 4026c9, 40165c
  BB: 401451 in func 401160 with 5 insts
    I: 401451
    I: 401458
    I: 40145a
    I: 401462
    I: 401468 (flow 40148a)
      Successors: 40148a, 40146e
  BB: 401a52 in func 401160 with 3 insts
    I: 401a52
    I: 401a59
    I: 401a61 (flow 401c44)
      Successors: 401c44, 401a67
  BB: 402053 in func 401160 with 5 insts
    I: 402053
    I: 40205a
    I: 40205c
    I: 402064
    I: 40206a (flow 40210d)
      Successors: 402070, 40210d
  BB: 402454 in func 401160 with 1 insts
    I: 402454 (flow 402bc7)
      Successors: 402bc7
  BB: 401e57 in func 401160 with 1 insts
    I: 401e57 (flow 401e5c)
      Successors: 401e5c
  BB: 402459 in func 401160 with 1 insts
    I: 402459 (flow 40245e)
      Successors: 40245e
  BB: 40165c in func 401160 with 1 insts
    I: 40165c
      Successors: 401666
  BB: 401e5c in func 401160 with 15 insts
    I: 401e5c (imm 405034)
    I: 401e63
    I: 401e65 (imm 405038)
    I: 401e6c
    I: 401e6e
    I: 401e70
    I: 401e73
    I: 401e76
    I: 401e79
    I: 401e7c
    I: 401e7f
    I: 401e82
    I: 401e85
    I: 401e87
    I: 401e89 (flow 401e94)
      Successors: 401e94, 401e8f
  BB: 40245e in func 401160 with 1 insts
    I: 40245e (flow 402463)
      Successors: 402463
  BB: 401262 in func 401160 with 1 insts
    I: 401262 (flow 402a79)
      Successors: 402a79
  BB: 402463 in func 401160 with 15 insts
    I: 402463 (imm 405034)
    I: 40246a
    I: 40246c (imm 405038)
    I: 402473
    I: 402475
    I: 402477
    I: 40247a
    I: 40247d
    I: 402480
    I: 402483
    I: 402486
    I: 402489
    I: 40248c
    I: 40248e
    I: 402490 (flow 40249b)
      Successors: 40249b, 402496
  BB: 401666 in func 401160 with 15 insts
    I: 401666 (imm 405034)
    I: 40166d
    I: 40166f (imm 405038)
    I: 401676
    I: 401678
    I: 40167a
    I: 40167d
    I: 401680
    I: 401683
    I: 401686
    I: 401689
    I: 40168c
    I: 40168f
    I: 401691
    I: 401693 (flow 40169e)
      Successors: 401699, 40169e
  BB: 401267 in func 401160 with 1 insts
    I: 401267 (flow 4011b3)
      Successors: 4011b3
  BB: 401a67 in func 401160 with 2 insts
    I: 401a67
    I: 401a6d
      Successors: 401a73
  BB: 402266 in func 401160 with 1 insts
    I: 402266 (flow 402bac)
      Successors: 402bac
  BB: 402a69 in func 401160 with 1 insts
    I: 402a69 (flow 402c2f)
      Successors: 402c2f
  BB: 40226b in func 401160 with 17 insts
    I: 40226b
    I: 402271
    I: 402277 (imm 405034)
    I: 40227e
    I: 402280 (imm 405038)
    I: 402287
    I: 402289
    I: 40228b
    I: 40228e
    I: 402291
    I: 402294
    I: 402297
    I: 40229a
    I: 40229d
    I: 4022a0
    I: 4022a2
    I: 4022a4 (flow 4022af)
      Successors: 4022aa, 4022af
  BB: 40126c in func 401160 with 1 insts
    I: 40126c
      Successors: 401276
  BB: 40146e in func 401160 with 6 insts
    I: 40146e
    I: 401474
    I: 401477
    I: 401479
    I: 401481
    I: 401484
      Successors: 40148a
  BB: 402a6e in func 401160 with 4 insts
    I: 402a6e
    I: 402a70
    I: 402a77
    I: 402a78
      No successors
  BB: 402070 in func 401160 with 15 insts
    I: 402070 (imm 405034)
    I: 402077
    I: 402079 (imm 405038)
    I: 402080
    I: 402082
    I: 402084
    I: 402087
    I: 40208a
    I: 40208d
    I: 402090
    I: 402093
    I: 402096
    I: 402099
    I: 40209b
    I: 40209d (flow 4020a8)
      Successors: 4020a8, 4020a3
  BB: 401a73 in func 401160 with 15 insts
    I: 401a73 (imm 405034)
    I: 401a7a
    I: 401a7c (imm 405038)
    I: 401a83
    I: 401a85
    I: 401a87
    I: 401a8a
    I: 401a8d
    I: 401a90
    I: 401a93
    I: 401a96
    I: 401a99
    I: 401a9c
    I: 401a9e
    I: 401aa0 (flow 401aab)
      Successors: 401aab, 401aa6
  BB: 401276 in func 401160 with 15 insts
    I: 401276 (imm 405034)
    I: 40127d
    I: 40127f (imm 405038)
    I: 401286
    I: 401288
    I: 40128a
    I: 40128d
    I: 401290
    I: 401293
    I: 401296
    I: 401299
    I: 40129c
    I: 40129f
    I: 4012a1
    I: 4012a3 (flow 4012ae)
      Successors: 4012a9, 4012ae
  BB: 401c77 in func 401160 with 1 insts
    I: 401c77 (flow 402b5f)
      Successors: 402b5f
  BB: 402678 in func 401160 with 1 insts
    I: 402678 (flow 402be7)
      Successors: 402be7
  BB: 402a79 in func 401160 with 4 insts
    I: 402a79
    I: 402a7f
    I: 402a82
    I: 402a88 (flow 401220)
      Successors: 401220
  BB: 401c7c in func 401160 with 19 insts
    I: 401c7c
    I: 401c83
    I: 401c8b
    I: 401c8e
    I: 401c94 (imm 405034)
    I: 401c9b
    I: 401c9d (imm 405038)
    I: 401ca4
    I: 401ca6
    I: 401ca8
    I: 401cab
    I: 401cae
    I: 401cb1
    I: 401cb4
    I: 401cb7
    I: 401cba
    I: 401cbd
    I: 401cbf
    I: 401cc1 (flow 401ccc)
      Successors: 401ccc, 401cc7
  BB: 40267d in func 401160 with 18 insts
    I: 40267d
    I: 402683
    I: 402686
    I: 40268c (imm 405034)
    I: 402693
    I: 402695 (imm 405038)
    I: 40269c
    I: 40269e
    I: 4026a0
    I: 4026a3
    I: 4026a6
    I: 4026a9
    I: 4026ac
    I: 4026af
    I: 4026b2
    I: 4026b5
    I: 4026b7
    I: 4026b9 (flow 4026c4)
      Successors: 4026c4, 4026bf
  BB: 401881 in func 401160 with 1 insts
    I: 401881 (flow 402b17)
      Successors: 402b17
  BB: 402884 in func 401160 with 1 insts
    I: 402884 (flow 402c0f)
      Successors: 402c0f
  BB: 401886 in func 401160 with 21 insts
    I: 401886
    I: 40188c
    I: 40188f
    I: 401891
    I: 401898
    I: 40189b
    I: 4018a1 (imm 405034)
    I: 4018a8
    I: 4018aa (imm 405038)
    I: 4018b1
    I: 4018b3
    I: 4018b5
    I: 4018b8
    I: 4018bb
    I: 4018be
    I: 4018c1
    I: 4018c4
    I: 4018c7
    I: 4018ca
    I: 4018cc
    I: 4018ce (flow 4018d9)
      Successors: 4018d9, 4018d4
  BB: 402889 in func 401160 with 1 insts
    I: 402889 (flow 40288e)
      Successors: 40288e
  BB: 40148a in func 401160 with 3 insts
    I: 40148a
    I: 401490
    I: 401492 (flow 40149d)
      Successors: 401498, 40149d
  BB: 402a8d in func 401160 with 1 insts
    I: 402a8d (flow 4012ae)
      Successors: 4012ae
  BB: 40288e in func 401160 with 15 insts
    I: 40288e (imm 405034)
    I: 402895
    I: 402897 (imm 405038)
    I: 40289e
    I: 4028a0
    I: 4028a2
    I: 4028a5
    I: 4028a8
    I: 4028ab
    I: 4028ae
    I: 4028b1
    I: 4028b4
    I: 4028b7
    I: 4028b9
    I: 4028bb (flow 4028c6)
      Successors: 4028c1, 4028c6
  BB: 401e8f in func 401160 with 1 insts
    I: 401e8f (flow 402b7a)
      Successors: 402b7a
  BB: 402a92 in func 401160 with 9 insts
    I: 402a92
    I: 402a99
    I: 402aa0
    I: 402aa7
    I: 402aab
    I: 402aae (imm 403004)
    I: 402ab8
    I: 402aba (flow 405060)
    I: 402abf (flow 401343)
      Successors: 401343
  BB: 401e94 in func 401160 with 22 insts
    I: 401e94
    I: 401e9e
    I: 401ea4
    I: 401ea7
    I: 401ea9
    I: 401eb1
    I: 401eb4
    I: 401eba (imm 405034)
    I: 401ec1
    I: 401ec3 (imm 405038)
    I: 401eca
    I: 401ecc
    I: 401ece
    I: 401ed1
    I: 401ed4
    I: 401ed7
    I: 401eda
    I: 401edd
    I: 401ee0
    I: 401ee3
    I: 401ee5
    I: 401ee7 (flow 401ef2)
      Successors: 401ef2, 401eed
  BB: 402496 in func 401160 with 1 insts
    I: 402496 (flow 402bd8)
      Successors: 402bd8
  BB: 401498 in func 401160 with 1 insts
    I: 401498 (flow 4014b6)
      Successors: 4014b6
  BB: 401699 in func 401160 with 1 insts
    I: 401699 (flow 402afe)
      Successors: 402afe
  BB: 40249b in func 401160 with 19 insts
    I: 40249b
    I: 4024a2
    I: 4024aa
    I: 4024ad
    I: 4024b3 (imm 405034)
    I: 4024ba
    I: 4024bc (imm 405038)
    I: 4024c3
    I: 4024c5
    I: 4024c7
    I: 4024ca
    I: 4024cd
    I: 4024d0
    I: 4024d3
    I: 4024d6
    I: 4024d9
    I: 4024dc
    I: 4024de
    I: 4024e0 (flow 4024eb)
      Successors: 4024eb, 4024e6
  BB: 40149d in func 401160 with 1 insts
    I: 40149d (flow 4014a2)
      Successors: 4014a2
  BB: 40169e in func 401160 with 19 insts
    I: 40169e
    I: 4016a4
    I: 4016a7
    I: 4016aa
    I: 4016b0 (imm 405034)
    I: 4016b7
    I: 4016b9 (imm 405038)
    I: 4016c0
    I: 4016c2
    I: 4016c4
    I: 4016c7
    I: 4016ca
    I: 4016cd
    I: 4016d0
    I: 4016d3
    I: 4016d6
    I: 4016d9
    I: 4016db
    I: 4016dd (flow 4016e8)
      Successors: 4016e8, 4016e3
  BB: 4014a2 in func 401160 with 4 insts
    I: 4014a2
    I: 4014a8
    I: 4014ab
    I: 4014b1 (flow 401451)
      Successors: 401451
  BB: 4020a3 in func 401160 with 1 insts
    I: 4020a3 (flow 402b8e)
      Successors: 402b8e
  BB: 401aa6 in func 401160 with 1 insts
    I: 401aa6 (flow 402b41)
      Successors: 402b41
  BB: 4020a8 in func 401160 with 21 insts
    I: 4020a8
    I: 4020ae
    I: 4020b1
    I: 4020b3
    I: 4020bb
    I: 4020be
    I: 4020c4 (imm 405034)
    I: 4020cb
    I: 4020cd (imm 405038)
    I: 4020d4
    I: 4020d6
    I: 4020d8
    I: 4020db
    I: 4020de
    I: 4020e1
    I: 4020e4
    I: 4020e7
    I: 4020ea
    I: 4020ed
    I: 4020ef
    I: 4020f1 (flow 4020fc)
      Successors: 4020fc, 4020f7
  BB: 4012a9 in func 401160 with 1 insts
    I: 4012a9 (flow 402a8d)
      Successors: 402a8d
  BB: 4022aa in func 401160 with 1 insts
    I: 4022aa (flow 402bac)
      Successors: 402bac
  BB: 401aab in func 401160 with 19 insts
    I: 401aab
    I: 401ab2
    I: 401aba
    I: 401abd
    I: 401ac3 (imm 405034)
    I: 401aca
    I: 401acc (imm 405038)
    I: 401ad3
    I: 401ad5
    I: 401ad7
    I: 401ada
    I: 401add
    I: 401ae0
    I: 401ae3
    I: 401ae6
    I: 401ae9
    I: 401aec
    I: 401aee
    I: 401af0 (flow 401afb)
      Successors: 401afb, 401af6
  BB: 4012ae in func 401160 with 19 insts
    I: 4012ae
    I: 4012b4
    I: 4012b7
    I: 4012ba
    I: 4012c0 (imm 405034)
    I: 4012c7
    I: 4012c9 (imm 405038)
    I: 4012d0
    I: 4012d2
    I: 4012d4
    I: 4012d7
    I: 4012da
    I: 4012dd
    I: 4012e0
    I: 4012e3
    I: 4012e6
    I: 4012e9
    I: 4012eb
    I: 4012ed (flow 4012f8)
      Successors: 4012f8, 4012f3
  BB: 4022af in func 401160 with 1 insts
    I: 4022af (flow 4022b4)
      Successors: 4022b4
  BB: 4022b4 in func 401160 with 15 insts
    I: 4022b4 (imm 405034)
    I: 4022bb
    I: 4022bd (imm 405038)
    I: 4022c4
    I: 4022c6
    I: 4022c8
    I: 4022cb
    I: 4022ce
    I: 4022d1
    I: 4022d4
    I: 4022d7
    I: 4022da
    I: 4022dd
    I: 4022df
    I: 4022e1 (flow 4022ec)
      Successors: 4022ec, 4022e7
  BB: 4014b6 in func 401160 with 3 insts
    I: 4014b6
    I: 4014bd
    I: 4014c8
      Successors: 4014d2
  BB: 4026bf in func 401160 with 1 insts
    I: 4026bf (flow 402be7)
      Successors: 402be7
  BB: 4028c1 in func 401160 with 1 insts
    I: 4028c1 (flow 402c25)
      Successors: 402c25
  BB: 4026c4 in func 401160 with 1 insts
    I: 4026c4 (flow 40164f)
      Successors: 40164f
  BB: 402ac4 in func 401160 with 4 insts
    I: 402ac4
    I: 402aca
    I: 402acd
    I: 402ad3 (flow 4013e5)
      Successors: 4013e5
  BB: 4028c6 in func 401160 with 19 insts
    I: 4028c6
    I: 4028ca
    I: 4028d2
    I: 4028d5
    I: 4028db (imm 405034)
    I: 4028e2
    I: 4028e4 (imm 405038)
    I: 4028eb
    I: 4028ed
    I: 4028ef
    I: 4028f2
    I: 4028f5
    I: 4028f8
    I: 4028fb
    I: 4028fe
    I: 402901
    I: 402904
    I: 402906
    I: 402908 (flow 402913)
      Successors: 402913, 40290e
  BB: 401cc7 in func 401160 with 1 insts
    I: 401cc7 (flow 402b5f)
      Successors: 402b5f
  BB: 4026c9 in func 401160 with 15 insts
    I: 4026c9 (imm 405034)
    I: 4026d0
    I: 4026d2 (imm 405038)
    I: 4026d9
    I: 4026db
    I: 4026dd
    I: 4026e0
    I: 4026e3
    I: 4026e6
    I: 4026e9
    I: 4026ec
    I: 4026ef
    I: 4026f2
    I: 4026f4
    I: 4026f6 (flow 402701)
      Successors: 402701, 4026fc
  BB: 401ccc in func 401160 with 3 insts
    I: 401ccc
    I: 401cd2
    I: 401cd4 (flow 401cdf)
      Successors: 401cda, 401cdf
  BB: 401df9 in func 401160 with 1 insts
    I: 401df9 (flow 402b75)
      Successors: 402b75
  BB: 4014d2 in func 401160 with 15 insts
    I: 4014d2 (imm 405034)
    I: 4014d9
    I: 4014db (imm 405038)
    I: 4014e2
    I: 4014e4
    I: 4014e6
    I: 4014e9
    I: 4014ec
    I: 4014ef
    I: 4014f2
    I: 4014f5
    I: 4014f8
    I: 4014fb
    I: 4014fd
    I: 4014ff (flow 40150a)
      Successors: 40150a, 401505
  BB: 4018d4 in func 401160 with 1 insts
    I: 4018d4 (flow 402b17)
      Successors: 402b17
  BB: 402ad8 in func 401160 with 1 insts
    I: 402ad8 (flow 40150a)
      Successors: 40150a
  BB: 4018d9 in func 401160 with 1 insts
    I: 4018d9 (flow 4018de)
      Successors: 4018de
  BB: 401cda in func 401160 with 1 insts
    I: 401cda (flow 401e03)
      Successors: 401e03
  BB: 402add in func 401160 with 4 insts
    I: 402add
    I: 402ae4
    I: 402aef
    I: 402af9 (flow 4015f6)
      Successors: 4015f6
  BB: 4018de in func 401160 with 15 insts
    I: 4018de (imm 405034)
    I: 4018e5
    I: 4018e7 (imm 405038)
    I: 4018ee
    I: 4018f0
    I: 4018f2
    I: 4018f5
    I: 4018f8
    I: 4018fb
    I: 4018fe
    I: 401901
    I: 401904
    I: 401907
    I: 401909
    I: 40190b (flow 401916)
      Successors: 401911, 401916
  BB: 401cdf in func 401160 with 15 insts
    I: 401cdf (imm 405034)
    I: 401ce6
    I: 401ce8 (imm 405038)
    I: 401cef
    I: 401cf1
    I: 401cf3
    I: 401cf6
    I: 401cf9
    I: 401cfc
    I: 401cff
    I: 401d02
    I: 401d05
    I: 401d08
    I: 401d0a
    I: 401d0c (flow 401d17)
      Successors: 401d12, 401d17
  BB: 4016e3 in func 401160 with 1 insts
    I: 4016e3 (flow 402afe)
      Successors: 402afe
  BB: 4024e6 in func 401160 with 1 insts
    I: 4024e6 (flow 402bd8)
      Successors: 402bd8
  BB: 4022e7 in func 401160 with 1 insts
    I: 4022e7 (flow 402bbd)
      Successors: 402bbd
  BB: 4016e8 in func 401160 with 3 insts
    I: 4016e8
    I: 4016ee
    I: 4016f0 (flow 4016fb)
      Successors: 4016fb, 4016f6
  BB: 401dfe in func 401160 with 1 insts
    I: 401dfe (flow 401e0f)
      Successors: 401e0f
  BB: 4024eb in func 401160 with 3 insts
    I: 4024eb
    I: 4024f1
    I: 4024f3 (flow 40259e)
      Successors: 4024f9, 40259e
  BB: 4022ec in func 401160 with 19 insts
    I: 4022ec
    I: 4022f3
    I: 4022fb
    I: 4022fe
    I: 402304 (imm 405034)
    I: 40230b
    I: 40230d (imm 405038)
    I: 402314
    I: 402316
    I: 402318
    I: 40231b
    I: 40231e
    I: 402321
    I: 402324
    I: 402327
    I: 40232a
    I: 40232d
    I: 40232f
    I: 402331 (flow 40233c)
      Successors: 40233c, 402337
  BB: 401eed in func 401160 with 1 insts
    I: 401eed (flow 402b7a)
      Successors: 402b7a
  BB: 401ef2 in func 401160 with 3 insts
    I: 401ef2
    I: 401ef8
    I: 401efa (flow 401f05)
      Successors: 401f00, 401f05
  BB: 4012f3 in func 401160 with 1 insts
    I: 4012f3 (flow 402a8d)
      Successors: 402a8d
  BB: 4016f6 in func 401160 with 1 insts
    I: 4016f6 (flow 4025d0)
      Successors: 4025d0
  BB: 401af6 in func 401160 with 1 insts
    I: 401af6 (flow 402b41)
      Successors: 402b41
  BB: 4012f8 in func 401160 with 3 insts
    I: 4012f8
    I: 4012fe
    I: 401300 (flow 40130b)
      Successors: 40130b, 401306
  BB: 4020f7 in func 401160 with 1 insts
    I: 4020f7 (flow 402b8e)
      Successors: 402b8e
  BB: 4024f9 in func 401160 with 1 insts
    I: 4024f9 (flow 4024fe)
      Successors: 4024fe
  BB: 4016fb in func 401160 with 15 insts
    I: 4016fb (imm 405034)
    I: 401702
    I: 401704 (imm 405038)
    I: 40170b
    I: 40170d
    I: 40170f
    I: 401712
    I: 401715
    I: 401718
    I: 40171b
    I: 40171e
    I: 401721
    I: 401724
    I: 401726
    I: 401728 (flow 401733)
      Successors: 401733, 40172e
  BB: 401afb in func 401160 with 5 insts
    I: 401afb
    I: 401b01
    I: 401b03
    I: 401b06
    I: 401b0c (flow 401b17)
      Successors: 401b12, 401b17
  BB: 4020fc in func 401160 with 3 insts
    I: 4020fc
    I: 402102
    I: 402108 (flow 40210d)
      Successors: 40210d
  BB: 4024fe in func 401160 with 15 insts
    I: 4024fe (imm 405034)
    I: 402505
    I: 402507 (imm 405038)
    I: 40250e
    I: 402510
    I: 402512
    I: 402515
    I: 402518
    I: 40251b
    I: 40251e
    I: 402521
    I: 402524
    I: 402527
    I: 402529
    I: 40252b (flow 402536)
      Successors: 402531, 402536
  BB: 4026fc in func 401160 with 1 insts
    I: 4026fc (flow 402bfb)
      Successors: 402bfb
  BB: 401f00 in func 401160 with 1 insts
    I: 401f00 (flow 401f44)
      Successors: 401f44
  BB: 402701 in func 401160 with 20 insts
    I: 402701
    I: 40270b
    I: 40270f
    I: 402717
    I: 40271a
    I: 402720 (imm 405034)
    I: 402727
    I: 402729 (imm 405038)
    I: 402730
    I: 402732
    I: 402734
    I: 402737
    I: 40273a
    I: 40273d
    I: 402740
    I: 402743
    I: 402746
    I: 402749
    I: 40274b
    I: 40274d (flow 402758)
      Successors: 402758, 402753
  BB: 402afe in func 401160 with 1 insts
    I: 402afe (flow 40169e)
      Successors: 40169e
  BB: 402b03 in func 401160 with 2 insts
    I: 402b03
    I: 402b0d (flow 401733)
      Successors: 401733
  BB: 401505 in func 401160 with 1 insts
    I: 401505 (flow 402ad8)
      Successors: 402ad8
  BB: 401306 in func 401160 with 1 insts
    I: 401306 (flow 401431)
      Successors: 401431
  BB: 401f05 in func 401160 with 8 insts
    I: 401f05
    I: 401f0b
    I: 401f11
    I: 401f14
    I: 401f17
    I: 401f1e
    I: 401f21
    I: 401f23 (flow 401f44)
      Successors: 401f29, 401f44
  BB: 40150a in func 401160 with 19 insts
    I: 40150a
    I: 401511
    I: 401519
    I: 40151c
    I: 401522 (imm 405034)
    I: 401529
    I: 40152b (imm 405038)
    I: 401532
    I: 401534
    I: 401536
    I: 401539
    I: 40153c
    I: 40153f
    I: 401542
    I: 401545
    I: 401548
    I: 40154b
    I: 40154d
    I: 40154f (flow 40155a)
      Successors: 40155a, 401555
  BB: 40130b in func 401160 with 15 insts
    I: 40130b (imm 405034)
    I: 401312
    I: 401314 (imm 405038)
    I: 40131b
    I: 40131d
    I: 40131f
    I: 401322
    I: 401325
    I: 401328
    I: 40132b
    I: 40132e
    I: 401331
    I: 401334
    I: 401336
    I: 401338 (flow 401343)
      Successors: 401343, 40133e
  BB: 40210d in func 401160 with 3 insts
    I: 40210d
    I: 402113
    I: 402115 (flow 402120)
      Successors: 402120, 40211b
  BB: 40290e in func 401160 with 1 insts
    I: 40290e (flow 402c25)
      Successors: 402c25
  BB: 401911 in func 401160 with 1 insts
    I: 401911 (flow 402b37)
      Successors: 402b37
  BB: 401b12 in func 401160 with 1 insts
    I: 401b12 (flow 401b33)
      Successors: 401b33
  BB: 401d12 in func 401160 with 1 insts
    I: 401d12 (flow 402b64)
      Successors: 402b64
  BB: 402913 in func 401160 with 3 insts
    I: 402913
    I: 402919
    I: 40291b (flow 402926)
      Successors: 402921, 402926
  BB: 402b12 in func 401160 with 1 insts
    I: 402b12 (flow 4017dc)
      Successors: 4017dc
  BB: 401916 in func 401160 with 21 insts
    I: 401916
    I: 40191c
    I: 40191f
    I: 401921
    I: 401929
    I: 40192c
    I: 401932 (imm 405034)
    I: 401939
    I: 40193b (imm 405038)
    I: 401942
    I: 401944
    I: 401946
    I: 401949
    I: 40194c
    I: 40194f
    I: 401952
    I: 401955
    I: 401958
    I: 40195b
    I: 40195d
    I: 40195f (flow 40196a)
      Successors: 40196a, 401965
  BB: 401b17 in func 401160 with 6 insts
    I: 401b17
    I: 401b1d
    I: 401b20
    I: 401b22
    I: 401b2a
    I: 401b2d
      Successors: 401b33
  BB: 401d17 in func 401160 with 17 insts
    I: 401d17
    I: 401d1d
    I: 401d23 (imm 405034)
    I: 401d2a
    I: 401d2c (imm 405038)
    I: 401d33
    I: 401d35
    I: 401d37
    I: 401d3a
    I: 401d3d
    I: 401d40
    I: 401d43
    I: 401d46
    I: 401d49
    I: 401d4c
    I: 401d4e
    I: 401d50 (flow 401d5b)
      Successors: 401d5b, 401d56
  BB: 402b17 in func 401160 with 7 insts
    I: 402b17
    I: 402b1d
    I: 402b20
    I: 402b22
    I: 402b29
    I: 402b2c
    I: 402b32 (flow 401886)
      Successors: 401886
  BB: 40211b in func 401160 with 1 insts
    I: 40211b (flow 402219)
      Successors: 402219
  BB: 402120 in func 401160 with 15 insts
    I: 402120 (imm 405034)
    I: 402127
    I: 402129 (imm 405038)
    I: 402130
    I: 402132
    I: 402134
    I: 402137
    I: 40213a
    I: 40213d
    I: 402140
    I: 402143
    I: 402146
    I: 402149
    I: 40214b
    I: 40214d (flow 402158)
      Successors: 402158, 402153
  BB: 402921 in func 401160 with 1 insts
    I: 402921 (flow 40294e)
      Successors: 40294e
  BB: 402926 in func 401160 with 4 insts
    I: 402926
    I: 40292c
    I: 402930
    I: 402937 (flow 40294e)
      Successors: 40293d, 40294e
  BB: 401f29 in func 401160 with 6 insts
    I: 401f29
    I: 401f2f
    I: 401f32
    I: 401f34
    I: 401f3b
    I: 401f3e
      Successors: 401f44
  BB: 40172e in func 401160 with 1 insts
    I: 40172e (flow 402b03)
      Successors: 402b03
  BB: 402531 in func 401160 with 1 insts
    I: 402531 (flow 402bdd)
      Successors: 402bdd
  BB: 401733 in func 401160 with 22 insts
    I: 401733
    I: 40173d
    I: 401743
    I: 401746
    I: 401748
    I: 401750
    I: 401753
    I: 401759 (imm 405034)
    I: 401760
    I: 401762 (imm 405038)
    I: 401769
    I: 40176b
    I: 40176d
    I: 401770
    I: 401773
    I: 401776
    I: 401779
    I: 40177c
    I: 40177f
    I: 401782
    I: 401784
    I: 401786 (flow 401791)
      Successors: 401791, 40178c
  BB: 401b33 in func 401160 with 3 insts
    I: 401b33
    I: 401b39
    I: 401b3b (flow 401b46)
      Successors: 401b41, 401b46
  BB: 402536 in func 401160 with 20 insts
    I: 402536
    I: 40253d
    I: 402544
    I: 40254a
    I: 40254d
    I: 402553 (imm 405034)
    I: 40255a
    I: 40255c (imm 405038)
    I: 402563
    I: 402565
    I: 402567
    I: 40256a
    I: 40256d
    I: 402570
    I: 402573
    I: 402576
    I: 402579
    I: 40257c
    I: 40257e
    I: 402580 (flow 40258b)
      Successors: 40258b, 402586
  BB: 402337 in func 401160 with 1 insts
    I: 402337 (flow 402bbd)
      Successors: 402bbd
  BB: 402b37 in func 401160 with 1 insts
    I: 402b37 (flow 401916)
      Successors: 401916
  BB: 40233c in func 401160 with 3 insts
    I: 40233c
    I: 402342
    I: 402344 (flow 40234f)
      Successors: 40234a, 40234f
  BB: 40293d in func 401160 with 3 insts
    I: 40293d
    I: 402941
    I: 402948
      Successors: 40294e
  BB: 40133e in func 401160 with 1 insts
    I: 40133e (flow 402a92)
      Successors: 402a92
  BB: 402b3c in func 401160 with 1 insts
    I: 402b3c (flow 4019f4)
      Successors: 4019f4
  BB: 401b41 in func 401160 with 1 insts
    I: 401b41 (flow 401c3f)
      Successors: 401c3f
  BB: 402b41 in func 401160 with 1 insts
    I: 402b41 (flow 401aab)
      Successors: 401aab
  BB: 401343 in func 401160 with 23 insts
    I: 401343
    I: 40134a
    I: 401351
    I: 401358
    I: 40135c
    I: 40135f (imm 403004)
    I: 401369
    I: 40136b (flow 405060)
    I: 401370 (imm 405034)
    I: 401377
    I: 401379 (imm 405038)
    I: 401380
    I: 401382
    I: 401384
    I: 401387
    I: 40138a
    I: 40138d
    I: 401390
    I: 401393
    I: 401396
    I: 401399
    I: 40139b
    I: 40139d (flow 4013a8)
      Successors: 4013a8, 4013a3
  BB: 401f44 in func 401160 with 5 insts
    I: 401f44
    I: 401f4a
    I: 401f4d
    I: 401f4f
    I: 401f57 (flow 401f9c)
      Successors: 401f9c, 401f5d
  BB: 401b46 in func 401160 with 15 insts
    I: 401b46 (imm 405034)
    I: 401b4d
    I: 401b4f (imm 405038)
    I: 401b56
    I: 401b58
    I: 401b5a
    I: 401b5d
    I: 401b60
    I: 401b63
    I: 401b66
    I: 401b69
    I: 401b6c
    I: 401b6f
    I: 401b71
    I: 401b73 (flow 401b7e)
      Successors: 401b79, 401b7e
  BB: 402b46 in func 401160 with 1 insts
    I: 402b46 (flow 401b7e)
      Successors: 401b7e
  BB: 40234a in func 401160 with 1 insts
    I: 40234a (flow 4023d8)
      Successors: 4023d8
  BB: 402b4b in func 401160 with 4 insts
    I: 402b4b
    I: 402b51
    I: 402b54
    I: 402b5a (flow 401bf3)
      Successors: 401bf3
  BB: 40294e in func 401160 with 2 insts
    I: 40294e
    I: 402958 (flow 402972)
      Successors: 402972, 40295e
  BB: 40234f in func 401160 with 15 insts
    I: 40234f (imm 405034)
    I: 402356
    I: 402358 (imm 405038)
    I: 40235f
    I: 402361
    I: 402363
    I: 402366
    I: 402369
    I: 40236c
    I: 40236f
    I: 402372
    I: 402375
    I: 402378
    I: 40237a
    I: 40237c (flow 402387)
      Successors: 402382, 402387
  BB: 402153 in func 401160 with 1 insts
    I: 402153 (flow 402b93)
      Successors: 402b93
  BB: 402753 in func 401160 with 1 insts
    I: 402753 (flow 402bfb)
      Successors: 402bfb
  BB: 401555 in func 401160 with 1 insts
    I: 401555 (flow 402ad8)
      Successors: 402ad8
  BB: 401d56 in func 401160 with 1 insts
    I: 401d56 (flow 402b64)
      Successors: 402b64
  BB: 402158 in func 401160 with 15 insts
    I: 402158 (imm 405034)
    I: 40215f
    I: 402161 (imm 405038)
    I: 402168
    I: 40216a
    I: 40216c
    I: 40216f
    I: 402172
    I: 402175
    I: 402178
    I: 40217b
    I: 40217e
    I: 402181
    I: 402183
    I: 402185 (flow 402190)
      Successors: 402190, 40218b
  BB: 402758 in func 401160 with 3 insts
    I: 402758
    I: 40275e
    I: 402760 (flow 40276b)
      Successors: 40276b, 402766
  BB: 40155a in func 401160 with 5 insts
    I: 40155a
    I: 401560
    I: 401562
    I: 401565
    I: 40156b (flow 401576)
      Successors: 401571, 401576
  BB: 401d5b in func 401160 with 1 insts
    I: 401d5b (flow 401d60)
      Successors: 401d60
  BB: 401f5d in func 401160 with 8 insts
    I: 401f5d
    I: 401f63
    I: 401f69
    I: 401f6c
    I: 401f6f
    I: 401f76
    I: 401f79
    I: 401f7b (flow 401f9c)
      Successors: 401f81, 401f9c
  BB: 40295e in func 401160 with 3 insts
    I: 40295e (imm 403007)
    I: 402968 (flow 405048)
    I: 40296d (flow 402989)
      Successors: 402989
  BB: 402b5f in func 401160 with 1 insts
    I: 402b5f (flow 401c7c)
      Successors: 401c7c
  BB: 401160 in func 401160 with 4 insts
    Referenced by data
    I: 401160
    I: 401161
    I: 401164
    I: 40116b
      Successors: 401172
  BB: 401d60 in func 401160 with 3 insts
    I: 401d60
    I: 401d67
    I: 401d6f (flow 401d8e)
      Successors: 401d75, 401d8e
  BB: 402b64 in func 401160 with 3 insts
    I: 402b64
    I: 402b6a
    I: 402b70 (flow 401d17)
      Successors: 401d17
  BB: 401965 in func 401160 with 1 insts
    I: 401965 (flow 402b37)
      Successors: 402b37
  BB: 402766 in func 401160 with 1 insts
    I: 402766 (flow 40288e)
      Successors: 40288e
  BB: 40196a in func 401160 with 3 insts
    I: 40196a
    I: 401970
    I: 401972 (flow 40197d)
      Successors: 401978, 40197d
  BB: 40276b in func 401160 with 15 insts
    I: 40276b (imm 405034)
    I: 402772
    I: 402774 (imm 405038)
    I: 40277b
    I: 40277d
    I: 40277f
    I: 402782
    I: 402785
    I: 402788
    I: 40278b
    I: 40278e
    I: 402791
    I: 402794
    I: 402796
    I: 402798 (flow 4027a3)
      Successors: 4027a3, 40279e
  BB: 401571 in func 401160 with 1 insts
    I: 401571 (flow 401592)
      Successors: 401592
  BB: 401172 in func 401160 with 6 insts
    I: 401172 (imm 403004)
    I: 40117c
    I: 401180
    I: 401182 (flow 405060)
    I: 401187
    I: 40118b (flow 401196)
      Successors: 401191, 401196
  BB: 402972 in func 401160 with 4 insts
    I: 402972
    I: 402978 (imm 40300a)
    I: 402982
    I: 402984 (flow 405050)
      Successors: 402989
  BB: 401d75 in func 401160 with 1 insts
    I: 401d75 (flow 401d7a)
      Successors: 401d7a
  BB: 401576 in func 401160 with 6 insts
    I: 401576
    I: 40157c
    I: 40157f
    I: 401581
    I: 401589
    I: 40158c
      Successors: 401592
  BB: 402b75 in func 401160 with 1 insts
    I: 402b75 (flow 401dc6)
      Successors: 401dc6
  BB: 401978 in func 401160 with 1 insts
    I: 401978 (flow 4019bc)
      Successors: 4019bc
  BB: 401b79 in func 401160 with 1 insts
    I: 401b79 (flow 402b46)
      Successors: 402b46
  BB: 401d7a in func 401160 with 4 insts
    I: 401d7a
    I: 401d80
    I: 401d83
    I: 401d89 (flow 401d60)
      Successors: 401d60
  BB: 402b7a in func 401160 with 2 insts
    I: 402b7a
    I: 402b84 (flow 401e94)
      Successors: 401e94
  BB: 40197d in func 401160 with 8 insts
    I: 40197d
    I: 401983
    I: 401989
    I: 40198c
    I: 40198f
    I: 401996
    I: 401999
    I: 40199b (flow 4019bc)
      Successors: 4019a1, 4019bc
  BB: 401b7e in func 401160 with 15 insts
    I: 401b7e (imm 405034)
    I: 401b85
    I: 401b87 (imm 405038)
    I: 401b8e
    I: 401b90
    I: 401b92
    I: 401b95
    I: 401b98
    I: 401b9b
    I: 401b9e
    I: 401ba1
    I: 401ba4
    I: 401ba7
    I: 401ba9
    I: 401bab (flow 401bb6)
      Successors: 401bb1, 401bb6
  BB: 401f81 in func 401160 with 6 insts
    I: 401f81
    I: 401f87
    I: 401f8a
    I: 401f8c
    I: 401f93
    I: 401f96
      Successors: 401f9c
  BB: 402382 in func 401160 with 1 insts
    I: 402382 (flow 402bc2)
      Successors: 402bc2
  BB: 402586 in func 401160 with 1 insts
    I: 402586 (flow 402bdd)
      Successors: 402bdd
  BB: 402387 in func 401160 with 15 insts
    I: 402387 (imm 405034)
    I: 40238e
    I: 402390 (imm 405038)
    I: 402397
    I: 402399
    I: 40239b
    I: 40239e
    I: 4023a1
    I: 4023a4
    I: 4023a7
    I: 4023aa
    I: 4023ad
    I: 4023b0
    I: 4023b2
    I: 4023b4 (flow 4023bf)
      Successors: 4023ba, 4023bf
  BB: 402989 in func 401160 with 15 insts
    I: 402989 (imm 405034)
    I: 402990
    I: 402992 (imm 405038)
    I: 402999
    I: 40299b
    I: 40299d
    I: 4029a0
    I: 4029a3
    I: 4029a6
    I: 4029a9
    I: 4029ac
    I: 4029af
    I: 4029b2
    I: 4029b4
    I: 4029b6 (flow 4029c1)
      Successors: 4029c1, 4029bc
  BB: 402b89 in func 401160 with 1 insts
    I: 402b89 (flow 401fe4)
      Successors: 401fe4
  BB: 40218b in func 401160 with 1 insts
    I: 40218b (flow 402b93)
      Successors: 402b93
  BB: 40178c in func 401160 with 1 insts
    I: 40178c (flow 402b03)
      Successors: 402b03
  BB: 40258b in func 401160 with 3 insts
    I: 40258b
    I: 402591
    I: 402593 (flow 40259e)
      Successors: 402599, 40259e
  BB: 401d8e in func 401160 with 15 insts
    I: 401d8e (imm 405034)
    I: 401d95
    I: 401d97 (imm 405038)
    I: 401d9e
    I: 401da0
    I: 401da2
    I: 401da5
    I: 401da8
    I: 401dab
    I: 401dae
    I: 401db1
    I: 401db4
    I: 401db7
    I: 401db9
    I: 401dbb (flow 401dc6)
      Successors: 401dc1, 401dc6
  BB: 402b8e in func 401160 with 1 insts
    I: 402b8e (flow 4020a8)
      Successors: 4020a8
  BB: 402190 in func 401160 with 1 insts
    I: 402190 (flow 402195)
      Successors: 402195
  BB: 401191 in func 401160 with 1 insts
    I: 401191 (flow 4029fe)
      Successors: 4029fe
  BB: 401592 in func 401160 with 3 insts
    I: 401592
    I: 401598
    I: 40159a (flow 4015a5)
      Successors: 4015a0, 4015a5
  BB: 401791 in func 401160 with 3 insts
    I: 401791
    I: 401797
    I: 401799 (flow 4017a4)
      Successors: 4017a4, 40179f
  BB: 402b93 in func 401160 with 1 insts
    I: 402b93 (flow 402158)
      Successors: 402158
  BB: 402195 in func 401160 with 15 insts
    I: 402195 (imm 405034)
    I: 40219c
    I: 40219e (imm 405038)
    I: 4021a5
    I: 4021a7
    I: 4021a9
    I: 4021ac
    I: 4021af
    I: 4021b2
    I: 4021b5
    I: 4021b8
    I: 4021bb
    I: 4021be
    I: 4021c0
    I: 4021c2 (flow 4021cd)
      Successors: 4021c8, 4021cd
  BB: 401196 in func 401160 with 5 insts
    I: 401196
    I: 40119d
    I: 40119f
    I: 4011a4 (flow 405058)
    I: 4011a9
      Successors: 4011b3
  BB: 402b98 in func 401160 with 4 insts
    I: 402b98
    I: 402b9e
    I: 402ba1
    I: 402ba7 (flow 4021cd)
      Successors: 4021cd
  BB: 402599 in func 401160 with 1 insts
    I: 402599 (flow 4025b2)
      Successors: 4025b2
  BB: 401f9c in func 401160 with 2 insts
    I: 401f9c
    I: 401fa6 (flow 4025b7)
      Successors: 401fac, 4025b7
  BB: 40259e in func 401160 with 3 insts
    I: 40259e
    I: 4025a4
    I: 4025ab
      Successors: 4025b2
  BB: 40179f in func 401160 with 1 insts
    I: 40179f (flow 4018de)
      Successors: 4018de
  BB: 4015a0 in func 401160 with 1 insts
    I: 4015a0 (flow 4015be)
      Successors: 4015be
  BB: 4019a1 in func 401160 with 6 insts
    I: 4019a1
    I: 4019a7
    I: 4019aa
    I: 4019ac
    I: 4019b3
    I: 4019b6
      Successors: 4019bc
  BB: 40279e in func 401160 with 1 insts
    I: 40279e (flow 402c0a)
      Successors: 402c0a
  BB: 4013a3 in func 401160 with 1 insts
    I: 4013a3 (flow 402a92)
      Successors: 402a92
  BB: 4017a4 in func 401160 with 15 insts
    I: 4017a4 (imm 405034)
    I: 4017ab
    I: 4017ad (imm 405038)
    I: 4017b4
    I: 4017b6
    I: 4017b8
    I: 4017bb
    I: 4017be
    I: 4017c1
    I: 4017c4
    I: 4017c7
    I: 4017ca
    I: 4017cd
    I: 4017cf
    I: 4017d1 (flow 4017dc)
      Successors: 4017dc, 4017d7
  BB: 4015a5 in func 401160 with 1 insts
    I: 4015a5 (flow 4015aa)
      Successors: 4015aa
  BB: 4027a3 in func 401160 with 20 insts
    I: 4027a3
    I: 4027a9
    I: 4027ad
    I: 4027b4
    I: 4027b7
    I: 4027bd (imm 405034)
    I: 4027c4
    I: 4027c6 (imm 405038)
    I: 4027cd
    I: 4027cf
    I: 4027d1
    I: 4027d4
    I: 4027d7
    I: 4027da
    I: 4027dd
    I: 4027e0
    I: 4027e3
    I: 4027e6
    I: 4027e8
    I: 4027ea (flow 4027f5)
      Successors: 4027f0, 4027f5
  BB: 4013a8 in func 401160 with 1 insts
    I: 4013a8 (flow 4013ad)
      Successors: 4013ad
  BB: 4015aa in func 401160 with 4 insts
    I: 4015aa
    I: 4015b0
    I: 4015b3
    I: 4015b9 (flow 4014d2)
      Successors: 4014d2
  BB: 401fac in func 401160 with 15 insts
    I: 401fac (imm 405034)
    I: 401fb3
    I: 401fb5 (imm 405038)
    I: 401fbc
    I: 401fbe
    I: 401fc0
    I: 401fc3
    I: 401fc6
    I: 401fc9
    I: 401fcc
    I: 401fcf
    I: 401fd2
    I: 401fd5
    I: 401fd7
    I: 401fd9 (flow 401fe4)
      Successors: 401fe4, 401fdf
  BB: 4013ad in func 401160 with 15 insts
    I: 4013ad (imm 405034)
    I: 4013b4
    I: 4013b6 (imm 405038)
    I: 4013bd
    I: 4013bf
    I: 4013c1
    I: 4013c4
    I: 4013c7
    I: 4013ca
    I: 4013cd
    I: 4013d0
    I: 4013d3
    I: 4013d6
    I: 4013d8
    I: 4013da (flow 4013e5)
      Successors: 4013e0, 4013e5
  BB: 402bac in func 401160 with 3 insts
    I: 402bac
    I: 402bb2
    I: 402bb8 (flow 40226b)
      Successors: 40226b
  BB: 401bb1 in func 401160 with 1 insts
    I: 401bb1 (flow 402b46)
      Successors: 402b46
  BB: 4025b2 in func 401160 with 1 insts
    I: 4025b2 (flow 4025b7)
      Successors: 4025b7
  BB: 4011b3 in func 401160 with 3 insts
    I: 4011b3
    I: 4011b9
    I: 4011bc (flow 40126c)
      Successors: 4011c2, 40126c
  BB: 401bb6 in func 401160 with 1 insts
    I: 401bb6 (flow 401bbb)
      Successors: 401bbb
  BB: 4025b7 in func 401160 with 1 insts
    I: 4025b7 (flow 4025bc)
      Successors: 4025bc
  BB: 4023ba in func 401160 with 1 insts
    I: 4023ba (flow 402bc2)
      Successors: 402bc2
  BB: 401bbb in func 401160 with 15 insts
    I: 401bbb (imm 405034)
    I: 401bc2
    I: 401bc4 (imm 405038)
    I: 401bcb
    I: 401bcd
    I: 401bcf
    I: 401bd2
    I: 401bd5
    I: 401bd8
    I: 401bdb
    I: 401bde
    I: 401be1
    I: 401be4
    I: 401be6
    I: 401be8 (flow 401bf3)
      Successors: 401bf3, 401bee
  BB: 4019bc in func 401160 with 15 insts
    I: 4019bc (imm 405034)
    I: 4019c3
    I: 4019c5 (imm 405038)
    I: 4019cc
    I: 4019ce
    I: 4019d0
    I: 4019d3
    I: 4019d6
    I: 4019d9
    I: 4019dc
    I: 4019df
    I: 4019e2
    I: 4019e5
    I: 4019e7
    I: 4019e9 (flow 4019f4)
      Successors: 4019f4, 4019ef
  BB: 4025bc in func 401160 with 4 insts
    I: 4025bc
    I: 4025c2
    I: 4025c5
    I: 4025cb (flow 401666)
      Successors: 401666
  BB: 4015be in func 401160 with 15 insts
    I: 4015be (imm 405034)
    I: 4015c5
    I: 4015c7 (imm 405038)
    I: 4015ce
    I: 4015d0
    I: 4015d2
    I: 4015d5
    I: 4015d8
    I: 4015db
    I: 4015de
    I: 4015e1
    I: 4015e4
    I: 4015e7
    I: 4015e9
    I: 4015eb (flow 4015f6)
      Successors: 4015f1, 4015f6
  BB: 4023bf in func 401160 with 1 insts
    I: 4023bf (flow 4023c4)
      Successors: 4023c4
  BB: 4029bc in func 401160 with 1 insts
    I: 4029bc (flow 402c2a)
      Successors: 402c2a
  BB: 401dc1 in func 401160 with 1 insts
    I: 401dc1 (flow 402b75)
      Successors: 402b75
  BB: 4011c2 in func 401160 with 22 insts
    I: 4011c2
    I: 4011c9
    I: 4011d0
    I: 4011d4
    I: 4011d7 (imm 403004)
    I: 4011e1
    I: 4011e3 (flow 405060)
    I: 4011e8 (imm 405034)
    I: 4011ef
    I: 4011f1 (imm 405038)
    I: 4011f8
    I: 4011fa
    I: 4011fc
    I: 4011ff
    I: 401202
    I: 401205
    I: 401208
    I: 40120b
    I: 40120e
    I: 401211
    I: 401213
    I: 401215 (flow 401220)
      Successors: 401220, 40121b
  BB: 4029c1 in func 401160 with 15 insts
    I: 4029c1 (imm 405034)
    I: 4029c8
    I: 4029ca (imm 405038)
    I: 4029d1
    I: 4029d3
    I: 4029d5
    I: 4029d8
    I: 4029db
    I: 4029de
    I: 4029e1
    I: 4029e4
    I: 4029e7
    I: 4029ea
    I: 4029ec
    I: 4029ee (flow 4029f9)
      Successors: 4029f9, 4029f4
  BB: 4023c4 in func 401160 with 4 insts
    I: 4023c4
    I: 4023ca
    I: 4023cd
    I: 4023d3 (flow 4022b4)
      Successors: 4022b4
  BB: 402bbd in func 401160 with 1 insts
    I: 402bbd (flow 4022ec)
      Successors: 4022ec
  BB: 401dc6 in func 401160 with 15 insts
    I: 401dc6 (imm 405034)
    I: 401dcd
    I: 401dcf (imm 405038)
    I: 401dd6
    I: 401dd8
    I: 401dda
    I: 401ddd
    I: 401de0
    I: 401de3
    I: 401de6
    I: 401de9
    I: 401dec
    I: 401def
    I: 401df1
    I: 401df3 (flow 401dfe)
      Successors: 401df9, 401dfe
  BB: 402bc2 in func 401160 with 1 insts
    I: 402bc2 (flow 402387)
      Successors: 402387
  BB: 4021c8 in func 401160 with 1 insts
    I: 4021c8 (flow 402b98)
      Successors: 402b98
  BB: 402bc7 in func 401160 with 3 insts
    I: 402bc7
    I: 402bcd
    I: 402bd3 (flow 402415)
      Successors: 402415
  BB: 4021cd in func 401160 with 18 insts
    I: 4021cd
    I: 4021d3
    I: 4021d6
    I: 4021dc (imm 405034)
    I: 4021e3
    I: 4021e5 (imm 405038)
    I: 4021ec
    I: 4021ee
    I: 4021f0
    I: 4021f3
    I: 4021f6
    I: 4021f9
    I: 4021fc
    I: 4021ff
    I: 402202
    I: 402205
    I: 402207
    I: 402209 (flow 402214)
      Successors: 402214, 40220f
  BB: 4025d0 in func 401160 with 15 insts
    I: 4025d0 (imm 405034)
    I: 4025d7
    I: 4025d9 (imm 405038)
    I: 4025e0
    I: 4025e2
    I: 4025e4
    I: 4025e7
    I: 4025ea
    I: 4025ed
    I: 4025f0
    I: 4025f3
    I: 4025f6
    I: 4025f9
    I: 4025fb
    I: 4025fd (flow 402608)
      Successors: 402608, 402603
  BB: 4017d7 in func 401160 with 1 insts
    I: 4017d7 (flow 402b12)
      Successors: 402b12
  BB: 4023d8 in func 401160 with 1 insts
    I: 4023d8 (flow 40245e)
      Successors: 40245e
  BB: 402bd8 in func 401160 with 1 insts
    I: 402bd8 (flow 40249b)
      Successors: 40249b
  BB: 4017dc in func 401160 with 24 insts
    I: 4017dc
    I: 4017e2
    I: 4017e8
    I: 4017eb
    I: 4017ee
    I: 4017f5
    I: 4017f8
    I: 4017fa
    I: 4017fd
    I: 401803 (imm 405034)
    I: 40180a
    I: 40180c (imm 405038)
    I: 401813
    I: 401815
    I: 401817
    I: 40181a
    I: 40181d
    I: 401820
    I: 401823
    I: 401826
    I: 401829
    I: 40182c
    I: 40182e
    I: 401830 (flow 40183b)
      Successors: 40183b, 401836
  BB: 4023dd in func 401160 with 15 insts
    I: 4023dd (imm 405034)
    I: 4023e4
    I: 4023e6 (imm 405038)
    I: 4023ed
    I: 4023ef
    I: 4023f1
    I: 4023f4
    I: 4023f7
    I: 4023fa
    I: 4023fd
    I: 402400
    I: 402403
    I: 402406
    I: 402408
    I: 40240a (flow 402415)
      Successors: 402410, 402415
  BB: 402bdd in func 401160 with 1 insts
    I: 402bdd (flow 402536)
      Successors: 402536
  BB: 401fdf in func 401160 with 1 insts
    I: 401fdf (flow 402b89)
      Successors: 402b89
  BB: 4013e0 in func 401160 with 1 insts
    I: 4013e0 (flow 402ac4)
      Successors: 402ac4
  BB: 402be2 in func 401160 with 1 insts
    I: 402be2 (flow 402608)
      Successors: 402608
  BB: 401fe4 in func 401160 with 19 insts
    I: 401fe4
    I: 401feb
    I: 401ff3
    I: 401ff6
    I: 401ffc (imm 405034)
    I: 402003
    I: 402005 (imm 405038)
    I: 40200c
    I: 40200e
    I: 402010
    I: 402013
    I: 402016
    I: 402019
    I: 40201c
    I: 40201f
    I: 402022
    I: 402025
    I: 402027
    I: 402029 (flow 402034)
      Successors: 402034, 40202f
  BB: 4013e5 in func 401160 with 18 insts
    I: 4013e5
    I: 4013eb
    I: 4013ee
    I: 4013f4 (imm 405034)
    I: 4013fb
    I: 4013fd (imm 405038)
    I: 401404
    I: 401406
    I: 401408
    I: 40140b
    I: 40140e
    I: 401411
    I: 401414
    I: 401417
    I: 40141a
    I: 40141d
    I: 40141f
    I: 401421 (flow 40142c)
      Successors: 40142c, 401427
  BB: 402be7 in func 401160 with 4 insts
    I: 402be7
    I: 402bed
    I: 402bf0
    I: 402bf6 (flow 40267d)
      Successors: 40267d
  BB: 401bee in func 401160 with 1 insts
    I: 401bee (flow 402b4b)
      Successors: 402b4b
  BB: 4019ef in func 401160 with 1 insts
    I: 4019ef (flow 402b3c)
      Successors: 402b3c
  BB: 4027f0 in func 401160 with 1 insts
    I: 4027f0 (flow 402c0a)
      Successors: 402c0a
  BB: 4015f1 in func 401160 with 1 insts
    I: 4015f1 (flow 402add)
      Successors: 402add
  BB: 401bf3 in func 401160 with 18 insts
    I: 401bf3
    I: 401bf9
    I: 401bfc
    I: 401c02 (imm 405034)
    I: 401c09
    I: 401c0b (imm 405038)
    I: 401c12
    I: 401c14
    I: 401c16
    I: 401c19
    I: 401c1c
    I: 401c1f
    I: 401c22
    I: 401c25
    I: 401c28
    I: 401c2b
    I: 401c2d
    I: 401c2f (flow 401c3a)
      Successors: 401c3a, 401c35
  BB: 4019f4 in func 401160 with 18 insts
    I: 4019f4
    I: 4019fe
    I: 401a01
    I: 401a07 (imm 405034)
    I: 401a0e
    I: 401a10 (imm 405038)
    I: 401a17
    I: 401a19
    I: 401a1b
    I: 401a1e
    I: 401a21
    I: 401a24
    I: 401a27
    I: 401a2a
    I: 401a2d
    I: 401a30
    I: 401a32
    I: 401a34 (flow 401a3f)
      Successors: 401a3a, 401a3f
  BB: 4027f5 in func 401160 with 3 insts
    I: 4027f5
    I: 4027fb
    I: 4027fd (flow 402808)
      Successors: 402808, 402803
  BB: 4015f6 in func 401160 with 18 insts
    I: 4015f6
    I: 4015fd
    I: 401608
    I: 401612 (imm 405034)
    I: 401619
    I: 40161b (imm 405038)
    I: 401622
    I: 401624
    I: 401626
    I: 401629
    I: 40162c
    I: 40162f
    I: 401632
    I: 401635
    I: 401638
    I: 40163b
    I: 40163d
    I: 40163f (flow 40164a)
      Successors: 40164a, 401645
  BB: 4029f4 in func 401160 with 1 insts
    I: 4029f4 (flow 402c2a)
      Successors: 402c2a
  BB: 4029f9 in func 401160 with 1 insts
    I: 4029f9 (flow 401172)
      Successors: 401172
  BB: 402bfb in func 401160 with 2 insts
    I: 402bfb
    I: 402c05 (flow 402701)
      Successors: 402701
  BB: 4029fe in func 401160 with 15 insts
    I: 4029fe (imm 405034)
    I: 402a05
    I: 402a07 (imm 405038)
    I: 402a0e
    I: 402a10
    I: 402a12
    I: 402a15
    I: 402a18
    I: 402a1b
    I: 402a1e
    I: 402a21
    I: 402a24
    I: 402a27
    I: 402a29
    I: 402a2b (flow 402a36)
      Successors: 402a31, 402a36
Recovering .term_proc at 402c34
  Analysing subroutine .term_proc at 402c34
    Block head at 00402c41 is not code.
  Subroutine .term_proc at 402c34 has 1 blocks
  BB: 402c34 in func 402c34 with 4 insts
    I: 402c34
    I: 402c38
    I: 402c3c
    I: 402c40
      No successors
Global Variable None
WARNING: Global constructor and destructor sections are adjacent!
Recovering region LOAD [400000, 400558) in segment LOAD
  8-byte reference at 400018 to 401070 (start)
  8-byte reference at 4000f8 to 401000 (.init_proc)
  8-byte reference at 400130 to 403000 ()
  8-byte reference at 400168 to 404de8 ()
  8-byte reference at 400280 to 403010 ()
  8-byte reference at 4002f0 to 404de8 ()
Recovering region .init [401000, 40101b) in segment .init
Recovering region LOAD [40101b, 401020) in segment LOAD
Recovering region .plt [401020, 401070) in segment .plt
Recovering region .text [401070, 402c34) in segment .text
Recovering region .fini [402c34, 402c41) in segment .fini
Recovering region .rodata [403000, 40300e) in segment .rodata
  Variable s at 403007
  Variable format at 40300a
Recovering region LOAD [40300e, 403010) in segment LOAD
Recovering region .eh_frame_hdr [403010, 40303c) in segment .eh_frame_hdr
Recovering region LOAD [40303c, 403040) in segment LOAD
Recovering region .eh_frame [403040, 4030d0) in segment .eh_frame
Recovering region LOAD [4030d0, 403110) in segment LOAD
Recovering region .init_array [404de8, 404df8) in segment .init_array
  8-byte reference at 404de8 to 401150 ()
  8-byte reference at 404df0 to 401120 ()
Recovering region LOAD [404df8, 404fd8) in segment LOAD
Recovering region .got [404fd8, 404fe8) in segment .got
  8-byte reference at 404fd8 to 405040 (__libc_start_main)
  8-byte reference at 404fe0 to 405068 (__gmon_start__)
Recovering region .got.plt [404fe8, 405020) in segment .got.plt
  8-byte reference at 405000 to 405048 (puts)
  8-byte reference at 405008 to 405050 (printf)
  8-byte reference at 405010 to 405058 (memset)
  8-byte reference at 405018 to 405060 (__isoc99_scanf)
Recovering region .data [405020, 405030) in segment .data
Recovering region .bss [405030, 405040) in segment .bss
Recovering extern function puts at 401030
Recovering extern function printf at 401040
Recovering extern function memset at 401050
Recovering extern function __isoc99_scanf at 401060
Recovering extern function __libc_start_main at 405040
Recovering extern function puts at 405048
Recovering extern function printf at 405050
Recovering extern function memset at 405058
Recovering extern function __isoc99_scanf at 405060
Recovering extern function __gmon_start__ at 405068
Recovered 8 functions.
Saving to: /home/ubuntu/capstone_project/result/pipeline_20260629_141746/s380322669_bcf.cfg
Done analysis!
