Debugging is enabled.
Loading Standard Definitions file: /home/ubuntu/capstone_project/dependency/mcsema/mcsema/lib/python3/site-packages/mcsema_disass-3.1.3.8-py3.8.egg/mcsema_disass/defs/linux.txt
Using Batch mode.
Starting analysis
Recovering module s415455628_fla.elf
Found main at 4013d0
Looking for instructions in segment .init
  Default block heads for function 401000 with loose bounds [401000, 40101b)
    block [401000, 401014)
    block [401014, 401016)
    block [401016, 40101b)
    chunk [401000, 40101b)
Looking for instructions in segment .plt
  Default block heads for function 401020 with loose bounds [401020, 40102c)
    block [401020, 40102c)
    chunk [401020, 40102c)
  Default block heads for function 401030 with loose bounds [401030, 401036)
    block [401030, 401036)
    chunk [401030, 401036)
  Default block heads for function 401040 with loose bounds [401040, 401046)
    block [401040, 401046)
    chunk [401040, 401046)
Looking for instructions in segment .text
  Default block heads for function 401050 with loose bounds [401050, 401076)
    block [401050, 401076)
    chunk [401050, 401076)
  Default block heads for function 401090 with loose bounds [401090, 4010b1)
    block [401090, 40109d)
    block [40109d, 4010a7)
    block [4010a7, 4010ae)
    block [4010b0, 4010b1)
    chunk [401090, 4010b1)
  Default block heads for function 401100 with loose bounds [401100, 401121)
    block [401100, 40110d)
    block [40110d, 40111f)
    block [401120, 401121)
    chunk [401100, 401121)
  Default block heads for function 401130 with loose bounds [401130, 401136)
    block [401130, 401136)
    chunk [401130, 401136)
    chunk [4010c0, 4010f1)
  Default block heads for function 401140 with loose bounds [401140, 40115c)
    block [401140, 40115c)
    chunk [401140, 40115c)
  Default block heads for function 401160 with loose bounds [401160, 40117c)
    block [401160, 40117c)
    chunk [401160, 40117c)
  Default block heads for function 401180 with loose bounds [401180, 40123c)
    block [401180, 40119d)
    block [40119d, 4011ae)
    block [4011ae, 4011b3)
    block [4011b3, 4011c1)
    block [4011c1, 4011c6)
    block [4011c6, 4011d4)
    block [4011d4, 4011d9)
    block [4011d9, 4011e7)
    block [4011e7, 4011ec)
    block [4011ec, 4011f1)
    block [4011f1, 40120e)
    block [40120e, 401220)
    block [401220, 401232)
    block [401232, 401237)
    block [401237, 40123c)
    chunk [401180, 40123c)
  Default block heads for function 401240 with loose bounds [401240, 4012fc)
    block [401240, 40125d)
    block [40125d, 40126e)
    block [40126e, 401273)
    block [401273, 401281)
    block [401281, 401286)
    block [401286, 401294)
    block [401294, 401299)
    block [401299, 4012a7)
    block [4012a7, 4012ac)
    block [4012ac, 4012b1)
    block [4012b1, 4012ce)
    block [4012ce, 4012e0)
    block [4012e0, 4012f2)
    block [4012f2, 4012f7)
    block [4012f7, 4012fc)
    chunk [401240, 4012fc)
  Default block heads for function 401300 with loose bounds [401300, 4013ca)
    block [401300, 40131b)
    block [40131b, 40132c)
    block [40132c, 401331)
    block [401331, 40133f)
    block [40133f, 401344)
    block [401344, 401352)
    block [401352, 401357)
    block [401357, 401365)
    block [401365, 40136a)
    block [40136a, 40136f)
    block [40136f, 40138a)
    block [40138a, 40139c)
    block [40139c, 4013bc)
    block [4013bc, 4013c5)
    block [4013c5, 4013ca)
    chunk [401300, 4013ca)
  Default block heads for function 4013d0 with loose bounds [4013d0, 4014d8)
    block [4013d0, 401402)
    block [401402, 401413)
    block [401413, 401418)
    block [401418, 401426)
    block [401426, 40142b)
    block [40142b, 401439)
    block [401439, 40143e)
    block [40143e, 40144c)
    block [40144c, 401451)
    block [401451, 401456)
    block [401456, 401471)
    block [401471, 4014b6)
    block [4014b6, 4014cb)
    block [4014cb, 4014d3)
    block [4014d3, 4014d8)
    chunk [4013d0, 4014d8)
Looking for instructions in segment .fini
  Default block heads for function 4014d8 with loose bounds [4014d8, 4014e5)
    block [4014d8, 4014e5)
    chunk [4014d8, 4014e5)
Looking for strings in segment .rodata [402000, 40200e)
  Found string b'%d %d' of length 6 at 402004, jumping to 40200a
  Found string b'%d\n' of length 4 at 40200a, jumping to 40200e
Looking for strings in segment .eh_frame_hdr [402010, 402064)
Looking for strings in segment .eh_frame [402068, 4021a4)
Looking for strings in segment .init_array [403de8, 403df0)
Looking for strings in segment .fini_array [403df0, 403df8)
Looking for strings in segment .got [403fd8, 403fe8)
Looking for strings in segment .got.plt [403fe8, 404010)
Looking for strings in segment .data [404010, 404020)
Looking for strings in segment .bss [404020, 4c7538)
Looking for strings in segment extern [4c7538, 4c7558)
Looking for cross-references in segment .init [401000, 40101b)
Looking for cross-references in segment .plt [401020, 401050)
  Stopping scan at 40102c
Looking for cross-references in segment .text [401050, 4014d8)
  Stopping scan at 40107c
  Stopping scan at 40108c
  Stopping scan at ffffffffffffffff
  Stopping scan at 4010bc
  Stopping scan at 4010fc
  Stopping scan at ffffffffffffffff
  Stopping scan at 40112c
  Stopping scan at 40113c
  Stopping scan at 40115c
  Stopping scan at 40117c
  Stopping scan at 40123c
  Stopping scan at 4012fc
  Stopping scan at 4013cc
Looking for cross-references in segment .fini [4014d8, 4014e5)
Looking for cross-references in segment .rodata [402000, 40200e)
  Found string at 402004, jumping to 40200a
  Found string at 40200a, jumping to 40200e
  Stopping scan at 40200a
Looking for cross-references in segment .eh_frame_hdr [402010, 402064)
  Stopping scan at 402060
Looking for cross-references in segment .eh_frame [402068, 4021a4)
  Stopping scan at 4021a0
Looking for cross-references in segment .init_array [403de8, 403df0)
  Adding qword reference from 403de8 to 401130
  Stopping scan at 403de8
Looking for cross-references in segment .fini_array [403df0, 403df8)
  Adding qword reference from 403df0 to 401100
  Stopping scan at 403df0
Looking for cross-references in segment .got [403fd8, 403fe8)
  Adding qword reference from 403fd8 to 4c7538
  Adding qword reference from 403fe0 to 4c7550
  Stopping scan at 403fe0
Looking for cross-references in segment .got.plt [403fe8, 404010)
  Adding qword reference from 404000 to 4c7540
  Adding qword reference from 404008 to 4c7548
  Stopping scan at 404008
Looking for cross-references in segment .data [404010, 404020)
  Stopping scan at 40401c
Looking for cross-references in segment .bss [404020, 4c7538)
  Stopping scan at 4c7534
Looking for cross-references in segment extern [4c7538, 4c7558)
  Stopping scan at 4c7554
Looking for thunks
  Found thunk for printf targeting 4c7540 at 401030
  Found thunk for __isoc99_scanf targeting 4c7548 at 401040
Looking for external symbols
  Function at 401030 is the external function printf
  Function at 401040 is the external function __isoc99_scanf
  Function at 4c7538 is the external function __libc_start_main
  Function at 4c7540 is the external function printf
  Function at 4c7548 is the external function __isoc99_scanf
  Function at 4c7550 is the external function __gmon_start__
Looking for entrypoints
Recovering .init_proc at 401000
  Analysing subroutine .init_proc at 401000
    Block head at 0040101b is not code.
  Subroutine .init_proc at 401000 has 3 blocks
  BB: 401000 in func 401000 with 5 insts
    Referenced by data
    I: 401000
    I: 401004
    I: 401008 (mem 403fe0)
    I: 40100f
    I: 401012 (flow 401016)
      Successors: 401014, 401016
  BB: 401014 in func 401000 with 1 insts
    I: 401014
      Successors: 401016
  BB: 401016 in func 401000 with 2 insts
    I: 401016
    I: 40101a
      No successors
Recovering 401020
  Analysing subroutine sub_401020 at 401020
  WARNING: No table entries for indirect jump at 401026; Adding next_ea 40102c as successor.
  Subroutine sub_401020 at 401020 has 2 blocks
  WARNING: No table entries for indirect jump at 401026; Adding next_ea 40102c as successor.
  BB: 401020 in func 401020 with 2 insts
    I: 401020 (mem 403ff0)
    I: 401026 (mem 403ff8)
      Successors: 40102c
  BB: 40102c in func 401020 with 1 insts
    I: 40102c
      No successors
Recovering start at 401050
  Analysing subroutine start at 401050
  Subroutine start at 401050 has 3 blocks
  BB: 401050 in func 401050 with 13 insts
    Referenced by data
    I: 401050
    I: 401054
    I: 401056
    I: 401059
    I: 40105a
    I: 40105d
    I: 401061
    I: 401062
    I: 401063
    I: 401066
    I: 401068 (imm 4013d0)
    I: 40106f (mem 403fd8)
    I: 401075
      No successors
  BB: 401085 in func 401050 with 2 insts
    I: 401085
    I: 40108f
      No successors
  BB: 401076 in func 401050 with 3 insts
    I: 401076
    I: 401080
    I: 401084
      No successors
Recovering 401090
  Analysing subroutine sub_401090 at 401090
  WARNING: No table entries for indirect jump at 4010ac; Adding next_ea 4010ae as successor.
  WARNING: No table entries for indirect jump at 4010ee; Adding next_ea 4010f0 as successor.
  Subroutine sub_401090 at 401090 has 11 blocks
  BB: 4010c0 in func 401090 with 8 insts
    I: 4010c0 (imm 404020)
    I: 4010c5 (imm 404020)
    I: 4010cc
    I: 4010cf
    I: 4010d3
    I: 4010d7
    I: 4010da
    I: 4010dd (flow 4010f0)
      Successors: 4010f0, 4010df
  WARNING: No table entries for indirect jump at 4010ac; Adding next_ea 4010ae as successor.
  BB: 4010a7 in func 401090 with 2 insts
    I: 4010a7 (imm 404020)
    I: 4010ac
      Successors: 4010ae
  WARNING: No table entries for indirect jump at 4010ee; Adding next_ea 4010f0 as successor.
  BB: 4010e9 in func 401090 with 2 insts
    I: 4010e9 (imm 404020)
    I: 4010ee
      Successors: 4010f0
  BB: 4010ae in func 401090 with 1 insts
    I: 4010ae
      Successors: 4010b0
  BB: 401090 in func 401090 with 3 insts
    I: 401090 (imm 404020)
    I: 401095 (imm 404020)
    I: 40109b (flow 4010b0)
      Successors: 4010b0, 40109d
  BB: 4010b0 in func 401090 with 1 insts
    I: 4010b0
      No successors
  BB: 4010b1 in func 401090 with 2 insts
    I: 4010b1
    I: 4010b5
      Successors: 4010c0
  BB: 4010f0 in func 401090 with 1 insts
    I: 4010f0
      No successors
  BB: 4010f1 in func 401090 with 2 insts
    I: 4010f1
    I: 4010f5
      No successors
  BB: 40109d in func 401090 with 3 insts
    I: 40109d
    I: 4010a2
    I: 4010a5 (flow 4010b0)
      Successors: 4010b0, 4010a7
  BB: 4010df in func 401090 with 3 insts
    I: 4010df
    I: 4010e4
    I: 4010e7 (flow 4010f0)
      Successors: 4010f0, 4010e9
Recovering 401100
  Analysing subroutine sub_401100 at 401100
  Subroutine sub_401100 at 401100 has 5 blocks
  BB: 401100 in func 401100 with 3 insts
    Referenced by data
    I: 401100
    I: 401104 (mem 404020)
    I: 40110b (flow 401120)
      Successors: 401120, 40110d
  BB: 401121 in func 401100 with 2 insts
    I: 401121
    I: 401125
      No successors
  BB: 401120 in func 401100 with 1 insts
    I: 401120
      No successors
  BB: 40110d in func 401100 with 6 insts
    I: 40110d
    I: 40110e
    I: 401111 (flow 401090)
    I: 401116 (mem 404020)
    I: 40111d
    I: 40111e
      No successors
  BB: 40111f in func 401100 with 1 insts
    I: 40111f
      Successors: 401120
Recovering 401130
  Analysing subroutine sub_401130 at 401130
  WARNING: No table entries for indirect jump at 4010ee; Adding next_ea 4010f0 as successor.
  Subroutine sub_401130 at 401130 has 6 blocks
  BB: 4010c0 in func 401130 with 8 insts
    I: 4010c0 (imm 404020)
    I: 4010c5 (imm 404020)
    I: 4010cc
    I: 4010cf
    I: 4010d3
    I: 4010d7
    I: 4010da
    I: 4010dd (flow 4010f0)
      Successors: 4010f0, 4010df
  WARNING: No table entries for indirect jump at 4010ee; Adding next_ea 4010f0 as successor.
  BB: 4010e9 in func 401130 with 2 insts
    I: 4010e9 (imm 404020)
    I: 4010ee
      Successors: 4010f0
  BB: 401130 in func 401130 with 2 insts
    Referenced by data
    I: 401130
    I: 401134 (flow 4010c0)
      Successors: 4010c0
  BB: 4010f0 in func 401130 with 1 insts
    I: 4010f0
      No successors
  BB: 401136 in func 401130 with 1 insts
    I: 401136
      No successors
  BB: 4010df in func 401130 with 3 insts
    I: 4010df
    I: 4010e4
    I: 4010e7 (flow 4010f0)
      Successors: 4010f0, 4010e9
Recovering 401140
  Analysing subroutine sub_401140 at 401140
  Subroutine sub_401140 at 401140 has 2 blocks
  BB: 401140 in func 401140 with 10 insts
    I: 401140
    I: 401141
    I: 401144
    I: 401148
    I: 40114c
    I: 401150
    I: 401153
    I: 401157
    I: 40115a
    I: 40115b
      No successors
  BB: 40115c in func 401140 with 1 insts
    I: 40115c
      No successors
Recovering 401160
  Analysing subroutine sub_401160 at 401160
  Subroutine sub_401160 at 401160 has 2 blocks
  BB: 401160 in func 401160 with 10 insts
    I: 401160
    I: 401161
    I: 401164
    I: 401168
    I: 40116c
    I: 401170
    I: 401173
    I: 401177
    I: 40117a
    I: 40117b
      No successors
  BB: 40117c in func 401160 with 1 insts
    I: 40117c
      No successors
Recovering 401180
  Analysing subroutine sub_401180 at 401180
  Subroutine sub_401180 at 401180 has 16 blocks
  BB: 401180 in func 401180 with 9 insts
    I: 401180
    I: 401181
    I: 401184
    I: 401187
    I: 40118a
    I: 40118d
    I: 401190
    I: 401193
    I: 401196
      Successors: 40119d
  BB: 4011c1 in func 401180 with 1 insts
    I: 4011c1 (flow 4011c6)
      Successors: 4011c6
  BB: 401220 in func 401180 with 4 insts
    I: 401220
    I: 401223
    I: 401226
    I: 40122d (flow 401237)
      Successors: 401237
  BB: 4011c6 in func 401180 with 3 insts
    I: 4011c6
    I: 4011c9
    I: 4011ce (flow 401232)
      Successors: 401232, 4011d4
  BB: 4011e7 in func 401180 with 1 insts
    I: 4011e7 (flow 4011ec)
      Successors: 4011ec
  BB: 4011ec in func 401180 with 1 insts
    I: 4011ec (flow 401237)
      Successors: 401237
  BB: 4011ae in func 401180 with 1 insts
    I: 4011ae (flow 4011b3)
      Successors: 4011b3
  BB: 40120e in func 401180 with 4 insts
    I: 40120e
    I: 401211
    I: 401214
    I: 40121b (flow 401237)
      Successors: 401237
  BB: 4011f1 in func 401180 with 8 insts
    I: 4011f1
    I: 4011f4
    I: 4011f7
    I: 4011fc
    I: 401201
    I: 401203
    I: 401206
    I: 401209 (flow 401237)
      Successors: 401237
  BB: 401232 in func 401180 with 3 insts
    I: 401232
    I: 401235
    I: 401236
      No successors
  BB: 4011b3 in func 401180 with 3 insts
    I: 4011b3
    I: 4011b6
    I: 4011bb (flow 401220)
      Successors: 401220, 4011c1
  BB: 4011d4 in func 401180 with 1 insts
    I: 4011d4 (flow 4011d9)
      Successors: 4011d9
  BB: 401237 in func 401180 with 1 insts
    I: 401237 (flow 40119d)
      Successors: 40119d
  BB: 4011d9 in func 401180 with 3 insts
    I: 4011d9
    I: 4011dc
    I: 4011e1 (flow 4011f1)
      Successors: 4011f1, 4011e7
  BB: 40123c in func 401180 with 1 insts
    I: 40123c
      No successors
  BB: 40119d in func 401180 with 4 insts
    I: 40119d
    I: 4011a0
    I: 4011a3
    I: 4011a8 (flow 40120e)
      Successors: 4011ae, 40120e
Recovering 401240
  Analysing subroutine sub_401240 at 401240
  Subroutine sub_401240 at 401240 has 16 blocks
  BB: 401240 in func 401240 with 9 insts
    I: 401240
    I: 401241
    I: 401244
    I: 401247
    I: 40124a
    I: 40124d
    I: 401250
    I: 401253
    I: 401256
      Successors: 40125d
  BB: 401281 in func 401240 with 1 insts
    I: 401281 (flow 401286)
      Successors: 401286
  BB: 4012e0 in func 401240 with 4 insts
    I: 4012e0
    I: 4012e3
    I: 4012e6
    I: 4012ed (flow 4012f7)
      Successors: 4012f7
  BB: 401286 in func 401240 with 3 insts
    I: 401286
    I: 401289
    I: 40128e (flow 4012f2)
      Successors: 4012f2, 401294
  BB: 4012a7 in func 401240 with 1 insts
    I: 4012a7 (flow 4012ac)
      Successors: 4012ac
  BB: 4012ac in func 401240 with 1 insts
    I: 4012ac (flow 4012f7)
      Successors: 4012f7
  BB: 40126e in func 401240 with 1 insts
    I: 40126e (flow 401273)
      Successors: 401273
  BB: 4012ce in func 401240 with 4 insts
    I: 4012ce
    I: 4012d1
    I: 4012d4
    I: 4012db (flow 4012f7)
      Successors: 4012f7
  BB: 4012b1 in func 401240 with 8 insts
    I: 4012b1
    I: 4012b4
    I: 4012b7
    I: 4012bc
    I: 4012c1
    I: 4012c3
    I: 4012c6
    I: 4012c9 (flow 4012f7)
      Successors: 4012f7
  BB: 4012f2 in func 401240 with 3 insts
    I: 4012f2
    I: 4012f5
    I: 4012f6
      No successors
  BB: 401273 in func 401240 with 3 insts
    I: 401273
    I: 401276
    I: 40127b (flow 4012e0)
      Successors: 4012e0, 401281
  BB: 401294 in func 401240 with 1 insts
    I: 401294 (flow 401299)
      Successors: 401299
  BB: 4012f7 in func 401240 with 1 insts
    I: 4012f7 (flow 40125d)
      Successors: 40125d
  BB: 401299 in func 401240 with 3 insts
    I: 401299
    I: 40129c
    I: 4012a1 (flow 4012b1)
      Successors: 4012b1, 4012a7
  BB: 4012fc in func 401240 with 1 insts
    I: 4012fc
      No successors
  BB: 40125d in func 401240 with 4 insts
    I: 40125d
    I: 401260
    I: 401263
    I: 401268 (flow 4012ce)
      Successors: 4012ce, 40126e
Recovering 401300
  Analysing subroutine sub_401300 at 401300
  Subroutine sub_401300 at 401300 has 16 blocks
  BB: 401300 in func 401300 with 8 insts
    I: 401300
    I: 401301
    I: 401304
    I: 401308
    I: 40130b
    I: 40130e
    I: 401311
    I: 401314
      Successors: 40131b
  BB: 401344 in func 401300 with 3 insts
    I: 401344
    I: 401347
    I: 40134c (flow 4013bc)
      Successors: 401352, 4013bc
  BB: 4013c5 in func 401300 with 1 insts
    I: 4013c5 (flow 40131b)
      Successors: 40131b
  BB: 401365 in func 401300 with 1 insts
    I: 401365 (flow 40136a)
      Successors: 40136a
  BB: 40139c in func 401300 with 9 insts
    I: 40139c
    I: 40139f
    I: 4013a2
    I: 4013a3
    I: 4013a6
    I: 4013a8 (flow 401300)
    I: 4013ad
    I: 4013b0
    I: 4013b7 (flow 4013c5)
      Successors: 4013c5
  BB: 40136a in func 401300 with 1 insts
    I: 40136a (flow 4013c5)
      Successors: 4013c5
  BB: 40138a in func 401300 with 4 insts
    I: 40138a
    I: 40138d
    I: 401390
    I: 401397 (flow 4013c5)
      Successors: 4013c5
  BB: 40132c in func 401300 with 1 insts
    I: 40132c (flow 401331)
      Successors: 401331
  BB: 4013ca in func 401300 with 1 insts
    I: 4013ca
      No successors
  BB: 40136f in func 401300 with 7 insts
    I: 40136f
    I: 401372
    I: 401377
    I: 40137c
    I: 40137f
    I: 401382
    I: 401385 (flow 4013c5)
      Successors: 4013c5
  BB: 401331 in func 401300 with 3 insts
    I: 401331
    I: 401334
    I: 401339 (flow 40139c)
      Successors: 40139c, 40133f
  BB: 401352 in func 401300 with 1 insts
    I: 401352 (flow 401357)
      Successors: 401357
  BB: 401357 in func 401300 with 3 insts
    I: 401357
    I: 40135a
    I: 40135f (flow 40136f)
      Successors: 401365, 40136f
  BB: 40131b in func 401300 with 4 insts
    I: 40131b
    I: 40131e
    I: 401321
    I: 401326 (flow 40138a)
      Successors: 40138a, 40132c
  BB: 4013bc in func 401300 with 4 insts
    I: 4013bc
    I: 4013bf
    I: 4013c3
    I: 4013c4
      No successors
  BB: 40133f in func 401300 with 1 insts
    I: 40133f (flow 401344)
      Successors: 401344
Recovering main at 4013d0
  Analysing subroutine main at 4013d0
  Subroutine main at 4013d0 has 15 blocks
  BB: 401402 in func 4013d0 with 4 insts
    I: 401402
    I: 401405
    I: 401408
    I: 40140d (flow 401456)
      Successors: 401413, 401456
  BB: 401426 in func 4013d0 with 1 insts
    I: 401426 (flow 40142b)
      Successors: 40142b
  BB: 40142b in func 4013d0 with 3 insts
    I: 40142b
    I: 40142e
    I: 401433 (flow 4014cb)
      Successors: 401439, 4014cb
  BB: 40144c in func 4013d0 with 1 insts
    I: 40144c (flow 401451)
      Successors: 401451
  BB: 4014cb in func 4013d0 with 4 insts
    I: 4014cb
    I: 4014cd
    I: 4014d1
    I: 4014d2
      No successors
  BB: 4013d0 in func 4013d0 with 10 insts
    Referenced by data
    I: 4013d0
    I: 4013d1
    I: 4013d4
    I: 4013d8
    I: 4013df (imm 402007)
    I: 4013e9
    I: 4013ed
    I: 4013ef (flow 4c7548)
    I: 4013f4
    I: 4013fb
      Successors: 401402
  BB: 401451 in func 4013d0 with 1 insts
    I: 401451 (flow 4014d3)
      Successors: 4014d3
  BB: 401471 in func 4013d0 with 16 insts
    I: 401471 (imm 402004)
    I: 40147b
    I: 40147f
    I: 401483
    I: 401485 (flow 4c7548)
    I: 40148a
    I: 40148d
    I: 401490
    I: 401491
    I: 401494
    I: 401496
    I: 401499 (imm 40200a)
    I: 4014a3
    I: 4014a5 (flow 4c7540)
    I: 4014aa
    I: 4014b1 (flow 4014d3)
      Successors: 4014d3
  BB: 401413 in func 4013d0 with 1 insts
    I: 401413 (flow 401418)
      Successors: 401418
  BB: 4014d3 in func 4013d0 with 1 insts
    I: 4014d3 (flow 401402)
      Successors: 401402
  BB: 401456 in func 4013d0 with 7 insts
    I: 401456
    I: 401459
    I: 40145e
    I: 401463
    I: 401466
    I: 401469
    I: 40146c (flow 4014d3)
      Successors: 4014d3
  BB: 4014b6 in func 4013d0 with 5 insts
    I: 4014b6
    I: 4014b9
    I: 4014bc
    I: 4014bf
    I: 4014c6 (flow 4014d3)
      Successors: 4014d3
  BB: 401418 in func 4013d0 with 3 insts
    I: 401418
    I: 40141b
    I: 401420 (flow 401471)
      Successors: 401471, 401426
  BB: 401439 in func 4013d0 with 1 insts
    I: 401439 (flow 40143e)
      Successors: 40143e
  BB: 40143e in func 4013d0 with 3 insts
    I: 40143e
    I: 401441
    I: 401446 (flow 4014b6)
      Successors: 40144c, 4014b6
Recovering .term_proc at 4014d8
  Analysing subroutine .term_proc at 4014d8
    Block head at 004014e5 is not code.
  Subroutine .term_proc at 4014d8 has 1 blocks
  BB: 4014d8 in func 4014d8 with 4 insts
    I: 4014d8
    I: 4014dc
    I: 4014e0
    I: 4014e4
      No successors
Global Variable None
WARNING: Global constructor and destructor sections are adjacent!
Recovering region LOAD [400000, 4004e8) in segment LOAD
  8-byte reference at 400018 to 401050 (start)
  8-byte reference at 4000f8 to 401000 (.init_proc)
  8-byte reference at 400130 to 402000 ()
  8-byte reference at 400168 to 403de8 ()
  8-byte reference at 400280 to 402010 ()
  8-byte reference at 4002f0 to 403de8 ()
Recovering region .init [401000, 40101b) in segment .init
Recovering region LOAD [40101b, 401020) in segment LOAD
Recovering region .plt [401020, 401050) in segment .plt
Recovering region .text [401050, 4014d8) in segment .text
Recovering region .fini [4014d8, 4014e5) in segment .fini
Recovering region .rodata [402000, 40200e) in segment .rodata
  Variable aDD at 402004
  Variable format at 40200a
Recovering region LOAD [40200e, 402010) in segment LOAD
Recovering region .eh_frame_hdr [402010, 402064) in segment .eh_frame_hdr
Recovering region LOAD [402064, 402068) in segment LOAD
Recovering region .eh_frame [402068, 4021a4) in segment .eh_frame
Recovering region LOAD [4021a4, 4021e8) in segment LOAD
Recovering region .init_array [403de8, 403df8) in segment .init_array
  8-byte reference at 403de8 to 401130 ()
  8-byte reference at 403df0 to 401100 ()
Recovering region LOAD [403df8, 403fd8) in segment LOAD
Recovering region .got [403fd8, 403fe8) in segment .got
  8-byte reference at 403fd8 to 4c7538 (__libc_start_main)
  8-byte reference at 403fe0 to 4c7550 (__gmon_start__)
Recovering region .got.plt [403fe8, 404010) in segment .got.plt
  8-byte reference at 404000 to 4c7540 (printf)
  8-byte reference at 404008 to 4c7548 (__isoc99_scanf)
Recovering region .data [404010, 404020) in segment .data
Recovering region .bss [404020, 4c7538) in segment .bss
Recovering extern function printf at 401030
Recovering extern function __isoc99_scanf at 401040
Recovering extern function __libc_start_main at 4c7538
Recovering extern function printf at 4c7540
Recovering extern function __isoc99_scanf at 4c7548
Recovering extern function __gmon_start__ at 4c7550
Recovered 13 functions.
Saving to: /home/ubuntu/capstone_project/result/pipeline_20260629_141746/s415455628_fla.cfg
Done analysis!
