Debugging is enabled.
Loading Standard Definitions file: /home/ubuntu/capstone_project/dependency/mcsema/mcsema/lib/python3/site-packages/mcsema_disass-3.1.3.8-py3.8.egg/mcsema_disass/defs/linux.txt
Using Batch mode.
Starting analysis
Recovering module s415455628_bcf_instsub.elf
Found main at 401500
Looking for instructions in segment .init
  Default block heads for function 401000 with loose bounds [401000, 40101b)
    block [401000, 401014)
    block [401014, 401016)
    block [401016, 40101b)
    chunk [401000, 40101b)
Looking for instructions in segment .plt
  Default block heads for function 401020 with loose bounds [401020, 40102c)
    block [401020, 40102c)
    chunk [401020, 40102c)
  Default block heads for function 401030 with loose bounds [401030, 401036)
    block [401030, 401036)
    chunk [401030, 401036)
  Default block heads for function 401040 with loose bounds [401040, 401046)
    block [401040, 401046)
    chunk [401040, 401046)
Looking for instructions in segment .text
  Default block heads for function 401050 with loose bounds [401050, 401076)
    block [401050, 401076)
    chunk [401050, 401076)
  Default block heads for function 401090 with loose bounds [401090, 4010b1)
    block [401090, 40109d)
    block [40109d, 4010a7)
    block [4010a7, 4010ae)
    block [4010b0, 4010b1)
    chunk [401090, 4010b1)
  Default block heads for function 401100 with loose bounds [401100, 401121)
    block [401100, 40110d)
    block [40110d, 40111f)
    block [401120, 401121)
    chunk [401100, 401121)
  Default block heads for function 401130 with loose bounds [401130, 401136)
    block [401130, 401136)
    chunk [401130, 401136)
    chunk [4010c0, 4010f1)
  Default block heads for function 401140 with loose bounds [401140, 401164)
    block [401140, 401164)
    chunk [401140, 401164)
  Default block heads for function 401170 with loose bounds [401170, 40127c)
    block [401170, 4011c5)
    block [4011c5, 4011ca)
    block [4011ca, 401248)
    block [401248, 40124d)
    block [40124d, 401255)
    block [401255, 40127c)
    chunk [401170, 40127c)
  Default block heads for function 401280 with loose bounds [401280, 4012ac)
    block [401280, 401296)
    block [401296, 4012a1)
    block [4012a1, 4012a7)
    block [4012a7, 4012ac)
    chunk [401280, 4012ac)
  Default block heads for function 4012b0 with loose bounds [4012b0, 4013d9)
    block [4012b0, 4012c6)
    block [4012c6, 40133e)
    block [40133e, 401343)
    block [401343, 4013b9)
    block [4013b9, 4013be)
    block [4013be, 4013c3)
    block [4013c3, 4013c9)
    block [4013c9, 4013ce)
    block [4013ce, 4013d9)
    chunk [4012b0, 4013d9)
  Default block heads for function 4013e0 with loose bounds [4013e0, 4014f7)
    block [4013e0, 4013f8)
    block [4013f8, 401403)
    block [401403, 401440)
    block [401440, 401445)
    block [401445, 4014c9)
    block [4014c9, 4014ce)
    block [4014ce, 4014d3)
    block [4014d3, 4014dc)
    block [4014dc, 4014f7)
    chunk [4013e0, 4014f7)
  Default block heads for function 401500 with loose bounds [401500, 401598)
    block [401500, 40152b)
    block [40152b, 401537)
    block [401537, 401590)
    block [401590, 401598)
    chunk [401500, 401598)
Looking for instructions in segment .fini
  Default block heads for function 401598 with loose bounds [401598, 4015a5)
    block [401598, 4015a5)
    chunk [401598, 4015a5)
Looking for strings in segment .rodata [402000, 40200e)
  Found string b'%d %d' of length 6 at 402004, jumping to 40200a
  Found string b'%d\n' of length 4 at 40200a, jumping to 40200e
Looking for strings in segment .eh_frame_hdr [402010, 402064)
Looking for strings in segment .eh_frame [402068, 4021a0)
Looking for strings in segment .init_array [403de8, 403df0)
Looking for strings in segment .fini_array [403df0, 403df8)
Looking for strings in segment .got [403fd8, 403fe8)
Looking for strings in segment .got.plt [403fe8, 404010)
Looking for strings in segment .data [404010, 404020)
Looking for strings in segment .bss [404020, 4c7568)
Looking for strings in segment extern [4c7568, 4c7588)
Looking for cross-references in segment .init [401000, 40101b)
Looking for cross-references in segment .plt [401020, 401050)
  Stopping scan at 40102c
Looking for cross-references in segment .text [401050, 401598)
  Stopping scan at 40107c
  Stopping scan at 40108c
  Stopping scan at ffffffffffffffff
  Stopping scan at 4010bc
  Stopping scan at 4010fc
  Stopping scan at ffffffffffffffff
  Stopping scan at 40112c
  Stopping scan at 40113c
  Stopping scan at 40116c
  Stopping scan at 40127c
  Stopping scan at 4012ac
  Stopping scan at 4013dc
  Stopping scan at 4014fc
Looking for cross-references in segment .fini [401598, 4015a5)
Looking for cross-references in segment .rodata [402000, 40200e)
  Found string at 402004, jumping to 40200a
  Found string at 40200a, jumping to 40200e
  Stopping scan at 40200a
Looking for cross-references in segment .eh_frame_hdr [402010, 402064)
  Stopping scan at 402060
Looking for cross-references in segment .eh_frame [402068, 4021a0)
  Stopping scan at 40219c
Looking for cross-references in segment .init_array [403de8, 403df0)
  Adding qword reference from 403de8 to 401130
  Stopping scan at 403de8
Looking for cross-references in segment .fini_array [403df0, 403df8)
  Adding qword reference from 403df0 to 401100
  Stopping scan at 403df0
Looking for cross-references in segment .got [403fd8, 403fe8)
  Adding qword reference from 403fd8 to 4c7568
  Adding qword reference from 403fe0 to 4c7580
  Stopping scan at 403fe0
Looking for cross-references in segment .got.plt [403fe8, 404010)
  Adding qword reference from 404000 to 4c7570
  Adding qword reference from 404008 to 4c7578
  Stopping scan at 404008
Looking for cross-references in segment .data [404010, 404020)
  Stopping scan at 40401c
Looking for cross-references in segment .bss [404020, 4c7568)
  Stopping scan at 4c7564
Looking for cross-references in segment extern [4c7568, 4c7588)
  Stopping scan at 4c7584
Looking for thunks
  Found thunk for printf targeting 4c7570 at 401030
  Found thunk for __isoc99_scanf targeting 4c7578 at 401040
Looking for external symbols
  Function at 401030 is the external function printf
  Function at 401040 is the external function __isoc99_scanf
  Function at 4c7568 is the external function __libc_start_main
  Function at 4c7570 is the external function printf
  Function at 4c7578 is the external function __isoc99_scanf
  Function at 4c7580 is the external function __gmon_start__
Looking for entrypoints
Recovering .init_proc at 401000
  Analysing subroutine .init_proc at 401000
    Block head at 0040101b is not code.
  Subroutine .init_proc at 401000 has 3 blocks
  BB: 401000 in func 401000 with 5 insts
    Referenced by data
    I: 401000
    I: 401004
    I: 401008 (mem 403fe0)
    I: 40100f
    I: 401012 (flow 401016)
      Successors: 401014, 401016
  BB: 401014 in func 401000 with 1 insts
    I: 401014
      Successors: 401016
  BB: 401016 in func 401000 with 2 insts
    I: 401016
    I: 40101a
      No successors
Recovering 401020
  Analysing subroutine sub_401020 at 401020
  WARNING: No table entries for indirect jump at 401026; Adding next_ea 40102c as successor.
  Subroutine sub_401020 at 401020 has 2 blocks
  WARNING: No table entries for indirect jump at 401026; Adding next_ea 40102c as successor.
  BB: 401020 in func 401020 with 2 insts
    I: 401020 (mem 403ff0)
    I: 401026 (mem 403ff8)
      Successors: 40102c
  BB: 40102c in func 401020 with 1 insts
    I: 40102c
      No successors
Recovering start at 401050
  Analysing subroutine start at 401050
  Subroutine start at 401050 has 3 blocks
  BB: 401050 in func 401050 with 13 insts
    Referenced by data
    I: 401050
    I: 401054
    I: 401056
    I: 401059
    I: 40105a
    I: 40105d
    I: 401061
    I: 401062
    I: 401063
    I: 401066
    I: 401068 (imm 401500)
    I: 40106f (mem 403fd8)
    I: 401075
      No successors
  BB: 401085 in func 401050 with 2 insts
    I: 401085
    I: 40108f
      No successors
  BB: 401076 in func 401050 with 3 insts
    I: 401076
    I: 401080
    I: 401084
      No successors
Recovering 401090
  Analysing subroutine sub_401090 at 401090
  WARNING: No table entries for indirect jump at 4010ac; Adding next_ea 4010ae as successor.
  WARNING: No table entries for indirect jump at 4010ee; Adding next_ea 4010f0 as successor.
  Subroutine sub_401090 at 401090 has 11 blocks
  BB: 4010c0 in func 401090 with 8 insts
    I: 4010c0 (imm 404020)
    I: 4010c5 (imm 404020)
    I: 4010cc
    I: 4010cf
    I: 4010d3
    I: 4010d7
    I: 4010da
    I: 4010dd (flow 4010f0)
      Successors: 4010f0, 4010df
  WARNING: No table entries for indirect jump at 4010ac; Adding next_ea 4010ae as successor.
  BB: 4010a7 in func 401090 with 2 insts
    I: 4010a7 (imm 404020)
    I: 4010ac
      Successors: 4010ae
  WARNING: No table entries for indirect jump at 4010ee; Adding next_ea 4010f0 as successor.
  BB: 4010e9 in func 401090 with 2 insts
    I: 4010e9 (imm 404020)
    I: 4010ee
      Successors: 4010f0
  BB: 4010ae in func 401090 with 1 insts
    I: 4010ae
      Successors: 4010b0
  BB: 401090 in func 401090 with 3 insts
    I: 401090 (imm 404020)
    I: 401095 (imm 404020)
    I: 40109b (flow 4010b0)
      Successors: 4010b0, 40109d
  BB: 4010b0 in func 401090 with 1 insts
    I: 4010b0
      No successors
  BB: 4010b1 in func 401090 with 2 insts
    I: 4010b1
    I: 4010b5
      Successors: 4010c0
  BB: 4010f0 in func 401090 with 1 insts
    I: 4010f0
      No successors
  BB: 4010f1 in func 401090 with 2 insts
    I: 4010f1
    I: 4010f5
      No successors
  BB: 40109d in func 401090 with 3 insts
    I: 40109d
    I: 4010a2
    I: 4010a5 (flow 4010b0)
      Successors: 4010b0, 4010a7
  BB: 4010df in func 401090 with 3 insts
    I: 4010df
    I: 4010e4
    I: 4010e7 (flow 4010f0)
      Successors: 4010f0, 4010e9
Recovering 401100
  Analysing subroutine sub_401100 at 401100
  Subroutine sub_401100 at 401100 has 5 blocks
  BB: 401100 in func 401100 with 3 insts
    Referenced by data
    I: 401100
    I: 401104 (mem 404020)
    I: 40110b (flow 401120)
      Successors: 401120, 40110d
  BB: 401121 in func 401100 with 2 insts
    I: 401121
    I: 401125
      No successors
  BB: 401120 in func 401100 with 1 insts
    I: 401120
      No successors
  BB: 40110d in func 401100 with 6 insts
    I: 40110d
    I: 40110e
    I: 401111 (flow 401090)
    I: 401116 (mem 404020)
    I: 40111d
    I: 40111e
      No successors
  BB: 40111f in func 401100 with 1 insts
    I: 40111f
      Successors: 401120
Recovering 401130
  Analysing subroutine sub_401130 at 401130
  WARNING: No table entries for indirect jump at 4010ee; Adding next_ea 4010f0 as successor.
  Subroutine sub_401130 at 401130 has 6 blocks
  BB: 4010c0 in func 401130 with 8 insts
    I: 4010c0 (imm 404020)
    I: 4010c5 (imm 404020)
    I: 4010cc
    I: 4010cf
    I: 4010d3
    I: 4010d7
    I: 4010da
    I: 4010dd (flow 4010f0)
      Successors: 4010f0, 4010df
  WARNING: No table entries for indirect jump at 4010ee; Adding next_ea 4010f0 as successor.
  BB: 4010e9 in func 401130 with 2 insts
    I: 4010e9 (imm 404020)
    I: 4010ee
      Successors: 4010f0
  BB: 401130 in func 401130 with 2 insts
    Referenced by data
    I: 401130
    I: 401134 (flow 4010c0)
      Successors: 4010c0
  BB: 4010f0 in func 401130 with 1 insts
    I: 4010f0
      No successors
  BB: 401136 in func 401130 with 1 insts
    I: 401136
      No successors
  BB: 4010df in func 401130 with 3 insts
    I: 4010df
    I: 4010e4
    I: 4010e7 (flow 4010f0)
      Successors: 4010f0, 4010e9
Recovering 401140
  Analysing subroutine sub_401140 at 401140
  Subroutine sub_401140 at 401140 has 2 blocks
  BB: 401140 in func 401140 with 13 insts
    I: 401140
    I: 401141
    I: 401144
    I: 401148
    I: 40114c
    I: 401150
    I: 401153
    I: 401157
    I: 40115a
    I: 40115c
    I: 40115f
    I: 401162
    I: 401163
      No successors
  BB: 401164 in func 401140 with 2 insts
    I: 401164
    I: 40116e
      No successors
Recovering 401170
  Analysing subroutine sub_401170 at 401170
  Subroutine sub_401170 at 401170 has 7 blocks
  BB: 4011c5 in func 401170 with 1 insts
    I: 4011c5 (flow 401255)
      Successors: 401255
  BB: 401248 in func 401170 with 1 insts
    I: 401248 (flow 401255)
      Successors: 401255
  BB: 4011ca in func 401170 with 38 insts
    I: 4011ca
    I: 4011ce
    I: 4011d2
    I: 4011d5
    I: 4011d9
    I: 4011dc
    I: 4011df
    I: 4011e3
    I: 4011e6
    I: 4011e9
    I: 4011ec
    I: 4011ef
    I: 4011f2
    I: 4011f5
    I: 4011f8
    I: 4011fa
    I: 4011fd
    I: 401200
    I: 401203 (imm 4c7540)
    I: 40120a
    I: 40120c (imm 4c755c)
    I: 401213
    I: 401215
    I: 401217
    I: 40121d
    I: 401220
    I: 401226
    I: 401229
    I: 40122c
    I: 40122f
    I: 401232
    I: 401235
    I: 401238
    I: 40123a
    I: 40123c
    I: 40123e
    I: 401240
    I: 401242 (flow 40124d)
      Successors: 401248, 40124d
  BB: 40124d in func 401170 with 4 insts
    I: 40124d
    I: 401250
    I: 401253
    I: 401254
      No successors
  BB: 401170 in func 401170 with 25 insts
    I: 401170
    I: 401171
    I: 401174
    I: 401178
    I: 40117c
    I: 401180 (imm 4c7540)
    I: 401187
    I: 401189 (imm 4c755c)
    I: 401190
    I: 401192
    I: 401194
    I: 40119a
    I: 40119d
    I: 4011a3
    I: 4011a6
    I: 4011a9
    I: 4011ac
    I: 4011af
    I: 4011b2
    I: 4011b5
    I: 4011b7
    I: 4011b9
    I: 4011bb
    I: 4011bd
    I: 4011bf (flow 4011ca)
      Successors: 4011ca, 4011c5
  BB: 401255 in func 401170 with 11 insts
    I: 401255
    I: 401259
    I: 40125d
    I: 401260
    I: 401264
    I: 401267
    I: 40126a
    I: 40126e
    I: 401271
    I: 401274
    I: 401277 (flow 4011ca)
      Successors: 4011ca
  BB: 40127c in func 401170 with 1 insts
    I: 40127c
      No successors
Recovering 401280
  Analysing subroutine sub_401280 at 401280
  Subroutine sub_401280 at 401280 has 5 blocks
  BB: 401280 in func 401280 with 7 insts
    I: 401280
    I: 401281
    I: 401284
    I: 401287
    I: 40128a
    I: 40128d
    I: 401290 (flow 4012a1)
      Successors: 4012a1, 401296
  BB: 4012a1 in func 401280 with 2 insts
    I: 4012a1
    I: 4012a4
      Successors: 4012a7
  BB: 4012a7 in func 401280 with 3 insts
    I: 4012a7
    I: 4012aa
    I: 4012ab
      No successors
  BB: 4012ac in func 401280 with 1 insts
    I: 4012ac
      No successors
  BB: 401296 in func 401280 with 3 insts
    I: 401296
    I: 401299
    I: 40129c (flow 4012a7)
      Successors: 4012a7
Recovering 4012b0
  Analysing subroutine sub_4012B0 at 4012b0
  Subroutine sub_4012B0 at 4012b0 has 10 blocks
  BB: 401343 in func 4012b0 with 38 insts
    I: 401343
    I: 401346
    I: 401349 (imm 4c7548)
    I: 401350
    I: 401352 (imm 4c7564)
    I: 401359
    I: 40135b
    I: 40135d
    I: 401360
    I: 401362
    I: 401364
    I: 401367
    I: 40136a
    I: 40136d
    I: 401371
    I: 401374
    I: 401378
    I: 40137b
    I: 40137e
    I: 401381
    I: 401385
    I: 401387
    I: 40138a
    I: 40138c
    I: 40138e
    I: 401391
    I: 401394
    I: 401398
    I: 40139b
    I: 40139e
    I: 4013a1
    I: 4013a4
    I: 4013a7
    I: 4013aa
    I: 4013ad
    I: 4013af
    I: 4013b1
    I: 4013b3 (flow 4013be)
      Successors: 4013b9, 4013be
  BB: 4013c3 in func 4012b0 with 2 insts
    I: 4013c3
    I: 4013c6
      Successors: 4013c9
  BB: 4012c6 in func 4012b0 with 36 insts
    I: 4012c6 (imm 4c7548)
    I: 4012cd
    I: 4012cf (imm 4c7564)
    I: 4012d6
    I: 4012d8
    I: 4012da
    I: 4012e0
    I: 4012e3
    I: 4012e9
    I: 4012ec
    I: 4012ef
    I: 4012f2
    I: 4012f6
    I: 4012f9
    I: 4012fd
    I: 401300
    I: 401303
    I: 401306
    I: 40130a
    I: 40130c
    I: 40130f
    I: 401311
    I: 401313
    I: 401316
    I: 401319
    I: 40131d
    I: 401320
    I: 401323
    I: 401326
    I: 401329
    I: 40132c
    I: 40132f
    I: 401332
    I: 401334
    I: 401336
    I: 401338 (flow 401343)
      Successors: 401343, 40133e
  BB: 4013c9 in func 4012b0 with 3 insts
    I: 4013c9
    I: 4013cc
    I: 4013cd
      No successors
  BB: 4013ce in func 4012b0 with 3 insts
    I: 4013ce
    I: 4013d1
    I: 4013d4 (flow 401343)
      Successors: 401343
  BB: 4012b0 in func 4012b0 with 7 insts
    I: 4012b0
    I: 4012b1
    I: 4012b4
    I: 4012b7
    I: 4012ba
    I: 4012bd
    I: 4012c0 (flow 4013c3)
      Successors: 4013c3, 4012c6
  BB: 40133e in func 4012b0 with 1 insts
    I: 40133e (flow 4013ce)
      Successors: 4013ce
  BB: 4013b9 in func 4012b0 with 1 insts
    I: 4013b9 (flow 4013ce)
      Successors: 4013ce
  BB: 4013d9 in func 4012b0 with 1 insts
    I: 4013d9
      No successors
  BB: 4013be in func 4012b0 with 1 insts
    I: 4013be (flow 4013c9)
      Successors: 4013c9
Recovering 4013e0
  Analysing subroutine sub_4013E0 at 4013e0
  Subroutine sub_4013E0 at 4013e0 has 10 blocks
  BB: 4013e0 in func 4013e0 with 7 insts
    I: 4013e0
    I: 4013e1
    I: 4013e4
    I: 4013e8
    I: 4013eb
    I: 4013ee
    I: 4013f2 (flow 401403)
      Successors: 4013f8, 401403
  BB: 401440 in func 4013e0 with 1 insts
    I: 401440 (flow 4014dc)
      Successors: 4014dc
  BB: 401403 in func 4013e0 with 20 insts
    I: 401403 (imm 4c754c)
    I: 40140a
    I: 40140c (imm 4c7550)
    I: 401413
    I: 401415
    I: 401417
    I: 40141a
    I: 40141c
    I: 40141e
    I: 401421
    I: 401424
    I: 401427
    I: 40142a
    I: 40142d
    I: 401430
    I: 401432
    I: 401434
    I: 401436
    I: 401438
    I: 40143a (flow 401445)
      Successors: 401440, 401445
  BB: 401445 in func 4013e0 with 43 insts
    I: 401445
    I: 401448
    I: 40144b
    I: 40144c
    I: 40144f
    I: 401451 (flow 4013e0)
    I: 401456
    I: 401459 (imm 4c754c)
    I: 401460
    I: 401462 (imm 4c7550)
    I: 401469
    I: 40146b
    I: 40146d
    I: 401470
    I: 401472
    I: 401474
    I: 401477
    I: 40147a
    I: 40147d
    I: 401481
    I: 401484
    I: 401488
    I: 40148b
    I: 40148e
    I: 401491
    I: 401495
    I: 401497
    I: 40149a
    I: 40149c
    I: 40149e
    I: 4014a1
    I: 4014a4
    I: 4014a8
    I: 4014ab
    I: 4014ae
    I: 4014b1
    I: 4014b4
    I: 4014b7
    I: 4014ba
    I: 4014bd
    I: 4014bf
    I: 4014c1
    I: 4014c3 (flow 4014ce)
      Successors: 4014c9, 4014ce
  BB: 4014c9 in func 4013e0 with 1 insts
    I: 4014c9 (flow 4014dc)
      Successors: 4014dc
  BB: 4014ce in func 4013e0 with 1 insts
    I: 4014ce (flow 4014d3)
      Successors: 4014d3
  BB: 4014d3 in func 4013e0 with 4 insts
    I: 4014d3
    I: 4014d6
    I: 4014da
    I: 4014db
      No successors
  BB: 4014f7 in func 4013e0 with 1 insts
    I: 4014f7
      No successors
  BB: 4013f8 in func 4013e0 with 3 insts
    I: 4013f8
    I: 4013fb
    I: 4013fe (flow 4014d3)
      Successors: 4014d3
  BB: 4014dc in func 4013e0 with 9 insts
    I: 4014dc
    I: 4014df
    I: 4014e2
    I: 4014e5
    I: 4014e6
    I: 4014e8
    I: 4014ea (flow 4013e0)
    I: 4014ef
    I: 4014f2 (flow 401445)
      Successors: 401445
Recovering main at 401500
  Analysing subroutine main at 401500
  Subroutine main at 401500 has 4 blocks
  BB: 401500 in func 401500 with 9 insts
    Referenced by data
    I: 401500
    I: 401501
    I: 401504
    I: 401508
    I: 40150f (imm 402007)
    I: 401519
    I: 40151d
    I: 40151f (flow 4c7578)
    I: 401524
      Successors: 40152b
  BB: 40152b in func 401500 with 3 insts
    I: 40152b
    I: 40152e
    I: 401531 (flow 401590)
      Successors: 401590, 401537
  BB: 401590 in func 401500 with 4 insts
    I: 401590
    I: 401592
    I: 401596
    I: 401597
      No successors
  BB: 401537 in func 401500 with 24 insts
    I: 401537 (imm 402004)
    I: 401541
    I: 401545
    I: 401549
    I: 40154b (flow 4c7578)
    I: 401550
    I: 401553
    I: 401558
    I: 40155b
    I: 401560
    I: 401561
    I: 401564
    I: 401566
    I: 401568
    I: 40156b
    I: 40156d (imm 40200a)
    I: 401577
    I: 401579 (flow 4c7570)
    I: 40157e
    I: 401581
    I: 401583
    I: 401586
    I: 401588
    I: 40158b (flow 40152b)
      Successors: 40152b
Recovering .term_proc at 401598
  Analysing subroutine .term_proc at 401598
    Block head at 004015a5 is not code.
  Subroutine .term_proc at 401598 has 1 blocks
  BB: 401598 in func 401598 with 4 insts
    I: 401598
    I: 40159c
    I: 4015a0
    I: 4015a4
      No successors
Global Variable None
WARNING: Global constructor and destructor sections are adjacent!
Recovering region LOAD [400000, 4004e8) in segment LOAD
  8-byte reference at 400018 to 401050 (start)
  8-byte reference at 4000f8 to 401000 (.init_proc)
  8-byte reference at 400130 to 402000 ()
  8-byte reference at 400168 to 403de8 ()
  8-byte reference at 400280 to 402010 ()
  8-byte reference at 4002f0 to 403de8 ()
Recovering region .init [401000, 40101b) in segment .init
Recovering region LOAD [40101b, 401020) in segment LOAD
Recovering region .plt [401020, 401050) in segment .plt
Recovering region .text [401050, 401598) in segment .text
Recovering region .fini [401598, 4015a5) in segment .fini
Recovering region .rodata [402000, 40200e) in segment .rodata
  Variable aDD at 402004
  Variable format at 40200a
Recovering region LOAD [40200e, 402010) in segment LOAD
Recovering region .eh_frame_hdr [402010, 402064) in segment .eh_frame_hdr
Recovering region LOAD [402064, 402068) in segment LOAD
Recovering region .eh_frame [402068, 4021a0) in segment .eh_frame
Recovering region LOAD [4021a0, 4021e0) in segment LOAD
Recovering region .init_array [403de8, 403df8) in segment .init_array
  8-byte reference at 403de8 to 401130 ()
  8-byte reference at 403df0 to 401100 ()
Recovering region LOAD [403df8, 403fd8) in segment LOAD
Recovering region .got [403fd8, 403fe8) in segment .got
  8-byte reference at 403fd8 to 4c7568 (__libc_start_main)
  8-byte reference at 403fe0 to 4c7580 (__gmon_start__)
Recovering region .got.plt [403fe8, 404010) in segment .got.plt
  8-byte reference at 404000 to 4c7570 (printf)
  8-byte reference at 404008 to 4c7578 (__isoc99_scanf)
Recovering region .data [404010, 404020) in segment .data
Recovering region .bss [404020, 4c7568) in segment .bss
Recovering extern function printf at 401030
Recovering extern function __isoc99_scanf at 401040
Recovering extern function __libc_start_main at 4c7568
Recovering extern function printf at 4c7570
Recovering extern function __isoc99_scanf at 4c7578
Recovering extern function __gmon_start__ at 4c7580
Recovered 13 functions.
Saving to: /home/ubuntu/capstone_project/result/pipeline_20260629_141746/s415455628_bcf_instsub.cfg
Done analysis!
