Debugging is enabled.
Loading Standard Definitions file: /home/ubuntu/capstone_project/dependency/mcsema/mcsema/lib/python3/site-packages/mcsema_disass-3.1.3.8-py3.8.egg/mcsema_disass/defs/linux.txt
Using Batch mode.
Starting analysis
Recovering module s475375811_bcf.elf
Found main at 401160
Looking for instructions in segment .init
  Default block heads for function 401000 with loose bounds [401000, 40101b)
    block [401000, 401014)
    block [401014, 401016)
    block [401016, 40101b)
    chunk [401000, 40101b)
Looking for instructions in segment .plt
  Default block heads for function 401020 with loose bounds [401020, 40102c)
    block [401020, 40102c)
    chunk [401020, 40102c)
  Default block heads for function 401030 with loose bounds [401030, 401036)
    block [401030, 401036)
    chunk [401030, 401036)
  Default block heads for function 401040 with loose bounds [401040, 401046)
    block [401040, 401046)
    chunk [401040, 401046)
  Default block heads for function 401050 with loose bounds [401050, 401056)
    block [401050, 401056)
    chunk [401050, 401056)
  Default block heads for function 401060 with loose bounds [401060, 401066)
    block [401060, 401066)
    chunk [401060, 401066)
Looking for instructions in segment .text
  Default block heads for function 401070 with loose bounds [401070, 401096)
    block [401070, 401096)
    chunk [401070, 401096)
  Default block heads for function 4010b0 with loose bounds [4010b0, 4010d1)
    block [4010b0, 4010bd)
    block [4010bd, 4010c7)
    block [4010c7, 4010ce)
    block [4010d0, 4010d1)
    chunk [4010b0, 4010d1)
  Default block heads for function 401120 with loose bounds [401120, 401141)
    block [401120, 40112d)
    block [40112d, 40113f)
    block [401140, 401141)
    chunk [401120, 401141)
  Default block heads for function 401150 with loose bounds [401150, 401156)
    block [401150, 401156)
    chunk [401150, 401156)
    chunk [4010e0, 401111)
  Default block heads for function 401160 with loose bounds [401160, 40125a)
    block [401160, 40118c)
    block [40118c, 4011bf)
    block [4011bf, 4011c4)
    block [4011c4, 401216)
    block [401216, 40121b)
    block [40121b, 401226)
    block [401226, 40122b)
    block [40122b, 401238)
    block [401238, 401240)
    block [401240, 40125a)
    chunk [401160, 40125a)
  Default block heads for function 401260 with loose bounds [401260, 401676)
    block [401260, 401283)
    block [401283, 4012b6)
    block [4012b6, 4012bb)
    block [4012bb, 4012f5)
    block [4012f5, 4012fa)
    block [4012fa, 4012ff)
    block [4012ff, 40131e)
    block [40131e, 401351)
    block [401351, 401356)
    block [401356, 4013a6)
    block [4013a6, 4013ab)
    block [4013ab, 4013b0)
    block [4013b0, 4013be)
    block [4013be, 4013f1)
    block [4013f1, 4013f6)
    block [4013f6, 4013fd)
    block [4013fd, 401430)
    block [401430, 401435)
    block [401435, 40144c)
    block [40144c, 40147f)
    block [40147f, 401484)
    block [401484, 4014be)
    block [4014be, 4014c3)
    block [4014c3, 4014c8)
    block [4014c8, 4014e7)
    block [4014e7, 40151a)
    block [40151a, 40151f)
    block [40151f, 40156f)
    block [40156f, 401574)
    block [401574, 401579)
    block [401579, 401587)
    block [401587, 40158e)
    block [40158e, 401593)
    block [401593, 4015c6)
    block [4015c6, 4015cb)
    block [4015cb, 4015fe)
    block [4015fe, 401603)
    block [401603, 401609)
    block [401609, 401615)
    block [401615, 401637)
    block [401637, 40163e)
    block [40163e, 401643)
    block [401643, 40164f)
    block [40164f, 401671)
    block [401671, 401676)
    chunk [401260, 401676)
  Default block heads for function 401680 with loose bounds [401680, 401a98)
    block [401680, 4016a3)
    block [4016a3, 4016b0)
    block [4016b0, 4016ce)
    block [4016ce, 401740)
    block [401740, 401773)
    block [401773, 401778)
    block [401778, 4017ba)
    block [4017ba, 4017bf)
    block [4017bf, 4017cd)
    block [4017cd, 4017d2)
    block [4017d2, 40182e)
    block [40182e, 401854)
    block [401854, 401859)
    block [401859, 401867)
    block [401867, 401872)
    block [401872, 401887)
    block [401887, 4018ba)
    block [4018ba, 4018bf)
    block [4018bf, 40191c)
    block [40191c, 401921)
    block [401921, 40192f)
    block [40192f, 401934)
    block [401934, 401954)
    block [401954, 401987)
    block [401987, 40198c)
    block [40198c, 4019bf)
    block [4019bf, 4019c4)
    block [4019c4, 4019c9)
    block [4019c9, 4019d7)
    block [4019d7, 401a0a)
    block [401a0a, 401a0f)
    block [401a0f, 401a4b)
    block [401a4b, 401a50)
    block [401a50, 401a5e)
    block [401a5e, 401a63)
    block [401a63, 401a74)
    block [401a74, 401a84)
    block [401a84, 401a89)
    block [401a89, 401a8e)
    block [401a8e, 401a93)
    block [401a93, 401a98)
    chunk [401680, 401a98)
  Default block heads for function 401aa0 with loose bounds [401aa0, 401b7a)
    block [401aa0, 401ab2)
    block [401ab2, 401ac7)
    block [401ac7, 401adb)
    block [401adb, 401ae4)
    block [401ae4, 401b17)
    block [401b17, 401b1c)
    block [401b1c, 401b4f)
    block [401b4f, 401b54)
    block [401b54, 401b59)
    block [401b59, 401b67)
    block [401b67, 401b6b)
    block [401b6b, 401b75)
    block [401b75, 401b7a)
    chunk [401aa0, 401b7a)
Looking for instructions in segment .fini
  Default block heads for function 401b7c with loose bounds [401b7c, 401b89)
    block [401b7c, 401b89)
    chunk [401b7c, 401b89)
Looking for strings in segment .rodata [402000, 4021ac)
  Found string b'+---------version--------------+' of length 33 at 402010, jumping to 402031
  Found string b'+last update:2014/10/28/20:26  +' of length 33 at 402031, jumping to 402052
  Found string b'+author:Shitonai Rindo         +' of length 33 at 402052, jumping to 402073
  Found string b'+------------------------------+' of length 33 at 402073, jumping to 402094
  Found string b'endl' of length 5 at 402094, jumping to 402099
  Found string b'+--------help-------------------------+' of length 40 at 402099, jumping to 4020c1
  Found string b'+summary:sale Result:exceed int limit +' of length 40 at 4020c1, jumping to 4020e9
  Found string b'+required inputs (stdin):data count,  +' of length 40 at 4020e9, jumping to 402111
  Found string b'+sales data                           +' of length 40 at 402111, jumping to 402139
  Found string b'+supported comandline options:-h -v   +' of length 40 at 402139, jumping to 402161
  Found string b'+-------------------------------------+' of length 40 at 402161, jumping to 402189
  Found string b'%d %d %d' of length 9 at 402189, jumping to 402192
  Found string b'%d\n' of length 4 at 402192, jumping to 402196
  Found string b'NA\n' of length 4 at 402196, jumping to 40219a
  Found string b'-h' of length 3 at 40219a, jumping to 40219d
  Found string b'%s\n' of length 4 at 40219d, jumping to 4021a1
  Found string b'-v' of length 3 at 4021a1, jumping to 4021a4
Looking for strings in segment .eh_frame_hdr [4021ac, 4021f0)
Looking for strings in segment .eh_frame [4021f0, 4022ec)
Looking for strings in segment .init_array [403de8, 403df0)
Looking for strings in segment .fini_array [403df0, 403df8)
Looking for strings in segment .got [403fd8, 403fe8)
Looking for strings in segment .got.plt [403fe8, 404020)
Looking for strings in segment .data [404020, 404098)
Looking for strings in segment .bss [404098, 4040c0)
Looking for strings in segment extern [4040c0, 4040f0)
Looking for cross-references in segment .init [401000, 40101b)
Looking for cross-references in segment .plt [401020, 401070)
  Stopping scan at 40102c
Looking for cross-references in segment .text [401070, 401b7a)
  Stopping scan at 40109c
  Stopping scan at 4010ac
  Stopping scan at ffffffffffffffff
  Stopping scan at 4010dc
  Stopping scan at 40111c
  Stopping scan at ffffffffffffffff
  Stopping scan at 40114c
  Stopping scan at 40115c
  Stopping scan at 40125c
  Stopping scan at 40167c
  Stopping scan at 401a9c
Looking for cross-references in segment .fini [401b7c, 401b89)
Looking for cross-references in segment .rodata [402000, 4021ac)
  Found string at 402010, jumping to 402031
  Found string at 402031, jumping to 402052
  Found string at 402052, jumping to 402073
  Found string at 402073, jumping to 402094
  Found string at 402094, jumping to 402099
  Found string at 402099, jumping to 4020c1
  Found string at 4020c1, jumping to 4020e9
  Found string at 4020e9, jumping to 402111
  Found string at 402111, jumping to 402139
  Found string at 402139, jumping to 402161
  Found string at 402161, jumping to 402189
  Found string at 402189, jumping to 402192
  Found string at 402192, jumping to 402196
  Found string at 402196, jumping to 40219a
  Found string at 40219a, jumping to 40219d
  Found string at 40219d, jumping to 4021a1
  Found string at 4021a1, jumping to 4021a4
  Stopping scan at 4021a8
Looking for cross-references in segment .eh_frame_hdr [4021ac, 4021f0)
  Stopping scan at 4021ec
Looking for cross-references in segment .eh_frame [4021f0, 4022ec)
  Stopping scan at 4022e8
Looking for cross-references in segment .init_array [403de8, 403df0)
  Adding qword reference from 403de8 to 401150
  Stopping scan at 403de8
Looking for cross-references in segment .fini_array [403df0, 403df8)
  Adding qword reference from 403df0 to 401120
  Stopping scan at 403df0
Looking for cross-references in segment .got [403fd8, 403fe8)
  Adding qword reference from 403fd8 to 4040c0
  Adding qword reference from 403fe0 to 4040e8
  Stopping scan at 403fe0
Looking for cross-references in segment .got.plt [403fe8, 404020)
  Adding qword reference from 404000 to 4040c8
  Adding qword reference from 404008 to 4040d0
  Adding qword reference from 404010 to 4040d8
  Adding qword reference from 404018 to 4040e0
  Stopping scan at 404018
Looking for cross-references in segment .data [404020, 404098)
  Adding qword reference from 404030 to 402010
  Adding qword reference from 404038 to 402031
  Adding qword reference from 404040 to 402052
  Adding qword reference from 404048 to 402073
  Adding qword reference from 404050 to 402094
  Adding qword reference from 404060 to 402099
  Adding qword reference from 404068 to 4020c1
  Adding qword reference from 404070 to 4020e9
  Adding qword reference from 404078 to 402111
  Adding qword reference from 404080 to 402139
  Adding qword reference from 404088 to 402161
  Adding qword reference from 404090 to 402094
  Stopping scan at 404090
Looking for cross-references in segment .bss [404098, 4040c0)
  Stopping scan at 4040bc
Looking for cross-references in segment extern [4040c0, 4040f0)
  Stopping scan at 4040ec
Looking for thunks
  Found thunk for printf targeting 4040c8 at 401030
  Found thunk for strcmp targeting 4040d0 at 401040
  Found thunk for __isoc99_scanf targeting 4040d8 at 401050
  Found thunk for exit targeting 4040e0 at 401060
Looking for external symbols
  Function at 401030 is the external function printf
  Function at 401040 is the external function strcmp
  Function at 401050 is the external function __isoc99_scanf
  Function at 401060 is the external function exit
  Function at 4040c0 is the external function __libc_start_main
  Function at 4040c8 is the external function printf
  Function at 4040d0 is the external function strcmp
  Function at 4040d8 is the external function __isoc99_scanf
  Function at 4040e0 is the external function exit
  Function at 4040e8 is the external function __gmon_start__
Looking for entrypoints
Recovering .init_proc at 401000
  Analysing subroutine .init_proc at 401000
    Block head at 0040101b is not code.
  Subroutine .init_proc at 401000 has 3 blocks
  BB: 401000 in func 401000 with 5 insts
    Referenced by data
    I: 401000
    I: 401004
    I: 401008 (mem 403fe0)
    I: 40100f
    I: 401012 (flow 401016)
      Successors: 401014, 401016
  BB: 401014 in func 401000 with 1 insts
    I: 401014
      Successors: 401016
  BB: 401016 in func 401000 with 2 insts
    I: 401016
    I: 40101a
      No successors
Recovering 401020
  Analysing subroutine sub_401020 at 401020
  WARNING: No table entries for indirect jump at 401026; Adding next_ea 40102c as successor.
  Subroutine sub_401020 at 401020 has 2 blocks
  WARNING: No table entries for indirect jump at 401026; Adding next_ea 40102c as successor.
  BB: 401020 in func 401020 with 2 insts
    I: 401020 (mem 403ff0)
    I: 401026 (mem 403ff8)
      Successors: 40102c
  BB: 40102c in func 401020 with 1 insts
    I: 40102c
      No successors
Recovering start at 401070
  Analysing subroutine start at 401070
  Subroutine start at 401070 has 3 blocks
  BB: 401070 in func 401070 with 13 insts
    Referenced by data
    I: 401070
    I: 401074
    I: 401076
    I: 401079
    I: 40107a
    I: 40107d
    I: 401081
    I: 401082
    I: 401083
    I: 401086
    I: 401088 (imm 401160)
    I: 40108f (mem 403fd8)
    I: 401095
      No successors
  BB: 4010a5 in func 401070 with 2 insts
    I: 4010a5
    I: 4010af
      No successors
  BB: 401096 in func 401070 with 3 insts
    I: 401096
    I: 4010a0
    I: 4010a4
      No successors
Recovering 4010b0
  Analysing subroutine sub_4010B0 at 4010b0
  WARNING: No table entries for indirect jump at 4010cc; Adding next_ea 4010ce as successor.
  WARNING: No table entries for indirect jump at 40110e; Adding next_ea 401110 as successor.
  Subroutine sub_4010B0 at 4010b0 has 11 blocks
  BB: 4010e0 in func 4010b0 with 8 insts
    I: 4010e0 (imm 404098)
    I: 4010e5 (imm 404098)
    I: 4010ec
    I: 4010ef
    I: 4010f3
    I: 4010f7
    I: 4010fa
    I: 4010fd (flow 401110)
      Successors: 401110, 4010ff
  WARNING: No table entries for indirect jump at 4010cc; Adding next_ea 4010ce as successor.
  BB: 4010c7 in func 4010b0 with 2 insts
    I: 4010c7 (imm 404098)
    I: 4010cc
      Successors: 4010ce
  WARNING: No table entries for indirect jump at 40110e; Adding next_ea 401110 as successor.
  BB: 401109 in func 4010b0 with 2 insts
    I: 401109 (imm 404098)
    I: 40110e
      Successors: 401110
  BB: 4010ce in func 4010b0 with 1 insts
    I: 4010ce
      Successors: 4010d0
  BB: 4010b0 in func 4010b0 with 3 insts
    I: 4010b0 (imm 404098)
    I: 4010b5 (imm 404098)
    I: 4010bb (flow 4010d0)
      Successors: 4010d0, 4010bd
  BB: 4010d0 in func 4010b0 with 1 insts
    I: 4010d0
      No successors
  BB: 4010d1 in func 4010b0 with 2 insts
    I: 4010d1
    I: 4010d5
      Successors: 4010e0
  BB: 401110 in func 4010b0 with 1 insts
    I: 401110
      No successors
  BB: 401111 in func 4010b0 with 2 insts
    I: 401111
    I: 401115
      No successors
  BB: 4010bd in func 4010b0 with 3 insts
    I: 4010bd
    I: 4010c2
    I: 4010c5 (flow 4010d0)
      Successors: 4010d0, 4010c7
  BB: 4010ff in func 4010b0 with 3 insts
    I: 4010ff
    I: 401104
    I: 401107 (flow 401110)
      Successors: 401110, 401109
Recovering 401120
  Analysing subroutine sub_401120 at 401120
  Subroutine sub_401120 at 401120 has 5 blocks
  BB: 401120 in func 401120 with 3 insts
    Referenced by data
    I: 401120
    I: 401124 (mem 404098)
    I: 40112b (flow 401140)
      Successors: 401140, 40112d
  BB: 401141 in func 401120 with 2 insts
    I: 401141
    I: 401145
      No successors
  BB: 401140 in func 401120 with 1 insts
    I: 401140
      No successors
  BB: 40112d in func 401120 with 6 insts
    I: 40112d
    I: 40112e
    I: 401131 (flow 4010b0)
    I: 401136 (mem 404098)
    I: 40113d
    I: 40113e
      No successors
  BB: 40113f in func 401120 with 1 insts
    I: 40113f
      Successors: 401140
Recovering 401150
  Analysing subroutine sub_401150 at 401150
  WARNING: No table entries for indirect jump at 40110e; Adding next_ea 401110 as successor.
  Subroutine sub_401150 at 401150 has 6 blocks
  BB: 4010e0 in func 401150 with 8 insts
    I: 4010e0 (imm 404098)
    I: 4010e5 (imm 404098)
    I: 4010ec
    I: 4010ef
    I: 4010f3
    I: 4010f7
    I: 4010fa
    I: 4010fd (flow 401110)
      Successors: 401110, 4010ff
  WARNING: No table entries for indirect jump at 40110e; Adding next_ea 401110 as successor.
  BB: 401109 in func 401150 with 2 insts
    I: 401109 (imm 404098)
    I: 40110e
      Successors: 401110
  BB: 401150 in func 401150 with 2 insts
    Referenced by data
    I: 401150
    I: 401154 (flow 4010e0)
      Successors: 4010e0
  BB: 401110 in func 401150 with 1 insts
    I: 401110
      No successors
  BB: 401156 in func 401150 with 1 insts
    I: 401156
      No successors
  BB: 4010ff in func 401150 with 3 insts
    I: 4010ff
    I: 401104
    I: 401107 (flow 401110)
      Successors: 401110, 401109
Recovering main at 401160
  Analysing subroutine main at 401160
  Subroutine main at 401160 has 11 blocks
  BB: 401160 in func 401160 with 12 insts
    Referenced by data
    I: 401160
    I: 401161
    I: 401164
    I: 401168
    I: 40116f
    I: 401172
    I: 401176
    I: 40117a
    I: 40117d
    I: 401180
    I: 401183
    I: 401187 (flow 401260)
      Successors: 40118c
  BB: 401240 in func 401160 with 5 insts
    I: 401240 (imm 40218f)
    I: 40124a
    I: 40124e
    I: 401250 (flow 4040d8)
    I: 401255 (flow 4011c4)
      Successors: 4011c4
  BB: 4011c4 in func 401160 with 22 insts
    I: 4011c4 (imm 40218f)
    I: 4011ce
    I: 4011d2
    I: 4011d4 (flow 4040d8)
    I: 4011d9
    I: 4011dd
    I: 4011e0
    I: 4011e3 (imm 40409c)
    I: 4011ea
    I: 4011ec (imm 4040ac)
    I: 4011f3
    I: 4011f5
    I: 4011f7
    I: 4011fa
    I: 4011fd
    I: 401200
    I: 401203
    I: 401206
    I: 401209
    I: 40120c
    I: 40120e
    I: 401210 (flow 40121b)
      Successors: 40121b, 401216
  BB: 401226 in func 401160 with 1 insts
    I: 401226 (flow 401238)
      Successors: 401238
  BB: 40122b in func 401160 with 3 insts
    I: 40122b
    I: 40122e (flow 401680)
    I: 401233 (flow 40118c)
      Successors: 40118c
  BB: 40118c in func 401160 with 15 insts
    I: 40118c (imm 40409c)
    I: 401193
    I: 401195 (imm 4040ac)
    I: 40119c
    I: 40119e
    I: 4011a0
    I: 4011a3
    I: 4011a6
    I: 4011a9
    I: 4011ac
    I: 4011af
    I: 4011b2
    I: 4011b5
    I: 4011b7
    I: 4011b9 (flow 4011c4)
      Successors: 4011c4, 4011bf
  BB: 401216 in func 401160 with 1 insts
    I: 401216 (flow 401240)
      Successors: 401240
  BB: 401238 in func 401160 with 4 insts
    I: 401238
    I: 40123a
    I: 40123e
    I: 40123f
      No successors
  BB: 40125a in func 401160 with 1 insts
    I: 40125a
      No successors
  BB: 40121b in func 401160 with 3 insts
    I: 40121b
    I: 40121e
    I: 401220 (flow 40122b)
      Successors: 40122b, 401226
  BB: 4011bf in func 401160 with 1 insts
    I: 4011bf (flow 401240)
      Successors: 401240
Recovering 401260
  Analysing subroutine sub_401260 at 401260
  Subroutine sub_401260 at 401260 has 46 blocks
  BB: 401603 in func 401260 with 3 insts
    I: 401603
    I: 401607
    I: 401608
      No successors
  BB: 401283 in func 401260 with 15 insts
    I: 401283 (imm 4040a8)
    I: 40128a
    I: 40128c (imm 4040b8)
    I: 401293
    I: 401295
    I: 401297
    I: 40129a
    I: 40129d
    I: 4012a0
    I: 4012a3
    I: 4012a6
    I: 4012a9
    I: 4012ac
    I: 4012ae
    I: 4012b0 (flow 4012bb)
      Successors: 4012bb, 4012b6
  BB: 401484 in func 401260 with 16 insts
    I: 401484
    I: 40148b (imm 4040a8)
    I: 401492
    I: 401494 (imm 4040b8)
    I: 40149b
    I: 40149d
    I: 40149f
    I: 4014a2
    I: 4014a5
    I: 4014a8
    I: 4014ab
    I: 4014ae
    I: 4014b1
    I: 4014b4
    I: 4014b6
    I: 4014b8 (flow 4014c3)
      Successors: 4014c3, 4014be
  BB: 401587 in func 401260 with 2 insts
    I: 401587
    I: 401589 (flow 4040e0)
      Successors: 40158e
  BB: 401609 in func 401260 with 2 insts
    I: 401609
    I: 401610 (flow 4012bb)
      Successors: 4012bb
  BB: 40158e in func 401260 with 1 insts
    I: 40158e (flow 401593)
      Successors: 401593
  BB: 401593 in func 401260 with 15 insts
    I: 401593 (imm 4040a8)
    I: 40159a
    I: 40159c (imm 4040b8)
    I: 4015a3
    I: 4015a5
    I: 4015a7
    I: 4015aa
    I: 4015ad
    I: 4015b0
    I: 4015b3
    I: 4015b6
    I: 4015b9
    I: 4015bc
    I: 4015be
    I: 4015c0 (flow 4015cb)
      Successors: 4015cb, 4015c6
  BB: 4012ff in func 401260 with 6 insts
    I: 4012ff
    I: 401303 (disp 404060)
    I: 40130b (imm 402094)
    I: 401310 (flow 4040d0)
    I: 401315
    I: 401318 (flow 4013be)
      Successors: 4013be, 40131e
  BB: 401615 in func 401260 with 6 insts
    I: 401615
    I: 401619 (disp 404060)
    I: 401621 (imm 40219d)
    I: 40162b
    I: 40162d (flow 4040c8)
    I: 401632 (flow 401356)
      Successors: 401356
  BB: 40151a in func 401260 with 1 insts
    I: 40151a (flow 40164f)
      Successors: 40164f
  BB: 40131e in func 401260 with 15 insts
    I: 40131e (imm 4040a8)
    I: 401325
    I: 401327 (imm 4040b8)
    I: 40132e
    I: 401330
    I: 401332
    I: 401335
    I: 401338
    I: 40133b
    I: 40133e
    I: 401341
    I: 401344
    I: 401347
    I: 401349
    I: 40134b (flow 401356)
      Successors: 401351, 401356
  BB: 40151f in func 401260 with 20 insts
    I: 40151f
    I: 401523 (disp 404030)
    I: 40152b (imm 40219d)
    I: 401535
    I: 401537 (flow 4040c8)
    I: 40153c (imm 4040a8)
    I: 401543
    I: 401545 (imm 4040b8)
    I: 40154c
    I: 40154e
    I: 401550
    I: 401553
    I: 401556
    I: 401559
    I: 40155c
    I: 40155f
    I: 401562
    I: 401565
    I: 401567
    I: 401569 (flow 401574)
      Successors: 401574, 40156f
  BB: 4013a6 in func 401260 with 1 insts
    I: 4013a6 (flow 401615)
      Successors: 401615
  BB: 4013ab in func 401260 with 1 insts
    I: 4013ab (flow 4013b0)
      Successors: 4013b0
  BB: 4013b0 in func 401260 with 4 insts
    I: 4013b0
    I: 4013b3
    I: 4013b6
    I: 4013b9 (flow 4012ff)
      Successors: 4012ff
  BB: 401430 in func 401260 with 1 insts
    I: 401430 (flow 401637)
      Successors: 401637
  BB: 401435 in func 401260 with 5 insts
    I: 401435
    I: 401439 (imm 4021a1)
    I: 40143e (flow 4040d0)
    I: 401443
    I: 401446 (flow 40158e)
      Successors: 40144c, 40158e
  BB: 4012b6 in func 401260 with 1 insts
    I: 4012b6 (flow 401609)
      Successors: 401609
  BB: 401637 in func 401260 with 2 insts
    I: 401637
    I: 401639 (flow 4040e0)
      Successors: 40163e
  BB: 4012bb in func 401260 with 16 insts
    I: 4012bb
    I: 4012c2 (imm 4040a8)
    I: 4012c9
    I: 4012cb (imm 4040b8)
    I: 4012d2
    I: 4012d4
    I: 4012d6
    I: 4012d9
    I: 4012dc
    I: 4012df
    I: 4012e2
    I: 4012e5
    I: 4012e8
    I: 4012eb
    I: 4012ed
    I: 4012ef (flow 4012fa)
      Successors: 4012fa, 4012f5
  BB: 4013be in func 401260 with 15 insts
    I: 4013be (imm 4040a8)
    I: 4013c5
    I: 4013c7 (imm 4040b8)
    I: 4013ce
    I: 4013d0
    I: 4013d2
    I: 4013d5
    I: 4013d8
    I: 4013db
    I: 4013de
    I: 4013e1
    I: 4013e4
    I: 4013e7
    I: 4013e9
    I: 4013eb (flow 4013f6)
      Successors: 4013f1, 4013f6
  BB: 4014be in func 401260 with 1 insts
    I: 4014be (flow 401643)
      Successors: 401643
  BB: 40163e in func 401260 with 1 insts
    I: 40163e (flow 4013f6)
      Successors: 4013f6
  BB: 4014c3 in func 401260 with 1 insts
    I: 4014c3 (flow 4014c8)
      Successors: 4014c8
  BB: 401643 in func 401260 with 2 insts
    I: 401643
    I: 40164a (flow 401484)
      Successors: 401484
  BB: 4015c6 in func 401260 with 1 insts
    I: 4015c6 (flow 401671)
      Successors: 401671
  BB: 4014c8 in func 401260 with 6 insts
    I: 4014c8
    I: 4014cc (disp 404030)
    I: 4014d4 (imm 402094)
    I: 4014d9 (flow 4040d0)
    I: 4014de
    I: 4014e1 (flow 401587)
      Successors: 401587, 4014e7
  BB: 4015cb in func 401260 with 15 insts
    I: 4015cb (imm 4040a8)
    I: 4015d2
    I: 4015d4 (imm 4040b8)
    I: 4015db
    I: 4015dd
    I: 4015df
    I: 4015e2
    I: 4015e5
    I: 4015e8
    I: 4015eb
    I: 4015ee
    I: 4015f1
    I: 4015f4
    I: 4015f6
    I: 4015f8 (flow 401603)
      Successors: 401603, 4015fe
  BB: 40144c in func 401260 with 15 insts
    I: 40144c (imm 4040a8)
    I: 401453
    I: 401455 (imm 4040b8)
    I: 40145c
    I: 40145e
    I: 401460
    I: 401463
    I: 401466
    I: 401469
    I: 40146c
    I: 40146f
    I: 401472
    I: 401475
    I: 401477
    I: 401479 (flow 401484)
      Successors: 401484, 40147f
  BB: 40164f in func 401260 with 6 insts
    I: 40164f
    I: 401653 (disp 404030)
    I: 40165b (imm 40219d)
    I: 401665
    I: 401667 (flow 4040c8)
    I: 40166c (flow 40151f)
      Successors: 40151f
  BB: 401351 in func 401260 with 1 insts
    I: 401351 (flow 401615)
      Successors: 401615
  BB: 401356 in func 401260 with 20 insts
    I: 401356
    I: 40135a (disp 404060)
    I: 401362 (imm 40219d)
    I: 40136c
    I: 40136e (flow 4040c8)
    I: 401373 (imm 4040a8)
    I: 40137a
    I: 40137c (imm 4040b8)
    I: 401383
    I: 401385
    I: 401387
    I: 40138a
    I: 40138d
    I: 401390
    I: 401393
    I: 401396
    I: 401399
    I: 40139c
    I: 40139e
    I: 4013a0 (flow 4013ab)
      Successors: 4013ab, 4013a6
  BB: 401260 in func 401260 with 9 insts
    I: 401260
    I: 401261
    I: 401264
    I: 401268
    I: 40126c
    I: 401270 (imm 40219a)
    I: 401275 (flow 4040d0)
    I: 40127a
    I: 40127d (flow 401435)
      Successors: 401283, 401435
  BB: 4014e7 in func 401260 with 15 insts
    I: 4014e7 (imm 4040a8)
    I: 4014ee
    I: 4014f0 (imm 4040b8)
    I: 4014f7
    I: 4014f9
    I: 4014fb
    I: 4014fe
    I: 401501
    I: 401504
    I: 401507
    I: 40150a
    I: 40150d
    I: 401510
    I: 401512
    I: 401514 (flow 40151f)
      Successors: 40151a, 40151f
  BB: 40156f in func 401260 with 1 insts
    I: 40156f (flow 40164f)
      Successors: 40164f
  BB: 4013f1 in func 401260 with 1 insts
    I: 4013f1 (flow 401637)
      Successors: 401637
  BB: 401671 in func 401260 with 1 insts
    I: 401671 (flow 4015cb)
      Successors: 4015cb
  BB: 401574 in func 401260 with 1 insts
    I: 401574 (flow 401579)
      Successors: 401579
  BB: 4012f5 in func 401260 with 1 insts
    I: 4012f5 (flow 401609)
      Successors: 401609
  BB: 4013f6 in func 401260 with 2 insts
    I: 4013f6
    I: 4013f8 (flow 4040e0)
      Successors: 4013fd
  BB: 401676 in func 401260 with 1 insts
    I: 401676
      No successors
  BB: 401579 in func 401260 with 4 insts
    I: 401579
    I: 40157c
    I: 40157f
    I: 401582 (flow 4014c8)
      Successors: 4014c8
  BB: 4012fa in func 401260 with 1 insts
    I: 4012fa (flow 4012ff)
      Successors: 4012ff
  BB: 4013fd in func 401260 with 15 insts
    I: 4013fd (imm 4040a8)
    I: 401404
    I: 401406 (imm 4040b8)
    I: 40140d
    I: 40140f
    I: 401411
    I: 401414
    I: 401417
    I: 40141a
    I: 40141d
    I: 401420
    I: 401423
    I: 401426
    I: 401428
    I: 40142a (flow 401435)
      Successors: 401430, 401435
  BB: 4015fe in func 401260 with 1 insts
    I: 4015fe (flow 401671)
      Successors: 401671
  BB: 40147f in func 401260 with 1 insts
    I: 40147f (flow 401643)
      Successors: 401643
Recovering 401680
  Analysing subroutine sub_401680 at 401680
  Subroutine sub_401680 at 401680 has 42 blocks
  BB: 401680 in func 401680 with 8 insts
    I: 401680
    I: 401681
    I: 401684
    I: 40168b
    I: 40168e
    I: 401691
    I: 401695
    I: 40169c
      Successors: 4016a3
  BB: 401a84 in func 401680 with 1 insts
    I: 401a84 (flow 401778)
      Successors: 401778
  BB: 401987 in func 401680 with 1 insts
    I: 401987 (flow 401a8e)
      Successors: 401a8e
  BB: 401887 in func 401680 with 15 insts
    I: 401887 (imm 4040a4)
    I: 40188e
    I: 401890 (imm 4040b4)
    I: 401897
    I: 401899
    I: 40189b
    I: 40189e
    I: 4018a1
    I: 4018a4
    I: 4018a7
    I: 4018aa
    I: 4018ad
    I: 4018b0
    I: 4018b2
    I: 4018b4 (flow 4018bf)
      Successors: 4018ba, 4018bf
  BB: 401a89 in func 401680 with 1 insts
    I: 401a89 (flow 4018bf)
      Successors: 4018bf
  BB: 401a0a in func 401680 with 1 insts
    I: 401a0a (flow 401a93)
      Successors: 401a93
  BB: 40198c in func 401680 with 15 insts
    I: 40198c (imm 4040a4)
    I: 401993
    I: 401995 (imm 4040b4)
    I: 40199c
    I: 40199e
    I: 4019a0
    I: 4019a3
    I: 4019a6
    I: 4019a9
    I: 4019ac
    I: 4019af
    I: 4019b2
    I: 4019b5
    I: 4019b7
    I: 4019b9 (flow 4019c4)
      Successors: 4019c4, 4019bf
  BB: 401a8e in func 401680 with 1 insts
    I: 401a8e (flow 40198c)
      Successors: 40198c
  BB: 401a0f in func 401680 with 17 insts
    I: 401a0f
    I: 401a12
    I: 401a18 (imm 4040a4)
    I: 401a1f
    I: 401a21 (imm 4040b4)
    I: 401a28
    I: 401a2a
    I: 401a2c
    I: 401a2f
    I: 401a32
    I: 401a35
    I: 401a38
    I: 401a3b
    I: 401a3e
    I: 401a41
    I: 401a43
    I: 401a45 (flow 401a50)
      Successors: 401a50, 401a4b
  BB: 401a93 in func 401680 with 1 insts
    I: 401a93 (flow 401a0f)
      Successors: 401a0f
  BB: 401a98 in func 401680 with 1 insts
    I: 401a98
      No successors
  BB: 40191c in func 401680 with 1 insts
    I: 40191c (flow 401a89)
      Successors: 401a89
  BB: 401921 in func 401680 with 3 insts
    I: 401921
    I: 401927
    I: 401929 (flow 401934)
      Successors: 401934, 40192f
  BB: 4016a3 in func 401680 with 2 insts
    I: 4016a3
    I: 4016aa (flow 4016ce)
      Successors: 4016b0, 4016ce
  BB: 40182e in func 401680 with 9 insts
    I: 40182e
    I: 401831
    I: 401834
    I: 401836
    I: 401839
    I: 40183c
    I: 40183e
    I: 401845
    I: 401849
      Successors: 401854
  BB: 40192f in func 401680 with 1 insts
    I: 40192f (flow 401954)
      Successors: 401954
  BB: 4016b0 in func 401680 with 7 insts
    I: 4016b0
    I: 4016b4
    I: 4016b7
    I: 4016c0
    I: 4016c3
    I: 4016c6
    I: 4016c9 (flow 4016a3)
      Successors: 4016a3
  BB: 401934 in func 401680 with 6 insts
    I: 401934
    I: 401938
    I: 40193f (imm 402192)
    I: 401949
    I: 40194b (flow 4040c8)
    I: 401950
      Successors: 401954
  BB: 4018ba in func 401680 with 1 insts
    I: 4018ba (flow 401a89)
      Successors: 401a89
  BB: 4017ba in func 401680 with 1 insts
    I: 4017ba (flow 401a84)
      Successors: 401a84
  BB: 4018bf in func 401680 with 22 insts
    I: 4018bf
    I: 4018c3
    I: 4018cb
    I: 4018d4 (mem 402008)
    I: 4018dc
    I: 4018e0
    I: 4018e3
    I: 4018e9 (imm 4040a4)
    I: 4018f0
    I: 4018f2 (imm 4040b4)
    I: 4018f9
    I: 4018fb
    I: 4018fd
    I: 401900
    I: 401903
    I: 401906
    I: 401909
    I: 40190c
    I: 40190f
    I: 401912
    I: 401914
    I: 401916 (flow 401921)
      Successors: 401921, 40191c
  BB: 401740 in func 401680 with 15 insts
    I: 401740 (imm 4040a4)
    I: 401747
    I: 401749 (imm 4040b4)
    I: 401750
    I: 401752
    I: 401754
    I: 401757
    I: 40175a
    I: 40175d
    I: 401760
    I: 401763
    I: 401766
    I: 401769
    I: 40176b
    I: 40176d (flow 401778)
      Successors: 401778, 401773
  BB: 4017bf in func 401680 with 3 insts
    I: 4017bf
    I: 4017c5
    I: 4017c7 (flow 4017d2)
      Successors: 4017d2, 4017cd
  BB: 4019bf in func 401680 with 1 insts
    I: 4019bf (flow 401a8e)
      Successors: 401a8e
  BB: 4019c4 in func 401680 with 1 insts
    I: 4019c4 (flow 4019c9)
      Successors: 4019c9
  BB: 4019c9 in func 401680 with 4 insts
    I: 4019c9
    I: 4019cc
    I: 4019cf
    I: 4019d2 (flow 401872)
      Successors: 401872
  BB: 401a4b in func 401680 with 1 insts
    I: 401a4b (flow 401a93)
      Successors: 401a93
  BB: 4017cd in func 401680 with 1 insts
    I: 4017cd (flow 401867)
      Successors: 401867
  BB: 4016ce in func 401680 with 23 insts
    I: 4016ce (imm 402189)
    I: 4016d8
    I: 4016dc
    I: 4016e0
    I: 4016e4
    I: 4016e6 (flow 4040d8)
    I: 4016eb
    I: 4016ee
    I: 4016f1
    I: 4016f3
    I: 4016f6
    I: 4016f9
    I: 4016fb
    I: 401702
    I: 401706
    I: 401711
    I: 401716
    I: 40171b
    I: 40171f
    I: 401728
    I: 40172c
    I: 401730
    I: 401739
      Successors: 401740
  BB: 401a50 in func 401680 with 3 insts
    I: 401a50
    I: 401a56
    I: 401a58 (flow 401a63)
      Successors: 401a63, 401a5e
  BB: 4017d2 in func 401680 with 18 insts
    I: 4017d2 (imm 402189)
    I: 4017dc
    I: 4017e0
    I: 4017e4
    I: 4017e8
    I: 4017ea (flow 4040d8)
    I: 4017ef
    I: 4017f4
    I: 4017f9
    I: 4017fd
    I: 401806
    I: 40180a
    I: 40180e
    I: 401817
    I: 40181a
    I: 401821 (flow 401aa0)
    I: 401826
    I: 401828 (flow 401854)
      Successors: 401854, 40182e
  BB: 401854 in func 401680 with 1 insts
    I: 401854 (flow 401859)
      Successors: 401859
  BB: 401954 in func 401680 with 15 insts
    I: 401954 (imm 4040a4)
    I: 40195b
    I: 40195d (imm 4040b4)
    I: 401964
    I: 401966
    I: 401968
    I: 40196b
    I: 40196e
    I: 401971
    I: 401974
    I: 401977
    I: 40197a
    I: 40197d
    I: 40197f
    I: 401981 (flow 40198c)
      Successors: 40198c, 401987
  BB: 4019d7 in func 401680 with 15 insts
    I: 4019d7 (imm 4040a4)
    I: 4019de
    I: 4019e0 (imm 4040b4)
    I: 4019e7
    I: 4019e9
    I: 4019eb
    I: 4019ee
    I: 4019f1
    I: 4019f4
    I: 4019f7
    I: 4019fa
    I: 4019fd
    I: 401a00
    I: 401a02
    I: 401a04 (flow 401a0f)
      Successors: 401a0a, 401a0f
  BB: 401859 in func 401680 with 4 insts
    I: 401859
    I: 40185c
    I: 40185f
    I: 401862 (flow 401740)
      Successors: 401740
  BB: 401a5e in func 401680 with 1 insts
    I: 401a5e (flow 401a74)
      Successors: 401a74
  BB: 401a63 in func 401680 with 3 insts
    I: 401a63 (imm 402196)
    I: 401a6d
    I: 401a6f (flow 4040c8)
      Successors: 401a74
  BB: 401867 in func 401680 with 2 insts
    I: 401867
    I: 40186b
      Successors: 401872
  BB: 401872 in func 401680 with 3 insts
    I: 401872
    I: 401876
    I: 401881 (flow 4019d7)
      Successors: 4019d7, 401887
  BB: 401773 in func 401680 with 1 insts
    I: 401773 (flow 401a84)
      Successors: 401a84
  BB: 401a74 in func 401680 with 5 insts
    I: 401a74
    I: 401a78
    I: 401a7b
    I: 401a82
    I: 401a83
      No successors
  BB: 401778 in func 401680 with 19 insts
    I: 401778
    I: 40177b
    I: 40177e
    I: 401781
    I: 401787 (imm 4040a4)
    I: 40178e
    I: 401790 (imm 4040b4)
    I: 401797
    I: 401799
    I: 40179b
    I: 40179e
    I: 4017a1
    I: 4017a4
    I: 4017a7
    I: 4017aa
    I: 4017ad
    I: 4017b0
    I: 4017b2
    I: 4017b4 (flow 4017bf)
      Successors: 4017ba, 4017bf
Recovering 401aa0
  Analysing subroutine sub_401AA0 at 401aa0
    Block head at 00401b7a is not code.
  Subroutine sub_401AA0 at 401aa0 has 13 blocks
  BB: 401aa0 in func 401aa0 with 5 insts
    I: 401aa0
    I: 401aa1
    I: 401aa4
    I: 401aa7
    I: 401aab
      Successors: 401ab2
  BB: 401ae4 in func 401aa0 with 15 insts
    I: 401ae4 (imm 4040a0)
    I: 401aeb
    I: 401aed (imm 4040b0)
    I: 401af4
    I: 401af6
    I: 401af8
    I: 401afb
    I: 401afe
    I: 401b01
    I: 401b04
    I: 401b07
    I: 401b0a
    I: 401b0d
    I: 401b0f
    I: 401b11 (flow 401b1c)
      Successors: 401b1c, 401b17
  BB: 401b67 in func 401aa0 with 1 insts
    I: 401b67
      Successors: 401b6b
  BB: 401ac7 in func 401aa0 with 5 insts
    I: 401ac7
    I: 401aca
    I: 401ace
    I: 401ad2
    I: 401ad5 (flow 401ae4)
      Successors: 401adb, 401ae4
  BB: 401b6b in func 401aa0 with 5 insts
    I: 401b6b
    I: 401b6e
    I: 401b70
    I: 401b73
    I: 401b74
      No successors
  BB: 401b4f in func 401aa0 with 1 insts
    I: 401b4f (flow 401b75)
      Successors: 401b75
  BB: 401ab2 in func 401aa0 with 4 insts
    I: 401ab2
    I: 401ab6
    I: 401aba
    I: 401ac1 (flow 401b67)
      Successors: 401b67, 401ac7
  BB: 401b54 in func 401aa0 with 1 insts
    I: 401b54 (flow 401b59)
      Successors: 401b59
  BB: 401b75 in func 401aa0 with 1 insts
    I: 401b75 (flow 401b1c)
      Successors: 401b1c
  BB: 401b17 in func 401aa0 with 1 insts
    I: 401b17 (flow 401b75)
      Successors: 401b75
  BB: 401b59 in func 401aa0 with 4 insts
    I: 401b59
    I: 401b5c
    I: 401b5f
    I: 401b62 (flow 401ab2)
      Successors: 401ab2
  BB: 401adb in func 401aa0 with 2 insts
    I: 401adb
    I: 401adf (flow 401b6b)
      Successors: 401b6b
  BB: 401b1c in func 401aa0 with 15 insts
    I: 401b1c (imm 4040a0)
    I: 401b23
    I: 401b25 (imm 4040b0)
    I: 401b2c
    I: 401b2e
    I: 401b30
    I: 401b33
    I: 401b36
    I: 401b39
    I: 401b3c
    I: 401b3f
    I: 401b42
    I: 401b45
    I: 401b47
    I: 401b49 (flow 401b54)
      Successors: 401b54, 401b4f
Recovering .term_proc at 401b7c
  Analysing subroutine .term_proc at 401b7c
    Block head at 00401b89 is not code.
  Subroutine .term_proc at 401b7c has 1 blocks
  BB: 401b7c in func 401b7c with 4 insts
    I: 401b7c
    I: 401b80
    I: 401b84
    I: 401b88
      No successors
Global Variable None
WARNING: Global constructor and destructor sections are adjacent!
Recovering region LOAD [400000, 400558) in segment LOAD
  8-byte reference at 400018 to 401070 (start)
  8-byte reference at 4000f8 to 401000 (.init_proc)
  8-byte reference at 400130 to 402000 ()
  8-byte reference at 400168 to 403de8 ()
  8-byte reference at 400280 to 4021ac ()
  8-byte reference at 4002f0 to 403de8 ()
Recovering region .init [401000, 40101b) in segment .init
Recovering region LOAD [40101b, 401020) in segment LOAD
Recovering region .plt [401020, 401070) in segment .plt
Recovering region .text [401070, 401b7a) in segment .text
Recovering region LOAD [401b7a, 401b7c) in segment LOAD
Recovering region .fini [401b7c, 401b89) in segment .fini
Recovering region .rodata [402000, 4021ac) in segment .rodata
  Variable aVersion at 402010
  Variable aLastUpdate2014 at 402031
  Variable aAuthorShitonai at 402052
  Variable aEndl at 402094
  Variable aHelp at 402099
  Variable aSummarySaleRes at 4020c1
  Variable aRequiredInputs at 4020e9
  Variable aSalesData at 402111
  Variable aSupportedComan at 402139
  Variable aDDD at 402189
  Variable aD at 402192
  Variable aNa at 402196
  Variable s2 at 40219a
  Variable format at 40219d
  Variable aV at 4021a1
Recovering region .eh_frame_hdr [4021ac, 4021f0) in segment .eh_frame_hdr
Recovering region .eh_frame [4021f0, 4022ec) in segment .eh_frame
Recovering region LOAD [4022ec, 402330) in segment LOAD
Recovering region .init_array [403de8, 403df8) in segment .init_array
  8-byte reference at 403de8 to 401150 ()
  8-byte reference at 403df0 to 401120 ()
Recovering region LOAD [403df8, 403fd8) in segment LOAD
Recovering region .got [403fd8, 403fe8) in segment .got
  8-byte reference at 403fd8 to 4040c0 (__libc_start_main)
  8-byte reference at 403fe0 to 4040e8 (__gmon_start__)
Recovering region .got.plt [403fe8, 404020) in segment .got.plt
  8-byte reference at 404000 to 4040c8 (printf)
  8-byte reference at 404008 to 4040d0 (strcmp)
  8-byte reference at 404010 to 4040d8 (__isoc99_scanf)
  8-byte reference at 404018 to 4040e0 (exit)
Recovering region .data [404020, 404098) in segment .data
  8-byte reference at 404030 to 402010 (aVersion)
  8-byte reference at 404038 to 402031 (aLastUpdate2014)
  8-byte reference at 404040 to 402052 (aAuthorShitonai)
  8-byte reference at 404048 to 402073 ()
  8-byte reference at 404050 to 402094 (aEndl)
  8-byte reference at 404060 to 402099 (aHelp)
  8-byte reference at 404068 to 4020c1 (aSummarySaleRes)
  8-byte reference at 404070 to 4020e9 (aRequiredInputs)
  8-byte reference at 404078 to 402111 (aSalesData)
  8-byte reference at 404080 to 402139 (aSupportedComan)
  8-byte reference at 404088 to 402161 ()
  8-byte reference at 404090 to 402094 (aEndl)
Recovering region .bss [404098, 4040c0) in segment .bss
Recovering extern function printf at 401030
Recovering extern function strcmp at 401040
Recovering extern function __isoc99_scanf at 401050
Recovering extern function exit at 401060
Recovering extern function __libc_start_main at 4040c0
Recovering extern function printf at 4040c8
Recovering extern function strcmp at 4040d0
Recovering extern function __isoc99_scanf at 4040d8
Recovering extern function exit at 4040e0
Recovering extern function __gmon_start__ at 4040e8
Recovered 11 functions.
Saving to: /home/ubuntu/capstone_project/result/pipeline_20260629_141746/s475375811_bcf.cfg
Done analysis!
