Debugging is enabled.
Loading Standard Definitions file: /home/ubuntu/capstone_project/dependency/mcsema/mcsema/lib/python3/site-packages/mcsema_disass-3.1.3.8-py3.8.egg/mcsema_disass/defs/linux.txt
Using Batch mode.
Starting analysis
Recovering module s478751282_instsub.elf
Found main at 401150
Looking for instructions in segment .init
  Default block heads for function 401000 with loose bounds [401000, 40101b)
    block [401000, 401014)
    block [401014, 401016)
    block [401016, 40101b)
    chunk [401000, 40101b)
Looking for instructions in segment .plt
  Default block heads for function 401020 with loose bounds [401020, 40102c)
    block [401020, 40102c)
    chunk [401020, 40102c)
  Default block heads for function 401030 with loose bounds [401030, 401036)
    block [401030, 401036)
    chunk [401030, 401036)
  Default block heads for function 401040 with loose bounds [401040, 401046)
    block [401040, 401046)
    chunk [401040, 401046)
  Default block heads for function 401050 with loose bounds [401050, 401056)
    block [401050, 401056)
    chunk [401050, 401056)
Looking for instructions in segment .text
  Default block heads for function 401060 with loose bounds [401060, 401086)
    block [401060, 401086)
    chunk [401060, 401086)
  Default block heads for function 4010a0 with loose bounds [4010a0, 4010c1)
    block [4010a0, 4010ad)
    block [4010ad, 4010b7)
    block [4010b7, 4010be)
    block [4010c0, 4010c1)
    chunk [4010a0, 4010c1)
  Default block heads for function 401110 with loose bounds [401110, 401131)
    block [401110, 40111d)
    block [40111d, 40112f)
    block [401130, 401131)
    chunk [401110, 401131)
  Default block heads for function 401140 with loose bounds [401140, 401146)
    block [401140, 401146)
    chunk [401140, 401146)
    chunk [4010d0, 401101)
  Default block heads for function 401150 with loose bounds [401150, 4016f3)
    block [401150, 4011ac)
    block [4011ac, 4011b6)
    block [4011b6, 4011bd)
    block [4011bd, 4011c7)
    block [4011c7, 4011ce)
    block [4011ce, 4011d8)
    block [4011d8, 40120d)
    block [40120d, 401212)
    block [401212, 40122a)
    block [40122a, 401231)
    block [401231, 40124e)
    block [40124e, 4013bd)
    block [4013bd, 4013c4)
    block [4013c4, 4013d0)
    block [4013d0, 4013ec)
    block [4013ec, 4013f6)
    block [4013f6, 401422)
    block [401422, 40143e)
    block [40143e, 40145f)
    block [40145f, 401464)
    block [401464, 401469)
    block [401469, 401481)
    block [401481, 401486)
    block [401486, 401493)
    block [401493, 4014a4)
    block [4014a4, 4014b0)
    block [4014b0, 4014db)
    block [4014db, 4014f7)
    block [4014f7, 401513)
    block [401513, 40151d)
    block [40151d, 4015d5)
    block [4015d5, 4015da)
    block [4015da, 4015f2)
    block [4015f2, 4015ff)
    block [4015ff, 401612)
    block [401612, 401623)
    block [401623, 40162a)
    block [40162a, 401636)
    block [401636, 401654)
    block [401654, 40166c)
    block [40166c, 401671)
    block [401671, 401683)
    block [401683, 4016e8)
    block [4016e8, 4016f3)
    chunk [401150, 4016f3)
Looking for instructions in segment .fini
  Default block heads for function 4016f4 with loose bounds [4016f4, 401701)
    block [4016f4, 401701)
    chunk [4016f4, 401701)
Looking for strings in segment .rodata [402000, 402011)
  Found string b'%d %d %d' of length 9 at 402004, jumping to 40200d
  Found string b'%d\n' of length 4 at 40200d, jumping to 402011
Looking for strings in segment .eh_frame_hdr [402014, 402040)
Looking for strings in segment .eh_frame [402040, 4020cc)
Looking for strings in segment .init_array [403de8, 403df0)
Looking for strings in segment .fini_array [403df0, 403df8)
Looking for strings in segment .got [403fd8, 403fe8)
Looking for strings in segment .got.plt [403fe8, 404018)
Looking for strings in segment .data [404018, 404028)
Looking for strings in segment .bss [404028, 404030)
Looking for strings in segment extern [404030, 404058)
Looking for cross-references in segment .init [401000, 40101b)
Looking for cross-references in segment .plt [401020, 401060)
  Stopping scan at 40102c
Looking for cross-references in segment .text [401060, 4016f3)
  Stopping scan at 40108c
  Stopping scan at 40109c
  Stopping scan at ffffffffffffffff
  Stopping scan at 4010cc
  Stopping scan at 40110c
  Stopping scan at ffffffffffffffff
  Stopping scan at 40113c
  Stopping scan at 40114c
Looking for cross-references in segment .fini [4016f4, 401701)
Looking for cross-references in segment .rodata [402000, 402011)
  Found string at 402004, jumping to 40200d
  Found string at 40200d, jumping to 402011
  Stopping scan at 40200d
Looking for cross-references in segment .eh_frame_hdr [402014, 402040)
  Stopping scan at 40203c
Looking for cross-references in segment .eh_frame [402040, 4020cc)
  Stopping scan at 4020c8
Looking for cross-references in segment .init_array [403de8, 403df0)
  Adding qword reference from 403de8 to 401140
  Stopping scan at 403de8
Looking for cross-references in segment .fini_array [403df0, 403df8)
  Adding qword reference from 403df0 to 401110
  Stopping scan at 403df0
Looking for cross-references in segment .got [403fd8, 403fe8)
  Adding qword reference from 403fd8 to 404030
  Adding qword reference from 403fe0 to 404050
  Stopping scan at 403fe0
Looking for cross-references in segment .got.plt [403fe8, 404018)
  Adding qword reference from 404000 to 404038
  Adding qword reference from 404008 to 404040
  Adding qword reference from 404010 to 404048
  Stopping scan at 404010
Looking for cross-references in segment .data [404018, 404028)
  Stopping scan at 404024
Looking for cross-references in segment .bss [404028, 404030)
  Stopping scan at 40402c
Looking for cross-references in segment extern [404030, 404058)
  Stopping scan at 404054
Looking for thunks
  Found thunk for printf targeting 404038 at 401030
  Found thunk for memset targeting 404040 at 401040
  Found thunk for __isoc99_scanf targeting 404048 at 401050
Looking for external symbols
  Function at 401030 is the external function printf
  Function at 401040 is the external function memset
  Function at 401050 is the external function __isoc99_scanf
  Function at 404030 is the external function __libc_start_main
  Function at 404038 is the external function printf
  Function at 404040 is the external function memset
  Function at 404048 is the external function __isoc99_scanf
  Function at 404050 is the external function __gmon_start__
Looking for entrypoints
Recovering .init_proc at 401000
  Analysing subroutine .init_proc at 401000
    Block head at 0040101b is not code.
  Subroutine .init_proc at 401000 has 3 blocks
  BB: 401000 in func 401000 with 5 insts
    Referenced by data
    I: 401000
    I: 401004
    I: 401008 (mem 403fe0)
    I: 40100f
    I: 401012 (flow 401016)
      Successors: 401014, 401016
  BB: 401014 in func 401000 with 1 insts
    I: 401014
      Successors: 401016
  BB: 401016 in func 401000 with 2 insts
    I: 401016
    I: 40101a
      No successors
Recovering 401020
  Analysing subroutine sub_401020 at 401020
  WARNING: No table entries for indirect jump at 401026; Adding next_ea 40102c as successor.
  Subroutine sub_401020 at 401020 has 2 blocks
  WARNING: No table entries for indirect jump at 401026; Adding next_ea 40102c as successor.
  BB: 401020 in func 401020 with 2 insts
    I: 401020 (mem 403ff0)
    I: 401026 (mem 403ff8)
      Successors: 40102c
  BB: 40102c in func 401020 with 1 insts
    I: 40102c
      No successors
Recovering start at 401060
  Analysing subroutine start at 401060
  Subroutine start at 401060 has 3 blocks
  BB: 401060 in func 401060 with 13 insts
    Referenced by data
    I: 401060
    I: 401064
    I: 401066
    I: 401069
    I: 40106a
    I: 40106d
    I: 401071
    I: 401072
    I: 401073
    I: 401076
    I: 401078 (imm 401150)
    I: 40107f (mem 403fd8)
    I: 401085
      No successors
  BB: 401095 in func 401060 with 2 insts
    I: 401095
    I: 40109f
      No successors
  BB: 401086 in func 401060 with 3 insts
    I: 401086
    I: 401090
    I: 401094
      No successors
Recovering 4010a0
  Analysing subroutine sub_4010A0 at 4010a0
  WARNING: No table entries for indirect jump at 4010bc; Adding next_ea 4010be as successor.
  WARNING: No table entries for indirect jump at 4010fe; Adding next_ea 401100 as successor.
  Subroutine sub_4010A0 at 4010a0 has 11 blocks
  BB: 4010a0 in func 4010a0 with 3 insts
    I: 4010a0 (imm 404028)
    I: 4010a5 (imm 404028)
    I: 4010ab (flow 4010c0)
      Successors: 4010c0, 4010ad
  BB: 4010c0 in func 4010a0 with 1 insts
    I: 4010c0
      No successors
  BB: 4010c1 in func 4010a0 with 2 insts
    I: 4010c1
    I: 4010c5
      Successors: 4010d0
  BB: 401100 in func 4010a0 with 1 insts
    I: 401100
      No successors
  BB: 401101 in func 4010a0 with 2 insts
    I: 401101
    I: 401105
      No successors
  BB: 4010ad in func 4010a0 with 3 insts
    I: 4010ad
    I: 4010b2
    I: 4010b5 (flow 4010c0)
      Successors: 4010c0, 4010b7
  BB: 4010ef in func 4010a0 with 3 insts
    I: 4010ef
    I: 4010f4
    I: 4010f7 (flow 401100)
      Successors: 401100, 4010f9
  BB: 4010d0 in func 4010a0 with 8 insts
    I: 4010d0 (imm 404028)
    I: 4010d5 (imm 404028)
    I: 4010dc
    I: 4010df
    I: 4010e3
    I: 4010e7
    I: 4010ea
    I: 4010ed (flow 401100)
      Successors: 401100, 4010ef
  WARNING: No table entries for indirect jump at 4010bc; Adding next_ea 4010be as successor.
  BB: 4010b7 in func 4010a0 with 2 insts
    I: 4010b7 (imm 404028)
    I: 4010bc
      Successors: 4010be
  WARNING: No table entries for indirect jump at 4010fe; Adding next_ea 401100 as successor.
  BB: 4010f9 in func 4010a0 with 2 insts
    I: 4010f9 (imm 404028)
    I: 4010fe
      Successors: 401100
  BB: 4010be in func 4010a0 with 1 insts
    I: 4010be
      Successors: 4010c0
Recovering 401110
  Analysing subroutine sub_401110 at 401110
  Subroutine sub_401110 at 401110 has 5 blocks
  BB: 40112f in func 401110 with 1 insts
    I: 40112f
      Successors: 401130
  BB: 401110 in func 401110 with 3 insts
    Referenced by data
    I: 401110
    I: 401114 (mem 404028)
    I: 40111b (flow 401130)
      Successors: 401130, 40111d
  BB: 401131 in func 401110 with 2 insts
    I: 401131
    I: 401135
      No successors
  BB: 401130 in func 401110 with 1 insts
    I: 401130
      No successors
  BB: 40111d in func 401110 with 6 insts
    I: 40111d
    I: 40111e
    I: 401121 (flow 4010a0)
    I: 401126 (mem 404028)
    I: 40112d
    I: 40112e
      No successors
Recovering 401140
  Analysing subroutine sub_401140 at 401140
  WARNING: No table entries for indirect jump at 4010fe; Adding next_ea 401100 as successor.
  Subroutine sub_401140 at 401140 has 6 blocks
  BB: 401140 in func 401140 with 2 insts
    Referenced by data
    I: 401140
    I: 401144 (flow 4010d0)
      Successors: 4010d0
  BB: 401100 in func 401140 with 1 insts
    I: 401100
      No successors
  BB: 401146 in func 401140 with 1 insts
    I: 401146
      No successors
  BB: 4010ef in func 401140 with 3 insts
    I: 4010ef
    I: 4010f4
    I: 4010f7 (flow 401100)
      Successors: 401100, 4010f9
  BB: 4010d0 in func 401140 with 8 insts
    I: 4010d0 (imm 404028)
    I: 4010d5 (imm 404028)
    I: 4010dc
    I: 4010df
    I: 4010e3
    I: 4010e7
    I: 4010ea
    I: 4010ed (flow 401100)
      Successors: 401100, 4010ef
  WARNING: No table entries for indirect jump at 4010fe; Adding next_ea 401100 as successor.
  BB: 4010f9 in func 401140 with 2 insts
    I: 4010f9 (imm 404028)
    I: 4010fe
      Successors: 401100
Recovering main at 401150
  Analysing subroutine main at 401150
    Block head at 004016f3 is not code.
  Subroutine main at 401150 has 44 blocks
  BB: 401481 in func 401150 with 1 insts
    I: 401481 (flow 401486)
      Successors: 401486
  BB: 401683 in func 401150 with 19 insts
    I: 401683
    I: 401686
    I: 401689
    I: 40168e
    I: 401690
    I: 401695
    I: 401698
    I: 40169b (imm 40200d)
    I: 4016a5
    I: 4016a7 (flow 404038)
    I: 4016ac (imm 40200a)
    I: 4016b6
    I: 4016ba
    I: 4016bc (flow 404048)
    I: 4016c1
    I: 4016c8
    I: 4016d2
    I: 4016dc
    I: 4016e3 (flow 4011ac)
      Successors: 4011ac
  BB: 401486 in func 401150 with 2 insts
    I: 401486
    I: 40148d (flow 401623)
      Successors: 401623, 401493
  BB: 40120d in func 401150 with 1 insts
    I: 40120d (flow 401212)
      Successors: 401212
  BB: 401212 in func 401150 with 6 insts
    I: 401212
    I: 401215
    I: 40121a
    I: 40121d
    I: 401222
    I: 401225 (flow 4011bd)
      Successors: 4011bd
  BB: 401493 in func 401150 with 2 insts
    I: 401493
    I: 40149d
      Successors: 4014a4
  BB: 401513 in func 401150 with 2 insts
    I: 401513
    I: 401517 (flow 4015d5)
      Successors: 4015d5, 40151d
  BB: 401612 in func 401150 with 3 insts
    I: 401612
    I: 401618
    I: 40161e (flow 401486)
      Successors: 401486
  BB: 40151d in func 401150 with 42 insts
    I: 40151d
    I: 401524
    I: 40152c
    I: 401533
    I: 401537
    I: 40153a
    I: 40153e
    I: 401541
    I: 401548
    I: 401550
    I: 401557
    I: 40155b
    I: 40155e
    I: 401561
    I: 401563
    I: 401565
    I: 401567
    I: 401569
    I: 40156b
    I: 40156d
    I: 40156f
    I: 401573
    I: 40157a
    I: 40157e
    I: 401581
    I: 401584
    I: 401587
    I: 40158d
    I: 401592
    I: 401595
    I: 40159a
    I: 40159c
    I: 4015a3
    I: 4015a9
    I: 4015ae
    I: 4015b1
    I: 4015b6
    I: 4015bc
    I: 4015c2
    I: 4015c7
    I: 4015ca
    I: 4015cf
      Successors: 4015d5
  BB: 401422 in func 401150 with 6 insts
    I: 401422
    I: 401426
    I: 40142d
    I: 401431
    I: 401434
    I: 401438 (flow 40145f)
      Successors: 40143e, 40145f
  BB: 401623 in func 401150 with 1 insts
    I: 401623
      Successors: 40162a
  BB: 4014a4 in func 401150 with 3 insts
    I: 4014a4
    I: 4014a7
    I: 4014aa (flow 4015f2)
      Successors: 4014b0, 4015f2
  BB: 40122a in func 401150 with 1 insts
    I: 40122a
      Successors: 401231
  BB: 40162a in func 401150 with 3 insts
    I: 40162a
    I: 40162d
    I: 401630 (flow 401683)
      Successors: 401683, 401636
  BB: 4011ac in func 401150 with 2 insts
    I: 4011ac
    I: 4011b0 (flow 4016e8)
      Successors: 4016e8, 4011b6
  BB: 4014b0 in func 401150 with 8 insts
    I: 4014b0
    I: 4014b7
    I: 4014bf
    I: 4014c6
    I: 4014ca
    I: 4014cd
    I: 4014d1
    I: 4014d5 (flow 4015d5)
      Successors: 4014db, 4015d5
  BB: 401231 in func 401150 with 7 insts
    I: 401231
    I: 401234
    I: 401237
    I: 40123d
    I: 401240
    I: 401246
    I: 401248 (flow 4013bd)
      Successors: 4013bd, 40124e
  BB: 4011b6 in func 401150 with 1 insts
    I: 4011b6
      Successors: 4011bd
  BB: 401636 in func 401150 with 7 insts
    I: 401636
    I: 40163a
    I: 401641
    I: 401645
    I: 401648
    I: 40164b
    I: 40164e (flow 40166c)
      Successors: 40166c, 401654
  BB: 4013bd in func 401150 with 1 insts
    I: 4013bd
      Successors: 4013c4
  BB: 4011bd in func 401150 with 2 insts
    I: 4011bd
    I: 4011c1 (flow 40122a)
      Successors: 40122a, 4011c7
  BB: 40143e in func 401150 with 10 insts
    I: 40143e
    I: 401442
    I: 401449
    I: 40144d
    I: 401450
    I: 401453
    I: 401456
    I: 401458
    I: 40145a
    I: 40145c
      Successors: 40145f
  BB: 4013c4 in func 401150 with 3 insts
    I: 4013c4
    I: 4013c7
    I: 4013ca (flow 401481)
      Successors: 4013d0, 401481
  BB: 4011c7 in func 401150 with 1 insts
    I: 4011c7
      Successors: 4011ce
  BB: 4011ce in func 401150 with 2 insts
    I: 4011ce
    I: 4011d2 (flow 40120d)
      Successors: 4011d8, 40120d
  BB: 40124e in func 401150 with 100 insts
    I: 40124e (imm 402004)
    I: 401258
    I: 40125c
    I: 401260
    I: 401264
    I: 401266 (flow 404048)
    I: 40126b
    I: 40126e
    I: 401271
    I: 401273
    I: 401276
    I: 401278
    I: 40127b
    I: 401282
    I: 401286
    I: 401289
    I: 40128c
    I: 401292
    I: 401295
    I: 40129b
    I: 40129e
    I: 4012a1
    I: 4012a4
    I: 4012a7
    I: 4012a9
    I: 4012ac
    I: 4012ae
    I: 4012b1
    I: 4012b8
    I: 4012bc
    I: 4012bf
    I: 4012c2
    I: 4012c4
    I: 4012c6
    I: 4012c8
    I: 4012cb
    I: 4012ce
    I: 4012d3
    I: 4012d6
    I: 4012db
    I: 4012de
    I: 4012e5
    I: 4012e9
    I: 4012ec
    I: 4012ef
    I: 4012f1
    I: 4012f3
    I: 4012f5
    I: 4012f8
    I: 4012fa
    I: 4012fc
    I: 4012fe
    I: 401301
    I: 401304
    I: 401307
    I: 40130c
    I: 40130f
    I: 401314
    I: 401317
    I: 40131e
    I: 401322
    I: 401325
    I: 401328
    I: 40132e
    I: 401331
    I: 401337
    I: 40133a
    I: 40133d
    I: 401340
    I: 401343
    I: 401348
    I: 40134b
    I: 401350
    I: 401353
    I: 40135a
    I: 40135e
    I: 401361
    I: 401364
    I: 40136a
    I: 40136c
    I: 401372
    I: 401375
    I: 401378
    I: 40137a
    I: 40137d
    I: 40137f
    I: 401382
    I: 401389
    I: 40138d
    I: 401390
    I: 401393
    I: 401399
    I: 40139c
    I: 4013a2
    I: 4013a5
    I: 4013a8
    I: 4013ad
    I: 4013b0
    I: 4013b5
    I: 4013b8 (flow 401231)
      Successors: 401231
  BB: 401150 in func 401150 with 16 insts
    Referenced by data
    I: 401150
    I: 401151
    I: 401154
    I: 40115b
    I: 401162
    I: 401169
    I: 401170
    I: 401177
    I: 401179
    I: 40117e (flow 404040)
    I: 401183
    I: 40118d
    I: 401197 (imm 40200a)
    I: 4011a1
    I: 4011a5
    I: 4011a7 (flow 404048)
      Successors: 4011ac
  BB: 4013d0 in func 401150 with 6 insts
    I: 4013d0
    I: 4013d4
    I: 4013db
    I: 4013df
    I: 4013e2
    I: 4013e6 (flow 4013f6)
      Successors: 4013ec, 4013f6
  BB: 401654 in func 401150 with 6 insts
    I: 401654
    I: 401658
    I: 40165f
    I: 401663
    I: 401666
    I: 401669
      Successors: 40166c
  BB: 4015d5 in func 401150 with 1 insts
    I: 4015d5 (flow 4015da)
      Successors: 4015da
  BB: 4011d8 in func 401150 with 12 insts
    I: 4011d8
    I: 4011dc
    I: 4011e3
    I: 4011e7
    I: 4011ea
    I: 4011ee
    I: 4011f5
    I: 4011f8
    I: 4011fd
    I: 401200
    I: 401205
    I: 401208 (flow 4011ce)
      Successors: 4011ce
  BB: 4015da in func 401150 with 6 insts
    I: 4015da
    I: 4015dd
    I: 4015e2
    I: 4015e5
    I: 4015ea
    I: 4015ed (flow 4014a4)
      Successors: 4014a4
  BB: 4014db in func 401150 with 6 insts
    I: 4014db
    I: 4014df
    I: 4014e6
    I: 4014ea
    I: 4014ed
    I: 4014f1 (flow 4015d5)
      Successors: 4015d5, 4014f7
  BB: 40145f in func 401150 with 1 insts
    I: 40145f (flow 401464)
      Successors: 401464
  BB: 401464 in func 401150 with 1 insts
    I: 401464 (flow 401469)
      Successors: 401469
  BB: 4016e8 in func 401150 with 4 insts
    I: 4016e8
    I: 4016ea
    I: 4016f1
    I: 4016f2
      No successors
  BB: 401469 in func 401150 with 6 insts
    I: 401469
    I: 40146c
    I: 401471
    I: 401474
    I: 401479
    I: 40147c (flow 4013c4)
      Successors: 4013c4
  BB: 4013ec in func 401150 with 2 insts
    I: 4013ec
    I: 4013f0 (flow 401422)
      Successors: 401422, 4013f6
  BB: 40166c in func 401150 with 1 insts
    I: 40166c (flow 401671)
      Successors: 401671
  BB: 401671 in func 401150 with 6 insts
    I: 401671
    I: 401674
    I: 401676
    I: 401679
    I: 40167b
    I: 40167e (flow 40162a)
      Successors: 40162a
  BB: 4015f2 in func 401150 with 2 insts
    I: 4015f2
    I: 4015f9 (flow 401612)
      Successors: 401612, 4015ff
  BB: 4013f6 in func 401150 with 11 insts
    I: 4013f6
    I: 4013fa
    I: 401401
    I: 401405
    I: 401408
    I: 40140b
    I: 40140e
    I: 401413
    I: 401415
    I: 40141a
    I: 40141d (flow 401464)
      Successors: 401464
  BB: 4014f7 in func 401150 with 6 insts
    I: 4014f7
    I: 4014fb
    I: 401502
    I: 401506
    I: 401509
    I: 40150d (flow 4015d5)
      Successors: 401513, 4015d5
  BB: 4015ff in func 401150 with 5 insts
    I: 4015ff
    I: 401605
    I: 401607
    I: 40160a
    I: 40160c
      Successors: 401612
Recovering .term_proc at 4016f4
  Analysing subroutine .term_proc at 4016f4
    Block head at 00401701 is not code.
  Subroutine .term_proc at 4016f4 has 1 blocks
  BB: 4016f4 in func 4016f4 with 4 insts
    I: 4016f4
    I: 4016f8
    I: 4016fc
    I: 401700
      No successors
Global Variable None
WARNING: Global constructor and destructor sections are adjacent!
Recovering region LOAD [400000, 400520) in segment LOAD
  8-byte reference at 400018 to 401060 (start)
  8-byte reference at 4000f8 to 401000 (.init_proc)
  8-byte reference at 400130 to 402000 ()
  8-byte reference at 400168 to 403de8 ()
  8-byte reference at 400280 to 402014 ()
  8-byte reference at 4002f0 to 403de8 ()
Recovering region .init [401000, 40101b) in segment .init
Recovering region LOAD [40101b, 401020) in segment LOAD
Recovering region .plt [401020, 401060) in segment .plt
Recovering region .text [401060, 4016f3) in segment .text
Recovering region LOAD [4016f3, 4016f4) in segment LOAD
Recovering region .fini [4016f4, 401701) in segment .fini
Recovering region .rodata [402000, 402011) in segment .rodata
  Variable aDDD at 402004
  Variable format at 40200d
Recovering region LOAD [402011, 402014) in segment LOAD
Recovering region .eh_frame_hdr [402014, 402040) in segment .eh_frame_hdr
Recovering region .eh_frame [402040, 4020cc) in segment .eh_frame
Recovering region LOAD [4020cc, 402110) in segment LOAD
Recovering region .init_array [403de8, 403df8) in segment .init_array
  8-byte reference at 403de8 to 401140 ()
  8-byte reference at 403df0 to 401110 ()
Recovering region LOAD [403df8, 403fd8) in segment LOAD
Recovering region .got [403fd8, 403fe8) in segment .got
  8-byte reference at 403fd8 to 404030 (__libc_start_main)
  8-byte reference at 403fe0 to 404050 (__gmon_start__)
Recovering region .got.plt [403fe8, 404018) in segment .got.plt
  8-byte reference at 404000 to 404038 (printf)
  8-byte reference at 404008 to 404040 (memset)
  8-byte reference at 404010 to 404048 (__isoc99_scanf)
Recovering region .data [404018, 404028) in segment .data
Recovering region .bss [404028, 404030) in segment .bss
Recovering extern function printf at 401030
Recovering extern function memset at 401040
Recovering extern function __isoc99_scanf at 401050
Recovering extern function __libc_start_main at 404030
Recovering extern function printf at 404038
Recovering extern function memset at 404040
Recovering extern function __isoc99_scanf at 404048
Recovering extern function __gmon_start__ at 404050
Recovered 8 functions.
Saving to: /home/ubuntu/capstone_project/result/pipeline_20260629_141746/s478751282_instsub.cfg
Done analysis!
