Debugging is enabled.
Loading Standard Definitions file: /home/ubuntu/capstone_project/dependency/mcsema/mcsema/lib/python3/site-packages/mcsema_disass-3.1.3.8-py3.8.egg/mcsema_disass/defs/linux.txt
Using Batch mode.
Starting analysis
Recovering module s478751282_bcf_instsub.elf
Found main at 401150
Looking for instructions in segment .init
  Default block heads for function 401000 with loose bounds [401000, 40101b)
    block [401000, 401014)
    block [401014, 401016)
    block [401016, 40101b)
    chunk [401000, 40101b)
Looking for instructions in segment .plt
  Default block heads for function 401020 with loose bounds [401020, 40102c)
    block [401020, 40102c)
    chunk [401020, 40102c)
  Default block heads for function 401030 with loose bounds [401030, 401036)
    block [401030, 401036)
    chunk [401030, 401036)
  Default block heads for function 401040 with loose bounds [401040, 401046)
    block [401040, 401046)
    chunk [401040, 401046)
  Default block heads for function 401050 with loose bounds [401050, 401056)
    block [401050, 401056)
    chunk [401050, 401056)
Looking for instructions in segment .text
  Default block heads for function 401060 with loose bounds [401060, 401086)
    block [401060, 401086)
    chunk [401060, 401086)
  Default block heads for function 4010a0 with loose bounds [4010a0, 4010c1)
    block [4010a0, 4010ad)
    block [4010ad, 4010b7)
    block [4010b7, 4010be)
    block [4010c0, 4010c1)
    chunk [4010a0, 4010c1)
  Default block heads for function 401110 with loose bounds [401110, 401131)
    block [401110, 40111d)
    block [40111d, 40112f)
    block [401130, 401131)
    chunk [401110, 401131)
  Default block heads for function 401140 with loose bounds [401140, 401146)
    block [401140, 401146)
    chunk [401140, 401146)
    chunk [4010d0, 401101)
  Default block heads for function 401150 with loose bounds [401150, 402373)
    block [401150, 4011d3)
    block [4011d3, 4011d8)
    block [4011d8, 40138d)
    block [40138d, 401392)
    block [401392, 401397)
    block [401397, 4013a4)
    block [4013a4, 4013ae)
    block [4013ae, 4013bb)
    block [4013bb, 4013c5)
    block [4013c5, 4013d2)
    block [4013d2, 40140e)
    block [40140e, 401413)
    block [401413, 401450)
    block [401450, 401455)
    block [401455, 4014a9)
    block [4014a9, 4014ae)
    block [4014ae, 4014b3)
    block [4014b3, 4014bd)
    block [4014bd, 401535)
    block [401535, 40153a)
    block [40153a, 4015d8)
    block [4015d8, 4015dd)
    block [4015dd, 4015eb)
    block [4015eb, 4015f0)
    block [4015f0, 40177d)
    block [40177d, 401787)
    block [401787, 4017f7)
    block [4017f7, 4017fc)
    block [4017fc, 401881)
    block [401881, 401886)
    block [401886, 401894)
    block [401894, 401899)
    block [401899, 4018b5)
    block [4018b5, 4018c2)
    block [4018c2, 40193a)
    block [40193a, 40193f)
    block [40193f, 40199f)
    block [40199f, 4019a4)
    block [4019a4, 4019a9)
    block [4019a9, 4019c5)
    block [4019c5, 4019f0)
    block [4019f0, 4019f5)
    block [4019f5, 4019fa)
    block [4019fa, 401a16)
    block [401a16, 401a1b)
    block [401a1b, 401a28)
    block [401a28, 401a65)
    block [401a65, 401a6a)
    block [401a6a, 401ac3)
    block [401ac3, 401ac8)
    block [401ac8, 401acd)
    block [401acd, 401adf)
    block [401adf, 401b24)
    block [401b24, 401b29)
    block [401b29, 401b9c)
    block [401b9c, 401ba1)
    block [401ba1, 401baf)
    block [401baf, 401bb4)
    block [401bb4, 401bd0)
    block [401bd0, 401bec)
    block [401bec, 401c5c)
    block [401c5c, 401c61)
    block [401c61, 401ce9)
    block [401ce9, 401cee)
    block [401cee, 401cfc)
    block [401cfc, 401d01)
    block [401d01, 401da8)
    block [401da8, 401dad)
    block [401dad, 401dc1)
    block [401dc1, 401e31)
    block [401e31, 401e36)
    block [401e36, 401e8b)
    block [401e8b, 401e90)
    block [401e90, 401e9e)
    block [401e9e, 401ea3)
    block [401ea3, 401eb2)
    block [401eb2, 401ec3)
    block [401ec3, 401f00)
    block [401f00, 401f05)
    block [401f05, 401f4c)
    block [401f4c, 401f51)
    block [401f51, 401f56)
    block [401f56, 401f68)
    block [401f68, 401f89)
    block [401f89, 401fa4)
    block [401fa4, 401fa9)
    block [401fa9, 401fee)
    block [401fee, 401ff3)
    block [401ff3, 402082)
    block [402082, 402087)
    block [402087, 40208c)
    block [40208c, 4020fd)
    block [4020fd, 40213a)
    block [40213a, 40213f)
    block [40213f, 4021b7)
    block [4021b7, 4021bc)
    block [4021bc, 4021c3)
    block [4021c3, 4022cd)
    block [4022cd, 4022e9)
    block [4022e9, 4022ee)
    block [4022ee, 4022f3)
    block [4022f3, 40231b)
    block [40231b, 402334)
    block [402334, 402339)
    block [402339, 40233e)
    block [40233e, 402343)
    block [402343, 402352)
    block [402352, 40236e)
    block [40236e, 402373)
    chunk [401150, 402373)
Looking for instructions in segment .fini
  Default block heads for function 402374 with loose bounds [402374, 402381)
    block [402374, 402381)
    chunk [402374, 402381)
Looking for strings in segment .rodata [403000, 403011)
  Found string b'%d %d %d' of length 9 at 403004, jumping to 40300d
  Found string b'%d\n' of length 4 at 40300d, jumping to 403011
Looking for strings in segment .eh_frame_hdr [403014, 403040)
Looking for strings in segment .eh_frame [403040, 4030d0)
Looking for strings in segment .init_array [404de8, 404df0)
Looking for strings in segment .fini_array [404df0, 404df8)
Looking for strings in segment .got [404fd8, 404fe8)
Looking for strings in segment .got.plt [404fe8, 405018)
Looking for strings in segment .data [405018, 405028)
Looking for strings in segment .bss [405028, 405038)
Looking for strings in segment extern [405038, 405060)
Looking for cross-references in segment .init [401000, 40101b)
Looking for cross-references in segment .plt [401020, 401060)
  Adding dword reference from 40102c to 401f0f
  Stopping scan at 40102c
Looking for cross-references in segment .text [401060, 402373)
  Stopping scan at 40108c
  Stopping scan at 40109c
  Stopping scan at ffffffffffffffff
  Stopping scan at 4010cc
  Stopping scan at 40110c
  Stopping scan at ffffffffffffffff
  Stopping scan at 40113c
  Stopping scan at 40114c
Looking for cross-references in segment .fini [402374, 402381)
Looking for cross-references in segment .rodata [403000, 403011)
  Found string at 403004, jumping to 40300d
  Found string at 40300d, jumping to 403011
  Stopping scan at 40300d
Looking for cross-references in segment .eh_frame_hdr [403014, 403040)
  Stopping scan at 40303c
Looking for cross-references in segment .eh_frame [403040, 4030d0)
  Stopping scan at 4030cc
Looking for cross-references in segment .init_array [404de8, 404df0)
  Adding qword reference from 404de8 to 401140
  Stopping scan at 404de8
Looking for cross-references in segment .fini_array [404df0, 404df8)
  Adding qword reference from 404df0 to 401110
  Stopping scan at 404df0
Looking for cross-references in segment .got [404fd8, 404fe8)
  Adding qword reference from 404fd8 to 405038
  Adding qword reference from 404fe0 to 405058
  Stopping scan at 404fe0
Looking for cross-references in segment .got.plt [404fe8, 405018)
  Adding qword reference from 405000 to 405040
  Adding qword reference from 405008 to 405048
  Adding qword reference from 405010 to 405050
  Stopping scan at 405010
Looking for cross-references in segment .data [405018, 405028)
  Stopping scan at 405024
Looking for cross-references in segment .bss [405028, 405038)
  Stopping scan at 405034
Looking for cross-references in segment extern [405038, 405060)
  Stopping scan at 40505c
Looking for thunks
  Found thunk for printf targeting 405040 at 401030
  Found thunk for memset targeting 405048 at 401040
  Found thunk for __isoc99_scanf targeting 405050 at 401050
Looking for external symbols
  Function at 401030 is the external function printf
  Function at 401040 is the external function memset
  Function at 401050 is the external function __isoc99_scanf
  Function at 405038 is the external function __libc_start_main
  Function at 405040 is the external function printf
  Function at 405048 is the external function memset
  Function at 405050 is the external function __isoc99_scanf
  Function at 405058 is the external function __gmon_start__
Looking for entrypoints
Recovering .init_proc at 401000
  Analysing subroutine .init_proc at 401000
    Block head at 0040101b is not code.
  Subroutine .init_proc at 401000 has 3 blocks
  BB: 401000 in func 401000 with 5 insts
    Referenced by data
    I: 401000
    I: 401004
    I: 401008 (mem 404fe0)
    I: 40100f
    I: 401012 (flow 401016)
      Successors: 401014, 401016
  BB: 401014 in func 401000 with 1 insts
    I: 401014
      Successors: 401016
  BB: 401016 in func 401000 with 2 insts
    I: 401016
    I: 40101a
      No successors
Recovering 401020
  Analysing subroutine sub_401020 at 401020
  WARNING: No table entries for indirect jump at 401026; Adding next_ea 40102c as successor.
  Subroutine sub_401020 at 401020 has 2 blocks
  WARNING: No table entries for indirect jump at 401026; Adding next_ea 40102c as successor.
  BB: 401020 in func 401020 with 2 insts
    I: 401020 (mem 404ff0)
    I: 401026 (mem 404ff8)
      Successors: 40102c
  BB: 40102c in func 401020 with 1 insts
    I: 40102c
      No successors
Recovering start at 401060
  Analysing subroutine start at 401060
  Subroutine start at 401060 has 3 blocks
  BB: 401060 in func 401060 with 13 insts
    Referenced by data
    I: 401060
    I: 401064
    I: 401066
    I: 401069
    I: 40106a
    I: 40106d
    I: 401071
    I: 401072
    I: 401073
    I: 401076
    I: 401078 (imm 401150)
    I: 40107f (mem 404fd8)
    I: 401085
      No successors
  BB: 401095 in func 401060 with 2 insts
    I: 401095
    I: 40109f
      No successors
  BB: 401086 in func 401060 with 3 insts
    I: 401086
    I: 401090
    I: 401094
      No successors
Recovering 4010a0
  Analysing subroutine sub_4010A0 at 4010a0
  WARNING: No table entries for indirect jump at 4010bc; Adding next_ea 4010be as successor.
  WARNING: No table entries for indirect jump at 4010fe; Adding next_ea 401100 as successor.
  Subroutine sub_4010A0 at 4010a0 has 11 blocks
  BB: 4010a0 in func 4010a0 with 3 insts
    I: 4010a0 (imm 405028)
    I: 4010a5 (imm 405028)
    I: 4010ab (flow 4010c0)
      Successors: 4010c0, 4010ad
  BB: 4010c0 in func 4010a0 with 1 insts
    I: 4010c0
      No successors
  BB: 4010c1 in func 4010a0 with 2 insts
    I: 4010c1
    I: 4010c5
      Successors: 4010d0
  BB: 401100 in func 4010a0 with 1 insts
    I: 401100
      No successors
  BB: 401101 in func 4010a0 with 2 insts
    I: 401101
    I: 401105
      No successors
  BB: 4010ad in func 4010a0 with 3 insts
    I: 4010ad
    I: 4010b2
    I: 4010b5 (flow 4010c0)
      Successors: 4010c0, 4010b7
  BB: 4010ef in func 4010a0 with 3 insts
    I: 4010ef
    I: 4010f4
    I: 4010f7 (flow 401100)
      Successors: 401100, 4010f9
  BB: 4010d0 in func 4010a0 with 8 insts
    I: 4010d0 (imm 405028)
    I: 4010d5 (imm 405028)
    I: 4010dc
    I: 4010df
    I: 4010e3
    I: 4010e7
    I: 4010ea
    I: 4010ed (flow 401100)
      Successors: 401100, 4010ef
  WARNING: No table entries for indirect jump at 4010bc; Adding next_ea 4010be as successor.
  BB: 4010b7 in func 4010a0 with 2 insts
    I: 4010b7 (imm 405028)
    I: 4010bc
      Successors: 4010be
  WARNING: No table entries for indirect jump at 4010fe; Adding next_ea 401100 as successor.
  BB: 4010f9 in func 4010a0 with 2 insts
    I: 4010f9 (imm 405028)
    I: 4010fe
      Successors: 401100
  BB: 4010be in func 4010a0 with 1 insts
    I: 4010be
      Successors: 4010c0
Recovering 401110
  Analysing subroutine sub_401110 at 401110
  Subroutine sub_401110 at 401110 has 5 blocks
  BB: 40112f in func 401110 with 1 insts
    I: 40112f
      Successors: 401130
  BB: 401110 in func 401110 with 3 insts
    Referenced by data
    I: 401110
    I: 401114 (mem 405028)
    I: 40111b (flow 401130)
      Successors: 401130, 40111d
  BB: 401131 in func 401110 with 2 insts
    I: 401131
    I: 401135
      No successors
  BB: 401130 in func 401110 with 1 insts
    I: 401130
      No successors
  BB: 40111d in func 401110 with 6 insts
    I: 40111d
    I: 40111e
    I: 401121 (flow 4010a0)
    I: 401126 (mem 405028)
    I: 40112d
    I: 40112e
      No successors
Recovering 401140
  Analysing subroutine sub_401140 at 401140
  WARNING: No table entries for indirect jump at 4010fe; Adding next_ea 401100 as successor.
  Subroutine sub_401140 at 401140 has 6 blocks
  BB: 401140 in func 401140 with 2 insts
    Referenced by data
    I: 401140
    I: 401144 (flow 4010d0)
      Successors: 4010d0
  BB: 401100 in func 401140 with 1 insts
    I: 401100
      No successors
  BB: 401146 in func 401140 with 1 insts
    I: 401146
      No successors
  BB: 4010ef in func 401140 with 3 insts
    I: 4010ef
    I: 4010f4
    I: 4010f7 (flow 401100)
      Successors: 401100, 4010f9
  BB: 4010d0 in func 401140 with 8 insts
    I: 4010d0 (imm 405028)
    I: 4010d5 (imm 405028)
    I: 4010dc
    I: 4010df
    I: 4010e3
    I: 4010e7
    I: 4010ea
    I: 4010ed (flow 401100)
      Successors: 401100, 4010ef
  WARNING: No table entries for indirect jump at 4010fe; Adding next_ea 401100 as successor.
  BB: 4010f9 in func 401140 with 2 insts
    I: 4010f9 (imm 405028)
    I: 4010fe
      Successors: 401100
Recovering main at 401150
  Analysing subroutine main at 401150
    Block head at 00402373 is not code.
  Subroutine main at 401150 has 110 blocks
  BB: 40140e in func 401150 with 1 insts
    I: 40140e (flow 401413)
      Successors: 401413
  BB: 401413 in func 401150 with 20 insts
    I: 401413 (imm 40502c)
    I: 40141a
    I: 40141c (imm 405030)
    I: 401423
    I: 401425
    I: 401427
    I: 40142a
    I: 40142c
    I: 40142e
    I: 401431
    I: 401434
    I: 401437
    I: 40143a
    I: 40143d
    I: 401440
    I: 401442
    I: 401444
    I: 401446
    I: 401448
    I: 40144a (flow 401455)
      Successors: 401450, 401455
  BB: 401a16 in func 401150 with 1 insts
    I: 401a16 (flow 401a1b)
      Successors: 401a1b
  BB: 401a1b in func 401150 with 3 insts
    I: 401a1b
    I: 401a1f
    I: 401a22 (flow 401ec3)
      Successors: 401a28, 401ec3
  BB: 401a28 in func 401150 with 20 insts
    I: 401a28 (imm 40502c)
    I: 401a2f
    I: 401a31 (imm 405030)
    I: 401a38
    I: 401a3a
    I: 401a3c
    I: 401a3f
    I: 401a41
    I: 401a43
    I: 401a46
    I: 401a49
    I: 401a4c
    I: 401a4f
    I: 401a52
    I: 401a55
    I: 401a57
    I: 401a59
    I: 401a5b
    I: 401a5d
    I: 401a5f (flow 401a6a)
      Successors: 401a6a, 401a65
  BB: 401e31 in func 401150 with 1 insts
    I: 401e31 (flow 40233e)
      Successors: 40233e
  BB: 401e36 in func 401150 with 24 insts
    I: 401e36
    I: 401e3a
    I: 401e3d
    I: 401e40
    I: 401e46 (imm 40502c)
    I: 401e4d
    I: 401e4f (imm 405030)
    I: 401e56
    I: 401e58
    I: 401e5a
    I: 401e60
    I: 401e63
    I: 401e69
    I: 401e6c
    I: 401e6f
    I: 401e72
    I: 401e75
    I: 401e78
    I: 401e7b
    I: 401e7d
    I: 401e7f
    I: 401e81
    I: 401e83
    I: 401e85 (flow 401e90)
      Successors: 401e90, 401e8b
  BB: 401450 in func 401150 with 1 insts
    I: 401450 (flow 4022cd)
      Successors: 4022cd
  BB: 401455 in func 401150 with 26 insts
    I: 401455
    I: 401459
    I: 40145b
    I: 40145d
    I: 401460
    I: 401462
    I: 401464 (imm 40502c)
    I: 40146b
    I: 40146d (imm 405030)
    I: 401474
    I: 401476
    I: 401478
    I: 40147e
    I: 401481
    I: 401487
    I: 40148a
    I: 40148d
    I: 401490
    I: 401493
    I: 401496
    I: 401499
    I: 40149b
    I: 40149d
    I: 40149f
    I: 4014a1
    I: 4014a3 (flow 4014ae)
      Successors: 4014a9, 4014ae
  BB: 401c5c in func 401150 with 1 insts
    I: 401c5c (flow 402339)
      Successors: 402339
  BB: 401c61 in func 401150 with 40 insts
    I: 401c61
    I: 401c65
    I: 401c68
    I: 401c6b
    I: 401c71 (imm 40502c)
    I: 401c78
    I: 401c7a (imm 405030)
    I: 401c81
    I: 401c83
    I: 401c85
    I: 401c8b
    I: 401c8e
    I: 401c94
    I: 401c97
    I: 401c9a
    I: 401c9d
    I: 401ca1
    I: 401ca4
    I: 401ca8
    I: 401cab
    I: 401cae
    I: 401cb1
    I: 401cb5
    I: 401cb7
    I: 401cba
    I: 401cbc
    I: 401cbe
    I: 401cc1
    I: 401cc4
    I: 401cc8
    I: 401ccb
    I: 401cce
    I: 401cd1
    I: 401cd4
    I: 401cd7
    I: 401cda
    I: 401cdd
    I: 401cdf
    I: 401ce1
    I: 401ce3 (flow 401cee)
      Successors: 401ce9, 401cee
  BB: 401a65 in func 401150 with 1 insts
    I: 401a65 (flow 40231b)
      Successors: 40231b
  BB: 401a6a in func 401150 with 24 insts
    I: 401a6a
    I: 401a6e
    I: 401a72
    I: 401a78
    I: 401a7e (imm 40502c)
    I: 401a85
    I: 401a87 (imm 405030)
    I: 401a8e
    I: 401a90
    I: 401a92
    I: 401a98
    I: 401a9b
    I: 401aa1
    I: 401aa4
    I: 401aa7
    I: 401aaa
    I: 401aad
    I: 401ab0
    I: 401ab3
    I: 401ab5
    I: 401ab7
    I: 401ab9
    I: 401abb
    I: 401abd (flow 401ac8)
      Successors: 401ac8, 401ac3
  BB: 401881 in func 401150 with 1 insts
    I: 401881 (flow 4022ee)
      Successors: 4022ee
  BB: 402082 in func 401150 with 1 insts
    I: 402082 (flow 402352)
      Successors: 402352
  BB: 401886 in func 401150 with 3 insts
    I: 401886
    I: 40188c
    I: 40188e (flow 401899)
      Successors: 401899, 401894
  BB: 402087 in func 401150 with 1 insts
    I: 402087 (flow 401f56)
      Successors: 401f56
  BB: 401e8b in func 401150 with 1 insts
    I: 401e8b (flow 40233e)
      Successors: 40233e
  BB: 40208c in func 401150 with 25 insts
    I: 40208c
    I: 402090
    I: 402094
    I: 402096
    I: 402098
    I: 40209e
    I: 4020a0
    I: 4020a6
    I: 4020a8
    I: 4020aa (imm 40300d)
    I: 4020b4
    I: 4020b6 (flow 405040)
    I: 4020bb
    I: 4020bf (imm 40300a)
    I: 4020c9
    I: 4020cb (flow 405050)
    I: 4020d0
    I: 4020d4
    I: 4020d8
    I: 4020dc
    I: 4020e0
    I: 4020e6
    I: 4020ec
    I: 4020f2
    I: 4020f8 (flow 401397)
      Successors: 401397
  BB: 401e90 in func 401150 with 3 insts
    I: 401e90
    I: 401e96
    I: 401e98 (flow 401ea3)
      Successors: 401ea3, 401e9e
  BB: 401894 in func 401150 with 1 insts
    I: 401894 (flow 401a16)
      Successors: 401a16
  BB: 401899 in func 401150 with 7 insts
    I: 401899
    I: 40189d
    I: 4018a1
    I: 4018a4
    I: 4018a8
    I: 4018ab
    I: 4018af (flow 4018c2)
      Successors: 4018c2, 4018b5
  BB: 401e9e in func 401150 with 1 insts
    I: 401e9e (flow 401eb2)
      Successors: 401eb2
  BB: 401ea3 in func 401150 with 6 insts
    I: 401ea3
    I: 401ea7
    I: 401ea9
    I: 401eab
    I: 401eae
    I: 401eb0
      Successors: 401eb2
  BB: 4014a9 in func 401150 with 1 insts
    I: 4014a9 (flow 4022cd)
      Successors: 4022cd
  BB: 4014ae in func 401150 with 1 insts
    I: 4014ae (flow 4013ae)
      Successors: 4013ae
  BB: 401eb2 in func 401150 with 5 insts
    I: 401eb2
    I: 401eb6
    I: 401eba
    I: 401ebc
    I: 401ebe (flow 401a1b)
      Successors: 401a1b
  BB: 4014b3 in func 401150 with 2 insts
    I: 4014b3
    I: 4014b7
      Successors: 4014bd
  BB: 4018b5 in func 401150 with 3 insts
    I: 4018b5
    I: 4018b9
    I: 4018bc (flow 4019a9)
      Successors: 4019a9, 4018c2
  BB: 4014bd in func 401150 with 36 insts
    I: 4014bd (imm 40502c)
    I: 4014c4
    I: 4014c6 (imm 405030)
    I: 4014cd
    I: 4014cf
    I: 4014d1
    I: 4014d7
    I: 4014da
    I: 4014e0
    I: 4014e3
    I: 4014e6
    I: 4014e9
    I: 4014ed
    I: 4014f0
    I: 4014f4
    I: 4014f7
    I: 4014fa
    I: 4014fd
    I: 401501
    I: 401503
    I: 401506
    I: 401508
    I: 40150a
    I: 40150d
    I: 401510
    I: 401514
    I: 401517
    I: 40151a
    I: 40151d
    I: 401520
    I: 401523
    I: 401526
    I: 401529
    I: 40152b
    I: 40152d
    I: 40152f (flow 40153a)
      Successors: 40153a, 401535
  BB: 4018c2 in func 401150 with 36 insts
    I: 4018c2 (imm 40502c)
    I: 4018c9
    I: 4018cb (imm 405030)
    I: 4018d2
    I: 4018d4
    I: 4018d6
    I: 4018dc
    I: 4018df
    I: 4018e5
    I: 4018e8
    I: 4018eb
    I: 4018ee
    I: 4018f2
    I: 4018f5
    I: 4018f9
    I: 4018fc
    I: 4018ff
    I: 401902
    I: 401906
    I: 401908
    I: 40190b
    I: 40190d
    I: 40190f
    I: 401912
    I: 401915
    I: 401919
    I: 40191c
    I: 40191f
    I: 401922
    I: 401925
    I: 401928
    I: 40192b
    I: 40192e
    I: 401930
    I: 401932
    I: 401934 (flow 40193f)
      Successors: 40193a, 40193f
  BB: 401ac3 in func 401150 with 1 insts
    I: 401ac3 (flow 40231b)
      Successors: 40231b
  BB: 401ec3 in func 401150 with 20 insts
    I: 401ec3 (imm 40502c)
    I: 401eca
    I: 401ecc (imm 405030)
    I: 401ed3
    I: 401ed5
    I: 401ed7
    I: 401eda
    I: 401edc
    I: 401ede
    I: 401ee1
    I: 401ee4
    I: 401ee7
    I: 401eea
    I: 401eed
    I: 401ef0
    I: 401ef2
    I: 401ef4
    I: 401ef6
    I: 401ef8
    I: 401efa (flow 401f05)
      Successors: 401f00, 401f05
  BB: 401ac8 in func 401150 with 1 insts
    I: 401ac8 (flow 401acd)
      Successors: 401acd
  BB: 401acd in func 401150 with 5 insts
    I: 401acd
    I: 401ad1
    I: 401ad5
    I: 401ad7
    I: 401ad9 (flow 401dc1)
      Successors: 401dc1, 401adf
  BB: 4022cd in func 401150 with 7 insts
    I: 4022cd
    I: 4022d1
    I: 4022d3
    I: 4022d9
    I: 4022dc
    I: 4022e2
    I: 4022e4 (flow 401455)
      Successors: 401455
  BB: 401adf in func 401150 with 20 insts
    I: 401adf (imm 40502c)
    I: 401ae6
    I: 401ae8 (imm 405030)
    I: 401aef
    I: 401af1
    I: 401af3
    I: 401af9
    I: 401afc
    I: 401b02
    I: 401b05
    I: 401b08
    I: 401b0b
    I: 401b0e
    I: 401b11
    I: 401b14
    I: 401b16
    I: 401b18
    I: 401b1a
    I: 401b1c
    I: 401b1e (flow 401b29)
      Successors: 401b29, 401b24
  BB: 401ce9 in func 401150 with 1 insts
    I: 401ce9 (flow 402339)
      Successors: 402339
  BB: 4022e9 in func 401150 with 1 insts
    I: 4022e9 (flow 40153a)
      Successors: 40153a
  BB: 401cee in func 401150 with 3 insts
    I: 401cee
    I: 401cf4
    I: 401cf6 (flow 401d01)
      Successors: 401d01, 401cfc
  BB: 4022ee in func 401150 with 1 insts
    I: 4022ee (flow 4017fc)
      Successors: 4017fc
  BB: 4022f3 in func 401150 with 13 insts
    I: 4022f3
    I: 4022f7
    I: 4022fb
    I: 4022ff
    I: 402302
    I: 402306
    I: 402309
    I: 40230c
    I: 40230e
    I: 402310
    I: 402312
    I: 402314
    I: 402316 (flow 40193f)
      Successors: 40193f
  BB: 401cfc in func 401150 with 1 insts
    I: 401cfc (flow 401da8)
      Successors: 401da8
  BB: 4020fd in func 401150 with 20 insts
    I: 4020fd (imm 40502c)
    I: 402104
    I: 402106 (imm 405030)
    I: 40210d
    I: 40210f
    I: 402111
    I: 402114
    I: 402116
    I: 402118
    I: 40211b
    I: 40211e
    I: 402121
    I: 402124
    I: 402127
    I: 40212a
    I: 40212c
    I: 40212e
    I: 402130
    I: 402132
    I: 402134 (flow 40213f)
      Successors: 40213a, 40213f
  BB: 401f00 in func 401150 with 1 insts
    I: 401f00 (flow 402343)
      Successors: 402343
  BB: 401d01 in func 401150 with 47 insts
    I: 401d01
    I: 401d05
    I: 401d09
    I: 401d0d
    I: 401d11
    I: 401d15
    I: 401d19
    I: 401d1c
    I: 401d20
    I: 401d24
    I: 401d27
    I: 401d2a
    I: 401d2d
    I: 401d31
    I: 401d34
    I: 401d38
    I: 401d3c
    I: 401d3f
    I: 401d42
    I: 401d46
    I: 401d49
    I: 401d4c
    I: 401d4f
    I: 401d52
    I: 401d55
    I: 401d58
    I: 401d5b
    I: 401d5e
    I: 401d62
    I: 401d65
    I: 401d69
    I: 401d6b
    I: 401d6d
    I: 401d73
    I: 401d76
    I: 401d7c
    I: 401d7f
    I: 401d82
    I: 401d84
    I: 401d8a
    I: 401d8d
    I: 401d93
    I: 401d95
    I: 401d97
    I: 401d9d
    I: 401da0
    I: 401da6
      Successors: 401da8
  BB: 401f05 in func 401150 with 2 insts
    I: 401f05
    I: 401f09
      Successors: 401f0f
  BB: 401f0f in func 401150 with 20 insts
    Referenced by data
    I: 401f0f (imm 40502c)
    I: 401f16
    I: 401f18 (imm 405030)
    I: 401f1f
    I: 401f21
    I: 401f23
    I: 401f26
    I: 401f28
    I: 401f2a
    I: 401f2d
    I: 401f30
    I: 401f33
    I: 401f36
    I: 401f39
    I: 401f3c
    I: 401f3e
    I: 401f40
    I: 401f42
    I: 401f44
    I: 401f46 (flow 401f51)
      Successors: 401f51, 401f4c
  BB: 40231b in func 401150 with 5 insts
    I: 40231b
    I: 40231f
    I: 402323
    I: 402329
    I: 40232f (flow 401a6a)
      Successors: 401a6a
  BB: 401b24 in func 401150 with 1 insts
    I: 401b24 (flow 402334)
      Successors: 402334
  BB: 401b29 in func 401150 with 32 insts
    I: 401b29
    I: 401b2d
    I: 401b31
    I: 401b35
    I: 401b39
    I: 401b3c
    I: 401b40
    I: 401b44
    I: 401b47
    I: 401b4a
    I: 401b4e
    I: 401b51
    I: 401b57 (imm 40502c)
    I: 401b5e
    I: 401b60 (imm 405030)
    I: 401b67
    I: 401b69
    I: 401b6b
    I: 401b71
    I: 401b74
    I: 401b7a
    I: 401b7d
    I: 401b80
    I: 401b83
    I: 401b86
    I: 401b89
    I: 401b8c
    I: 401b8e
    I: 401b90
    I: 401b92
    I: 401b94
    I: 401b96 (flow 401ba1)
      Successors: 401ba1, 401b9c
  BB: 402334 in func 401150 with 1 insts
    I: 402334 (flow 401b29)
      Successors: 401b29
  BB: 401535 in func 401150 with 1 insts
    I: 401535 (flow 4022e9)
      Successors: 4022e9
  BB: 402339 in func 401150 with 1 insts
    I: 402339 (flow 401c61)
      Successors: 401c61
  BB: 40153a in func 401150 with 46 insts
    I: 40153a
    I: 40153e
    I: 401542
    I: 401544
    I: 401546
    I: 40154c
    I: 40154f
    I: 401555
    I: 401557
    I: 40155a
    I: 401560 (imm 40502c)
    I: 401567
    I: 401569 (imm 405030)
    I: 401570
    I: 401572
    I: 401574
    I: 40157a
    I: 40157d
    I: 401583
    I: 401586
    I: 401589
    I: 40158c
    I: 401590
    I: 401593
    I: 401597
    I: 40159a
    I: 40159d
    I: 4015a0
    I: 4015a4
    I: 4015a6
    I: 4015a9
    I: 4015ab
    I: 4015ad
    I: 4015b0
    I: 4015b3
    I: 4015b7
    I: 4015ba
    I: 4015bd
    I: 4015c0
    I: 4015c3
    I: 4015c6
    I: 4015c9
    I: 4015cc
    I: 4015ce
    I: 4015d0
    I: 4015d2 (flow 4015dd)
      Successors: 4015d8, 4015dd
  BB: 40193a in func 401150 with 1 insts
    I: 40193a (flow 4022f3)
      Successors: 4022f3
  BB: 40213a in func 401150 with 1 insts
    I: 40213a (flow 40236e)
      Successors: 40236e
  BB: 40233e in func 401150 with 1 insts
    I: 40233e (flow 401e36)
      Successors: 401e36
  BB: 40193f in func 401150 with 32 insts
    I: 40193f
    I: 401943
    I: 401947
    I: 40194b
    I: 40194e
    I: 401952
    I: 401955
    I: 401958
    I: 40195a
    I: 40195c
    I: 40195e
    I: 401960
    I: 401962 (imm 40502c)
    I: 401969
    I: 40196b (imm 405030)
    I: 401972
    I: 401974
    I: 401976
    I: 401979
    I: 40197b
    I: 40197d
    I: 401980
    I: 401983
    I: 401986
    I: 401989
    I: 40198c
    I: 40198f
    I: 401991
    I: 401993
    I: 401995
    I: 401997
    I: 401999 (flow 4019a4)
      Successors: 4019a4, 40199f
  BB: 40213f in func 401150 with 36 insts
    I: 40213f (imm 40502c)
    I: 402146
    I: 402148 (imm 405030)
    I: 40214f
    I: 402151
    I: 402153
    I: 402159
    I: 40215c
    I: 402162
    I: 402165
    I: 402168
    I: 40216b
    I: 40216f
    I: 402172
    I: 402176
    I: 402179
    I: 40217c
    I: 40217f
    I: 402183
    I: 402185
    I: 402188
    I: 40218a
    I: 40218c
    I: 40218f
    I: 402192
    I: 402196
    I: 402199
    I: 40219c
    I: 40219f
    I: 4021a2
    I: 4021a5
    I: 4021a8
    I: 4021ab
    I: 4021ad
    I: 4021af
    I: 4021b1 (flow 4021bc)
      Successors: 4021bc, 4021b7
  BB: 402343 in func 401150 with 3 insts
    I: 402343
    I: 402347
    I: 40234d (flow 401f05)
      Successors: 401f05
  BB: 401f4c in func 401150 with 1 insts
    I: 401f4c (flow 402343)
      Successors: 402343
  BB: 401150 in func 401150 with 39 insts
    Referenced by data
    I: 401150
    I: 401151
    I: 401154
    I: 40115b (imm 40502c)
    I: 401162
    I: 401164 (imm 405030)
    I: 40116b
    I: 40116d
    I: 40116f
    I: 401175
    I: 401178
    I: 40117e
    I: 401181
    I: 401184
    I: 401187
    I: 40118b
    I: 40118e
    I: 401192
    I: 401195
    I: 401198
    I: 40119b
    I: 40119f
    I: 4011a1
    I: 4011a4
    I: 4011a6
    I: 4011a8
    I: 4011ab
    I: 4011ae
    I: 4011b2
    I: 4011b5
    I: 4011b8
    I: 4011bb
    I: 4011be
    I: 4011c1
    I: 4011c4
    I: 4011c7
    I: 4011c9
    I: 4011cb
    I: 4011cd (flow 4011d8)
      Successors: 4011d8, 4011d3
  BB: 401f51 in func 401150 with 1 insts
    I: 401f51 (flow 401f56)
      Successors: 401f56
  BB: 402352 in func 401150 with 11 insts
    I: 402352
    I: 402356
    I: 402358
    I: 40235a
    I: 40235c
    I: 40235e
    I: 402361
    I: 402363
    I: 402365
    I: 402367
    I: 402369 (flow 401ff3)
      Successors: 401ff3
  BB: 401f56 in func 401150 with 5 insts
    I: 401f56
    I: 401f5a
    I: 401f5e
    I: 401f60
    I: 401f62 (flow 40208c)
      Successors: 401f68, 40208c
  BB: 401f68 in func 401150 with 9 insts
    I: 401f68
    I: 401f6c
    I: 401f70
    I: 401f74
    I: 401f77
    I: 401f7b
    I: 401f7e
    I: 401f81
    I: 401f83 (flow 401fa4)
      Successors: 401f89, 401fa4
  BB: 40236e in func 401150 with 1 insts
    I: 40236e (flow 40213f)
      Successors: 40213f
  BB: 40177d in func 401150 with 2 insts
    I: 40177d
    I: 401781
      Successors: 401787
  BB: 401787 in func 401150 with 36 insts
    I: 401787 (imm 40502c)
    I: 40178e
    I: 401790 (imm 405030)
    I: 401797
    I: 401799
    I: 40179b
    I: 40179e
    I: 4017a0
    I: 4017a2
    I: 4017a5
    I: 4017a8
    I: 4017ab
    I: 4017af
    I: 4017b2
    I: 4017b6
    I: 4017b9
    I: 4017bc
    I: 4017bf
    I: 4017c3
    I: 4017c5
    I: 4017c8
    I: 4017ca
    I: 4017cc
    I: 4017cf
    I: 4017d2
    I: 4017d6
    I: 4017d9
    I: 4017dc
    I: 4017df
    I: 4017e2
    I: 4017e5
    I: 4017e8
    I: 4017eb
    I: 4017ed
    I: 4017ef
    I: 4017f1 (flow 4017fc)
      Successors: 4017fc, 4017f7
  BB: 401f89 in func 401150 with 8 insts
    I: 401f89
    I: 401f8d
    I: 401f91
    I: 401f95
    I: 401f98
    I: 401f9c
    I: 401f9f
    I: 401fa2
      Successors: 401fa4
  BB: 40138d in func 401150 with 1 insts
    I: 40138d (flow 4021c3)
      Successors: 4021c3
  BB: 401392 in func 401150 with 1 insts
    I: 401392 (flow 401397)
      Successors: 401397
  BB: 401397 in func 401150 with 3 insts
    I: 401397
    I: 40139b
    I: 40139e (flow 4020fd)
      Successors: 4013a4, 4020fd
  BB: 401b9c in func 401150 with 1 insts
    I: 401b9c (flow 402334)
      Successors: 402334
  BB: 40199f in func 401150 with 1 insts
    I: 40199f (flow 4022f3)
      Successors: 4022f3
  BB: 401ba1 in func 401150 with 3 insts
    I: 401ba1
    I: 401ba7
    I: 401ba9 (flow 401bb4)
      Successors: 401bb4, 401baf
  BB: 4013a4 in func 401150 with 2 insts
    I: 4013a4
    I: 4013a8
      Successors: 4013ae
  BB: 4019a4 in func 401150 with 1 insts
    I: 4019a4 (flow 4019f5)
      Successors: 4019f5
  BB: 401fa4 in func 401150 with 1 insts
    I: 401fa4 (flow 401fa9)
      Successors: 401fa9
  BB: 401da8 in func 401150 with 1 insts
    I: 401da8 (flow 401dad)
      Successors: 401dad
  BB: 4019a9 in func 401150 with 7 insts
    I: 4019a9
    I: 4019ad
    I: 4019b1
    I: 4019b4
    I: 4019b8
    I: 4019bb
    I: 4019bf (flow 4019f0)
      Successors: 4019f0, 4019c5
  BB: 401fa9 in func 401150 with 20 insts
    I: 401fa9 (imm 40502c)
    I: 401fb0
    I: 401fb2 (imm 405030)
    I: 401fb9
    I: 401fbb
    I: 401fbd
    I: 401fc3
    I: 401fc6
    I: 401fcc
    I: 401fcf
    I: 401fd2
    I: 401fd5
    I: 401fd8
    I: 401fdb
    I: 401fde
    I: 401fe0
    I: 401fe2
    I: 401fe4
    I: 401fe6
    I: 401fe8 (flow 401ff3)
      Successors: 401ff3, 401fee
  BB: 401dad in func 401150 with 7 insts
    I: 401dad
    I: 401db1
    I: 401db3
    I: 401db5
    I: 401db8
    I: 401dba
    I: 401dbc (flow 401acd)
      Successors: 401acd
  BB: 4013ae in func 401150 with 3 insts
    I: 4013ae
    I: 4013b2
    I: 4013b5 (flow 4014b3)
      Successors: 4013bb, 4014b3
  BB: 401baf in func 401150 with 1 insts
    I: 401baf (flow 401da8)
      Successors: 401da8
  BB: 401bb4 in func 401150 with 7 insts
    I: 401bb4
    I: 401bb8
    I: 401bbc
    I: 401bbf
    I: 401bc3
    I: 401bc6
    I: 401bca (flow 401da8)
      Successors: 401bd0, 401da8
  BB: 4021b7 in func 401150 with 1 insts
    I: 4021b7 (flow 40236e)
      Successors: 40236e
  BB: 4013bb in func 401150 with 2 insts
    I: 4013bb
    I: 4013bf
      Successors: 4013c5
  BB: 4021bc in func 401150 with 4 insts
    I: 4021bc
    I: 4021be
    I: 4021c1
    I: 4021c2
      No successors
  BB: 401dc1 in func 401150 with 36 insts
    I: 401dc1 (imm 40502c)
    I: 401dc8
    I: 401dca (imm 405030)
    I: 401dd1
    I: 401dd3
    I: 401dd5
    I: 401dd8
    I: 401dda
    I: 401ddc
    I: 401ddf
    I: 401de2
    I: 401de5
    I: 401de9
    I: 401dec
    I: 401df0
    I: 401df3
    I: 401df6
    I: 401df9
    I: 401dfd
    I: 401dff
    I: 401e02
    I: 401e04
    I: 401e06
    I: 401e09
    I: 401e0c
    I: 401e10
    I: 401e13
    I: 401e16
    I: 401e19
    I: 401e1c
    I: 401e1f
    I: 401e22
    I: 401e25
    I: 401e27
    I: 401e29
    I: 401e2b (flow 401e36)
      Successors: 401e31, 401e36
  BB: 4021c3 in func 401150 with 66 insts
    I: 4021c3
    I: 4021c6
    I: 4021ca
    I: 4021cd
    I: 4021d0
    I: 4021d4
    I: 4021db
    I: 4021de
    I: 4021e1
    I: 4021e5
    I: 4021e8
    I: 4021eb
    I: 4021ef
    I: 4021f2
    I: 4021f5
    I: 4021f9
    I: 4021fc
    I: 4021ff
    I: 402203
    I: 402206
    I: 402209
    I: 40220d
    I: 402210
    I: 402213
    I: 402217
    I: 40221a
    I: 40221d
    I: 402221
    I: 402224
    I: 402227
    I: 40222b
    I: 40222e
    I: 402231
    I: 402235
    I: 402238
    I: 40223b
    I: 40223f
    I: 402242
    I: 402245
    I: 402249
    I: 40224c
    I: 40224f
    I: 402253
    I: 402256
    I: 402259
    I: 40225d
    I: 402264
    I: 402267
    I: 40226a
    I: 40226e
    I: 402275
    I: 402278
    I: 40227e
    I: 402284
    I: 40228a
    I: 40228c
    I: 402291 (flow 405048)
    I: 402296
    I: 40229d
    I: 4022a4
    I: 4022ab
    I: 4022b1
    I: 4022b7 (imm 40300a)
    I: 4022c1
    I: 4022c3 (flow 405050)
    I: 4022c8 (flow 4011d8)
      Successors: 4011d8
  BB: 4013c5 in func 401150 with 3 insts
    I: 4013c5
    I: 4013c9
    I: 4013cc (flow 40140e)
      Successors: 4013d2, 40140e
  BB: 4019c5 in func 401150 with 12 insts
    I: 4019c5
    I: 4019c9
    I: 4019cd
    I: 4019d1
    I: 4019d4
    I: 4019d8
    I: 4019db
    I: 4019de
    I: 4019e0
    I: 4019e6
    I: 4019e8
    I: 4019ee
      Successors: 4019f0
  BB: 401bd0 in func 401150 with 7 insts
    I: 401bd0
    I: 401bd4
    I: 401bd8
    I: 401bdb
    I: 401bdf
    I: 401be2
    I: 401be6 (flow 401da8)
      Successors: 401da8, 401bec
  BB: 4013d2 in func 401150 with 15 insts
    I: 4013d2
    I: 4013d6
    I: 4013da
    I: 4013de
    I: 4013e1
    I: 4013e5
    I: 4013e8
    I: 4013eb
    I: 4013f2
    I: 4013f6
    I: 4013f8
    I: 4013fe
    I: 401401
    I: 401407
    I: 401409 (flow 4013c5)
      Successors: 4013c5
  BB: 4011d3 in func 401150 with 1 insts
    I: 4011d3 (flow 4021c3)
      Successors: 4021c3
  BB: 4011d8 in func 401150 with 121 insts
    I: 4011d8
    I: 4011db
    I: 4011df
    I: 4011e2
    I: 4011e5
    I: 4011e9
    I: 4011ed
    I: 4011f0
    I: 4011f3
    I: 4011f7
    I: 4011fe
    I: 401201
    I: 401204
    I: 401208
    I: 40120c
    I: 40120f
    I: 401212
    I: 401216
    I: 40121a
    I: 40121d
    I: 401220
    I: 401224
    I: 401228
    I: 40122b
    I: 40122e
    I: 401232
    I: 401236
    I: 401239
    I: 40123c
    I: 401240
    I: 401244
    I: 401247
    I: 40124a
    I: 40124e
    I: 401252
    I: 401255
    I: 401258
    I: 40125c
    I: 401260
    I: 401263
    I: 401266
    I: 40126a
    I: 40126e
    I: 401271
    I: 401274
    I: 401278
    I: 40127c
    I: 40127f
    I: 401282
    I: 401286
    I: 40128a
    I: 40128d
    I: 401290
    I: 401294
    I: 401298
    I: 40129b
    I: 40129e
    I: 4012a2
    I: 4012a6
    I: 4012a9
    I: 4012ac
    I: 4012b0
    I: 4012b4
    I: 4012b7
    I: 4012ba
    I: 4012be
    I: 4012c2
    I: 4012c5
    I: 4012c8
    I: 4012cf
    I: 4012d3
    I: 4012d6
    I: 4012dc
    I: 4012e2
    I: 4012e8
    I: 4012ea
    I: 4012ef (flow 405048)
    I: 4012f4
    I: 4012f8
    I: 4012fc
    I: 401300
    I: 401306
    I: 40130c (imm 40300a)
    I: 401316
    I: 401318 (flow 405050)
    I: 40131d (imm 40502c)
    I: 401324
    I: 401326 (imm 405030)
    I: 40132d
    I: 40132f
    I: 401331
    I: 401334
    I: 401336
    I: 401338
    I: 40133b
    I: 40133e
    I: 401341
    I: 401345
    I: 401348
    I: 40134c
    I: 40134f
    I: 401352
    I: 401355
    I: 401359
    I: 40135b
    I: 40135e
    I: 401360
    I: 401362
    I: 401365
    I: 401368
    I: 40136c
    I: 40136f
    I: 401372
    I: 401375
    I: 401378
    I: 40137b
    I: 40137e
    I: 401381
    I: 401383
    I: 401385
    I: 401387 (flow 401392)
      Successors: 401392, 40138d
  BB: 4015d8 in func 401150 with 1 insts
    I: 4015d8 (flow 4022e9)
      Successors: 4022e9
  BB: 4015dd in func 401150 with 3 insts
    I: 4015dd
    I: 4015e3
    I: 4015e5 (flow 4015f0)
      Successors: 4015f0, 4015eb
  BB: 4015eb in func 401150 with 1 insts
    I: 4015eb (flow 40177d)
      Successors: 40177d
  BB: 401bec in func 401150 with 36 insts
    I: 401bec (imm 40502c)
    I: 401bf3
    I: 401bf5 (imm 405030)
    I: 401bfc
    I: 401bfe
    I: 401c00
    I: 401c03
    I: 401c05
    I: 401c07
    I: 401c0a
    I: 401c0d
    I: 401c10
    I: 401c14
    I: 401c17
    I: 401c1b
    I: 401c1e
    I: 401c21
    I: 401c24
    I: 401c28
    I: 401c2a
    I: 401c2d
    I: 401c2f
    I: 401c31
    I: 401c34
    I: 401c37
    I: 401c3b
    I: 401c3e
    I: 401c41
    I: 401c44
    I: 401c47
    I: 401c4a
    I: 401c4d
    I: 401c50
    I: 401c52
    I: 401c54
    I: 401c56 (flow 401c61)
      Successors: 401c61, 401c5c
  BB: 401fee in func 401150 with 1 insts
    I: 401fee (flow 402352)
      Successors: 402352
  BB: 4015f0 in func 401150 with 104 insts
    I: 4015f0
    I: 4015f4
    I: 4015f8
    I: 4015ff (imm 403004)
    I: 401609
    I: 40160b (flow 405050)
    I: 401610
    I: 401617
    I: 40161b
    I: 40161f
    I: 401623
    I: 401626
    I: 401628
    I: 40162b
    I: 40162f
    I: 401632
    I: 401635
    I: 401639
    I: 40163c
    I: 40163f
    I: 401642
    I: 401645
    I: 401649
    I: 40164c
    I: 40164f
    I: 401653
    I: 401656
    I: 401658
    I: 40165e
    I: 401661
    I: 401667
    I: 40166a
    I: 40166e
    I: 401671
    I: 401674
    I: 401678
    I: 40167f
    I: 401682
    I: 401689
    I: 40168d
    I: 40168f
    I: 401692
    I: 401696
    I: 401699
    I: 40169c
    I: 4016a0
    I: 4016a3
    I: 4016a6
    I: 4016aa
    I: 4016ad
    I: 4016b0
    I: 4016b3
    I: 4016b7
    I: 4016ba
    I: 4016bd
    I: 4016c0
    I: 4016c4
    I: 4016c7
    I: 4016c9
    I: 4016cf
    I: 4016d2
    I: 4016d8
    I: 4016db
    I: 4016df
    I: 4016e2
    I: 4016e5
    I: 4016e7
    I: 4016ed
    I: 4016f0
    I: 4016f6
    I: 4016f9
    I: 4016fd
    I: 4016ff
    I: 401701
    I: 401707
    I: 40170a
    I: 401710
    I: 401713
    I: 401717
    I: 40171a
    I: 40171d
    I: 401720
    I: 401726
    I: 401728
    I: 40172e
    I: 401731
    I: 401733
    I: 401739
    I: 40173c
    I: 401742
    I: 401745
    I: 401749
    I: 40174c
    I: 40174f
    I: 401755
    I: 401758
    I: 40175e
    I: 401761
    I: 401765
    I: 401767
    I: 40176d
    I: 401770
    I: 401776
    I: 401778 (flow 4014bd)
      Successors: 4014bd
  BB: 4019f0 in func 401150 with 1 insts
    I: 4019f0 (flow 4019f5)
      Successors: 4019f5
  BB: 401ff3 in func 401150 with 42 insts
    I: 401ff3
    I: 401ff7
    I: 401ff9
    I: 401fff
    I: 402002
    I: 402008
    I: 40200a (imm 40502c)
    I: 402011
    I: 402013 (imm 405030)
    I: 40201a
    I: 40201c
    I: 40201e
    I: 402024
    I: 402027
    I: 40202d
    I: 402030
    I: 402033
    I: 402036
    I: 40203a
    I: 40203d
    I: 402041
    I: 402044
    I: 402047
    I: 40204a
    I: 40204e
    I: 402050
    I: 402053
    I: 402055
    I: 402057
    I: 40205a
    I: 40205d
    I: 402061
    I: 402064
    I: 402067
    I: 40206a
    I: 40206d
    I: 402070
    I: 402073
    I: 402076
    I: 402078
    I: 40207a
    I: 40207c (flow 402087)
      Successors: 402082, 402087
  BB: 4019f5 in func 401150 with 1 insts
    I: 4019f5 (flow 4019fa)
      Successors: 4019fa
  BB: 4017f7 in func 401150 with 1 insts
    I: 4017f7 (flow 4022ee)
      Successors: 4022ee
  BB: 4019fa in func 401150 with 11 insts
    I: 4019fa
    I: 4019fe
    I: 401a00
    I: 401a02
    I: 401a04
    I: 401a06
    I: 401a09
    I: 401a0b
    I: 401a0d
    I: 401a0f
    I: 401a11 (flow 401787)
      Successors: 401787
  BB: 4017fc in func 401150 with 42 insts
    I: 4017fc
    I: 401800
    I: 401804
    I: 401806
    I: 401808
    I: 40180b
    I: 401811 (imm 40502c)
    I: 401818
    I: 40181a (imm 405030)
    I: 401821
    I: 401823
    I: 401825
    I: 401828
    I: 40182a
    I: 40182c
    I: 40182f
    I: 401832
    I: 401835
    I: 401839
    I: 40183c
    I: 401840
    I: 401843
    I: 401846
    I: 401849
    I: 40184d
    I: 40184f
    I: 401852
    I: 401854
    I: 401856
    I: 401859
    I: 40185c
    I: 401860
    I: 401863
    I: 401866
    I: 401869
    I: 40186c
    I: 40186f
    I: 401872
    I: 401875
    I: 401877
    I: 401879
    I: 40187b (flow 401886)
      Successors: 401881, 401886
Recovering .term_proc at 402374
  Analysing subroutine .term_proc at 402374
    Block head at 00402381 is not code.
  Subroutine .term_proc at 402374 has 1 blocks
  BB: 402374 in func 402374 with 4 insts
    I: 402374
    I: 402378
    I: 40237c
    I: 402380
      No successors
Global Variable None
WARNING: Global constructor and destructor sections are adjacent!
Recovering region LOAD [400000, 400520) in segment LOAD
  8-byte reference at 400018 to 401060 (start)
  8-byte reference at 4000f8 to 401000 (.init_proc)
  8-byte reference at 400130 to 403000 ()
  8-byte reference at 400168 to 404de8 ()
  8-byte reference at 400280 to 403014 ()
  8-byte reference at 4002f0 to 404de8 ()
Recovering region .init [401000, 40101b) in segment .init
Recovering region LOAD [40101b, 401020) in segment LOAD
Recovering region .plt [401020, 401060) in segment .plt
  4-byte reference at 40102c to 401f0f ()
Recovering region .text [401060, 402373) in segment .text
Recovering region LOAD [402373, 402374) in segment LOAD
Recovering region .fini [402374, 402381) in segment .fini
Recovering region .rodata [403000, 403011) in segment .rodata
  Variable aDDD at 403004
  Variable format at 40300d
Recovering region LOAD [403011, 403014) in segment LOAD
Recovering region .eh_frame_hdr [403014, 403040) in segment .eh_frame_hdr
Recovering region .eh_frame [403040, 4030d0) in segment .eh_frame
Recovering region LOAD [4030d0, 403110) in segment LOAD
Recovering region .init_array [404de8, 404df8) in segment .init_array
  8-byte reference at 404de8 to 401140 ()
  8-byte reference at 404df0 to 401110 ()
Recovering region LOAD [404df8, 404fd8) in segment LOAD
Recovering region .got [404fd8, 404fe8) in segment .got
  8-byte reference at 404fd8 to 405038 (__libc_start_main)
  8-byte reference at 404fe0 to 405058 (__gmon_start__)
Recovering region .got.plt [404fe8, 405018) in segment .got.plt
  8-byte reference at 405000 to 405040 (printf)
  8-byte reference at 405008 to 405048 (memset)
  8-byte reference at 405010 to 405050 (__isoc99_scanf)
Recovering region .data [405018, 405028) in segment .data
Recovering region .bss [405028, 405038) in segment .bss
Recovering extern function printf at 401030
Recovering extern function memset at 401040
Recovering extern function __isoc99_scanf at 401050
Recovering extern function __libc_start_main at 405038
Recovering extern function printf at 405040
Recovering extern function memset at 405048
Recovering extern function __isoc99_scanf at 405050
Recovering extern function __gmon_start__ at 405058
Recovered 8 functions.
Saving to: /home/ubuntu/capstone_project/result/pipeline_20260629_141746/s478751282_bcf_instsub.cfg
Done analysis!
