Debugging is enabled.
Loading Standard Definitions file: /home/ubuntu/capstone_project/dependency/mcsema/mcsema/lib/python3/site-packages/mcsema_disass-3.1.3.8-py3.8.egg/mcsema_disass/defs/linux.txt
Using Batch mode.
Starting analysis
Recovering module s478751282_fla_bcf.elf
Found main at 401150
Looking for instructions in segment .init
  Default block heads for function 401000 with loose bounds [401000, 40101b)
    block [401000, 401014)
    block [401014, 401016)
    block [401016, 40101b)
    chunk [401000, 40101b)
Looking for instructions in segment .plt
  Default block heads for function 401020 with loose bounds [401020, 40102c)
    block [401020, 40102c)
    chunk [401020, 40102c)
  Default block heads for function 401030 with loose bounds [401030, 401036)
    block [401030, 401036)
    chunk [401030, 401036)
  Default block heads for function 401040 with loose bounds [401040, 401046)
    block [401040, 401046)
    chunk [401040, 401046)
  Default block heads for function 401050 with loose bounds [401050, 401056)
    block [401050, 401056)
    chunk [401050, 401056)
Looking for instructions in segment .text
  Default block heads for function 401060 with loose bounds [401060, 401086)
    block [401060, 401086)
    chunk [401060, 401086)
  Default block heads for function 4010a0 with loose bounds [4010a0, 4010c1)
    block [4010a0, 4010ad)
    block [4010ad, 4010b7)
    block [4010b7, 4010be)
    block [4010c0, 4010c1)
    chunk [4010a0, 4010c1)
  Default block heads for function 401110 with loose bounds [401110, 401131)
    block [401110, 40111d)
    block [40111d, 40112f)
    block [401130, 401131)
    chunk [401110, 401131)
  Default block heads for function 401140 with loose bounds [401140, 401146)
    block [401140, 401146)
    chunk [401140, 401146)
    chunk [4010d0, 401101)
  Default block heads for function 401150 with loose bounds [401150, 402751)
    block [401150, 4011b6)
    block [4011b6, 4011cd)
    block [4011cd, 4011d2)
    block [4011d2, 4011e3)
    block [4011e3, 4011e8)
    block [4011e8, 4011f9)
    block [4011f9, 4011fe)
    block [4011fe, 40120f)
    block [40120f, 401214)
    block [401214, 401225)
    block [401225, 40122a)
    block [40122a, 40123b)
    block [40123b, 401240)
    block [401240, 401251)
    block [401251, 401256)
    block [401256, 401267)
    block [401267, 40126c)
    block [40126c, 40127d)
    block [40127d, 401282)
    block [401282, 401293)
    block [401293, 401298)
    block [401298, 4012a9)
    block [4012a9, 4012ae)
    block [4012ae, 4012bf)
    block [4012bf, 4012c4)
    block [4012c4, 4012d5)
    block [4012d5, 4012da)
    block [4012da, 4012eb)
    block [4012eb, 4012f0)
    block [4012f0, 401301)
    block [401301, 401306)
    block [401306, 401317)
    block [401317, 40131c)
    block [40131c, 40132d)
    block [40132d, 401332)
    block [401332, 401343)
    block [401343, 401348)
    block [401348, 401359)
    block [401359, 40135e)
    block [40135e, 40136f)
    block [40136f, 401374)
    block [401374, 401385)
    block [401385, 40138a)
    block [40138a, 40139b)
    block [40139b, 4013a0)
    block [4013a0, 4013b1)
    block [4013b1, 4013b6)
    block [4013b6, 4013c7)
    block [4013c7, 4013cc)
    block [4013cc, 4013dd)
    block [4013dd, 4013e2)
    block [4013e2, 4013f3)
    block [4013f3, 4013f8)
    block [4013f8, 401409)
    block [401409, 40140e)
    block [40140e, 40141f)
    block [40141f, 401424)
    block [401424, 401435)
    block [401435, 40143a)
    block [40143a, 40144b)
    block [40144b, 401450)
    block [401450, 401461)
    block [401461, 401466)
    block [401466, 401477)
    block [401477, 40147c)
    block [40147c, 40148d)
    block [40148d, 401492)
    block [401492, 4014a3)
    block [4014a3, 4014a8)
    block [4014a8, 4014b9)
    block [4014b9, 4014be)
    block [4014be, 4014cf)
    block [4014cf, 4014d4)
    block [4014d4, 4014e5)
    block [4014e5, 4014ea)
    block [4014ea, 4014fb)
    block [4014fb, 401500)
    block [401500, 401511)
    block [401511, 401516)
    block [401516, 401527)
    block [401527, 40152c)
    block [40152c, 40153d)
    block [40153d, 401542)
    block [401542, 401553)
    block [401553, 401558)
    block [401558, 401569)
    block [401569, 40156e)
    block [40156e, 40157f)
    block [40157f, 401584)
    block [401584, 401595)
    block [401595, 40159a)
    block [40159a, 4015ab)
    block [4015ab, 4015b0)
    block [4015b0, 4015c1)
    block [4015c1, 4015c6)
    block [4015c6, 4015d7)
    block [4015d7, 4015dc)
    block [4015dc, 4015ed)
    block [4015ed, 4015f2)
    block [4015f2, 401603)
    block [401603, 401608)
    block [401608, 401619)
    block [401619, 40161e)
    block [40161e, 40162f)
    block [40162f, 401634)
    block [401634, 401645)
    block [401645, 40164a)
    block [40164a, 40165b)
    block [40165b, 401660)
    block [401660, 401671)
    block [401671, 401676)
    block [401676, 401687)
    block [401687, 40168c)
    block [40168c, 40169d)
    block [40169d, 4016a2)
    block [4016a2, 4016b3)
    block [4016b3, 4016b8)
    block [4016b8, 4016c9)
    block [4016c9, 4016ce)
    block [4016ce, 4016df)
    block [4016df, 4016e4)
    block [4016e4, 4016f5)
    block [4016f5, 4016fa)
    block [4016fa, 40170b)
    block [40170b, 401710)
    block [401710, 401721)
    block [401721, 401726)
    block [401726, 401737)
    block [401737, 40173c)
    block [40173c, 40174d)
    block [40174d, 401752)
    block [401752, 401763)
    block [401763, 401768)
    block [401768, 401779)
    block [401779, 40177e)
    block [40177e, 40178f)
    block [40178f, 401794)
    block [401794, 4017a5)
    block [4017a5, 4017aa)
    block [4017aa, 4017bb)
    block [4017bb, 4017c0)
    block [4017c0, 4017d1)
    block [4017d1, 4017d6)
    block [4017d6, 4017e7)
    block [4017e7, 4017ec)
    block [4017ec, 4017fd)
    block [4017fd, 401802)
    block [401802, 401813)
    block [401813, 401818)
    block [401818, 401829)
    block [401829, 40182e)
    block [40182e, 40183f)
    block [40183f, 401844)
    block [401844, 401855)
    block [401855, 40185a)
    block [40185a, 40186b)
    block [40186b, 401870)
    block [401870, 401881)
    block [401881, 401886)
    block [401886, 401897)
    block [401897, 40189c)
    block [40189c, 4018ad)
    block [4018ad, 4018b2)
    block [4018b2, 4018b7)
    block [4018b7, 4018d3)
    block [4018d3, 4018e9)
    block [4018e9, 401905)
    block [401905, 40191b)
    block [40191b, 401937)
    block [401937, 401963)
    block [401963, 40197b)
    block [40197b, 4019c1)
    block [4019c1, 401a07)
    block [401a07, 401a16)
    block [401a16, 401a5c)
    block [401a5c, 401aab)
    block [401aab, 401aba)
    block [401aba, 401ad0)
    block [401ad0, 401af3)
    block [401af3, 401beb)
    block [401beb, 401c03)
    block [401c03, 401c19)
    block [401c19, 401c5f)
    block [401c5f, 401cb3)
    block [401cb3, 401cd1)
    block [401cd1, 401cff)
    block [401cff, 401d1b)
    block [401d1b, 401d45)
    block [401d45, 401d73)
    block [401d73, 401db9)
    block [401db9, 401e1c)
    block [401e1c, 401e2b)
    block [401e2b, 401e3a)
    block [401e3a, 401e49)
    block [401e49, 401e61)
    block [401e61, 401ea7)
    block [401ea7, 401eed)
    block [401eed, 401efc)
    block [401efc, 401f1b)
    block [401f1b, 401f3b)
    block [401f3b, 401f59)
    block [401f59, 401f9f)
    block [401f9f, 402012)
    block [402012, 402030)
    block [402030, 402076)
    block [402076, 4020da)
    block [4020da, 4020f8)
    block [4020f8, 402126)
    block [402126, 402142)
    block [402142, 4021dd)
    block [4021dd, 402223)
    block [402223, 402269)
    block [402269, 402278)
    block [402278, 402290)
    block [402290, 4022d6)
    block [4022d6, 40232b)
    block [40232b, 402349)
    block [402349, 402367)
    block [402367, 402382)
    block [402382, 402398)
    block [402398, 4023b6)
    block [4023b6, 4023fc)
    block [4023fc, 402462)
    block [402462, 402480)
    block [402480, 4024c6)
    block [4024c6, 402524)
    block [402524, 402533)
    block [402533, 402542)
    block [402542, 402588)
    block [402588, 4025d7)
    block [4025d7, 4025e6)
    block [4025e6, 40264b)
    block [40264b, 402656)
    block [402656, 402665)
    block [402665, 40267d)
    block [40267d, 40268c)
    block [40268c, 4026b8)
    block [4026b8, 4026c7)
    block [4026c7, 4026d6)
    block [4026d6, 4026e5)
    block [4026e5, 4026f4)
    block [4026f4, 402703)
    block [402703, 402712)
    block [402712, 402739)
    block [402739, 40274c)
    block [40274c, 402751)
    chunk [401150, 402751)
Looking for instructions in segment .fini
  Default block heads for function 402754 with loose bounds [402754, 402761)
    block [402754, 402761)
    chunk [402754, 402761)
Looking for strings in segment .rodata [403000, 403011)
  Found string b'%d %d %d' of length 9 at 403004, jumping to 40300d
  Found string b'%d\n' of length 4 at 40300d, jumping to 403011
Looking for strings in segment .eh_frame_hdr [403014, 403040)
Looking for strings in segment .eh_frame [403040, 4030d0)
Looking for strings in segment .init_array [404de8, 404df0)
Looking for strings in segment .fini_array [404df0, 404df8)
Looking for strings in segment .got [404fd8, 404fe8)
Looking for strings in segment .got.plt [404fe8, 405018)
Looking for strings in segment .data [405018, 405028)
Looking for strings in segment .bss [405028, 405038)
Looking for strings in segment extern [405038, 405060)
Looking for cross-references in segment .init [401000, 40101b)
Looking for cross-references in segment .plt [401020, 401060)
  Stopping scan at 40102c
Looking for cross-references in segment .text [401060, 402751)
  Stopping scan at 40108c
  Stopping scan at 40109c
  Stopping scan at ffffffffffffffff
  Stopping scan at 4010cc
  Stopping scan at 40110c
  Stopping scan at ffffffffffffffff
  Stopping scan at 40113c
  Stopping scan at 40114c
Looking for cross-references in segment .fini [402754, 402761)
Looking for cross-references in segment .rodata [403000, 403011)
  Found string at 403004, jumping to 40300d
  Found string at 40300d, jumping to 403011
  Stopping scan at 40300d
Looking for cross-references in segment .eh_frame_hdr [403014, 403040)
  Stopping scan at 40303c
Looking for cross-references in segment .eh_frame [403040, 4030d0)
  Stopping scan at 4030cc
Looking for cross-references in segment .init_array [404de8, 404df0)
  Adding qword reference from 404de8 to 401140
  Stopping scan at 404de8
Looking for cross-references in segment .fini_array [404df0, 404df8)
  Adding qword reference from 404df0 to 401110
  Stopping scan at 404df0
Looking for cross-references in segment .got [404fd8, 404fe8)
  Adding qword reference from 404fd8 to 405038
  Adding qword reference from 404fe0 to 405058
  Stopping scan at 404fe0
Looking for cross-references in segment .got.plt [404fe8, 405018)
  Adding qword reference from 405000 to 405040
  Adding qword reference from 405008 to 405048
  Adding qword reference from 405010 to 405050
  Stopping scan at 405010
Looking for cross-references in segment .data [405018, 405028)
  Stopping scan at 405024
Looking for cross-references in segment .bss [405028, 405038)
  Stopping scan at 405034
Looking for cross-references in segment extern [405038, 405060)
  Stopping scan at 40505c
Looking for thunks
  Found thunk for printf targeting 405040 at 401030
  Found thunk for memset targeting 405048 at 401040
  Found thunk for __isoc99_scanf targeting 405050 at 401050
Looking for external symbols
  Function at 401030 is the external function printf
  Function at 401040 is the external function memset
  Function at 401050 is the external function __isoc99_scanf
  Function at 405038 is the external function __libc_start_main
  Function at 405040 is the external function printf
  Function at 405048 is the external function memset
  Function at 405050 is the external function __isoc99_scanf
  Function at 405058 is the external function __gmon_start__
Looking for entrypoints
Recovering .init_proc at 401000
  Analysing subroutine .init_proc at 401000
    Block head at 0040101b is not code.
  Subroutine .init_proc at 401000 has 3 blocks
  BB: 401000 in func 401000 with 5 insts
    Referenced by data
    I: 401000
    I: 401004
    I: 401008 (mem 404fe0)
    I: 40100f
    I: 401012 (flow 401016)
      Successors: 401014, 401016
  BB: 401014 in func 401000 with 1 insts
    I: 401014
      Successors: 401016
  BB: 401016 in func 401000 with 2 insts
    I: 401016
    I: 40101a
      No successors
Recovering 401020
  Analysing subroutine sub_401020 at 401020
  WARNING: No table entries for indirect jump at 401026; Adding next_ea 40102c as successor.
  Subroutine sub_401020 at 401020 has 2 blocks
  WARNING: No table entries for indirect jump at 401026; Adding next_ea 40102c as successor.
  BB: 401020 in func 401020 with 2 insts
    I: 401020 (mem 404ff0)
    I: 401026 (mem 404ff8)
      Successors: 40102c
  BB: 40102c in func 401020 with 1 insts
    I: 40102c
      No successors
Recovering start at 401060
  Analysing subroutine start at 401060
  Subroutine start at 401060 has 3 blocks
  BB: 401060 in func 401060 with 13 insts
    Referenced by data
    I: 401060
    I: 401064
    I: 401066
    I: 401069
    I: 40106a
    I: 40106d
    I: 401071
    I: 401072
    I: 401073
    I: 401076
    I: 401078 (imm 401150)
    I: 40107f (mem 404fd8)
    I: 401085
      No successors
  BB: 401095 in func 401060 with 2 insts
    I: 401095
    I: 40109f
      No successors
  BB: 401086 in func 401060 with 3 insts
    I: 401086
    I: 401090
    I: 401094
      No successors
Recovering 4010a0
  Analysing subroutine sub_4010A0 at 4010a0
  WARNING: No table entries for indirect jump at 4010bc; Adding next_ea 4010be as successor.
  WARNING: No table entries for indirect jump at 4010fe; Adding next_ea 401100 as successor.
  Subroutine sub_4010A0 at 4010a0 has 11 blocks
  BB: 4010a0 in func 4010a0 with 3 insts
    I: 4010a0 (imm 405028)
    I: 4010a5 (imm 405028)
    I: 4010ab (flow 4010c0)
      Successors: 4010c0, 4010ad
  BB: 4010c0 in func 4010a0 with 1 insts
    I: 4010c0
      No successors
  BB: 4010c1 in func 4010a0 with 2 insts
    I: 4010c1
    I: 4010c5
      Successors: 4010d0
  BB: 401100 in func 4010a0 with 1 insts
    I: 401100
      No successors
  BB: 401101 in func 4010a0 with 2 insts
    I: 401101
    I: 401105
      No successors
  BB: 4010ad in func 4010a0 with 3 insts
    I: 4010ad
    I: 4010b2
    I: 4010b5 (flow 4010c0)
      Successors: 4010c0, 4010b7
  BB: 4010ef in func 4010a0 with 3 insts
    I: 4010ef
    I: 4010f4
    I: 4010f7 (flow 401100)
      Successors: 401100, 4010f9
  BB: 4010d0 in func 4010a0 with 8 insts
    I: 4010d0 (imm 405028)
    I: 4010d5 (imm 405028)
    I: 4010dc
    I: 4010df
    I: 4010e3
    I: 4010e7
    I: 4010ea
    I: 4010ed (flow 401100)
      Successors: 401100, 4010ef
  WARNING: No table entries for indirect jump at 4010bc; Adding next_ea 4010be as successor.
  BB: 4010b7 in func 4010a0 with 2 insts
    I: 4010b7 (imm 405028)
    I: 4010bc
      Successors: 4010be
  WARNING: No table entries for indirect jump at 4010fe; Adding next_ea 401100 as successor.
  BB: 4010f9 in func 4010a0 with 2 insts
    I: 4010f9 (imm 405028)
    I: 4010fe
      Successors: 401100
  BB: 4010be in func 4010a0 with 1 insts
    I: 4010be
      Successors: 4010c0
Recovering 401110
  Analysing subroutine sub_401110 at 401110
  Subroutine sub_401110 at 401110 has 5 blocks
  BB: 40112f in func 401110 with 1 insts
    I: 40112f
      Successors: 401130
  BB: 401110 in func 401110 with 3 insts
    Referenced by data
    I: 401110
    I: 401114 (mem 405028)
    I: 40111b (flow 401130)
      Successors: 401130, 40111d
  BB: 401131 in func 401110 with 2 insts
    I: 401131
    I: 401135
      No successors
  BB: 401130 in func 401110 with 1 insts
    I: 401130
      No successors
  BB: 40111d in func 401110 with 6 insts
    I: 40111d
    I: 40111e
    I: 401121 (flow 4010a0)
    I: 401126 (mem 405028)
    I: 40112d
    I: 40112e
      No successors
Recovering 401140
  Analysing subroutine sub_401140 at 401140
  WARNING: No table entries for indirect jump at 4010fe; Adding next_ea 401100 as successor.
  Subroutine sub_401140 at 401140 has 6 blocks
  BB: 401140 in func 401140 with 2 insts
    Referenced by data
    I: 401140
    I: 401144 (flow 4010d0)
      Successors: 4010d0
  BB: 401100 in func 401140 with 1 insts
    I: 401100
      No successors
  BB: 401146 in func 401140 with 1 insts
    I: 401146
      No successors
  BB: 4010ef in func 401140 with 3 insts
    I: 4010ef
    I: 4010f4
    I: 4010f7 (flow 401100)
      Successors: 401100, 4010f9
  BB: 4010d0 in func 401140 with 8 insts
    I: 4010d0 (imm 405028)
    I: 4010d5 (imm 405028)
    I: 4010dc
    I: 4010df
    I: 4010e3
    I: 4010e7
    I: 4010ea
    I: 4010ed (flow 401100)
      Successors: 401100, 4010ef
  WARNING: No table entries for indirect jump at 4010fe; Adding next_ea 401100 as successor.
  BB: 4010f9 in func 401140 with 2 insts
    I: 4010f9 (imm 405028)
    I: 4010fe
      Successors: 401100
Recovering main at 401150
  Analysing subroutine main at 401150
    Block head at 00402751 is not code.
  Subroutine main at 401150 has 246 blocks
  BB: 401802 in func 401150 with 3 insts
    I: 401802
    I: 401808
    I: 40180d (flow 401db9)
      Successors: 401db9, 401813
  BB: 401c03 in func 401150 with 3 insts
    I: 401c03
    I: 401c0a
    I: 401c14 (flow 40274c)
      Successors: 40274c
  BB: 401603 in func 401150 with 1 insts
    I: 401603 (flow 401608)
      Successors: 401608
  BB: 401a07 in func 401150 with 2 insts
    I: 401a07
    I: 401a11 (flow 40274c)
      Successors: 40274c
  BB: 401608 in func 401150 with 3 insts
    I: 401608
    I: 40160e
    I: 401613 (flow 4018e9)
      Successors: 401619, 4018e9
  BB: 401409 in func 401150 with 1 insts
    I: 401409 (flow 40140e)
      Successors: 40140e
  BB: 40140e in func 401150 with 3 insts
    I: 40140e
    I: 401414
    I: 401419 (flow 401905)
      Successors: 401905, 40141f
  BB: 40120f in func 401150 with 1 insts
    I: 40120f (flow 401214)
      Successors: 401214
  BB: 402012 in func 401150 with 7 insts
    I: 402012
    I: 402015
    I: 40201a
    I: 40201f
    I: 402022
    I: 402025
    I: 40202b (flow 40274c)
      Successors: 40274c
  BB: 401813 in func 401150 with 1 insts
    I: 401813 (flow 401818)
      Successors: 401818
  BB: 401214 in func 401150 with 3 insts
    I: 401214
    I: 40121a
    I: 40121f (flow 4021dd)
      Successors: 4021dd, 401225
  BB: 401a16 in func 401150 with 19 insts
    I: 401a16 (imm 40502c)
    I: 401a1d
    I: 401a1f (imm 405030)
    I: 401a26
    I: 401a28
    I: 401a2a
    I: 401a2d
    I: 401a30
    I: 401a33
    I: 401a36
    I: 401a39
    I: 401a3c
    I: 401a3f
    I: 401a41
    I: 401a46
    I: 401a4b
    I: 401a4e
    I: 401a51
    I: 401a57 (flow 40274c)
      Successors: 40274c
  BB: 401818 in func 401150 with 3 insts
    I: 401818
    I: 40181e
    I: 401823 (flow 40268c)
      Successors: 401829, 40268c
  BB: 401619 in func 401150 with 1 insts
    I: 401619 (flow 40161e)
      Successors: 40161e
  BB: 401c19 in func 401150 with 19 insts
    I: 401c19 (imm 40502c)
    I: 401c20
    I: 401c22 (imm 405030)
    I: 401c29
    I: 401c2b
    I: 401c2d
    I: 401c30
    I: 401c33
    I: 401c36
    I: 401c39
    I: 401c3c
    I: 401c3f
    I: 401c42
    I: 401c44
    I: 401c49
    I: 401c4e
    I: 401c51
    I: 401c54
    I: 401c5a (flow 40274c)
      Successors: 40274c
  BB: 401e1c in func 401150 with 2 insts
    I: 401e1c
    I: 401e26 (flow 40274c)
      Successors: 40274c
  BB: 40161e in func 401150 with 3 insts
    I: 40161e
    I: 401624
    I: 401629 (flow 401e1c)
      Successors: 401e1c, 40162f
  BB: 40141f in func 401150 with 1 insts
    I: 40141f (flow 401424)
      Successors: 401424
  BB: 402223 in func 401150 with 19 insts
    I: 402223 (imm 40502c)
    I: 40222a
    I: 40222c (imm 405030)
    I: 402233
    I: 402235
    I: 402237
    I: 40223a
    I: 40223d
    I: 402240
    I: 402243
    I: 402246
    I: 402249
    I: 40224c
    I: 40224e
    I: 402253
    I: 402258
    I: 40225b
    I: 40225e
    I: 402264 (flow 40274c)
      Successors: 40274c
  BB: 401424 in func 401150 with 3 insts
    I: 401424
    I: 40142a
    I: 40142f (flow 401937)
      Successors: 401435, 401937
  BB: 401225 in func 401150 with 1 insts
    I: 401225 (flow 40122a)
      Successors: 40122a
  BB: 401829 in func 401150 with 1 insts
    I: 401829 (flow 40182e)
      Successors: 40182e
  BB: 40122a in func 401150 with 3 insts
    I: 40122a
    I: 401230
    I: 401235 (flow 4026d6)
      Successors: 40123b, 4026d6
  BB: 401e2b in func 401150 with 2 insts
    I: 401e2b
    I: 401e35 (flow 40274c)
      Successors: 40274c
  BB: 40182e in func 401150 with 3 insts
    I: 40182e
    I: 401834
    I: 401839 (flow 4020da)
      Successors: 4020da, 40183f
  BB: 40162f in func 401150 with 1 insts
    I: 40162f (flow 401634)
      Successors: 401634
  BB: 402030 in func 401150 with 19 insts
    I: 402030 (imm 40502c)
    I: 402037
    I: 402039 (imm 405030)
    I: 402040
    I: 402042
    I: 402044
    I: 402047
    I: 40204a
    I: 40204d
    I: 402050
    I: 402053
    I: 402056
    I: 402059
    I: 40205b
    I: 402060
    I: 402065
    I: 402068
    I: 40206b
    I: 402071 (flow 40274c)
      Successors: 40274c
  BB: 401634 in func 401150 with 3 insts
    I: 401634
    I: 40163a
    I: 40163f (flow 401963)
      Successors: 401963, 401645
  BB: 401435 in func 401150 with 1 insts
    I: 401435 (flow 40143a)
      Successors: 40143a
  BB: 40143a in func 401150 with 3 insts
    I: 40143a
    I: 401440
    I: 401445 (flow 401e61)
      Successors: 401e61, 40144b
  BB: 40123b in func 401150 with 1 insts
    I: 40123b (flow 401240)
      Successors: 401240
  BB: 401e3a in func 401150 with 2 insts
    I: 401e3a
    I: 401e44 (flow 40274c)
      Successors: 40274c
  BB: 40183f in func 401150 with 1 insts
    I: 40183f (flow 401844)
      Successors: 401844
  BB: 401240 in func 401150 with 3 insts
    I: 401240
    I: 401246
    I: 40124b (flow 401f9f)
      Successors: 401251, 401f9f
  BB: 401844 in func 401150 with 3 insts
    I: 401844
    I: 40184a
    I: 40184f (flow 401ad0)
      Successors: 401ad0, 401855
  BB: 401645 in func 401150 with 1 insts
    I: 401645 (flow 40164a)
      Successors: 40164a
  BB: 401e49 in func 401150 with 5 insts
    I: 401e49
    I: 401e4c
    I: 401e4f
    I: 401e52
    I: 401e5c (flow 40274c)
      Successors: 40274c
  BB: 40164a in func 401150 with 3 insts
    I: 40164a
    I: 401650
    I: 401655 (flow 402012)
      Successors: 402012, 40165b
  BB: 40144b in func 401150 with 1 insts
    I: 40144b (flow 401450)
      Successors: 401450
  BB: 40264b in func 401150 with 4 insts
    I: 40264b
    I: 40264d
    I: 402654
    I: 402655
      No successors
  BB: 401450 in func 401150 with 3 insts
    I: 401450
    I: 401456
    I: 40145b (flow 401a5c)
      Successors: 401461, 401a5c
  BB: 401251 in func 401150 with 1 insts
    I: 401251 (flow 401256)
      Successors: 401256
  BB: 401855 in func 401150 with 1 insts
    I: 401855 (flow 40185a)
      Successors: 40185a
  BB: 401256 in func 401150 with 3 insts
    I: 401256
    I: 40125c
    I: 401261 (flow 402126)
      Successors: 402126, 401267
  BB: 402656 in func 401150 with 2 insts
    I: 402656
    I: 402660 (flow 40274c)
      Successors: 40274c
  BB: 40185a in func 401150 with 3 insts
    I: 40185a
    I: 401860
    I: 401865 (flow 402703)
      Successors: 402703, 40186b
  BB: 40165b in func 401150 with 1 insts
    I: 40165b (flow 401660)
      Successors: 401660
  BB: 401a5c in func 401150 with 22 insts
    I: 401a5c
    I: 401a5f
    I: 401a62
    I: 401a65 (imm 40502c)
    I: 401a6c
    I: 401a6e (imm 405030)
    I: 401a75
    I: 401a77
    I: 401a79
    I: 401a7c
    I: 401a7f
    I: 401a82
    I: 401a85
    I: 401a88
    I: 401a8b
    I: 401a8e
    I: 401a90
    I: 401a95
    I: 401a9a
    I: 401a9d
    I: 401aa0
    I: 401aa6 (flow 40274c)
      Successors: 40274c
  BB: 401c5f in func 401150 with 24 insts
    I: 401c5f
    I: 401c62
    I: 401c65
    I: 401c68
    I: 401c6a
    I: 401c6d (imm 40502c)
    I: 401c74
    I: 401c76 (imm 405030)
    I: 401c7d
    I: 401c7f
    I: 401c81
    I: 401c84
    I: 401c87
    I: 401c8a
    I: 401c8d
    I: 401c90
    I: 401c93
    I: 401c96
    I: 401c98
    I: 401c9d
    I: 401ca2
    I: 401ca5
    I: 401ca8
    I: 401cae (flow 40274c)
      Successors: 40274c
  BB: 401660 in func 401150 with 3 insts
    I: 401660
    I: 401666
    I: 40166b (flow 401c03)
      Successors: 401671, 401c03
  BB: 401461 in func 401150 with 1 insts
    I: 401461 (flow 401466)
      Successors: 401466
  BB: 401e61 in func 401150 with 19 insts
    I: 401e61 (imm 40502c)
    I: 401e68
    I: 401e6a (imm 405030)
    I: 401e71
    I: 401e73
    I: 401e75
    I: 401e78
    I: 401e7b
    I: 401e7e
    I: 401e81
    I: 401e84
    I: 401e87
    I: 401e8a
    I: 401e8c
    I: 401e91
    I: 401e96
    I: 401e99
    I: 401e9c
    I: 401ea2 (flow 40274c)
      Successors: 40274c
  BB: 402462 in func 401150 with 7 insts
    I: 402462
    I: 402465
    I: 40246a
    I: 40246f
    I: 402472
    I: 402475
    I: 40247b (flow 40274c)
      Successors: 40274c
  BB: 402665 in func 401150 with 5 insts
    I: 402665
    I: 402668
    I: 40266b
    I: 40266e
    I: 402678 (flow 40274c)
      Successors: 40274c
  BB: 401466 in func 401150 with 3 insts
    I: 401466
    I: 40146c
    I: 401471 (flow 4026c7)
      Successors: 4026c7, 401477
  BB: 401267 in func 401150 with 1 insts
    I: 401267 (flow 40126c)
      Successors: 40126c
  BB: 402269 in func 401150 with 2 insts
    I: 402269
    I: 402273 (flow 40274c)
      Successors: 40274c
  BB: 40186b in func 401150 with 1 insts
    I: 40186b (flow 401870)
      Successors: 401870
  BB: 40126c in func 401150 with 3 insts
    I: 40126c
    I: 401272
    I: 401277 (flow 401e2b)
      Successors: 401e2b, 40127d
  BB: 401870 in func 401150 with 3 insts
    I: 401870
    I: 401876
    I: 40187b (flow 401f3b)
      Successors: 401881, 401f3b
  BB: 401671 in func 401150 with 1 insts
    I: 401671 (flow 401676)
      Successors: 401676
  BB: 401676 in func 401150 with 3 insts
    I: 401676
    I: 40167c
    I: 401681 (flow 402739)
      Successors: 402739, 401687
  BB: 401477 in func 401150 with 1 insts
    I: 401477 (flow 40147c)
      Successors: 40147c
  BB: 402278 in func 401150 with 5 insts
    I: 402278
    I: 40227b
    I: 40227e
    I: 402281
    I: 40228b (flow 40274c)
      Successors: 40274c
  BB: 402076 in func 401150 with 27 insts
    I: 402076
    I: 40207a
    I: 402081
    I: 402085
    I: 402088
    I: 40208c
    I: 40208f
    I: 402091
    I: 402094 (imm 40502c)
    I: 40209b
    I: 40209d (imm 405030)
    I: 4020a4
    I: 4020a6
    I: 4020a8
    I: 4020ab
    I: 4020ae
    I: 4020b1
    I: 4020b4
    I: 4020b7
    I: 4020ba
    I: 4020bd
    I: 4020bf
    I: 4020c4
    I: 4020c9
    I: 4020cc
    I: 4020cf
    I: 4020d5 (flow 40274c)
      Successors: 40274c
  BB: 40147c in func 401150 with 3 insts
    I: 40147c
    I: 401482
    I: 401487 (flow 402462)
      Successors: 402462, 40148d
  BB: 40267d in func 401150 with 2 insts
    I: 40267d
    I: 402687 (flow 40274c)
      Successors: 40274c
  BB: 40127d in func 401150 with 1 insts
    I: 40127d (flow 401282)
      Successors: 401282
  BB: 402480 in func 401150 with 19 insts
    I: 402480 (imm 40502c)
    I: 402487
    I: 402489 (imm 405030)
    I: 402490
    I: 402492
    I: 402494
    I: 402497
    I: 40249a
    I: 40249d
    I: 4024a0
    I: 4024a3
    I: 4024a6
    I: 4024a9
    I: 4024ab
    I: 4024b0
    I: 4024b5
    I: 4024b8
    I: 4024bb
    I: 4024c1 (flow 40274c)
      Successors: 40274c
  BB: 401881 in func 401150 with 1 insts
    I: 401881 (flow 401886)
      Successors: 401886
  BB: 401282 in func 401150 with 3 insts
    I: 401282
    I: 401288
    I: 40128d (flow 401c5f)
      Successors: 401293, 401c5f
  BB: 401886 in func 401150 with 3 insts
    I: 401886
    I: 40188c
    I: 401891 (flow 401c19)
      Successors: 401c19, 401897
  BB: 401687 in func 401150 with 1 insts
    I: 401687 (flow 40168c)
      Successors: 40168c
  BB: 40168c in func 401150 with 3 insts
    I: 40168c
    I: 401692
    I: 401697 (flow 401beb)
      Successors: 401beb, 40169d
  BB: 40148d in func 401150 with 1 insts
    I: 40148d (flow 401492)
      Successors: 401492
  BB: 40268c in func 401150 with 10 insts
    I: 40268c
    I: 402690
    I: 402697
    I: 40269b
    I: 40269e
    I: 4026a1
    I: 4026a4
    I: 4026a6
    I: 4026a9
    I: 4026b3 (flow 40274c)
      Successors: 40274c
  BB: 402290 in func 401150 with 19 insts
    I: 402290 (imm 40502c)
    I: 402297
    I: 402299 (imm 405030)
    I: 4022a0
    I: 4022a2
    I: 4022a4
    I: 4022a7
    I: 4022aa
    I: 4022ad
    I: 4022b0
    I: 4022b3
    I: 4022b6
    I: 4022b9
    I: 4022bb
    I: 4022c0
    I: 4022c5
    I: 4022c8
    I: 4022cb
    I: 4022d1 (flow 40274c)
      Successors: 40274c
  BB: 401492 in func 401150 with 3 insts
    I: 401492
    I: 401498
    I: 40149d (flow 4025e6)
      Successors: 4014a3, 4025e6
  BB: 401293 in func 401150 with 1 insts
    I: 401293 (flow 401298)
      Successors: 401298
  BB: 401897 in func 401150 with 1 insts
    I: 401897 (flow 40189c)
      Successors: 40189c
  BB: 401298 in func 401150 with 3 insts
    I: 401298
    I: 40129e
    I: 4012a3 (flow 401f1b)
      Successors: 4012a9, 401f1b
  BB: 40189c in func 401150 with 3 insts
    I: 40189c
    I: 4018a2
    I: 4018a7 (flow 402269)
      Successors: 402269, 4018ad
  BB: 40169d in func 401150 with 1 insts
    I: 40169d (flow 4016a2)
      Successors: 4016a2
  BB: 4016a2 in func 401150 with 3 insts
    I: 4016a2
    I: 4016a8
    I: 4016ad (flow 401af3)
      Successors: 4016b3, 401af3
  BB: 4014a3 in func 401150 with 1 insts
    I: 4014a3 (flow 4014a8)
      Successors: 4014a8
  BB: 401ea7 in func 401150 with 19 insts
    I: 401ea7 (imm 40502c)
    I: 401eae
    I: 401eb0 (imm 405030)
    I: 401eb7
    I: 401eb9
    I: 401ebb
    I: 401ebe
    I: 401ec1
    I: 401ec4
    I: 401ec7
    I: 401eca
    I: 401ecd
    I: 401ed0
    I: 401ed2
    I: 401ed7
    I: 401edc
    I: 401edf
    I: 401ee2
    I: 401ee8 (flow 40274c)
      Successors: 40274c
  BB: 4014a8 in func 401150 with 3 insts
    I: 4014a8
    I: 4014ae
    I: 4014b3 (flow 4025d7)
      Successors: 4014b9, 4025d7
  BB: 4012a9 in func 401150 with 1 insts
    I: 4012a9 (flow 4012ae)
      Successors: 4012ae
  BB: 401aab in func 401150 with 2 insts
    I: 401aab
    I: 401ab5 (flow 40274c)
      Successors: 40274c
  BB: 4018ad in func 401150 with 1 insts
    I: 4018ad (flow 4018b2)
      Successors: 4018b2
  BB: 4012ae in func 401150 with 3 insts
    I: 4012ae
    I: 4012b4
    I: 4012b9 (flow 402367)
      Successors: 402367, 4012bf
  BB: 4018b2 in func 401150 with 1 insts
    I: 4018b2 (flow 40274c)
      Successors: 40274c
  BB: 4016b3 in func 401150 with 1 insts
    I: 4016b3 (flow 4016b8)
      Successors: 4016b8
  BB: 401cb3 in func 401150 with 7 insts
    I: 401cb3
    I: 401cb6
    I: 401cbb
    I: 401cc0
    I: 401cc3
    I: 401cc6
    I: 401ccc (flow 40274c)
      Successors: 40274c
  BB: 4018b7 in func 401150 with 6 insts
    I: 4018b7
    I: 4018bc
    I: 4018c1
    I: 4018c5
    I: 4018c8
    I: 4018ce (flow 40274c)
      Successors: 40274c
  BB: 4016b8 in func 401150 with 3 insts
    I: 4016b8
    I: 4016be
    I: 4016c3 (flow 402223)
      Successors: 4016c9, 402223
  BB: 4014b9 in func 401150 with 1 insts
    I: 4014b9 (flow 4014be)
      Successors: 4014be
  BB: 401aba in func 401150 with 3 insts
    I: 401aba
    I: 401ac1
    I: 401acb (flow 40274c)
      Successors: 40274c
  BB: 4026b8 in func 401150 with 2 insts
    I: 4026b8
    I: 4026c2 (flow 40274c)
      Successors: 40274c
  BB: 4014be in func 401150 with 3 insts
    I: 4014be
    I: 4014c4
    I: 4014c9 (flow 40267d)
      Successors: 40267d, 4014cf
  BB: 4012bf in func 401150 with 1 insts
    I: 4012bf (flow 4012c4)
      Successors: 4012c4
  BB: 4012c4 in func 401150 with 3 insts
    I: 4012c4
    I: 4012ca
    I: 4012cf (flow 402142)
      Successors: 402142, 4012d5
  BB: 4024c6 in func 401150 with 25 insts
    I: 4024c6
    I: 4024ca
    I: 4024d1
    I: 4024d5
    I: 4024d8
    I: 4024db
    I: 4024de (imm 40502c)
    I: 4024e5
    I: 4024e7 (imm 405030)
    I: 4024ee
    I: 4024f0
    I: 4024f2
    I: 4024f5
    I: 4024f8
    I: 4024fb
    I: 4024fe
    I: 402501
    I: 402504
    I: 402507
    I: 402509
    I: 40250e
    I: 402513
    I: 402516
    I: 402519
    I: 40251f (flow 40274c)
      Successors: 40274c
  BB: 4026c7 in func 401150 with 2 insts
    I: 4026c7
    I: 4026d1 (flow 40274c)
      Successors: 40274c
  BB: 4016c9 in func 401150 with 1 insts
    I: 4016c9 (flow 4016ce)
      Successors: 4016ce
  BB: 4016ce in func 401150 with 3 insts
    I: 4016ce
    I: 4016d4
    I: 4016d9 (flow 402656)
      Successors: 402656, 4016df
  BB: 4014cf in func 401150 with 1 insts
    I: 4014cf (flow 4014d4)
      Successors: 4014d4
  BB: 401ad0 in func 401150 with 9 insts
    I: 401ad0
    I: 401ad3
    I: 401ad6
    I: 401ad9
    I: 401ade
    I: 401ae3
    I: 401ae5
    I: 401ae8
    I: 401aee (flow 40274c)
      Successors: 40274c
  BB: 401cd1 in func 401150 with 10 insts
    I: 401cd1
    I: 401cd5
    I: 401cdc
    I: 401ce0
    I: 401ce3
    I: 401ce8
    I: 401ced
    I: 401cf1
    I: 401cf4
    I: 401cfa (flow 40274c)
      Successors: 40274c
  BB: 4018d3 in func 401150 with 3 insts
    I: 4018d3
    I: 4018da
    I: 4018e4 (flow 40274c)
      Successors: 40274c
  BB: 4014d4 in func 401150 with 3 insts
    I: 4014d4
    I: 4014da
    I: 4014df (flow 4019c1)
      Successors: 4019c1, 4014e5
  BB: 4012d5 in func 401150 with 1 insts
    I: 4012d5 (flow 4012da)
      Successors: 4012da
  BB: 4022d6 in func 401150 with 23 insts
    I: 4022d6
    I: 4022dd
    I: 4022e0
    I: 4022e2
    I: 4022e5 (imm 40502c)
    I: 4022ec
    I: 4022ee (imm 405030)
    I: 4022f5
    I: 4022f7
    I: 4022f9
    I: 4022fc
    I: 4022ff
    I: 402302
    I: 402305
    I: 402308
    I: 40230b
    I: 40230e
    I: 402310
    I: 402315
    I: 40231a
    I: 40231d
    I: 402320
    I: 402326 (flow 40274c)
      Successors: 40274c
  BB: 4026d6 in func 401150 with 2 insts
    I: 4026d6
    I: 4026e0 (flow 40274c)
      Successors: 40274c
  BB: 4012da in func 401150 with 3 insts
    I: 4012da
    I: 4012e0
    I: 4012e5 (flow 402076)
      Successors: 4012eb, 402076
  BB: 4020da in func 401150 with 7 insts
    I: 4020da
    I: 4020dd
    I: 4020e2
    I: 4020e7
    I: 4020ea
    I: 4020ed
    I: 4020f3 (flow 40274c)
      Successors: 40274c
  BB: 4016df in func 401150 with 1 insts
    I: 4016df (flow 4016e4)
      Successors: 4016e4
  BB: 4016e4 in func 401150 with 3 insts
    I: 4016e4
    I: 4016ea
    I: 4016ef (flow 401cff)
      Successors: 4016f5, 401cff
  BB: 4014e5 in func 401150 with 1 insts
    I: 4014e5 (flow 4014ea)
      Successors: 4014ea
  BB: 4026e5 in func 401150 with 2 insts
    I: 4026e5
    I: 4026ef (flow 40274c)
      Successors: 40274c
  BB: 4018e9 in func 401150 with 6 insts
    I: 4018e9
    I: 4018ee
    I: 4018f3
    I: 4018f7
    I: 4018fa
    I: 401900 (flow 40274c)
      Successors: 40274c
  BB: 4014ea in func 401150 with 3 insts
    I: 4014ea
    I: 4014f0
    I: 4014f5 (flow 401ea7)
      Successors: 4014fb, 401ea7
  BB: 4012eb in func 401150 with 1 insts
    I: 4012eb (flow 4012f0)
      Successors: 4012f0
  BB: 401eed in func 401150 with 2 insts
    I: 401eed
    I: 401ef7 (flow 40274c)
      Successors: 40274c
  BB: 4012f0 in func 401150 with 3 insts
    I: 4012f0
    I: 4012f6
    I: 4012fb (flow 402030)
      Successors: 402030, 401301
  BB: 401af3 in func 401150 with 66 insts
    I: 401af3 (imm 403004)
    I: 401afd
    I: 401b01
    I: 401b05
    I: 401b09
    I: 401b0b (flow 405050)
    I: 401b10
    I: 401b13
    I: 401b16
    I: 401b19
    I: 401b1c
    I: 401b23
    I: 401b27
    I: 401b2a
    I: 401b2d
    I: 401b30
    I: 401b33
    I: 401b36
    I: 401b39
    I: 401b3c
    I: 401b3f
    I: 401b42
    I: 401b49
    I: 401b4d
    I: 401b50
    I: 401b53
    I: 401b56
    I: 401b59
    I: 401b5c
    I: 401b5f
    I: 401b66
    I: 401b6a
    I: 401b6d
    I: 401b70
    I: 401b73
    I: 401b76
    I: 401b79
    I: 401b7c
    I: 401b7f
    I: 401b82
    I: 401b89
    I: 401b8d
    I: 401b90
    I: 401b93
    I: 401b96
    I: 401b99
    I: 401b9c
    I: 401b9f
    I: 401ba2
    I: 401ba5
    I: 401ba8
    I: 401baf
    I: 401bb3
    I: 401bb6
    I: 401bb9
    I: 401bbc
    I: 401bbf
    I: 401bc2
    I: 401bc5
    I: 401bcc
    I: 401bd0
    I: 401bd3
    I: 401bd6
    I: 401bd9
    I: 401bdc
    I: 401be6 (flow 40274c)
      Successors: 40274c
  BB: 4026f4 in func 401150 with 2 insts
    I: 4026f4
    I: 4026fe (flow 40274c)
      Successors: 40274c
  BB: 4016f5 in func 401150 with 1 insts
    I: 4016f5 (flow 4016fa)
      Successors: 4016fa
  BB: 4020f8 in func 401150 with 10 insts
    I: 4020f8
    I: 4020fc
    I: 402103
    I: 402107
    I: 40210a
    I: 40210f
    I: 402114
    I: 402118
    I: 40211b
    I: 402121 (flow 40274c)
      Successors: 40274c
  BB: 4016fa in func 401150 with 3 insts
    I: 4016fa
    I: 401700
    I: 401705 (flow 402349)
      Successors: 402349, 40170b
  BB: 4014fb in func 401150 with 1 insts
    I: 4014fb (flow 401500)
      Successors: 401500
  BB: 401efc in func 401150 with 6 insts
    I: 401efc
    I: 401f01
    I: 401f06
    I: 401f0d
    I: 401f10
    I: 401f16 (flow 40274c)
      Successors: 40274c
  BB: 401cff in func 401150 with 6 insts
    I: 401cff
    I: 401d04
    I: 401d09
    I: 401d0d
    I: 401d10
    I: 401d16 (flow 40274c)
      Successors: 40274c
  BB: 401500 in func 401150 with 3 insts
    I: 401500
    I: 401506
    I: 40150b (flow 402290)
      Successors: 402290, 401511
  BB: 401301 in func 401150 with 1 insts
    I: 401301 (flow 401306)
      Successors: 401306
  BB: 402703 in func 401150 with 2 insts
    I: 402703
    I: 40270d (flow 40274c)
      Successors: 40274c
  BB: 401905 in func 401150 with 3 insts
    I: 401905
    I: 40190c
    I: 401916 (flow 40274c)
      Successors: 40274c
  BB: 401306 in func 401150 with 3 insts
    I: 401306
    I: 40130c
    I: 401311 (flow 40197b)
      Successors: 40197b, 401317
  BB: 40170b in func 401150 with 1 insts
    I: 40170b (flow 401710)
      Successors: 401710
  BB: 401710 in func 401150 with 3 insts
    I: 401710
    I: 401716
    I: 40171b (flow 401cb3)
      Successors: 401721, 401cb3
  BB: 401511 in func 401150 with 1 insts
    I: 401511 (flow 401516)
      Successors: 401516
  BB: 402712 in func 401150 with 8 insts
    I: 402712
    I: 402716
    I: 40271d
    I: 402721
    I: 402724
    I: 402727
    I: 40272a
    I: 402734 (flow 40274c)
      Successors: 40274c
  BB: 401516 in func 401150 with 3 insts
    I: 401516
    I: 40151c
    I: 401521 (flow 402665)
      Successors: 402665, 401527
  BB: 401317 in func 401150 with 1 insts
    I: 401317 (flow 40131c)
      Successors: 40131c
  BB: 40191b in func 401150 with 6 insts
    I: 40191b
    I: 401920
    I: 401925
    I: 401929
    I: 40192c
    I: 401932 (flow 40274c)
      Successors: 40274c
  BB: 40131c in func 401150 with 3 insts
    I: 40131c
    I: 401322
    I: 401327 (flow 401f59)
      Successors: 401f59, 40132d
  BB: 401d1b in func 401150 with 9 insts
    I: 401d1b
    I: 401d1f
    I: 401d26
    I: 401d2a
    I: 401d2d
    I: 401d30
    I: 401d33
    I: 401d36
    I: 401d40 (flow 40274c)
      Successors: 40274c
  BB: 401f1b in func 401150 with 4 insts
    I: 401f1b
    I: 401f25
    I: 401f2c
    I: 401f36 (flow 40274c)
      Successors: 40274c
  BB: 401721 in func 401150 with 1 insts
    I: 401721 (flow 401726)
      Successors: 401726
  BB: 402524 in func 401150 with 2 insts
    I: 402524
    I: 40252e (flow 40274c)
      Successors: 40274c
  BB: 401726 in func 401150 with 3 insts
    I: 401726
    I: 40172c
    I: 401731 (flow 4023b6)
      Successors: 4023b6, 401737
  BB: 401527 in func 401150 with 1 insts
    I: 401527 (flow 40152c)
      Successors: 40152c
  BB: 402126 in func 401150 with 6 insts
    I: 402126
    I: 40212b
    I: 402130
    I: 402134
    I: 402137
    I: 40213d (flow 40274c)
      Successors: 40274c
  BB: 40232b in func 401150 with 7 insts
    I: 40232b
    I: 40232e
    I: 402333
    I: 402338
    I: 40233b
    I: 40233e
    I: 402344 (flow 40274c)
      Successors: 40274c
  BB: 40152c in func 401150 with 3 insts
    I: 40152c
    I: 401532
    I: 401537 (flow 40232b)
      Successors: 40232b, 40153d
  BB: 40132d in func 401150 with 1 insts
    I: 40132d (flow 401332)
      Successors: 401332
  BB: 401332 in func 401150 with 3 insts
    I: 401332
    I: 401338
    I: 40133d (flow 402278)
      Successors: 402278, 401343
  BB: 402533 in func 401150 with 2 insts
    I: 402533
    I: 40253d (flow 40274c)
      Successors: 40274c
  BB: 401737 in func 401150 with 1 insts
    I: 401737 (flow 40173c)
      Successors: 40173c
  BB: 401937 in func 401150 with 8 insts
    I: 401937
    I: 40193b
    I: 401942
    I: 401946
    I: 401949
    I: 40194d
    I: 401954
    I: 40195e (flow 40274c)
      Successors: 40274c
  BB: 402739 in func 401150 with 4 insts
    I: 402739
    I: 40273c
    I: 40273f
    I: 402742
      Successors: 40274c
  BB: 401f3b in func 401150 with 7 insts
    I: 401f3b
    I: 401f3e
    I: 401f43
    I: 401f48
    I: 401f4b
    I: 401f4e
    I: 401f54 (flow 40274c)
      Successors: 40274c
  BB: 40173c in func 401150 with 3 insts
    I: 40173c
    I: 401742
    I: 401747 (flow 401eed)
      Successors: 401eed, 40174d
  BB: 40153d in func 401150 with 1 insts
    I: 40153d (flow 401542)
      Successors: 401542
  BB: 401542 in func 401150 with 3 insts
    I: 401542
    I: 401548
    I: 40154d (flow 401e3a)
      Successors: 401e3a, 401553
  BB: 401343 in func 401150 with 1 insts
    I: 401343 (flow 401348)
      Successors: 401348
  BB: 402142 in func 401150 with 31 insts
    I: 402142
    I: 402149
    I: 402151
    I: 402158
    I: 40215c
    I: 40215f
    I: 402163
    I: 402166
    I: 40216d
    I: 402175
    I: 40217c
    I: 402180
    I: 402183
    I: 402186
    I: 40218a
    I: 402191
    I: 402195
    I: 402198
    I: 40219b
    I: 40219e
    I: 4021a4
    I: 4021a7
    I: 4021a9
    I: 4021b0
    I: 4021b6
    I: 4021b9
    I: 4021bf
    I: 4021c5
    I: 4021c8
    I: 4021ce
    I: 4021d8 (flow 40274c)
      Successors: 40274c
  BB: 401d45 in func 401150 with 10 insts
    I: 401d45
    I: 401d49
    I: 401d50
    I: 401d54
    I: 401d57
    I: 401d5c
    I: 401d61
    I: 401d65
    I: 401d68
    I: 401d6e (flow 40274c)
      Successors: 40274c
  BB: 402542 in func 401150 with 19 insts
    I: 402542 (imm 40502c)
    I: 402549
    I: 40254b (imm 405030)
    I: 402552
    I: 402554
    I: 402556
    I: 402559
    I: 40255c
    I: 40255f
    I: 402562
    I: 402565
    I: 402568
    I: 40256b
    I: 40256d
    I: 402572
    I: 402577
    I: 40257a
    I: 40257d
    I: 402583 (flow 40274c)
      Successors: 40274c
  BB: 401348 in func 401150 with 3 insts
    I: 401348
    I: 40134e
    I: 401353 (flow 401d73)
      Successors: 401359, 401d73
  BB: 402349 in func 401150 with 5 insts
    I: 402349
    I: 40234f
    I: 402352
    I: 402358
    I: 402362 (flow 40274c)
      Successors: 40274c
  BB: 40274c in func 401150 with 1 insts
    I: 40274c (flow 4011b6)
      Successors: 4011b6
  BB: 40174d in func 401150 with 1 insts
    I: 40174d (flow 401752)
      Successors: 401752
  BB: 401150 in func 401150 with 17 insts
    Referenced by data
    I: 401150
    I: 401151
    I: 401154
    I: 40115b
    I: 401162
    I: 401169
    I: 401170
    I: 401177
    I: 401179
    I: 40117e (flow 405048)
    I: 401183
    I: 40118d
    I: 401197 (imm 40300a)
    I: 4011a1
    I: 4011a5
    I: 4011a7 (flow 405050)
    I: 4011ac
      Successors: 4011b6
  BB: 401752 in func 401150 with 3 insts
    I: 401752
    I: 401758
    I: 40175d (flow 402382)
      Successors: 402382, 401763
  BB: 401553 in func 401150 with 1 insts
    I: 401553 (flow 401558)
      Successors: 401558
  BB: 401558 in func 401150 with 3 insts
    I: 401558
    I: 40155e
    I: 401563 (flow 401d1b)
      Successors: 401569, 401d1b
  BB: 401359 in func 401150 with 1 insts
    I: 401359 (flow 40135e)
      Successors: 40135e
  BB: 401f59 in func 401150 with 19 insts
    I: 401f59 (imm 40502c)
    I: 401f60
    I: 401f62 (imm 405030)
    I: 401f69
    I: 401f6b
    I: 401f6d
    I: 401f70
    I: 401f73
    I: 401f76
    I: 401f79
    I: 401f7c
    I: 401f7f
    I: 401f82
    I: 401f84
    I: 401f89
    I: 401f8e
    I: 401f91
    I: 401f94
    I: 401f9a (flow 40274c)
      Successors: 40274c
  BB: 40135e in func 401150 with 3 insts
    I: 40135e
    I: 401364
    I: 401369 (flow 4026b8)
      Successors: 4026b8, 40136f
  BB: 401763 in func 401150 with 1 insts
    I: 401763 (flow 401768)
      Successors: 401768
  BB: 401963 in func 401150 with 5 insts
    I: 401963
    I: 401966
    I: 401969
    I: 40196c
    I: 401976 (flow 40274c)
      Successors: 40274c
  BB: 402367 in func 401150 with 4 insts
    I: 402367
    I: 40236d
    I: 402373
    I: 40237d (flow 40274c)
      Successors: 40274c
  BB: 401768 in func 401150 with 3 insts
    I: 401768
    I: 40176e
    I: 401773 (flow 40264b)
      Successors: 401779, 40264b
  BB: 401569 in func 401150 with 1 insts
    I: 401569 (flow 40156e)
      Successors: 40156e
  BB: 40156e in func 401150 with 3 insts
    I: 40156e
    I: 401574
    I: 401579 (flow 402588)
      Successors: 402588, 40157f
  BB: 40136f in func 401150 with 1 insts
    I: 40136f (flow 401374)
      Successors: 401374
  BB: 401d73 in func 401150 with 19 insts
    I: 401d73 (imm 40502c)
    I: 401d7a
    I: 401d7c (imm 405030)
    I: 401d83
    I: 401d85
    I: 401d87
    I: 401d8a
    I: 401d8d
    I: 401d90
    I: 401d93
    I: 401d96
    I: 401d99
    I: 401d9c
    I: 401d9e
    I: 401da3
    I: 401da8
    I: 401dab
    I: 401dae
    I: 401db4 (flow 40274c)
      Successors: 40274c
  BB: 401374 in func 401150 with 3 insts
    I: 401374
    I: 40137a
    I: 40137f (flow 4018b7)
      Successors: 401385, 4018b7
  BB: 401779 in func 401150 with 1 insts
    I: 401779 (flow 40177e)
      Successors: 40177e
  BB: 40197b in func 401150 with 19 insts
    I: 40197b (imm 40502c)
    I: 401982
    I: 401984 (imm 405030)
    I: 40198b
    I: 40198d
    I: 40198f
    I: 401992
    I: 401995
    I: 401998
    I: 40199b
    I: 40199e
    I: 4019a1
    I: 4019a4
    I: 4019a6
    I: 4019ab
    I: 4019b0
    I: 4019b3
    I: 4019b6
    I: 4019bc (flow 40274c)
      Successors: 40274c
  BB: 40177e in func 401150 with 3 insts
    I: 40177e
    I: 401784
    I: 401789 (flow 4024c6)
      Successors: 4024c6, 40178f
  BB: 40157f in func 401150 with 1 insts
    I: 40157f (flow 401584)
      Successors: 401584
  BB: 402382 in func 401150 with 3 insts
    I: 402382
    I: 402389
    I: 402393 (flow 40274c)
      Successors: 40274c
  BB: 401584 in func 401150 with 3 insts
    I: 401584
    I: 40158a
    I: 40158f (flow 402480)
      Successors: 402480, 401595
  BB: 401385 in func 401150 with 1 insts
    I: 401385 (flow 40138a)
      Successors: 40138a
  BB: 402588 in func 401150 with 22 insts
    I: 402588
    I: 40258b
    I: 40258e
    I: 402591 (imm 40502c)
    I: 402598
    I: 40259a (imm 405030)
    I: 4025a1
    I: 4025a3
    I: 4025a5
    I: 4025a8
    I: 4025ab
    I: 4025ae
    I: 4025b1
    I: 4025b4
    I: 4025b7
    I: 4025ba
    I: 4025bc
    I: 4025c1
    I: 4025c6
    I: 4025c9
    I: 4025cc
    I: 4025d2 (flow 40274c)
      Successors: 40274c
  BB: 40138a in func 401150 with 3 insts
    I: 40138a
    I: 401390
    I: 401395 (flow 4026e5)
      Successors: 40139b, 4026e5
  BB: 40178f in func 401150 with 1 insts
    I: 40178f (flow 401794)
      Successors: 401794
  BB: 401794 in func 401150 with 3 insts
    I: 401794
    I: 40179a
    I: 40179f (flow 401efc)
      Successors: 401efc, 4017a5
  BB: 401595 in func 401150 with 1 insts
    I: 401595 (flow 40159a)
      Successors: 40159a
  BB: 402398 in func 401150 with 7 insts
    I: 402398
    I: 40239b
    I: 4023a0
    I: 4023a5
    I: 4023a8
    I: 4023ab
    I: 4023b1 (flow 40274c)
      Successors: 40274c
  BB: 40159a in func 401150 with 3 insts
    I: 40159a
    I: 4015a0
    I: 4015a5 (flow 401aba)
      Successors: 401aba, 4015ab
  BB: 40139b in func 401150 with 1 insts
    I: 40139b (flow 4013a0)
      Successors: 4013a0
  BB: 401f9f in func 401150 with 29 insts
    I: 401f9f
    I: 401fa6
    I: 401fae
    I: 401fb5
    I: 401fb9
    I: 401fbc
    I: 401fc0
    I: 401fc4
    I: 401fc7
    I: 401fc9
    I: 401fcc (imm 40502c)
    I: 401fd3
    I: 401fd5 (imm 405030)
    I: 401fdc
    I: 401fde
    I: 401fe0
    I: 401fe3
    I: 401fe6
    I: 401fe9
    I: 401fec
    I: 401fef
    I: 401ff2
    I: 401ff5
    I: 401ff7
    I: 401ffc
    I: 402001
    I: 402004
    I: 402007
    I: 40200d (flow 40274c)
      Successors: 40274c
  BB: 4013a0 in func 401150 with 3 insts
    I: 4013a0
    I: 4013a6
    I: 4013ab (flow 402533)
      Successors: 4013b1, 402533
  BB: 4017a5 in func 401150 with 1 insts
    I: 4017a5 (flow 4017aa)
      Successors: 4017aa
  BB: 4017aa in func 401150 with 3 insts
    I: 4017aa
    I: 4017b0
    I: 4017b5 (flow 401aab)
      Successors: 4017bb, 401aab
  BB: 4015ab in func 401150 with 1 insts
    I: 4015ab (flow 4015b0)
      Successors: 4015b0
  BB: 4015b0 in func 401150 with 3 insts
    I: 4015b0
    I: 4015b6
    I: 4015bb (flow 4026f4)
      Successors: 4015c1, 4026f4
  BB: 4013b1 in func 401150 with 1 insts
    I: 4013b1 (flow 4013b6)
      Successors: 4013b6
  BB: 4011b6 in func 401150 with 4 insts
    I: 4011b6
    I: 4011bc
    I: 4011c2
    I: 4011c7 (flow 401e49)
      Successors: 401e49, 4011cd
  BB: 4013b6 in func 401150 with 3 insts
    I: 4013b6
    I: 4013bc
    I: 4013c1 (flow 401d45)
      Successors: 401d45, 4013c7
  BB: 4023b6 in func 401150 with 19 insts
    I: 4023b6 (imm 40502c)
    I: 4023bd
    I: 4023bf (imm 405030)
    I: 4023c6
    I: 4023c8
    I: 4023ca
    I: 4023cd
    I: 4023d0
    I: 4023d3
    I: 4023d6
    I: 4023d9
    I: 4023dc
    I: 4023df
    I: 4023e1
    I: 4023e6
    I: 4023eb
    I: 4023ee
    I: 4023f1
    I: 4023f7 (flow 40274c)
      Successors: 40274c
  BB: 401db9 in func 401150 with 27 insts
    I: 401db9
    I: 401dbd
    I: 401dc4
    I: 401dc8
    I: 401dcb
    I: 401dce
    I: 401dd1
    I: 401dd3
    I: 401dd6 (imm 40502c)
    I: 401ddd
    I: 401ddf (imm 405030)
    I: 401de6
    I: 401de8
    I: 401dea
    I: 401ded
    I: 401df0
    I: 401df3
    I: 401df6
    I: 401df9
    I: 401dfc
    I: 401dff
    I: 401e01
    I: 401e06
    I: 401e0b
    I: 401e0e
    I: 401e11
    I: 401e17 (flow 40274c)
      Successors: 40274c
  BB: 4017bb in func 401150 with 1 insts
    I: 4017bb (flow 4017c0)
      Successors: 4017c0
  BB: 4017c0 in func 401150 with 3 insts
    I: 4017c0
    I: 4017c6
    I: 4017cb (flow 4018d3)
      Successors: 4017d1, 4018d3
  BB: 4015c1 in func 401150 with 1 insts
    I: 4015c1 (flow 4015c6)
      Successors: 4015c6
  BB: 4019c1 in func 401150 with 19 insts
    I: 4019c1 (imm 40502c)
    I: 4019c8
    I: 4019ca (imm 405030)
    I: 4019d1
    I: 4019d3
    I: 4019d5
    I: 4019d8
    I: 4019db
    I: 4019de
    I: 4019e1
    I: 4019e4
    I: 4019e7
    I: 4019ea
    I: 4019ec
    I: 4019f1
    I: 4019f6
    I: 4019f9
    I: 4019fc
    I: 401a02 (flow 40274c)
      Successors: 40274c
  BB: 4015c6 in func 401150 with 3 insts
    I: 4015c6
    I: 4015cc
    I: 4015d1 (flow 40191b)
      Successors: 40191b, 4015d7
  BB: 4013c7 in func 401150 with 1 insts
    I: 4013c7 (flow 4013cc)
      Successors: 4013cc
  BB: 4013cc in func 401150 with 3 insts
    I: 4013cc
    I: 4013d2
    I: 4013d7 (flow 402542)
      Successors: 402542, 4013dd
  BB: 4011cd in func 401150 with 1 insts
    I: 4011cd (flow 4011d2)
      Successors: 4011d2
  BB: 4017d1 in func 401150 with 1 insts
    I: 4017d1 (flow 4017d6)
      Successors: 4017d6
  BB: 4011d2 in func 401150 with 3 insts
    I: 4011d2
    I: 4011d8
    I: 4011dd (flow 401a07)
      Successors: 4011e3, 401a07
  BB: 4017d6 in func 401150 with 3 insts
    I: 4017d6
    I: 4017dc
    I: 4017e1 (flow 402398)
      Successors: 402398, 4017e7
  BB: 4015d7 in func 401150 with 1 insts
    I: 4015d7 (flow 4015dc)
      Successors: 4015dc
  BB: 4025d7 in func 401150 with 2 insts
    I: 4025d7
    I: 4025e1 (flow 40274c)
      Successors: 40274c
  BB: 4015dc in func 401150 with 3 insts
    I: 4015dc
    I: 4015e2
    I: 4015e7 (flow 402712)
      Successors: 402712, 4015ed
  BB: 4013dd in func 401150 with 1 insts
    I: 4013dd (flow 4013e2)
      Successors: 4013e2
  BB: 4021dd in func 401150 with 19 insts
    I: 4021dd (imm 40502c)
    I: 4021e4
    I: 4021e6 (imm 405030)
    I: 4021ed
    I: 4021ef
    I: 4021f1
    I: 4021f4
    I: 4021f7
    I: 4021fa
    I: 4021fd
    I: 402200
    I: 402203
    I: 402206
    I: 402208
    I: 40220d
    I: 402212
    I: 402215
    I: 402218
    I: 40221e (flow 40274c)
      Successors: 40274c
  BB: 4013e2 in func 401150 with 3 insts
    I: 4013e2
    I: 4013e8
    I: 4013ed (flow 4020f8)
      Successors: 4020f8, 4013f3
  BB: 4011e3 in func 401150 with 1 insts
    I: 4011e3 (flow 4011e8)
      Successors: 4011e8
  BB: 4025e6 in func 401150 with 18 insts
    I: 4025e6
    I: 4025e9
    I: 4025ec
    I: 4025ee
    I: 4025f1
    I: 4025f4 (imm 40300d)
    I: 4025fe
    I: 402600 (flow 405040)
    I: 402605 (imm 40300a)
    I: 40260f
    I: 402613
    I: 402615 (flow 405050)
    I: 40261a
    I: 402621
    I: 40262b
    I: 402635
    I: 40263c
    I: 402646 (flow 40274c)
      Successors: 40274c
  BB: 4017e7 in func 401150 with 1 insts
    I: 4017e7 (flow 4017ec)
      Successors: 4017ec
  BB: 4011e8 in func 401150 with 3 insts
    I: 4011e8
    I: 4011ee
    I: 4011f3 (flow 4023fc)
      Successors: 4011f9, 4023fc
  BB: 401beb in func 401150 with 5 insts
    I: 401beb
    I: 401bee
    I: 401bf1
    I: 401bf4
    I: 401bfe (flow 40274c)
      Successors: 40274c
  BB: 4017ec in func 401150 with 3 insts
    I: 4017ec
    I: 4017f2
    I: 4017f7 (flow 401cd1)
      Successors: 401cd1, 4017fd
  BB: 4015ed in func 401150 with 1 insts
    I: 4015ed (flow 4015f2)
      Successors: 4015f2
  BB: 4015f2 in func 401150 with 3 insts
    I: 4015f2
    I: 4015f8
    I: 4015fd (flow 402524)
      Successors: 401603, 402524
  BB: 4013f3 in func 401150 with 1 insts
    I: 4013f3 (flow 4013f8)
      Successors: 4013f8
  BB: 4013f8 in func 401150 with 3 insts
    I: 4013f8
    I: 4013fe
    I: 401403 (flow 401a16)
      Successors: 401409, 401a16
  BB: 4011f9 in func 401150 with 1 insts
    I: 4011f9 (flow 4011fe)
      Successors: 4011fe
  BB: 4023fc in func 401150 with 28 insts
    I: 4023fc
    I: 402400
    I: 402407
    I: 40240b
    I: 40240e
    I: 402411
    I: 402414
    I: 402417
    I: 402419
    I: 40241c (imm 40502c)
    I: 402423
    I: 402425 (imm 405030)
    I: 40242c
    I: 40242e
    I: 402430
    I: 402433
    I: 402436
    I: 402439
    I: 40243c
    I: 40243f
    I: 402442
    I: 402445
    I: 402447
    I: 40244c
    I: 402451
    I: 402454
    I: 402457
    I: 40245d (flow 40274c)
      Successors: 40274c
  BB: 4017fd in func 401150 with 1 insts
    I: 4017fd (flow 401802)
      Successors: 401802
  BB: 4011fe in func 401150 with 3 insts
    I: 4011fe
    I: 401204
    I: 401209 (flow 4022d6)
      Successors: 4022d6, 40120f
Recovering .term_proc at 402754
  Analysing subroutine .term_proc at 402754
    Block head at 00402761 is not code.
  Subroutine .term_proc at 402754 has 1 blocks
  BB: 402754 in func 402754 with 4 insts
    I: 402754
    I: 402758
    I: 40275c
    I: 402760
      No successors
Global Variable None
WARNING: Global constructor and destructor sections are adjacent!
Recovering region LOAD [400000, 400520) in segment LOAD
  8-byte reference at 400018 to 401060 (start)
  8-byte reference at 4000f8 to 401000 (.init_proc)
  8-byte reference at 400130 to 403000 ()
  8-byte reference at 400168 to 404de8 ()
  8-byte reference at 400280 to 403014 ()
  8-byte reference at 4002f0 to 404de8 ()
Recovering region .init [401000, 40101b) in segment .init
Recovering region LOAD [40101b, 401020) in segment LOAD
Recovering region .plt [401020, 401060) in segment .plt
Recovering region .text [401060, 402751) in segment .text
Recovering region LOAD [402751, 402754) in segment LOAD
Recovering region .fini [402754, 402761) in segment .fini
Recovering region .rodata [403000, 403011) in segment .rodata
  Variable aDDD at 403004
  Variable format at 40300d
Recovering region LOAD [403011, 403014) in segment LOAD
Recovering region .eh_frame_hdr [403014, 403040) in segment .eh_frame_hdr
Recovering region .eh_frame [403040, 4030d0) in segment .eh_frame
Recovering region LOAD [4030d0, 403110) in segment LOAD
Recovering region .init_array [404de8, 404df8) in segment .init_array
  8-byte reference at 404de8 to 401140 ()
  8-byte reference at 404df0 to 401110 ()
Recovering region LOAD [404df8, 404fd8) in segment LOAD
Recovering region .got [404fd8, 404fe8) in segment .got
  8-byte reference at 404fd8 to 405038 (__libc_start_main)
  8-byte reference at 404fe0 to 405058 (__gmon_start__)
Recovering region .got.plt [404fe8, 405018) in segment .got.plt
  8-byte reference at 405000 to 405040 (printf)
  8-byte reference at 405008 to 405048 (memset)
  8-byte reference at 405010 to 405050 (__isoc99_scanf)
Recovering region .data [405018, 405028) in segment .data
Recovering region .bss [405028, 405038) in segment .bss
Recovering extern function printf at 401030
Recovering extern function memset at 401040
Recovering extern function __isoc99_scanf at 401050
Recovering extern function __libc_start_main at 405038
Recovering extern function printf at 405040
Recovering extern function memset at 405048
Recovering extern function __isoc99_scanf at 405050
Recovering extern function __gmon_start__ at 405058
Recovered 8 functions.
Saving to: /home/ubuntu/capstone_project/result/pipeline_20260629_141746/s478751282_fla_bcf.cfg
Done analysis!
