Debugging is enabled.
Loading Standard Definitions file: /home/ubuntu/capstone_project/dependency/mcsema/mcsema/lib/python3/site-packages/mcsema_disass-3.1.3.8-py3.8.egg/mcsema_disass/defs/linux.txt
Using Batch mode.
Starting analysis
Recovering module s478751282_fla_bcf_instsub.elf
Found main at 401150
Looking for instructions in segment .init
  Default block heads for function 401000 with loose bounds [401000, 40101b)
    block [401000, 401014)
    block [401014, 401016)
    block [401016, 40101b)
    chunk [401000, 40101b)
Looking for instructions in segment .plt
  Default block heads for function 401020 with loose bounds [401020, 40102c)
    block [401020, 40102c)
    chunk [401020, 40102c)
  Default block heads for function 401030 with loose bounds [401030, 401036)
    block [401030, 401036)
    chunk [401030, 401036)
  Default block heads for function 401040 with loose bounds [401040, 401046)
    block [401040, 401046)
    chunk [401040, 401046)
  Default block heads for function 401050 with loose bounds [401050, 401056)
    block [401050, 401056)
    chunk [401050, 401056)
Looking for instructions in segment .text
  Default block heads for function 401060 with loose bounds [401060, 401086)
    block [401060, 401086)
    chunk [401060, 401086)
  Default block heads for function 4010a0 with loose bounds [4010a0, 4010c1)
    block [4010a0, 4010ad)
    block [4010ad, 4010b7)
    block [4010b7, 4010be)
    block [4010c0, 4010c1)
    chunk [4010a0, 4010c1)
  Default block heads for function 401110 with loose bounds [401110, 401131)
    block [401110, 40111d)
    block [40111d, 40112f)
    block [401130, 401131)
    chunk [401110, 401131)
  Default block heads for function 401140 with loose bounds [401140, 401146)
    block [401140, 401146)
    chunk [401140, 401146)
    chunk [4010d0, 401101)
  Default block heads for function 401150 with loose bounds [401150, 402edc)
    block [401150, 4011b6)
    block [4011b6, 4011cd)
    block [4011cd, 4011d2)
    block [4011d2, 4011e3)
    block [4011e3, 4011e8)
    block [4011e8, 4011f9)
    block [4011f9, 4011fe)
    block [4011fe, 40120f)
    block [40120f, 401214)
    block [401214, 401225)
    block [401225, 40122a)
    block [40122a, 40123b)
    block [40123b, 401240)
    block [401240, 401251)
    block [401251, 401256)
    block [401256, 401267)
    block [401267, 40126c)
    block [40126c, 40127d)
    block [40127d, 401282)
    block [401282, 401293)
    block [401293, 401298)
    block [401298, 4012a9)
    block [4012a9, 4012ae)
    block [4012ae, 4012bf)
    block [4012bf, 4012c4)
    block [4012c4, 4012d5)
    block [4012d5, 4012da)
    block [4012da, 4012eb)
    block [4012eb, 4012f0)
    block [4012f0, 401301)
    block [401301, 401306)
    block [401306, 401317)
    block [401317, 40131c)
    block [40131c, 40132d)
    block [40132d, 401332)
    block [401332, 401343)
    block [401343, 401348)
    block [401348, 401359)
    block [401359, 40135e)
    block [40135e, 40136f)
    block [40136f, 401374)
    block [401374, 401385)
    block [401385, 40138a)
    block [40138a, 40139b)
    block [40139b, 4013a0)
    block [4013a0, 4013b1)
    block [4013b1, 4013b6)
    block [4013b6, 4013c7)
    block [4013c7, 4013cc)
    block [4013cc, 4013dd)
    block [4013dd, 4013e2)
    block [4013e2, 4013f3)
    block [4013f3, 4013f8)
    block [4013f8, 401409)
    block [401409, 40140e)
    block [40140e, 40141f)
    block [40141f, 401424)
    block [401424, 401435)
    block [401435, 40143a)
    block [40143a, 40144b)
    block [40144b, 401450)
    block [401450, 401461)
    block [401461, 401466)
    block [401466, 401477)
    block [401477, 40147c)
    block [40147c, 40148d)
    block [40148d, 401492)
    block [401492, 4014a3)
    block [4014a3, 4014a8)
    block [4014a8, 4014b9)
    block [4014b9, 4014be)
    block [4014be, 4014cf)
    block [4014cf, 4014d4)
    block [4014d4, 4014e5)
    block [4014e5, 4014ea)
    block [4014ea, 4014fb)
    block [4014fb, 401500)
    block [401500, 401511)
    block [401511, 401516)
    block [401516, 401527)
    block [401527, 40152c)
    block [40152c, 40153d)
    block [40153d, 401542)
    block [401542, 401553)
    block [401553, 401558)
    block [401558, 401569)
    block [401569, 40156e)
    block [40156e, 40157f)
    block [40157f, 401584)
    block [401584, 401595)
    block [401595, 40159a)
    block [40159a, 4015ab)
    block [4015ab, 4015b0)
    block [4015b0, 4015c1)
    block [4015c1, 4015c6)
    block [4015c6, 4015d7)
    block [4015d7, 4015dc)
    block [4015dc, 4015ed)
    block [4015ed, 4015f2)
    block [4015f2, 401603)
    block [401603, 401608)
    block [401608, 401619)
    block [401619, 40161e)
    block [40161e, 40162f)
    block [40162f, 401634)
    block [401634, 401645)
    block [401645, 40164a)
    block [40164a, 40165b)
    block [40165b, 401660)
    block [401660, 401671)
    block [401671, 401676)
    block [401676, 401687)
    block [401687, 40168c)
    block [40168c, 40169d)
    block [40169d, 4016a2)
    block [4016a2, 4016b3)
    block [4016b3, 4016b8)
    block [4016b8, 4016c9)
    block [4016c9, 4016ce)
    block [4016ce, 4016df)
    block [4016df, 4016e4)
    block [4016e4, 4016f5)
    block [4016f5, 4016fa)
    block [4016fa, 40170b)
    block [40170b, 401710)
    block [401710, 401721)
    block [401721, 401726)
    block [401726, 401737)
    block [401737, 40173c)
    block [40173c, 40174d)
    block [40174d, 401752)
    block [401752, 401763)
    block [401763, 401768)
    block [401768, 401779)
    block [401779, 40177e)
    block [40177e, 40178f)
    block [40178f, 401794)
    block [401794, 4017a5)
    block [4017a5, 4017aa)
    block [4017aa, 4017bb)
    block [4017bb, 4017c0)
    block [4017c0, 4017d1)
    block [4017d1, 4017d6)
    block [4017d6, 4017e7)
    block [4017e7, 4017ec)
    block [4017ec, 4017fd)
    block [4017fd, 401802)
    block [401802, 401813)
    block [401813, 401818)
    block [401818, 401829)
    block [401829, 40182e)
    block [40182e, 40183f)
    block [40183f, 401844)
    block [401844, 401855)
    block [401855, 40185a)
    block [40185a, 40186b)
    block [40186b, 401870)
    block [401870, 401881)
    block [401881, 401886)
    block [401886, 401897)
    block [401897, 40189c)
    block [40189c, 4018ad)
    block [4018ad, 4018b2)
    block [4018b2, 4018c3)
    block [4018c3, 4018c8)
    block [4018c8, 4018d9)
    block [4018d9, 4018de)
    block [4018de, 4018ef)
    block [4018ef, 4018f4)
    block [4018f4, 401905)
    block [401905, 40190a)
    block [40190a, 40191b)
    block [40191b, 401920)
    block [401920, 401931)
    block [401931, 401936)
    block [401936, 40193b)
    block [40193b, 401957)
    block [401957, 4019e1)
    block [4019e1, 401a40)
    block [401a40, 401a4f)
    block [401a4f, 401a9f)
    block [401a9f, 401b35)
    block [401b35, 401b53)
    block [401b53, 401b69)
    block [401b69, 401b85)
    block [401b85, 401bb1)
    block [401bb1, 401bd3)
    block [401bd3, 401be2)
    block [401be2, 401c6c)
    block [401c6c, 401cd7)
    block [401cd7, 401ce6)
    block [401ce6, 401d36)
    block [401d36, 401dbf)
    block [401dbf, 401dce)
    block [401dce, 401df5)
    block [401df5, 401f5b)
    block [401f5b, 401f7d)
    block [401f7d, 401f93)
    block [401f93, 402015)
    block [402015, 40207b)
    block [40207b, 402099)
    block [402099, 4020c7)
    block [4020c7, 402151)
    block [402151, 4021e7)
    block [4021e7, 402205)
    block [402205, 40223b)
    block [40223b, 402269)
    block [402269, 4022c1)
    block [4022c1, 402338)
    block [402338, 402347)
    block [402347, 402356)
    block [402356, 4023e0)
    block [4023e0, 402462)
    block [402462, 402471)
    block [402471, 402495)
    block [402495, 4024ed)
    block [4024ed, 402577)
    block [402577, 402586)
    block [402586, 4025a5)
    block [4025a5, 4025c5)
    block [4025c5, 4025e3)
    block [4025e3, 402620)
    block [402620, 40264e)
    block [40264e, 4026d0)
    block [4026d0, 402778)
    block [402778, 402796)
    block [402796, 4027ee)
    block [4027ee, 402884)
    block [402884, 4028a2)
    block [4028a2, 40295d)
    block [40295d, 40296c)
    block [40296c, 40298e)
    block [40298e, 4029ad)
    block [4029ad, 402a05)
    block [402a05, 402a76)
    block [402a76, 402a85)
    block [402a85, 402aa0)
    block [402aa0, 402ab6)
    block [402ab6, 402ad4)
    block [402ad4, 402b04)
    block [402b04, 402b86)
    block [402b86, 402bee)
    block [402bee, 402bfd)
    block [402bfd, 402c0c)
    block [402c0c, 402c8e)
    block [402c8e, 402cfb)
    block [402cfb, 402d0a)
    block [402d0a, 402d79)
    block [402d79, 402d84)
    block [402d84, 402d9a)
    block [402d9a, 402da9)
    block [402da9, 402dc5)
    block [402dc5, 402ddb)
    block [402ddb, 402dea)
    block [402dea, 402df9)
    block [402df9, 402e2f)
    block [402e2f, 402e3e)
    block [402e3e, 402e4d)
    block [402e4d, 402e5c)
    block [402e5c, 402e6b)
    block [402e6b, 402e93)
    block [402e93, 402eba)
    block [402eba, 402ed7)
    block [402ed7, 402edc)
    chunk [401150, 402edc)
Looking for instructions in segment .fini
  Default block heads for function 402edc with loose bounds [402edc, 402ee9)
    block [402edc, 402ee9)
    chunk [402edc, 402ee9)
Looking for strings in segment .rodata [403000, 403011)
  Found string b'%d %d %d' of length 9 at 403004, jumping to 40300d
  Found string b'%d\n' of length 4 at 40300d, jumping to 403011
Looking for strings in segment .eh_frame_hdr [403014, 403040)
Looking for strings in segment .eh_frame [403040, 4030d0)
Looking for strings in segment .init_array [404de8, 404df0)
Looking for strings in segment .fini_array [404df0, 404df8)
Looking for strings in segment .got [404fd8, 404fe8)
Looking for strings in segment .got.plt [404fe8, 405018)
Looking for strings in segment .data [405018, 405028)
Looking for strings in segment .bss [405028, 405038)
Looking for strings in segment extern [405038, 405060)
Looking for cross-references in segment .init [401000, 40101b)
Looking for cross-references in segment .plt [401020, 401060)
  Adding dword reference from 40102c to 401f0f
  Stopping scan at 40102c
Looking for cross-references in segment .text [401060, 402edc)
  Stopping scan at 40108c
  Stopping scan at 40109c
  Stopping scan at ffffffffffffffff
  Stopping scan at 4010cc
  Stopping scan at 40110c
  Stopping scan at ffffffffffffffff
  Stopping scan at 40113c
  Stopping scan at 40114c
Looking for cross-references in segment .fini [402edc, 402ee9)
Looking for cross-references in segment .rodata [403000, 403011)
  Found string at 403004, jumping to 40300d
  Found string at 40300d, jumping to 403011
  Stopping scan at 40300d
Looking for cross-references in segment .eh_frame_hdr [403014, 403040)
  Stopping scan at 40303c
Looking for cross-references in segment .eh_frame [403040, 4030d0)
  Stopping scan at 4030cc
Looking for cross-references in segment .init_array [404de8, 404df0)
  Adding qword reference from 404de8 to 401140
  Stopping scan at 404de8
Looking for cross-references in segment .fini_array [404df0, 404df8)
  Adding qword reference from 404df0 to 401110
  Stopping scan at 404df0
Looking for cross-references in segment .got [404fd8, 404fe8)
  Adding qword reference from 404fd8 to 405038
  Adding qword reference from 404fe0 to 405058
  Stopping scan at 404fe0
Looking for cross-references in segment .got.plt [404fe8, 405018)
  Adding qword reference from 405000 to 405040
  Adding qword reference from 405008 to 405048
  Adding qword reference from 405010 to 405050
  Stopping scan at 405010
Looking for cross-references in segment .data [405018, 405028)
  Stopping scan at 405024
Looking for cross-references in segment .bss [405028, 405038)
  Stopping scan at 405034
Looking for cross-references in segment extern [405038, 405060)
  Stopping scan at 40505c
Looking for thunks
  Found thunk for printf targeting 405040 at 401030
  Found thunk for memset targeting 405048 at 401040
  Found thunk for __isoc99_scanf targeting 405050 at 401050
Looking for external symbols
  Function at 401030 is the external function printf
  Function at 401040 is the external function memset
  Function at 401050 is the external function __isoc99_scanf
  Function at 405038 is the external function __libc_start_main
  Function at 405040 is the external function printf
  Function at 405048 is the external function memset
  Function at 405050 is the external function __isoc99_scanf
  Function at 405058 is the external function __gmon_start__
Looking for entrypoints
Recovering .init_proc at 401000
  Analysing subroutine .init_proc at 401000
    Block head at 0040101b is not code.
  Subroutine .init_proc at 401000 has 3 blocks
  BB: 401000 in func 401000 with 5 insts
    Referenced by data
    I: 401000
    I: 401004
    I: 401008 (mem 404fe0)
    I: 40100f
    I: 401012 (flow 401016)
      Successors: 401014, 401016
  BB: 401014 in func 401000 with 1 insts
    I: 401014
      Successors: 401016
  BB: 401016 in func 401000 with 2 insts
    I: 401016
    I: 40101a
      No successors
Recovering 401020
  Analysing subroutine sub_401020 at 401020
  WARNING: No table entries for indirect jump at 401026; Adding next_ea 40102c as successor.
  Subroutine sub_401020 at 401020 has 2 blocks
  WARNING: No table entries for indirect jump at 401026; Adding next_ea 40102c as successor.
  BB: 401020 in func 401020 with 2 insts
    I: 401020 (mem 404ff0)
    I: 401026 (mem 404ff8)
      Successors: 40102c
  BB: 40102c in func 401020 with 1 insts
    I: 40102c
      No successors
Recovering start at 401060
  Analysing subroutine start at 401060
  Subroutine start at 401060 has 3 blocks
  BB: 401060 in func 401060 with 13 insts
    Referenced by data
    I: 401060
    I: 401064
    I: 401066
    I: 401069
    I: 40106a
    I: 40106d
    I: 401071
    I: 401072
    I: 401073
    I: 401076
    I: 401078 (imm 401150)
    I: 40107f (mem 404fd8)
    I: 401085
      No successors
  BB: 401095 in func 401060 with 2 insts
    I: 401095
    I: 40109f
      No successors
  BB: 401086 in func 401060 with 3 insts
    I: 401086
    I: 401090
    I: 401094
      No successors
Recovering 4010a0
  Analysing subroutine sub_4010A0 at 4010a0
  WARNING: No table entries for indirect jump at 4010bc; Adding next_ea 4010be as successor.
  WARNING: No table entries for indirect jump at 4010fe; Adding next_ea 401100 as successor.
  Subroutine sub_4010A0 at 4010a0 has 11 blocks
  BB: 4010a0 in func 4010a0 with 3 insts
    I: 4010a0 (imm 405028)
    I: 4010a5 (imm 405028)
    I: 4010ab (flow 4010c0)
      Successors: 4010c0, 4010ad
  BB: 4010c0 in func 4010a0 with 1 insts
    I: 4010c0
      No successors
  BB: 4010c1 in func 4010a0 with 2 insts
    I: 4010c1
    I: 4010c5
      Successors: 4010d0
  BB: 401100 in func 4010a0 with 1 insts
    I: 401100
      No successors
  BB: 401101 in func 4010a0 with 2 insts
    I: 401101
    I: 401105
      No successors
  BB: 4010ad in func 4010a0 with 3 insts
    I: 4010ad
    I: 4010b2
    I: 4010b5 (flow 4010c0)
      Successors: 4010c0, 4010b7
  BB: 4010ef in func 4010a0 with 3 insts
    I: 4010ef
    I: 4010f4
    I: 4010f7 (flow 401100)
      Successors: 401100, 4010f9
  BB: 4010d0 in func 4010a0 with 8 insts
    I: 4010d0 (imm 405028)
    I: 4010d5 (imm 405028)
    I: 4010dc
    I: 4010df
    I: 4010e3
    I: 4010e7
    I: 4010ea
    I: 4010ed (flow 401100)
      Successors: 401100, 4010ef
  WARNING: No table entries for indirect jump at 4010bc; Adding next_ea 4010be as successor.
  BB: 4010b7 in func 4010a0 with 2 insts
    I: 4010b7 (imm 405028)
    I: 4010bc
      Successors: 4010be
  WARNING: No table entries for indirect jump at 4010fe; Adding next_ea 401100 as successor.
  BB: 4010f9 in func 4010a0 with 2 insts
    I: 4010f9 (imm 405028)
    I: 4010fe
      Successors: 401100
  BB: 4010be in func 4010a0 with 1 insts
    I: 4010be
      Successors: 4010c0
Recovering 401110
  Analysing subroutine sub_401110 at 401110
  Subroutine sub_401110 at 401110 has 5 blocks
  BB: 40112f in func 401110 with 1 insts
    I: 40112f
      Successors: 401130
  BB: 401110 in func 401110 with 3 insts
    Referenced by data
    I: 401110
    I: 401114 (mem 405028)
    I: 40111b (flow 401130)
      Successors: 401130, 40111d
  BB: 401131 in func 401110 with 2 insts
    I: 401131
    I: 401135
      No successors
  BB: 401130 in func 401110 with 1 insts
    I: 401130
      No successors
  BB: 40111d in func 401110 with 6 insts
    I: 40111d
    I: 40111e
    I: 401121 (flow 4010a0)
    I: 401126 (mem 405028)
    I: 40112d
    I: 40112e
      No successors
Recovering 401140
  Analysing subroutine sub_401140 at 401140
  WARNING: No table entries for indirect jump at 4010fe; Adding next_ea 401100 as successor.
  Subroutine sub_401140 at 401140 has 6 blocks
  BB: 401140 in func 401140 with 2 insts
    Referenced by data
    I: 401140
    I: 401144 (flow 4010d0)
      Successors: 4010d0
  BB: 401100 in func 401140 with 1 insts
    I: 401100
      No successors
  BB: 401146 in func 401140 with 1 insts
    I: 401146
      No successors
  BB: 4010ef in func 401140 with 3 insts
    I: 4010ef
    I: 4010f4
    I: 4010f7 (flow 401100)
      Successors: 401100, 4010f9
  BB: 4010d0 in func 401140 with 8 insts
    I: 4010d0 (imm 405028)
    I: 4010d5 (imm 405028)
    I: 4010dc
    I: 4010df
    I: 4010e3
    I: 4010e7
    I: 4010ea
    I: 4010ed (flow 401100)
      Successors: 401100, 4010ef
  WARNING: No table entries for indirect jump at 4010fe; Adding next_ea 401100 as successor.
  BB: 4010f9 in func 401140 with 2 insts
    I: 4010f9 (imm 405028)
    I: 4010fe
      Successors: 401100
Recovering main at 401150
  Analysing subroutine main at 401150
  Subroutine main at 401150 has 265 blocks
  BB: 401802 in func 401150 with 3 insts
    I: 401802
    I: 401808
    I: 40180d (flow 401be2)
      Successors: 401be2, 401813
  BB: 401603 in func 401150 with 1 insts
    I: 401603 (flow 401608)
      Successors: 401608
  BB: 402205 in func 401150 with 12 insts
    I: 402205
    I: 402209
    I: 402210
    I: 402214
    I: 402217
    I: 40221a
    I: 40221d
    I: 402222
    I: 402224
    I: 402229
    I: 40222c
    I: 402236 (flow 402ed7)
      Successors: 402ed7
  BB: 402a05 in func 401150 with 29 insts
    I: 402a05
    I: 402a0b
    I: 402a10
    I: 402a13
    I: 402a18
    I: 402a1e (imm 40502c)
    I: 402a25
    I: 402a27 (imm 405030)
    I: 402a2e
    I: 402a30
    I: 402a32
    I: 402a38
    I: 402a3b
    I: 402a41
    I: 402a44
    I: 402a47
    I: 402a4a
    I: 402a4d
    I: 402a50
    I: 402a53
    I: 402a55
    I: 402a57
    I: 402a59
    I: 402a5b
    I: 402a60
    I: 402a65
    I: 402a68
    I: 402a6b
    I: 402a71 (flow 402ed7)
      Successors: 402ed7
  BB: 401608 in func 401150 with 3 insts
    I: 401608
    I: 40160e
    I: 401613 (flow 40193b)
      Successors: 401619, 40193b
  BB: 401409 in func 401150 with 1 insts
    I: 401409 (flow 40140e)
      Successors: 40140e
  BB: 402c0c in func 401150 with 40 insts
    I: 402c0c (imm 40502c)
    I: 402c13
    I: 402c15 (imm 405030)
    I: 402c1c
    I: 402c1e
    I: 402c20
    I: 402c23
    I: 402c25
    I: 402c27
    I: 402c2a
    I: 402c2d
    I: 402c30
    I: 402c34
    I: 402c37
    I: 402c3b
    I: 402c3e
    I: 402c40
    I: 402c43
    I: 402c47
    I: 402c49
    I: 402c4c
    I: 402c4e
    I: 402c51
    I: 402c54
    I: 402c57
    I: 402c5b
    I: 402c5e
    I: 402c61
    I: 402c64
    I: 402c67
    I: 402c6a
    I: 402c6c
    I: 402c6f
    I: 402c71
    I: 402c73
    I: 402c78
    I: 402c7d
    I: 402c80
    I: 402c83
    I: 402c89 (flow 402ed7)
      Successors: 402ed7
  BB: 40140e in func 401150 with 3 insts
    I: 40140e
    I: 401414
    I: 401419 (flow 402269)
      Successors: 402269, 40141f
  BB: 40120f in func 401150 with 1 insts
    I: 40120f (flow 401214)
      Successors: 401214
  BB: 401813 in func 401150 with 1 insts
    I: 401813 (flow 401818)
      Successors: 401818
  BB: 401214 in func 401150 with 3 insts
    I: 401214
    I: 40121a
    I: 40121f (flow 4025a5)
      Successors: 401225, 4025a5
  BB: 402015 in func 401150 with 29 insts
    I: 402015
    I: 402018
    I: 40201b
    I: 40201e
    I: 402020
    I: 402023 (imm 40502c)
    I: 40202a
    I: 40202c (imm 405030)
    I: 402033
    I: 402035
    I: 402037
    I: 40203d
    I: 402040
    I: 402046
    I: 402049
    I: 40204c
    I: 40204f
    I: 402052
    I: 402055
    I: 402058
    I: 40205a
    I: 40205c
    I: 40205e
    I: 402060
    I: 402065
    I: 40206a
    I: 40206d
    I: 402070
    I: 402076 (flow 402ed7)
      Successors: 402ed7
  BB: 401818 in func 401150 with 3 insts
    I: 401818
    I: 40181e
    I: 401823 (flow 4028a2)
      Successors: 401829, 4028a2
  BB: 401619 in func 401150 with 1 insts
    I: 401619 (flow 40161e)
      Successors: 40161e
  BB: 40161e in func 401150 with 3 insts
    I: 40161e
    I: 401624
    I: 401629 (flow 402356)
      Successors: 402356, 40162f
  BB: 40141f in func 401150 with 1 insts
    I: 40141f (flow 401424)
      Successors: 401424
  BB: 402620 in func 401150 with 10 insts
    I: 402620
    I: 402624
    I: 40262b
    I: 40262f
    I: 402632
    I: 402637
    I: 40263c
    I: 402640
    I: 402643
    I: 402649 (flow 402ed7)
      Successors: 402ed7
  BB: 401424 in func 401150 with 3 insts
    I: 401424
    I: 40142a
    I: 40142f (flow 402c0c)
      Successors: 402c0c, 401435
  BB: 401225 in func 401150 with 1 insts
    I: 401225 (flow 40122a)
      Successors: 40122a
  BB: 401829 in func 401150 with 1 insts
    I: 401829 (flow 40182e)
      Successors: 40182e
  BB: 40122a in func 401150 with 3 insts
    I: 40122a
    I: 401230
    I: 401235 (flow 402d9a)
      Successors: 402d9a, 40123b
  BB: 40182e in func 401150 with 3 insts
    I: 40182e
    I: 401834
    I: 401839 (flow 401ce6)
      Successors: 401ce6, 40183f
  BB: 40162f in func 401150 with 1 insts
    I: 40162f (flow 401634)
      Successors: 401634
  BB: 402e2f in func 401150 with 2 insts
    I: 402e2f
    I: 402e39 (flow 402ed7)
      Successors: 402ed7
  BB: 401634 in func 401150 with 3 insts
    I: 401634
    I: 40163a
    I: 40163f (flow 401957)
      Successors: 401645, 401957
  BB: 401435 in func 401150 with 1 insts
    I: 401435 (flow 40143a)
      Successors: 40143a
  BB: 40143a in func 401150 with 3 insts
    I: 40143a
    I: 401440
    I: 401445 (flow 402e4d)
      Successors: 40144b, 402e4d
  BB: 40123b in func 401150 with 1 insts
    I: 40123b (flow 401240)
      Successors: 401240
  BB: 40223b in func 401150 with 10 insts
    I: 40223b
    I: 40223f
    I: 402246
    I: 40224a
    I: 40224d
    I: 402252
    I: 402257
    I: 40225b
    I: 40225e
    I: 402264 (flow 402ed7)
      Successors: 402ed7
  BB: 402e3e in func 401150 with 2 insts
    I: 402e3e
    I: 402e48 (flow 402ed7)
      Successors: 402ed7
  BB: 40183f in func 401150 with 1 insts
    I: 40183f (flow 401844)
      Successors: 401844
  BB: 401240 in func 401150 with 3 insts
    I: 401240
    I: 401246
    I: 40124b (flow 402bfd)
      Successors: 401251, 402bfd
  BB: 401a40 in func 401150 with 2 insts
    I: 401a40
    I: 401a4a (flow 402ed7)
      Successors: 402ed7
  BB: 401844 in func 401150 with 3 insts
    I: 401844
    I: 40184a
    I: 40184f (flow 402151)
      Successors: 402151, 401855
  BB: 401645 in func 401150 with 1 insts
    I: 401645 (flow 40164a)
      Successors: 40164a
  BB: 40164a in func 401150 with 3 insts
    I: 40164a
    I: 401650
    I: 401655 (flow 401bd3)
      Successors: 40165b, 401bd3
  BB: 40144b in func 401150 with 1 insts
    I: 40144b (flow 401450)
      Successors: 401450
  BB: 402e4d in func 401150 with 2 insts
    I: 402e4d
    I: 402e57 (flow 402ed7)
      Successors: 402ed7
  BB: 40264e in func 401150 with 40 insts
    I: 40264e (imm 40502c)
    I: 402655
    I: 402657 (imm 405030)
    I: 40265e
    I: 402660
    I: 402662
    I: 402665
    I: 402667
    I: 402669
    I: 40266c
    I: 40266f
    I: 402672
    I: 402676
    I: 402679
    I: 40267d
    I: 402680
    I: 402682
    I: 402685
    I: 402689
    I: 40268b
    I: 40268e
    I: 402690
    I: 402693
    I: 402696
    I: 402699
    I: 40269d
    I: 4026a0
    I: 4026a3
    I: 4026a6
    I: 4026a9
    I: 4026ac
    I: 4026ae
    I: 4026b1
    I: 4026b3
    I: 4026b5
    I: 4026ba
    I: 4026bf
    I: 4026c2
    I: 4026c5
    I: 4026cb (flow 402ed7)
      Successors: 402ed7
  BB: 401a4f in func 401150 with 24 insts
    I: 401a4f (imm 40502c)
    I: 401a56
    I: 401a58 (imm 405030)
    I: 401a5f
    I: 401a61
    I: 401a63
    I: 401a66
    I: 401a68
    I: 401a6a
    I: 401a6d
    I: 401a70
    I: 401a73
    I: 401a76
    I: 401a79
    I: 401a7c
    I: 401a7e
    I: 401a80
    I: 401a82
    I: 401a84
    I: 401a89
    I: 401a8e
    I: 401a91
    I: 401a94
    I: 401a9a (flow 402ed7)
      Successors: 402ed7
  BB: 401450 in func 401150 with 3 insts
    I: 401450
    I: 401456
    I: 40145b (flow 402338)
      Successors: 402338, 401461
  BB: 401251 in func 401150 with 1 insts
    I: 401251 (flow 401256)
      Successors: 401256
  BB: 401855 in func 401150 with 1 insts
    I: 401855 (flow 40185a)
      Successors: 40185a
  BB: 401256 in func 401150 with 3 insts
    I: 401256
    I: 40125c
    I: 401261 (flow 40264e)
      Successors: 40264e, 401267
  BB: 40185a in func 401150 with 3 insts
    I: 40185a
    I: 401860
    I: 401865 (flow 402e93)
      Successors: 40186b, 402e93
  BB: 40165b in func 401150 with 1 insts
    I: 40165b (flow 401660)
      Successors: 401660
  BB: 402e5c in func 401150 with 2 insts
    I: 402e5c
    I: 402e66 (flow 402ed7)
      Successors: 402ed7
  BB: 401660 in func 401150 with 3 insts
    I: 401660
    I: 401666
    I: 40166b (flow 402495)
      Successors: 401671, 402495
  BB: 401461 in func 401150 with 1 insts
    I: 401461 (flow 401466)
      Successors: 401466
  BB: 402462 in func 401150 with 2 insts
    I: 402462
    I: 40246c (flow 402ed7)
      Successors: 402ed7
  BB: 401466 in func 401150 with 3 insts
    I: 401466
    I: 40146c
    I: 401471 (flow 4023e0)
      Successors: 4023e0, 401477
  BB: 401267 in func 401150 with 1 insts
    I: 401267 (flow 40126c)
      Successors: 40126c
  BB: 402269 in func 401150 with 24 insts
    I: 402269 (imm 40502c)
    I: 402270
    I: 402272 (imm 405030)
    I: 402279
    I: 40227b
    I: 40227d
    I: 402283
    I: 402286
    I: 40228c
    I: 40228f
    I: 402292
    I: 402295
    I: 402298
    I: 40229b
    I: 40229e
    I: 4022a0
    I: 4022a2
    I: 4022a4
    I: 4022a6
    I: 4022ab
    I: 4022b0
    I: 4022b3
    I: 4022b6
    I: 4022bc (flow 402ed7)
      Successors: 402ed7
  BB: 40186b in func 401150 with 1 insts
    I: 40186b (flow 401870)
      Successors: 401870
  BB: 40126c in func 401150 with 3 insts
    I: 40126c
    I: 401272
    I: 401277 (flow 402e6b)
      Successors: 402e6b, 40127d
  BB: 401c6c in func 401150 with 29 insts
    I: 401c6c
    I: 401c6f
    I: 401c74
    I: 401c77
    I: 401c7c
    I: 401c7f (imm 40502c)
    I: 401c86
    I: 401c88 (imm 405030)
    I: 401c8f
    I: 401c91
    I: 401c93
    I: 401c99
    I: 401c9c
    I: 401ca2
    I: 401ca5
    I: 401ca8
    I: 401cab
    I: 401cae
    I: 401cb1
    I: 401cb4
    I: 401cb6
    I: 401cb8
    I: 401cba
    I: 401cbc
    I: 401cc1
    I: 401cc6
    I: 401cc9
    I: 401ccc
    I: 401cd2 (flow 402ed7)
      Successors: 402ed7
  BB: 402e6b in func 401150 with 7 insts
    I: 402e6b
    I: 402e71
    I: 402e76
    I: 402e79
    I: 402e7e
    I: 402e84
    I: 402e8e (flow 402ed7)
      Successors: 402ed7
  BB: 4011f9 in func 401150 with 1 insts
    I: 4011f9 (flow 4011fe)
      Successors: 4011fe
  BB: 401870 in func 401150 with 3 insts
    I: 401870
    I: 401876
    I: 40187b (flow 402bee)
      Successors: 401881, 402bee
  BB: 401671 in func 401150 with 1 insts
    I: 401671 (flow 401676)
      Successors: 401676
  BB: 402471 in func 401150 with 11 insts
    I: 402471
    I: 402474
    I: 402476
    I: 402478
    I: 40247a
    I: 40247d
    I: 40247f
    I: 402481
    I: 402483
    I: 402486
    I: 402490 (flow 402ed7)
      Successors: 402ed7
  BB: 401676 in func 401150 with 3 insts
    I: 401676
    I: 40167c
    I: 401681 (flow 401dce)
      Successors: 401dce, 401687
  BB: 401477 in func 401150 with 1 insts
    I: 401477 (flow 40147c)
      Successors: 40147c
  BB: 402a76 in func 401150 with 2 insts
    I: 402a76
    I: 402a80 (flow 402ed7)
      Successors: 402ed7
  BB: 40207b in func 401150 with 7 insts
    I: 40207b
    I: 40207e
    I: 402083
    I: 402088
    I: 40208b
    I: 40208e
    I: 402094 (flow 402ed7)
      Successors: 402ed7
  BB: 40147c in func 401150 with 3 insts
    I: 40147c
    I: 401482
    I: 401487 (flow 4021e7)
      Successors: 40148d, 4021e7
  BB: 40127d in func 401150 with 1 insts
    I: 40127d (flow 401282)
      Successors: 401282
  BB: 401881 in func 401150 with 1 insts
    I: 401881 (flow 401886)
      Successors: 401886
  BB: 401282 in func 401150 with 3 insts
    I: 401282
    I: 401288
    I: 40128d (flow 401dbf)
      Successors: 401293, 401dbf
  BB: 402884 in func 401150 with 7 insts
    I: 402884
    I: 402887
    I: 40288c
    I: 402891
    I: 402894
    I: 402897
    I: 40289d (flow 402ed7)
      Successors: 402ed7
  BB: 402a85 in func 401150 with 4 insts
    I: 402a85
    I: 402a8b
    I: 402a91
    I: 402a9b (flow 402ed7)
      Successors: 402ed7
  BB: 401886 in func 401150 with 3 insts
    I: 401886
    I: 40188c
    I: 401891 (flow 402a85)
      Successors: 402a85, 401897
  BB: 401687 in func 401150 with 1 insts
    I: 401687 (flow 40168c)
      Successors: 40168c
  BB: 40168c in func 401150 with 3 insts
    I: 40168c
    I: 401692
    I: 401697 (flow 401a4f)
      Successors: 40169d, 401a4f
  BB: 40148d in func 401150 with 1 insts
    I: 40148d (flow 401492)
      Successors: 401492
  BB: 402c8e in func 401150 with 33 insts
    I: 402c8e
    I: 402c91
    I: 402c93
    I: 402c95
    I: 402c97
    I: 402c9a
    I: 402c9c
    I: 402c9e
    I: 402ca0
    I: 402ca3 (imm 40502c)
    I: 402caa
    I: 402cac (imm 405030)
    I: 402cb3
    I: 402cb5
    I: 402cb7
    I: 402cbd
    I: 402cc0
    I: 402cc6
    I: 402cc9
    I: 402ccc
    I: 402ccf
    I: 402cd2
    I: 402cd5
    I: 402cd8
    I: 402cda
    I: 402cdc
    I: 402cde
    I: 402ce0
    I: 402ce5
    I: 402cea
    I: 402ced
    I: 402cf0
    I: 402cf6 (flow 402ed7)
      Successors: 402ed7
  BB: 401492 in func 401150 with 3 insts
    I: 401492
    I: 401498
    I: 40149d (flow 402aa0)
      Successors: 402aa0, 4014a3
  BB: 401293 in func 401150 with 1 insts
    I: 401293 (flow 401298)
      Successors: 401298
  BB: 402e93 in func 401150 with 8 insts
    I: 402e93
    I: 402e97
    I: 402e9e
    I: 402ea2
    I: 402ea5
    I: 402ea8
    I: 402eab
    I: 402eb5 (flow 402ed7)
      Successors: 402ed7
  BB: 402495 in func 401150 with 24 insts
    I: 402495 (imm 40502c)
    I: 40249c
    I: 40249e (imm 405030)
    I: 4024a5
    I: 4024a7
    I: 4024a9
    I: 4024af
    I: 4024b2
    I: 4024b8
    I: 4024bb
    I: 4024be
    I: 4024c1
    I: 4024c4
    I: 4024c7
    I: 4024ca
    I: 4024cc
    I: 4024ce
    I: 4024d0
    I: 4024d2
    I: 4024d7
    I: 4024dc
    I: 4024df
    I: 4024e2
    I: 4024e8 (flow 402ed7)
      Successors: 402ed7
  BB: 401897 in func 401150 with 1 insts
    I: 401897 (flow 40189c)
      Successors: 40189c
  BB: 401298 in func 401150 with 3 insts
    I: 401298
    I: 40129e
    I: 4012a3 (flow 402015)
      Successors: 4012a9, 402015
  BB: 402099 in func 401150 with 10 insts
    I: 402099
    I: 40209d
    I: 4020a4
    I: 4020a8
    I: 4020ab
    I: 4020b0
    I: 4020b5
    I: 4020b9
    I: 4020bc
    I: 4020c2 (flow 402ed7)
      Successors: 402ed7
  BB: 40189c in func 401150 with 3 insts
    I: 40189c
    I: 4018a2
    I: 4018a7 (flow 401d36)
      Successors: 4018ad, 401d36
  BB: 40169d in func 401150 with 1 insts
    I: 40169d (flow 4016a2)
      Successors: 4016a2
  BB: 401a9f in func 401150 with 44 insts
    I: 401a9f
    I: 401aa3
    I: 401aa6
    I: 401aa8
    I: 401aab (imm 40502c)
    I: 401ab2
    I: 401ab4 (imm 405030)
    I: 401abb
    I: 401abd
    I: 401abf
    I: 401ac5
    I: 401ac8
    I: 401ace
    I: 401ad1
    I: 401ad4
    I: 401ad7
    I: 401adb
    I: 401ade
    I: 401ae2
    I: 401ae5
    I: 401ae7
    I: 401aea
    I: 401aee
    I: 401af0
    I: 401af3
    I: 401af5
    I: 401af8
    I: 401afb
    I: 401afe
    I: 401b02
    I: 401b05
    I: 401b08
    I: 401b0b
    I: 401b0e
    I: 401b11
    I: 401b13
    I: 401b16
    I: 401b18
    I: 401b1a
    I: 401b1f
    I: 401b24
    I: 401b27
    I: 401b2a
    I: 401b30 (flow 402ed7)
      Successors: 402ed7
  BB: 402aa0 in func 401150 with 3 insts
    I: 402aa0
    I: 402aa7
    I: 402ab1 (flow 402ed7)
      Successors: 402ed7
  BB: 4016a2 in func 401150 with 3 insts
    I: 4016a2
    I: 4016a8
    I: 4016ad (flow 402d0a)
      Successors: 402d0a, 4016b3
  BB: 4014a3 in func 401150 with 1 insts
    I: 4014a3 (flow 4014a8)
      Successors: 4014a8
  BB: 4028a2 in func 401150 with 40 insts
    I: 4028a2
    I: 4028a9
    I: 4028b1
    I: 4028b8
    I: 4028bc
    I: 4028bf
    I: 4028c3
    I: 4028c6
    I: 4028cd
    I: 4028d5
    I: 4028dc
    I: 4028e0
    I: 4028e3
    I: 4028e6
    I: 4028ec
    I: 4028ee
    I: 4028f4
    I: 4028f8
    I: 4028ff
    I: 402903
    I: 402906
    I: 402909
    I: 40290c
    I: 402912
    I: 402917
    I: 40291a
    I: 40291f
    I: 402921
    I: 402928
    I: 40292e
    I: 402930
    I: 402933
    I: 402935
    I: 40293b
    I: 402941
    I: 402943
    I: 402946
    I: 402948
    I: 40294e
    I: 402958 (flow 402ed7)
      Successors: 402ed7
  BB: 4014a8 in func 401150 with 3 insts
    I: 4014a8
    I: 4014ae
    I: 4014b3 (flow 4020c7)
      Successors: 4014b9, 4020c7
  BB: 4012a9 in func 401150 with 1 insts
    I: 4012a9 (flow 4012ae)
      Successors: 4012ae
  BB: 4018ad in func 401150 with 1 insts
    I: 4018ad (flow 4018b2)
      Successors: 4018b2
  BB: 4012ae in func 401150 with 3 insts
    I: 4012ae
    I: 4012b4
    I: 4012b9 (flow 402099)
      Successors: 402099, 4012bf
  BB: 4017fd in func 401150 with 1 insts
    I: 4017fd (flow 401802)
      Successors: 401802
  BB: 4018b2 in func 401150 with 3 insts
    I: 4018b2
    I: 4018b8
    I: 4018bd (flow 401b35)
      Successors: 4018c3, 401b35
  BB: 4016b3 in func 401150 with 1 insts
    I: 4016b3 (flow 4016b8)
      Successors: 4016b8
  BB: 402ab6 in func 401150 with 7 insts
    I: 402ab6
    I: 402ab9
    I: 402abe
    I: 402ac3
    I: 402ac6
    I: 402ac9
    I: 402acf (flow 402ed7)
      Successors: 402ed7
  BB: 4016b8 in func 401150 with 3 insts
    I: 4016b8
    I: 4016be
    I: 4016c3 (flow 402ddb)
      Successors: 4016c9, 402ddb
  BB: 4014b9 in func 401150 with 1 insts
    I: 4014b9 (flow 4014be)
      Successors: 4014be
  BB: 402eba in func 401150 with 6 insts
    I: 402eba
    I: 402ebd
    I: 402ec2
    I: 402ec5
    I: 402eca
    I: 402ecd
      Successors: 402ed7
  BB: 4014be in func 401150 with 3 insts
    I: 4014be
    I: 4014c4
    I: 4014c9 (flow 402d84)
      Successors: 402d84, 4014cf
  BB: 4012bf in func 401150 with 1 insts
    I: 4012bf (flow 4012c4)
      Successors: 4012c4
  BB: 4022c1 in func 401150 with 34 insts
    I: 4022c1
    I: 4022c5
    I: 4022cc
    I: 4022d0
    I: 4022d3
    I: 4022d6
    I: 4022d9
    I: 4022de
    I: 4022e0
    I: 4022e5
    I: 4022e8 (imm 40502c)
    I: 4022ef
    I: 4022f1 (imm 405030)
    I: 4022f8
    I: 4022fa
    I: 4022fc
    I: 4022ff
    I: 402301
    I: 402303
    I: 402306
    I: 402309
    I: 40230c
    I: 40230f
    I: 402312
    I: 402315
    I: 402317
    I: 402319
    I: 40231b
    I: 40231d
    I: 402322
    I: 402327
    I: 40232a
    I: 40232d
    I: 402333 (flow 402ed7)
      Successors: 402ed7
  BB: 4018c3 in func 401150 with 1 insts
    I: 4018c3 (flow 4018c8)
      Successors: 4018c8
  BB: 4012c4 in func 401150 with 3 insts
    I: 4012c4
    I: 4012ca
    I: 4012cf (flow 4025c5)
      Successors: 4025c5, 4012d5
  BB: 4020c7 in func 401150 with 40 insts
    I: 4020c7 (imm 40502c)
    I: 4020ce
    I: 4020d0 (imm 405030)
    I: 4020d7
    I: 4020d9
    I: 4020db
    I: 4020e1
    I: 4020e4
    I: 4020ea
    I: 4020ed
    I: 4020f0
    I: 4020f3
    I: 4020f7
    I: 4020fa
    I: 4020fe
    I: 402101
    I: 402103
    I: 402106
    I: 40210a
    I: 40210c
    I: 40210f
    I: 402111
    I: 402114
    I: 402117
    I: 40211a
    I: 40211e
    I: 402121
    I: 402124
    I: 402127
    I: 40212a
    I: 40212d
    I: 40212f
    I: 402132
    I: 402134
    I: 402136
    I: 40213b
    I: 402140
    I: 402143
    I: 402146
    I: 40214c (flow 402ed7)
      Successors: 402ed7
  BB: 4018c8 in func 401150 with 3 insts
    I: 4018c8
    I: 4018ce
    I: 4018d3 (flow 4022c1)
      Successors: 4018d9, 4022c1
  BB: 4016c9 in func 401150 with 1 insts
    I: 4016c9 (flow 4016ce)
      Successors: 4016ce
  BB: 4016ce in func 401150 with 3 insts
    I: 4016ce
    I: 4016d4
    I: 4016d9 (flow 401f5b)
      Successors: 401f5b, 4016df
  BB: 4014cf in func 401150 with 1 insts
    I: 4014cf (flow 4014d4)
      Successors: 4014d4
  BB: 4026d0 in func 401150 with 48 insts
    I: 4026d0
    I: 4026d4
    I: 4026db
    I: 4026df
    I: 4026e2
    I: 4026e6
    I: 4026e9
    I: 4026eb
    I: 4026ee (imm 40502c)
    I: 4026f5
    I: 4026f7 (imm 405030)
    I: 4026fe
    I: 402700
    I: 402702
    I: 402708
    I: 40270b
    I: 402711
    I: 402714
    I: 402717
    I: 40271a
    I: 40271e
    I: 402721
    I: 402725
    I: 402728
    I: 40272a
    I: 40272d
    I: 402731
    I: 402733
    I: 402736
    I: 402738
    I: 40273b
    I: 40273e
    I: 402741
    I: 402745
    I: 402748
    I: 40274b
    I: 40274e
    I: 402751
    I: 402754
    I: 402756
    I: 402759
    I: 40275b
    I: 40275d
    I: 402762
    I: 402767
    I: 40276a
    I: 40276d
    I: 402773 (flow 402ed7)
      Successors: 402ed7
  BB: 4014d4 in func 401150 with 3 insts
    I: 4014d4
    I: 4014da
    I: 4014df (flow 402d79)
      Successors: 402d79, 4014e5
  BB: 4012d5 in func 401150 with 1 insts
    I: 4012d5 (flow 4012da)
      Successors: 4012da
  BB: 402ad4 in func 401150 with 11 insts
    I: 402ad4
    I: 402ad8
    I: 402adf
    I: 402ae3
    I: 402ae6
    I: 402ae9
    I: 402aee
    I: 402af3
    I: 402af6
    I: 402af9
    I: 402aff (flow 402ed7)
      Successors: 402ed7
  BB: 401cd7 in func 401150 with 2 insts
    I: 401cd7
    I: 401ce1 (flow 402ed7)
      Successors: 402ed7
  BB: 402ed7 in func 401150 with 1 insts
    I: 402ed7 (flow 4011b6)
      Successors: 4011b6
  BB: 4018d9 in func 401150 with 1 insts
    I: 4018d9 (flow 4018de)
      Successors: 4018de
  BB: 4012da in func 401150 with 3 insts
    I: 4012da
    I: 4012e0
    I: 4012e5 (flow 402ab6)
      Successors: 4012eb, 402ab6
  BB: 4018de in func 401150 with 3 insts
    I: 4018de
    I: 4018e4
    I: 4018e9 (flow 402dea)
      Successors: 402dea, 4018ef
  BB: 4016df in func 401150 with 1 insts
    I: 4016df (flow 4016e4)
      Successors: 4016e4
  BB: 4016e4 in func 401150 with 3 insts
    I: 4016e4
    I: 4016ea
    I: 4016ef (flow 401f93)
      Successors: 401f93, 4016f5
  BB: 4014e5 in func 401150 with 1 insts
    I: 4014e5 (flow 4014ea)
      Successors: 4014ea
  BB: 401ce6 in func 401150 with 24 insts
    I: 401ce6 (imm 40502c)
    I: 401ced
    I: 401cef (imm 405030)
    I: 401cf6
    I: 401cf8
    I: 401cfa
    I: 401cfd
    I: 401cff
    I: 401d01
    I: 401d04
    I: 401d07
    I: 401d0a
    I: 401d0d
    I: 401d10
    I: 401d13
    I: 401d15
    I: 401d17
    I: 401d19
    I: 401d1b
    I: 401d20
    I: 401d25
    I: 401d28
    I: 401d2b
    I: 401d31 (flow 402ed7)
      Successors: 402ed7
  BB: 4014ea in func 401150 with 3 insts
    I: 4014ea
    I: 4014f0
    I: 4014f5 (flow 401a40)
      Successors: 401a40, 4014fb
  BB: 4012eb in func 401150 with 1 insts
    I: 4012eb (flow 4012f0)
      Successors: 4012f0
  BB: 4024ed in func 401150 with 40 insts
    I: 4024ed (imm 40502c)
    I: 4024f4
    I: 4024f6 (imm 405030)
    I: 4024fd
    I: 4024ff
    I: 402501
    I: 402507
    I: 40250a
    I: 402510
    I: 402513
    I: 402516
    I: 402519
    I: 40251d
    I: 402520
    I: 402524
    I: 402527
    I: 402529
    I: 40252c
    I: 402530
    I: 402532
    I: 402535
    I: 402537
    I: 40253a
    I: 40253d
    I: 402540
    I: 402544
    I: 402547
    I: 40254a
    I: 40254d
    I: 402550
    I: 402553
    I: 402555
    I: 402558
    I: 40255a
    I: 40255c
    I: 402561
    I: 402566
    I: 402569
    I: 40256c
    I: 402572 (flow 402ed7)
      Successors: 402ed7
  BB: 4018ef in func 401150 with 1 insts
    I: 4018ef (flow 4018f4)
      Successors: 4018f4
  BB: 4012f0 in func 401150 with 3 insts
    I: 4012f0
    I: 4012f6
    I: 4012fb (flow 4024ed)
      Successors: 401301, 4024ed
  BB: 4018f4 in func 401150 with 3 insts
    I: 4018f4
    I: 4018fa
    I: 4018ff (flow 402da9)
      Successors: 402da9, 401905
  BB: 4016f5 in func 401150 with 1 insts
    I: 4016f5 (flow 4016fa)
      Successors: 4016fa
  BB: 4016fa in func 401150 with 3 insts
    I: 4016fa
    I: 401700
    I: 401705 (flow 401b69)
      Successors: 401b69, 40170b
  BB: 4014fb in func 401150 with 1 insts
    I: 4014fb (flow 401500)
      Successors: 401500
  BB: 402cfb in func 401150 with 2 insts
    I: 402cfb
    I: 402d05 (flow 402ed7)
      Successors: 402ed7
  BB: 401500 in func 401150 with 3 insts
    I: 401500
    I: 401506
    I: 40150b (flow 402205)
      Successors: 401511, 402205
  BB: 401301 in func 401150 with 1 insts
    I: 401301 (flow 401306)
      Successors: 401306
  BB: 402b04 in func 401150 with 40 insts
    I: 402b04 (imm 40502c)
    I: 402b0b
    I: 402b0d (imm 405030)
    I: 402b14
    I: 402b16
    I: 402b18
    I: 402b1b
    I: 402b1d
    I: 402b1f
    I: 402b22
    I: 402b25
    I: 402b28
    I: 402b2c
    I: 402b2f
    I: 402b33
    I: 402b36
    I: 402b38
    I: 402b3b
    I: 402b3f
    I: 402b41
    I: 402b44
    I: 402b46
    I: 402b49
    I: 402b4c
    I: 402b4f
    I: 402b53
    I: 402b56
    I: 402b59
    I: 402b5c
    I: 402b5f
    I: 402b62
    I: 402b64
    I: 402b67
    I: 402b69
    I: 402b6b
    I: 402b70
    I: 402b75
    I: 402b78
    I: 402b7b
    I: 402b81 (flow 402ed7)
      Successors: 402ed7
  BB: 401905 in func 401150 with 1 insts
    I: 401905 (flow 40190a)
      Successors: 40190a
  BB: 401306 in func 401150 with 3 insts
    I: 401306
    I: 40130c
    I: 401311 (flow 4019e1)
      Successors: 4019e1, 401317
  BB: 40190a in func 401150 with 3 insts
    I: 40190a
    I: 401910
    I: 401915 (flow 402620)
      Successors: 402620, 40191b
  BB: 40170b in func 401150 with 1 insts
    I: 40170b (flow 401710)
      Successors: 401710
  BB: 402d0a in func 401150 with 20 insts
    I: 402d0a
    I: 402d0d
    I: 402d10
    I: 402d15
    I: 402d17
    I: 402d1c
    I: 402d1f
    I: 402d22 (imm 40300d)
    I: 402d2c
    I: 402d2e (flow 405040)
    I: 402d33 (imm 40300a)
    I: 402d3d
    I: 402d41
    I: 402d43 (flow 405050)
    I: 402d48
    I: 402d4f
    I: 402d59
    I: 402d63
    I: 402d6a
    I: 402d74 (flow 402ed7)
      Successors: 402ed7
  BB: 401f0f in func 401150 with 22 insts
    Referenced by data
    I: 401f0f
    I: 401f11
    I: 401f13
    I: 401f16
    I: 401f19
    I: 401f1e
    I: 401f21
    I: 401f26
    I: 401f29
    I: 401f30
    I: 401f34
    I: 401f37
    I: 401f3a
    I: 401f3c
    I: 401f3e
    I: 401f40
    I: 401f43
    I: 401f45
    I: 401f47
    I: 401f49
    I: 401f4c
    I: 401f56 (flow 402ed7)
      Successors: 402ed7
  BB: 401710 in func 401150 with 3 insts
    I: 401710
    I: 401716
    I: 40171b (flow 402c8e)
      Successors: 401721, 402c8e
  BB: 401511 in func 401150 with 1 insts
    I: 401511 (flow 401516)
      Successors: 401516
  BB: 401516 in func 401150 with 3 insts
    I: 401516
    I: 40151c
    I: 401521 (flow 402796)
      Successors: 402796, 401527
  BB: 401317 in func 401150 with 1 insts
    I: 401317 (flow 40131c)
      Successors: 40131c
  BB: 40191b in func 401150 with 1 insts
    I: 40191b (flow 401920)
      Successors: 401920
  BB: 40131c in func 401150 with 3 insts
    I: 40131c
    I: 401322
    I: 401327 (flow 402cfb)
      Successors: 402cfb, 40132d
  BB: 401920 in func 401150 with 3 insts
    I: 401920
    I: 401926
    I: 40192b (flow 402ad4)
      Successors: 401931, 402ad4
  BB: 401721 in func 401150 with 1 insts
    I: 401721 (flow 401726)
      Successors: 401726
  BB: 401726 in func 401150 with 3 insts
    I: 401726
    I: 40172c
    I: 401731 (flow 401bb1)
      Successors: 401bb1, 401737
  BB: 401527 in func 401150 with 1 insts
    I: 401527 (flow 40152c)
      Successors: 40152c
  BB: 40152c in func 401150 with 3 insts
    I: 40152c
    I: 401532
    I: 401537 (flow 4027ee)
      Successors: 40153d, 4027ee
  BB: 40132d in func 401150 with 1 insts
    I: 40132d (flow 401332)
      Successors: 401332
  BB: 401931 in func 401150 with 1 insts
    I: 401931 (flow 401936)
      Successors: 401936
  BB: 401332 in func 401150 with 3 insts
    I: 401332
    I: 401338
    I: 40133d (flow 401b85)
      Successors: 401343, 401b85
  BB: 401b35 in func 401150 with 7 insts
    I: 401b35
    I: 401b38
    I: 401b3d
    I: 401b42
    I: 401b45
    I: 401b48
    I: 401b4e (flow 402ed7)
      Successors: 402ed7
  BB: 401936 in func 401150 with 1 insts
    I: 401936 (flow 402ed7)
      Successors: 402ed7
  BB: 401737 in func 401150 with 1 insts
    I: 401737 (flow 40173c)
      Successors: 40173c
  BB: 401d36 in func 401150 with 41 insts
    I: 401d36
    I: 401d3d (imm 40502c)
    I: 401d44
    I: 401d46 (imm 405030)
    I: 401d4d
    I: 401d4f
    I: 401d51
    I: 401d54
    I: 401d56
    I: 401d58
    I: 401d5b
    I: 401d5e
    I: 401d61
    I: 401d65
    I: 401d68
    I: 401d6c
    I: 401d6f
    I: 401d71
    I: 401d74
    I: 401d78
    I: 401d7a
    I: 401d7d
    I: 401d7f
    I: 401d82
    I: 401d85
    I: 401d88
    I: 401d8c
    I: 401d8f
    I: 401d92
    I: 401d95
    I: 401d98
    I: 401d9b
    I: 401d9d
    I: 401da0
    I: 401da2
    I: 401da4
    I: 401da9
    I: 401dae
    I: 401db1
    I: 401db4
    I: 401dba (flow 402ed7)
      Successors: 402ed7
  BB: 402338 in func 401150 with 2 insts
    I: 402338
    I: 402342 (flow 402ed7)
      Successors: 402ed7
  BB: 40193b in func 401150 with 6 insts
    I: 40193b
    I: 401940
    I: 401945
    I: 401949
    I: 40194c
    I: 401952 (flow 402ed7)
      Successors: 402ed7
  BB: 40173c in func 401150 with 3 insts
    I: 40173c
    I: 401742
    I: 401747 (flow 40296c)
      Successors: 40296c, 40174d
  BB: 40153d in func 401150 with 1 insts
    I: 40153d (flow 401542)
      Successors: 401542
  BB: 401542 in func 401150 with 3 insts
    I: 401542
    I: 401548
    I: 40154d (flow 402471)
      Successors: 402471, 401553
  BB: 401343 in func 401150 with 1 insts
    I: 401343 (flow 401348)
      Successors: 401348
  BB: 402347 in func 401150 with 2 insts
    I: 402347
    I: 402351 (flow 402ed7)
      Successors: 402ed7
  BB: 401348 in func 401150 with 3 insts
    I: 401348
    I: 40134e
    I: 401353 (flow 402dc5)
      Successors: 401359, 402dc5
  BB: 40174d in func 401150 with 1 insts
    I: 40174d (flow 401752)
      Successors: 401752
  BB: 401150 in func 401150 with 17 insts
    Referenced by data
    I: 401150
    I: 401151
    I: 401154
    I: 40115b
    I: 401162
    I: 401169
    I: 401170
    I: 401177
    I: 401179
    I: 40117e (flow 405048)
    I: 401183
    I: 40118d
    I: 401197 (imm 40300a)
    I: 4011a1
    I: 4011a5
    I: 4011a7 (flow 405050)
    I: 4011ac
      Successors: 4011b6
  BB: 402151 in func 401150 with 44 insts
    I: 402151
    I: 402155
    I: 402158
    I: 40215a
    I: 40215d (imm 40502c)
    I: 402164
    I: 402166 (imm 405030)
    I: 40216d
    I: 40216f
    I: 402171
    I: 402177
    I: 40217a
    I: 402180
    I: 402183
    I: 402186
    I: 402189
    I: 40218d
    I: 402190
    I: 402194
    I: 402197
    I: 402199
    I: 40219c
    I: 4021a0
    I: 4021a2
    I: 4021a5
    I: 4021a7
    I: 4021aa
    I: 4021ad
    I: 4021b0
    I: 4021b4
    I: 4021b7
    I: 4021ba
    I: 4021bd
    I: 4021c0
    I: 4021c3
    I: 4021c5
    I: 4021c8
    I: 4021ca
    I: 4021cc
    I: 4021d1
    I: 4021d6
    I: 4021d9
    I: 4021dc
    I: 4021e2 (flow 402ed7)
      Successors: 402ed7
  BB: 401752 in func 401150 with 3 insts
    I: 401752
    I: 401758
    I: 40175d (flow 402b04)
      Successors: 401763, 402b04
  BB: 401553 in func 401150 with 1 insts
    I: 401553 (flow 401558)
      Successors: 401558
  BB: 401b53 in func 401150 with 3 insts
    I: 401b53
    I: 401b5a
    I: 401b64 (flow 402ed7)
      Successors: 402ed7
  BB: 402356 in func 401150 with 40 insts
    I: 402356 (imm 40502c)
    I: 40235d
    I: 40235f (imm 405030)
    I: 402366
    I: 402368
    I: 40236a
    I: 402370
    I: 402373
    I: 402379
    I: 40237c
    I: 40237f
    I: 402382
    I: 402386
    I: 402389
    I: 40238d
    I: 402390
    I: 402392
    I: 402395
    I: 402399
    I: 40239b
    I: 40239e
    I: 4023a0
    I: 4023a3
    I: 4023a6
    I: 4023a9
    I: 4023ad
    I: 4023b0
    I: 4023b3
    I: 4023b6
    I: 4023b9
    I: 4023bc
    I: 4023be
    I: 4023c1
    I: 4023c3
    I: 4023c5
    I: 4023ca
    I: 4023cf
    I: 4023d2
    I: 4023d5
    I: 4023db (flow 402ed7)
      Successors: 402ed7
  BB: 401957 in func 401150 with 40 insts
    I: 401957 (imm 40502c)
    I: 40195e
    I: 401960 (imm 405030)
    I: 401967
    I: 401969
    I: 40196b
    I: 401971
    I: 401974
    I: 40197a
    I: 40197d
    I: 401980
    I: 401983
    I: 401987
    I: 40198a
    I: 40198e
    I: 401991
    I: 401993
    I: 401996
    I: 40199a
    I: 40199c
    I: 40199f
    I: 4019a1
    I: 4019a4
    I: 4019a7
    I: 4019aa
    I: 4019ae
    I: 4019b1
    I: 4019b4
    I: 4019b7
    I: 4019ba
    I: 4019bd
    I: 4019bf
    I: 4019c2
    I: 4019c4
    I: 4019c6
    I: 4019cb
    I: 4019d0
    I: 4019d3
    I: 4019d6
    I: 4019dc (flow 402ed7)
      Successors: 402ed7
  BB: 401558 in func 401150 with 3 insts
    I: 401558
    I: 40155e
    I: 401563 (flow 401c6c)
      Successors: 401569, 401c6c
  BB: 401359 in func 401150 with 1 insts
    I: 401359 (flow 40135e)
      Successors: 40135e
  BB: 401f5b in func 401150 with 7 insts
    I: 401f5b
    I: 401f5e
    I: 401f63
    I: 401f66
    I: 401f6b
    I: 401f6e
    I: 401f78 (flow 402ed7)
      Successors: 402ed7
  BB: 40295d in func 401150 with 2 insts
    I: 40295d
    I: 402967 (flow 402ed7)
      Successors: 402ed7
  BB: 40135e in func 401150 with 3 insts
    I: 40135e
    I: 401364
    I: 401369 (flow 402b86)
      Successors: 402b86, 40136f
  BB: 401763 in func 401150 with 1 insts
    I: 401763 (flow 401768)
      Successors: 401768
  BB: 401768 in func 401150 with 3 insts
    I: 401768
    I: 40176e
    I: 401773 (flow 402e5c)
      Successors: 401779, 402e5c
  BB: 401569 in func 401150 with 1 insts
    I: 401569 (flow 40156e)
      Successors: 40156e
  BB: 401b69 in func 401150 with 6 insts
    I: 401b69
    I: 401b6e
    I: 401b73
    I: 401b77
    I: 401b7a
    I: 401b80 (flow 402ed7)
      Successors: 402ed7
  BB: 40296c in func 401150 with 7 insts
    I: 40296c
    I: 40296f
    I: 402974
    I: 402977
    I: 40297c
    I: 40297f
    I: 402989 (flow 402ed7)
      Successors: 402ed7
  BB: 40156e in func 401150 with 3 insts
    I: 40156e
    I: 401574
    I: 401579 (flow 40295d)
      Successors: 40295d, 40157f
  BB: 40136f in func 401150 with 1 insts
    I: 40136f (flow 401374)
      Successors: 401374
  BB: 401374 in func 401150 with 3 insts
    I: 401374
    I: 40137a
    I: 40137f (flow 4029ad)
      Successors: 401385, 4029ad
  BB: 402577 in func 401150 with 2 insts
    I: 402577
    I: 402581 (flow 402ed7)
      Successors: 402ed7
  BB: 402778 in func 401150 with 7 insts
    I: 402778
    I: 40277b
    I: 402780
    I: 402785
    I: 402788
    I: 40278b
    I: 402791 (flow 402ed7)
      Successors: 402ed7
  BB: 401779 in func 401150 with 1 insts
    I: 401779 (flow 40177e)
      Successors: 40177e
  BB: 402d79 in func 401150 with 4 insts
    I: 402d79
    I: 402d7b
    I: 402d82
    I: 402d83
      No successors
  BB: 401f7d in func 401150 with 3 insts
    I: 401f7d
    I: 401f84
    I: 401f8e (flow 402ed7)
      Successors: 402ed7
  BB: 40177e in func 401150 with 3 insts
    I: 40177e
    I: 401784
    I: 401789 (flow 402e3e)
      Successors: 402e3e, 40178f
  BB: 40157f in func 401150 with 1 insts
    I: 40157f (flow 401584)
      Successors: 401584
  BB: 401584 in func 401150 with 3 insts
    I: 401584
    I: 40158a
    I: 40158f (flow 402a05)
      Successors: 402a05, 401595
  BB: 401385 in func 401150 with 1 insts
    I: 401385 (flow 40138a)
      Successors: 40138a
  BB: 401b85 in func 401150 with 8 insts
    I: 401b85
    I: 401b89
    I: 401b90
    I: 401b94
    I: 401b97
    I: 401b9b
    I: 401ba2
    I: 401bac (flow 402ed7)
      Successors: 402ed7
  BB: 402586 in func 401150 with 6 insts
    I: 402586
    I: 40258b
    I: 402590
    I: 402597
    I: 40259a
    I: 4025a0 (flow 402ed7)
      Successors: 402ed7
  BB: 402b86 in func 401150 with 30 insts
    I: 402b86
    I: 402b8a
    I: 402b91
    I: 402b95
    I: 402b98
    I: 402b9b
    I: 402b9e (imm 40502c)
    I: 402ba5
    I: 402ba7 (imm 405030)
    I: 402bae
    I: 402bb0
    I: 402bb2
    I: 402bb5
    I: 402bb7
    I: 402bb9
    I: 402bbc
    I: 402bbf
    I: 402bc2
    I: 402bc5
    I: 402bc8
    I: 402bcb
    I: 402bcd
    I: 402bcf
    I: 402bd1
    I: 402bd3
    I: 402bd8
    I: 402bdd
    I: 402be0
    I: 402be3
    I: 402be9 (flow 402ed7)
      Successors: 402ed7
  BB: 402d84 in func 401150 with 3 insts
    I: 402d84
    I: 402d8b
    I: 402d95 (flow 402ed7)
      Successors: 402ed7
  BB: 40138a in func 401150 with 3 insts
    I: 40138a
    I: 401390
    I: 401395 (flow 40223b)
      Successors: 40223b, 40139b
  BB: 40298e in func 401150 with 6 insts
    I: 40298e
    I: 402993
    I: 402998
    I: 40299f
    I: 4029a2
    I: 4029a8 (flow 402ed7)
      Successors: 402ed7
  BB: 40178f in func 401150 with 1 insts
    I: 40178f (flow 401794)
      Successors: 401794
  BB: 401f93 in func 401150 with 40 insts
    I: 401f93 (imm 40502c)
    I: 401f9a
    I: 401f9c (imm 405030)
    I: 401fa3
    I: 401fa5
    I: 401fa7
    I: 401faa
    I: 401fac
    I: 401fae
    I: 401fb1
    I: 401fb4
    I: 401fb7
    I: 401fbb
    I: 401fbe
    I: 401fc2
    I: 401fc5
    I: 401fc7
    I: 401fca
    I: 401fce
    I: 401fd0
    I: 401fd3
    I: 401fd5
    I: 401fd8
    I: 401fdb
    I: 401fde
    I: 401fe2
    I: 401fe5
    I: 401fe8
    I: 401feb
    I: 401fee
    I: 401ff1
    I: 401ff3
    I: 401ff6
    I: 401ff8
    I: 401ffa
    I: 401fff
    I: 402004
    I: 402007
    I: 40200a
    I: 402010 (flow 402ed7)
      Successors: 402ed7
  BB: 401794 in func 401150 with 3 insts
    I: 401794
    I: 40179a
    I: 40179f (flow 401a9f)
      Successors: 4017a5, 401a9f
  BB: 401595 in func 401150 with 1 insts
    I: 401595 (flow 40159a)
      Successors: 40159a
  BB: 402796 in func 401150 with 24 insts
    I: 402796 (imm 40502c)
    I: 40279d
    I: 40279f (imm 405030)
    I: 4027a6
    I: 4027a8
    I: 4027aa
    I: 4027b0
    I: 4027b3
    I: 4027b9
    I: 4027bc
    I: 4027bf
    I: 4027c2
    I: 4027c5
    I: 4027c8
    I: 4027cb
    I: 4027cd
    I: 4027cf
    I: 4027d1
    I: 4027d3
    I: 4027d8
    I: 4027dd
    I: 4027e0
    I: 4027e3
    I: 4027e9 (flow 402ed7)
      Successors: 402ed7
  BB: 40159a in func 401150 with 3 insts
    I: 40159a
    I: 4015a0
    I: 4015a5 (flow 4025e3)
      Successors: 4015ab, 4025e3
  BB: 40139b in func 401150 with 1 insts
    I: 40139b (flow 4013a0)
      Successors: 4013a0
  BB: 402d9a in func 401150 with 2 insts
    I: 402d9a
    I: 402da4 (flow 402ed7)
      Successors: 402ed7
  BB: 4013a0 in func 401150 with 3 insts
    I: 4013a0
    I: 4013a6
    I: 4013ab (flow 401f7d)
      Successors: 4013b1, 401f7d
  BB: 4017a5 in func 401150 with 1 insts
    I: 4017a5 (flow 4017aa)
      Successors: 4017aa
  BB: 4025a5 in func 401150 with 4 insts
    I: 4025a5
    I: 4025af
    I: 4025b6
    I: 4025c0 (flow 402ed7)
      Successors: 402ed7
  BB: 402da9 in func 401150 with 7 insts
    I: 402da9
    I: 402dac
    I: 402dae
    I: 402db1
    I: 402db3
    I: 402db6
    I: 402dc0 (flow 402ed7)
      Successors: 402ed7
  BB: 4017aa in func 401150 with 3 insts
    I: 4017aa
    I: 4017b0
    I: 4017b5 (flow 40298e)
      Successors: 4017bb, 40298e
  BB: 4015ab in func 401150 with 1 insts
    I: 4015ab (flow 4015b0)
      Successors: 4015b0
  BB: 4029ad in func 401150 with 24 insts
    I: 4029ad (imm 40502c)
    I: 4029b4
    I: 4029b6 (imm 405030)
    I: 4029bd
    I: 4029bf
    I: 4029c1
    I: 4029c7
    I: 4029ca
    I: 4029d0
    I: 4029d3
    I: 4029d6
    I: 4029d9
    I: 4029dc
    I: 4029df
    I: 4029e2
    I: 4029e4
    I: 4029e6
    I: 4029e8
    I: 4029ea
    I: 4029ef
    I: 4029f4
    I: 4029f7
    I: 4029fa
    I: 402a00 (flow 402ed7)
      Successors: 402ed7
  BB: 4015b0 in func 401150 with 3 insts
    I: 4015b0
    I: 4015b6
    I: 4015bb (flow 40207b)
      Successors: 4015c1, 40207b
  BB: 4013b1 in func 401150 with 1 insts
    I: 4013b1 (flow 4013b6)
      Successors: 4013b6
  BB: 401bb1 in func 401150 with 7 insts
    I: 401bb1
    I: 401bb4
    I: 401bb9
    I: 401bbc
    I: 401bc1
    I: 401bc4
    I: 401bce (flow 402ed7)
      Successors: 402ed7
  BB: 4011b6 in func 401150 with 4 insts
    I: 4011b6
    I: 4011bc
    I: 4011c2
    I: 4011c7 (flow 402577)
      Successors: 4011cd, 402577
  BB: 4013b6 in func 401150 with 3 insts
    I: 4013b6
    I: 4013bc
    I: 4013c1 (flow 402a76)
      Successors: 402a76, 4013c7
  BB: 4017bb in func 401150 with 1 insts
    I: 4017bb (flow 4017c0)
      Successors: 4017c0
  BB: 401dbf in func 401150 with 2 insts
    I: 401dbf
    I: 401dc9 (flow 402ed7)
      Successors: 402ed7
  BB: 4017c0 in func 401150 with 3 insts
    I: 4017c0
    I: 4017c6
    I: 4017cb (flow 4026d0)
      Successors: 4026d0, 4017d1
  BB: 4015c1 in func 401150 with 1 insts
    I: 4015c1 (flow 4015c6)
      Successors: 4015c6
  BB: 4025c5 in func 401150 with 7 insts
    I: 4025c5
    I: 4025c8
    I: 4025cd
    I: 4025d2
    I: 4025d5
    I: 4025d8
    I: 4025de (flow 402ed7)
      Successors: 402ed7
  BB: 4015c6 in func 401150 with 3 insts
    I: 4015c6
    I: 4015cc
    I: 4015d1 (flow 402df9)
      Successors: 402df9, 4015d7
  BB: 4013c7 in func 401150 with 1 insts
    I: 4013c7 (flow 4013cc)
      Successors: 4013cc
  BB: 402dc5 in func 401150 with 3 insts
    I: 402dc5
    I: 402dcc
    I: 402dd6 (flow 402ed7)
      Successors: 402ed7
  BB: 4013cc in func 401150 with 3 insts
    I: 4013cc
    I: 4013d2
    I: 4013d7 (flow 401cd7)
      Successors: 4013dd, 401cd7
  BB: 4011cd in func 401150 with 1 insts
    I: 4011cd (flow 4011d2)
      Successors: 4011d2
  BB: 401dce in func 401150 with 11 insts
    I: 401dce
    I: 401dd1
    I: 401dd4
    I: 401dd6
    I: 401dd9
    I: 401ddb
    I: 401de0
    I: 401de5
    I: 401de7
    I: 401dea
    I: 401df0 (flow 402ed7)
      Successors: 402ed7
  BB: 4017d1 in func 401150 with 1 insts
    I: 4017d1 (flow 4017d6)
      Successors: 4017d6
  BB: 4011d2 in func 401150 with 3 insts
    I: 4011d2
    I: 4011d8
    I: 4011dd (flow 401df5)
      Successors: 4011e3, 401df5
  BB: 401bd3 in func 401150 with 2 insts
    I: 401bd3
    I: 401bdd (flow 402ed7)
      Successors: 402ed7
  BB: 4017d6 in func 401150 with 3 insts
    I: 4017d6
    I: 4017dc
    I: 4017e1 (flow 402347)
      Successors: 402347, 4017e7
  BB: 4015d7 in func 401150 with 1 insts
    I: 4015d7 (flow 4015dc)
      Successors: 4015dc
  BB: 402ddb in func 401150 with 2 insts
    I: 402ddb
    I: 402de5 (flow 402ed7)
      Successors: 402ed7
  BB: 4015dc in func 401150 with 3 insts
    I: 4015dc
    I: 4015e2
    I: 4015e7 (flow 401b53)
      Successors: 401b53, 4015ed
  BB: 4013dd in func 401150 with 1 insts
    I: 4013dd (flow 4013e2)
      Successors: 4013e2
  BB: 4023e0 in func 401150 with 40 insts
    I: 4023e0 (imm 40502c)
    I: 4023e7
    I: 4023e9 (imm 405030)
    I: 4023f0
    I: 4023f2
    I: 4023f4
    I: 4023f7
    I: 4023f9
    I: 4023fb
    I: 4023fe
    I: 402401
    I: 402404
    I: 402408
    I: 40240b
    I: 40240f
    I: 402412
    I: 402414
    I: 402417
    I: 40241b
    I: 40241d
    I: 402420
    I: 402422
    I: 402425
    I: 402428
    I: 40242b
    I: 40242f
    I: 402432
    I: 402435
    I: 402438
    I: 40243b
    I: 40243e
    I: 402440
    I: 402443
    I: 402445
    I: 402447
    I: 40244c
    I: 402451
    I: 402454
    I: 402457
    I: 40245d (flow 402ed7)
      Successors: 402ed7
  BB: 4019e1 in func 401150 with 25 insts
    I: 4019e1
    I: 4019e8 (imm 40502c)
    I: 4019ef
    I: 4019f1 (imm 405030)
    I: 4019f8
    I: 4019fa
    I: 4019fc
    I: 401a02
    I: 401a05
    I: 401a0b
    I: 401a0e
    I: 401a11
    I: 401a14
    I: 401a17
    I: 401a1a
    I: 401a1d
    I: 401a1f
    I: 401a21
    I: 401a23
    I: 401a25
    I: 401a2a
    I: 401a2f
    I: 401a32
    I: 401a35
    I: 401a3b (flow 402ed7)
      Successors: 402ed7
  BB: 4013e2 in func 401150 with 3 insts
    I: 4013e2
    I: 4013e8
    I: 4013ed (flow 402884)
      Successors: 4013f3, 402884
  BB: 4011e3 in func 401150 with 1 insts
    I: 4011e3 (flow 4011e8)
      Successors: 4011e8
  BB: 401be2 in func 401150 with 40 insts
    I: 401be2 (imm 40502c)
    I: 401be9
    I: 401beb (imm 405030)
    I: 401bf2
    I: 401bf4
    I: 401bf6
    I: 401bfc
    I: 401bff
    I: 401c05
    I: 401c08
    I: 401c0b
    I: 401c0e
    I: 401c12
    I: 401c15
    I: 401c19
    I: 401c1c
    I: 401c1e
    I: 401c21
    I: 401c25
    I: 401c27
    I: 401c2a
    I: 401c2c
    I: 401c2f
    I: 401c32
    I: 401c35
    I: 401c39
    I: 401c3c
    I: 401c3f
    I: 401c42
    I: 401c45
    I: 401c48
    I: 401c4a
    I: 401c4d
    I: 401c4f
    I: 401c51
    I: 401c56
    I: 401c5b
    I: 401c5e
    I: 401c61
    I: 401c67 (flow 402ed7)
      Successors: 402ed7
  BB: 4025e3 in func 401150 with 12 insts
    I: 4025e3
    I: 4025ea
    I: 4025f2
    I: 4025f9
    I: 4025fd
    I: 402600
    I: 402604
    I: 402609
    I: 40260e
    I: 402612
    I: 402615
    I: 40261b (flow 402ed7)
      Successors: 402ed7
  BB: 4017e7 in func 401150 with 1 insts
    I: 4017e7 (flow 4017ec)
      Successors: 4017ec
  BB: 4011e8 in func 401150 with 3 insts
    I: 4011e8
    I: 4011ee
    I: 4011f3 (flow 402eba)
      Successors: 4011f9, 402eba
  BB: 4021e7 in func 401150 with 7 insts
    I: 4021e7
    I: 4021ea
    I: 4021ef
    I: 4021f4
    I: 4021f7
    I: 4021fa
    I: 402200 (flow 402ed7)
      Successors: 402ed7
  BB: 402dea in func 401150 with 2 insts
    I: 402dea
    I: 402df4 (flow 402ed7)
      Successors: 402ed7
  BB: 4017ec in func 401150 with 3 insts
    I: 4017ec
    I: 4017f2
    I: 4017f7 (flow 402778)
      Successors: 402778, 4017fd
  BB: 4015ed in func 401150 with 1 insts
    I: 4015ed (flow 4015f2)
      Successors: 4015f2
  BB: 4027ee in func 401150 with 44 insts
    I: 4027ee
    I: 4027f2
    I: 4027f5
    I: 4027f7
    I: 4027fa (imm 40502c)
    I: 402801
    I: 402803 (imm 405030)
    I: 40280a
    I: 40280c
    I: 40280e
    I: 402814
    I: 402817
    I: 40281d
    I: 402820
    I: 402823
    I: 402826
    I: 40282a
    I: 40282d
    I: 402831
    I: 402834
    I: 402836
    I: 402839
    I: 40283d
    I: 40283f
    I: 402842
    I: 402844
    I: 402847
    I: 40284a
    I: 40284d
    I: 402851
    I: 402854
    I: 402857
    I: 40285a
    I: 40285d
    I: 402860
    I: 402862
    I: 402865
    I: 402867
    I: 402869
    I: 40286e
    I: 402873
    I: 402876
    I: 402879
    I: 40287f (flow 402ed7)
      Successors: 402ed7
  BB: 402bee in func 401150 with 2 insts
    I: 402bee
    I: 402bf8 (flow 402ed7)
      Successors: 402ed7
  BB: 4015f2 in func 401150 with 3 insts
    I: 4015f2
    I: 4015f8
    I: 4015fd (flow 402e2f)
      Successors: 401603, 402e2f
  BB: 4013f3 in func 401150 with 1 insts
    I: 4013f3 (flow 4013f8)
      Successors: 4013f8
  BB: 401df5 in func 401150 with 78 insts
    I: 401df5 (imm 403004)
    I: 401dff
    I: 401e03
    I: 401e07
    I: 401e0b
    I: 401e0d (flow 405050)
    I: 401e12
    I: 401e15
    I: 401e18
    I: 401e1d
    I: 401e20
    I: 401e25
    I: 401e28
    I: 401e2f
    I: 401e33
    I: 401e36
    I: 401e39
    I: 401e3f
    I: 401e42
    I: 401e48
    I: 401e4b
    I: 401e4e
    I: 401e51
    I: 401e54
    I: 401e56
    I: 401e59
    I: 401e5b
    I: 401e5e
    I: 401e65
    I: 401e69
    I: 401e6c
    I: 401e6f
    I: 401e71
    I: 401e73
    I: 401e75
    I: 401e77
    I: 401e79
    I: 401e7b
    I: 401e7d
    I: 401e80
    I: 401e83
    I: 401e85
    I: 401e88
    I: 401e8a
    I: 401e8d
    I: 401e94
    I: 401e98
    I: 401e9b
    I: 401e9e
    I: 401ea4
    I: 401ea7
    I: 401ead
    I: 401eb0
    I: 401eb3
    I: 401eb6
    I: 401eb8
    I: 401ebb
    I: 401ebd
    I: 401ec0
    I: 401ec7
    I: 401ecb
    I: 401ece
    I: 401ed1
    I: 401ed7
    I: 401eda
    I: 401ee0
    I: 401ee3
    I: 401ee6
    I: 401ee9
    I: 401eec
    I: 401ef1
    I: 401ef4
    I: 401ef9
    I: 401efc
    I: 401f03
    I: 401f07
    I: 401f0a
    I: 401f0d
      Successors: 401f0f
  BB: 4013f8 in func 401150 with 3 insts
    I: 4013f8
    I: 4013fe
    I: 401403 (flow 402586)
      Successors: 401409, 402586
  BB: 402df9 in func 401150 with 12 insts
    I: 402df9
    I: 402dfd
    I: 402e04
    I: 402e08
    I: 402e0b
    I: 402e0e
    I: 402e11
    I: 402e16
    I: 402e18
    I: 402e1d
    I: 402e20
    I: 402e2a (flow 402ed7)
      Successors: 402ed7
  BB: 402bfd in func 401150 with 2 insts
    I: 402bfd
    I: 402c07 (flow 402ed7)
      Successors: 402ed7
  BB: 4011fe in func 401150 with 3 insts
    I: 4011fe
    I: 401204
    I: 401209 (flow 402462)
      Successors: 402462, 40120f
Recovering .term_proc at 402edc
  Analysing subroutine .term_proc at 402edc
    Block head at 00402ee9 is not code.
  Subroutine .term_proc at 402edc has 1 blocks
  BB: 402edc in func 402edc with 4 insts
    I: 402edc
    I: 402ee0
    I: 402ee4
    I: 402ee8
      No successors
Global Variable None
WARNING: Global constructor and destructor sections are adjacent!
Recovering region LOAD [400000, 400520) in segment LOAD
  8-byte reference at 400018 to 401060 (start)
  8-byte reference at 4000f8 to 401000 (.init_proc)
  8-byte reference at 400130 to 403000 ()
  8-byte reference at 400168 to 404de8 ()
  8-byte reference at 400280 to 403014 ()
  8-byte reference at 4002f0 to 404de8 ()
Recovering region .init [401000, 40101b) in segment .init
Recovering region LOAD [40101b, 401020) in segment LOAD
Recovering region .plt [401020, 401060) in segment .plt
  4-byte reference at 40102c to 401f0f ()
Recovering region .text [401060, 402edc) in segment .text
Recovering region .fini [402edc, 402ee9) in segment .fini
Recovering region .rodata [403000, 403011) in segment .rodata
  Variable aDDD at 403004
  Variable format at 40300d
Recovering region LOAD [403011, 403014) in segment LOAD
Recovering region .eh_frame_hdr [403014, 403040) in segment .eh_frame_hdr
Recovering region .eh_frame [403040, 4030d0) in segment .eh_frame
Recovering region LOAD [4030d0, 403110) in segment LOAD
Recovering region .init_array [404de8, 404df8) in segment .init_array
  8-byte reference at 404de8 to 401140 ()
  8-byte reference at 404df0 to 401110 ()
Recovering region LOAD [404df8, 404fd8) in segment LOAD
Recovering region .got [404fd8, 404fe8) in segment .got
  8-byte reference at 404fd8 to 405038 (__libc_start_main)
  8-byte reference at 404fe0 to 405058 (__gmon_start__)
Recovering region .got.plt [404fe8, 405018) in segment .got.plt
  8-byte reference at 405000 to 405040 (printf)
  8-byte reference at 405008 to 405048 (memset)
  8-byte reference at 405010 to 405050 (__isoc99_scanf)
Recovering region .data [405018, 405028) in segment .data
Recovering region .bss [405028, 405038) in segment .bss
Recovering extern function printf at 401030
Recovering extern function memset at 401040
Recovering extern function __isoc99_scanf at 401050
Recovering extern function __libc_start_main at 405038
Recovering extern function printf at 405040
Recovering extern function memset at 405048
Recovering extern function __isoc99_scanf at 405050
Recovering extern function __gmon_start__ at 405058
Recovered 8 functions.
Saving to: /home/ubuntu/capstone_project/result/pipeline_20260629_141746/s478751282_fla_bcf_instsub.cfg
Done analysis!
