Debugging is enabled.
Loading Standard Definitions file: /home/ubuntu/capstone_project/dependency/mcsema/mcsema/lib/python3/site-packages/mcsema_disass-3.1.3.8-py3.8.egg/mcsema_disass/defs/linux.txt
Using Batch mode.
Starting analysis
Recovering module s478751282_bcf.elf
Found main at 401150
Looking for instructions in segment .init
  Default block heads for function 401000 with loose bounds [401000, 40101b)
    block [401000, 401014)
    block [401014, 401016)
    block [401016, 40101b)
    chunk [401000, 40101b)
Looking for instructions in segment .plt
  Default block heads for function 401020 with loose bounds [401020, 40102c)
    block [401020, 40102c)
    chunk [401020, 40102c)
  Default block heads for function 401030 with loose bounds [401030, 401036)
    block [401030, 401036)
    chunk [401030, 401036)
  Default block heads for function 401040 with loose bounds [401040, 401046)
    block [401040, 401046)
    chunk [401040, 401046)
  Default block heads for function 401050 with loose bounds [401050, 401056)
    block [401050, 401056)
    chunk [401050, 401056)
Looking for instructions in segment .text
  Default block heads for function 401060 with loose bounds [401060, 401086)
    block [401060, 401086)
    chunk [401060, 401086)
  Default block heads for function 4010a0 with loose bounds [4010a0, 4010c1)
    block [4010a0, 4010ad)
    block [4010ad, 4010b7)
    block [4010b7, 4010be)
    block [4010c0, 4010c1)
    chunk [4010a0, 4010c1)
  Default block heads for function 401110 with loose bounds [401110, 401131)
    block [401110, 40111d)
    block [40111d, 40112f)
    block [401130, 401131)
    chunk [401110, 401131)
  Default block heads for function 401140 with loose bounds [401140, 401146)
    block [401140, 401146)
    chunk [401140, 401146)
    chunk [4010d0, 401101)
  Default block heads for function 401150 with loose bounds [401150, 401d94)
    block [401150, 4011ac)
    block [4011ac, 4011b6)
    block [4011b6, 4011bd)
    block [4011bd, 4011c7)
    block [4011c7, 4011fa)
    block [4011fa, 4011ff)
    block [4011ff, 401239)
    block [401239, 40123e)
    block [40123e, 401243)
    block [401243, 40124d)
    block [40124d, 40129d)
    block [40129d, 4012a2)
    block [4012a2, 4012de)
    block [4012de, 4012e3)
    block [4012e3, 4012e8)
    block [4012e8, 40131b)
    block [40131b, 401320)
    block [401320, 401353)
    block [401353, 401358)
    block [401358, 40135d)
    block [40135d, 40136b)
    block [40136b, 401372)
    block [401372, 401383)
    block [401383, 40149f)
    block [40149f, 4014a4)
    block [4014a4, 4014e0)
    block [4014e0, 4014e5)
    block [4014e5, 4014ea)
    block [4014ea, 4014f1)
    block [4014f1, 401524)
    block [401524, 401529)
    block [401529, 40156b)
    block [40156b, 401570)
    block [401570, 40157e)
    block [40157e, 401583)
    block [401583, 40159f)
    block [40159f, 4015d2)
    block [4015d2, 4015d7)
    block [4015d7, 401617)
    block [401617, 40161c)
    block [40161c, 40162a)
    block [40162a, 40162f)
    block [40162f, 40164f)
    block [40164f, 40166b)
    block [40166b, 401688)
    block [401688, 40168d)
    block [40168d, 401692)
    block [401692, 4016c5)
    block [4016c5, 4016ca)
    block [4016ca, 401706)
    block [401706, 40170b)
    block [40170b, 401710)
    block [401710, 401743)
    block [401743, 401748)
    block [401748, 40177b)
    block [40177b, 401780)
    block [401780, 401785)
    block [401785, 4017b8)
    block [4017b8, 4017bd)
    block [4017bd, 401800)
    block [401800, 401805)
    block [401805, 401813)
    block [401813, 401818)
    block [401818, 40184b)
    block [40184b, 401850)
    block [401850, 401894)
    block [401894, 401899)
    block [401899, 40189e)
    block [40189e, 4018aa)
    block [4018aa, 4018d5)
    block [4018d5, 401908)
    block [401908, 40190d)
    block [40190d, 40195f)
    block [40195f, 401964)
    block [401964, 401972)
    block [401972, 401977)
    block [401977, 4019aa)
    block [4019aa, 4019af)
    block [4019af, 401a01)
    block [401a01, 401a06)
    block [401a06, 401a14)
    block [401a14, 401a19)
    block [401a19, 401a23)
    block [401a23, 401aaf)
    block [401aaf, 401ab4)
    block [401ab4, 401ae7)
    block [401ae7, 401aec)
    block [401aec, 401b28)
    block [401b28, 401b2d)
    block [401b2d, 401b32)
    block [401b32, 401b3f)
    block [401b3f, 401b4e)
    block [401b4e, 401b5f)
    block [401b5f, 401b92)
    block [401b92, 401b97)
    block [401b97, 401bd1)
    block [401bd1, 401bd6)
    block [401bd6, 401bdb)
    block [401bdb, 401be7)
    block [401be7, 401c05)
    block [401c05, 401c1d)
    block [401c1d, 401c50)
    block [401c50, 401c55)
    block [401c55, 401c88)
    block [401c88, 401c8d)
    block [401c8d, 401c92)
    block [401c92, 401ca0)
    block [401ca0, 401cfb)
    block [401cfb, 401d06)
    block [401d06, 401d12)
    block [401d12, 401d20)
    block [401d20, 401d25)
    block [401d25, 401d33)
    block [401d33, 401d38)
    block [401d38, 401d3d)
    block [401d3d, 401d4b)
    block [401d4b, 401d50)
    block [401d50, 401d55)
    block [401d55, 401d6b)
    block [401d6b, 401d70)
    block [401d70, 401d75)
    block [401d75, 401d83)
    block [401d83, 401d8f)
    block [401d8f, 401d94)
    chunk [401150, 401d94)
Looking for instructions in segment .fini
  Default block heads for function 401d94 with loose bounds [401d94, 401da1)
    block [401d94, 401da1)
    chunk [401d94, 401da1)
Looking for strings in segment .rodata [402000, 402011)
  Found string b'%d %d %d' of length 9 at 402004, jumping to 40200d
  Found string b'%d\n' of length 4 at 40200d, jumping to 402011
Looking for strings in segment .eh_frame_hdr [402014, 402040)
Looking for strings in segment .eh_frame [402040, 4020d0)
Looking for strings in segment .init_array [403de8, 403df0)
Looking for strings in segment .fini_array [403df0, 403df8)
Looking for strings in segment .got [403fd8, 403fe8)
Looking for strings in segment .got.plt [403fe8, 404018)
Looking for strings in segment .data [404018, 404028)
Looking for strings in segment .bss [404028, 404038)
Looking for strings in segment extern [404038, 404060)
Looking for cross-references in segment .init [401000, 40101b)
Looking for cross-references in segment .plt [401020, 401060)
  Stopping scan at 40102c
Looking for cross-references in segment .text [401060, 401d94)
  Stopping scan at 40108c
  Stopping scan at 40109c
  Stopping scan at ffffffffffffffff
  Stopping scan at 4010cc
  Stopping scan at 40110c
  Stopping scan at ffffffffffffffff
  Stopping scan at 40113c
  Stopping scan at 40114c
Looking for cross-references in segment .fini [401d94, 401da1)
Looking for cross-references in segment .rodata [402000, 402011)
  Found string at 402004, jumping to 40200d
  Found string at 40200d, jumping to 402011
  Stopping scan at 40200d
Looking for cross-references in segment .eh_frame_hdr [402014, 402040)
  Stopping scan at 40203c
Looking for cross-references in segment .eh_frame [402040, 4020d0)
  Stopping scan at 4020cc
Looking for cross-references in segment .init_array [403de8, 403df0)
  Adding qword reference from 403de8 to 401140
  Stopping scan at 403de8
Looking for cross-references in segment .fini_array [403df0, 403df8)
  Adding qword reference from 403df0 to 401110
  Stopping scan at 403df0
Looking for cross-references in segment .got [403fd8, 403fe8)
  Adding qword reference from 403fd8 to 404038
  Adding qword reference from 403fe0 to 404058
  Stopping scan at 403fe0
Looking for cross-references in segment .got.plt [403fe8, 404018)
  Adding qword reference from 404000 to 404040
  Adding qword reference from 404008 to 404048
  Adding qword reference from 404010 to 404050
  Stopping scan at 404010
Looking for cross-references in segment .data [404018, 404028)
  Stopping scan at 404024
Looking for cross-references in segment .bss [404028, 404038)
  Stopping scan at 404034
Looking for cross-references in segment extern [404038, 404060)
  Stopping scan at 40405c
Looking for thunks
  Found thunk for printf targeting 404040 at 401030
  Found thunk for memset targeting 404048 at 401040
  Found thunk for __isoc99_scanf targeting 404050 at 401050
Looking for external symbols
  Function at 401030 is the external function printf
  Function at 401040 is the external function memset
  Function at 401050 is the external function __isoc99_scanf
  Function at 404038 is the external function __libc_start_main
  Function at 404040 is the external function printf
  Function at 404048 is the external function memset
  Function at 404050 is the external function __isoc99_scanf
  Function at 404058 is the external function __gmon_start__
Looking for entrypoints
Recovering .init_proc at 401000
  Analysing subroutine .init_proc at 401000
    Block head at 0040101b is not code.
  Subroutine .init_proc at 401000 has 3 blocks
  BB: 401000 in func 401000 with 5 insts
    Referenced by data
    I: 401000
    I: 401004
    I: 401008 (mem 403fe0)
    I: 40100f
    I: 401012 (flow 401016)
      Successors: 401014, 401016
  BB: 401014 in func 401000 with 1 insts
    I: 401014
      Successors: 401016
  BB: 401016 in func 401000 with 2 insts
    I: 401016
    I: 40101a
      No successors
Recovering 401020
  Analysing subroutine sub_401020 at 401020
  WARNING: No table entries for indirect jump at 401026; Adding next_ea 40102c as successor.
  Subroutine sub_401020 at 401020 has 2 blocks
  WARNING: No table entries for indirect jump at 401026; Adding next_ea 40102c as successor.
  BB: 401020 in func 401020 with 2 insts
    I: 401020 (mem 403ff0)
    I: 401026 (mem 403ff8)
      Successors: 40102c
  BB: 40102c in func 401020 with 1 insts
    I: 40102c
      No successors
Recovering start at 401060
  Analysing subroutine start at 401060
  Subroutine start at 401060 has 3 blocks
  BB: 401060 in func 401060 with 13 insts
    Referenced by data
    I: 401060
    I: 401064
    I: 401066
    I: 401069
    I: 40106a
    I: 40106d
    I: 401071
    I: 401072
    I: 401073
    I: 401076
    I: 401078 (imm 401150)
    I: 40107f (mem 403fd8)
    I: 401085
      No successors
  BB: 401095 in func 401060 with 2 insts
    I: 401095
    I: 40109f
      No successors
  BB: 401086 in func 401060 with 3 insts
    I: 401086
    I: 401090
    I: 401094
      No successors
Recovering 4010a0
  Analysing subroutine sub_4010A0 at 4010a0
  WARNING: No table entries for indirect jump at 4010bc; Adding next_ea 4010be as successor.
  WARNING: No table entries for indirect jump at 4010fe; Adding next_ea 401100 as successor.
  Subroutine sub_4010A0 at 4010a0 has 11 blocks
  BB: 4010a0 in func 4010a0 with 3 insts
    I: 4010a0 (imm 404028)
    I: 4010a5 (imm 404028)
    I: 4010ab (flow 4010c0)
      Successors: 4010c0, 4010ad
  BB: 4010c0 in func 4010a0 with 1 insts
    I: 4010c0
      No successors
  BB: 4010c1 in func 4010a0 with 2 insts
    I: 4010c1
    I: 4010c5
      Successors: 4010d0
  BB: 401100 in func 4010a0 with 1 insts
    I: 401100
      No successors
  BB: 401101 in func 4010a0 with 2 insts
    I: 401101
    I: 401105
      No successors
  BB: 4010ad in func 4010a0 with 3 insts
    I: 4010ad
    I: 4010b2
    I: 4010b5 (flow 4010c0)
      Successors: 4010c0, 4010b7
  BB: 4010ef in func 4010a0 with 3 insts
    I: 4010ef
    I: 4010f4
    I: 4010f7 (flow 401100)
      Successors: 401100, 4010f9
  BB: 4010d0 in func 4010a0 with 8 insts
    I: 4010d0 (imm 404028)
    I: 4010d5 (imm 404028)
    I: 4010dc
    I: 4010df
    I: 4010e3
    I: 4010e7
    I: 4010ea
    I: 4010ed (flow 401100)
      Successors: 401100, 4010ef
  WARNING: No table entries for indirect jump at 4010bc; Adding next_ea 4010be as successor.
  BB: 4010b7 in func 4010a0 with 2 insts
    I: 4010b7 (imm 404028)
    I: 4010bc
      Successors: 4010be
  WARNING: No table entries for indirect jump at 4010fe; Adding next_ea 401100 as successor.
  BB: 4010f9 in func 4010a0 with 2 insts
    I: 4010f9 (imm 404028)
    I: 4010fe
      Successors: 401100
  BB: 4010be in func 4010a0 with 1 insts
    I: 4010be
      Successors: 4010c0
Recovering 401110
  Analysing subroutine sub_401110 at 401110
  Subroutine sub_401110 at 401110 has 5 blocks
  BB: 40112f in func 401110 with 1 insts
    I: 40112f
      Successors: 401130
  BB: 401110 in func 401110 with 3 insts
    Referenced by data
    I: 401110
    I: 401114 (mem 404028)
    I: 40111b (flow 401130)
      Successors: 401130, 40111d
  BB: 401131 in func 401110 with 2 insts
    I: 401131
    I: 401135
      No successors
  BB: 401130 in func 401110 with 1 insts
    I: 401130
      No successors
  BB: 40111d in func 401110 with 6 insts
    I: 40111d
    I: 40111e
    I: 401121 (flow 4010a0)
    I: 401126 (mem 404028)
    I: 40112d
    I: 40112e
      No successors
Recovering 401140
  Analysing subroutine sub_401140 at 401140
  WARNING: No table entries for indirect jump at 4010fe; Adding next_ea 401100 as successor.
  Subroutine sub_401140 at 401140 has 6 blocks
  BB: 401140 in func 401140 with 2 insts
    Referenced by data
    I: 401140
    I: 401144 (flow 4010d0)
      Successors: 4010d0
  BB: 401100 in func 401140 with 1 insts
    I: 401100
      No successors
  BB: 401146 in func 401140 with 1 insts
    I: 401146
      No successors
  BB: 4010ef in func 401140 with 3 insts
    I: 4010ef
    I: 4010f4
    I: 4010f7 (flow 401100)
      Successors: 401100, 4010f9
  BB: 4010d0 in func 401140 with 8 insts
    I: 4010d0 (imm 404028)
    I: 4010d5 (imm 404028)
    I: 4010dc
    I: 4010df
    I: 4010e3
    I: 4010e7
    I: 4010ea
    I: 4010ed (flow 401100)
      Successors: 401100, 4010ef
  WARNING: No table entries for indirect jump at 4010fe; Adding next_ea 401100 as successor.
  BB: 4010f9 in func 401140 with 2 insts
    I: 4010f9 (imm 404028)
    I: 4010fe
      Successors: 401100
Recovering main at 401150
  Analysing subroutine main at 401150
  Subroutine main at 401150 has 124 blocks
  BB: 401800 in func 401150 with 1 insts
    I: 401800 (flow 401d50)
      Successors: 401d50
  BB: 401a01 in func 401150 with 1 insts
    I: 401a01 (flow 401d70)
      Successors: 401d70
  BB: 401c05 in func 401150 with 6 insts
    I: 401c05
    I: 401c09
    I: 401c10
    I: 401c14
    I: 401c17
    I: 401c1a
      Successors: 401c1d
  BB: 401805 in func 401150 with 3 insts
    I: 401805
    I: 40180b
    I: 40180d (flow 401818)
      Successors: 401818, 401813
  BB: 401a06 in func 401150 with 3 insts
    I: 401a06
    I: 401a0c
    I: 401a0e (flow 401a19)
      Successors: 401a19, 401a14
  BB: 401813 in func 401150 with 1 insts
    I: 401813 (flow 401b5f)
      Successors: 401b5f
  BB: 401a14 in func 401150 with 1 insts
    I: 401a14 (flow 401aaf)
      Successors: 401aaf
  BB: 401617 in func 401150 with 1 insts
    I: 401617 (flow 401d38)
      Successors: 401d38
  BB: 401818 in func 401150 with 15 insts
    I: 401818 (imm 40402c)
    I: 40181f
    I: 401821 (imm 404030)
    I: 401828
    I: 40182a
    I: 40182c
    I: 40182f
    I: 401832
    I: 401835
    I: 401838
    I: 40183b
    I: 40183e
    I: 401841
    I: 401843
    I: 401845 (flow 401850)
      Successors: 401850, 40184b
  BB: 401a19 in func 401150 with 2 insts
    I: 401a19
    I: 401a1d (flow 401aaf)
      Successors: 401a23, 401aaf
  BB: 40161c in func 401150 with 3 insts
    I: 40161c
    I: 401622
    I: 401624 (flow 40162f)
      Successors: 40162a, 40162f
  BB: 401c1d in func 401150 with 15 insts
    I: 401c1d (imm 40402c)
    I: 401c24
    I: 401c26 (imm 404030)
    I: 401c2d
    I: 401c2f
    I: 401c31
    I: 401c34
    I: 401c37
    I: 401c3a
    I: 401c3d
    I: 401c40
    I: 401c43
    I: 401c46
    I: 401c48
    I: 401c4a (flow 401c55)
      Successors: 401c50, 401c55
  BB: 401a23 in func 401150 with 29 insts
    I: 401a23
    I: 401a2a
    I: 401a32
    I: 401a39
    I: 401a3d
    I: 401a40
    I: 401a44
    I: 401a47
    I: 401a4e
    I: 401a56
    I: 401a5d
    I: 401a61
    I: 401a64
    I: 401a67
    I: 401a6b
    I: 401a72
    I: 401a76
    I: 401a79
    I: 401a7c
    I: 401a7f
    I: 401a85
    I: 401a88
    I: 401a8a
    I: 401a91
    I: 401a97
    I: 401a9a
    I: 401aa0
    I: 401aa6
    I: 401aa9
      Successors: 401aaf
  BB: 40162a in func 401150 with 1 insts
    I: 40162a (flow 40164f)
      Successors: 40164f
  BB: 40162f in func 401150 with 8 insts
    I: 40162f
    I: 401633
    I: 40163a
    I: 40163e
    I: 401641
    I: 401644
    I: 401647
    I: 40164a (flow 40168d)
      Successors: 40168d
  BB: 401239 in func 401150 with 1 insts
    I: 401239 (flow 401d06)
      Successors: 401d06
  BB: 40123e in func 401150 with 1 insts
    I: 40123e (flow 401243)
      Successors: 401243
  BB: 401243 in func 401150 with 2 insts
    I: 401243
    I: 401247 (flow 4012e8)
      Successors: 4012e8, 40124d
  BB: 40184b in func 401150 with 1 insts
    I: 40184b (flow 401d55)
      Successors: 401d55
  BB: 40124d in func 401150 with 21 insts
    I: 40124d
    I: 401251
    I: 401258
    I: 40125c
    I: 40125f
    I: 401263
    I: 40126a (imm 40402c)
    I: 401271
    I: 401273 (imm 404030)
    I: 40127a
    I: 40127c
    I: 40127e
    I: 401281
    I: 401284
    I: 401287
    I: 40128a
    I: 40128d
    I: 401290
    I: 401293
    I: 401295
    I: 401297 (flow 4012a2)
      Successors: 4012a2, 40129d
  BB: 40164f in func 401150 with 6 insts
    I: 40164f
    I: 401653
    I: 40165a
    I: 40165e
    I: 401661
    I: 401665 (flow 401688)
      Successors: 401688, 40166b
  BB: 401850 in func 401150 with 17 insts
    I: 401850
    I: 40185a
    I: 401861 (imm 40402c)
    I: 401868
    I: 40186a (imm 404030)
    I: 401871
    I: 401873
    I: 401875
    I: 401878
    I: 40187b
    I: 40187e
    I: 401881
    I: 401884
    I: 401887
    I: 40188a
    I: 40188c
    I: 40188e (flow 401899)
      Successors: 401899, 401894
  BB: 401c50 in func 401150 with 1 insts
    I: 401c50 (flow 401d8f)
      Successors: 401d8f
  BB: 401c55 in func 401150 with 15 insts
    I: 401c55 (imm 40402c)
    I: 401c5c
    I: 401c5e (imm 404030)
    I: 401c65
    I: 401c67
    I: 401c69
    I: 401c6c
    I: 401c6f
    I: 401c72
    I: 401c75
    I: 401c78
    I: 401c7b
    I: 401c7e
    I: 401c80
    I: 401c82 (flow 401c8d)
      Successors: 401c88, 401c8d
  BB: 40166b in func 401150 with 8 insts
    I: 40166b
    I: 40166f
    I: 401676
    I: 40167a
    I: 40167d
    I: 401680
    I: 401683
    I: 401685
      Successors: 401688
  BB: 401688 in func 401150 with 1 insts
    I: 401688 (flow 40168d)
      Successors: 40168d
  BB: 401c88 in func 401150 with 1 insts
    I: 401c88 (flow 401d8f)
      Successors: 401d8f
  BB: 40168d in func 401150 with 1 insts
    I: 40168d (flow 401692)
      Successors: 401692
  BB: 401c8d in func 401150 with 1 insts
    I: 401c8d (flow 401c92)
      Successors: 401c92
  BB: 401692 in func 401150 with 15 insts
    I: 401692 (imm 40402c)
    I: 401699
    I: 40169b (imm 404030)
    I: 4016a2
    I: 4016a4
    I: 4016a6
    I: 4016a9
    I: 4016ac
    I: 4016af
    I: 4016b2
    I: 4016b5
    I: 4016b8
    I: 4016bb
    I: 4016bd
    I: 4016bf (flow 4016ca)
      Successors: 4016ca, 4016c5
  BB: 401c92 in func 401150 with 4 insts
    I: 401c92
    I: 401c95
    I: 401c98
    I: 401c9b (flow 401bdb)
      Successors: 401bdb
  BB: 401894 in func 401150 with 1 insts
    I: 401894 (flow 401d55)
      Successors: 401d55
  BB: 401899 in func 401150 with 1 insts
    I: 401899 (flow 40189e)
      Successors: 40189e
  BB: 40129d in func 401150 with 1 insts
    I: 40129d (flow 401d12)
      Successors: 401d12
  BB: 40189e in func 401150 with 3 insts
    I: 40189e
    I: 4018a1
    I: 4018a4 (flow 401b32)
      Successors: 4018aa, 401b32
  BB: 40149f in func 401150 with 1 insts
    I: 40149f (flow 401d25)
      Successors: 401d25
  BB: 401ca0 in func 401150 with 17 insts
    I: 401ca0
    I: 401ca3
    I: 401ca6
    I: 401ca8
    I: 401cab
    I: 401cae (imm 40200d)
    I: 401cb8
    I: 401cba (flow 404040)
    I: 401cbf (imm 40200a)
    I: 401cc9
    I: 401ccd
    I: 401ccf (flow 404050)
    I: 401cd4
    I: 401cdb
    I: 401ce5
    I: 401cef
    I: 401cf6 (flow 4011ac)
      Successors: 4011ac
  BB: 4012a2 in func 401150 with 18 insts
    I: 4012a2
    I: 4012a5
    I: 4012a8
    I: 4012ab (imm 40402c)
    I: 4012b2
    I: 4012b4 (imm 404030)
    I: 4012bb
    I: 4012bd
    I: 4012bf
    I: 4012c2
    I: 4012c5
    I: 4012c8
    I: 4012cb
    I: 4012ce
    I: 4012d1
    I: 4012d4
    I: 4012d6
    I: 4012d8 (flow 4012e3)
      Successors: 4012e3, 4012de
  BB: 4014a4 in func 401150 with 18 insts
    I: 4014a4
    I: 4014a7
    I: 4014aa
    I: 4014ad (imm 40402c)
    I: 4014b4
    I: 4014b6 (imm 404030)
    I: 4014bd
    I: 4014bf
    I: 4014c1
    I: 4014c4
    I: 4014c7
    I: 4014ca
    I: 4014cd
    I: 4014d0
    I: 4014d3
    I: 4014d6
    I: 4014d8
    I: 4014da (flow 4014e5)
      Successors: 4014e0, 4014e5
  BB: 4018aa in func 401150 with 8 insts
    I: 4018aa
    I: 4018b1
    I: 4018b9
    I: 4018c0
    I: 4018c4
    I: 4018c7
    I: 4018cb
    I: 4018cf (flow 401aaf)
      Successors: 4018d5, 401aaf
  BB: 401aaf in func 401150 with 1 insts
    I: 401aaf (flow 401ab4)
      Successors: 401ab4
  BB: 401ab4 in func 401150 with 15 insts
    I: 401ab4 (imm 40402c)
    I: 401abb
    I: 401abd (imm 404030)
    I: 401ac4
    I: 401ac6
    I: 401ac8
    I: 401acb
    I: 401ace
    I: 401ad1
    I: 401ad4
    I: 401ad7
    I: 401ada
    I: 401add
    I: 401adf
    I: 401ae1 (flow 401aec)
      Successors: 401aec, 401ae7
  BB: 4016c5 in func 401150 with 1 insts
    I: 4016c5 (flow 401d3d)
      Successors: 401d3d
  BB: 4016ca in func 401150 with 18 insts
    I: 4016ca
    I: 4016cd
    I: 4016d0
    I: 4016d3 (imm 40402c)
    I: 4016da
    I: 4016dc (imm 404030)
    I: 4016e3
    I: 4016e5
    I: 4016e7
    I: 4016ea
    I: 4016ed
    I: 4016f0
    I: 4016f3
    I: 4016f6
    I: 4016f9
    I: 4016fc
    I: 4016fe
    I: 401700 (flow 40170b)
      Successors: 40170b, 401706
  BB: 4018d5 in func 401150 with 15 insts
    I: 4018d5 (imm 40402c)
    I: 4018dc
    I: 4018de (imm 404030)
    I: 4018e5
    I: 4018e7
    I: 4018e9
    I: 4018ec
    I: 4018ef
    I: 4018f2
    I: 4018f5
    I: 4018f8
    I: 4018fb
    I: 4018fe
    I: 401900
    I: 401902 (flow 40190d)
      Successors: 401908, 40190d
  BB: 4012de in func 401150 with 1 insts
    I: 4012de (flow 401d12)
      Successors: 401d12
  BB: 4014e0 in func 401150 with 1 insts
    I: 4014e0 (flow 401d25)
      Successors: 401d25
  BB: 4012e3 in func 401150 with 1 insts
    I: 4012e3 (flow 401243)
      Successors: 401243
  BB: 4014e5 in func 401150 with 1 insts
    I: 4014e5 (flow 401372)
      Successors: 401372
  BB: 401ae7 in func 401150 with 1 insts
    I: 401ae7 (flow 401d75)
      Successors: 401d75
  BB: 4012e8 in func 401150 with 15 insts
    I: 4012e8 (imm 40402c)
    I: 4012ef
    I: 4012f1 (imm 404030)
    I: 4012f8
    I: 4012fa
    I: 4012fc
    I: 4012ff
    I: 401302
    I: 401305
    I: 401308
    I: 40130b
    I: 40130e
    I: 401311
    I: 401313
    I: 401315 (flow 401320)
      Successors: 401320, 40131b
  BB: 4014ea in func 401150 with 1 insts
    I: 4014ea
      Successors: 4014f1
  BB: 401aec in func 401150 with 18 insts
    I: 401aec
    I: 401aef
    I: 401af2
    I: 401af5 (imm 40402c)
    I: 401afc
    I: 401afe (imm 404030)
    I: 401b05
    I: 401b07
    I: 401b09
    I: 401b0c
    I: 401b0f
    I: 401b12
    I: 401b15
    I: 401b18
    I: 401b1b
    I: 401b1e
    I: 401b20
    I: 401b22 (flow 401b2d)
      Successors: 401b28, 401b2d
  BB: 4014f1 in func 401150 with 15 insts
    I: 4014f1 (imm 40402c)
    I: 4014f8
    I: 4014fa (imm 404030)
    I: 401501
    I: 401503
    I: 401505
    I: 401508
    I: 40150b
    I: 40150e
    I: 401511
    I: 401514
    I: 401517
    I: 40151a
    I: 40151c
    I: 40151e (flow 401529)
      Successors: 401529, 401524
  BB: 401cfb in func 401150 with 4 insts
    I: 401cfb
    I: 401cfd
    I: 401d04
    I: 401d05
      No successors
  BB: 401706 in func 401150 with 1 insts
    I: 401706 (flow 401d3d)
      Successors: 401d3d
  BB: 401d06 in func 401150 with 2 insts
    I: 401d06
    I: 401d0d (flow 4011ff)
      Successors: 4011ff
  BB: 401908 in func 401150 with 1 insts
    I: 401908 (flow 401d6b)
      Successors: 401d6b
  BB: 40170b in func 401150 with 1 insts
    I: 40170b (flow 4014f1)
      Successors: 4014f1
  BB: 40190d in func 401150 with 22 insts
    I: 40190d
    I: 401911
    I: 401918
    I: 40191c
    I: 40191f
    I: 401923
    I: 401926
    I: 40192c (imm 40402c)
    I: 401933
    I: 401935 (imm 404030)
    I: 40193c
    I: 40193e
    I: 401940
    I: 401943
    I: 401946
    I: 401949
    I: 40194c
    I: 40194f
    I: 401952
    I: 401955
    I: 401957
    I: 401959 (flow 401964)
      Successors: 401964, 40195f
  BB: 401710 in func 401150 with 15 insts
    I: 401710 (imm 40402c)
    I: 401717
    I: 401719 (imm 404030)
    I: 401720
    I: 401722
    I: 401724
    I: 401727
    I: 40172a
    I: 40172d
    I: 401730
    I: 401733
    I: 401736
    I: 401739
    I: 40173b
    I: 40173d (flow 401748)
      Successors: 401748, 401743
  BB: 401d12 in func 401150 with 4 insts
    I: 401d12
    I: 401d15
    I: 401d18
    I: 401d1b (flow 4012a2)
      Successors: 4012a2
  BB: 40131b in func 401150 with 1 insts
    I: 40131b (flow 401d20)
      Successors: 401d20
  BB: 401320 in func 401150 with 15 insts
    I: 401320 (imm 40402c)
    I: 401327
    I: 401329 (imm 404030)
    I: 401330
    I: 401332
    I: 401334
    I: 401337
    I: 40133a
    I: 40133d
    I: 401340
    I: 401343
    I: 401346
    I: 401349
    I: 40134b
    I: 40134d (flow 401358)
      Successors: 401358, 401353
  BB: 401d20 in func 401150 with 1 insts
    I: 401d20 (flow 401320)
      Successors: 401320
  BB: 401524 in func 401150 with 1 insts
    I: 401524 (flow 401d33)
      Successors: 401d33
  BB: 401d25 in func 401150 with 4 insts
    I: 401d25
    I: 401d28
    I: 401d2b
    I: 401d2e (flow 4014a4)
      Successors: 4014a4
  BB: 401b28 in func 401150 with 1 insts
    I: 401b28 (flow 401d75)
      Successors: 401d75
  BB: 401529 in func 401150 with 19 insts
    I: 401529
    I: 40152c
    I: 40152f
    I: 401532
    I: 401538 (imm 40402c)
    I: 40153f
    I: 401541 (imm 404030)
    I: 401548
    I: 40154a
    I: 40154c
    I: 40154f
    I: 401552
    I: 401555
    I: 401558
    I: 40155b
    I: 40155e
    I: 401561
    I: 401563
    I: 401565 (flow 401570)
      Successors: 401570, 40156b
  BB: 401b2d in func 401150 with 1 insts
    I: 401b2d (flow 40189e)
      Successors: 40189e
  BB: 401b32 in func 401150 with 2 insts
    I: 401b32
    I: 401b39 (flow 401b4e)
      Successors: 401b4e, 401b3f
  BB: 401d33 in func 401150 with 1 insts
    I: 401d33 (flow 401529)
      Successors: 401529
  BB: 401d38 in func 401150 with 1 insts
    I: 401d38 (flow 4015d7)
      Successors: 4015d7
  BB: 401d3d in func 401150 with 4 insts
    I: 401d3d
    I: 401d40
    I: 401d43
    I: 401d46 (flow 4016ca)
      Successors: 4016ca
  BB: 401b3f in func 401150 with 3 insts
    I: 401b3f
    I: 401b45
    I: 401b48
      Successors: 401b4e
  BB: 401743 in func 401150 with 1 insts
    I: 401743 (flow 401d4b)
      Successors: 401d4b
  BB: 401748 in func 401150 with 15 insts
    I: 401748 (imm 40402c)
    I: 40174f
    I: 401751 (imm 404030)
    I: 401758
    I: 40175a
    I: 40175c
    I: 40175f
    I: 401762
    I: 401765
    I: 401768
    I: 40176b
    I: 40176e
    I: 401771
    I: 401773
    I: 401775 (flow 401780)
      Successors: 401780, 40177b
  BB: 401d4b in func 401150 with 1 insts
    I: 401d4b (flow 401748)
      Successors: 401748
  BB: 401b4e in func 401150 with 3 insts
    I: 401b4e
    I: 401b54
    I: 401b5a (flow 401785)
      Successors: 401785
  BB: 401150 in func 401150 with 16 insts
    Referenced by data
    I: 401150
    I: 401151
    I: 401154
    I: 40115b
    I: 401162
    I: 401169
    I: 401170
    I: 401177
    I: 401179
    I: 40117e (flow 404048)
    I: 401183
    I: 40118d
    I: 401197 (imm 40200a)
    I: 4011a1
    I: 4011a5
    I: 4011a7 (flow 404050)
      Successors: 4011ac
  BB: 401d50 in func 401150 with 1 insts
    I: 401d50 (flow 4017bd)
      Successors: 4017bd
  BB: 401353 in func 401150 with 1 insts
    I: 401353 (flow 401d20)
      Successors: 401d20
  BB: 401d55 in func 401150 with 3 insts
    I: 401d55
    I: 401d5f
    I: 401d66 (flow 401850)
      Successors: 401850
  BB: 401358 in func 401150 with 1 insts
    I: 401358 (flow 40135d)
      Successors: 40135d
  BB: 40135d in func 401150 with 4 insts
    I: 40135d
    I: 401360
    I: 401363
    I: 401366 (flow 4011bd)
      Successors: 4011bd
  BB: 40195f in func 401150 with 1 insts
    I: 40195f (flow 401d6b)
      Successors: 401d6b
  BB: 401b5f in func 401150 with 15 insts
    I: 401b5f (imm 40402c)
    I: 401b66
    I: 401b68 (imm 404030)
    I: 401b6f
    I: 401b71
    I: 401b73
    I: 401b76
    I: 401b79
    I: 401b7c
    I: 401b7f
    I: 401b82
    I: 401b85
    I: 401b88
    I: 401b8a
    I: 401b8c (flow 401b97)
      Successors: 401b92, 401b97
  BB: 401964 in func 401150 with 3 insts
    I: 401964
    I: 40196a
    I: 40196c (flow 401977)
      Successors: 401972, 401977
  BB: 40136b in func 401150 with 1 insts
    I: 40136b
      Successors: 401372
  BB: 40156b in func 401150 with 1 insts
    I: 40156b (flow 401d33)
      Successors: 401d33
  BB: 401d6b in func 401150 with 1 insts
    I: 401d6b (flow 40190d)
      Successors: 40190d
  BB: 401570 in func 401150 with 3 insts
    I: 401570
    I: 401576
    I: 401578 (flow 401583)
      Successors: 401583, 40157e
  BB: 401d70 in func 401150 with 1 insts
    I: 401d70 (flow 4019af)
      Successors: 4019af
  BB: 401372 in func 401150 with 5 insts
    I: 401372
    I: 401375
    I: 401378
    I: 40137b
    I: 40137d (flow 4014ea)
      Successors: 4014ea, 401383
  BB: 401972 in func 401150 with 1 insts
    I: 401972 (flow 401aaf)
      Successors: 401aaf
  BB: 401d75 in func 401150 with 4 insts
    I: 401d75
    I: 401d78
    I: 401d7b
    I: 401d7e (flow 401aec)
      Successors: 401aec
  BB: 401977 in func 401150 with 15 insts
    I: 401977 (imm 40402c)
    I: 40197e
    I: 401980 (imm 404030)
    I: 401987
    I: 401989
    I: 40198b
    I: 40198e
    I: 401991
    I: 401994
    I: 401997
    I: 40199a
    I: 40199d
    I: 4019a0
    I: 4019a2
    I: 4019a4 (flow 4019af)
      Successors: 4019aa, 4019af
  BB: 40177b in func 401150 with 1 insts
    I: 40177b (flow 401d4b)
      Successors: 401d4b
  BB: 40157e in func 401150 with 1 insts
    I: 40157e (flow 401710)
      Successors: 401710
  BB: 401780 in func 401150 with 1 insts
    I: 401780 (flow 401785)
      Successors: 401785
  BB: 401383 in func 401150 with 79 insts
    I: 401383 (imm 402004)
    I: 40138d
    I: 401391
    I: 401395
    I: 401399
    I: 40139b (flow 404050)
    I: 4013a0
    I: 4013a3
    I: 4013a6
    I: 4013a9
    I: 4013ac
    I: 4013b3
    I: 4013b7
    I: 4013ba
    I: 4013bd
    I: 4013c0
    I: 4013c3
    I: 4013c6
    I: 4013c9
    I: 4013cc
    I: 4013cf
    I: 4013d2
    I: 4013d9
    I: 4013dd
    I: 4013e0
    I: 4013e3
    I: 4013e6
    I: 4013e9
    I: 4013ec
    I: 4013ef
    I: 4013f6
    I: 4013fa
    I: 4013fd
    I: 401400
    I: 401403
    I: 401406
    I: 401409
    I: 40140c
    I: 40140f
    I: 401412
    I: 401419
    I: 40141d
    I: 401420
    I: 401423
    I: 401426
    I: 401429
    I: 40142c
    I: 40142f
    I: 401432
    I: 401435
    I: 401438
    I: 40143f
    I: 401443
    I: 401446
    I: 401449
    I: 40144c
    I: 40144f
    I: 401452
    I: 401455
    I: 40145c
    I: 401460
    I: 401463
    I: 401466
    I: 401469
    I: 40146c (imm 40402c)
    I: 401473
    I: 401475 (imm 404030)
    I: 40147c
    I: 40147e
    I: 401480
    I: 401483
    I: 401486
    I: 401489
    I: 40148c
    I: 40148f
    I: 401492
    I: 401495
    I: 401497
    I: 401499 (flow 4014a4)
      Successors: 4014a4, 40149f
  BB: 401583 in func 401150 with 6 insts
    I: 401583
    I: 401587
    I: 40158e
    I: 401592
    I: 401595
    I: 401599 (flow 40162f)
      Successors: 40162f, 40159f
  BB: 401785 in func 401150 with 15 insts
    I: 401785 (imm 40402c)
    I: 40178c
    I: 40178e (imm 404030)
    I: 401795
    I: 401797
    I: 401799
    I: 40179c
    I: 40179f
    I: 4017a2
    I: 4017a5
    I: 4017a8
    I: 4017ab
    I: 4017ae
    I: 4017b0
    I: 4017b2 (flow 4017bd)
      Successors: 4017b8, 4017bd
  BB: 401d83 in func 401150 with 2 insts
    I: 401d83
    I: 401d8a (flow 401b97)
      Successors: 401b97
  BB: 401d8f in func 401150 with 1 insts
    I: 401d8f (flow 401c55)
      Successors: 401c55
  BB: 401b92 in func 401150 with 1 insts
    I: 401b92 (flow 401d83)
      Successors: 401d83
  BB: 401b97 in func 401150 with 16 insts
    I: 401b97
    I: 401b9e (imm 40402c)
    I: 401ba5
    I: 401ba7 (imm 404030)
    I: 401bae
    I: 401bb0
    I: 401bb2
    I: 401bb5
    I: 401bb8
    I: 401bbb
    I: 401bbe
    I: 401bc1
    I: 401bc4
    I: 401bc7
    I: 401bc9
    I: 401bcb (flow 401bd6)
      Successors: 401bd1, 401bd6
  BB: 40159f in func 401150 with 15 insts
    I: 40159f (imm 40402c)
    I: 4015a6
    I: 4015a8 (imm 404030)
    I: 4015af
    I: 4015b1
    I: 4015b3
    I: 4015b6
    I: 4015b9
    I: 4015bc
    I: 4015bf
    I: 4015c2
    I: 4015c5
    I: 4015c8
    I: 4015ca
    I: 4015cc (flow 4015d7)
      Successors: 4015d2, 4015d7
  BB: 4019aa in func 401150 with 1 insts
    I: 4019aa (flow 401d70)
      Successors: 401d70
  BB: 4011ac in func 401150 with 2 insts
    I: 4011ac
    I: 4011b0 (flow 401cfb)
      Successors: 401cfb, 4011b6
  BB: 4019af in func 401150 with 22 insts
    I: 4019af
    I: 4019b3
    I: 4019ba
    I: 4019be
    I: 4019c1
    I: 4019c5
    I: 4019c8
    I: 4019ce (imm 40402c)
    I: 4019d5
    I: 4019d7 (imm 404030)
    I: 4019de
    I: 4019e0
    I: 4019e2
    I: 4019e5
    I: 4019e8
    I: 4019eb
    I: 4019ee
    I: 4019f1
    I: 4019f4
    I: 4019f7
    I: 4019f9
    I: 4019fb (flow 401a06)
      Successors: 401a01, 401a06
  BB: 4011b6 in func 401150 with 1 insts
    I: 4011b6
      Successors: 4011bd
  BB: 4017b8 in func 401150 with 1 insts
    I: 4017b8 (flow 401d50)
      Successors: 401d50
  BB: 4011bd in func 401150 with 2 insts
    I: 4011bd
    I: 4011c1 (flow 40136b)
      Successors: 40136b, 4011c7
  BB: 4017bd in func 401150 with 18 insts
    I: 4017bd
    I: 4017c4
    I: 4017c7
    I: 4017cd (imm 40402c)
    I: 4017d4
    I: 4017d6 (imm 404030)
    I: 4017dd
    I: 4017df
    I: 4017e1
    I: 4017e4
    I: 4017e7
    I: 4017ea
    I: 4017ed
    I: 4017f0
    I: 4017f3
    I: 4017f6
    I: 4017f8
    I: 4017fa (flow 401805)
      Successors: 401800, 401805
  BB: 4011c7 in func 401150 with 15 insts
    I: 4011c7 (imm 40402c)
    I: 4011ce
    I: 4011d0 (imm 404030)
    I: 4011d7
    I: 4011d9
    I: 4011db
    I: 4011de
    I: 4011e1
    I: 4011e4
    I: 4011e7
    I: 4011ea
    I: 4011ed
    I: 4011f0
    I: 4011f2
    I: 4011f4 (flow 4011ff)
      Successors: 4011fa, 4011ff
  BB: 401bd1 in func 401150 with 1 insts
    I: 401bd1 (flow 401d83)
      Successors: 401d83
  BB: 4015d2 in func 401150 with 1 insts
    I: 4015d2 (flow 401d38)
      Successors: 401d38
  BB: 401bd6 in func 401150 with 1 insts
    I: 401bd6 (flow 401bdb)
      Successors: 401bdb
  BB: 4015d7 in func 401150 with 18 insts
    I: 4015d7
    I: 4015db
    I: 4015de
    I: 4015e4 (imm 40402c)
    I: 4015eb
    I: 4015ed (imm 404030)
    I: 4015f4
    I: 4015f6
    I: 4015f8
    I: 4015fb
    I: 4015fe
    I: 401601
    I: 401604
    I: 401607
    I: 40160a
    I: 40160d
    I: 40160f
    I: 401611 (flow 40161c)
      Successors: 40161c, 401617
  BB: 401bdb in func 401150 with 3 insts
    I: 401bdb
    I: 401bde
    I: 401be1 (flow 401ca0)
      Successors: 401ca0, 401be7
  BB: 401be7 in func 401150 with 7 insts
    I: 401be7
    I: 401beb
    I: 401bf2
    I: 401bf6
    I: 401bf9
    I: 401bfc
    I: 401bff (flow 401c1d)
      Successors: 401c1d, 401c05
  BB: 4011fa in func 401150 with 1 insts
    I: 4011fa (flow 401d06)
      Successors: 401d06
  BB: 4011ff in func 401150 with 16 insts
    I: 4011ff
    I: 401206 (imm 40402c)
    I: 40120d
    I: 40120f (imm 404030)
    I: 401216
    I: 401218
    I: 40121a
    I: 40121d
    I: 401220
    I: 401223
    I: 401226
    I: 401229
    I: 40122c
    I: 40122f
    I: 401231
    I: 401233 (flow 40123e)
      Successors: 401239, 40123e
Recovering .term_proc at 401d94
  Analysing subroutine .term_proc at 401d94
    Block head at 00401da1 is not code.
  Subroutine .term_proc at 401d94 has 1 blocks
  BB: 401d94 in func 401d94 with 4 insts
    I: 401d94
    I: 401d98
    I: 401d9c
    I: 401da0
      No successors
Global Variable None
WARNING: Global constructor and destructor sections are adjacent!
Recovering region LOAD [400000, 400520) in segment LOAD
  8-byte reference at 400018 to 401060 (start)
  8-byte reference at 4000f8 to 401000 (.init_proc)
  8-byte reference at 400130 to 402000 ()
  8-byte reference at 400168 to 403de8 ()
  8-byte reference at 400280 to 402014 ()
  8-byte reference at 4002f0 to 403de8 ()
Recovering region .init [401000, 40101b) in segment .init
Recovering region LOAD [40101b, 401020) in segment LOAD
Recovering region .plt [401020, 401060) in segment .plt
Recovering region .text [401060, 401d94) in segment .text
Recovering region .fini [401d94, 401da1) in segment .fini
Recovering region .rodata [402000, 402011) in segment .rodata
  Variable aDDD at 402004
  Variable format at 40200d
Recovering region LOAD [402011, 402014) in segment LOAD
Recovering region .eh_frame_hdr [402014, 402040) in segment .eh_frame_hdr
Recovering region .eh_frame [402040, 4020d0) in segment .eh_frame
Recovering region LOAD [4020d0, 402110) in segment LOAD
Recovering region .init_array [403de8, 403df8) in segment .init_array
  8-byte reference at 403de8 to 401140 ()
  8-byte reference at 403df0 to 401110 ()
Recovering region LOAD [403df8, 403fd8) in segment LOAD
Recovering region .got [403fd8, 403fe8) in segment .got
  8-byte reference at 403fd8 to 404038 (__libc_start_main)
  8-byte reference at 403fe0 to 404058 (__gmon_start__)
Recovering region .got.plt [403fe8, 404018) in segment .got.plt
  8-byte reference at 404000 to 404040 (printf)
  8-byte reference at 404008 to 404048 (memset)
  8-byte reference at 404010 to 404050 (__isoc99_scanf)
Recovering region .data [404018, 404028) in segment .data
Recovering region .bss [404028, 404038) in segment .bss
Recovering extern function printf at 401030
Recovering extern function memset at 401040
Recovering extern function __isoc99_scanf at 401050
Recovering extern function __libc_start_main at 404038
Recovering extern function printf at 404040
Recovering extern function memset at 404048
Recovering extern function __isoc99_scanf at 404050
Recovering extern function __gmon_start__ at 404058
Recovered 8 functions.
Saving to: /home/ubuntu/capstone_project/result/pipeline_20260629_141746/s478751282_bcf.cfg
Done analysis!
