Debugging is enabled.
Loading Standard Definitions file: /home/ubuntu/capstone_project/dependency/mcsema/mcsema/lib/python3/site-packages/mcsema_disass-3.1.3.8-py3.8.egg/mcsema_disass/defs/linux.txt
Using Batch mode.
Starting analysis
Recovering module s505746898_fla_bcf_instsub.elf
Found main at 402040
Looking for instructions in segment .init
  Default block heads for function 401000 with loose bounds [401000, 40101b)
    block [401000, 401014)
    block [401014, 401016)
    block [401016, 40101b)
    chunk [401000, 40101b)
Looking for instructions in segment .plt
  Default block heads for function 401020 with loose bounds [401020, 40102c)
    block [401020, 40102c)
    chunk [401020, 40102c)
  Default block heads for function 401030 with loose bounds [401030, 401036)
    block [401030, 401036)
    chunk [401030, 401036)
  Default block heads for function 401040 with loose bounds [401040, 401046)
    block [401040, 401046)
    chunk [401040, 401046)
Looking for instructions in segment .text
  Default block heads for function 401050 with loose bounds [401050, 401076)
    block [401050, 401076)
    chunk [401050, 401076)
  Default block heads for function 401090 with loose bounds [401090, 4010b1)
    block [401090, 40109d)
    block [40109d, 4010a7)
    block [4010a7, 4010ae)
    block [4010b0, 4010b1)
    chunk [401090, 4010b1)
  Default block heads for function 401100 with loose bounds [401100, 401121)
    block [401100, 40110d)
    block [40110d, 40111f)
    block [401120, 401121)
    chunk [401100, 401121)
  Default block heads for function 401130 with loose bounds [401130, 401136)
    block [401130, 401136)
    chunk [401130, 401136)
    chunk [4010c0, 4010f1)
  Default block heads for function 401140 with loose bounds [401140, 402031)
    block [401140, 40115e)
    block [40115e, 40116f)
    block [40116f, 401174)
    block [401174, 401182)
    block [401182, 401187)
    block [401187, 401195)
    block [401195, 40119a)
    block [40119a, 4011a8)
    block [4011a8, 4011ad)
    block [4011ad, 4011bb)
    block [4011bb, 4011c0)
    block [4011c0, 4011ce)
    block [4011ce, 4011d3)
    block [4011d3, 4011e1)
    block [4011e1, 4011e6)
    block [4011e6, 4011f4)
    block [4011f4, 4011f9)
    block [4011f9, 401207)
    block [401207, 40120c)
    block [40120c, 40121a)
    block [40121a, 40121f)
    block [40121f, 40122d)
    block [40122d, 401232)
    block [401232, 401240)
    block [401240, 401245)
    block [401245, 401253)
    block [401253, 401258)
    block [401258, 401266)
    block [401266, 40126b)
    block [40126b, 401279)
    block [401279, 40127e)
    block [40127e, 40128c)
    block [40128c, 401291)
    block [401291, 40129f)
    block [40129f, 4012a4)
    block [4012a4, 4012b2)
    block [4012b2, 4012b7)
    block [4012b7, 4012c5)
    block [4012c5, 4012ca)
    block [4012ca, 4012d8)
    block [4012d8, 4012dd)
    block [4012dd, 4012eb)
    block [4012eb, 4012f0)
    block [4012f0, 4012fe)
    block [4012fe, 401303)
    block [401303, 401311)
    block [401311, 401316)
    block [401316, 401324)
    block [401324, 401329)
    block [401329, 401337)
    block [401337, 40133c)
    block [40133c, 40134a)
    block [40134a, 40134f)
    block [40134f, 40135d)
    block [40135d, 401362)
    block [401362, 401370)
    block [401370, 401375)
    block [401375, 401383)
    block [401383, 401388)
    block [401388, 401396)
    block [401396, 40139b)
    block [40139b, 4013a9)
    block [4013a9, 4013ae)
    block [4013ae, 4013bc)
    block [4013bc, 4013c1)
    block [4013c1, 4013cf)
    block [4013cf, 4013d4)
    block [4013d4, 4013e2)
    block [4013e2, 4013e7)
    block [4013e7, 4013f5)
    block [4013f5, 4013fa)
    block [4013fa, 401408)
    block [401408, 40140d)
    block [40140d, 40141b)
    block [40141b, 401420)
    block [401420, 40142e)
    block [40142e, 401433)
    block [401433, 401441)
    block [401441, 401446)
    block [401446, 401454)
    block [401454, 401459)
    block [401459, 401467)
    block [401467, 40146c)
    block [40146c, 40147a)
    block [40147a, 40147f)
    block [40147f, 40148d)
    block [40148d, 401492)
    block [401492, 4014a0)
    block [4014a0, 4014a5)
    block [4014a5, 4014b3)
    block [4014b3, 4014b8)
    block [4014b8, 4014c6)
    block [4014c6, 4014cb)
    block [4014cb, 4014d9)
    block [4014d9, 4014de)
    block [4014de, 4014ec)
    block [4014ec, 4014f1)
    block [4014f1, 4014f6)
    block [4014f6, 401575)
    block [401575, 401602)
    block [401602, 40161d)
    block [40161d, 401629)
    block [401629, 401663)
    block [401663, 401688)
    block [401688, 40170f)
    block [40170f, 401798)
    block [401798, 4017a4)
    block [4017a4, 4017b7)
    block [4017b7, 4017d2)
    block [4017d2, 401803)
    block [401803, 401879)
    block [401879, 401885)
    block [401885, 40190c)
    block [40190c, 40198f)
    block [40198f, 40199b)
    block [40199b, 4019f0)
    block [4019f0, 401a53)
    block [401a53, 401a5f)
    block [401a5f, 401aac)
    block [401aac, 401b37)
    block [401b37, 401b52)
    block [401b52, 401b6f)
    block [401b6f, 401bc4)
    block [401bc4, 401c51)
    block [401c51, 401c6c)
    block [401c6c, 401c9f)
    block [401c9f, 401cb1)
    block [401cb1, 401cbd)
    block [401cbd, 401ce4)
    block [401ce4, 401d63)
    block [401d63, 401e18)
    block [401e18, 401e33)
    block [401e33, 401e88)
    block [401e88, 401f1d)
    block [401f1d, 401f29)
    block [401f29, 401f35)
    block [401f35, 401f4e)
    block [401f4e, 401f5a)
    block [401f5a, 401f66)
    block [401f66, 401f7c)
    block [401f7c, 401fb6)
    block [401fb6, 401fd0)
    block [401fd0, 401fdc)
    block [401fdc, 401fe8)
    block [401fe8, 402017)
    block [402017, 40202c)
    block [40202c, 402031)
    chunk [401140, 402031)
  Default block heads for function 402040 with loose bounds [402040, 403c33)
    block [402040, 40208f)
    block [40208f, 4020a0)
    block [4020a0, 4020a5)
    block [4020a5, 4020b3)
    block [4020b3, 4020b8)
    block [4020b8, 4020c6)
    block [4020c6, 4020cb)
    block [4020cb, 4020d9)
    block [4020d9, 4020de)
    block [4020de, 4020ec)
    block [4020ec, 4020f1)
    block [4020f1, 4020ff)
    block [4020ff, 402104)
    block [402104, 402112)
    block [402112, 402117)
    block [402117, 402125)
    block [402125, 40212a)
    block [40212a, 402138)
    block [402138, 40213d)
    block [40213d, 40214b)
    block [40214b, 402150)
    block [402150, 40215e)
    block [40215e, 402163)
    block [402163, 402171)
    block [402171, 402176)
    block [402176, 402184)
    block [402184, 402189)
    block [402189, 402197)
    block [402197, 40219c)
    block [40219c, 4021aa)
    block [4021aa, 4021af)
    block [4021af, 4021bd)
    block [4021bd, 4021c2)
    block [4021c2, 4021d0)
    block [4021d0, 4021d5)
    block [4021d5, 4021e3)
    block [4021e3, 4021e8)
    block [4021e8, 4021f6)
    block [4021f6, 4021fb)
    block [4021fb, 402209)
    block [402209, 40220e)
    block [40220e, 40221c)
    block [40221c, 402221)
    block [402221, 40222f)
    block [40222f, 402234)
    block [402234, 402242)
    block [402242, 402247)
    block [402247, 402255)
    block [402255, 40225a)
    block [40225a, 402268)
    block [402268, 40226d)
    block [40226d, 40227b)
    block [40227b, 402280)
    block [402280, 40228e)
    block [40228e, 402293)
    block [402293, 4022a1)
    block [4022a1, 4022a6)
    block [4022a6, 4022b4)
    block [4022b4, 4022b9)
    block [4022b9, 4022c7)
    block [4022c7, 4022cc)
    block [4022cc, 4022da)
    block [4022da, 4022df)
    block [4022df, 4022ed)
    block [4022ed, 4022f2)
    block [4022f2, 402300)
    block [402300, 402305)
    block [402305, 402313)
    block [402313, 402318)
    block [402318, 402326)
    block [402326, 40232b)
    block [40232b, 402339)
    block [402339, 40233e)
    block [40233e, 40234c)
    block [40234c, 402351)
    block [402351, 40235f)
    block [40235f, 402364)
    block [402364, 402372)
    block [402372, 402377)
    block [402377, 402385)
    block [402385, 40238a)
    block [40238a, 402398)
    block [402398, 40239d)
    block [40239d, 4023ab)
    block [4023ab, 4023b0)
    block [4023b0, 4023be)
    block [4023be, 4023c3)
    block [4023c3, 4023d1)
    block [4023d1, 4023d6)
    block [4023d6, 4023e4)
    block [4023e4, 4023e9)
    block [4023e9, 4023f7)
    block [4023f7, 4023fc)
    block [4023fc, 40240a)
    block [40240a, 40240f)
    block [40240f, 40241d)
    block [40241d, 402422)
    block [402422, 402430)
    block [402430, 402435)
    block [402435, 402443)
    block [402443, 402448)
    block [402448, 402456)
    block [402456, 40245b)
    block [40245b, 402469)
    block [402469, 40246e)
    block [40246e, 40247c)
    block [40247c, 402481)
    block [402481, 40248f)
    block [40248f, 402494)
    block [402494, 4024a2)
    block [4024a2, 4024a7)
    block [4024a7, 4024b5)
    block [4024b5, 4024ba)
    block [4024ba, 4024c8)
    block [4024c8, 4024cd)
    block [4024cd, 4024db)
    block [4024db, 4024e0)
    block [4024e0, 4024ee)
    block [4024ee, 4024f3)
    block [4024f3, 402501)
    block [402501, 402506)
    block [402506, 402514)
    block [402514, 402519)
    block [402519, 402527)
    block [402527, 40252c)
    block [40252c, 40253a)
    block [40253a, 40253f)
    block [40253f, 40254d)
    block [40254d, 402552)
    block [402552, 402560)
    block [402560, 402565)
    block [402565, 402573)
    block [402573, 402578)
    block [402578, 402586)
    block [402586, 40258b)
    block [40258b, 402599)
    block [402599, 40259e)
    block [40259e, 4025ac)
    block [4025ac, 4025b1)
    block [4025b1, 4025bf)
    block [4025bf, 4025c4)
    block [4025c4, 4025d2)
    block [4025d2, 4025d7)
    block [4025d7, 4025e5)
    block [4025e5, 4025ea)
    block [4025ea, 4025f8)
    block [4025f8, 4025fd)
    block [4025fd, 40260b)
    block [40260b, 402610)
    block [402610, 40261e)
    block [40261e, 402623)
    block [402623, 402631)
    block [402631, 402636)
    block [402636, 402644)
    block [402644, 402649)
    block [402649, 402657)
    block [402657, 40265c)
    block [40265c, 40266a)
    block [40266a, 40266f)
    block [40266f, 40267d)
    block [40267d, 402682)
    block [402682, 402690)
    block [402690, 402695)
    block [402695, 4026a3)
    block [4026a3, 4026a8)
    block [4026a8, 4026b6)
    block [4026b6, 4026bb)
    block [4026bb, 4026c9)
    block [4026c9, 4026ce)
    block [4026ce, 4026dc)
    block [4026dc, 4026e1)
    block [4026e1, 4026ef)
    block [4026ef, 4026f4)
    block [4026f4, 402702)
    block [402702, 402707)
    block [402707, 40270c)
    block [40270c, 402732)
    block [402732, 402847)
    block [402847, 402853)
    block [402853, 4028a8)
    block [4028a8, 40291d)
    block [40291d, 40293c)
    block [40293c, 402991)
    block [402991, 402a1f)
    block [402a1f, 402a33)
    block [402a33, 402a4c)
    block [402a4c, 402a62)
    block [402a62, 402ae9)
    block [402ae9, 402b48)
    block [402b48, 402b63)
    block [402b63, 402bf4)
    block [402bf4, 402c10)
    block [402c10, 402c40)
    block [402c40, 402c67)
    block [402c67, 402c73)
    block [402c73, 402c9a)
    block [402c9a, 402ce7)
    block [402ce7, 402d8e)
    block [402d8e, 402d9a)
    block [402d9a, 402e21)
    block [402e21, 402eaf)
    block [402eaf, 402eca)
    block [402eca, 402ee8)
    block [402ee8, 402f67)
    block [402f67, 403001)
    block [403001, 40300d)
    block [40300d, 403062)
    block [403062, 4030af)
    block [4030af, 4030bb)
    block [4030bb, 4030f0)
    block [4030f0, 403145)
    block [403145, 4031c6)
    block [4031c6, 4031e1)
    block [4031e1, 403201)
    block [403201, 403222)
    block [403222, 403277)
    block [403277, 4032f5)
    block [4032f5, 403310)
    block [403310, 403343)
    block [403343, 403398)
    block [403398, 40341f)
    block [40341f, 40342b)
    block [40342b, 403452)
    block [403452, 4034a7)
    block [4034a7, 40356b)
    block [40356b, 403577)
    block [403577, 4035fe)
    block [4035fe, 40365f)
    block [40365f, 40367a)
    block [40367a, 4036c0)
    block [4036c0, 4036e7)
    block [4036e7, 403703)
    block [403703, 403733)
    block [403733, 403754)
    block [403754, 4037a9)
    block [4037a9, 4037f1)
    block [4037f1, 40383e)
    block [40383e, 4038ce)
    block [4038ce, 4038da)
    block [4038da, 4038e6)
    block [4038e6, 403909)
    block [403909, 40392b)
    block [40392b, 40396d)
    block [40396d, 40399a)
    block [40399a, 4039bd)
    block [4039bd, 403a12)
    block [403a12, 403a91)
    block [403a91, 403a98)
    block [403a98, 403ab4)
    block [403ab4, 403ad5)
    block [403ad5, 403ae5)
    block [403ae5, 403af5)
    block [403af5, 403b21)
    block [403b21, 403b31)
    block [403b31, 403b58)
    block [403b58, 403b64)
    block [403b64, 403b91)
    block [403b91, 403ba9)
    block [403ba9, 403bb5)
    block [403bb5, 403bf6)
    block [403bf6, 403c0a)
    block [403c0a, 403c27)
    block [403c27, 403c2e)
    block [403c2e, 403c33)
    chunk [402040, 403c33)
Looking for instructions in segment .fini
  Default block heads for function 403c34 with loose bounds [403c34, 403c41)
    block [403c34, 403c41)
    chunk [403c34, 403c41)
Looking for strings in segment .rodata [404000, 40400f)
  Found string b'%d%d%d' of length 7 at 404004, jumping to 40400b
  Found string b'%d\n' of length 4 at 40400b, jumping to 40400f
Looking for strings in segment .eh_frame_hdr [404010, 404044)
Looking for strings in segment .eh_frame [404048, 4040fc)
Looking for strings in segment .init_array [405de8, 405df0)
Looking for strings in segment .fini_array [405df0, 405df8)
Looking for strings in segment .got [405fd8, 405fe8)
Looking for strings in segment .got.plt [405fe8, 406010)
Looking for strings in segment .data [406010, 406020)
Looking for strings in segment .bss [406020, 4199a8)
Looking for strings in segment extern [4199a8, 4199c8)
Looking for cross-references in segment .init [401000, 40101b)
Looking for cross-references in segment .plt [401020, 401050)
  Adding dword reference from 40102c to 401f0f
  Stopping scan at 40102c
Looking for cross-references in segment .text [401050, 403c33)
  Stopping scan at 40107c
  Stopping scan at 40108c
  Stopping scan at ffffffffffffffff
  Stopping scan at 4010bc
  Stopping scan at 4010fc
  Stopping scan at ffffffffffffffff
  Stopping scan at 40112c
  Stopping scan at 40113c
  Stopping scan at 40203c
Looking for cross-references in segment .fini [403c34, 403c41)
Looking for cross-references in segment .rodata [404000, 40400f)
  Found string at 404004, jumping to 40400b
  Found string at 40400b, jumping to 40400f
  Stopping scan at 40400b
Looking for cross-references in segment .eh_frame_hdr [404010, 404044)
  Stopping scan at 404040
Looking for cross-references in segment .eh_frame [404048, 4040fc)
  Stopping scan at 4040f8
Looking for cross-references in segment .init_array [405de8, 405df0)
  Adding qword reference from 405de8 to 401130
  Stopping scan at 405de8
Looking for cross-references in segment .fini_array [405df0, 405df8)
  Adding qword reference from 405df0 to 401100
  Stopping scan at 405df0
Looking for cross-references in segment .got [405fd8, 405fe8)
  Adding qword reference from 405fd8 to 4199a8
  Adding qword reference from 405fe0 to 4199c0
  Stopping scan at 405fe0
Looking for cross-references in segment .got.plt [405fe8, 406010)
  Adding qword reference from 406000 to 4199b0
  Adding qword reference from 406008 to 4199b8
  Stopping scan at 406008
Looking for cross-references in segment .data [406010, 406020)
  Stopping scan at 40601c
Looking for cross-references in segment .bss [406020, 4199a8)
  Stopping scan at 4199a4
Looking for cross-references in segment extern [4199a8, 4199c8)
  Stopping scan at 4199c4
Looking for thunks
  Found thunk for printf targeting 4199b0 at 401030
  Found thunk for __isoc99_scanf targeting 4199b8 at 401040
Looking for external symbols
  Function at 401030 is the external function printf
  Function at 401040 is the external function __isoc99_scanf
  Function at 4199a8 is the external function __libc_start_main
  Function at 4199b0 is the external function printf
  Function at 4199b8 is the external function __isoc99_scanf
  Function at 4199c0 is the external function __gmon_start__
Looking for entrypoints
Recovering .init_proc at 401000
  Analysing subroutine .init_proc at 401000
    Block head at 0040101b is not code.
  Subroutine .init_proc at 401000 has 3 blocks
  BB: 401000 in func 401000 with 5 insts
    Referenced by data
    I: 401000
    I: 401004
    I: 401008 (mem 405fe0)
    I: 40100f
    I: 401012 (flow 401016)
      Successors: 401014, 401016
  BB: 401014 in func 401000 with 1 insts
    I: 401014
      Successors: 401016
  BB: 401016 in func 401000 with 2 insts
    I: 401016
    I: 40101a
      No successors
Recovering 401020
  Analysing subroutine sub_401020 at 401020
  WARNING: No table entries for indirect jump at 401026; Adding next_ea 40102c as successor.
  Subroutine sub_401020 at 401020 has 2 blocks
  WARNING: No table entries for indirect jump at 401026; Adding next_ea 40102c as successor.
  BB: 401020 in func 401020 with 2 insts
    I: 401020 (mem 405ff0)
    I: 401026 (mem 405ff8)
      Successors: 40102c
  BB: 40102c in func 401020 with 1 insts
    I: 40102c
      No successors
Recovering start at 401050
  Analysing subroutine start at 401050
  Subroutine start at 401050 has 3 blocks
  BB: 401050 in func 401050 with 13 insts
    Referenced by data
    I: 401050
    I: 401054
    I: 401056
    I: 401059
    I: 40105a
    I: 40105d
    I: 401061
    I: 401062
    I: 401063
    I: 401066
    I: 401068 (imm 402040)
    I: 40106f (mem 405fd8)
    I: 401075
      No successors
  BB: 401085 in func 401050 with 2 insts
    I: 401085
    I: 40108f
      No successors
  BB: 401076 in func 401050 with 3 insts
    I: 401076
    I: 401080
    I: 401084
      No successors
Recovering 401090
  Analysing subroutine sub_401090 at 401090
  WARNING: No table entries for indirect jump at 4010ac; Adding next_ea 4010ae as successor.
  WARNING: No table entries for indirect jump at 4010ee; Adding next_ea 4010f0 as successor.
  Subroutine sub_401090 at 401090 has 11 blocks
  BB: 4010c0 in func 401090 with 8 insts
    I: 4010c0 (imm 406020)
    I: 4010c5 (imm 406020)
    I: 4010cc
    I: 4010cf
    I: 4010d3
    I: 4010d7
    I: 4010da
    I: 4010dd (flow 4010f0)
      Successors: 4010f0, 4010df
  WARNING: No table entries for indirect jump at 4010ac; Adding next_ea 4010ae as successor.
  BB: 4010a7 in func 401090 with 2 insts
    I: 4010a7 (imm 406020)
    I: 4010ac
      Successors: 4010ae
  WARNING: No table entries for indirect jump at 4010ee; Adding next_ea 4010f0 as successor.
  BB: 4010e9 in func 401090 with 2 insts
    I: 4010e9 (imm 406020)
    I: 4010ee
      Successors: 4010f0
  BB: 4010ae in func 401090 with 1 insts
    I: 4010ae
      Successors: 4010b0
  BB: 401090 in func 401090 with 3 insts
    I: 401090 (imm 406020)
    I: 401095 (imm 406020)
    I: 40109b (flow 4010b0)
      Successors: 4010b0, 40109d
  BB: 4010b0 in func 401090 with 1 insts
    I: 4010b0
      No successors
  BB: 4010b1 in func 401090 with 2 insts
    I: 4010b1
    I: 4010b5
      Successors: 4010c0
  BB: 4010f0 in func 401090 with 1 insts
    I: 4010f0
      No successors
  BB: 4010f1 in func 401090 with 2 insts
    I: 4010f1
    I: 4010f5
      No successors
  BB: 40109d in func 401090 with 3 insts
    I: 40109d
    I: 4010a2
    I: 4010a5 (flow 4010b0)
      Successors: 4010b0, 4010a7
  BB: 4010df in func 401090 with 3 insts
    I: 4010df
    I: 4010e4
    I: 4010e7 (flow 4010f0)
      Successors: 4010f0, 4010e9
Recovering 401100
  Analysing subroutine sub_401100 at 401100
  Subroutine sub_401100 at 401100 has 5 blocks
  BB: 401100 in func 401100 with 3 insts
    Referenced by data
    I: 401100
    I: 401104 (mem 406020)
    I: 40110b (flow 401120)
      Successors: 401120, 40110d
  BB: 401121 in func 401100 with 2 insts
    I: 401121
    I: 401125
      No successors
  BB: 401120 in func 401100 with 1 insts
    I: 401120
      No successors
  BB: 40110d in func 401100 with 6 insts
    I: 40110d
    I: 40110e
    I: 401111 (flow 401090)
    I: 401116 (mem 406020)
    I: 40111d
    I: 40111e
      No successors
  BB: 40111f in func 401100 with 1 insts
    I: 40111f
      Successors: 401120
Recovering 401130
  Analysing subroutine sub_401130 at 401130
  WARNING: No table entries for indirect jump at 4010ee; Adding next_ea 4010f0 as successor.
  Subroutine sub_401130 at 401130 has 6 blocks
  BB: 4010c0 in func 401130 with 8 insts
    I: 4010c0 (imm 406020)
    I: 4010c5 (imm 406020)
    I: 4010cc
    I: 4010cf
    I: 4010d3
    I: 4010d7
    I: 4010da
    I: 4010dd (flow 4010f0)
      Successors: 4010f0, 4010df
  WARNING: No table entries for indirect jump at 4010ee; Adding next_ea 4010f0 as successor.
  BB: 4010e9 in func 401130 with 2 insts
    I: 4010e9 (imm 406020)
    I: 4010ee
      Successors: 4010f0
  BB: 401130 in func 401130 with 2 insts
    Referenced by data
    I: 401130
    I: 401134 (flow 4010c0)
      Successors: 4010c0
  BB: 4010f0 in func 401130 with 1 insts
    I: 4010f0
      No successors
  BB: 401136 in func 401130 with 1 insts
    I: 401136
      No successors
  BB: 4010df in func 401130 with 3 insts
    I: 4010df
    I: 4010e4
    I: 4010e7 (flow 4010f0)
      Successors: 4010f0, 4010e9
Recovering 401140
  Analysing subroutine sub_401140 at 401140
  Subroutine sub_401140 at 401140 has 149 blocks
  BB: 401602 in func 401140 with 7 insts
    I: 401602
    I: 401605
    I: 40160a
    I: 40160f
    I: 401612
    I: 401615
    I: 401618 (flow 40202c)
      Successors: 40202c
  BB: 401803 in func 401140 with 26 insts
    I: 401803
    I: 401807 (imm 406030)
    I: 401811
    I: 401815
    I: 401818
    I: 40181a
    I: 40181d
    I: 401821 (imm 406030)
    I: 40182b
    I: 40182f
    I: 401832
    I: 401835
    I: 401838
    I: 40183b
    I: 40183f (imm 406030)
    I: 401849
    I: 40184d
    I: 401850
    I: 401853
    I: 401856
    I: 40185a (imm 406030)
    I: 401864
    I: 401868
    I: 40186b
    I: 40186d
    I: 401874 (flow 40202c)
      Successors: 40202c
  BB: 401207 in func 401140 with 1 insts
    I: 401207 (flow 40120c)
      Successors: 40120c
  BB: 401408 in func 401140 with 1 insts
    I: 401408 (flow 40140d)
      Successors: 40140d
  BB: 40120c in func 401140 with 3 insts
    I: 40120c
    I: 40120f
    I: 401214 (flow 401f4e)
      Successors: 40121a, 401f4e
  BB: 40140d in func 401140 with 3 insts
    I: 40140d
    I: 401410
    I: 401415 (flow 401f5a)
      Successors: 401f5a, 40141b
  BB: 402017 in func 401140 with 4 insts
    I: 402017
    I: 40201b (disp 419980)
    I: 402022
    I: 402025
      Successors: 40202c
  BB: 401e18 in func 401140 with 7 insts
    I: 401e18
    I: 401e1b
    I: 401e20
    I: 401e25
    I: 401e28
    I: 401e2b
    I: 401e2e (flow 40202c)
      Successors: 40202c
  BB: 40121a in func 401140 with 1 insts
    I: 40121a (flow 40121f)
      Successors: 40121f
  BB: 40141b in func 401140 with 1 insts
    I: 40141b (flow 401420)
      Successors: 401420
  BB: 40161d in func 401140 with 2 insts
    I: 40161d
    I: 401624 (flow 40202c)
      Successors: 40202c
  BB: 40121f in func 401140 with 3 insts
    I: 40121f
    I: 401222
    I: 401227 (flow 401803)
      Successors: 401803, 40122d
  BB: 401420 in func 401140 with 3 insts
    I: 401420
    I: 401423
    I: 401428 (flow 401bc4)
      Successors: 401bc4, 40142e
  BB: 401629 in func 401140 with 13 insts
    I: 401629
    I: 40162c
    I: 401631
    I: 401634
    I: 401639
    I: 40163c
    I: 401640 (imm 406030)
    I: 40164a
    I: 40164e
    I: 401651
    I: 401654
    I: 401657
    I: 40165e (flow 40202c)
      Successors: 40202c
  BB: 40202c in func 401140 with 1 insts
    I: 40202c (flow 40115e)
      Successors: 40115e
  BB: 40122d in func 401140 with 1 insts
    I: 40122d (flow 401232)
      Successors: 401232
  BB: 40142e in func 401140 with 1 insts
    I: 40142e (flow 401433)
      Successors: 401433
  BB: 402031 in func 401140 with 2 insts
    I: 402031
    I: 40203b
      No successors
  BB: 401232 in func 401140 with 3 insts
    I: 401232
    I: 401235
    I: 40123a (flow 401b6f)
      Successors: 401240, 401b6f
  BB: 401433 in func 401140 with 3 insts
    I: 401433
    I: 401436
    I: 40143b (flow 401e18)
      Successors: 401e18, 401441
  BB: 401e33 in func 401140 with 24 insts
    I: 401e33 (imm 419998)
    I: 401e3a
    I: 401e3c (imm 4199a0)
    I: 401e43
    I: 401e45
    I: 401e47
    I: 401e4d
    I: 401e50
    I: 401e56
    I: 401e59
    I: 401e5c
    I: 401e5f
    I: 401e62
    I: 401e65
    I: 401e68
    I: 401e6a
    I: 401e6c
    I: 401e6e
    I: 401e70
    I: 401e75
    I: 401e7a
    I: 401e7d
    I: 401e80
    I: 401e83 (flow 40202c)
      Successors: 40202c
  BB: 401240 in func 401140 with 1 insts
    I: 401240 (flow 401245)
      Successors: 401245
  BB: 401441 in func 401140 with 1 insts
    I: 401441 (flow 401446)
      Successors: 401446
  BB: 401245 in func 401140 with 3 insts
    I: 401245
    I: 401248
    I: 40124d (flow 401b37)
      Successors: 401253, 401b37
  BB: 401446 in func 401140 with 3 insts
    I: 401446
    I: 401449
    I: 40144e (flow 401fdc)
      Successors: 401fdc, 401454
  BB: 401c51 in func 401140 with 7 insts
    I: 401c51
    I: 401c54
    I: 401c59
    I: 401c5e
    I: 401c61
    I: 401c64
    I: 401c67 (flow 40202c)
      Successors: 40202c
  BB: 401253 in func 401140 with 1 insts
    I: 401253 (flow 401258)
      Successors: 401258
  BB: 401454 in func 401140 with 1 insts
    I: 401454 (flow 401459)
      Successors: 401459
  BB: 401a53 in func 401140 with 2 insts
    I: 401a53
    I: 401a5a (flow 40202c)
      Successors: 40202c
  BB: 401258 in func 401140 with 3 insts
    I: 401258
    I: 40125b
    I: 401260 (flow 401fe8)
      Successors: 401fe8, 401266
  BB: 401459 in func 401140 with 3 insts
    I: 401459
    I: 40145c
    I: 401461 (flow 401fd0)
      Successors: 401fd0, 401467
  BB: 401a5f in func 401140 with 24 insts
    I: 401a5f (imm 419998)
    I: 401a66
    I: 401a68 (imm 4199a0)
    I: 401a6f
    I: 401a71
    I: 401a73
    I: 401a76
    I: 401a78
    I: 401a7a
    I: 401a7d
    I: 401a80
    I: 401a83
    I: 401a86
    I: 401a89
    I: 401a8c
    I: 401a8e
    I: 401a90
    I: 401a92
    I: 401a94
    I: 401a99
    I: 401a9e
    I: 401aa1
    I: 401aa4
    I: 401aa7 (flow 40202c)
      Successors: 40202c
  BB: 401663 in func 401140 with 9 insts
    I: 401663
    I: 401666
    I: 401669
    I: 40166c
    I: 401671
    I: 401676 (mem 419970)
    I: 40167d
    I: 401680
    I: 401683 (flow 40202c)
      Successors: 40202c
  BB: 401266 in func 401140 with 1 insts
    I: 401266 (flow 40126b)
      Successors: 40126b
  BB: 401467 in func 401140 with 1 insts
    I: 401467 (flow 40146c)
      Successors: 40146c
  BB: 40126b in func 401140 with 3 insts
    I: 40126b
    I: 40126e
    I: 401273 (flow 401b52)
      Successors: 401279, 401b52
  BB: 40146c in func 401140 with 3 insts
    I: 40146c
    I: 40146f
    I: 401474 (flow 4017a4)
      Successors: 40147a, 4017a4
  BB: 401c6c in func 401140 with 11 insts
    I: 401c6c
    I: 401c70 (imm 406030)
    I: 401c7a
    I: 401c7e
    I: 401c81
    I: 401c85
    I: 401c8a
    I: 401c8f
    I: 401c94
    I: 401c97
    I: 401c9a (flow 40202c)
      Successors: 40202c
  BB: 401879 in func 401140 with 2 insts
    I: 401879
    I: 401880 (flow 40202c)
      Successors: 40202c
  BB: 401279 in func 401140 with 1 insts
    I: 401279 (flow 40127e)
      Successors: 40127e
  BB: 40147a in func 401140 with 1 insts
    I: 40147a (flow 40147f)
      Successors: 40147f
  BB: 40127e in func 401140 with 3 insts
    I: 40127e
    I: 401281
    I: 401286 (flow 401f1d)
      Successors: 40128c, 401f1d
  BB: 40147f in func 401140 with 3 insts
    I: 40147f
    I: 401482
    I: 401487 (flow 401a5f)
      Successors: 40148d, 401a5f
  BB: 401885 in func 401140 with 40 insts
    I: 401885 (imm 419998)
    I: 40188c
    I: 40188e (imm 4199a0)
    I: 401895
    I: 401897
    I: 401899
    I: 40189f
    I: 4018a2
    I: 4018a8
    I: 4018ab
    I: 4018ae
    I: 4018b1
    I: 4018b5
    I: 4018b8
    I: 4018bc
    I: 4018bf
    I: 4018c1
    I: 4018c4
    I: 4018c8
    I: 4018ca
    I: 4018cd
    I: 4018cf
    I: 4018d2
    I: 4018d5
    I: 4018d8
    I: 4018dc
    I: 4018df
    I: 4018e2
    I: 4018e5
    I: 4018e8
    I: 4018eb
    I: 4018ed
    I: 4018f0
    I: 4018f2
    I: 4018f4
    I: 4018f9
    I: 4018fe
    I: 401901
    I: 401904
    I: 401907 (flow 40202c)
      Successors: 40202c
  BB: 401688 in func 401140 with 40 insts
    I: 401688 (imm 419998)
    I: 40168f
    I: 401691 (imm 4199a0)
    I: 401698
    I: 40169a
    I: 40169c
    I: 4016a2
    I: 4016a5
    I: 4016ab
    I: 4016ae
    I: 4016b1
    I: 4016b4
    I: 4016b8
    I: 4016bb
    I: 4016bf
    I: 4016c2
    I: 4016c4
    I: 4016c7
    I: 4016cb
    I: 4016cd
    I: 4016d0
    I: 4016d2
    I: 4016d5
    I: 4016d8
    I: 4016db
    I: 4016df
    I: 4016e2
    I: 4016e5
    I: 4016e8
    I: 4016eb
    I: 4016ee
    I: 4016f0
    I: 4016f3
    I: 4016f5
    I: 4016f7
    I: 4016fc
    I: 401701
    I: 401704
    I: 401707
    I: 40170a (flow 40202c)
      Successors: 40202c
  BB: 401e88 in func 401140 with 39 insts
    I: 401e88
    I: 401e8c (disp 419980)
    I: 401e93
    I: 401e96 (imm 419998)
    I: 401e9d
    I: 401e9f (imm 4199a0)
    I: 401ea6
    I: 401ea8
    I: 401eaa
    I: 401eb0
    I: 401eb3
    I: 401eb9
    I: 401ebc
    I: 401ebf
    I: 401ec2
    I: 401ec6
    I: 401ec9
    I: 401ecd
    I: 401ed0
    I: 401ed2
    I: 401ed5
    I: 401ed9
    I: 401edb
    I: 401ede
    I: 401ee0
    I: 401ee3
    I: 401ee6
    I: 401ee9
    I: 401eed
    I: 401ef0
    I: 401ef3
    I: 401ef6
    I: 401ef9
    I: 401efc
    I: 401efe
    I: 401f01
    I: 401f03
    I: 401f05
    I: 401f0a
      Successors: 401f0f
  BB: 40128c in func 401140 with 1 insts
    I: 40128c (flow 401291)
      Successors: 401291
  BB: 40148d in func 401140 with 1 insts
    I: 40148d (flow 401492)
      Successors: 401492
  BB: 401291 in func 401140 with 3 insts
    I: 401291
    I: 401294
    I: 401299 (flow 401879)
      Successors: 401879, 40129f
  BB: 401492 in func 401140 with 3 insts
    I: 401492
    I: 401495
    I: 40149a (flow 401cbd)
      Successors: 4014a0, 401cbd
  BB: 40129f in func 401140 with 1 insts
    I: 40129f (flow 4012a4)
      Successors: 4012a4
  BB: 4014a0 in func 401140 with 1 insts
    I: 4014a0 (flow 4014a5)
      Successors: 4014a5
  BB: 401c9f in func 401140 with 4 insts
    I: 401c9f
    I: 401ca2
    I: 401ca5
    I: 401cac (flow 40202c)
      Successors: 40202c
  BB: 4012a4 in func 401140 with 3 insts
    I: 4012a4
    I: 4012a7
    I: 4012ac (flow 4014f6)
      Successors: 4012b2, 4014f6
  BB: 4014a5 in func 401140 with 3 insts
    I: 4014a5
    I: 4014a8
    I: 4014ad (flow 401aac)
      Successors: 4014b3, 401aac
  BB: 401aac in func 401140 with 44 insts
    I: 401aac
    I: 401ab0
    I: 401ab3
    I: 401ab5
    I: 401ab8 (imm 419998)
    I: 401abf
    I: 401ac1 (imm 4199a0)
    I: 401ac8
    I: 401aca
    I: 401acc
    I: 401acf
    I: 401ad1
    I: 401ad3
    I: 401ad6
    I: 401ad9
    I: 401adc
    I: 401ae0
    I: 401ae3
    I: 401ae7
    I: 401aea
    I: 401aec
    I: 401aef
    I: 401af3
    I: 401af5
    I: 401af8
    I: 401afa
    I: 401afd
    I: 401b00
    I: 401b03
    I: 401b07
    I: 401b0a
    I: 401b0d
    I: 401b10
    I: 401b13
    I: 401b16
    I: 401b18
    I: 401b1b
    I: 401b1d
    I: 401b1f
    I: 401b24
    I: 401b29
    I: 401b2c
    I: 401b2f
    I: 401b32 (flow 40202c)
      Successors: 40202c
  BB: 401cb1 in func 401140 with 2 insts
    I: 401cb1
    I: 401cb8 (flow 40202c)
      Successors: 40202c
  BB: 4012b2 in func 401140 with 1 insts
    I: 4012b2 (flow 4012b7)
      Successors: 4012b7
  BB: 4014b3 in func 401140 with 1 insts
    I: 4014b3 (flow 4014b8)
      Successors: 4014b8
  BB: 4012b7 in func 401140 with 3 insts
    I: 4012b7
    I: 4012ba
    I: 4012bf (flow 401e88)
      Successors: 401e88, 4012c5
  BB: 4014b8 in func 401140 with 3 insts
    I: 4014b8
    I: 4014bb
    I: 4014c0 (flow 401575)
      Successors: 401575, 4014c6
  BB: 401cbd in func 401140 with 8 insts
    I: 401cbd
    I: 401cc1 (imm 406030)
    I: 401ccb
    I: 401ccf
    I: 401cd2
    I: 401cd5
    I: 401cd8
    I: 401cdf (flow 40202c)
      Successors: 40202c
  BB: 4012c5 in func 401140 with 1 insts
    I: 4012c5 (flow 4012ca)
      Successors: 4012ca
  BB: 4014c6 in func 401140 with 1 insts
    I: 4014c6 (flow 4014cb)
      Successors: 4014cb
  BB: 4012ca in func 401140 with 3 insts
    I: 4012ca
    I: 4012cd
    I: 4012d2 (flow 402017)
      Successors: 4012d8, 402017
  BB: 4014cb in func 401140 with 3 insts
    I: 4014cb
    I: 4014ce
    I: 4014d3 (flow 401629)
      Successors: 4014d9, 401629
  BB: 4012d8 in func 401140 with 1 insts
    I: 4012d8 (flow 4012dd)
      Successors: 4012dd
  BB: 4014d9 in func 401140 with 1 insts
    I: 4014d9 (flow 4014de)
      Successors: 4014de
  BB: 4012dd in func 401140 with 3 insts
    I: 4012dd
    I: 4012e0
    I: 4012e5 (flow 401f35)
      Successors: 4012eb, 401f35
  BB: 4014de in func 401140 with 3 insts
    I: 4014de
    I: 4014e1
    I: 4014e6 (flow 401a53)
      Successors: 401a53, 4014ec
  BB: 401ce4 in func 401140 with 40 insts
    I: 401ce4 (imm 419998)
    I: 401ceb
    I: 401ced (imm 4199a0)
    I: 401cf4
    I: 401cf6
    I: 401cf8
    I: 401cfb
    I: 401cfd
    I: 401cff
    I: 401d02
    I: 401d05
    I: 401d08
    I: 401d0c
    I: 401d0f
    I: 401d13
    I: 401d16
    I: 401d18
    I: 401d1b
    I: 401d1f
    I: 401d21
    I: 401d24
    I: 401d26
    I: 401d29
    I: 401d2c
    I: 401d2f
    I: 401d33
    I: 401d36
    I: 401d39
    I: 401d3c
    I: 401d3f
    I: 401d42
    I: 401d44
    I: 401d47
    I: 401d49
    I: 401d4b
    I: 401d50
    I: 401d55
    I: 401d58
    I: 401d5b
    I: 401d5e (flow 40202c)
      Successors: 40202c
  BB: 4012eb in func 401140 with 1 insts
    I: 4012eb (flow 4012f0)
      Successors: 4012f0
  BB: 4014ec in func 401140 with 1 insts
    I: 4014ec (flow 4014f1)
      Successors: 4014f1
  BB: 4012f0 in func 401140 with 3 insts
    I: 4012f0
    I: 4012f3
    I: 4012f8 (flow 401f7c)
      Successors: 401f7c, 4012fe
  BB: 4014f1 in func 401140 with 1 insts
    I: 4014f1 (flow 40202c)
      Successors: 40202c
  BB: 4014f6 in func 401140 with 40 insts
    I: 4014f6 (imm 419998)
    I: 4014fd
    I: 4014ff (imm 4199a0)
    I: 401506
    I: 401508
    I: 40150a
    I: 40150d
    I: 40150f
    I: 401511
    I: 401514
    I: 401517
    I: 40151a
    I: 40151e
    I: 401521
    I: 401525
    I: 401528
    I: 40152a
    I: 40152d
    I: 401531
    I: 401533
    I: 401536
    I: 401538
    I: 40153b
    I: 40153e
    I: 401541
    I: 401545
    I: 401548
    I: 40154b
    I: 40154e
    I: 401551
    I: 401554
    I: 401556
    I: 401559
    I: 40155b
    I: 40155d
    I: 401562
    I: 401567
    I: 40156a
    I: 40156d
    I: 401570 (flow 40202c)
      Successors: 40202c
  BB: 4012fe in func 401140 with 1 insts
    I: 4012fe (flow 401303)
      Successors: 401303
  BB: 401303 in func 401140 with 3 insts
    I: 401303
    I: 401306
    I: 40130b (flow 401c51)
      Successors: 401c51, 401311
  BB: 40190c in func 401140 with 35 insts
    I: 40190c
    I: 40190f
    I: 401914
    I: 401917
    I: 40191c
    I: 40191f
    I: 401923 (imm 406030)
    I: 40192d
    I: 401931
    I: 401934
    I: 401937
    I: 40193a (imm 419998)
    I: 401941
    I: 401943 (imm 4199a0)
    I: 40194a
    I: 40194c
    I: 40194e
    I: 401954
    I: 401957
    I: 40195d
    I: 401960
    I: 401963
    I: 401966
    I: 401969
    I: 40196c
    I: 40196f
    I: 401971
    I: 401973
    I: 401975
    I: 401977
    I: 40197c
    I: 401981
    I: 401984
    I: 401987
    I: 40198a (flow 40202c)
      Successors: 40202c
  BB: 40170f in func 401140 with 42 insts
    I: 40170f (mem 419970)
    I: 401716
    I: 401719 (imm 419998)
    I: 401720
    I: 401722 (imm 4199a0)
    I: 401729
    I: 40172b
    I: 40172d
    I: 401730
    I: 401732
    I: 401734
    I: 401737
    I: 40173a
    I: 40173d
    I: 401741
    I: 401744
    I: 401748
    I: 40174b
    I: 40174d
    I: 401750
    I: 401754
    I: 401756
    I: 401759
    I: 40175b
    I: 40175e
    I: 401761
    I: 401764
    I: 401768
    I: 40176b
    I: 40176e
    I: 401771
    I: 401774
    I: 401777
    I: 401779
    I: 40177c
    I: 40177e
    I: 401780
    I: 401785
    I: 40178a
    I: 40178d
    I: 401790
    I: 401793 (flow 40202c)
      Successors: 40202c
  BB: 401f0f in func 401140 with 4 insts
    Referenced by data
    I: 401f0f
    I: 401f12
    I: 401f15
    I: 401f18 (flow 40202c)
      Successors: 40202c
  BB: 401311 in func 401140 with 1 insts
    I: 401311 (flow 401316)
      Successors: 401316
  BB: 401316 in func 401140 with 3 insts
    I: 401316
    I: 401319
    I: 40131e (flow 401d63)
      Successors: 401d63, 401324
  BB: 401f1d in func 401140 with 2 insts
    I: 401f1d
    I: 401f24 (flow 40202c)
      Successors: 40202c
  BB: 401324 in func 401140 with 1 insts
    I: 401324 (flow 401329)
      Successors: 401329
  BB: 401329 in func 401140 with 3 insts
    I: 401329
    I: 40132c
    I: 401331 (flow 4017b7)
      Successors: 4017b7, 401337
  BB: 401f29 in func 401140 with 2 insts
    I: 401f29
    I: 401f30 (flow 40202c)
      Successors: 40202c
  BB: 401f35 in func 401140 with 7 insts
    I: 401f35
    I: 401f38
    I: 401f3a
    I: 401f3d
    I: 401f3f
    I: 401f42
    I: 401f49 (flow 40202c)
      Successors: 40202c
  BB: 401337 in func 401140 with 1 insts
    I: 401337 (flow 40133c)
      Successors: 40133c
  BB: 401b37 in func 401140 with 7 insts
    I: 401b37
    I: 401b3a
    I: 401b3f
    I: 401b44
    I: 401b47
    I: 401b4a
    I: 401b4d (flow 40202c)
      Successors: 40202c
  BB: 40133c in func 401140 with 3 insts
    I: 40133c
    I: 40133f
    I: 401344 (flow 40199b)
      Successors: 40134a, 40199b
  BB: 401140 in func 401140 with 8 insts
    I: 401140
    I: 401141
    I: 401144
    I: 401147
    I: 40114a
    I: 40114d
    I: 401150
    I: 401157
      Successors: 40115e
  BB: 40134a in func 401140 with 1 insts
    I: 40134a (flow 40134f)
      Successors: 40134f
  BB: 401f4e in func 401140 with 4 insts
    I: 401f4e
    I: 401f51 (mem 419970)
    I: 401f58
    I: 401f59
      No successors
  BB: 40134f in func 401140 with 3 insts
    I: 40134f
    I: 401352
    I: 401357 (flow 40170f)
      Successors: 40135d, 40170f
  BB: 401b52 in func 401140 with 5 insts
    I: 401b52
    I: 401b59 (mem 406034)
    I: 401b60
    I: 401b63
    I: 401b6a (flow 40202c)
      Successors: 40202c
  BB: 401f5a in func 401140 with 2 insts
    I: 401f5a
    I: 401f61 (flow 40202c)
      Successors: 40202c
  BB: 40135d in func 401140 with 1 insts
    I: 40135d (flow 401362)
      Successors: 401362
  BB: 40115e in func 401140 with 4 insts
    I: 40115e
    I: 401161
    I: 401164
    I: 401169 (flow 4017d2)
      Successors: 4017d2, 40116f
  BB: 401362 in func 401140 with 3 insts
    I: 401362
    I: 401365
    I: 40136a (flow 401798)
      Successors: 401370, 401798
  BB: 401d63 in func 401140 with 51 insts
    I: 401d63
    I: 401d67 (imm 406030)
    I: 401d71
    I: 401d75
    I: 401d78
    I: 401d7b
    I: 401d7f (disp 419980)
    I: 401d86
    I: 401d89
    I: 401d8c
    I: 401d8e
    I: 401d91 (imm 419998)
    I: 401d98
    I: 401d9a (imm 4199a0)
    I: 401da1
    I: 401da3
    I: 401da5
    I: 401dab
    I: 401dae
    I: 401db4
    I: 401db7
    I: 401dba
    I: 401dbd
    I: 401dc1
    I: 401dc4
    I: 401dc8
    I: 401dcb
    I: 401dcd
    I: 401dd0
    I: 401dd4
    I: 401dd6
    I: 401dd9
    I: 401ddb
    I: 401dde
    I: 401de1
    I: 401de4
    I: 401de8
    I: 401deb
    I: 401dee
    I: 401df1
    I: 401df4
    I: 401df7
    I: 401df9
    I: 401dfc
    I: 401dfe
    I: 401e00
    I: 401e05
    I: 401e0a
    I: 401e0d
    I: 401e10
    I: 401e13 (flow 40202c)
      Successors: 40202c
  BB: 401f66 in func 401140 with 4 insts
    I: 401f66 (mem 419970)
    I: 401f6d
    I: 401f70
    I: 401f77 (flow 40202c)
      Successors: 40202c
  BB: 40116f in func 401140 with 1 insts
    I: 40116f (flow 401174)
      Successors: 401174
  BB: 401370 in func 401140 with 1 insts
    I: 401370 (flow 401375)
      Successors: 401375
  BB: 401b6f in func 401140 with 24 insts
    I: 401b6f (imm 419998)
    I: 401b76
    I: 401b78 (imm 4199a0)
    I: 401b7f
    I: 401b81
    I: 401b83
    I: 401b89
    I: 401b8c
    I: 401b92
    I: 401b95
    I: 401b98
    I: 401b9b
    I: 401b9e
    I: 401ba1
    I: 401ba4
    I: 401ba6
    I: 401ba8
    I: 401baa
    I: 401bac
    I: 401bb1
    I: 401bb6
    I: 401bb9
    I: 401bbc
    I: 401bbf (flow 40202c)
      Successors: 40202c
  BB: 401174 in func 401140 with 3 insts
    I: 401174
    I: 401177
    I: 40117c (flow 401cb1)
      Successors: 401cb1, 401182
  BB: 401375 in func 401140 with 3 insts
    I: 401375
    I: 401378
    I: 40137d (flow 401602)
      Successors: 401602, 401383
  BB: 401575 in func 401140 with 45 insts
    I: 401575
    I: 401578
    I: 40157b
    I: 40157e
    I: 401580
    I: 401583 (imm 419998)
    I: 40158a
    I: 40158c (imm 4199a0)
    I: 401593
    I: 401595
    I: 401597
    I: 40159a
    I: 40159c
    I: 40159e
    I: 4015a1
    I: 4015a4
    I: 4015a7
    I: 4015ab
    I: 4015ae
    I: 4015b2
    I: 4015b5
    I: 4015b7
    I: 4015ba
    I: 4015be
    I: 4015c0
    I: 4015c3
    I: 4015c5
    I: 4015c8
    I: 4015cb
    I: 4015ce
    I: 4015d2
    I: 4015d5
    I: 4015d8
    I: 4015db
    I: 4015de
    I: 4015e1
    I: 4015e3
    I: 4015e6
    I: 4015e8
    I: 4015ea
    I: 4015ef
    I: 4015f4
    I: 4015f7
    I: 4015fa
    I: 4015fd (flow 40202c)
      Successors: 40202c
  BB: 401f7c in func 401140 with 13 insts
    I: 401f7c
    I: 401f7f
    I: 401f84
    I: 401f87
    I: 401f8c
    I: 401f8f
    I: 401f93 (imm 406030)
    I: 401f9d
    I: 401fa1
    I: 401fa4
    I: 401fa7
    I: 401faa
    I: 401fb1 (flow 40202c)
      Successors: 40202c
  BB: 401182 in func 401140 with 1 insts
    I: 401182 (flow 401187)
      Successors: 401187
  BB: 401383 in func 401140 with 1 insts
    I: 401383 (flow 401388)
      Successors: 401388
  BB: 401187 in func 401140 with 3 insts
    I: 401187
    I: 40118a
    I: 40118f (flow 401c9f)
      Successors: 401195, 401c9f
  BB: 401388 in func 401140 with 3 insts
    I: 401388
    I: 40138b
    I: 401390 (flow 40198f)
      Successors: 401396, 40198f
  BB: 40198f in func 401140 with 2 insts
    I: 40198f
    I: 401996 (flow 40202c)
      Successors: 40202c
  BB: 401195 in func 401140 with 1 insts
    I: 401195 (flow 40119a)
      Successors: 40119a
  BB: 401396 in func 401140 with 1 insts
    I: 401396 (flow 40139b)
      Successors: 40139b
  BB: 401798 in func 401140 with 2 insts
    I: 401798
    I: 40179f (flow 40202c)
      Successors: 40202c
  BB: 40119a in func 401140 with 3 insts
    I: 40119a
    I: 40119d
    I: 4011a2 (flow 401f66)
      Successors: 4011a8, 401f66
  BB: 40139b in func 401140 with 3 insts
    I: 40139b
    I: 40139e
    I: 4013a3 (flow 40161d)
      Successors: 4013a9, 40161d
  BB: 40199b in func 401140 with 24 insts
    I: 40199b (imm 419998)
    I: 4019a2
    I: 4019a4 (imm 4199a0)
    I: 4019ab
    I: 4019ad
    I: 4019af
    I: 4019b5
    I: 4019b8
    I: 4019be
    I: 4019c1
    I: 4019c4
    I: 4019c7
    I: 4019ca
    I: 4019cd
    I: 4019d0
    I: 4019d2
    I: 4019d4
    I: 4019d6
    I: 4019d8
    I: 4019dd
    I: 4019e2
    I: 4019e5
    I: 4019e8
    I: 4019eb (flow 40202c)
      Successors: 40202c
  BB: 4017a4 in func 401140 with 3 insts
    I: 4017a4
    I: 4017ab
    I: 4017b2 (flow 40202c)
      Successors: 40202c
  BB: 4011a8 in func 401140 with 1 insts
    I: 4011a8 (flow 4011ad)
      Successors: 4011ad
  BB: 4013a9 in func 401140 with 1 insts
    I: 4013a9 (flow 4013ae)
      Successors: 4013ae
  BB: 4011ad in func 401140 with 3 insts
    I: 4011ad
    I: 4011b0
    I: 4011b5 (flow 401885)
      Successors: 4011bb, 401885
  BB: 4013ae in func 401140 with 3 insts
    I: 4013ae
    I: 4013b1
    I: 4013b6 (flow 401fb6)
      Successors: 4013bc, 401fb6
  BB: 401fb6 in func 401140 with 4 insts
    I: 401fb6
    I: 401fbd
    I: 401fc4
    I: 401fcb (flow 40202c)
      Successors: 40202c
  BB: 4017b7 in func 401140 with 7 insts
    I: 4017b7
    I: 4017ba
    I: 4017bf
    I: 4017c4
    I: 4017c7
    I: 4017ca
    I: 4017cd (flow 40202c)
      Successors: 40202c
  BB: 4011bb in func 401140 with 1 insts
    I: 4011bb (flow 4011c0)
      Successors: 4011c0
  BB: 4013bc in func 401140 with 1 insts
    I: 4013bc (flow 4013c1)
      Successors: 4013c1
  BB: 4011c0 in func 401140 with 3 insts
    I: 4011c0
    I: 4011c3
    I: 4011c8 (flow 401663)
      Successors: 401663, 4011ce
  BB: 4013c1 in func 401140 with 3 insts
    I: 4013c1
    I: 4013c4
    I: 4013c9 (flow 401f29)
      Successors: 401f29, 4013cf
  BB: 401bc4 in func 401140 with 45 insts
    I: 401bc4
    I: 401bc7
    I: 401bca
    I: 401bcd
    I: 401bcf
    I: 401bd2 (imm 419998)
    I: 401bd9
    I: 401bdb (imm 4199a0)
    I: 401be2
    I: 401be4
    I: 401be6
    I: 401be9
    I: 401beb
    I: 401bed
    I: 401bf0
    I: 401bf3
    I: 401bf6
    I: 401bfa
    I: 401bfd
    I: 401c01
    I: 401c04
    I: 401c06
    I: 401c09
    I: 401c0d
    I: 401c0f
    I: 401c12
    I: 401c14
    I: 401c17
    I: 401c1a
    I: 401c1d
    I: 401c21
    I: 401c24
    I: 401c27
    I: 401c2a
    I: 401c2d
    I: 401c30
    I: 401c32
    I: 401c35
    I: 401c37
    I: 401c39
    I: 401c3e
    I: 401c43
    I: 401c46
    I: 401c49
    I: 401c4c (flow 40202c)
      Successors: 40202c
  BB: 4011ce in func 401140 with 1 insts
    I: 4011ce (flow 4011d3)
      Successors: 4011d3
  BB: 4013cf in func 401140 with 1 insts
    I: 4013cf (flow 4013d4)
      Successors: 4013d4
  BB: 401fd0 in func 401140 with 2 insts
    I: 401fd0
    I: 401fd7 (flow 40202c)
      Successors: 40202c
  BB: 4017d2 in func 401140 with 11 insts
    I: 4017d2
    I: 4017d6 (imm 406030)
    I: 4017e0
    I: 4017e4
    I: 4017e7
    I: 4017eb
    I: 4017f0
    I: 4017f5
    I: 4017f8
    I: 4017fb
    I: 4017fe (flow 40202c)
      Successors: 40202c
  BB: 4011d3 in func 401140 with 3 insts
    I: 4011d3
    I: 4011d6
    I: 4011db (flow 4019f0)
      Successors: 4019f0, 4011e1
  BB: 4013d4 in func 401140 with 3 insts
    I: 4013d4
    I: 4013d7
    I: 4013dc (flow 401688)
      Successors: 401688, 4013e2
  BB: 401fdc in func 401140 with 2 insts
    I: 401fdc
    I: 401fe3 (flow 40202c)
      Successors: 40202c
  BB: 4011e1 in func 401140 with 1 insts
    I: 4011e1 (flow 4011e6)
      Successors: 4011e6
  BB: 4013e2 in func 401140 with 1 insts
    I: 4013e2 (flow 4013e7)
      Successors: 4013e7
  BB: 4011e6 in func 401140 with 3 insts
    I: 4011e6
    I: 4011e9
    I: 4011ee (flow 401c6c)
      Successors: 401c6c, 4011f4
  BB: 4013e7 in func 401140 with 3 insts
    I: 4013e7
    I: 4013ea
    I: 4013ef (flow 401ce4)
      Successors: 401ce4, 4013f5
  BB: 401fe8 in func 401140 with 9 insts
    I: 401fe8
    I: 401fec (imm 406030)
    I: 401ff6
    I: 401ffa
    I: 401ffd
    I: 402000
    I: 402004 (disp 419980)
    I: 40200b
    I: 402012 (flow 40202c)
      Successors: 40202c
  BB: 4019f0 in func 401140 with 26 insts
    I: 4019f0
    I: 4019f7
    I: 4019fe (imm 419998)
    I: 401a05
    I: 401a07 (imm 4199a0)
    I: 401a0e
    I: 401a10
    I: 401a12
    I: 401a18
    I: 401a1b
    I: 401a21
    I: 401a24
    I: 401a27
    I: 401a2a
    I: 401a2d
    I: 401a30
    I: 401a33
    I: 401a35
    I: 401a37
    I: 401a39
    I: 401a3b
    I: 401a40
    I: 401a45
    I: 401a48
    I: 401a4b
    I: 401a4e (flow 40202c)
      Successors: 40202c
  BB: 4011f4 in func 401140 with 1 insts
    I: 4011f4 (flow 4011f9)
      Successors: 4011f9
  BB: 4013f5 in func 401140 with 1 insts
    I: 4013f5 (flow 4013fa)
      Successors: 4013fa
  BB: 4011f9 in func 401140 with 3 insts
    I: 4011f9
    I: 4011fc
    I: 401201 (flow 401e33)
      Successors: 401e33, 401207
  BB: 4013fa in func 401140 with 3 insts
    I: 4013fa
    I: 4013fd
    I: 401402 (flow 40190c)
      Successors: 401408, 40190c
Recovering main at 402040
  Analysing subroutine main at 402040
    Block head at 00403c33 is not code.
  Subroutine main at 402040 has 264 blocks
  BB: 403001 in func 402040 with 2 insts
    I: 403001
    I: 403008 (flow 403c2e)
      Successors: 403c2e
  BB: 403201 in func 402040 with 9 insts
    I: 403201
    I: 403205
    I: 403207
    I: 40320b
    I: 403210
    I: 403215
    I: 403217
    I: 40321a
    I: 40321d (flow 403c2e)
      Successors: 403c2e
  BB: 402209 in func 402040 with 1 insts
    I: 402209 (flow 40220e)
      Successors: 40220e
  BB: 40240a in func 402040 with 1 insts
    I: 40240a (flow 40240f)
      Successors: 40240f
  BB: 40260b in func 402040 with 1 insts
    I: 40260b (flow 402610)
      Successors: 402610
  BB: 403c0a in func 402040 with 7 insts
    I: 403c0a
    I: 403c0e
    I: 403c10
    I: 403c14
    I: 403c16 (flow 401140)
    I: 403c1b
    I: 403c22 (flow 403c2e)
      Successors: 403c2e
  BB: 40300d in func 402040 with 24 insts
    I: 40300d (imm 41999c)
    I: 403014
    I: 403016 (imm 4199a4)
    I: 40301d
    I: 40301f
    I: 403021
    I: 403027
    I: 40302a
    I: 403030
    I: 403033
    I: 403036
    I: 403039
    I: 40303c
    I: 40303f
    I: 403042
    I: 403044
    I: 403046
    I: 403048
    I: 40304a
    I: 40304f
    I: 403054
    I: 403057
    I: 40305a
    I: 40305d (flow 403c2e)
      Successors: 403c2e
  BB: 40220e in func 402040 with 3 insts
    I: 40220e
    I: 402211
    I: 402216 (flow 40399a)
      Successors: 40399a, 40221c
  BB: 40240f in func 402040 with 3 insts
    I: 40240f
    I: 402412
    I: 402417 (flow 40396d)
      Successors: 40396d, 40241d
  BB: 402610 in func 402040 with 3 insts
    I: 402610
    I: 402613
    I: 402618 (flow 403af5)
      Successors: 403af5, 40261e
  BB: 402c10 in func 402040 with 10 insts
    I: 402c10
    I: 402c14
    I: 402c17 (imm 406030)
    I: 402c21
    I: 402c25
    I: 402c28
    I: 402c2c
    I: 402c2f
    I: 402c34
    I: 402c3b (flow 403c2e)
      Successors: 403c2e
  BB: 403a12 in func 402040 with 40 insts
    I: 403a12 (imm 41999c)
    I: 403a19
    I: 403a1b (imm 4199a4)
    I: 403a22
    I: 403a24
    I: 403a26
    I: 403a29
    I: 403a2b
    I: 403a2d
    I: 403a30
    I: 403a33
    I: 403a36
    I: 403a3a
    I: 403a3d
    I: 403a41
    I: 403a44
    I: 403a46
    I: 403a49
    I: 403a4d
    I: 403a4f
    I: 403a52
    I: 403a54
    I: 403a57
    I: 403a5a
    I: 403a5d
    I: 403a61
    I: 403a64
    I: 403a67
    I: 403a6a
    I: 403a6d
    I: 403a70
    I: 403a72
    I: 403a75
    I: 403a77
    I: 403a79
    I: 403a7e
    I: 403a83
    I: 403a86
    I: 403a89
    I: 403a8c (flow 403c2e)
      Successors: 403c2e
  BB: 40221c in func 402040 with 1 insts
    I: 40221c (flow 402221)
      Successors: 402221
  BB: 40241d in func 402040 with 1 insts
    I: 40241d (flow 402422)
      Successors: 402422
  BB: 40261e in func 402040 with 1 insts
    I: 40261e (flow 402623)
      Successors: 402623
  BB: 40341f in func 402040 with 2 insts
    I: 40341f
    I: 403426 (flow 403c2e)
      Successors: 403c2e
  BB: 402a1f in func 402040 with 5 insts
    I: 402a1f
    I: 402a26
    I: 402a29
    I: 402a2b
    I: 402a2e (flow 403c2e)
      Successors: 403c2e
  BB: 402221 in func 402040 with 3 insts
    I: 402221
    I: 402224
    I: 402229 (flow 402c10)
      Successors: 402c10, 40222f
  BB: 402422 in func 402040 with 3 insts
    I: 402422
    I: 402425
    I: 40242a (flow 402d8e)
      Successors: 402430, 402d8e
  BB: 402623 in func 402040 with 3 insts
    I: 402623
    I: 402626
    I: 40262b (flow 4030af)
      Successors: 402631, 4030af
  BB: 402e21 in func 402040 with 45 insts
    I: 402e21
    I: 402e25
    I: 402e28
    I: 402e2b
    I: 402e2d
    I: 402e30 (imm 41999c)
    I: 402e37
    I: 402e39 (imm 4199a4)
    I: 402e40
    I: 402e42
    I: 402e44
    I: 402e47
    I: 402e49
    I: 402e4b
    I: 402e4e
    I: 402e51
    I: 402e54
    I: 402e58
    I: 402e5b
    I: 402e5f
    I: 402e62
    I: 402e64
    I: 402e67
    I: 402e6b
    I: 402e6d
    I: 402e70
    I: 402e72
    I: 402e75
    I: 402e78
    I: 402e7b
    I: 402e7f
    I: 402e82
    I: 402e85
    I: 402e88
    I: 402e8b
    I: 402e8e
    I: 402e90
    I: 402e93
    I: 402e95
    I: 402e97
    I: 402e9c
    I: 402ea1
    I: 402ea4
    I: 402ea7
    I: 402eaa (flow 403c2e)
      Successors: 403c2e
  BB: 403222 in func 402040 with 24 insts
    I: 403222 (imm 41999c)
    I: 403229
    I: 40322b (imm 4199a4)
    I: 403232
    I: 403234
    I: 403236
    I: 40323c
    I: 40323f
    I: 403245
    I: 403248
    I: 40324b
    I: 40324e
    I: 403251
    I: 403254
    I: 403257
    I: 403259
    I: 40325b
    I: 40325d
    I: 40325f
    I: 403264
    I: 403269
    I: 40326c
    I: 40326f
    I: 403272 (flow 403c2e)
      Successors: 403c2e
  BB: 403c27 in func 402040 with 1 insts
    I: 403c27
      Successors: 403c2e
  BB: 40342b in func 402040 with 13 insts
    I: 40342b
    I: 40342f
    I: 403431
    I: 403433
    I: 403435
    I: 403437
    I: 40343a
    I: 40343c
    I: 40343e
    I: 403440
    I: 403444
    I: 403446
    I: 40344d (flow 403c2e)
      Successors: 403c2e
  BB: 403c2e in func 402040 with 1 insts
    I: 403c2e (flow 40208f)
      Successors: 40208f
  BB: 40222f in func 402040 with 1 insts
    I: 40222f (flow 402234)
      Successors: 402234
  BB: 402430 in func 402040 with 1 insts
    I: 402430 (flow 402435)
      Successors: 402435
  BB: 402631 in func 402040 with 1 insts
    I: 402631 (flow 402636)
      Successors: 402636
  BB: 402a33 in func 402040 with 6 insts
    I: 402a33
    I: 402a38
    I: 402a3d
    I: 402a41
    I: 402a44
    I: 402a47 (flow 403c2e)
      Successors: 403c2e
  BB: 402234 in func 402040 with 3 insts
    I: 402234
    I: 402237
    I: 40223c (flow 402bf4)
      Successors: 402242, 402bf4
  BB: 402435 in func 402040 with 3 insts
    I: 402435
    I: 402438
    I: 40243d (flow 403c0a)
      Successors: 403c0a, 402443
  BB: 402636 in func 402040 with 3 insts
    I: 402636
    I: 402639
    I: 40263e (flow 403452)
      Successors: 403452, 402644
  BB: 40383e in func 402040 with 45 insts
    I: 40383e
    I: 403842
    I: 403844
    I: 403848
    I: 40384a (flow 401140)
    I: 40384f (imm 41999c)
    I: 403856
    I: 403858 (imm 4199a4)
    I: 40385f
    I: 403861
    I: 403863
    I: 403866
    I: 403868
    I: 40386a
    I: 40386d
    I: 403870
    I: 403873
    I: 403877
    I: 40387a
    I: 40387e
    I: 403881
    I: 403883
    I: 403886
    I: 40388a
    I: 40388c
    I: 40388f
    I: 403891
    I: 403894
    I: 403897
    I: 40389a
    I: 40389e
    I: 4038a1
    I: 4038a4
    I: 4038a7
    I: 4038aa
    I: 4038ad
    I: 4038af
    I: 4038b2
    I: 4038b4
    I: 4038b6
    I: 4038bb
    I: 4038c0
    I: 4038c3
    I: 4038c6
    I: 4038c9 (flow 403c2e)
      Successors: 403c2e
  BB: 402040 in func 402040 with 22 insts
    Referenced by data
    I: 402040
    I: 402041
    I: 402044
    I: 402048 (imm 41999c)
    I: 40204f
    I: 402051 (imm 4199a4)
    I: 402058
    I: 40205a
    I: 40205c
    I: 402062
    I: 402065
    I: 40206b
    I: 40206e
    I: 402071
    I: 402074
    I: 402077
    I: 40207a
    I: 40207d
    I: 402080
    I: 402083
    I: 402085
    I: 402088
      Successors: 40208f
  BB: 402c40 in func 402040 with 9 insts
    I: 402c40
    I: 402c44
    I: 402c46
    I: 402c4c
    I: 402c4f
    I: 402c55
    I: 402c59
    I: 402c5b
    I: 402c62 (flow 403c2e)
      Successors: 403c2e
  BB: 402242 in func 402040 with 1 insts
    I: 402242 (flow 402247)
      Successors: 402247
  BB: 402443 in func 402040 with 1 insts
    I: 402443 (flow 402448)
      Successors: 402448
  BB: 402644 in func 402040 with 1 insts
    I: 402644 (flow 402649)
      Successors: 402649
  BB: 402247 in func 402040 with 3 insts
    I: 402247
    I: 40224a
    I: 40224f (flow 402f67)
      Successors: 402255, 402f67
  BB: 402448 in func 402040 with 3 insts
    I: 402448
    I: 40244b
    I: 402450 (flow 402c73)
      Successors: 402c73, 402456
  BB: 402649 in func 402040 with 3 insts
    I: 402649
    I: 40264c
    I: 402651 (flow 403145)
      Successors: 403145, 402657
  BB: 402847 in func 402040 with 2 insts
    I: 402847
    I: 40284e (flow 403c2e)
      Successors: 403c2e
  BB: 402a4c in func 402040 with 4 insts
    I: 402a4c
    I: 402a50
    I: 402a56
    I: 402a5d (flow 403c2e)
      Successors: 403c2e
  BB: 403452 in func 402040 with 24 insts
    I: 403452 (imm 41999c)
    I: 403459
    I: 40345b (imm 4199a4)
    I: 403462
    I: 403464
    I: 403466
    I: 40346c
    I: 40346f
    I: 403475
    I: 403478
    I: 40347b
    I: 40347e
    I: 403481
    I: 403484
    I: 403487
    I: 403489
    I: 40348b
    I: 40348d
    I: 40348f
    I: 403494
    I: 403499
    I: 40349c
    I: 40349f
    I: 4034a2 (flow 403c2e)
      Successors: 403c2e
  BB: 402853 in func 402040 with 24 insts
    I: 402853 (imm 41999c)
    I: 40285a
    I: 40285c (imm 4199a4)
    I: 402863
    I: 402865
    I: 402867
    I: 40286d
    I: 402870
    I: 402876
    I: 402879
    I: 40287c
    I: 40287f
    I: 402882
    I: 402885
    I: 402888
    I: 40288a
    I: 40288c
    I: 40288e
    I: 402890
    I: 402895
    I: 40289a
    I: 40289d
    I: 4028a0
    I: 4028a3 (flow 403c2e)
      Successors: 403c2e
  BB: 402255 in func 402040 with 1 insts
    I: 402255 (flow 40225a)
      Successors: 40225a
  BB: 402456 in func 402040 with 1 insts
    I: 402456 (flow 40245b)
      Successors: 40245b
  BB: 402657 in func 402040 with 1 insts
    I: 402657 (flow 40265c)
      Successors: 40265c
  BB: 40225a in func 402040 with 3 insts
    I: 40225a
    I: 40225d
    I: 402262 (flow 403a91)
      Successors: 402268, 403a91
  BB: 40245b in func 402040 with 3 insts
    I: 40245b
    I: 40245e
    I: 402463 (flow 40392b)
      Successors: 402469, 40392b
  BB: 40265c in func 402040 with 3 insts
    I: 40265c
    I: 40265f
    I: 402664 (flow 403703)
      Successors: 40266a, 403703
  BB: 40365f in func 402040 with 7 insts
    I: 40365f
    I: 403662
    I: 403667
    I: 40366c
    I: 40366f
    I: 403672
    I: 403675 (flow 403c2e)
      Successors: 403c2e
  BB: 402a62 in func 402040 with 40 insts
    I: 402a62 (imm 41999c)
    I: 402a69
    I: 402a6b (imm 4199a4)
    I: 402a72
    I: 402a74
    I: 402a76
    I: 402a7c
    I: 402a7f
    I: 402a85
    I: 402a88
    I: 402a8b
    I: 402a8e
    I: 402a92
    I: 402a95
    I: 402a99
    I: 402a9c
    I: 402a9e
    I: 402aa1
    I: 402aa5
    I: 402aa7
    I: 402aaa
    I: 402aac
    I: 402aaf
    I: 402ab2
    I: 402ab5
    I: 402ab9
    I: 402abc
    I: 402abf
    I: 402ac2
    I: 402ac5
    I: 402ac8
    I: 402aca
    I: 402acd
    I: 402acf
    I: 402ad1
    I: 402ad6
    I: 402adb
    I: 402ade
    I: 402ae1
    I: 402ae4 (flow 403c2e)
      Successors: 403c2e
  BB: 403062 in func 402040 with 24 insts
    I: 403062 (imm 41999c)
    I: 403069
    I: 40306b (imm 4199a4)
    I: 403072
    I: 403074
    I: 403076
    I: 403079
    I: 40307b
    I: 40307d
    I: 403080
    I: 403083
    I: 403086
    I: 403089
    I: 40308c
    I: 40308f
    I: 403091
    I: 403093
    I: 403095
    I: 403097
    I: 40309c
    I: 4030a1
    I: 4030a4
    I: 4030a7
    I: 4030aa (flow 403c2e)
      Successors: 403c2e
  BB: 402c67 in func 402040 with 2 insts
    I: 402c67
    I: 402c6e (flow 403c2e)
      Successors: 403c2e
  BB: 402268 in func 402040 with 1 insts
    I: 402268 (flow 40226d)
      Successors: 40226d
  BB: 402469 in func 402040 with 1 insts
    I: 402469 (flow 40246e)
      Successors: 40246e
  BB: 40266a in func 402040 with 1 insts
    I: 40266a (flow 40266f)
      Successors: 40266f
  BB: 40226d in func 402040 with 3 insts
    I: 40226d
    I: 402270
    I: 402275 (flow 403ab4)
      Successors: 40227b, 403ab4
  BB: 40246e in func 402040 with 3 insts
    I: 40246e
    I: 402471
    I: 402476 (flow 402a62)
      Successors: 402a62, 40247c
  BB: 40266f in func 402040 with 3 insts
    I: 40266f
    I: 402672
    I: 402677 (flow 403b31)
      Successors: 403b31, 40267d
  BB: 402c73 in func 402040 with 9 insts
    I: 402c73
    I: 402c77
    I: 402c79
    I: 402c7f
    I: 402c82
    I: 402c88
    I: 402c8c
    I: 402c8e
    I: 402c95 (flow 403c2e)
      Successors: 403c2e
  BB: 403277 in func 402040 with 38 insts
    I: 403277
    I: 40327b
    I: 40327d
    I: 403281
    I: 403283
    I: 403285
    I: 403287
    I: 403289
    I: 40328b (disp 419980)
    I: 403292
    I: 403296
    I: 403298
    I: 40329b
    I: 40329d
    I: 4032a0 (imm 41999c)
    I: 4032a7
    I: 4032a9 (imm 4199a4)
    I: 4032b0
    I: 4032b2
    I: 4032b4
    I: 4032ba
    I: 4032bd
    I: 4032c3
    I: 4032c6
    I: 4032c9
    I: 4032cc
    I: 4032cf
    I: 4032d2
    I: 4032d5
    I: 4032d7
    I: 4032d9
    I: 4032db
    I: 4032dd
    I: 4032e2
    I: 4032e7
    I: 4032ea
    I: 4032ed
    I: 4032f0 (flow 403c2e)
      Successors: 403c2e
  BB: 40367a in func 402040 with 20 insts
    I: 40367a
    I: 40367e
    I: 403681 (imm 406030)
    I: 40368b
    I: 40368f
    I: 403692
    I: 403696
    I: 403698
    I: 40369c
    I: 40369e
    I: 4036a0
    I: 4036a2
    I: 4036a4
    I: 4036a6
    I: 4036a8
    I: 4036aa
    I: 4036ac
    I: 4036af
    I: 4036b4
    I: 4036bb (flow 403c2e)
      Successors: 403c2e
  BB: 40227b in func 402040 with 1 insts
    I: 40227b (flow 402280)
      Successors: 402280
  BB: 40247c in func 402040 with 1 insts
    I: 40247c (flow 402481)
      Successors: 402481
  BB: 40267d in func 402040 with 1 insts
    I: 40267d (flow 402682)
      Successors: 402682
  BB: 402280 in func 402040 with 3 insts
    I: 402280
    I: 402283
    I: 402288 (flow 403b58)
      Successors: 403b58, 40228e
  BB: 402481 in func 402040 with 3 insts
    I: 402481
    I: 402484
    I: 402489 (flow 4031e1)
      Successors: 4031e1, 40248f
  BB: 402682 in func 402040 with 3 insts
    I: 402682
    I: 402685
    I: 40268a (flow 403222)
      Successors: 402690, 403222
  BB: 40228e in func 402040 with 1 insts
    I: 40228e (flow 402293)
      Successors: 402293
  BB: 40208f in func 402040 with 4 insts
    I: 40208f
    I: 402092
    I: 402095
    I: 40209a (flow 402ce7)
      Successors: 4020a0, 402ce7
  BB: 40248f in func 402040 with 1 insts
    I: 40248f (flow 402494)
      Successors: 402494
  BB: 402690 in func 402040 with 1 insts
    I: 402690 (flow 402695)
      Successors: 402695
  BB: 403a91 in func 402040 with 4 insts
    I: 403a91
    I: 403a93
    I: 403a96
    I: 403a97
      No successors
  BB: 402293 in func 402040 with 3 insts
    I: 402293
    I: 402296
    I: 40229b (flow 403001)
      Successors: 4022a1, 403001
  BB: 402494 in func 402040 with 3 insts
    I: 402494
    I: 402497
    I: 40249c (flow 4032f5)
      Successors: 4024a2, 4032f5
  BB: 402695 in func 402040 with 3 insts
    I: 402695
    I: 402698
    I: 40269d (flow 402847)
      Successors: 4026a3, 402847
  BB: 403a98 in func 402040 with 6 insts
    I: 403a98
    I: 403a9b
    I: 403a9f
    I: 403aa2
    I: 403aa8
    I: 403aaf (flow 403c2e)
      Successors: 403c2e
  BB: 402c9a in func 402040 with 24 insts
    I: 402c9a (imm 41999c)
    I: 402ca1
    I: 402ca3 (imm 4199a4)
    I: 402caa
    I: 402cac
    I: 402cae
    I: 402cb1
    I: 402cb3
    I: 402cb5
    I: 402cb8
    I: 402cbb
    I: 402cbe
    I: 402cc1
    I: 402cc4
    I: 402cc7
    I: 402cc9
    I: 402ccb
    I: 402ccd
    I: 402ccf
    I: 402cd4
    I: 402cd9
    I: 402cdc
    I: 402cdf
    I: 402ce2 (flow 403c2e)
      Successors: 403c2e
  BB: 4020a0 in func 402040 with 1 insts
    I: 4020a0 (flow 4020a5)
      Successors: 4020a5
  BB: 4022a1 in func 402040 with 1 insts
    I: 4022a1 (flow 4022a6)
      Successors: 4022a6
  BB: 4024a2 in func 402040 with 1 insts
    I: 4024a2 (flow 4024a7)
      Successors: 4024a7
  BB: 4026a3 in func 402040 with 1 insts
    I: 4026a3 (flow 4026a8)
      Successors: 4026a8
  BB: 4020a5 in func 402040 with 3 insts
    I: 4020a5
    I: 4020a8
    I: 4020ad (flow 402a4c)
      Successors: 4020b3, 402a4c
  BB: 4022a6 in func 402040 with 3 insts
    I: 4022a6
    I: 4022a9
    I: 4022ae (flow 403bf6)
      Successors: 4022b4, 403bf6
  BB: 4024a7 in func 402040 with 3 insts
    I: 4024a7
    I: 4024aa
    I: 4024af (flow 4028a8)
      Successors: 4028a8, 4024b5
  BB: 4026a8 in func 402040 with 3 insts
    I: 4026a8
    I: 4026ab
    I: 4026b0 (flow 403909)
      Successors: 403909, 4026b6
  BB: 4028a8 in func 402040 with 32 insts
    I: 4028a8
    I: 4028ac (imm 404008)
    I: 4028b6
    I: 4028b8 (flow 4199b8)
    I: 4028bd
    I: 4028c0
    I: 4028c3
    I: 4028c5
    I: 4028c8 (imm 41999c)
    I: 4028cf
    I: 4028d1 (imm 4199a4)
    I: 4028d8
    I: 4028da
    I: 4028dc
    I: 4028e2
    I: 4028e5
    I: 4028eb
    I: 4028ee
    I: 4028f1
    I: 4028f4
    I: 4028f7
    I: 4028fa
    I: 4028fd
    I: 4028ff
    I: 402901
    I: 402903
    I: 402905
    I: 40290a
    I: 40290f
    I: 402912
    I: 402915
    I: 402918 (flow 403c2e)
      Successors: 403c2e
  BB: 4034a7 in func 402040 with 54 insts
    I: 4034a7
    I: 4034ab
    I: 4034ad
    I: 4034b1
    I: 4034b4 (imm 406030)
    I: 4034be
    I: 4034c2
    I: 4034c5
    I: 4034c9
    I: 4034cf
    I: 4034d1
    I: 4034d7
    I: 4034da
    I: 4034de
    I: 4034e4 (imm 41999c)
    I: 4034eb
    I: 4034ed (imm 4199a4)
    I: 4034f4
    I: 4034f6
    I: 4034f8
    I: 4034fe
    I: 403501
    I: 403507
    I: 40350a
    I: 40350d
    I: 403510
    I: 403514
    I: 403517
    I: 40351b
    I: 40351e
    I: 403520
    I: 403523
    I: 403527
    I: 403529
    I: 40352c
    I: 40352e
    I: 403531
    I: 403534
    I: 403537
    I: 40353b
    I: 40353e
    I: 403541
    I: 403544
    I: 403547
    I: 40354a
    I: 40354c
    I: 40354f
    I: 403551
    I: 403553
    I: 403558
    I: 40355d
    I: 403560
    I: 403563
    I: 403566 (flow 403c2e)
      Successors: 403c2e
  BB: 402eaf in func 402040 with 7 insts
    I: 402eaf
    I: 402eb2
    I: 402eb7
    I: 402ebc
    I: 402ebf
    I: 402ec2
    I: 402ec5 (flow 403c2e)
      Successors: 403c2e
  BB: 4030af in func 402040 with 2 insts
    I: 4030af
    I: 4030b6 (flow 403c2e)
      Successors: 403c2e
  BB: 4020b3 in func 402040 with 1 insts
    I: 4020b3 (flow 4020b8)
      Successors: 4020b8
  BB: 4022b4 in func 402040 with 1 insts
    I: 4022b4 (flow 4022b9)
      Successors: 4022b9
  BB: 4024b5 in func 402040 with 1 insts
    I: 4024b5 (flow 4024ba)
      Successors: 4024ba
  BB: 4026b6 in func 402040 with 1 insts
    I: 4026b6 (flow 4026bb)
      Successors: 4026bb
  BB: 403ab4 in func 402040 with 6 insts
    I: 403ab4
    I: 403ab8 (imm 404008)
    I: 403ac2
    I: 403ac4 (flow 4199b8)
    I: 403ac9
    I: 403ad0 (flow 403c2e)
      Successors: 403c2e
  BB: 4020b8 in func 402040 with 3 insts
    I: 4020b8
    I: 4020bb
    I: 4020c0 (flow 403201)
      Successors: 403201, 4020c6
  BB: 4022b9 in func 402040 with 3 insts
    I: 4022b9
    I: 4022bc
    I: 4022c1 (flow 4035fe)
      Successors: 4035fe, 4022c7
  BB: 4024ba in func 402040 with 3 insts
    I: 4024ba
    I: 4024bd
    I: 4024c2 (flow 4038ce)
      Successors: 4024c8, 4038ce
  BB: 4026bb in func 402040 with 3 insts
    I: 4026bb
    I: 4026be
    I: 4026c3 (flow 4034a7)
      Successors: 4026c9, 4034a7
  BB: 4030bb in func 402040 with 14 insts
    I: 4030bb
    I: 4030bf
    I: 4030c1
    I: 4030c3
    I: 4030c9
    I: 4030cc
    I: 4030d2
    I: 4030d6
    I: 4030d8
    I: 4030dd
    I: 4030e2
    I: 4030e5
    I: 4030e8
    I: 4030eb (flow 403c2e)
      Successors: 403c2e
  BB: 4036c0 in func 402040 with 9 insts
    I: 4036c0
    I: 4036c4
    I: 4036c6
    I: 4036cc
    I: 4036cf
    I: 4036d5
    I: 4036d9
    I: 4036db
    I: 4036e2 (flow 403c2e)
      Successors: 403c2e
  BB: 4020c6 in func 402040 with 1 insts
    I: 4020c6 (flow 4020cb)
      Successors: 4020cb
  BB: 4022c7 in func 402040 with 1 insts
    I: 4022c7 (flow 4022cc)
      Successors: 4022cc
  BB: 4024c8 in func 402040 with 1 insts
    I: 4024c8 (flow 4024cd)
      Successors: 4024cd
  BB: 4026c9 in func 402040 with 1 insts
    I: 4026c9 (flow 4026ce)
      Successors: 4026ce
  BB: 402eca in func 402040 with 5 insts
    I: 402eca
    I: 402ece
    I: 402ed1 (disp 419980)
    I: 402edc
    I: 402ee3 (flow 403c2e)
      Successors: 403c2e
  BB: 4020cb in func 402040 with 3 insts
    I: 4020cb
    I: 4020ce
    I: 4020d3 (flow 40291d)
      Successors: 4020d9, 40291d
  BB: 4022cc in func 402040 with 3 insts
    I: 4022cc
    I: 4022cf
    I: 4022d4 (flow 402c40)
      Successors: 402c40, 4022da
  BB: 4024cd in func 402040 with 3 insts
    I: 4024cd
    I: 4024d0
    I: 4024d5 (flow 402e21)
      Successors: 402e21, 4024db
  BB: 4026ce in func 402040 with 3 insts
    I: 4026ce
    I: 4026d1
    I: 4026d6 (flow 403a12)
      Successors: 403a12, 4026dc
  BB: 4038ce in func 402040 with 2 insts
    I: 4038ce
    I: 4038d5 (flow 403c2e)
      Successors: 403c2e
  BB: 403ad5 in func 402040 with 3 insts
    I: 403ad5
    I: 403ad9
    I: 403ae0 (flow 403c2e)
      Successors: 403c2e
  BB: 4020d9 in func 402040 with 1 insts
    I: 4020d9 (flow 4020de)
      Successors: 4020de
  BB: 4022da in func 402040 with 1 insts
    I: 4022da (flow 4022df)
      Successors: 4022df
  BB: 4024db in func 402040 with 1 insts
    I: 4024db (flow 4024e0)
      Successors: 4024e0
  BB: 4026dc in func 402040 with 1 insts
    I: 4026dc (flow 4026e1)
      Successors: 4026e1
  BB: 4038da in func 402040 with 2 insts
    I: 4038da
    I: 4038e1 (flow 403c2e)
      Successors: 403c2e
  BB: 4020de in func 402040 with 3 insts
    I: 4020de
    I: 4020e1
    I: 4020e6 (flow 40300d)
      Successors: 4020ec, 40300d
  BB: 4022df in func 402040 with 3 insts
    I: 4022df
    I: 4022e2
    I: 4022e7 (flow 402eaf)
      Successors: 4022ed, 402eaf
  BB: 4024e0 in func 402040 with 3 insts
    I: 4024e0
    I: 4024e3
    I: 4024e8 (flow 403ba9)
      Successors: 403ba9, 4024ee
  BB: 4026e1 in func 402040 with 3 insts
    I: 4026e1
    I: 4026e4
    I: 4026e9 (flow 40383e)
      Successors: 40383e, 4026ef
  BB: 403ae5 in func 402040 with 3 insts
    I: 403ae5
    I: 403ae9
    I: 403af0 (flow 403c2e)
      Successors: 403c2e
  BB: 4038e6 in func 402040 with 7 insts
    I: 4038e6
    I: 4038ea
    I: 4038f0 (mem 406034)
    I: 4038f7
    I: 4038fb
    I: 4038fd
    I: 403904 (flow 403c2e)
      Successors: 403c2e
  BB: 402ce7 in func 402040 with 44 insts
    I: 402ce7 (mem 406034)
    I: 402cf2 (mem 419970)
    I: 402cfd
    I: 402d01
    I: 402d07 (imm 41999c)
    I: 402d0e
    I: 402d10 (imm 4199a4)
    I: 402d17
    I: 402d19
    I: 402d1b
    I: 402d21
    I: 402d24
    I: 402d2a
    I: 402d2d
    I: 402d30
    I: 402d33
    I: 402d37
    I: 402d3a
    I: 402d3e
    I: 402d41
    I: 402d43
    I: 402d46
    I: 402d4a
    I: 402d4c
    I: 402d4f
    I: 402d51
    I: 402d54
    I: 402d57
    I: 402d5a
    I: 402d5e
    I: 402d61
    I: 402d64
    I: 402d67
    I: 402d6a
    I: 402d6d
    I: 402d6f
    I: 402d72
    I: 402d74
    I: 402d76
    I: 402d7b
    I: 402d80
    I: 402d83
    I: 402d86
    I: 402d89 (flow 403c2e)
      Successors: 403c2e
  BB: 402ee8 in func 402040 with 40 insts
    I: 402ee8 (imm 41999c)
    I: 402eef
    I: 402ef1 (imm 4199a4)
    I: 402ef8
    I: 402efa
    I: 402efc
    I: 402eff
    I: 402f01
    I: 402f03
    I: 402f06
    I: 402f09
    I: 402f0c
    I: 402f10
    I: 402f13
    I: 402f17
    I: 402f1a
    I: 402f1c
    I: 402f1f
    I: 402f23
    I: 402f25
    I: 402f28
    I: 402f2a
    I: 402f2d
    I: 402f30
    I: 402f33
    I: 402f37
    I: 402f3a
    I: 402f3d
    I: 402f40
    I: 402f43
    I: 402f46
    I: 402f48
    I: 402f4b
    I: 402f4d
    I: 402f4f
    I: 402f54
    I: 402f59
    I: 402f5c
    I: 402f5f
    I: 402f62 (flow 403c2e)
      Successors: 403c2e
  BB: 402ae9 in func 402040 with 29 insts
    I: 402ae9
    I: 402aed
    I: 402af3
    I: 402af6
    I: 402af8
    I: 402afb (imm 41999c)
    I: 402b02
    I: 402b04 (imm 4199a4)
    I: 402b0b
    I: 402b0d
    I: 402b0f
    I: 402b12
    I: 402b14
    I: 402b16
    I: 402b19
    I: 402b1c
    I: 402b1f
    I: 402b22
    I: 402b25
    I: 402b28
    I: 402b2a
    I: 402b2c
    I: 402b2e
    I: 402b30
    I: 402b35
    I: 402b3a
    I: 402b3d
    I: 402b40
    I: 402b43 (flow 403c2e)
      Successors: 403c2e
  BB: 4036e7 in func 402040 with 6 insts
    I: 4036e7
    I: 4036eb
    I: 4036ed
    I: 4036f2 (flow 401140)
    I: 4036f7
    I: 4036fe (flow 403c2e)
      Successors: 403c2e
  BB: 4020ec in func 402040 with 1 insts
    I: 4020ec (flow 4020f1)
      Successors: 4020f1
  BB: 4022ed in func 402040 with 1 insts
    I: 4022ed (flow 4022f2)
      Successors: 4022f2
  BB: 4024ee in func 402040 with 1 insts
    I: 4024ee (flow 4024f3)
      Successors: 4024f3
  BB: 4026ef in func 402040 with 1 insts
    I: 4026ef (flow 4026f4)
      Successors: 4026f4
  BB: 4030f0 in func 402040 with 24 insts
    I: 4030f0 (imm 41999c)
    I: 4030f7
    I: 4030f9 (imm 4199a4)
    I: 403100
    I: 403102
    I: 403104
    I: 40310a
    I: 40310d
    I: 403113
    I: 403116
    I: 403119
    I: 40311c
    I: 40311f
    I: 403122
    I: 403125
    I: 403127
    I: 403129
    I: 40312b
    I: 40312d
    I: 403132
    I: 403137
    I: 40313a
    I: 40313d
    I: 403140 (flow 403c2e)
      Successors: 403c2e
  BB: 4020f1 in func 402040 with 3 insts
    I: 4020f1
    I: 4020f4
    I: 4020f9 (flow 40293c)
      Successors: 40293c, 4020ff
  BB: 4022f2 in func 402040 with 3 insts
    I: 4022f2
    I: 4022f5
    I: 4022fa (flow 4038da)
      Successors: 402300, 4038da
  BB: 4024f3 in func 402040 with 3 insts
    I: 4024f3
    I: 4024f6
    I: 4024fb (flow 403754)
      Successors: 402501, 403754
  BB: 4026f4 in func 402040 with 3 insts
    I: 4026f4
    I: 4026f7
    I: 4026fc (flow 402a33)
      Successors: 402702, 402a33
  BB: 4032f5 in func 402040 with 7 insts
    I: 4032f5
    I: 4032f8
    I: 4032fd
    I: 403302
    I: 403305
    I: 403308
    I: 40330b (flow 403c2e)
      Successors: 403c2e
  BB: 403af5 in func 402040 with 6 insts
    I: 403af5 (mem 406034)
    I: 403b00 (mem 419970)
    I: 403b0b
    I: 403b0f
    I: 403b15
    I: 403b1c (flow 403c2e)
      Successors: 403c2e
  BB: 4020ff in func 402040 with 1 insts
    I: 4020ff (flow 402104)
      Successors: 402104
  BB: 402300 in func 402040 with 1 insts
    I: 402300 (flow 402305)
      Successors: 402305
  BB: 402501 in func 402040 with 1 insts
    I: 402501 (flow 402506)
      Successors: 402506
  BB: 402702 in func 402040 with 1 insts
    I: 402702 (flow 402707)
      Successors: 402707
  BB: 403703 in func 402040 with 11 insts
    I: 403703
    I: 403707
    I: 40370a (disp 419980)
    I: 403711
    I: 403715
    I: 403717
    I: 40371b
    I: 40371d
    I: 403721
    I: 403727
    I: 40372e (flow 403c2e)
      Successors: 403c2e
  BB: 402104 in func 402040 with 3 insts
    I: 402104
    I: 402107
    I: 40210c (flow 403277)
      Successors: 402112, 403277
  BB: 402305 in func 402040 with 3 insts
    I: 402305
    I: 402308
    I: 40230d (flow 402a1f)
      Successors: 402313, 402a1f
  BB: 402506 in func 402040 with 3 insts
    I: 402506
    I: 402509
    I: 40250e (flow 403577)
      Successors: 402514, 403577
  BB: 402707 in func 402040 with 1 insts
    I: 402707 (flow 403c2e)
      Successors: 403c2e
  BB: 403909 in func 402040 with 8 insts
    I: 403909
    I: 40390d
    I: 40390f
    I: 403914
    I: 403919 (mem 419970)
    I: 403920
    I: 403923
    I: 403926 (flow 403c2e)
      Successors: 403c2e
  BB: 40270c in func 402040 with 12 insts
    I: 40270c
    I: 40270f
    I: 402712
    I: 402714
    I: 402716
    I: 402718
    I: 40271a
    I: 40271f
    I: 402724
    I: 402727
    I: 40272a
    I: 40272d (flow 403c2e)
      Successors: 403c2e
  BB: 403310 in func 402040 with 13 insts
    I: 403310
    I: 403314
    I: 403316
    I: 40331a
    I: 40331c
    I: 403321
    I: 403323
    I: 403328
    I: 40332a (disp 419980)
    I: 403331
    I: 403335
    I: 403337
    I: 40333e (flow 403c2e)
      Successors: 403c2e
  BB: 402112 in func 402040 with 1 insts
    I: 402112 (flow 402117)
      Successors: 402117
  BB: 402313 in func 402040 with 1 insts
    I: 402313 (flow 402318)
      Successors: 402318
  BB: 402514 in func 402040 with 1 insts
    I: 402514 (flow 402519)
      Successors: 402519
  BB: 402117 in func 402040 with 3 insts
    I: 402117
    I: 40211a
    I: 40211f (flow 4031c6)
      Successors: 402125, 4031c6
  BB: 402318 in func 402040 with 3 insts
    I: 402318
    I: 40231b
    I: 402320 (flow 403343)
      Successors: 403343, 402326
  BB: 402519 in func 402040 with 3 insts
    I: 402519
    I: 40251c
    I: 402521 (flow 402732)
      Successors: 402732, 402527
  BB: 40291d in func 402040 with 8 insts
    I: 40291d
    I: 402920
    I: 402925
    I: 40292a
    I: 40292d
    I: 402930
    I: 402933
    I: 402937 (flow 403c2e)
      Successors: 403c2e
  BB: 403b21 in func 402040 with 3 insts
    I: 403b21
    I: 403b25
    I: 403b2c (flow 403c2e)
      Successors: 403c2e
  BB: 402125 in func 402040 with 1 insts
    I: 402125 (flow 40212a)
      Successors: 40212a
  BB: 402326 in func 402040 with 1 insts
    I: 402326 (flow 40232b)
      Successors: 40232b
  BB: 402527 in func 402040 with 1 insts
    I: 402527 (flow 40252c)
      Successors: 40252c
  BB: 40212a in func 402040 with 3 insts
    I: 40212a
    I: 40212d
    I: 402132 (flow 402853)
      Successors: 402138, 402853
  BB: 40232b in func 402040 with 3 insts
    I: 40232b
    I: 40232e
    I: 402333 (flow 403ae5)
      Successors: 402339, 403ae5
  BB: 40252c in func 402040 with 3 insts
    I: 40252c
    I: 40252f
    I: 402534 (flow 4030bb)
      Successors: 40253a, 4030bb
  BB: 40392b in func 402040 with 15 insts
    I: 40392b
    I: 40392f
    I: 403932 (imm 406030)
    I: 40393c
    I: 403940
    I: 403943
    I: 403947
    I: 40394b
    I: 40394d
    I: 403953
    I: 403955
    I: 40395b
    I: 40395f
    I: 403961
    I: 403968 (flow 403c2e)
      Successors: 403c2e
  BB: 403b31 in func 402040 with 9 insts
    I: 403b31
    I: 403b35
    I: 403b37
    I: 403b3d
    I: 403b40
    I: 403b46
    I: 403b4a
    I: 403b4c
    I: 403b53 (flow 403c2e)
      Successors: 403c2e
  BB: 402732 in func 402040 with 80 insts
    I: 402732
    I: 402735
    I: 402739
    I: 40273c
    I: 40273f
    I: 402743
    I: 402746
    I: 40274a
    I: 40274d
    I: 402751
    I: 402754
    I: 402758
    I: 40275b
    I: 40275f
    I: 402762
    I: 402766
    I: 402769
    I: 40276d
    I: 402770
    I: 402774
    I: 402777
    I: 40277b
    I: 40277e
    I: 402782
    I: 402785
    I: 402789
    I: 40278c
    I: 402790
    I: 402793
    I: 402797
    I: 40279a
    I: 40279e
    I: 4027a1
    I: 4027a5
    I: 4027a8
    I: 4027ac
    I: 4027af
    I: 4027b3
    I: 4027b6
    I: 4027ba
    I: 4027c0 (imm 41999c)
    I: 4027c7
    I: 4027c9 (imm 4199a4)
    I: 4027d0
    I: 4027d2
    I: 4027d4
    I: 4027da
    I: 4027dd
    I: 4027e3
    I: 4027e6
    I: 4027e9
    I: 4027ec
    I: 4027f0
    I: 4027f3
    I: 4027f7
    I: 4027fa
    I: 4027fc
    I: 4027ff
    I: 402803
    I: 402805
    I: 402808
    I: 40280a
    I: 40280d
    I: 402810
    I: 402813
    I: 402817
    I: 40281a
    I: 40281d
    I: 402820
    I: 402823
    I: 402826
    I: 402828
    I: 40282b
    I: 40282d
    I: 40282f
    I: 402834
    I: 402839
    I: 40283c
    I: 40283f
    I: 402842 (flow 403c2e)
      Successors: 403c2e
  BB: 403733 in func 402040 with 9 insts
    I: 403733
    I: 403737
    I: 403739
    I: 40373d
    I: 403742
    I: 403747
    I: 403749
    I: 40374c
    I: 40374f (flow 403c2e)
      Successors: 403c2e
  BB: 402138 in func 402040 with 1 insts
    I: 402138 (flow 40213d)
      Successors: 40213d
  BB: 402339 in func 402040 with 1 insts
    I: 402339 (flow 40233e)
      Successors: 40233e
  BB: 40253a in func 402040 with 1 insts
    I: 40253a (flow 40253f)
      Successors: 40253f
  BB: 40293c in func 402040 with 24 insts
    I: 40293c (imm 41999c)
    I: 402943
    I: 402945 (imm 4199a4)
    I: 40294c
    I: 40294e
    I: 402950
    I: 402956
    I: 402959
    I: 40295f
    I: 402962
    I: 402965
    I: 402968
    I: 40296b
    I: 40296e
    I: 402971
    I: 402973
    I: 402975
    I: 402977
    I: 402979
    I: 40297e
    I: 402983
    I: 402986
    I: 402989
    I: 40298c (flow 403c2e)
      Successors: 403c2e
  BB: 40213d in func 402040 with 3 insts
    I: 40213d
    I: 402140
    I: 402145 (flow 40365f)
      Successors: 40214b, 40365f
  BB: 40233e in func 402040 with 3 insts
    I: 40233e
    I: 402341
    I: 402346 (flow 403bb5)
      Successors: 40234c, 403bb5
  BB: 40253f in func 402040 with 3 insts
    I: 40253f
    I: 402542
    I: 402547 (flow 403b64)
      Successors: 403b64, 40254d
  BB: 403343 in func 402040 with 24 insts
    I: 403343 (imm 41999c)
    I: 40334a
    I: 40334c (imm 4199a4)
    I: 403353
    I: 403355
    I: 403357
    I: 40335d
    I: 403360
    I: 403366
    I: 403369
    I: 40336c
    I: 40336f
    I: 403372
    I: 403375
    I: 403378
    I: 40337a
    I: 40337c
    I: 40337e
    I: 403380
    I: 403385
    I: 40338a
    I: 40338d
    I: 403390
    I: 403393 (flow 403c2e)
      Successors: 403c2e
  BB: 403145 in func 402040 with 35 insts
    I: 403145
    I: 403149
    I: 40314d
    I: 403151 (imm 404004)
    I: 40315b
    I: 40315d (flow 4199b8)
    I: 403162
    I: 403166
    I: 403169
    I: 40316c
    I: 40316e
    I: 403171 (imm 41999c)
    I: 403178
    I: 40317a (imm 4199a4)
    I: 403181
    I: 403183
    I: 403185
    I: 40318b
    I: 40318e
    I: 403194
    I: 403197
    I: 40319a
    I: 40319d
    I: 4031a0
    I: 4031a3
    I: 4031a6
    I: 4031a8
    I: 4031aa
    I: 4031ac
    I: 4031ae
    I: 4031b3
    I: 4031b8
    I: 4031bb
    I: 4031be
    I: 4031c1 (flow 403c2e)
      Successors: 403c2e
  BB: 402b48 in func 402040 with 7 insts
    I: 402b48
    I: 402b4b
    I: 402b50
    I: 402b55
    I: 402b58
    I: 402b5b
    I: 402b5e (flow 403c2e)
      Successors: 403c2e
  BB: 40214b in func 402040 with 1 insts
    I: 40214b (flow 402150)
      Successors: 402150
  BB: 40234c in func 402040 with 1 insts
    I: 40234c (flow 402351)
      Successors: 402351
  BB: 40254d in func 402040 with 1 insts
    I: 40254d (flow 402552)
      Successors: 402552
  BB: 402150 in func 402040 with 3 insts
    I: 402150
    I: 402153
    I: 402158 (flow 4037a9)
      Successors: 4037a9, 40215e
  BB: 402351 in func 402040 with 3 insts
    I: 402351
    I: 402354
    I: 402359 (flow 403733)
      Successors: 403733, 40235f
  BB: 402552 in func 402040 with 3 insts
    I: 402552
    I: 402555
    I: 40255a (flow 4038e6)
      Successors: 402560, 4038e6
  BB: 403754 in func 402040 with 20 insts
    I: 403754
    I: 403758
    I: 40375b (imm 406030)
    I: 403765
    I: 403769
    I: 40376c
    I: 40376f
    I: 403771
    I: 403774
    I: 403776
    I: 403779
    I: 40377d
    I: 403780 (imm 406030)
    I: 40378a
    I: 40378e
    I: 403791
    I: 403795
    I: 403798
    I: 40379d
    I: 4037a4 (flow 403c2e)
      Successors: 403c2e
  BB: 403b58 in func 402040 with 2 insts
    I: 403b58
    I: 403b5f (flow 403c2e)
      Successors: 403c2e
  BB: 40215e in func 402040 with 1 insts
    I: 40215e (flow 402163)
      Successors: 402163
  BB: 40235f in func 402040 with 1 insts
    I: 40235f (flow 402364)
      Successors: 402364
  BB: 402560 in func 402040 with 1 insts
    I: 402560 (flow 402565)
      Successors: 402565
  BB: 402163 in func 402040 with 3 insts
    I: 402163
    I: 402166
    I: 40216b (flow 403a98)
      Successors: 403a98, 402171
  BB: 402364 in func 402040 with 3 insts
    I: 402364
    I: 402367
    I: 40236c (flow 403310)
      Successors: 403310, 402372
  BB: 402565 in func 402040 with 3 insts
    I: 402565
    I: 402568
    I: 40256d (flow 4030f0)
      Successors: 4030f0, 402573
  BB: 402b63 in func 402040 with 32 insts
    I: 402b63
    I: 402b67
    I: 402b69
    I: 402b6f
    I: 402b72
    I: 402b78
    I: 402b7c
    I: 402b7f (imm 406030)
    I: 402b89
    I: 402b8d
    I: 402b90
    I: 402b93
    I: 402b97
    I: 402b99
    I: 402b9f
    I: 402ba2
    I: 402ba8
    I: 402bac
    I: 402baf (imm 406030)
    I: 402bb9
    I: 402bbd
    I: 402bc0
    I: 402bc2
    I: 402bc6
    I: 402bc9 (imm 406030)
    I: 402bd3
    I: 402bd7
    I: 402bda
    I: 402bde
    I: 402be2
    I: 402be8
    I: 402bef (flow 403c2e)
      Successors: 403c2e
  BB: 402f67 in func 402040 with 47 insts
    I: 402f67
    I: 402f6b
    I: 402f6d
    I: 402f73
    I: 402f76
    I: 402f7c
    I: 402f80
    I: 402f82 (imm 41999c)
    I: 402f89
    I: 402f8b (imm 4199a4)
    I: 402f92
    I: 402f94
    I: 402f96
    I: 402f99
    I: 402f9b
    I: 402f9d
    I: 402fa0
    I: 402fa3
    I: 402fa6
    I: 402faa
    I: 402fad
    I: 402fb1
    I: 402fb4
    I: 402fb6
    I: 402fb9
    I: 402fbd
    I: 402fbf
    I: 402fc2
    I: 402fc4
    I: 402fc7
    I: 402fca
    I: 402fcd
    I: 402fd1
    I: 402fd4
    I: 402fd7
    I: 402fda
    I: 402fdd
    I: 402fe0
    I: 402fe2
    I: 402fe5
    I: 402fe7
    I: 402fe9
    I: 402fee
    I: 402ff3
    I: 402ff6
    I: 402ff9
    I: 402ffc (flow 403c2e)
      Successors: 403c2e
  BB: 403b64 in func 402040 with 9 insts
    I: 403b64
    I: 403b68
    I: 403b6c
    I: 403b70 (imm 404004)
    I: 403b7a
    I: 403b7c (flow 4199b8)
    I: 403b81
    I: 403b85
    I: 403b8c (flow 403c2e)
      Successors: 403c2e
  BB: 40356b in func 402040 with 2 insts
    I: 40356b
    I: 403572 (flow 403c2e)
      Successors: 403c2e
  BB: 40396d in func 402040 with 10 insts
    I: 40396d
    I: 403971
    I: 403974 (imm 406030)
    I: 40397e
    I: 403982
    I: 403985
    I: 403988
    I: 40398c
    I: 40398e
    I: 403995 (flow 403c2e)
      Successors: 403c2e
  BB: 402171 in func 402040 with 1 insts
    I: 402171 (flow 402176)
      Successors: 402176
  BB: 402372 in func 402040 with 1 insts
    I: 402372 (flow 402377)
      Successors: 402377
  BB: 402573 in func 402040 with 1 insts
    I: 402573 (flow 402578)
      Successors: 402578
  BB: 402176 in func 402040 with 3 insts
    I: 402176
    I: 402179
    I: 40217e (flow 402c67)
      Successors: 402184, 402c67
  BB: 402377 in func 402040 with 3 insts
    I: 402377
    I: 40237a
    I: 40237f (flow 403b21)
      Successors: 403b21, 402385
  BB: 402578 in func 402040 with 3 insts
    I: 402578
    I: 40257b
    I: 402580 (flow 40356b)
      Successors: 40356b, 402586
  BB: 403577 in func 402040 with 40 insts
    I: 403577 (imm 41999c)
    I: 40357e
    I: 403580 (imm 4199a4)
    I: 403587
    I: 403589
    I: 40358b
    I: 403591
    I: 403594
    I: 40359a
    I: 40359d
    I: 4035a0
    I: 4035a3
    I: 4035a7
    I: 4035aa
    I: 4035ae
    I: 4035b1
    I: 4035b3
    I: 4035b6
    I: 4035ba
    I: 4035bc
    I: 4035bf
    I: 4035c1
    I: 4035c4
    I: 4035c7
    I: 4035ca
    I: 4035ce
    I: 4035d1
    I: 4035d4
    I: 4035d7
    I: 4035da
    I: 4035dd
    I: 4035df
    I: 4035e2
    I: 4035e4
    I: 4035e6
    I: 4035eb
    I: 4035f0
    I: 4035f3
    I: 4035f6
    I: 4035f9 (flow 403c2e)
      Successors: 403c2e
  BB: 402184 in func 402040 with 1 insts
    I: 402184 (flow 402189)
      Successors: 402189
  BB: 402385 in func 402040 with 1 insts
    I: 402385 (flow 40238a)
      Successors: 40238a
  BB: 402586 in func 402040 with 1 insts
    I: 402586 (flow 40258b)
      Successors: 40258b
  BB: 402189 in func 402040 with 3 insts
    I: 402189
    I: 40218c
    I: 402191 (flow 40341f)
      Successors: 40341f, 402197
  BB: 40238a in func 402040 with 3 insts
    I: 40238a
    I: 40238d
    I: 402392 (flow 402b48)
      Successors: 402398, 402b48
  BB: 40258b in func 402040 with 3 insts
    I: 40258b
    I: 40258e
    I: 402593 (flow 403c27)
      Successors: 402599, 403c27
  BB: 402d8e in func 402040 with 2 insts
    I: 402d8e
    I: 402d95 (flow 403c2e)
      Successors: 403c2e
  BB: 402991 in func 402040 with 45 insts
    I: 402991
    I: 402995
    I: 402998
    I: 40299b
    I: 40299d
    I: 4029a0 (imm 41999c)
    I: 4029a7
    I: 4029a9 (imm 4199a4)
    I: 4029b0
    I: 4029b2
    I: 4029b4
    I: 4029b7
    I: 4029b9
    I: 4029bb
    I: 4029be
    I: 4029c1
    I: 4029c4
    I: 4029c8
    I: 4029cb
    I: 4029cf
    I: 4029d2
    I: 4029d4
    I: 4029d7
    I: 4029db
    I: 4029dd
    I: 4029e0
    I: 4029e2
    I: 4029e5
    I: 4029e8
    I: 4029eb
    I: 4029ef
    I: 4029f2
    I: 4029f5
    I: 4029f8
    I: 4029fb
    I: 4029fe
    I: 402a00
    I: 402a03
    I: 402a05
    I: 402a07
    I: 402a0c
    I: 402a11
    I: 402a14
    I: 402a17
    I: 402a1a (flow 403c2e)
      Successors: 403c2e
  BB: 403b91 in func 402040 with 5 insts
    I: 403b91
    I: 403b95
    I: 403b99
    I: 403b9d
    I: 403ba4 (flow 403c2e)
      Successors: 403c2e
  BB: 402197 in func 402040 with 1 insts
    I: 402197 (flow 40219c)
      Successors: 40219c
  BB: 402398 in func 402040 with 1 insts
    I: 402398 (flow 40239d)
      Successors: 40239d
  BB: 402599 in func 402040 with 1 insts
    I: 402599 (flow 40259e)
      Successors: 40259e
  BB: 402d9a in func 402040 with 40 insts
    I: 402d9a (imm 41999c)
    I: 402da1
    I: 402da3 (imm 4199a4)
    I: 402daa
    I: 402dac
    I: 402dae
    I: 402db4
    I: 402db7
    I: 402dbd
    I: 402dc0
    I: 402dc3
    I: 402dc6
    I: 402dca
    I: 402dcd
    I: 402dd1
    I: 402dd4
    I: 402dd6
    I: 402dd9
    I: 402ddd
    I: 402ddf
    I: 402de2
    I: 402de4
    I: 402de7
    I: 402dea
    I: 402ded
    I: 402df1
    I: 402df4
    I: 402df7
    I: 402dfa
    I: 402dfd
    I: 402e00
    I: 402e02
    I: 402e05
    I: 402e07
    I: 402e09
    I: 402e0e
    I: 402e13
    I: 402e16
    I: 402e19
    I: 402e1c (flow 403c2e)
      Successors: 403c2e
  BB: 403398 in func 402040 with 40 insts
    I: 403398 (imm 41999c)
    I: 40339f
    I: 4033a1 (imm 4199a4)
    I: 4033a8
    I: 4033aa
    I: 4033ac
    I: 4033b2
    I: 4033b5
    I: 4033bb
    I: 4033be
    I: 4033c1
    I: 4033c4
    I: 4033c8
    I: 4033cb
    I: 4033cf
    I: 4033d2
    I: 4033d4
    I: 4033d7
    I: 4033db
    I: 4033dd
    I: 4033e0
    I: 4033e2
    I: 4033e5
    I: 4033e8
    I: 4033eb
    I: 4033ef
    I: 4033f2
    I: 4033f5
    I: 4033f8
    I: 4033fb
    I: 4033fe
    I: 403400
    I: 403403
    I: 403405
    I: 403407
    I: 40340c
    I: 403411
    I: 403414
    I: 403417
    I: 40341a (flow 403c2e)
      Successors: 403c2e
  BB: 40219c in func 402040 with 3 insts
    I: 40219c
    I: 40219f
    I: 4021a4 (flow 403398)
      Successors: 403398, 4021aa
  BB: 40239d in func 402040 with 3 insts
    I: 40239d
    I: 4023a0
    I: 4023a5 (flow 403ad5)
      Successors: 4023ab, 403ad5
  BB: 40259e in func 402040 with 3 insts
    I: 40259e
    I: 4025a1
    I: 4025a6 (flow 4037f1)
      Successors: 4037f1, 4025ac
  BB: 40399a in func 402040 with 7 insts
    I: 40399a
    I: 40399e
    I: 4039a0 (imm 40400b)
    I: 4039aa
    I: 4039ac (flow 4199b0)
    I: 4039b1
    I: 4039b8 (flow 403c2e)
      Successors: 403c2e
  BB: 4037a9 in func 402040 with 21 insts
    I: 4037a9
    I: 4037ad
    I: 4037af
    I: 4037b1
    I: 4037b3
    I: 4037b5
    I: 4037b8
    I: 4037ba
    I: 4037bc
    I: 4037be
    I: 4037c2
    I: 4037c4
    I: 4037c8
    I: 4037cb (imm 406030)
    I: 4037d5
    I: 4037d9
    I: 4037dc
    I: 4037df
    I: 4037e3
    I: 4037e5
    I: 4037ec (flow 403c2e)
      Successors: 403c2e
  BB: 4021aa in func 402040 with 1 insts
    I: 4021aa (flow 4021af)
      Successors: 4021af
  BB: 4023ab in func 402040 with 1 insts
    I: 4023ab (flow 4023b0)
      Successors: 4023b0
  BB: 4025ac in func 402040 with 1 insts
    I: 4025ac (flow 4025b1)
      Successors: 4025b1
  BB: 403ba9 in func 402040 with 2 insts
    I: 403ba9
    I: 403bb0 (flow 403c2e)
      Successors: 403c2e
  BB: 4021af in func 402040 with 3 insts
    I: 4021af
    I: 4021b2
    I: 4021b7 (flow 40270c)
      Successors: 40270c, 4021bd
  BB: 4023b0 in func 402040 with 3 insts
    I: 4023b0
    I: 4023b3
    I: 4023b8 (flow 402991)
      Successors: 402991, 4023be
  BB: 4025b1 in func 402040 with 3 insts
    I: 4025b1
    I: 4025b4
    I: 4025b9 (flow 402ee8)
      Successors: 402ee8, 4025bf
  BB: 403bb5 in func 402040 with 16 insts
    I: 403bb5
    I: 403bb9
    I: 403bbb
    I: 403bbf
    I: 403bc2 (imm 406030)
    I: 403bcc
    I: 403bd0
    I: 403bd3
    I: 403bd7
    I: 403bd9
    I: 403bdb
    I: 403bdd
    I: 403be0
    I: 403be4
    I: 403bea
    I: 403bf1 (flow 403c2e)
      Successors: 403c2e
  BB: 4021bd in func 402040 with 1 insts
    I: 4021bd (flow 4021c2)
      Successors: 4021c2
  BB: 4023be in func 402040 with 1 insts
    I: 4023be (flow 4023c3)
      Successors: 4023c3
  BB: 4025bf in func 402040 with 1 insts
    I: 4025bf (flow 4025c4)
      Successors: 4025c4
  BB: 4039bd in func 402040 with 24 insts
    I: 4039bd (imm 41999c)
    I: 4039c4
    I: 4039c6 (imm 4199a4)
    I: 4039cd
    I: 4039cf
    I: 4039d1
    I: 4039d7
    I: 4039da
    I: 4039e0
    I: 4039e3
    I: 4039e6
    I: 4039e9
    I: 4039ec
    I: 4039ef
    I: 4039f2
    I: 4039f4
    I: 4039f6
    I: 4039f8
    I: 4039fa
    I: 4039ff
    I: 403a04
    I: 403a07
    I: 403a0a
    I: 403a0d (flow 403c2e)
      Successors: 403c2e
  BB: 4021c2 in func 402040 with 3 insts
    I: 4021c2
    I: 4021c5
    I: 4021ca (flow 402b63)
      Successors: 4021d0, 402b63
  BB: 4023c3 in func 402040 with 3 insts
    I: 4023c3
    I: 4023c6
    I: 4023cb (flow 4039bd)
      Successors: 4023d1, 4039bd
  BB: 4025c4 in func 402040 with 3 insts
    I: 4025c4
    I: 4025c7
    I: 4025cc (flow 403b91)
      Successors: 403b91, 4025d2
  BB: 4031c6 in func 402040 with 7 insts
    I: 4031c6
    I: 4031c9
    I: 4031ce
    I: 4031d3
    I: 4031d6
    I: 4031d9
    I: 4031dc (flow 403c2e)
      Successors: 403c2e
  BB: 4021d0 in func 402040 with 1 insts
    I: 4021d0 (flow 4021d5)
      Successors: 4021d5
  BB: 4023d1 in func 402040 with 1 insts
    I: 4023d1 (flow 4023d6)
      Successors: 4023d6
  BB: 4025d2 in func 402040 with 1 insts
    I: 4025d2 (flow 4025d7)
      Successors: 4025d7
  BB: 4021d5 in func 402040 with 3 insts
    I: 4021d5
    I: 4021d8
    I: 4021dd (flow 403062)
      Successors: 403062, 4021e3
  BB: 4023d6 in func 402040 with 3 insts
    I: 4023d6
    I: 4023d9
    I: 4023de (flow 402ae9)
      Successors: 402ae9, 4023e4
  BB: 4025d7 in func 402040 with 3 insts
    I: 4025d7
    I: 4025da
    I: 4025df (flow 4036e7)
      Successors: 4025e5, 4036e7
  BB: 4031e1 in func 402040 with 6 insts
    I: 4031e1
    I: 4031e5
    I: 4031eb
    I: 4031ef
    I: 4031f5
    I: 4031fc (flow 403c2e)
      Successors: 403c2e
  BB: 4021e3 in func 402040 with 1 insts
    I: 4021e3 (flow 4021e8)
      Successors: 4021e8
  BB: 4023e4 in func 402040 with 1 insts
    I: 4023e4 (flow 4023e9)
      Successors: 4023e9
  BB: 4025e5 in func 402040 with 1 insts
    I: 4025e5 (flow 4025ea)
      Successors: 4025ea
  BB: 4021e8 in func 402040 with 3 insts
    I: 4021e8
    I: 4021eb
    I: 4021f0 (flow 402d9a)
      Successors: 402d9a, 4021f6
  BB: 4023e9 in func 402040 with 3 insts
    I: 4023e9
    I: 4023ec
    I: 4023f1 (flow 40367a)
      Successors: 40367a, 4023f7
  BB: 4025ea in func 402040 with 3 insts
    I: 4025ea
    I: 4025ed
    I: 4025f2 (flow 402c9a)
      Successors: 4025f8, 402c9a
  BB: 4037f1 in func 402040 with 24 insts
    I: 4037f1 (imm 41999c)
    I: 4037f8
    I: 4037fa (imm 4199a4)
    I: 403801
    I: 403803
    I: 403805
    I: 403808
    I: 40380a
    I: 40380c
    I: 40380f
    I: 403812
    I: 403815
    I: 403818
    I: 40381b
    I: 40381e
    I: 403820
    I: 403822
    I: 403824
    I: 403826
    I: 40382b
    I: 403830
    I: 403833
    I: 403836
    I: 403839 (flow 403c2e)
      Successors: 403c2e
  BB: 402bf4 in func 402040 with 7 insts
    I: 402bf4
    I: 402bf8
    I: 402bfd
    I: 402c02
    I: 402c05
    I: 402c08
    I: 402c0b (flow 403c2e)
      Successors: 403c2e
  BB: 4021f6 in func 402040 with 1 insts
    I: 4021f6 (flow 4021fb)
      Successors: 4021fb
  BB: 4023f7 in func 402040 with 1 insts
    I: 4023f7 (flow 4023fc)
      Successors: 4023fc
  BB: 4025f8 in func 402040 with 1 insts
    I: 4025f8 (flow 4025fd)
      Successors: 4025fd
  BB: 403bf6 in func 402040 with 4 insts
    I: 403bf6
    I: 403bfa
    I: 403bfe
    I: 403c05 (flow 403c2e)
      Successors: 403c2e
  BB: 4021fb in func 402040 with 3 insts
    I: 4021fb
    I: 4021fe
    I: 402203 (flow 4036c0)
      Successors: 4036c0, 402209
  BB: 4023fc in func 402040 with 3 insts
    I: 4023fc
    I: 4023ff
    I: 402404 (flow 40342b)
      Successors: 40240a, 40342b
  BB: 4025fd in func 402040 with 3 insts
    I: 4025fd
    I: 402600
    I: 402605 (flow 402eca)
      Successors: 402eca, 40260b
  BB: 4035fe in func 402040 with 31 insts
    I: 4035fe
    I: 403602
    I: 403604
    I: 403608
    I: 40360a
    I: 40360d
    I: 40360f
    I: 403612 (imm 41999c)
    I: 403619
    I: 40361b (imm 4199a4)
    I: 403622
    I: 403624
    I: 403626
    I: 403629
    I: 40362b
    I: 40362d
    I: 403630
    I: 403633
    I: 403636
    I: 403639
    I: 40363c
    I: 40363f
    I: 403641
    I: 403643
    I: 403645
    I: 403647
    I: 40364c
    I: 403651
    I: 403654
    I: 403657
    I: 40365a (flow 403c2e)
      Successors: 403c2e
Recovering .term_proc at 403c34
  Analysing subroutine .term_proc at 403c34
    Block head at 00403c41 is not code.
  Subroutine .term_proc at 403c34 has 1 blocks
  BB: 403c34 in func 403c34 with 4 insts
    I: 403c34
    I: 403c38
    I: 403c3c
    I: 403c40
      No successors
Global Variable None
WARNING: Global constructor and destructor sections are adjacent!
Recovering region LOAD [400000, 4004e8) in segment LOAD
  8-byte reference at 400018 to 401050 (start)
  8-byte reference at 4000f8 to 401000 (.init_proc)
  8-byte reference at 400130 to 404000 ()
  8-byte reference at 400168 to 405de8 ()
  8-byte reference at 400280 to 404010 ()
  8-byte reference at 4002f0 to 405de8 ()
Recovering region .init [401000, 40101b) in segment .init
Recovering region LOAD [40101b, 401020) in segment LOAD
Recovering region .plt [401020, 401050) in segment .plt
  4-byte reference at 40102c to 401f0f ()
Recovering region .text [401050, 403c33) in segment .text
Recovering region LOAD [403c33, 403c34) in segment LOAD
Recovering region .fini [403c34, 403c41) in segment .fini
Recovering region .rodata [404000, 40400f) in segment .rodata
  Variable aDDD at 404004
  Variable format at 40400b
Recovering region LOAD [40400f, 404010) in segment LOAD
Recovering region .eh_frame_hdr [404010, 404044) in segment .eh_frame_hdr
Recovering region LOAD [404044, 404048) in segment LOAD
Recovering region .eh_frame [404048, 4040fc) in segment .eh_frame
Recovering region LOAD [4040fc, 404140) in segment LOAD
Recovering region .init_array [405de8, 405df8) in segment .init_array
  8-byte reference at 405de8 to 401130 ()
  8-byte reference at 405df0 to 401100 ()
Recovering region LOAD [405df8, 405fd8) in segment LOAD
Recovering region .got [405fd8, 405fe8) in segment .got
  8-byte reference at 405fd8 to 4199a8 (__libc_start_main)
  8-byte reference at 405fe0 to 4199c0 (__gmon_start__)
Recovering region .got.plt [405fe8, 406010) in segment .got.plt
  8-byte reference at 406000 to 4199b0 (printf)
  8-byte reference at 406008 to 4199b8 (__isoc99_scanf)
Recovering region .data [406010, 406020) in segment .data
Recovering region .bss [406020, 4199a8) in segment .bss
Recovering extern function printf at 401030
Recovering extern function __isoc99_scanf at 401040
Recovering extern function __libc_start_main at 4199a8
Recovering extern function printf at 4199b0
Recovering extern function __isoc99_scanf at 4199b8
Recovering extern function __gmon_start__ at 4199c0
Recovered 9 functions.
Saving to: /home/ubuntu/capstone_project/result/pipeline_20260629_141746/s505746898_fla_bcf_instsub.cfg
Done analysis!
