Debugging is enabled.
Loading Standard Definitions file: /home/ubuntu/capstone_project/dependency/mcsema/mcsema/lib/python3/site-packages/mcsema_disass-3.1.3.8-py3.8.egg/mcsema_disass/defs/linux.txt
Using Batch mode.
Starting analysis
Recovering module s505746898_fla_bcf.elf
Found main at 401d10
Looking for instructions in segment .init
  Default block heads for function 401000 with loose bounds [401000, 40101b)
    block [401000, 401014)
    block [401014, 401016)
    block [401016, 40101b)
    chunk [401000, 40101b)
Looking for instructions in segment .plt
  Default block heads for function 401020 with loose bounds [401020, 40102c)
    block [401020, 40102c)
    chunk [401020, 40102c)
  Default block heads for function 401030 with loose bounds [401030, 401036)
    block [401030, 401036)
    chunk [401030, 401036)
  Default block heads for function 401040 with loose bounds [401040, 401046)
    block [401040, 401046)
    chunk [401040, 401046)
Looking for instructions in segment .text
  Default block heads for function 401050 with loose bounds [401050, 401076)
    block [401050, 401076)
    chunk [401050, 401076)
  Default block heads for function 401090 with loose bounds [401090, 4010b1)
    block [401090, 40109d)
    block [40109d, 4010a7)
    block [4010a7, 4010ae)
    block [4010b0, 4010b1)
    chunk [401090, 4010b1)
  Default block heads for function 401100 with loose bounds [401100, 401121)
    block [401100, 40110d)
    block [40110d, 40111f)
    block [401120, 401121)
    chunk [401100, 401121)
  Default block heads for function 401130 with loose bounds [401130, 401136)
    block [401130, 401136)
    chunk [401130, 401136)
    chunk [4010c0, 4010f1)
  Default block heads for function 401140 with loose bounds [401140, 401d10)
    block [401140, 40115e)
    block [40115e, 40116f)
    block [40116f, 401174)
    block [401174, 401182)
    block [401182, 401187)
    block [401187, 401195)
    block [401195, 40119a)
    block [40119a, 4011a8)
    block [4011a8, 4011ad)
    block [4011ad, 4011bb)
    block [4011bb, 4011c0)
    block [4011c0, 4011ce)
    block [4011ce, 4011d3)
    block [4011d3, 4011e1)
    block [4011e1, 4011e6)
    block [4011e6, 4011f4)
    block [4011f4, 4011f9)
    block [4011f9, 401207)
    block [401207, 40120c)
    block [40120c, 40121a)
    block [40121a, 40121f)
    block [40121f, 40122d)
    block [40122d, 401232)
    block [401232, 401240)
    block [401240, 401245)
    block [401245, 401253)
    block [401253, 401258)
    block [401258, 401266)
    block [401266, 40126b)
    block [40126b, 401279)
    block [401279, 40127e)
    block [40127e, 40128c)
    block [40128c, 401291)
    block [401291, 40129f)
    block [40129f, 4012a4)
    block [4012a4, 4012b2)
    block [4012b2, 4012b7)
    block [4012b7, 4012c5)
    block [4012c5, 4012ca)
    block [4012ca, 4012d8)
    block [4012d8, 4012dd)
    block [4012dd, 4012eb)
    block [4012eb, 4012f0)
    block [4012f0, 4012fe)
    block [4012fe, 401303)
    block [401303, 401311)
    block [401311, 401316)
    block [401316, 401324)
    block [401324, 401329)
    block [401329, 401337)
    block [401337, 40133c)
    block [40133c, 40134a)
    block [40134a, 40134f)
    block [40134f, 40135d)
    block [40135d, 401362)
    block [401362, 401370)
    block [401370, 401375)
    block [401375, 401383)
    block [401383, 401388)
    block [401388, 401396)
    block [401396, 40139b)
    block [40139b, 4013a9)
    block [4013a9, 4013ae)
    block [4013ae, 4013bc)
    block [4013bc, 4013c1)
    block [4013c1, 4013cf)
    block [4013cf, 4013d4)
    block [4013d4, 4013e2)
    block [4013e2, 4013e7)
    block [4013e7, 4013f5)
    block [4013f5, 4013fa)
    block [4013fa, 401408)
    block [401408, 40140d)
    block [40140d, 40141b)
    block [40141b, 401420)
    block [401420, 40142e)
    block [40142e, 401433)
    block [401433, 401441)
    block [401441, 401446)
    block [401446, 401454)
    block [401454, 401459)
    block [401459, 401467)
    block [401467, 40146c)
    block [40146c, 40147a)
    block [40147a, 40147f)
    block [40147f, 40148d)
    block [40148d, 401492)
    block [401492, 4014a0)
    block [4014a0, 4014a5)
    block [4014a5, 4014b3)
    block [4014b3, 4014b8)
    block [4014b8, 4014c6)
    block [4014c6, 4014cb)
    block [4014cb, 4014d9)
    block [4014d9, 4014de)
    block [4014de, 4014ec)
    block [4014ec, 4014f1)
    block [4014f1, 4014f6)
    block [4014f6, 401539)
    block [401539, 40158a)
    block [40158a, 4015a5)
    block [4015a5, 4015e8)
    block [4015e8, 40162b)
    block [40162b, 401637)
    block [401637, 40167a)
    block [40167a, 4016e1)
    block [4016e1, 4016ed)
    block [4016ed, 401712)
    block [401712, 401755)
    block [401755, 4017a2)
    block [4017a2, 4017ae)
    block [4017ae, 4017f1)
    block [4017f1, 40183b)
    block [40183b, 401847)
    block [401847, 40188a)
    block [40188a, 4018db)
    block [4018db, 4018f6)
    block [4018f6, 401927)
    block [401927, 40199d)
    block [40199d, 4019e0)
    block [4019e0, 401a23)
    block [401a23, 401a2f)
    block [401a2f, 401a5f)
    block [401a5f, 401a79)
    block [401a79, 401a92)
    block [401a92, 401aaf)
    block [401aaf, 401aca)
    block [401aca, 401afd)
    block [401afd, 401b0f)
    block [401b0f, 401b1b)
    block [401b1b, 401b42)
    block [401b42, 401b85)
    block [401b85, 401bf6)
    block [401bf6, 401c11)
    block [401c11, 401c2b)
    block [401c2b, 401c37)
    block [401c37, 401c4c)
    block [401c4c, 401c58)
    block [401c58, 401c64)
    block [401c64, 401c70)
    block [401c70, 401ca0)
    block [401ca0, 401cb6)
    block [401cb6, 401cc9)
    block [401cc9, 401cd5)
    block [401cd5, 401ce1)
    block [401ce1, 401d0b)
    block [401d0b, 401d10)
    chunk [401140, 401d10)
  Default block heads for function 401d10 with loose bounds [401d10, 402e6c)
    block [401d10, 401d26)
    block [401d26, 401d37)
    block [401d37, 401d3c)
    block [401d3c, 401d4a)
    block [401d4a, 401d4f)
    block [401d4f, 401d5d)
    block [401d5d, 401d62)
    block [401d62, 401d70)
    block [401d70, 401d75)
    block [401d75, 401d83)
    block [401d83, 401d88)
    block [401d88, 401d96)
    block [401d96, 401d9b)
    block [401d9b, 401da9)
    block [401da9, 401dae)
    block [401dae, 401dbc)
    block [401dbc, 401dc1)
    block [401dc1, 401dcf)
    block [401dcf, 401dd4)
    block [401dd4, 401de2)
    block [401de2, 401de7)
    block [401de7, 401df5)
    block [401df5, 401dfa)
    block [401dfa, 401e08)
    block [401e08, 401e0d)
    block [401e0d, 401e1b)
    block [401e1b, 401e20)
    block [401e20, 401e2e)
    block [401e2e, 401e33)
    block [401e33, 401e41)
    block [401e41, 401e46)
    block [401e46, 401e54)
    block [401e54, 401e59)
    block [401e59, 401e67)
    block [401e67, 401e6c)
    block [401e6c, 401e7a)
    block [401e7a, 401e7f)
    block [401e7f, 401e8d)
    block [401e8d, 401e92)
    block [401e92, 401ea0)
    block [401ea0, 401ea5)
    block [401ea5, 401eb3)
    block [401eb3, 401eb8)
    block [401eb8, 401ec6)
    block [401ec6, 401ecb)
    block [401ecb, 401ed9)
    block [401ed9, 401ede)
    block [401ede, 401eec)
    block [401eec, 401ef1)
    block [401ef1, 401eff)
    block [401eff, 401f04)
    block [401f04, 401f12)
    block [401f12, 401f17)
    block [401f17, 401f25)
    block [401f25, 401f2a)
    block [401f2a, 401f38)
    block [401f38, 401f3d)
    block [401f3d, 401f4b)
    block [401f4b, 401f50)
    block [401f50, 401f5e)
    block [401f5e, 401f63)
    block [401f63, 401f71)
    block [401f71, 401f76)
    block [401f76, 401f84)
    block [401f84, 401f89)
    block [401f89, 401f97)
    block [401f97, 401f9c)
    block [401f9c, 401faa)
    block [401faa, 401faf)
    block [401faf, 401fbd)
    block [401fbd, 401fc2)
    block [401fc2, 401fd0)
    block [401fd0, 401fd5)
    block [401fd5, 401fe3)
    block [401fe3, 401fe8)
    block [401fe8, 401ff6)
    block [401ff6, 401ffb)
    block [401ffb, 402009)
    block [402009, 40200e)
    block [40200e, 40201c)
    block [40201c, 402021)
    block [402021, 40202f)
    block [40202f, 402034)
    block [402034, 402042)
    block [402042, 402047)
    block [402047, 402055)
    block [402055, 40205a)
    block [40205a, 402068)
    block [402068, 40206d)
    block [40206d, 40207b)
    block [40207b, 402080)
    block [402080, 40208e)
    block [40208e, 402093)
    block [402093, 4020a1)
    block [4020a1, 4020a6)
    block [4020a6, 4020b4)
    block [4020b4, 4020b9)
    block [4020b9, 4020c7)
    block [4020c7, 4020cc)
    block [4020cc, 4020da)
    block [4020da, 4020df)
    block [4020df, 4020ed)
    block [4020ed, 4020f2)
    block [4020f2, 402100)
    block [402100, 402105)
    block [402105, 402113)
    block [402113, 402118)
    block [402118, 402126)
    block [402126, 40212b)
    block [40212b, 402139)
    block [402139, 40213e)
    block [40213e, 40214c)
    block [40214c, 402151)
    block [402151, 40215f)
    block [40215f, 402164)
    block [402164, 402172)
    block [402172, 402177)
    block [402177, 402185)
    block [402185, 40218a)
    block [40218a, 402198)
    block [402198, 40219d)
    block [40219d, 4021ab)
    block [4021ab, 4021b0)
    block [4021b0, 4021be)
    block [4021be, 4021c3)
    block [4021c3, 4021d1)
    block [4021d1, 4021d6)
    block [4021d6, 4021e4)
    block [4021e4, 4021e9)
    block [4021e9, 4021f7)
    block [4021f7, 4021fc)
    block [4021fc, 40220a)
    block [40220a, 40220f)
    block [40220f, 40221d)
    block [40221d, 402222)
    block [402222, 402230)
    block [402230, 402235)
    block [402235, 402243)
    block [402243, 402248)
    block [402248, 402256)
    block [402256, 40225b)
    block [40225b, 402269)
    block [402269, 40226e)
    block [40226e, 402273)
    block [402273, 4022a6)
    block [4022a6, 4022be)
    block [4022be, 4022d7)
    block [4022d7, 4022ea)
    block [4022ea, 402306)
    block [402306, 402349)
    block [402349, 4023e7)
    block [4023e7, 4023f3)
    block [4023f3, 40240c)
    block [40240c, 402436)
    block [402436, 40244b)
    block [40244b, 402457)
    block [402457, 40246c)
    block [40246c, 402495)
    block [402495, 4024ae)
    block [4024ae, 4024f1)
    block [4024f1, 402543)
    block [402543, 40254f)
    block [40254f, 402564)
    block [402564, 402570)
    block [402570, 4025b3)
    block [4025b3, 40260c)
    block [40260c, 402627)
    block [402627, 40265d)
    block [40265d, 4026a0)
    block [4026a0, 4026f1)
    block [4026f1, 4026fd)
    block [4026fd, 402718)
    block [402718, 40273f)
    block [40273f, 40275d)
    block [40275d, 402769)
    block [402769, 40277e)
    block [40277e, 4027b2)
    block [4027b2, 4027f5)
    block [4027f5, 402846)
    block [402846, 402861)
    block [402861, 402890)
    block [402890, 4028a5)
    block [4028a5, 4028be)
    block [4028be, 4028e2)
    block [4028e2, 4028fd)
    block [4028fd, 402940)
    block [402940, 4029bf)
    block [4029bf, 4029cb)
    block [4029cb, 4029fb)
    block [4029fb, 402a3e)
    block [402a3e, 402a8c)
    block [402a8c, 402a98)
    block [402a98, 402aa4)
    block [402aa4, 402ae7)
    block [402ae7, 402b3b)
    block [402b3b, 402b47)
    block [402b47, 402b66)
    block [402b66, 402b91)
    block [402b91, 402bd4)
    block [402bd4, 402c32)
    block [402c32, 402c3e)
    block [402c3e, 402c81)
    block [402c81, 402cd8)
    block [402cd8, 402ce4)
    block [402ce4, 402cec)
    block [402cec, 402d53)
    block [402d53, 402d6e)
    block [402d6e, 402d83)
    block [402d83, 402d9d)
    block [402d9d, 402da9)
    block [402da9, 402df1)
    block [402df1, 402e08)
    block [402e08, 402e25)
    block [402e25, 402e4c)
    block [402e4c, 402e67)
    block [402e67, 402e6c)
    chunk [401d10, 402e6c)
Looking for instructions in segment .fini
  Default block heads for function 402e6c with loose bounds [402e6c, 402e79)
    block [402e6c, 402e79)
    chunk [402e6c, 402e79)
Looking for strings in segment .rodata [403000, 40300f)
  Found string b'%d%d%d' of length 7 at 403004, jumping to 40300b
  Found string b'%d\n' of length 4 at 40300b, jumping to 40300f
Looking for strings in segment .eh_frame_hdr [403010, 403044)
Looking for strings in segment .eh_frame [403048, 4030fc)
Looking for strings in segment .init_array [404de8, 404df0)
Looking for strings in segment .fini_array [404df0, 404df8)
Looking for strings in segment .got [404fd8, 404fe8)
Looking for strings in segment .got.plt [404fe8, 405010)
Looking for strings in segment .data [405010, 405020)
Looking for strings in segment .bss [405020, 4189a8)
Looking for strings in segment extern [4189a8, 4189c8)
Looking for cross-references in segment .init [401000, 40101b)
Looking for cross-references in segment .plt [401020, 401050)
  Stopping scan at 40102c
Looking for cross-references in segment .text [401050, 402e6c)
  Stopping scan at 40107c
  Stopping scan at 40108c
  Stopping scan at ffffffffffffffff
  Stopping scan at 4010bc
  Stopping scan at 4010fc
  Stopping scan at ffffffffffffffff
  Stopping scan at 40112c
  Stopping scan at 40113c
Looking for cross-references in segment .fini [402e6c, 402e79)
Looking for cross-references in segment .rodata [403000, 40300f)
  Found string at 403004, jumping to 40300b
  Found string at 40300b, jumping to 40300f
  Stopping scan at 40300b
Looking for cross-references in segment .eh_frame_hdr [403010, 403044)
  Stopping scan at 403040
Looking for cross-references in segment .eh_frame [403048, 4030fc)
  Stopping scan at 4030f8
Looking for cross-references in segment .init_array [404de8, 404df0)
  Adding qword reference from 404de8 to 401130
  Stopping scan at 404de8
Looking for cross-references in segment .fini_array [404df0, 404df8)
  Adding qword reference from 404df0 to 401100
  Stopping scan at 404df0
Looking for cross-references in segment .got [404fd8, 404fe8)
  Adding qword reference from 404fd8 to 4189a8
  Adding qword reference from 404fe0 to 4189c0
  Stopping scan at 404fe0
Looking for cross-references in segment .got.plt [404fe8, 405010)
  Adding qword reference from 405000 to 4189b0
  Adding qword reference from 405008 to 4189b8
  Stopping scan at 405008
Looking for cross-references in segment .data [405010, 405020)
  Stopping scan at 40501c
Looking for cross-references in segment .bss [405020, 4189a8)
  Stopping scan at 4189a4
Looking for cross-references in segment extern [4189a8, 4189c8)
  Stopping scan at 4189c4
Looking for thunks
  Found thunk for printf targeting 4189b0 at 401030
  Found thunk for __isoc99_scanf targeting 4189b8 at 401040
Looking for external symbols
  Function at 401030 is the external function printf
  Function at 401040 is the external function __isoc99_scanf
  Function at 4189a8 is the external function __libc_start_main
  Function at 4189b0 is the external function printf
  Function at 4189b8 is the external function __isoc99_scanf
  Function at 4189c0 is the external function __gmon_start__
Looking for entrypoints
Recovering .init_proc at 401000
  Analysing subroutine .init_proc at 401000
    Block head at 0040101b is not code.
  Subroutine .init_proc at 401000 has 3 blocks
  BB: 401000 in func 401000 with 5 insts
    Referenced by data
    I: 401000
    I: 401004
    I: 401008 (mem 404fe0)
    I: 40100f
    I: 401012 (flow 401016)
      Successors: 401014, 401016
  BB: 401014 in func 401000 with 1 insts
    I: 401014
      Successors: 401016
  BB: 401016 in func 401000 with 2 insts
    I: 401016
    I: 40101a
      No successors
Recovering 401020
  Analysing subroutine sub_401020 at 401020
  WARNING: No table entries for indirect jump at 401026; Adding next_ea 40102c as successor.
  Subroutine sub_401020 at 401020 has 2 blocks
  WARNING: No table entries for indirect jump at 401026; Adding next_ea 40102c as successor.
  BB: 401020 in func 401020 with 2 insts
    I: 401020 (mem 404ff0)
    I: 401026 (mem 404ff8)
      Successors: 40102c
  BB: 40102c in func 401020 with 1 insts
    I: 40102c
      No successors
Recovering start at 401050
  Analysing subroutine start at 401050
  Subroutine start at 401050 has 3 blocks
  BB: 401050 in func 401050 with 13 insts
    Referenced by data
    I: 401050
    I: 401054
    I: 401056
    I: 401059
    I: 40105a
    I: 40105d
    I: 401061
    I: 401062
    I: 401063
    I: 401066
    I: 401068 (imm 401d10)
    I: 40106f (mem 404fd8)
    I: 401075
      No successors
  BB: 401085 in func 401050 with 2 insts
    I: 401085
    I: 40108f
      No successors
  BB: 401076 in func 401050 with 3 insts
    I: 401076
    I: 401080
    I: 401084
      No successors
Recovering 401090
  Analysing subroutine sub_401090 at 401090
  WARNING: No table entries for indirect jump at 4010ac; Adding next_ea 4010ae as successor.
  WARNING: No table entries for indirect jump at 4010ee; Adding next_ea 4010f0 as successor.
  Subroutine sub_401090 at 401090 has 11 blocks
  BB: 4010c0 in func 401090 with 8 insts
    I: 4010c0 (imm 405020)
    I: 4010c5 (imm 405020)
    I: 4010cc
    I: 4010cf
    I: 4010d3
    I: 4010d7
    I: 4010da
    I: 4010dd (flow 4010f0)
      Successors: 4010f0, 4010df
  WARNING: No table entries for indirect jump at 4010ac; Adding next_ea 4010ae as successor.
  BB: 4010a7 in func 401090 with 2 insts
    I: 4010a7 (imm 405020)
    I: 4010ac
      Successors: 4010ae
  WARNING: No table entries for indirect jump at 4010ee; Adding next_ea 4010f0 as successor.
  BB: 4010e9 in func 401090 with 2 insts
    I: 4010e9 (imm 405020)
    I: 4010ee
      Successors: 4010f0
  BB: 4010ae in func 401090 with 1 insts
    I: 4010ae
      Successors: 4010b0
  BB: 401090 in func 401090 with 3 insts
    I: 401090 (imm 405020)
    I: 401095 (imm 405020)
    I: 40109b (flow 4010b0)
      Successors: 4010b0, 40109d
  BB: 4010b0 in func 401090 with 1 insts
    I: 4010b0
      No successors
  BB: 4010b1 in func 401090 with 2 insts
    I: 4010b1
    I: 4010b5
      Successors: 4010c0
  BB: 4010f0 in func 401090 with 1 insts
    I: 4010f0
      No successors
  BB: 4010f1 in func 401090 with 2 insts
    I: 4010f1
    I: 4010f5
      No successors
  BB: 40109d in func 401090 with 3 insts
    I: 40109d
    I: 4010a2
    I: 4010a5 (flow 4010b0)
      Successors: 4010b0, 4010a7
  BB: 4010df in func 401090 with 3 insts
    I: 4010df
    I: 4010e4
    I: 4010e7 (flow 4010f0)
      Successors: 4010f0, 4010e9
Recovering 401100
  Analysing subroutine sub_401100 at 401100
  Subroutine sub_401100 at 401100 has 5 blocks
  BB: 401100 in func 401100 with 3 insts
    Referenced by data
    I: 401100
    I: 401104 (mem 405020)
    I: 40110b (flow 401120)
      Successors: 401120, 40110d
  BB: 401121 in func 401100 with 2 insts
    I: 401121
    I: 401125
      No successors
  BB: 401120 in func 401100 with 1 insts
    I: 401120
      No successors
  BB: 40110d in func 401100 with 6 insts
    I: 40110d
    I: 40110e
    I: 401111 (flow 401090)
    I: 401116 (mem 405020)
    I: 40111d
    I: 40111e
      No successors
  BB: 40111f in func 401100 with 1 insts
    I: 40111f
      Successors: 401120
Recovering 401130
  Analysing subroutine sub_401130 at 401130
  WARNING: No table entries for indirect jump at 4010ee; Adding next_ea 4010f0 as successor.
  Subroutine sub_401130 at 401130 has 6 blocks
  BB: 4010c0 in func 401130 with 8 insts
    I: 4010c0 (imm 405020)
    I: 4010c5 (imm 405020)
    I: 4010cc
    I: 4010cf
    I: 4010d3
    I: 4010d7
    I: 4010da
    I: 4010dd (flow 4010f0)
      Successors: 4010f0, 4010df
  WARNING: No table entries for indirect jump at 4010ee; Adding next_ea 4010f0 as successor.
  BB: 4010e9 in func 401130 with 2 insts
    I: 4010e9 (imm 405020)
    I: 4010ee
      Successors: 4010f0
  BB: 401130 in func 401130 with 2 insts
    Referenced by data
    I: 401130
    I: 401134 (flow 4010c0)
      Successors: 4010c0
  BB: 4010f0 in func 401130 with 1 insts
    I: 4010f0
      No successors
  BB: 401136 in func 401130 with 1 insts
    I: 401136
      No successors
  BB: 4010df in func 401130 with 3 insts
    I: 4010df
    I: 4010e4
    I: 4010e7 (flow 4010f0)
      Successors: 4010f0, 4010e9
Recovering 401140
  Analysing subroutine sub_401140 at 401140
  Subroutine sub_401140 at 401140 has 147 blocks
  BB: 401207 in func 401140 with 1 insts
    I: 401207 (flow 40120c)
      Successors: 40120c
  BB: 401408 in func 401140 with 1 insts
    I: 401408 (flow 40140d)
      Successors: 40140d
  BB: 40120c in func 401140 with 3 insts
    I: 40120c
    I: 40120f
    I: 401214 (flow 401c64)
      Successors: 40121a, 401c64
  BB: 40140d in func 401140 with 3 insts
    I: 40140d
    I: 401410
    I: 401415 (flow 401aca)
      Successors: 401aca, 40141b
  BB: 401c11 in func 401140 with 5 insts
    I: 401c11
    I: 401c15 (disp 418980)
    I: 401c1c
    I: 401c1f
    I: 401c26 (flow 401d0b)
      Successors: 401d0b
  BB: 40121a in func 401140 with 1 insts
    I: 40121a (flow 40121f)
      Successors: 40121f
  BB: 40141b in func 401140 with 1 insts
    I: 40141b (flow 401420)
      Successors: 401420
  BB: 40121f in func 401140 with 3 insts
    I: 40121f
    I: 401222
    I: 401227 (flow 401b85)
      Successors: 40122d, 401b85
  BB: 401420 in func 401140 with 3 insts
    I: 401420
    I: 401423
    I: 401428 (flow 40188a)
      Successors: 40188a, 40142e
  BB: 401a23 in func 401140 with 2 insts
    I: 401a23
    I: 401a2a (flow 401d0b)
      Successors: 401d0b
  BB: 40162b in func 401140 with 2 insts
    I: 40162b
    I: 401632 (flow 401d0b)
      Successors: 401d0b
  BB: 401c2b in func 401140 with 2 insts
    I: 401c2b
    I: 401c32 (flow 401d0b)
      Successors: 401d0b
  BB: 40122d in func 401140 with 1 insts
    I: 40122d (flow 401232)
      Successors: 401232
  BB: 40142e in func 401140 with 1 insts
    I: 40142e (flow 401433)
      Successors: 401433
  BB: 401a2f in func 401140 with 11 insts
    I: 401a2f
    I: 401a32
    I: 401a35
    I: 401a38
    I: 401a3c (imm 405030)
    I: 401a46
    I: 401a4a
    I: 401a4d
    I: 401a50
    I: 401a53
    I: 401a5a (flow 401d0b)
      Successors: 401d0b
  BB: 401232 in func 401140 with 3 insts
    I: 401232
    I: 401235
    I: 40123a (flow 401927)
      Successors: 401240, 401927
  BB: 401433 in func 401140 with 3 insts
    I: 401433
    I: 401436
    I: 40143b (flow 401aaf)
      Successors: 401441, 401aaf
  BB: 401c37 in func 401140 with 5 insts
    I: 401c37
    I: 401c3a
    I: 401c3d
    I: 401c40
    I: 401c47 (flow 401d0b)
      Successors: 401d0b
  BB: 401637 in func 401140 with 19 insts
    I: 401637 (imm 418998)
    I: 40163e
    I: 401640 (imm 4189a0)
    I: 401647
    I: 401649
    I: 40164b
    I: 40164e
    I: 401651
    I: 401654
    I: 401657
    I: 40165a
    I: 40165d
    I: 401660
    I: 401662
    I: 401667
    I: 40166c
    I: 40166f
    I: 401672
    I: 401675 (flow 401d0b)
      Successors: 401d0b
  BB: 40183b in func 401140 with 2 insts
    I: 40183b
    I: 401842 (flow 401d0b)
      Successors: 401d0b
  BB: 401240 in func 401140 with 1 insts
    I: 401240 (flow 401245)
      Successors: 401245
  BB: 401441 in func 401140 with 1 insts
    I: 401441 (flow 401446)
      Successors: 401446
  BB: 401245 in func 401140 with 3 insts
    I: 401245
    I: 401248
    I: 40124d (flow 401c4c)
      Successors: 401253, 401c4c
  BB: 401446 in func 401140 with 3 insts
    I: 401446
    I: 401449
    I: 40144e (flow 401afd)
      Successors: 401454, 401afd
  BB: 401847 in func 401140 with 19 insts
    I: 401847 (imm 418998)
    I: 40184e
    I: 401850 (imm 4189a0)
    I: 401857
    I: 401859
    I: 40185b
    I: 40185e
    I: 401861
    I: 401864
    I: 401867
    I: 40186a
    I: 40186d
    I: 401870
    I: 401872
    I: 401877
    I: 40187c
    I: 40187f
    I: 401882
    I: 401885 (flow 401d0b)
      Successors: 401d0b
  BB: 401c4c in func 401140 with 4 insts
    I: 401c4c
    I: 401c4f (mem 418970)
    I: 401c56
    I: 401c57
      No successors
  BB: 401253 in func 401140 with 1 insts
    I: 401253 (flow 401258)
      Successors: 401258
  BB: 401454 in func 401140 with 1 insts
    I: 401454 (flow 401459)
      Successors: 401459
  BB: 401258 in func 401140 with 3 insts
    I: 401258
    I: 40125b
    I: 401260 (flow 401b42)
      Successors: 401b42, 401266
  BB: 401459 in func 401140 with 3 insts
    I: 401459
    I: 40145c
    I: 401461 (flow 40183b)
      Successors: 40183b, 401467
  BB: 401c58 in func 401140 with 2 insts
    I: 401c58
    I: 401c5f (flow 401d0b)
      Successors: 401d0b
  BB: 401a5f in func 401140 with 4 insts
    I: 401a5f
    I: 401a66
    I: 401a6d
    I: 401a74 (flow 401d0b)
      Successors: 401d0b
  BB: 401c64 in func 401140 with 2 insts
    I: 401c64
    I: 401c6b (flow 401d0b)
      Successors: 401d0b
  BB: 401266 in func 401140 with 1 insts
    I: 401266 (flow 40126b)
      Successors: 40126b
  BB: 401467 in func 401140 with 1 insts
    I: 401467 (flow 40146c)
      Successors: 40146c
  BB: 40126b in func 401140 with 3 insts
    I: 40126b
    I: 40126e
    I: 401273 (flow 401cc9)
      Successors: 401279, 401cc9
  BB: 40146c in func 401140 with 3 insts
    I: 40146c
    I: 40146f
    I: 401474 (flow 401c58)
      Successors: 401c58, 40147a
  BB: 401c70 in func 401140 with 11 insts
    I: 401c70
    I: 401c73
    I: 401c76
    I: 401c79
    I: 401c7d (imm 405030)
    I: 401c87
    I: 401c8b
    I: 401c8e
    I: 401c91
    I: 401c94
    I: 401c9b (flow 401d0b)
      Successors: 401d0b
  BB: 401a79 in func 401140 with 6 insts
    I: 401a79
    I: 401a7e
    I: 401a83
    I: 401a87
    I: 401a8a
    I: 401a8d (flow 401d0b)
      Successors: 401d0b
  BB: 40167a in func 401140 with 28 insts
    I: 40167a
    I: 40167d
    I: 401680
    I: 401683
    I: 401687 (imm 405030)
    I: 401691
    I: 401695
    I: 401698
    I: 40169b
    I: 40169e (imm 418998)
    I: 4016a5
    I: 4016a7 (imm 4189a0)
    I: 4016ae
    I: 4016b0
    I: 4016b2
    I: 4016b5
    I: 4016b8
    I: 4016bb
    I: 4016be
    I: 4016c1
    I: 4016c4
    I: 4016c7
    I: 4016c9
    I: 4016ce
    I: 4016d3
    I: 4016d6
    I: 4016d9
    I: 4016dc (flow 401d0b)
      Successors: 401d0b
  BB: 401279 in func 401140 with 1 insts
    I: 401279 (flow 40127e)
      Successors: 40127e
  BB: 40147a in func 401140 with 1 insts
    I: 40147a (flow 40147f)
      Successors: 40147f
  BB: 40127e in func 401140 with 3 insts
    I: 40127e
    I: 401281
    I: 401286 (flow 401a79)
      Successors: 401a79, 40128c
  BB: 40147f in func 401140 with 3 insts
    I: 40147f
    I: 401482
    I: 401487 (flow 401c37)
      Successors: 40148d, 401c37
  BB: 40188a in func 401140 with 24 insts
    I: 40188a
    I: 40188d
    I: 401890
    I: 401893
    I: 401895
    I: 401898 (imm 418998)
    I: 40189f
    I: 4018a1 (imm 4189a0)
    I: 4018a8
    I: 4018aa
    I: 4018ac
    I: 4018af
    I: 4018b2
    I: 4018b5
    I: 4018b8
    I: 4018bb
    I: 4018be
    I: 4018c1
    I: 4018c3
    I: 4018c8
    I: 4018cd
    I: 4018d0
    I: 4018d3
    I: 4018d6 (flow 401d0b)
      Successors: 401d0b
  BB: 40128c in func 401140 with 1 insts
    I: 40128c (flow 401291)
      Successors: 401291
  BB: 40148d in func 401140 with 1 insts
    I: 40148d (flow 401492)
      Successors: 401492
  BB: 401291 in func 401140 with 3 insts
    I: 401291
    I: 401294
    I: 401299 (flow 40162b)
      Successors: 40162b, 40129f
  BB: 401492 in func 401140 with 3 insts
    I: 401492
    I: 401495
    I: 40149a (flow 401c11)
      Successors: 4014a0, 401c11
  BB: 401a92 in func 401140 with 5 insts
    I: 401a92
    I: 401a99 (mem 405034)
    I: 401aa0
    I: 401aa3
    I: 401aaa (flow 401d0b)
      Successors: 401d0b
  BB: 40129f in func 401140 with 1 insts
    I: 40129f (flow 4012a4)
      Successors: 4012a4
  BB: 4014a0 in func 401140 with 1 insts
    I: 4014a0 (flow 4014a5)
      Successors: 4014a5
  BB: 401ca0 in func 401140 with 4 insts
    I: 401ca0 (mem 418970)
    I: 401ca7
    I: 401caa
    I: 401cb1 (flow 401d0b)
      Successors: 401d0b
  BB: 4012a4 in func 401140 with 3 insts
    I: 4012a4
    I: 4012a7
    I: 4012ac (flow 401c70)
      Successors: 401c70, 4012b2
  BB: 4014a5 in func 401140 with 3 insts
    I: 4014a5
    I: 4014a8
    I: 4014ad (flow 401a5f)
      Successors: 4014b3, 401a5f
  BB: 401aaf in func 401140 with 7 insts
    I: 401aaf
    I: 401ab2
    I: 401ab7
    I: 401abc
    I: 401abf
    I: 401ac2
    I: 401ac5 (flow 401d0b)
      Successors: 401d0b
  BB: 4012b2 in func 401140 with 1 insts
    I: 4012b2 (flow 4012b7)
      Successors: 4012b7
  BB: 4014b3 in func 401140 with 1 insts
    I: 4014b3 (flow 4014b8)
      Successors: 4014b8
  BB: 401cb6 in func 401140 with 3 insts
    I: 401cb6
    I: 401cbd
    I: 401cc4 (flow 401d0b)
      Successors: 401d0b
  BB: 4012b7 in func 401140 with 3 insts
    I: 4012b7
    I: 4012ba
    I: 4012bf (flow 401755)
      Successors: 401755, 4012c5
  BB: 4014b8 in func 401140 with 3 insts
    I: 4014b8
    I: 4014bb
    I: 4014c0 (flow 401539)
      Successors: 401539, 4014c6
  BB: 4012c5 in func 401140 with 1 insts
    I: 4012c5 (flow 4012ca)
      Successors: 4012ca
  BB: 4014c6 in func 401140 with 1 insts
    I: 4014c6 (flow 4014cb)
      Successors: 4014cb
  BB: 401cc9 in func 401140 with 2 insts
    I: 401cc9
    I: 401cd0 (flow 401d0b)
      Successors: 401d0b
  BB: 4012ca in func 401140 with 3 insts
    I: 4012ca
    I: 4012cd
    I: 4012d2 (flow 40199d)
      Successors: 4012d8, 40199d
  BB: 4014cb in func 401140 with 3 insts
    I: 4014cb
    I: 4014ce
    I: 4014d3 (flow 401cd5)
      Successors: 4014d9, 401cd5
  BB: 401aca in func 401140 with 11 insts
    I: 401aca
    I: 401ace (imm 405030)
    I: 401ad8
    I: 401adc
    I: 401adf
    I: 401ae3
    I: 401ae8
    I: 401aed
    I: 401af2
    I: 401af5
    I: 401af8 (flow 401d0b)
      Successors: 401d0b
  BB: 401cd5 in func 401140 with 2 insts
    I: 401cd5
    I: 401cdc (flow 401d0b)
      Successors: 401d0b
  BB: 4012d8 in func 401140 with 1 insts
    I: 4012d8 (flow 4012dd)
      Successors: 4012dd
  BB: 4014d9 in func 401140 with 1 insts
    I: 4014d9 (flow 4014de)
      Successors: 4014de
  BB: 4018db in func 401140 with 7 insts
    I: 4018db
    I: 4018de
    I: 4018e3
    I: 4018e8
    I: 4018eb
    I: 4018ee
    I: 4018f1 (flow 401d0b)
      Successors: 401d0b
  BB: 4012dd in func 401140 with 3 insts
    I: 4012dd
    I: 4012e0
    I: 4012e5 (flow 401bf6)
      Successors: 4012eb, 401bf6
  BB: 4014de in func 401140 with 3 insts
    I: 4014de
    I: 4014e1
    I: 4014e6 (flow 4015e8)
      Successors: 4015e8, 4014ec
  BB: 4016e1 in func 401140 with 2 insts
    I: 4016e1
    I: 4016e8 (flow 401d0b)
      Successors: 401d0b
  BB: 401ce1 in func 401140 with 8 insts
    I: 401ce1
    I: 401ce5 (imm 405030)
    I: 401cef
    I: 401cf3
    I: 401cf6
    I: 401cf9
    I: 401cfd (disp 418980)
    I: 401d04
      Successors: 401d0b
  BB: 4012eb in func 401140 with 1 insts
    I: 4012eb (flow 4012f0)
      Successors: 4012f0
  BB: 4014ec in func 401140 with 1 insts
    I: 4014ec (flow 4014f1)
      Successors: 4014f1
  BB: 4016ed in func 401140 with 9 insts
    I: 4016ed
    I: 4016f0
    I: 4016f3
    I: 4016f6
    I: 4016fb
    I: 401700 (mem 418970)
    I: 401707
    I: 40170a
    I: 40170d (flow 401d0b)
      Successors: 401d0b
  BB: 4012f0 in func 401140 with 3 insts
    I: 4012f0
    I: 4012f3
    I: 4012f8 (flow 401a2f)
      Successors: 4012fe, 401a2f
  BB: 4014f1 in func 401140 with 1 insts
    I: 4014f1 (flow 401d0b)
      Successors: 401d0b
  BB: 4014f6 in func 401140 with 19 insts
    I: 4014f6 (imm 418998)
    I: 4014fd
    I: 4014ff (imm 4189a0)
    I: 401506
    I: 401508
    I: 40150a
    I: 40150d
    I: 401510
    I: 401513
    I: 401516
    I: 401519
    I: 40151c
    I: 40151f
    I: 401521
    I: 401526
    I: 40152b
    I: 40152e
    I: 401531
    I: 401534 (flow 401d0b)
      Successors: 401d0b
  BB: 4018f6 in func 401140 with 11 insts
    I: 4018f6
    I: 4018fa (imm 405030)
    I: 401904
    I: 401908
    I: 40190b
    I: 40190f
    I: 401914
    I: 401919
    I: 40191c
    I: 40191f
    I: 401922 (flow 401d0b)
      Successors: 401d0b
  BB: 401afd in func 401140 with 4 insts
    I: 401afd
    I: 401b00
    I: 401b03
    I: 401b0a (flow 401d0b)
      Successors: 401d0b
  BB: 4012fe in func 401140 with 1 insts
    I: 4012fe (flow 401303)
      Successors: 401303
  BB: 401303 in func 401140 with 3 insts
    I: 401303
    I: 401306
    I: 40130b (flow 4018db)
      Successors: 401311, 4018db
  BB: 401d0b in func 401140 with 1 insts
    I: 401d0b (flow 40115e)
      Successors: 40115e
  BB: 401b0f in func 401140 with 2 insts
    I: 401b0f
    I: 401b16 (flow 401d0b)
      Successors: 401d0b
  BB: 401311 in func 401140 with 1 insts
    I: 401311 (flow 401316)
      Successors: 401316
  BB: 401712 in func 401140 with 19 insts
    I: 401712 (imm 418998)
    I: 401719
    I: 40171b (imm 4189a0)
    I: 401722
    I: 401724
    I: 401726
    I: 401729
    I: 40172c
    I: 40172f
    I: 401732
    I: 401735
    I: 401738
    I: 40173b
    I: 40173d
    I: 401742
    I: 401747
    I: 40174a
    I: 40174d
    I: 401750 (flow 401d0b)
      Successors: 401d0b
  BB: 401316 in func 401140 with 3 insts
    I: 401316
    I: 401319
    I: 40131e (flow 401b0f)
      Successors: 401324, 401b0f
  BB: 401b1b in func 401140 with 8 insts
    I: 401b1b
    I: 401b1f (imm 405030)
    I: 401b29
    I: 401b2d
    I: 401b30
    I: 401b33
    I: 401b36
    I: 401b3d (flow 401d0b)
      Successors: 401d0b
  BB: 401324 in func 401140 with 1 insts
    I: 401324 (flow 401329)
      Successors: 401329
  BB: 401927 in func 401140 with 26 insts
    I: 401927
    I: 40192b (imm 405030)
    I: 401935
    I: 401939
    I: 40193c
    I: 40193e
    I: 401941
    I: 401945 (imm 405030)
    I: 40194f
    I: 401953
    I: 401956
    I: 401959
    I: 40195c
    I: 40195f
    I: 401963 (imm 405030)
    I: 40196d
    I: 401971
    I: 401974
    I: 401977
    I: 40197a
    I: 40197e (imm 405030)
    I: 401988
    I: 40198c
    I: 40198f
    I: 401991
    I: 401998 (flow 401d0b)
      Successors: 401d0b
  BB: 401329 in func 401140 with 3 insts
    I: 401329
    I: 40132c
    I: 401331 (flow 4017ae)
      Successors: 4017ae, 401337
  BB: 401337 in func 401140 with 1 insts
    I: 401337 (flow 40133c)
      Successors: 40133c
  BB: 401539 in func 401140 with 24 insts
    I: 401539
    I: 40153c
    I: 40153f
    I: 401542
    I: 401544
    I: 401547 (imm 418998)
    I: 40154e
    I: 401550 (imm 4189a0)
    I: 401557
    I: 401559
    I: 40155b
    I: 40155e
    I: 401561
    I: 401564
    I: 401567
    I: 40156a
    I: 40156d
    I: 401570
    I: 401572
    I: 401577
    I: 40157c
    I: 40157f
    I: 401582
    I: 401585 (flow 401d0b)
      Successors: 401d0b
  BB: 40133c in func 401140 with 3 insts
    I: 40133c
    I: 40133f
    I: 401344 (flow 401847)
      Successors: 40134a, 401847
  BB: 401140 in func 401140 with 8 insts
    I: 401140
    I: 401141
    I: 401144
    I: 401147
    I: 40114a
    I: 40114d
    I: 401150
    I: 401157
      Successors: 40115e
  BB: 401b42 in func 401140 with 19 insts
    I: 401b42 (imm 418998)
    I: 401b49
    I: 401b4b (imm 4189a0)
    I: 401b52
    I: 401b54
    I: 401b56
    I: 401b59
    I: 401b5c
    I: 401b5f
    I: 401b62
    I: 401b65
    I: 401b68
    I: 401b6b
    I: 401b6d
    I: 401b72
    I: 401b77
    I: 401b7a
    I: 401b7d
    I: 401b80 (flow 401d0b)
      Successors: 401d0b
  BB: 40134a in func 401140 with 1 insts
    I: 40134a (flow 40134f)
      Successors: 40134f
  BB: 40134f in func 401140 with 3 insts
    I: 40134f
    I: 401352
    I: 401357 (flow 40158a)
      Successors: 40158a, 40135d
  BB: 401755 in func 401140 with 21 insts
    I: 401755 (mem 418970)
    I: 40175c
    I: 40175f (imm 418998)
    I: 401766
    I: 401768 (imm 4189a0)
    I: 40176f
    I: 401771
    I: 401773
    I: 401776
    I: 401779
    I: 40177c
    I: 40177f
    I: 401782
    I: 401785
    I: 401788
    I: 40178a
    I: 40178f
    I: 401794
    I: 401797
    I: 40179a
    I: 40179d (flow 401d0b)
      Successors: 401d0b
  BB: 40135d in func 401140 with 1 insts
    I: 40135d (flow 401362)
      Successors: 401362
  BB: 40115e in func 401140 with 4 insts
    I: 40115e
    I: 401161
    I: 401164
    I: 401169 (flow 401c2b)
      Successors: 401c2b, 40116f
  BB: 401362 in func 401140 with 3 insts
    I: 401362
    I: 401365
    I: 40136a (flow 4019e0)
      Successors: 401370, 4019e0
  BB: 40116f in func 401140 with 1 insts
    I: 40116f (flow 401174)
      Successors: 401174
  BB: 401370 in func 401140 with 1 insts
    I: 401370 (flow 401375)
      Successors: 401375
  BB: 401174 in func 401140 with 3 insts
    I: 401174
    I: 401177
    I: 40117c (flow 401a92)
      Successors: 401182, 401a92
  BB: 401375 in func 401140 with 3 insts
    I: 401375
    I: 401378
    I: 40137d (flow 4015a5)
      Successors: 401383, 4015a5
  BB: 401182 in func 401140 with 1 insts
    I: 401182 (flow 401187)
      Successors: 401187
  BB: 401383 in func 401140 with 1 insts
    I: 401383 (flow 401388)
      Successors: 401388
  BB: 401b85 in func 401140 with 30 insts
    I: 401b85
    I: 401b89 (imm 405030)
    I: 401b93
    I: 401b97
    I: 401b9a
    I: 401b9d
    I: 401ba1 (disp 418980)
    I: 401ba8
    I: 401bab
    I: 401bae
    I: 401bb0
    I: 401bb3 (imm 418998)
    I: 401bba
    I: 401bbc (imm 4189a0)
    I: 401bc3
    I: 401bc5
    I: 401bc7
    I: 401bca
    I: 401bcd
    I: 401bd0
    I: 401bd3
    I: 401bd6
    I: 401bd9
    I: 401bdc
    I: 401bde
    I: 401be3
    I: 401be8
    I: 401beb
    I: 401bee
    I: 401bf1 (flow 401d0b)
      Successors: 401d0b
  BB: 401187 in func 401140 with 3 insts
    I: 401187
    I: 40118a
    I: 40118f (flow 401ca0)
      Successors: 401ca0, 401195
  BB: 401388 in func 401140 with 3 insts
    I: 401388
    I: 40138b
    I: 401390 (flow 401712)
      Successors: 401712, 401396
  BB: 40158a in func 401140 with 7 insts
    I: 40158a
    I: 40158d
    I: 401592
    I: 401597
    I: 40159a
    I: 40159d
    I: 4015a0 (flow 401d0b)
      Successors: 401d0b
  BB: 401195 in func 401140 with 1 insts
    I: 401195 (flow 40119a)
      Successors: 40119a
  BB: 401396 in func 401140 with 1 insts
    I: 401396 (flow 40139b)
      Successors: 40139b
  BB: 40119a in func 401140 with 3 insts
    I: 40119a
    I: 40119d
    I: 4011a2 (flow 4016e1)
      Successors: 4011a8, 4016e1
  BB: 40139b in func 401140 with 3 insts
    I: 40139b
    I: 40139e
    I: 4013a3 (flow 401a23)
      Successors: 4013a9, 401a23
  BB: 40199d in func 401140 with 19 insts
    I: 40199d (imm 418998)
    I: 4019a4
    I: 4019a6 (imm 4189a0)
    I: 4019ad
    I: 4019af
    I: 4019b1
    I: 4019b4
    I: 4019b7
    I: 4019ba
    I: 4019bd
    I: 4019c0
    I: 4019c3
    I: 4019c6
    I: 4019c8
    I: 4019cd
    I: 4019d2
    I: 4019d5
    I: 4019d8
    I: 4019db (flow 401d0b)
      Successors: 401d0b
  BB: 4017a2 in func 401140 with 2 insts
    I: 4017a2
    I: 4017a9 (flow 401d0b)
      Successors: 401d0b
  BB: 4015a5 in func 401140 with 19 insts
    I: 4015a5 (imm 418998)
    I: 4015ac
    I: 4015ae (imm 4189a0)
    I: 4015b5
    I: 4015b7
    I: 4015b9
    I: 4015bc
    I: 4015bf
    I: 4015c2
    I: 4015c5
    I: 4015c8
    I: 4015cb
    I: 4015ce
    I: 4015d0
    I: 4015d5
    I: 4015da
    I: 4015dd
    I: 4015e0
    I: 4015e3 (flow 401d0b)
      Successors: 401d0b
  BB: 4011a8 in func 401140 with 1 insts
    I: 4011a8 (flow 4011ad)
      Successors: 4011ad
  BB: 4013a9 in func 401140 with 1 insts
    I: 4013a9 (flow 4013ae)
      Successors: 4013ae
  BB: 4011ad in func 401140 with 3 insts
    I: 4011ad
    I: 4011b0
    I: 4011b5 (flow 4018f6)
      Successors: 4011bb, 4018f6
  BB: 4013ae in func 401140 with 3 insts
    I: 4013ae
    I: 4013b1
    I: 4013b6 (flow 401b1b)
      Successors: 401b1b, 4013bc
  BB: 4017ae in func 401140 with 19 insts
    I: 4017ae (imm 418998)
    I: 4017b5
    I: 4017b7 (imm 4189a0)
    I: 4017be
    I: 4017c0
    I: 4017c2
    I: 4017c5
    I: 4017c8
    I: 4017cb
    I: 4017ce
    I: 4017d1
    I: 4017d4
    I: 4017d7
    I: 4017d9
    I: 4017de
    I: 4017e3
    I: 4017e6
    I: 4017e9
    I: 4017ec (flow 401d0b)
      Successors: 401d0b
  BB: 4011bb in func 401140 with 1 insts
    I: 4011bb (flow 4011c0)
      Successors: 4011c0
  BB: 4013bc in func 401140 with 1 insts
    I: 4013bc (flow 4013c1)
      Successors: 4013c1
  BB: 4011c0 in func 401140 with 3 insts
    I: 4011c0
    I: 4011c3
    I: 4011c8 (flow 4017f1)
      Successors: 4017f1, 4011ce
  BB: 4013c1 in func 401140 with 3 insts
    I: 4013c1
    I: 4013c4
    I: 4013c9 (flow 4017a2)
      Successors: 4017a2, 4013cf
  BB: 4011ce in func 401140 with 1 insts
    I: 4011ce (flow 4011d3)
      Successors: 4011d3
  BB: 4013cf in func 401140 with 1 insts
    I: 4013cf (flow 4013d4)
      Successors: 4013d4
  BB: 4011d3 in func 401140 with 3 insts
    I: 4011d3
    I: 4011d6
    I: 4011db (flow 40167a)
      Successors: 4011e1, 40167a
  BB: 4013d4 in func 401140 with 3 insts
    I: 4013d4
    I: 4013d7
    I: 4013dc (flow 401cb6)
      Successors: 4013e2, 401cb6
  BB: 4019e0 in func 401140 with 19 insts
    I: 4019e0 (imm 418998)
    I: 4019e7
    I: 4019e9 (imm 4189a0)
    I: 4019f0
    I: 4019f2
    I: 4019f4
    I: 4019f7
    I: 4019fa
    I: 4019fd
    I: 401a00
    I: 401a03
    I: 401a06
    I: 401a09
    I: 401a0b
    I: 401a10
    I: 401a15
    I: 401a18
    I: 401a1b
    I: 401a1e (flow 401d0b)
      Successors: 401d0b
  BB: 4011e1 in func 401140 with 1 insts
    I: 4011e1 (flow 4011e6)
      Successors: 4011e6
  BB: 4013e2 in func 401140 with 1 insts
    I: 4013e2 (flow 4013e7)
      Successors: 4013e7
  BB: 4011e6 in func 401140 with 3 insts
    I: 4011e6
    I: 4011e9
    I: 4011ee (flow 4016ed)
      Successors: 4011f4, 4016ed
  BB: 4013e7 in func 401140 with 3 insts
    I: 4013e7
    I: 4013ea
    I: 4013ef (flow 401637)
      Successors: 4013f5, 401637
  BB: 4015e8 in func 401140 with 19 insts
    I: 4015e8 (imm 418998)
    I: 4015ef
    I: 4015f1 (imm 4189a0)
    I: 4015f8
    I: 4015fa
    I: 4015fc
    I: 4015ff
    I: 401602
    I: 401605
    I: 401608
    I: 40160b
    I: 40160e
    I: 401611
    I: 401613
    I: 401618
    I: 40161d
    I: 401620
    I: 401623
    I: 401626 (flow 401d0b)
      Successors: 401d0b
  BB: 4017f1 in func 401140 with 20 insts
    I: 4017f1
    I: 4017f8 (imm 418998)
    I: 4017ff
    I: 401801 (imm 4189a0)
    I: 401808
    I: 40180a
    I: 40180c
    I: 40180f
    I: 401812
    I: 401815
    I: 401818
    I: 40181b
    I: 40181e
    I: 401821
    I: 401823
    I: 401828
    I: 40182d
    I: 401830
    I: 401833
    I: 401836 (flow 401d0b)
      Successors: 401d0b
  BB: 4011f4 in func 401140 with 1 insts
    I: 4011f4 (flow 4011f9)
      Successors: 4011f9
  BB: 4013f5 in func 401140 with 1 insts
    I: 4013f5 (flow 4013fa)
      Successors: 4013fa
  BB: 401bf6 in func 401140 with 7 insts
    I: 401bf6
    I: 401bf9
    I: 401bfe
    I: 401c03
    I: 401c06
    I: 401c09
    I: 401c0c (flow 401d0b)
      Successors: 401d0b
  BB: 4011f9 in func 401140 with 3 insts
    I: 4011f9
    I: 4011fc
    I: 401201 (flow 401ce1)
      Successors: 401ce1, 401207
  BB: 4013fa in func 401140 with 3 insts
    I: 4013fa
    I: 4013fd
    I: 401402 (flow 4014f6)
      Successors: 401408, 4014f6
Recovering main at 401d10
  Analysing subroutine main at 401d10
  Subroutine main at 401d10 has 216 blocks
  BB: 401e08 in func 401d10 with 1 insts
    I: 401e08 (flow 401e0d)
      Successors: 401e0d
  BB: 402009 in func 401d10 with 1 insts
    I: 402009 (flow 40200e)
      Successors: 40200e
  BB: 40220a in func 401d10 with 1 insts
    I: 40220a (flow 40220f)
      Successors: 40220f
  BB: 402e08 in func 401d10 with 5 insts
    I: 402e08
    I: 402e0f (mem 405034)
    I: 402e16
    I: 402e19
    I: 402e20 (flow 402e67)
      Successors: 402e67
  BB: 40240c in func 401d10 with 8 insts
    I: 40240c
    I: 402410 (imm 405030)
    I: 40241a
    I: 40241e
    I: 402421
    I: 402425
    I: 40242a
    I: 402431 (flow 402e67)
      Successors: 402e67
  BB: 401e0d in func 401d10 with 3 insts
    I: 401e0d
    I: 401e10
    I: 401e15 (flow 4029bf)
      Successors: 401e1b, 4029bf
  BB: 40200e in func 401d10 with 3 insts
    I: 40200e
    I: 402011
    I: 402016 (flow 402457)
      Successors: 40201c, 402457
  BB: 40220f in func 401d10 with 3 insts
    I: 40220f
    I: 402212
    I: 402217 (flow 4028be)
      Successors: 40221d, 4028be
  BB: 40260c in func 401d10 with 7 insts
    I: 40260c
    I: 40260f
    I: 402614
    I: 402619
    I: 40261c
    I: 40261f
    I: 402622 (flow 402e67)
      Successors: 402e67
  BB: 401e1b in func 401d10 with 1 insts
    I: 401e1b (flow 401e20)
      Successors: 401e20
  BB: 40201c in func 401d10 with 1 insts
    I: 40201c (flow 402021)
      Successors: 402021
  BB: 40221d in func 401d10 with 1 insts
    I: 40221d (flow 402222)
      Successors: 402222
  BB: 401e20 in func 401d10 with 3 insts
    I: 401e20
    I: 401e23
    I: 401e28 (flow 402d6e)
      Successors: 402d6e, 401e2e
  BB: 402021 in func 401d10 with 3 insts
    I: 402021
    I: 402024
    I: 402029 (flow 402570)
      Successors: 402570, 40202f
  BB: 402222 in func 401d10 with 3 insts
    I: 402222
    I: 402225
    I: 40222a (flow 402b66)
      Successors: 402230, 402b66
  BB: 402e25 in func 401d10 with 8 insts
    I: 402e25
    I: 402e29 (imm 405030)
    I: 402e33
    I: 402e37
    I: 402e3a
    I: 402e3d
    I: 402e40
    I: 402e47 (flow 402e67)
      Successors: 402e67
  BB: 402627 in func 401d10 with 12 insts
    I: 402627 (imm 403004)
    I: 402631
    I: 402635
    I: 402639
    I: 40263d
    I: 40263f (flow 4189b8)
    I: 402644
    I: 402649
    I: 40264e
    I: 402652
    I: 402655
    I: 402658 (flow 402e67)
      Successors: 402e67
  BB: 401e2e in func 401d10 with 1 insts
    I: 401e2e (flow 401e33)
      Successors: 401e33
  BB: 40202f in func 401d10 with 1 insts
    I: 40202f (flow 402034)
      Successors: 402034
  BB: 402230 in func 401d10 with 1 insts
    I: 402230 (flow 402235)
      Successors: 402235
  BB: 402c32 in func 401d10 with 2 insts
    I: 402c32
    I: 402c39 (flow 402e67)
      Successors: 402e67
  BB: 401e33 in func 401d10 with 3 insts
    I: 401e33
    I: 401e36
    I: 401e3b (flow 4026f1)
      Successors: 401e41, 4026f1
  BB: 402034 in func 401d10 with 3 insts
    I: 402034
    I: 402037
    I: 40203c (flow 402718)
      Successors: 402718, 402042
  BB: 402235 in func 401d10 with 3 insts
    I: 402235
    I: 402238
    I: 40223d (flow 40260c)
      Successors: 402243, 40260c
  BB: 402436 in func 401d10 with 5 insts
    I: 402436
    I: 402439
    I: 40243c
    I: 40243f
    I: 402446 (flow 402e67)
      Successors: 402e67
  BB: 402a3e in func 401d10 with 22 insts
    I: 402a3e
    I: 402a41
    I: 402a44 (flow 401140)
    I: 402a49 (imm 41899c)
    I: 402a50
    I: 402a52 (imm 4189a4)
    I: 402a59
    I: 402a5b
    I: 402a5d
    I: 402a60
    I: 402a63
    I: 402a66
    I: 402a69
    I: 402a6c
    I: 402a6f
    I: 402a72
    I: 402a74
    I: 402a79
    I: 402a7e
    I: 402a81
    I: 402a84
    I: 402a87 (flow 402e67)
      Successors: 402e67
  BB: 402c3e in func 401d10 with 19 insts
    I: 402c3e (imm 41899c)
    I: 402c45
    I: 402c47 (imm 4189a4)
    I: 402c4e
    I: 402c50
    I: 402c52
    I: 402c55
    I: 402c58
    I: 402c5b
    I: 402c5e
    I: 402c61
    I: 402c64
    I: 402c67
    I: 402c69
    I: 402c6e
    I: 402c73
    I: 402c76
    I: 402c79
    I: 402c7c (flow 402e67)
      Successors: 402e67
  BB: 401e41 in func 401d10 with 1 insts
    I: 401e41 (flow 401e46)
      Successors: 401e46
  BB: 402042 in func 401d10 with 1 insts
    I: 402042 (flow 402047)
      Successors: 402047
  BB: 402243 in func 401d10 with 1 insts
    I: 402243 (flow 402248)
      Successors: 402248
  BB: 401e46 in func 401d10 with 3 insts
    I: 401e46
    I: 401e49
    I: 401e4e (flow 402495)
      Successors: 401e54, 402495
  BB: 402047 in func 401d10 with 3 insts
    I: 402047
    I: 40204a
    I: 40204f (flow 402846)
      Successors: 402055, 402846
  BB: 402248 in func 401d10 with 3 insts
    I: 402248
    I: 40224b
    I: 402250 (flow 402c32)
      Successors: 402c32, 402256
  BB: 402846 in func 401d10 with 7 insts
    I: 402846
    I: 402849
    I: 40284e
    I: 402853
    I: 402856
    I: 402859
    I: 40285c (flow 402e67)
      Successors: 402e67
  BB: 40244b in func 401d10 with 2 insts
    I: 40244b
    I: 402452 (flow 402e67)
      Successors: 402e67
  BB: 402e4c in func 401d10 with 5 insts
    I: 402e4c
    I: 402e4f (imm 40300b)
    I: 402e59
    I: 402e5b (flow 4189b0)
    I: 402e60
      Successors: 402e67
  BB: 401e54 in func 401d10 with 1 insts
    I: 401e54 (flow 401e59)
      Successors: 401e59
  BB: 402055 in func 401d10 with 1 insts
    I: 402055 (flow 40205a)
      Successors: 40205a
  BB: 402256 in func 401d10 with 1 insts
    I: 402256 (flow 40225b)
      Successors: 40225b
  BB: 402457 in func 401d10 with 5 insts
    I: 402457
    I: 40245a
    I: 40245d
    I: 402460
    I: 402467 (flow 402e67)
      Successors: 402e67
  BB: 401e59 in func 401d10 with 3 insts
    I: 401e59
    I: 401e5c
    I: 401e61 (flow 4024f1)
      Successors: 4024f1, 401e67
  BB: 40205a in func 401d10 with 3 insts
    I: 40205a
    I: 40205d
    I: 402062 (flow 4023f3)
      Successors: 402068, 4023f3
  BB: 40225b in func 401d10 with 3 insts
    I: 40225b
    I: 40225e
    I: 402263 (flow 402306)
      Successors: 402269, 402306
  BB: 40265d in func 401d10 with 19 insts
    I: 40265d (imm 41899c)
    I: 402664
    I: 402666 (imm 4189a4)
    I: 40266d
    I: 40266f
    I: 402671
    I: 402674
    I: 402677
    I: 40267a
    I: 40267d
    I: 402680
    I: 402683
    I: 402686
    I: 402688
    I: 40268d
    I: 402692
    I: 402695
    I: 402698
    I: 40269b (flow 402e67)
      Successors: 402e67
  BB: 402861 in func 401d10 with 10 insts
    I: 402861
    I: 402865 (imm 405030)
    I: 40286f
    I: 402873
    I: 402876
    I: 402879
    I: 40287c
    I: 40287f
    I: 402884
    I: 40288b (flow 402e67)
      Successors: 402e67
  BB: 401e67 in func 401d10 with 1 insts
    I: 401e67 (flow 401e6c)
      Successors: 401e6c
  BB: 402068 in func 401d10 with 1 insts
    I: 402068 (flow 40206d)
      Successors: 40206d
  BB: 402269 in func 401d10 with 1 insts
    I: 402269 (flow 40226e)
      Successors: 40226e
  BB: 402e67 in func 401d10 with 1 insts
    I: 402e67 (flow 401d26)
      Successors: 401d26
  BB: 401e6c in func 401d10 with 3 insts
    I: 401e6c
    I: 401e6f
    I: 401e74 (flow 40277e)
      Successors: 401e7a, 40277e
  BB: 40206d in func 401d10 with 3 insts
    I: 40206d
    I: 402070
    I: 402075 (flow 402cec)
      Successors: 40207b, 402cec
  BB: 40226e in func 401d10 with 1 insts
    I: 40226e (flow 402e67)
      Successors: 402e67
  BB: 40246c in func 401d10 with 5 insts
    I: 40246c (mem 405034)
    I: 402477 (mem 418970)
    I: 402482
    I: 402489
    I: 402490 (flow 402e67)
      Successors: 402e67
  BB: 402273 in func 401d10 with 12 insts
    I: 402273 (imm 403008)
    I: 40227d
    I: 402281
    I: 402283 (flow 4189b8)
    I: 402288
    I: 40228a
    I: 40228f
    I: 402294
    I: 402297
    I: 40229a
    I: 40229d
    I: 4022a1 (flow 402e67)
      Successors: 402e67
  BB: 401e7a in func 401d10 with 1 insts
    I: 401e7a (flow 401e7f)
      Successors: 401e7f
  BB: 40207b in func 401d10 with 1 insts
    I: 40207b (flow 402080)
      Successors: 402080
  BB: 401e7f in func 401d10 with 3 insts
    I: 401e7f
    I: 401e82
    I: 401e87 (flow 402e4c)
      Successors: 402e4c, 401e8d
  BB: 402080 in func 401d10 with 3 insts
    I: 402080
    I: 402083
    I: 402088 (flow 402c3e)
      Successors: 402c3e, 40208e
  BB: 402c81 in func 401d10 with 23 insts
    I: 402c81
    I: 402c84 (imm 40300b)
    I: 402c8e
    I: 402c90 (flow 4189b0)
    I: 402c95 (imm 41899c)
    I: 402c9c
    I: 402c9e (imm 4189a4)
    I: 402ca5
    I: 402ca7
    I: 402ca9
    I: 402cac
    I: 402caf
    I: 402cb2
    I: 402cb5
    I: 402cb8
    I: 402cbb
    I: 402cbe
    I: 402cc0
    I: 402cc5
    I: 402cca
    I: 402ccd
    I: 402cd0
    I: 402cd3 (flow 402e67)
      Successors: 402e67
  BB: 402a8c in func 401d10 with 2 insts
    I: 402a8c
    I: 402a93 (flow 402e67)
      Successors: 402e67
  BB: 401e8d in func 401d10 with 1 insts
    I: 401e8d (flow 401e92)
      Successors: 401e92
  BB: 40208e in func 401d10 with 1 insts
    I: 40208e (flow 402093)
      Successors: 402093
  BB: 402890 in func 401d10 with 5 insts
    I: 402890
    I: 402893
    I: 402896
    I: 402899
    I: 4028a0 (flow 402e67)
      Successors: 402e67
  BB: 401e92 in func 401d10 with 3 insts
    I: 401e92
    I: 401e95
    I: 401e9a (flow 4028e2)
      Successors: 401ea0, 4028e2
  BB: 402093 in func 401d10 with 3 insts
    I: 402093
    I: 402096
    I: 40209b (flow 402a98)
      Successors: 402a98, 4020a1
  BB: 402495 in func 401d10 with 6 insts
    I: 402495
    I: 40249a
    I: 40249f
    I: 4024a3
    I: 4024a6
    I: 4024a9 (flow 402e67)
      Successors: 402e67
  BB: 402a98 in func 401d10 with 2 insts
    I: 402a98
    I: 402a9f (flow 402e67)
      Successors: 402e67
  BB: 401ea0 in func 401d10 with 1 insts
    I: 401ea0 (flow 401ea5)
      Successors: 401ea5
  BB: 4020a1 in func 401d10 with 1 insts
    I: 4020a1 (flow 4020a6)
      Successors: 4020a6
  BB: 4026a0 in func 401d10 with 21 insts
    I: 4026a0
    I: 4026a7
    I: 4026ae (imm 41899c)
    I: 4026b5
    I: 4026b7 (imm 4189a4)
    I: 4026be
    I: 4026c0
    I: 4026c2
    I: 4026c5
    I: 4026c8
    I: 4026cb
    I: 4026ce
    I: 4026d1
    I: 4026d4
    I: 4026d7
    I: 4026d9
    I: 4026de
    I: 4026e3
    I: 4026e6
    I: 4026e9
    I: 4026ec (flow 402e67)
      Successors: 402e67
  BB: 402aa4 in func 401d10 with 19 insts
    I: 402aa4 (imm 41899c)
    I: 402aab
    I: 402aad (imm 4189a4)
    I: 402ab4
    I: 402ab6
    I: 402ab8
    I: 402abb
    I: 402abe
    I: 402ac1
    I: 402ac4
    I: 402ac7
    I: 402aca
    I: 402acd
    I: 402acf
    I: 402ad4
    I: 402ad9
    I: 402adc
    I: 402adf
    I: 402ae2 (flow 402e67)
      Successors: 402e67
  BB: 401ea5 in func 401d10 with 3 insts
    I: 401ea5
    I: 401ea8
    I: 401ead (flow 40244b)
      Successors: 40244b, 401eb3
  BB: 4020a6 in func 401d10 with 3 insts
    I: 4020a6
    I: 4020a9
    I: 4020ae (flow 40265d)
      Successors: 4020b4, 40265d
  BB: 4022a6 in func 401d10 with 6 insts
    I: 4022a6
    I: 4022aa
    I: 4022ad
    I: 4022b4
    I: 4022b6
    I: 4022b9 (flow 402e67)
      Successors: 402e67
  BB: 4028a5 in func 401d10 with 5 insts
    I: 4028a5
    I: 4028a8
    I: 4028ad (flow 401140)
    I: 4028b2
    I: 4028b9 (flow 402e67)
      Successors: 402e67
  BB: 4024ae in func 401d10 with 19 insts
    I: 4024ae (imm 41899c)
    I: 4024b5
    I: 4024b7 (imm 4189a4)
    I: 4024be
    I: 4024c0
    I: 4024c2
    I: 4024c5
    I: 4024c8
    I: 4024cb
    I: 4024ce
    I: 4024d1
    I: 4024d4
    I: 4024d7
    I: 4024d9
    I: 4024de
    I: 4024e3
    I: 4024e6
    I: 4024e9
    I: 4024ec (flow 402e67)
      Successors: 402e67
  BB: 401eb3 in func 401d10 with 1 insts
    I: 401eb3 (flow 401eb8)
      Successors: 401eb8
  BB: 4020b4 in func 401d10 with 1 insts
    I: 4020b4 (flow 4020b9)
      Successors: 4020b9
  BB: 401eb8 in func 401d10 with 3 insts
    I: 401eb8
    I: 401ebb
    I: 401ec0 (flow 402bd4)
      Successors: 402bd4, 401ec6
  BB: 4020b9 in func 401d10 with 3 insts
    I: 4020b9
    I: 4020bc
    I: 4020c1 (flow 402769)
      Successors: 402769, 4020c7
  BB: 4022be in func 401d10 with 6 insts
    I: 4022be
    I: 4022c3
    I: 4022c8
    I: 4022cc
    I: 4022cf
    I: 4022d2 (flow 402e67)
      Successors: 402e67
  BB: 4028be in func 401d10 with 7 insts
    I: 4028be
    I: 4028c2 (disp 418980)
    I: 4028c9
    I: 4028cc
    I: 4028cf
    I: 4028d6
    I: 4028dd (flow 402e67)
      Successors: 402e67
  BB: 401ec6 in func 401d10 with 1 insts
    I: 401ec6 (flow 401ecb)
      Successors: 401ecb
  BB: 4020c7 in func 401d10 with 1 insts
    I: 4020c7 (flow 4020cc)
      Successors: 4020cc
  BB: 401ecb in func 401d10 with 3 insts
    I: 401ecb
    I: 401ece
    I: 401ed3 (flow 402349)
      Successors: 402349, 401ed9
  BB: 4020cc in func 401d10 with 3 insts
    I: 4020cc
    I: 4020cf
    I: 4020d4 (flow 4029cb)
      Successors: 4020da, 4029cb
  BB: 4022d7 in func 401d10 with 3 insts
    I: 4022d7
    I: 4022de
    I: 4022e5 (flow 402e67)
      Successors: 402e67
  BB: 402cd8 in func 401d10 with 2 insts
    I: 402cd8
    I: 402cdf (flow 402e67)
      Successors: 402e67
  BB: 401ed9 in func 401d10 with 1 insts
    I: 401ed9 (flow 401ede)
      Successors: 401ede
  BB: 4020da in func 401d10 with 1 insts
    I: 4020da (flow 4020df)
      Successors: 4020df
  BB: 401ede in func 401d10 with 3 insts
    I: 401ede
    I: 401ee1
    I: 401ee6 (flow 402b91)
      Successors: 402b91, 401eec
  BB: 4020df in func 401d10 with 3 insts
    I: 4020df
    I: 4020e2
    I: 4020e7 (flow 4028fd)
      Successors: 4028fd, 4020ed
  BB: 4028e2 in func 401d10 with 7 insts
    I: 4028e2
    I: 4028e5
    I: 4028ea
    I: 4028ef
    I: 4028f2
    I: 4028f5
    I: 4028f8 (flow 402e67)
      Successors: 402e67
  BB: 402ce4 in func 401d10 with 4 insts
    I: 402ce4
    I: 402ce6
    I: 402cea
    I: 402ceb
      No successors
  BB: 402ae7 in func 401d10 with 22 insts
    I: 402ae7
    I: 402aee (mem 405034)
    I: 402af5
    I: 402af8 (imm 41899c)
    I: 402aff
    I: 402b01 (imm 4189a4)
    I: 402b08
    I: 402b0a
    I: 402b0c
    I: 402b0f
    I: 402b12
    I: 402b15
    I: 402b18
    I: 402b1b
    I: 402b1e
    I: 402b21
    I: 402b23
    I: 402b28
    I: 402b2d
    I: 402b30
    I: 402b33
    I: 402b36 (flow 402e67)
      Successors: 402e67
  BB: 401ffb in func 401d10 with 3 insts
    I: 401ffb
    I: 401ffe
    I: 402003 (flow 402e08)
      Successors: 402e08, 402009
  BB: 4022ea in func 401d10 with 6 insts
    I: 4022ea
    I: 4022ef
    I: 4022f4
    I: 4022fb
    I: 4022fe
    I: 402301 (flow 402e67)
      Successors: 402e67
  BB: 401eec in func 401d10 with 1 insts
    I: 401eec (flow 401ef1)
      Successors: 401ef1
  BB: 4020ed in func 401d10 with 1 insts
    I: 4020ed (flow 4020f2)
      Successors: 4020f2
  BB: 402cec in func 401d10 with 22 insts
    I: 402cec
    I: 402cef
    I: 402cf2
    I: 402cf6 (imm 405030)
    I: 402d00
    I: 402d04
    I: 402d07
    I: 402d0a
    I: 402d0d
    I: 402d10
    I: 402d14 (imm 405030)
    I: 402d1e
    I: 402d22
    I: 402d25
    I: 402d27
    I: 402d2b (imm 405030)
    I: 402d35
    I: 402d39
    I: 402d3c
    I: 402d40
    I: 402d47
    I: 402d4e (flow 402e67)
      Successors: 402e67
  BB: 401ef1 in func 401d10 with 3 insts
    I: 401ef1
    I: 401ef4
    I: 401ef9 (flow 40273f)
      Successors: 40273f, 401eff
  BB: 4020f2 in func 401d10 with 3 insts
    I: 4020f2
    I: 4020f5
    I: 4020fa (flow 4026a0)
      Successors: 402100, 4026a0
  BB: 4024f1 in func 401d10 with 21 insts
    I: 4024f1
    I: 4024f5 (disp 418980)
    I: 402500 (imm 41899c)
    I: 402507
    I: 402509 (imm 4189a4)
    I: 402510
    I: 402512
    I: 402514
    I: 402517
    I: 40251a
    I: 40251d
    I: 402520
    I: 402523
    I: 402526
    I: 402529
    I: 40252b
    I: 402530
    I: 402535
    I: 402538
    I: 40253b
    I: 40253e (flow 402e67)
      Successors: 402e67
  BB: 4026f1 in func 401d10 with 2 insts
    I: 4026f1
    I: 4026f8 (flow 402e67)
      Successors: 402e67
  BB: 4026fd in func 401d10 with 7 insts
    I: 4026fd
    I: 402700
    I: 402705
    I: 40270a
    I: 40270d
    I: 402710
    I: 402713 (flow 402e67)
      Successors: 402e67
  BB: 4028fd in func 401d10 with 19 insts
    I: 4028fd (imm 41899c)
    I: 402904
    I: 402906 (imm 4189a4)
    I: 40290d
    I: 40290f
    I: 402911
    I: 402914
    I: 402917
    I: 40291a
    I: 40291d
    I: 402920
    I: 402923
    I: 402926
    I: 402928
    I: 40292d
    I: 402932
    I: 402935
    I: 402938
    I: 40293b (flow 402e67)
      Successors: 402e67
  BB: 401eff in func 401d10 with 1 insts
    I: 401eff (flow 401f04)
      Successors: 401f04
  BB: 402100 in func 401d10 with 1 insts
    I: 402100 (flow 402105)
      Successors: 402105
  BB: 401f04 in func 401d10 with 3 insts
    I: 401f04
    I: 401f07
    I: 401f0c (flow 402273)
      Successors: 401f12, 402273
  BB: 402105 in func 401d10 with 3 insts
    I: 402105
    I: 402108
    I: 40210d (flow 402d9d)
      Successors: 402113, 402d9d
  BB: 402306 in func 401d10 with 19 insts
    I: 402306 (imm 41899c)
    I: 40230d
    I: 40230f (imm 4189a4)
    I: 402316
    I: 402318
    I: 40231a
    I: 40231d
    I: 402320
    I: 402323
    I: 402326
    I: 402329
    I: 40232c
    I: 40232f
    I: 402331
    I: 402336
    I: 40233b
    I: 40233e
    I: 402341
    I: 402344 (flow 402e67)
      Successors: 402e67
  BB: 401d10 in func 401d10 with 5 insts
    Referenced by data
    I: 401d10
    I: 401d11
    I: 401d14
    I: 401d18
    I: 401d1f
      Successors: 401d26
  BB: 401f12 in func 401d10 with 1 insts
    I: 401f12 (flow 401f17)
      Successors: 401f17
  BB: 402113 in func 401d10 with 1 insts
    I: 402113 (flow 402118)
      Successors: 402118
  BB: 401f17 in func 401d10 with 3 insts
    I: 401f17
    I: 401f1a
    I: 401f1f (flow 402d53)
      Successors: 402d53, 401f25
  BB: 402118 in func 401d10 with 3 insts
    I: 402118
    I: 40211b
    I: 402120 (flow 4027f5)
      Successors: 4027f5, 402126
  BB: 402718 in func 401d10 with 10 insts
    I: 402718
    I: 40271b
    I: 40271e
    I: 402720 (disp 418980)
    I: 402727
    I: 40272c
    I: 402731
    I: 402734
    I: 402737
    I: 40273a (flow 402e67)
      Successors: 402e67
  BB: 401f25 in func 401d10 with 1 insts
    I: 401f25 (flow 401f2a)
      Successors: 401f2a
  BB: 401d26 in func 401d10 with 4 insts
    I: 401d26
    I: 401d29
    I: 401d2c
    I: 401d31 (flow 402ae7)
      Successors: 402ae7, 401d37
  BB: 402126 in func 401d10 with 1 insts
    I: 402126 (flow 40212b)
      Successors: 40212b
  BB: 401f2a in func 401d10 with 3 insts
    I: 401f2a
    I: 401f2d
    I: 401f32 (flow 402a3e)
      Successors: 401f38, 402a3e
  BB: 40212b in func 401d10 with 3 insts
    I: 40212b
    I: 40212e
    I: 402133 (flow 402627)
      Successors: 402139, 402627
  BB: 401d37 in func 401d10 with 1 insts
    I: 401d37 (flow 401d3c)
      Successors: 401d3c
  BB: 401f38 in func 401d10 with 1 insts
    I: 401f38 (flow 401f3d)
      Successors: 401f3d
  BB: 402139 in func 401d10 with 1 insts
    I: 402139 (flow 40213e)
      Successors: 40213e
  BB: 402b3b in func 401d10 with 2 insts
    I: 402b3b
    I: 402b42 (flow 402e67)
      Successors: 402e67
  BB: 401d3c in func 401d10 with 3 insts
    I: 401d3c
    I: 401d3f
    I: 401d44 (flow 40275d)
      Successors: 401d4a, 40275d
  BB: 401f3d in func 401d10 with 3 insts
    I: 401f3d
    I: 401f40
    I: 401f45 (flow 402543)
      Successors: 402543, 401f4b
  BB: 40213e in func 401d10 with 3 insts
    I: 40213e
    I: 402141
    I: 402146 (flow 402a8c)
      Successors: 402a8c, 40214c
  BB: 40273f in func 401d10 with 7 insts
    I: 40273f
    I: 402742
    I: 402745
    I: 402747 (disp 418980)
    I: 40274e
    I: 402751
    I: 402758 (flow 402e67)
      Successors: 402e67
  BB: 402940 in func 401d10 with 32 insts
    I: 402940
    I: 402944 (imm 405030)
    I: 40294e
    I: 402952
    I: 402955
    I: 402958
    I: 40295b
    I: 40295e
    I: 402962 (imm 405030)
    I: 40296c
    I: 402970
    I: 402973
    I: 402977
    I: 40297c (imm 41899c)
    I: 402983
    I: 402985 (imm 4189a4)
    I: 40298c
    I: 40298e
    I: 402990
    I: 402993
    I: 402996
    I: 402999
    I: 40299c
    I: 40299f
    I: 4029a2
    I: 4029a5
    I: 4029a7
    I: 4029ac
    I: 4029b1
    I: 4029b4
    I: 4029b7
    I: 4029ba (flow 402e67)
      Successors: 402e67
  BB: 402543 in func 401d10 with 2 insts
    I: 402543
    I: 40254a (flow 402e67)
      Successors: 402e67
  BB: 402b47 in func 401d10 with 7 insts
    I: 402b47
    I: 402b4a
    I: 402b4f
    I: 402b54 (mem 418970)
    I: 402b5b
    I: 402b5e
    I: 402b61 (flow 402e67)
      Successors: 402e67
  BB: 402349 in func 401d10 with 39 insts
    I: 402349
    I: 40234c
    I: 40234f
    I: 402353 (imm 405030)
    I: 40235d
    I: 402361
    I: 402364
    I: 402367
    I: 40236a
    I: 40236d
    I: 402371 (imm 405030)
    I: 40237b
    I: 40237f
    I: 402382
    I: 402384
    I: 402388 (imm 405030)
    I: 402392
    I: 402396
    I: 402399
    I: 40239d
    I: 4023a4 (imm 41899c)
    I: 4023ab
    I: 4023ad (imm 4189a4)
    I: 4023b4
    I: 4023b6
    I: 4023b8
    I: 4023bb
    I: 4023be
    I: 4023c1
    I: 4023c4
    I: 4023c7
    I: 4023ca
    I: 4023cd
    I: 4023cf
    I: 4023d4
    I: 4023d9
    I: 4023dc
    I: 4023df
    I: 4023e2 (flow 402e67)
      Successors: 402e67
  BB: 401d4a in func 401d10 with 1 insts
    I: 401d4a (flow 401d4f)
      Successors: 401d4f
  BB: 401f4b in func 401d10 with 1 insts
    I: 401f4b (flow 401f50)
      Successors: 401f50
  BB: 40214c in func 401d10 with 1 insts
    I: 40214c (flow 402151)
      Successors: 402151
  BB: 401d4f in func 401d10 with 3 insts
    I: 401d4f
    I: 401d52
    I: 401d57 (flow 4022be)
      Successors: 401d5d, 4022be
  BB: 401f50 in func 401d10 with 3 insts
    I: 401f50
    I: 401f53
    I: 401f58 (flow 4022a6)
      Successors: 4022a6, 401f5e
  BB: 402151 in func 401d10 with 3 insts
    I: 402151
    I: 402154
    I: 402159 (flow 402aa4)
      Successors: 402aa4, 40215f
  BB: 40254f in func 401d10 with 5 insts
    I: 40254f
    I: 402552
    I: 402555
    I: 402558
    I: 40255f (flow 402e67)
      Successors: 402e67
  BB: 402d53 in func 401d10 with 4 insts
    I: 402d53
    I: 402d57 (disp 418980)
    I: 402d62
    I: 402d69 (flow 402e67)
      Successors: 402e67
  BB: 401d5d in func 401d10 with 1 insts
    I: 401d5d (flow 401d62)
      Successors: 401d62
  BB: 401f5e in func 401d10 with 1 insts
    I: 401f5e (flow 401f63)
      Successors: 401f63
  BB: 40215f in func 401d10 with 1 insts
    I: 40215f (flow 402164)
      Successors: 402164
  BB: 40275d in func 401d10 with 2 insts
    I: 40275d
    I: 402764 (flow 402e67)
      Successors: 402e67
  BB: 401d62 in func 401d10 with 3 insts
    I: 401d62
    I: 401d65
    I: 401d6a (flow 402cd8)
      Successors: 401d70, 402cd8
  BB: 401f63 in func 401d10 with 3 insts
    I: 401f63
    I: 401f66
    I: 401f6b (flow 402890)
      Successors: 402890, 401f71
  BB: 402164 in func 401d10 with 3 insts
    I: 402164
    I: 402167
    I: 40216c (flow 402e25)
      Successors: 402172, 402e25
  BB: 402564 in func 401d10 with 2 insts
    I: 402564
    I: 40256b (flow 402e67)
      Successors: 402e67
  BB: 402b66 in func 401d10 with 9 insts
    I: 402b66
    I: 402b6a (imm 405030)
    I: 402b74
    I: 402b78
    I: 402b7b
    I: 402b7f
    I: 402b82
    I: 402b85
    I: 402b8c (flow 402e67)
      Successors: 402e67
  BB: 402769 in func 401d10 with 5 insts
    I: 402769
    I: 40276c
    I: 40276f
    I: 402772
    I: 402779 (flow 402e67)
      Successors: 402e67
  BB: 402d6e in func 401d10 with 5 insts
    I: 402d6e
    I: 402d71
    I: 402d74
    I: 402d77
    I: 402d7e (flow 402e67)
      Successors: 402e67
  BB: 401d70 in func 401d10 with 1 insts
    I: 401d70 (flow 401d75)
      Successors: 401d75
  BB: 401f71 in func 401d10 with 1 insts
    I: 401f71 (flow 401f76)
      Successors: 401f76
  BB: 402172 in func 401d10 with 1 insts
    I: 402172 (flow 402177)
      Successors: 402177
  BB: 402570 in func 401d10 with 19 insts
    I: 402570 (imm 41899c)
    I: 402577
    I: 402579 (imm 4189a4)
    I: 402580
    I: 402582
    I: 402584
    I: 402587
    I: 40258a
    I: 40258d
    I: 402590
    I: 402593
    I: 402596
    I: 402599
    I: 40259b
    I: 4025a0
    I: 4025a5
    I: 4025a8
    I: 4025ab
    I: 4025ae (flow 402e67)
      Successors: 402e67
  BB: 401d75 in func 401d10 with 3 insts
    I: 401d75
    I: 401d78
    I: 401d7d (flow 40240c)
      Successors: 401d83, 40240c
  BB: 401f76 in func 401d10 with 3 insts
    I: 401f76
    I: 401f79
    I: 401f7e (flow 4025b3)
      Successors: 4025b3, 401f84
  BB: 402177 in func 401d10 with 3 insts
    I: 402177
    I: 40217a
    I: 40217f (flow 40254f)
      Successors: 402185, 40254f
  BB: 40277e in func 401d10 with 11 insts
    I: 40277e
    I: 402781
    I: 402785 (imm 405030)
    I: 40278f
    I: 402793
    I: 402796
    I: 40279a
    I: 40279c
    I: 40279f
    I: 4027a6
    I: 4027ad (flow 402e67)
      Successors: 402e67
  BB: 401d83 in func 401d10 with 1 insts
    I: 401d83 (flow 401d88)
      Successors: 401d88
  BB: 401f84 in func 401d10 with 1 insts
    I: 401f84 (flow 401f89)
      Successors: 401f89
  BB: 402185 in func 401d10 with 1 insts
    I: 402185 (flow 40218a)
      Successors: 40218a
  BB: 402d83 in func 401d10 with 4 insts
    I: 402d83
    I: 402d8a
    I: 402d91
    I: 402d98 (flow 402e67)
      Successors: 402e67
  BB: 401d88 in func 401d10 with 3 insts
    I: 401d88
    I: 401d8b
    I: 401d90 (flow 402564)
      Successors: 402564, 401d96
  BB: 401f89 in func 401d10 with 3 insts
    I: 401f89
    I: 401f8c
    I: 401f91 (flow 4028a5)
      Successors: 4028a5, 401f97
  BB: 40218a in func 401d10 with 3 insts
    I: 40218a
    I: 40218d
    I: 402192 (flow 402861)
      Successors: 402198, 402861
  BB: 402b91 in func 401d10 with 19 insts
    I: 402b91 (imm 41899c)
    I: 402b98
    I: 402b9a (imm 4189a4)
    I: 402ba1
    I: 402ba3
    I: 402ba5
    I: 402ba8
    I: 402bab
    I: 402bae
    I: 402bb1
    I: 402bb4
    I: 402bb7
    I: 402bba
    I: 402bbc
    I: 402bc1
    I: 402bc6
    I: 402bc9
    I: 402bcc
    I: 402bcf (flow 402e67)
      Successors: 402e67
  BB: 401d96 in func 401d10 with 1 insts
    I: 401d96 (flow 401d9b)
      Successors: 401d9b
  BB: 401f97 in func 401d10 with 1 insts
    I: 401f97 (flow 401f9c)
      Successors: 401f9c
  BB: 402198 in func 401d10 with 1 insts
    I: 402198 (flow 40219d)
      Successors: 40219d
  BB: 401d9b in func 401d10 with 3 insts
    I: 401d9b
    I: 401d9e
    I: 401da3 (flow 4026fd)
      Successors: 401da9, 4026fd
  BB: 401f9c in func 401d10 with 3 insts
    I: 401f9c
    I: 401f9f
    I: 401fa4 (flow 402ce4)
      Successors: 401faa, 402ce4
  BB: 40219d in func 401d10 with 3 insts
    I: 40219d
    I: 4021a0
    I: 4021a5 (flow 402940)
      Successors: 402940, 4021ab
  BB: 402d9d in func 401d10 with 2 insts
    I: 402d9d
    I: 402da4 (flow 402e67)
      Successors: 402e67
  BB: 401da9 in func 401d10 with 1 insts
    I: 401da9 (flow 401dae)
      Successors: 401dae
  BB: 401faa in func 401d10 with 1 insts
    I: 401faa (flow 401faf)
      Successors: 401faf
  BB: 4021ab in func 401d10 with 1 insts
    I: 4021ab (flow 4021b0)
      Successors: 4021b0
  BB: 402da9 in func 401d10 with 15 insts
    I: 402da9
    I: 402dad (imm 405030)
    I: 402db7
    I: 402dbb
    I: 402dbe
    I: 402dc1
    I: 402dc4
    I: 402dc7
    I: 402dcb (imm 405030)
    I: 402dd5
    I: 402dd9
    I: 402ddc
    I: 402de0
    I: 402de5
    I: 402dec (flow 402e67)
      Successors: 402e67
  BB: 401dae in func 401d10 with 3 insts
    I: 401dae
    I: 401db1
    I: 401db6 (flow 4029fb)
      Successors: 4029fb, 401dbc
  BB: 401faf in func 401d10 with 3 insts
    I: 401faf
    I: 401fb2
    I: 401fb7 (flow 402da9)
      Successors: 402da9, 401fbd
  BB: 4021b0 in func 401d10 with 3 insts
    I: 4021b0
    I: 4021b3
    I: 4021b8 (flow 402b47)
      Successors: 4021be, 402b47
  BB: 4027b2 in func 401d10 with 19 insts
    I: 4027b2 (imm 41899c)
    I: 4027b9
    I: 4027bb (imm 4189a4)
    I: 4027c2
    I: 4027c4
    I: 4027c6
    I: 4027c9
    I: 4027cc
    I: 4027cf
    I: 4027d2
    I: 4027d5
    I: 4027d8
    I: 4027db
    I: 4027dd
    I: 4027e2
    I: 4027e7
    I: 4027ea
    I: 4027ed
    I: 4027f0 (flow 402e67)
      Successors: 402e67
  BB: 4025b3 in func 401d10 with 27 insts
    I: 4025b3
    I: 4025b6
    I: 4025b8
    I: 4025bb
    I: 4025be
    I: 4025c1
    I: 4025c4
    I: 4025c6
    I: 4025c9 (imm 41899c)
    I: 4025d0
    I: 4025d2 (imm 4189a4)
    I: 4025d9
    I: 4025db
    I: 4025dd
    I: 4025e0
    I: 4025e3
    I: 4025e6
    I: 4025e9
    I: 4025ec
    I: 4025ef
    I: 4025f2
    I: 4025f4
    I: 4025f9
    I: 4025fe
    I: 402601
    I: 402604
    I: 402607 (flow 402e67)
      Successors: 402e67
  BB: 401dbc in func 401d10 with 1 insts
    I: 401dbc (flow 401dc1)
      Successors: 401dc1
  BB: 401fbd in func 401d10 with 1 insts
    I: 401fbd (flow 401fc2)
      Successors: 401fc2
  BB: 4021be in func 401d10 with 1 insts
    I: 4021be (flow 4021c3)
      Successors: 4021c3
  BB: 4029bf in func 401d10 with 2 insts
    I: 4029bf
    I: 4029c6 (flow 402e67)
      Successors: 402e67
  BB: 401dc1 in func 401d10 with 3 insts
    I: 401dc1
    I: 401dc4
    I: 401dc9 (flow 4023e7)
      Successors: 4023e7, 401dcf
  BB: 401fc2 in func 401d10 with 3 insts
    I: 401fc2
    I: 401fc5
    I: 401fca (flow 4027b2)
      Successors: 401fd0, 4027b2
  BB: 4021c3 in func 401d10 with 3 insts
    I: 4021c3
    I: 4021c6
    I: 4021cb (flow 4022d7)
      Successors: 4021d1, 4022d7
  BB: 4029cb in func 401d10 with 11 insts
    I: 4029cb
    I: 4029ce
    I: 4029d1
    I: 4029d4
    I: 4029d8 (imm 405030)
    I: 4029e2
    I: 4029e6
    I: 4029e9
    I: 4029ec
    I: 4029ef
    I: 4029f6 (flow 402e67)
      Successors: 402e67
  BB: 401dcf in func 401d10 with 1 insts
    I: 401dcf (flow 401dd4)
      Successors: 401dd4
  BB: 401fd0 in func 401d10 with 1 insts
    I: 401fd0 (flow 401fd5)
      Successors: 401fd5
  BB: 4021d1 in func 401d10 with 1 insts
    I: 4021d1 (flow 4021d6)
      Successors: 4021d6
  BB: 401dd4 in func 401d10 with 3 insts
    I: 401dd4
    I: 401dd7
    I: 401ddc (flow 402436)
      Successors: 401de2, 402436
  BB: 401fd5 in func 401d10 with 3 insts
    I: 401fd5
    I: 401fd8
    I: 401fdd (flow 402b3b)
      Successors: 402b3b, 401fe3
  BB: 4021d6 in func 401d10 with 3 insts
    I: 4021d6
    I: 4021d9
    I: 4021de (flow 402c81)
      Successors: 402c81, 4021e4
  BB: 402bd4 in func 401d10 with 25 insts
    I: 402bd4
    I: 402bd8 (imm 405030)
    I: 402be2
    I: 402be6
    I: 402be9
    I: 402bec
    I: 402bef (imm 41899c)
    I: 402bf6
    I: 402bf8 (imm 4189a4)
    I: 402bff
    I: 402c01
    I: 402c03
    I: 402c06
    I: 402c09
    I: 402c0c
    I: 402c0f
    I: 402c12
    I: 402c15
    I: 402c18
    I: 402c1a
    I: 402c1f
    I: 402c24
    I: 402c27
    I: 402c2a
    I: 402c2d (flow 402e67)
      Successors: 402e67
  BB: 401de2 in func 401d10 with 1 insts
    I: 401de2 (flow 401de7)
      Successors: 401de7
  BB: 401fe3 in func 401d10 with 1 insts
    I: 401fe3 (flow 401fe8)
      Successors: 401fe8
  BB: 4021e4 in func 401d10 with 1 insts
    I: 4021e4 (flow 4021e9)
      Successors: 4021e9
  BB: 401de7 in func 401d10 with 3 insts
    I: 401de7
    I: 401dea
    I: 401def (flow 4022ea)
      Successors: 4022ea, 401df5
  BB: 401fe8 in func 401d10 with 3 insts
    I: 401fe8
    I: 401feb
    I: 401ff0 (flow 4024ae)
      Successors: 4024ae, 401ff6
  BB: 4021e9 in func 401d10 with 3 insts
    I: 4021e9
    I: 4021ec
    I: 4021f1 (flow 402d83)
      Successors: 402d83, 4021f7
  BB: 4023e7 in func 401d10 with 2 insts
    I: 4023e7
    I: 4023ee (flow 402e67)
      Successors: 402e67
  BB: 402df1 in func 401d10 with 5 insts
    I: 402df1
    I: 402df4
    I: 402df7 (flow 401140)
    I: 402dfc
    I: 402e03 (flow 402e67)
      Successors: 402e67
  BB: 4023f3 in func 401d10 with 6 insts
    I: 4023f3
    I: 4023f8
    I: 4023fd
    I: 402401
    I: 402404
    I: 402407 (flow 402e67)
      Successors: 402e67
  BB: 401df5 in func 401d10 with 1 insts
    I: 401df5 (flow 401dfa)
      Successors: 401dfa
  BB: 401ff6 in func 401d10 with 1 insts
    I: 401ff6 (flow 401ffb)
      Successors: 401ffb
  BB: 4021f7 in func 401d10 with 1 insts
    I: 4021f7 (flow 4021fc)
      Successors: 4021fc
  BB: 4027f5 in func 401d10 with 24 insts
    I: 4027f5
    I: 4027f8
    I: 4027fb
    I: 4027fe
    I: 402800
    I: 402803 (imm 41899c)
    I: 40280a
    I: 40280c (imm 4189a4)
    I: 402813
    I: 402815
    I: 402817
    I: 40281a
    I: 40281d
    I: 402820
    I: 402823
    I: 402826
    I: 402829
    I: 40282c
    I: 40282e
    I: 402833
    I: 402838
    I: 40283b
    I: 40283e
    I: 402841 (flow 402e67)
      Successors: 402e67
  BB: 401dfa in func 401d10 with 3 insts
    I: 401dfa
    I: 401dfd
    I: 401e02 (flow 40246c)
      Successors: 401e08, 40246c
  BB: 4029fb in func 401d10 with 19 insts
    I: 4029fb (imm 41899c)
    I: 402a02
    I: 402a04 (imm 4189a4)
    I: 402a0b
    I: 402a0d
    I: 402a0f
    I: 402a12
    I: 402a15
    I: 402a18
    I: 402a1b
    I: 402a1e
    I: 402a21
    I: 402a24
    I: 402a26
    I: 402a2b
    I: 402a30
    I: 402a33
    I: 402a36
    I: 402a39 (flow 402e67)
      Successors: 402e67
  BB: 4021fc in func 401d10 with 3 insts
    I: 4021fc
    I: 4021ff
    I: 402204 (flow 402df1)
      Successors: 402df1, 40220a
Recovering .term_proc at 402e6c
  Analysing subroutine .term_proc at 402e6c
    Block head at 00402e79 is not code.
  Subroutine .term_proc at 402e6c has 1 blocks
  BB: 402e6c in func 402e6c with 4 insts
    I: 402e6c
    I: 402e70
    I: 402e74
    I: 402e78
      No successors
Global Variable None
WARNING: Global constructor and destructor sections are adjacent!
Recovering region LOAD [400000, 4004e8) in segment LOAD
  8-byte reference at 400018 to 401050 (start)
  8-byte reference at 4000f8 to 401000 (.init_proc)
  8-byte reference at 400130 to 403000 ()
  8-byte reference at 400168 to 404de8 ()
  8-byte reference at 400280 to 403010 ()
  8-byte reference at 4002f0 to 404de8 ()
Recovering region .init [401000, 40101b) in segment .init
Recovering region LOAD [40101b, 401020) in segment LOAD
Recovering region .plt [401020, 401050) in segment .plt
Recovering region .text [401050, 402e6c) in segment .text
Recovering region .fini [402e6c, 402e79) in segment .fini
Recovering region .rodata [403000, 40300f) in segment .rodata
  Variable aDDD at 403004
  Variable format at 40300b
Recovering region LOAD [40300f, 403010) in segment LOAD
Recovering region .eh_frame_hdr [403010, 403044) in segment .eh_frame_hdr
Recovering region LOAD [403044, 403048) in segment LOAD
Recovering region .eh_frame [403048, 4030fc) in segment .eh_frame
Recovering region LOAD [4030fc, 403140) in segment LOAD
Recovering region .init_array [404de8, 404df8) in segment .init_array
  8-byte reference at 404de8 to 401130 ()
  8-byte reference at 404df0 to 401100 ()
Recovering region LOAD [404df8, 404fd8) in segment LOAD
Recovering region .got [404fd8, 404fe8) in segment .got
  8-byte reference at 404fd8 to 4189a8 (__libc_start_main)
  8-byte reference at 404fe0 to 4189c0 (__gmon_start__)
Recovering region .got.plt [404fe8, 405010) in segment .got.plt
  8-byte reference at 405000 to 4189b0 (printf)
  8-byte reference at 405008 to 4189b8 (__isoc99_scanf)
Recovering region .data [405010, 405020) in segment .data
Recovering region .bss [405020, 4189a8) in segment .bss
Recovering extern function printf at 401030
Recovering extern function __isoc99_scanf at 401040
Recovering extern function __libc_start_main at 4189a8
Recovering extern function printf at 4189b0
Recovering extern function __isoc99_scanf at 4189b8
Recovering extern function __gmon_start__ at 4189c0
Recovered 9 functions.
Saving to: /home/ubuntu/capstone_project/result/pipeline_20260629_141746/s505746898_fla_bcf.cfg
Done analysis!
