Debugging is enabled.
Loading Standard Definitions file: /home/ubuntu/capstone_project/dependency/mcsema/mcsema/lib/python3/site-packages/mcsema_disass-3.1.3.8-py3.8.egg/mcsema_disass/defs/linux.txt
Using Batch mode.
Starting analysis
Recovering module s505746898_fla.elf
Found main at 401640
Looking for instructions in segment .init
  Default block heads for function 401000 with loose bounds [401000, 40101b)
    block [401000, 401014)
    block [401014, 401016)
    block [401016, 40101b)
    chunk [401000, 40101b)
Looking for instructions in segment .plt
  Default block heads for function 401020 with loose bounds [401020, 40102c)
    block [401020, 40102c)
    chunk [401020, 40102c)
  Default block heads for function 401030 with loose bounds [401030, 401036)
    block [401030, 401036)
    chunk [401030, 401036)
  Default block heads for function 401040 with loose bounds [401040, 401046)
    block [401040, 401046)
    chunk [401040, 401046)
Looking for instructions in segment .text
  Default block heads for function 401050 with loose bounds [401050, 401076)
    block [401050, 401076)
    chunk [401050, 401076)
  Default block heads for function 401090 with loose bounds [401090, 4010b1)
    block [401090, 40109d)
    block [40109d, 4010a7)
    block [4010a7, 4010ae)
    block [4010b0, 4010b1)
    chunk [401090, 4010b1)
  Default block heads for function 401100 with loose bounds [401100, 401121)
    block [401100, 40110d)
    block [40110d, 40111f)
    block [401120, 401121)
    chunk [401100, 401121)
  Default block heads for function 401130 with loose bounds [401130, 401136)
    block [401130, 401136)
    chunk [401130, 401136)
    chunk [4010c0, 4010f1)
  Default block heads for function 401140 with loose bounds [401140, 40163b)
    block [401140, 40115e)
    block [40115e, 40116f)
    block [40116f, 401174)
    block [401174, 401182)
    block [401182, 401187)
    block [401187, 401195)
    block [401195, 40119a)
    block [40119a, 4011a8)
    block [4011a8, 4011ad)
    block [4011ad, 4011bb)
    block [4011bb, 4011c0)
    block [4011c0, 4011ce)
    block [4011ce, 4011d3)
    block [4011d3, 4011e1)
    block [4011e1, 4011e6)
    block [4011e6, 4011f4)
    block [4011f4, 4011f9)
    block [4011f9, 401207)
    block [401207, 40120c)
    block [40120c, 40121a)
    block [40121a, 40121f)
    block [40121f, 40122d)
    block [40122d, 401232)
    block [401232, 401240)
    block [401240, 401245)
    block [401245, 401253)
    block [401253, 401258)
    block [401258, 401266)
    block [401266, 40126b)
    block [40126b, 401279)
    block [401279, 40127e)
    block [40127e, 40128c)
    block [40128c, 401291)
    block [401291, 40129f)
    block [40129f, 4012a4)
    block [4012a4, 4012b2)
    block [4012b2, 4012b7)
    block [4012b7, 4012c5)
    block [4012c5, 4012ca)
    block [4012ca, 4012d8)
    block [4012d8, 4012dd)
    block [4012dd, 4012eb)
    block [4012eb, 4012f0)
    block [4012f0, 4012fe)
    block [4012fe, 401303)
    block [401303, 401311)
    block [401311, 401316)
    block [401316, 401324)
    block [401324, 401329)
    block [401329, 40132e)
    block [40132e, 401349)
    block [401349, 401355)
    block [401355, 401385)
    block [401385, 4013aa)
    block [4013aa, 4013c0)
    block [4013c0, 4013d3)
    block [4013d3, 4013ee)
    block [4013ee, 40141f)
    block [40141f, 401495)
    block [401495, 4014a1)
    block [4014a1, 4014d1)
    block [4014d1, 4014eb)
    block [4014eb, 401504)
    block [401504, 401521)
    block [401521, 40153c)
    block [40153c, 40156f)
    block [40156f, 401581)
    block [401581, 40158d)
    block [40158d, 4015b4)
    block [4015b4, 4015ef)
    block [4015ef, 401609)
    block [401609, 401615)
    block [401615, 40162a)
    block [40162a, 401636)
    block [401636, 40163b)
    chunk [401140, 40163b)
  Default block heads for function 401640 with loose bounds [401640, 401e8f)
    block [401640, 401656)
    block [401656, 401667)
    block [401667, 40166c)
    block [40166c, 40167a)
    block [40167a, 40167f)
    block [40167f, 40168d)
    block [40168d, 401692)
    block [401692, 4016a0)
    block [4016a0, 4016a5)
    block [4016a5, 4016b3)
    block [4016b3, 4016b8)
    block [4016b8, 4016c6)
    block [4016c6, 4016cb)
    block [4016cb, 4016d9)
    block [4016d9, 4016de)
    block [4016de, 4016ec)
    block [4016ec, 4016f1)
    block [4016f1, 4016ff)
    block [4016ff, 401704)
    block [401704, 401712)
    block [401712, 401717)
    block [401717, 401725)
    block [401725, 40172a)
    block [40172a, 401738)
    block [401738, 40173d)
    block [40173d, 40174b)
    block [40174b, 401750)
    block [401750, 40175e)
    block [40175e, 401763)
    block [401763, 401771)
    block [401771, 401776)
    block [401776, 401784)
    block [401784, 401789)
    block [401789, 401797)
    block [401797, 40179c)
    block [40179c, 4017aa)
    block [4017aa, 4017af)
    block [4017af, 4017bd)
    block [4017bd, 4017c2)
    block [4017c2, 4017d0)
    block [4017d0, 4017d5)
    block [4017d5, 4017e3)
    block [4017e3, 4017e8)
    block [4017e8, 4017f6)
    block [4017f6, 4017fb)
    block [4017fb, 401809)
    block [401809, 40180e)
    block [40180e, 40181c)
    block [40181c, 401821)
    block [401821, 40182f)
    block [40182f, 401834)
    block [401834, 401842)
    block [401842, 401847)
    block [401847, 401855)
    block [401855, 40185a)
    block [40185a, 401868)
    block [401868, 40186d)
    block [40186d, 40187b)
    block [40187b, 401880)
    block [401880, 40188e)
    block [40188e, 401893)
    block [401893, 4018a1)
    block [4018a1, 4018a6)
    block [4018a6, 4018b4)
    block [4018b4, 4018b9)
    block [4018b9, 4018c7)
    block [4018c7, 4018cc)
    block [4018cc, 4018da)
    block [4018da, 4018df)
    block [4018df, 4018ed)
    block [4018ed, 4018f2)
    block [4018f2, 401900)
    block [401900, 401905)
    block [401905, 401913)
    block [401913, 401918)
    block [401918, 401926)
    block [401926, 40192b)
    block [40192b, 401939)
    block [401939, 40193e)
    block [40193e, 40194c)
    block [40194c, 401951)
    block [401951, 40195f)
    block [40195f, 401964)
    block [401964, 401969)
    block [401969, 40199c)
    block [40199c, 4019b4)
    block [4019b4, 4019cd)
    block [4019cd, 4019e0)
    block [4019e0, 4019fc)
    block [4019fc, 401a63)
    block [401a63, 401a7c)
    block [401a7c, 401aa6)
    block [401aa6, 401abb)
    block [401abb, 401ac7)
    block [401ac7, 401adc)
    block [401adc, 401b05)
    block [401b05, 401b1e)
    block [401b1e, 401b39)
    block [401b39, 401b4e)
    block [401b4e, 401b5a)
    block [401b5a, 401b7d)
    block [401b7d, 401bb3)
    block [401bb3, 401bcd)
    block [401bcd, 401be8)
    block [401be8, 401c0f)
    block [401c0f, 401c2d)
    block [401c2d, 401c39)
    block [401c39, 401c4e)
    block [401c4e, 401c82)
    block [401c82, 401c9d)
    block [401c9d, 401ccc)
    block [401ccc, 401ce1)
    block [401ce1, 401cfa)
    block [401cfa, 401d1e)
    block [401d1e, 401d39)
    block [401d39, 401d81)
    block [401d81, 401db1)
    block [401db1, 401dc8)
    block [401dc8, 401dd4)
    block [401dd4, 401df1)
    block [401df1, 401e10)
    block [401e10, 401e3b)
    block [401e3b, 401e62)
    block [401e62, 401e82)
    block [401e82, 401e8a)
    block [401e8a, 401e8f)
    chunk [401640, 401e8f)
Looking for instructions in segment .fini
  Default block heads for function 401e90 with loose bounds [401e90, 401e9d)
    block [401e90, 401e9d)
    chunk [401e90, 401e9d)
Looking for strings in segment .rodata [402000, 40200f)
  Found string b'%d%d%d' of length 7 at 402004, jumping to 40200b
  Found string b'%d\n' of length 4 at 40200b, jumping to 40200f
Looking for strings in segment .eh_frame_hdr [402010, 402044)
Looking for strings in segment .eh_frame [402048, 4020fc)
Looking for strings in segment .init_array [403de8, 403df0)
Looking for strings in segment .fini_array [403df0, 403df8)
Looking for strings in segment .got [403fd8, 403fe8)
Looking for strings in segment .got.plt [403fe8, 404010)
Looking for strings in segment .data [404010, 404020)
Looking for strings in segment .bss [404020, 417998)
Looking for strings in segment extern [417998, 4179b8)
Looking for cross-references in segment .init [401000, 40101b)
Looking for cross-references in segment .plt [401020, 401050)
  Stopping scan at 40102c
Looking for cross-references in segment .text [401050, 401e8f)
  Stopping scan at 40107c
  Stopping scan at 40108c
  Stopping scan at ffffffffffffffff
  Stopping scan at 4010bc
  Stopping scan at 4010fc
  Stopping scan at ffffffffffffffff
  Stopping scan at 40112c
  Stopping scan at 40113c
  Stopping scan at 40163c
Looking for cross-references in segment .fini [401e90, 401e9d)
Looking for cross-references in segment .rodata [402000, 40200f)
  Found string at 402004, jumping to 40200b
  Found string at 40200b, jumping to 40200f
  Stopping scan at 40200b
Looking for cross-references in segment .eh_frame_hdr [402010, 402044)
  Stopping scan at 402040
Looking for cross-references in segment .eh_frame [402048, 4020fc)
  Stopping scan at 4020f8
Looking for cross-references in segment .init_array [403de8, 403df0)
  Adding qword reference from 403de8 to 401130
  Stopping scan at 403de8
Looking for cross-references in segment .fini_array [403df0, 403df8)
  Adding qword reference from 403df0 to 401100
  Stopping scan at 403df0
Looking for cross-references in segment .got [403fd8, 403fe8)
  Adding qword reference from 403fd8 to 417998
  Adding qword reference from 403fe0 to 4179b0
  Stopping scan at 403fe0
Looking for cross-references in segment .got.plt [403fe8, 404010)
  Adding qword reference from 404000 to 4179a0
  Adding qword reference from 404008 to 4179a8
  Stopping scan at 404008
Looking for cross-references in segment .data [404010, 404020)
  Stopping scan at 40401c
Looking for cross-references in segment .bss [404020, 417998)
  Stopping scan at 417994
Looking for cross-references in segment extern [417998, 4179b8)
  Stopping scan at 4179b4
Looking for thunks
  Found thunk for printf targeting 4179a0 at 401030
  Found thunk for __isoc99_scanf targeting 4179a8 at 401040
Looking for external symbols
  Function at 401030 is the external function printf
  Function at 401040 is the external function __isoc99_scanf
  Function at 417998 is the external function __libc_start_main
  Function at 4179a0 is the external function printf
  Function at 4179a8 is the external function __isoc99_scanf
  Function at 4179b0 is the external function __gmon_start__
Looking for entrypoints
Recovering .init_proc at 401000
  Analysing subroutine .init_proc at 401000
    Block head at 0040101b is not code.
  Subroutine .init_proc at 401000 has 3 blocks
  BB: 401000 in func 401000 with 5 insts
    Referenced by data
    I: 401000
    I: 401004
    I: 401008 (mem 403fe0)
    I: 40100f
    I: 401012 (flow 401016)
      Successors: 401014, 401016
  BB: 401014 in func 401000 with 1 insts
    I: 401014
      Successors: 401016
  BB: 401016 in func 401000 with 2 insts
    I: 401016
    I: 40101a
      No successors
Recovering 401020
  Analysing subroutine sub_401020 at 401020
  WARNING: No table entries for indirect jump at 401026; Adding next_ea 40102c as successor.
  Subroutine sub_401020 at 401020 has 2 blocks
  WARNING: No table entries for indirect jump at 401026; Adding next_ea 40102c as successor.
  BB: 401020 in func 401020 with 2 insts
    I: 401020 (mem 403ff0)
    I: 401026 (mem 403ff8)
      Successors: 40102c
  BB: 40102c in func 401020 with 1 insts
    I: 40102c
      No successors
Recovering start at 401050
  Analysing subroutine start at 401050
  Subroutine start at 401050 has 3 blocks
  BB: 401050 in func 401050 with 13 insts
    Referenced by data
    I: 401050
    I: 401054
    I: 401056
    I: 401059
    I: 40105a
    I: 40105d
    I: 401061
    I: 401062
    I: 401063
    I: 401066
    I: 401068 (imm 401640)
    I: 40106f (mem 403fd8)
    I: 401075
      No successors
  BB: 401085 in func 401050 with 2 insts
    I: 401085
    I: 40108f
      No successors
  BB: 401076 in func 401050 with 3 insts
    I: 401076
    I: 401080
    I: 401084
      No successors
Recovering 401090
  Analysing subroutine sub_401090 at 401090
  WARNING: No table entries for indirect jump at 4010ac; Adding next_ea 4010ae as successor.
  WARNING: No table entries for indirect jump at 4010ee; Adding next_ea 4010f0 as successor.
  Subroutine sub_401090 at 401090 has 11 blocks
  BB: 4010c0 in func 401090 with 8 insts
    I: 4010c0 (imm 404020)
    I: 4010c5 (imm 404020)
    I: 4010cc
    I: 4010cf
    I: 4010d3
    I: 4010d7
    I: 4010da
    I: 4010dd (flow 4010f0)
      Successors: 4010f0, 4010df
  WARNING: No table entries for indirect jump at 4010ac; Adding next_ea 4010ae as successor.
  BB: 4010a7 in func 401090 with 2 insts
    I: 4010a7 (imm 404020)
    I: 4010ac
      Successors: 4010ae
  WARNING: No table entries for indirect jump at 4010ee; Adding next_ea 4010f0 as successor.
  BB: 4010e9 in func 401090 with 2 insts
    I: 4010e9 (imm 404020)
    I: 4010ee
      Successors: 4010f0
  BB: 4010ae in func 401090 with 1 insts
    I: 4010ae
      Successors: 4010b0
  BB: 401090 in func 401090 with 3 insts
    I: 401090 (imm 404020)
    I: 401095 (imm 404020)
    I: 40109b (flow 4010b0)
      Successors: 4010b0, 40109d
  BB: 4010b0 in func 401090 with 1 insts
    I: 4010b0
      No successors
  BB: 4010b1 in func 401090 with 2 insts
    I: 4010b1
    I: 4010b5
      Successors: 4010c0
  BB: 4010f0 in func 401090 with 1 insts
    I: 4010f0
      No successors
  BB: 4010f1 in func 401090 with 2 insts
    I: 4010f1
    I: 4010f5
      No successors
  BB: 40109d in func 401090 with 3 insts
    I: 40109d
    I: 4010a2
    I: 4010a5 (flow 4010b0)
      Successors: 4010b0, 4010a7
  BB: 4010df in func 401090 with 3 insts
    I: 4010df
    I: 4010e4
    I: 4010e7 (flow 4010f0)
      Successors: 4010f0, 4010e9
Recovering 401100
  Analysing subroutine sub_401100 at 401100
  Subroutine sub_401100 at 401100 has 5 blocks
  BB: 401100 in func 401100 with 3 insts
    Referenced by data
    I: 401100
    I: 401104 (mem 404020)
    I: 40110b (flow 401120)
      Successors: 401120, 40110d
  BB: 401121 in func 401100 with 2 insts
    I: 401121
    I: 401125
      No successors
  BB: 401120 in func 401100 with 1 insts
    I: 401120
      No successors
  BB: 40110d in func 401100 with 6 insts
    I: 40110d
    I: 40110e
    I: 401111 (flow 401090)
    I: 401116 (mem 404020)
    I: 40111d
    I: 40111e
      No successors
  BB: 40111f in func 401100 with 1 insts
    I: 40111f
      Successors: 401120
Recovering 401130
  Analysing subroutine sub_401130 at 401130
  WARNING: No table entries for indirect jump at 4010ee; Adding next_ea 4010f0 as successor.
  Subroutine sub_401130 at 401130 has 6 blocks
  BB: 4010c0 in func 401130 with 8 insts
    I: 4010c0 (imm 404020)
    I: 4010c5 (imm 404020)
    I: 4010cc
    I: 4010cf
    I: 4010d3
    I: 4010d7
    I: 4010da
    I: 4010dd (flow 4010f0)
      Successors: 4010f0, 4010df
  WARNING: No table entries for indirect jump at 4010ee; Adding next_ea 4010f0 as successor.
  BB: 4010e9 in func 401130 with 2 insts
    I: 4010e9 (imm 404020)
    I: 4010ee
      Successors: 4010f0
  BB: 401130 in func 401130 with 2 insts
    Referenced by data
    I: 401130
    I: 401134 (flow 4010c0)
      Successors: 4010c0
  BB: 4010f0 in func 401130 with 1 insts
    I: 4010f0
      No successors
  BB: 401136 in func 401130 with 1 insts
    I: 401136
      No successors
  BB: 4010df in func 401130 with 3 insts
    I: 4010df
    I: 4010e4
    I: 4010e7 (flow 4010f0)
      Successors: 4010f0, 4010e9
Recovering 401140
  Analysing subroutine sub_401140 at 401140
  Subroutine sub_401140 at 401140 has 76 blocks
  BB: 401581 in func 401140 with 2 insts
    I: 401581
    I: 401588 (flow 401636)
      Successors: 401636
  BB: 401182 in func 401140 with 1 insts
    I: 401182 (flow 401187)
      Successors: 401187
  BB: 401303 in func 401140 with 3 insts
    I: 401303
    I: 401306
    I: 40130b (flow 401615)
      Successors: 401311, 401615
  BB: 401504 in func 401140 with 5 insts
    I: 401504
    I: 40150b (mem 404034)
    I: 401512
    I: 401515
    I: 40151c (flow 401636)
      Successors: 401636
  BB: 401385 in func 401140 with 9 insts
    I: 401385
    I: 401388
    I: 40138b
    I: 40138e
    I: 401393
    I: 401398 (mem 417970)
    I: 40139f
    I: 4013a2
    I: 4013a5 (flow 401636)
      Successors: 401636
  BB: 401187 in func 401140 with 3 insts
    I: 401187
    I: 40118a
    I: 40118f (flow 40156f)
      Successors: 401195, 40156f
  BB: 401207 in func 401140 with 1 insts
    I: 401207 (flow 40120c)
      Successors: 40120c
  BB: 401609 in func 401140 with 2 insts
    I: 401609
    I: 401610 (flow 401636)
      Successors: 401636
  BB: 40127e in func 401140 with 3 insts
    I: 40127e
    I: 401281
    I: 401286 (flow 401521)
      Successors: 401521, 40128c
  BB: 40120c in func 401140 with 3 insts
    I: 40120c
    I: 40120f
    I: 401214 (flow 4014d1)
      Successors: 4014d1, 40121a
  BB: 40128c in func 401140 with 1 insts
    I: 40128c (flow 401291)
      Successors: 401291
  BB: 40158d in func 401140 with 8 insts
    I: 40158d
    I: 401591 (imm 404030)
    I: 40159b
    I: 40159f
    I: 4015a2
    I: 4015a5
    I: 4015a8
    I: 4015af (flow 401636)
      Successors: 401636
  BB: 401291 in func 401140 with 3 insts
    I: 401291
    I: 401294
    I: 401299 (flow 40153c)
      Successors: 40153c, 40129f
  BB: 401311 in func 401140 with 1 insts
    I: 401311 (flow 401316)
      Successors: 401316
  BB: 401195 in func 401140 with 1 insts
    I: 401195 (flow 40119a)
      Successors: 40119a
  BB: 401316 in func 401140 with 3 insts
    I: 401316
    I: 401319
    I: 40131e (flow 40158d)
      Successors: 401324, 40158d
  BB: 401495 in func 401140 with 2 insts
    I: 401495
    I: 40149c (flow 401636)
      Successors: 401636
  BB: 401615 in func 401140 with 5 insts
    I: 401615
    I: 401618
    I: 40161b
    I: 40161e
    I: 401625 (flow 401636)
      Successors: 401636
  BB: 40119a in func 401140 with 3 insts
    I: 40119a
    I: 40119d
    I: 4011a2 (flow 401385)
      Successors: 4011a8, 401385
  BB: 40121a in func 401140 with 1 insts
    I: 40121a (flow 40121f)
      Successors: 40121f
  BB: 40121f in func 401140 with 3 insts
    I: 40121f
    I: 401222
    I: 401227 (flow 4013d3)
      Successors: 4013d3, 40122d
  BB: 40129f in func 401140 with 1 insts
    I: 40129f (flow 4012a4)
      Successors: 4012a4
  BB: 40141f in func 401140 with 26 insts
    I: 40141f
    I: 401423 (imm 404030)
    I: 40142d
    I: 401431
    I: 401434
    I: 401436
    I: 401439
    I: 40143d (imm 404030)
    I: 401447
    I: 40144b
    I: 40144e
    I: 401451
    I: 401454
    I: 401457
    I: 40145b (imm 404030)
    I: 401465
    I: 401469
    I: 40146c
    I: 40146f
    I: 401472
    I: 401476 (imm 404030)
    I: 401480
    I: 401484
    I: 401487
    I: 401489
    I: 401490 (flow 401636)
      Successors: 401636
  BB: 4014a1 in func 401140 with 11 insts
    I: 4014a1
    I: 4014a4
    I: 4014a7
    I: 4014aa
    I: 4014ae (imm 404030)
    I: 4014b8
    I: 4014bc
    I: 4014bf
    I: 4014c2
    I: 4014c5
    I: 4014cc (flow 401636)
      Successors: 401636
  BB: 401521 in func 401140 with 7 insts
    I: 401521
    I: 401524
    I: 401529
    I: 40152e
    I: 401531
    I: 401534
    I: 401537 (flow 401636)
      Successors: 401636
  BB: 4012a4 in func 401140 with 3 insts
    I: 4012a4
    I: 4012a7
    I: 4012ac (flow 40132e)
      Successors: 4012b2, 40132e
  BB: 401324 in func 401140 with 1 insts
    I: 401324 (flow 401329)
      Successors: 401329
  BB: 4011a8 in func 401140 with 1 insts
    I: 4011a8 (flow 4011ad)
      Successors: 4011ad
  BB: 401329 in func 401140 with 1 insts
    I: 401329 (flow 401636)
      Successors: 401636
  BB: 4013aa in func 401140 with 4 insts
    I: 4013aa (mem 417970)
    I: 4013b1
    I: 4013b4
    I: 4013bb (flow 401636)
      Successors: 401636
  BB: 40162a in func 401140 with 4 insts
    I: 40162a
    I: 40162d (mem 417970)
    I: 401634
    I: 401635
      No successors
  BB: 4011ad in func 401140 with 3 insts
    I: 4011ad
    I: 4011b0
    I: 4011b5 (flow 4013ee)
      Successors: 4011bb, 4013ee
  BB: 40122d in func 401140 with 1 insts
    I: 40122d (flow 401232)
      Successors: 401232
  BB: 40132e in func 401140 with 7 insts
    I: 40132e
    I: 401331
    I: 401336
    I: 40133b
    I: 40133e
    I: 401341
    I: 401344 (flow 401636)
      Successors: 401636
  BB: 401232 in func 401140 with 3 insts
    I: 401232
    I: 401235
    I: 40123a (flow 401581)
      Successors: 401240, 401581
  BB: 4012b2 in func 401140 with 1 insts
    I: 4012b2 (flow 4012b7)
      Successors: 4012b7
  BB: 4015b4 in func 401140 with 13 insts
    I: 4015b4
    I: 4015b8 (imm 404030)
    I: 4015c2
    I: 4015c6
    I: 4015c9
    I: 4015cc
    I: 4015d0 (disp 417980)
    I: 4015d7
    I: 4015dc
    I: 4015e1
    I: 4015e4
    I: 4015e7
    I: 4015ea (flow 401636)
      Successors: 401636
  BB: 401636 in func 401140 with 1 insts
    I: 401636 (flow 40115e)
      Successors: 40115e
  BB: 4012b7 in func 401140 with 3 insts
    I: 4012b7
    I: 4012ba
    I: 4012bf (flow 401495)
      Successors: 4012c5, 401495
  BB: 40163b in func 401140 with 1 insts
    I: 40163b
      No successors
  BB: 40153c in func 401140 with 11 insts
    I: 40153c
    I: 401540 (imm 404030)
    I: 40154a
    I: 40154e
    I: 401551
    I: 401555
    I: 40155a
    I: 40155f
    I: 401564
    I: 401567
    I: 40156a (flow 401636)
      Successors: 401636
  BB: 4011bb in func 401140 with 1 insts
    I: 4011bb (flow 4011c0)
      Successors: 4011c0
  BB: 401140 in func 401140 with 8 insts
    I: 401140
    I: 401141
    I: 401144
    I: 401147
    I: 40114a
    I: 40114d
    I: 401150
    I: 401157
      Successors: 40115e
  BB: 401240 in func 401140 with 1 insts
    I: 401240 (flow 401245)
      Successors: 401245
  BB: 4011c0 in func 401140 with 3 insts
    I: 4011c0
    I: 4011c3
    I: 4011c8 (flow 4015b4)
      Successors: 4015b4, 4011ce
  BB: 4013c0 in func 401140 with 3 insts
    I: 4013c0
    I: 4013c7
    I: 4013ce (flow 401636)
      Successors: 401636
  BB: 401245 in func 401140 with 3 insts
    I: 401245
    I: 401248
    I: 40124d (flow 401609)
      Successors: 401609, 401253
  BB: 4012c5 in func 401140 with 1 insts
    I: 4012c5 (flow 4012ca)
      Successors: 4012ca
  BB: 401349 in func 401140 with 2 insts
    I: 401349
    I: 401350 (flow 401636)
      Successors: 401636
  BB: 4012ca in func 401140 with 3 insts
    I: 4012ca
    I: 4012cd
    I: 4012d2 (flow 40162a)
      Successors: 4012d8, 40162a
  BB: 4011ce in func 401140 with 1 insts
    I: 4011ce (flow 4011d3)
      Successors: 4011d3
  BB: 4014d1 in func 401140 with 4 insts
    I: 4014d1
    I: 4014d8
    I: 4014df
    I: 4014e6 (flow 401636)
      Successors: 401636
  BB: 401253 in func 401140 with 1 insts
    I: 401253 (flow 401258)
      Successors: 401258
  BB: 4011d3 in func 401140 with 3 insts
    I: 4011d3
    I: 4011d6
    I: 4011db (flow 4013c0)
      Successors: 4013c0, 4011e1
  BB: 401355 in func 401140 with 11 insts
    I: 401355
    I: 401358
    I: 40135b
    I: 40135e
    I: 401362 (imm 404030)
    I: 40136c
    I: 401370
    I: 401373
    I: 401376
    I: 401379
    I: 401380 (flow 401636)
      Successors: 401636
  BB: 4013d3 in func 401140 with 7 insts
    I: 4013d3
    I: 4013d6
    I: 4013db
    I: 4013e0
    I: 4013e3
    I: 4013e6
    I: 4013e9 (flow 401636)
      Successors: 401636
  BB: 401258 in func 401140 with 3 insts
    I: 401258
    I: 40125b
    I: 401260 (flow 4013aa)
      Successors: 4013aa, 401266
  BB: 4012d8 in func 401140 with 1 insts
    I: 4012d8 (flow 4012dd)
      Successors: 4012dd
  BB: 4012dd in func 401140 with 3 insts
    I: 4012dd
    I: 4012e0
    I: 4012e5 (flow 401349)
      Successors: 401349, 4012eb
  BB: 40115e in func 401140 with 4 insts
    I: 40115e
    I: 401161
    I: 401164
    I: 401169 (flow 4014eb)
      Successors: 4014eb, 40116f
  BB: 4011e1 in func 401140 with 1 insts
    I: 4011e1 (flow 4011e6)
      Successors: 4011e6
  BB: 401266 in func 401140 with 1 insts
    I: 401266 (flow 40126b)
      Successors: 40126b
  BB: 4011e6 in func 401140 with 3 insts
    I: 4011e6
    I: 4011e9
    I: 4011ee (flow 4014a1)
      Successors: 4014a1, 4011f4
  BB: 40126b in func 401140 with 3 insts
    I: 40126b
    I: 40126e
    I: 401273 (flow 401504)
      Successors: 401279, 401504
  BB: 4012eb in func 401140 with 1 insts
    I: 4012eb (flow 4012f0)
      Successors: 4012f0
  BB: 4014eb in func 401140 with 6 insts
    I: 4014eb
    I: 4014f0
    I: 4014f5
    I: 4014f9
    I: 4014fc
    I: 4014ff (flow 401636)
      Successors: 401636
  BB: 4013ee in func 401140 with 11 insts
    I: 4013ee
    I: 4013f2 (imm 404030)
    I: 4013fc
    I: 401400
    I: 401403
    I: 401407
    I: 40140c
    I: 401411
    I: 401414
    I: 401417
    I: 40141a (flow 401636)
      Successors: 401636
  BB: 40116f in func 401140 with 1 insts
    I: 40116f (flow 401174)
      Successors: 401174
  BB: 40156f in func 401140 with 4 insts
    I: 40156f
    I: 401572
    I: 401575
    I: 40157c (flow 401636)
      Successors: 401636
  BB: 4015ef in func 401140 with 5 insts
    I: 4015ef
    I: 4015f3 (disp 417980)
    I: 4015fa
    I: 4015fd
    I: 401604 (flow 401636)
      Successors: 401636
  BB: 4012f0 in func 401140 with 3 insts
    I: 4012f0
    I: 4012f3
    I: 4012f8 (flow 40141f)
      Successors: 4012fe, 40141f
  BB: 4011f9 in func 401140 with 3 insts
    I: 4011f9
    I: 4011fc
    I: 401201 (flow 4015ef)
      Successors: 4015ef, 401207
  BB: 401174 in func 401140 with 3 insts
    I: 401174
    I: 401177
    I: 40117c (flow 401355)
      Successors: 401182, 401355
  BB: 4011f4 in func 401140 with 1 insts
    I: 4011f4 (flow 4011f9)
      Successors: 4011f9
  BB: 401279 in func 401140 with 1 insts
    I: 401279 (flow 40127e)
      Successors: 40127e
  BB: 4012fe in func 401140 with 1 insts
    I: 4012fe (flow 401303)
      Successors: 401303
Recovering main at 401640
  Analysing subroutine main at 401640
    Block head at 00401e8f is not code.
  Subroutine main at 401640 has 126 blocks
  BB: 401809 in func 401640 with 1 insts
    I: 401809 (flow 40180e)
      Successors: 40180e
  BB: 40180e in func 401640 with 3 insts
    I: 40180e
    I: 401811
    I: 401816 (flow 401b5a)
      Successors: 401b5a, 40181c
  BB: 401c0f in func 401640 with 7 insts
    I: 401c0f
    I: 401c12
    I: 401c15
    I: 401c17 (disp 417980)
    I: 401c1e
    I: 401c21
    I: 401c28 (flow 401e8a)
      Successors: 401e8a
  BB: 401e10 in func 401640 with 9 insts
    I: 401e10
    I: 401e14 (imm 404030)
    I: 401e1e
    I: 401e22
    I: 401e25
    I: 401e29
    I: 401e2c
    I: 401e2f
    I: 401e36 (flow 401e8a)
      Successors: 401e8a
  BB: 40181c in func 401640 with 1 insts
    I: 40181c (flow 401821)
      Successors: 401821
  BB: 401821 in func 401640 with 3 insts
    I: 401821
    I: 401824
    I: 401829 (flow 401b05)
      Successors: 401b05, 40182f
  BB: 401c2d in func 401640 with 2 insts
    I: 401c2d
    I: 401c34 (flow 401e8a)
      Successors: 401e8a
  BB: 40182f in func 401640 with 1 insts
    I: 40182f (flow 401834)
      Successors: 401834
  BB: 401834 in func 401640 with 3 insts
    I: 401834
    I: 401837
    I: 40183c (flow 401df1)
      Successors: 401df1, 401842
  BB: 401c39 in func 401640 with 5 insts
    I: 401c39
    I: 401c3c
    I: 401c3f
    I: 401c42
    I: 401c49 (flow 401e8a)
      Successors: 401e8a
  BB: 401e3b in func 401640 with 8 insts
    I: 401e3b
    I: 401e3f (imm 404030)
    I: 401e49
    I: 401e4d
    I: 401e50
    I: 401e53
    I: 401e56
    I: 401e5d (flow 401e8a)
      Successors: 401e8a
  BB: 401640 in func 401640 with 5 insts
    Referenced by data
    I: 401640
    I: 401641
    I: 401644
    I: 401648
    I: 40164f
      Successors: 401656
  BB: 401842 in func 401640 with 1 insts
    I: 401842 (flow 401847)
      Successors: 401847
  BB: 401847 in func 401640 with 3 insts
    I: 401847
    I: 40184a
    I: 40184f (flow 401d81)
      Successors: 401d81, 401855
  BB: 401c4e in func 401640 with 11 insts
    I: 401c4e
    I: 401c51
    I: 401c55 (imm 404030)
    I: 401c5f
    I: 401c63
    I: 401c66
    I: 401c6a
    I: 401c6c
    I: 401c6f
    I: 401c76
    I: 401c7d (flow 401e8a)
      Successors: 401e8a
  BB: 401855 in func 401640 with 1 insts
    I: 401855 (flow 40185a)
      Successors: 40185a
  BB: 401656 in func 401640 with 4 insts
    I: 401656
    I: 401659
    I: 40165c
    I: 401661 (flow 401b39)
      Successors: 401b39, 401667
  BB: 40185a in func 401640 with 3 insts
    I: 40185a
    I: 40185d
    I: 401862 (flow 401bcd)
      Successors: 401868, 401bcd
  BB: 401e62 in func 401640 with 6 insts
    I: 401e62
    I: 401e65 (imm 40200b)
    I: 401e6f
    I: 401e71 (flow 4179a0)
    I: 401e76
    I: 401e7d (flow 401e8a)
      Successors: 401e8a
  BB: 401a63 in func 401640 with 6 insts
    I: 401a63
    I: 401a68
    I: 401a6d
    I: 401a71
    I: 401a74
    I: 401a77 (flow 401e8a)
      Successors: 401e8a
  BB: 401667 in func 401640 with 1 insts
    I: 401667 (flow 40166c)
      Successors: 40166c
  BB: 401868 in func 401640 with 1 insts
    I: 401868 (flow 40186d)
      Successors: 40186d
  BB: 40166c in func 401640 with 3 insts
    I: 40166c
    I: 40166f
    I: 401674 (flow 401a7c)
      Successors: 40167a, 401a7c
  BB: 40186d in func 401640 with 3 insts
    I: 40186d
    I: 401870
    I: 401875 (flow 401d39)
      Successors: 401d39, 40187b
  BB: 40167a in func 401640 with 1 insts
    I: 40167a (flow 40167f)
      Successors: 40167f
  BB: 40187b in func 401640 with 1 insts
    I: 40187b (flow 401880)
      Successors: 401880
  BB: 401a7c in func 401640 with 8 insts
    I: 401a7c
    I: 401a80 (imm 404030)
    I: 401a8a
    I: 401a8e
    I: 401a91
    I: 401a95
    I: 401a9a
    I: 401aa1 (flow 401e8a)
      Successors: 401e8a
  BB: 40167f in func 401640 with 3 insts
    I: 40167f
    I: 401682
    I: 401687 (flow 401e3b)
      Successors: 401e3b, 40168d
  BB: 401880 in func 401640 with 3 insts
    I: 401880
    I: 401883
    I: 401888 (flow 401b7d)
      Successors: 401b7d, 40188e
  BB: 401c82 in func 401640 with 7 insts
    I: 401c82
    I: 401c85
    I: 401c8a
    I: 401c8f
    I: 401c92
    I: 401c95
    I: 401c98 (flow 401e8a)
      Successors: 401e8a
  BB: 401e82 in func 401640 with 4 insts
    I: 401e82
    I: 401e84
    I: 401e88
    I: 401e89
      No successors
  BB: 401e8a in func 401640 with 1 insts
    I: 401e8a (flow 401656)
      Successors: 401656
  BB: 40168d in func 401640 with 1 insts
    I: 40168d (flow 401692)
      Successors: 401692
  BB: 40188e in func 401640 with 1 insts
    I: 40188e (flow 401893)
      Successors: 401893
  BB: 401692 in func 401640 with 3 insts
    I: 401692
    I: 401695
    I: 40169a (flow 401e82)
      Successors: 4016a0, 401e82
  BB: 401893 in func 401640 with 3 insts
    I: 401893
    I: 401896
    I: 40189b (flow 401ccc)
      Successors: 4018a1, 401ccc
  BB: 401c9d in func 401640 with 10 insts
    I: 401c9d
    I: 401ca1 (imm 404030)
    I: 401cab
    I: 401caf
    I: 401cb2
    I: 401cb5
    I: 401cb8
    I: 401cbb
    I: 401cc0
    I: 401cc7 (flow 401e8a)
      Successors: 401e8a
  BB: 4016a0 in func 401640 with 1 insts
    I: 4016a0 (flow 4016a5)
      Successors: 4016a5
  BB: 4018a1 in func 401640 with 1 insts
    I: 4018a1 (flow 4018a6)
      Successors: 4018a6
  BB: 4016a5 in func 401640 with 3 insts
    I: 4016a5
    I: 4016a8
    I: 4016ad (flow 401969)
      Successors: 401969, 4016b3
  BB: 4018a6 in func 401640 with 3 insts
    I: 4018a6
    I: 4018a9
    I: 4018ae (flow 401ac7)
      Successors: 4018b4, 401ac7
  BB: 401aa6 in func 401640 with 5 insts
    I: 401aa6
    I: 401aa9
    I: 401aac
    I: 401aaf
    I: 401ab6 (flow 401e8a)
      Successors: 401e8a
  BB: 4016b3 in func 401640 with 1 insts
    I: 4016b3 (flow 4016b8)
      Successors: 4016b8
  BB: 4018b4 in func 401640 with 1 insts
    I: 4018b4 (flow 4018b9)
      Successors: 4018b9
  BB: 4016b8 in func 401640 with 3 insts
    I: 4016b8
    I: 4016bb
    I: 4016c0 (flow 401be8)
      Successors: 401be8, 4016c6
  BB: 4018b9 in func 401640 with 3 insts
    I: 4018b9
    I: 4018bc
    I: 4018c1 (flow 40199c)
      Successors: 40199c, 4018c7
  BB: 401abb in func 401640 with 2 insts
    I: 401abb
    I: 401ac2 (flow 401e8a)
      Successors: 401e8a
  BB: 4016c6 in func 401640 with 1 insts
    I: 4016c6 (flow 4016cb)
      Successors: 4016cb
  BB: 4018c7 in func 401640 with 1 insts
    I: 4018c7 (flow 4018cc)
      Successors: 4018cc
  BB: 401ac7 in func 401640 with 5 insts
    I: 401ac7
    I: 401aca
    I: 401acd
    I: 401ad0
    I: 401ad7 (flow 401e8a)
      Successors: 401e8a
  BB: 4016cb in func 401640 with 3 insts
    I: 4016cb
    I: 4016ce
    I: 4016d3 (flow 4019fc)
      Successors: 4016d9, 4019fc
  BB: 4018cc in func 401640 with 3 insts
    I: 4018cc
    I: 4018cf
    I: 4018d4 (flow 4019e0)
      Successors: 4019e0, 4018da
  BB: 401ccc in func 401640 with 5 insts
    I: 401ccc
    I: 401ccf
    I: 401cd2
    I: 401cd5
    I: 401cdc (flow 401e8a)
      Successors: 401e8a
  BB: 4016d9 in func 401640 with 1 insts
    I: 4016d9 (flow 4016de)
      Successors: 4016de
  BB: 4018da in func 401640 with 1 insts
    I: 4018da (flow 4018df)
      Successors: 4018df
  BB: 401adc in func 401640 with 5 insts
    I: 401adc (mem 404034)
    I: 401ae7 (mem 417970)
    I: 401af2
    I: 401af9
    I: 401b00 (flow 401e8a)
      Successors: 401e8a
  BB: 4016de in func 401640 with 3 insts
    I: 4016de
    I: 4016e1
    I: 4016e6 (flow 401c9d)
      Successors: 4016ec, 401c9d
  BB: 4018df in func 401640 with 3 insts
    I: 4018df
    I: 4018e2
    I: 4018e7 (flow 401c82)
      Successors: 401c82, 4018ed
  BB: 401ce1 in func 401640 with 5 insts
    I: 401ce1
    I: 401ce4
    I: 401ce9 (flow 401140)
    I: 401cee
    I: 401cf5 (flow 401e8a)
      Successors: 401e8a
  BB: 4016ec in func 401640 with 1 insts
    I: 4016ec (flow 4016f1)
      Successors: 4016f1
  BB: 4018ed in func 401640 with 1 insts
    I: 4018ed (flow 4018f2)
      Successors: 4018f2
  BB: 4016f1 in func 401640 with 3 insts
    I: 4016f1
    I: 4016f4
    I: 4016f9 (flow 401c39)
      Successors: 401c39, 4016ff
  BB: 4018f2 in func 401640 with 3 insts
    I: 4018f2
    I: 4018f5
    I: 4018fa (flow 401c2d)
      Successors: 401900, 401c2d
  BB: 401cfa in func 401640 with 7 insts
    I: 401cfa
    I: 401cfe (disp 417980)
    I: 401d05
    I: 401d08
    I: 401d0b
    I: 401d12
    I: 401d19 (flow 401e8a)
      Successors: 401e8a
  BB: 4016ff in func 401640 with 1 insts
    I: 4016ff (flow 401704)
      Successors: 401704
  BB: 401900 in func 401640 with 1 insts
    I: 401900 (flow 401905)
      Successors: 401905
  BB: 401704 in func 401640 with 3 insts
    I: 401704
    I: 401707
    I: 40170c (flow 401b1e)
      Successors: 401712, 401b1e
  BB: 401905 in func 401640 with 3 insts
    I: 401905
    I: 401908
    I: 40190d (flow 4019cd)
      Successors: 401913, 4019cd
  BB: 401b05 in func 401640 with 6 insts
    I: 401b05
    I: 401b0a
    I: 401b0f
    I: 401b13
    I: 401b16
    I: 401b19 (flow 401e8a)
      Successors: 401e8a
  BB: 401712 in func 401640 with 1 insts
    I: 401712 (flow 401717)
      Successors: 401717
  BB: 401913 in func 401640 with 1 insts
    I: 401913 (flow 401918)
      Successors: 401918
  BB: 401717 in func 401640 with 3 insts
    I: 401717
    I: 40171a
    I: 40171f (flow 401e10)
      Successors: 401e10, 401725
  BB: 401918 in func 401640 with 3 insts
    I: 401918
    I: 40191b
    I: 401920 (flow 401c4e)
      Successors: 401c4e, 401926
  BB: 401b1e in func 401640 with 4 insts
    I: 401b1e
    I: 401b22 (disp 417980)
    I: 401b2d
    I: 401b34 (flow 401e8a)
      Successors: 401e8a
  BB: 401d1e in func 401640 with 7 insts
    I: 401d1e
    I: 401d21
    I: 401d26
    I: 401d2b
    I: 401d2e
    I: 401d31
    I: 401d34 (flow 401e8a)
      Successors: 401e8a
  BB: 401725 in func 401640 with 1 insts
    I: 401725 (flow 40172a)
      Successors: 40172a
  BB: 401926 in func 401640 with 1 insts
    I: 401926 (flow 40192b)
      Successors: 40192b
  BB: 40172a in func 401640 with 3 insts
    I: 40172a
    I: 40172d
    I: 401732 (flow 401b4e)
      Successors: 401738, 401b4e
  BB: 40192b in func 401640 with 3 insts
    I: 40192b
    I: 40192e
    I: 401933 (flow 401bb3)
      Successors: 401939, 401bb3
  BB: 401738 in func 401640 with 1 insts
    I: 401738 (flow 40173d)
      Successors: 40173d
  BB: 401939 in func 401640 with 1 insts
    I: 401939 (flow 40193e)
      Successors: 40193e
  BB: 401b39 in func 401640 with 5 insts
    I: 401b39
    I: 401b3c
    I: 401b3f
    I: 401b42
    I: 401b49 (flow 401e8a)
      Successors: 401e8a
  BB: 401d39 in func 401640 with 15 insts
    I: 401d39
    I: 401d3d (imm 404030)
    I: 401d47
    I: 401d4b
    I: 401d4e
    I: 401d51
    I: 401d54
    I: 401d57
    I: 401d5b (imm 404030)
    I: 401d65
    I: 401d69
    I: 401d6c
    I: 401d70
    I: 401d75
    I: 401d7c (flow 401e8a)
      Successors: 401e8a
  BB: 40173d in func 401640 with 3 insts
    I: 40173d
    I: 401740
    I: 401745 (flow 401aa6)
      Successors: 40174b, 401aa6
  BB: 40193e in func 401640 with 3 insts
    I: 40193e
    I: 401941
    I: 401946 (flow 401ce1)
      Successors: 401ce1, 40194c
  BB: 40174b in func 401640 with 1 insts
    I: 40174b (flow 401750)
      Successors: 401750
  BB: 40194c in func 401640 with 1 insts
    I: 40194c (flow 401951)
      Successors: 401951
  BB: 401b4e in func 401640 with 2 insts
    I: 401b4e
    I: 401b55 (flow 401e8a)
      Successors: 401e8a
  BB: 401750 in func 401640 with 3 insts
    I: 401750
    I: 401753
    I: 401758 (flow 401e62)
      Successors: 401e62, 40175e
  BB: 401951 in func 401640 with 3 insts
    I: 401951
    I: 401954
    I: 401959 (flow 401cfa)
      Successors: 401cfa, 40195f
  BB: 401b5a in func 401640 with 10 insts
    I: 401b5a
    I: 401b5d
    I: 401b5f
    I: 401b62
    I: 401b65
    I: 401b6a
    I: 401b6f
    I: 401b72
    I: 401b75
    I: 401b78 (flow 401e8a)
      Successors: 401e8a
  BB: 40175e in func 401640 with 1 insts
    I: 40175e (flow 401763)
      Successors: 401763
  BB: 40195f in func 401640 with 1 insts
    I: 40195f (flow 401964)
      Successors: 401964
  BB: 401763 in func 401640 with 3 insts
    I: 401763
    I: 401766
    I: 40176b (flow 401abb)
      Successors: 401771, 401abb
  BB: 401964 in func 401640 with 1 insts
    I: 401964 (flow 401e8a)
      Successors: 401e8a
  BB: 401969 in func 401640 with 12 insts
    I: 401969 (imm 402008)
    I: 401973
    I: 401977
    I: 401979 (flow 4179a8)
    I: 40197e
    I: 401980
    I: 401985
    I: 40198a
    I: 40198d
    I: 401990
    I: 401993
    I: 401997 (flow 401e8a)
      Successors: 401e8a
  BB: 401771 in func 401640 with 1 insts
    I: 401771 (flow 401776)
      Successors: 401776
  BB: 401776 in func 401640 with 3 insts
    I: 401776
    I: 401779
    I: 40177e (flow 401db1)
      Successors: 401db1, 401784
  BB: 401b7d in func 401640 with 12 insts
    I: 401b7d (imm 402004)
    I: 401b87
    I: 401b8b
    I: 401b8f
    I: 401b93
    I: 401b95 (flow 4179a8)
    I: 401b9a
    I: 401b9f
    I: 401ba4
    I: 401ba8
    I: 401bab
    I: 401bae (flow 401e8a)
      Successors: 401e8a
  BB: 401d81 in func 401640 with 11 insts
    I: 401d81
    I: 401d84
    I: 401d87
    I: 401d8a
    I: 401d8e (imm 404030)
    I: 401d98
    I: 401d9c
    I: 401d9f
    I: 401da2
    I: 401da5
    I: 401dac (flow 401e8a)
      Successors: 401e8a
  BB: 401784 in func 401640 with 1 insts
    I: 401784 (flow 401789)
      Successors: 401789
  BB: 401789 in func 401640 with 3 insts
    I: 401789
    I: 40178c
    I: 401791 (flow 401d1e)
      Successors: 401d1e, 401797
  BB: 401797 in func 401640 with 1 insts
    I: 401797 (flow 40179c)
      Successors: 40179c
  BB: 40179c in func 401640 with 3 insts
    I: 40179c
    I: 40179f
    I: 4017a4 (flow 4019b4)
      Successors: 4017aa, 4019b4
  BB: 40199c in func 401640 with 6 insts
    I: 40199c
    I: 4019a0
    I: 4019a3
    I: 4019aa
    I: 4019ac
    I: 4019af (flow 401e8a)
      Successors: 401e8a
  BB: 4017aa in func 401640 with 1 insts
    I: 4017aa (flow 4017af)
      Successors: 4017af
  BB: 4017af in func 401640 with 3 insts
    I: 4017af
    I: 4017b2
    I: 4017b7 (flow 401dc8)
      Successors: 401dc8, 4017bd
  BB: 401db1 in func 401640 with 5 insts
    I: 401db1
    I: 401db4
    I: 401db7 (flow 401140)
    I: 401dbc
    I: 401dc3 (flow 401e8a)
      Successors: 401e8a
  BB: 401bb3 in func 401640 with 4 insts
    I: 401bb3
    I: 401bba
    I: 401bc1
    I: 401bc8 (flow 401e8a)
      Successors: 401e8a
  BB: 4019b4 in func 401640 with 6 insts
    I: 4019b4
    I: 4019b9
    I: 4019be
    I: 4019c2
    I: 4019c5
    I: 4019c8 (flow 401e8a)
      Successors: 401e8a
  BB: 4017bd in func 401640 with 1 insts
    I: 4017bd (flow 4017c2)
      Successors: 4017c2
  BB: 4017c2 in func 401640 with 3 insts
    I: 4017c2
    I: 4017c5
    I: 4017ca (flow 401c0f)
      Successors: 4017d0, 401c0f
  BB: 401dc8 in func 401640 with 2 insts
    I: 401dc8
    I: 401dcf (flow 401e8a)
      Successors: 401e8a
  BB: 4019cd in func 401640 with 3 insts
    I: 4019cd
    I: 4019d4
    I: 4019db (flow 401e8a)
      Successors: 401e8a
  BB: 401bcd in func 401640 with 7 insts
    I: 401bcd
    I: 401bd0
    I: 401bd5
    I: 401bda
    I: 401bdd
    I: 401be0
    I: 401be3 (flow 401e8a)
      Successors: 401e8a
  BB: 4017d0 in func 401640 with 1 insts
    I: 4017d0 (flow 4017d5)
      Successors: 4017d5
  BB: 401dd4 in func 401640 with 5 insts
    I: 401dd4
    I: 401ddb (mem 404034)
    I: 401de2
    I: 401de5
    I: 401dec (flow 401e8a)
      Successors: 401e8a
  BB: 4017d5 in func 401640 with 3 insts
    I: 4017d5
    I: 4017d8
    I: 4017dd (flow 401dd4)
      Successors: 4017e3, 401dd4
  BB: 4019e0 in func 401640 with 6 insts
    I: 4019e0
    I: 4019e5
    I: 4019ea
    I: 4019f1
    I: 4019f4
    I: 4019f7 (flow 401e8a)
      Successors: 401e8a
  BB: 4017e3 in func 401640 with 1 insts
    I: 4017e3 (flow 4017e8)
      Successors: 4017e8
  BB: 4017e8 in func 401640 with 3 insts
    I: 4017e8
    I: 4017eb
    I: 4017f0 (flow 401adc)
      Successors: 401adc, 4017f6
  BB: 401be8 in func 401640 with 10 insts
    I: 401be8
    I: 401beb
    I: 401bee
    I: 401bf0 (disp 417980)
    I: 401bf7
    I: 401bfc
    I: 401c01
    I: 401c04
    I: 401c07
    I: 401c0a (flow 401e8a)
      Successors: 401e8a
  BB: 401df1 in func 401640 with 7 insts
    I: 401df1
    I: 401df4
    I: 401df9
    I: 401dfe (mem 417970)
    I: 401e05
    I: 401e08
    I: 401e0b (flow 401e8a)
      Successors: 401e8a
  BB: 4017f6 in func 401640 with 1 insts
    I: 4017f6 (flow 4017fb)
      Successors: 4017fb
  BB: 4017fb in func 401640 with 3 insts
    I: 4017fb
    I: 4017fe
    I: 401803 (flow 401a63)
      Successors: 401809, 401a63
  BB: 4019fc in func 401640 with 22 insts
    I: 4019fc
    I: 4019ff
    I: 401a02
    I: 401a06 (imm 404030)
    I: 401a10
    I: 401a14
    I: 401a17
    I: 401a1a
    I: 401a1d
    I: 401a20
    I: 401a24 (imm 404030)
    I: 401a2e
    I: 401a32
    I: 401a35
    I: 401a37
    I: 401a3b (imm 404030)
    I: 401a45
    I: 401a49
    I: 401a4c
    I: 401a50
    I: 401a57
    I: 401a5e (flow 401e8a)
      Successors: 401e8a
Recovering .term_proc at 401e90
  Analysing subroutine .term_proc at 401e90
    Block head at 00401e9d is not code.
  Subroutine .term_proc at 401e90 has 1 blocks
  BB: 401e90 in func 401e90 with 4 insts
    I: 401e90
    I: 401e94
    I: 401e98
    I: 401e9c
      No successors
Global Variable None
WARNING: Global constructor and destructor sections are adjacent!
Recovering region LOAD [400000, 4004e8) in segment LOAD
  8-byte reference at 400018 to 401050 (start)
  8-byte reference at 4000f8 to 401000 (.init_proc)
  8-byte reference at 400130 to 402000 ()
  8-byte reference at 400168 to 403de8 ()
  8-byte reference at 400280 to 402010 ()
  8-byte reference at 4002f0 to 403de8 ()
Recovering region .init [401000, 40101b) in segment .init
Recovering region LOAD [40101b, 401020) in segment LOAD
Recovering region .plt [401020, 401050) in segment .plt
Recovering region .text [401050, 401e8f) in segment .text
Recovering region LOAD [401e8f, 401e90) in segment LOAD
Recovering region .fini [401e90, 401e9d) in segment .fini
Recovering region .rodata [402000, 40200f) in segment .rodata
  Variable aDDD at 402004
  Variable format at 40200b
Recovering region LOAD [40200f, 402010) in segment LOAD
Recovering region .eh_frame_hdr [402010, 402044) in segment .eh_frame_hdr
Recovering region LOAD [402044, 402048) in segment LOAD
Recovering region .eh_frame [402048, 4020fc) in segment .eh_frame
Recovering region LOAD [4020fc, 402140) in segment LOAD
Recovering region .init_array [403de8, 403df8) in segment .init_array
  8-byte reference at 403de8 to 401130 ()
  8-byte reference at 403df0 to 401100 ()
Recovering region LOAD [403df8, 403fd8) in segment LOAD
Recovering region .got [403fd8, 403fe8) in segment .got
  8-byte reference at 403fd8 to 417998 (__libc_start_main)
  8-byte reference at 403fe0 to 4179b0 (__gmon_start__)
Recovering region .got.plt [403fe8, 404010) in segment .got.plt
  8-byte reference at 404000 to 4179a0 (printf)
  8-byte reference at 404008 to 4179a8 (__isoc99_scanf)
Recovering region .data [404010, 404020) in segment .data
Recovering region .bss [404020, 417998) in segment .bss
Recovering extern function printf at 401030
Recovering extern function __isoc99_scanf at 401040
Recovering extern function __libc_start_main at 417998
Recovering extern function printf at 4179a0
Recovering extern function __isoc99_scanf at 4179a8
Recovering extern function __gmon_start__ at 4179b0
Recovered 9 functions.
Saving to: /home/ubuntu/capstone_project/result/pipeline_20260629_141746/s505746898_fla.cfg
Done analysis!
