Debugging is enabled.
Loading Standard Definitions file: /home/ubuntu/capstone_project/dependency/mcsema/mcsema/lib/python3/site-packages/mcsema_disass-3.1.3.8-py3.8.egg/mcsema_disass/defs/linux.txt
Using Batch mode.
Starting analysis
Recovering module s505746898_bcf.elf
Found main at 401770
Looking for instructions in segment .init
  Default block heads for function 401000 with loose bounds [401000, 40101b)
    block [401000, 401014)
    block [401014, 401016)
    block [401016, 40101b)
    chunk [401000, 40101b)
Looking for instructions in segment .plt
  Default block heads for function 401020 with loose bounds [401020, 40102c)
    block [401020, 40102c)
    chunk [401020, 40102c)
  Default block heads for function 401030 with loose bounds [401030, 401036)
    block [401030, 401036)
    chunk [401030, 401036)
  Default block heads for function 401040 with loose bounds [401040, 401046)
    block [401040, 401046)
    chunk [401040, 401046)
Looking for instructions in segment .text
  Default block heads for function 401050 with loose bounds [401050, 401076)
    block [401050, 401076)
    chunk [401050, 401076)
  Default block heads for function 401090 with loose bounds [401090, 4010b1)
    block [401090, 40109d)
    block [40109d, 4010a7)
    block [4010a7, 4010ae)
    block [4010b0, 4010b1)
    chunk [401090, 4010b1)
  Default block heads for function 401100 with loose bounds [401100, 401121)
    block [401100, 40110d)
    block [40110d, 40111f)
    block [401120, 401121)
    chunk [401100, 401121)
  Default block heads for function 401130 with loose bounds [401130, 401136)
    block [401130, 401136)
    chunk [401130, 401136)
    chunk [4010c0, 4010f1)
  Default block heads for function 401140 with loose bounds [401140, 401769)
    block [401140, 401157)
    block [401157, 401163)
    block [401163, 401168)
    block [401168, 401191)
    block [401191, 4011a7)
    block [4011a7, 4011b1)
    block [4011b1, 4011e4)
    block [4011e4, 4011e9)
    block [4011e9, 401223)
    block [401223, 401228)
    block [401228, 40122d)
    block [40122d, 401260)
    block [401260, 401265)
    block [401265, 4012a4)
    block [4012a4, 4012a9)
    block [4012a9, 4012b4)
    block [4012b4, 4012b9)
    block [4012b9, 4012db)
    block [4012db, 401345)
    block [401345, 401378)
    block [401378, 40137d)
    block [40137d, 4013b0)
    block [4013b0, 4013b5)
    block [4013b5, 4013ba)
    block [4013ba, 4013e3)
    block [4013e3, 4013f1)
    block [4013f1, 401424)
    block [401424, 401429)
    block [401429, 401466)
    block [401466, 40146b)
    block [40146b, 401476)
    block [401476, 40147b)
    block [40147b, 4014ae)
    block [4014ae, 4014b3)
    block [4014b3, 4014f7)
    block [4014f7, 4014fc)
    block [4014fc, 401501)
    block [401501, 40150d)
    block [40150d, 401531)
    block [401531, 401537)
    block [401537, 40153c)
    block [40153c, 40156f)
    block [40156f, 401574)
    block [401574, 4015c2)
    block [4015c2, 4015c7)
    block [4015c7, 4015cc)
    block [4015cc, 4015f8)
    block [4015f8, 401606)
    block [401606, 401639)
    block [401639, 40163e)
    block [40163e, 401671)
    block [401671, 401676)
    block [401676, 40167b)
    block [40167b, 4016ae)
    block [4016ae, 4016b3)
    block [4016b3, 4016ef)
    block [4016ef, 4016f4)
    block [4016f4, 4016f9)
    block [4016f9, 401705)
    block [401705, 401711)
    block [401711, 401716)
    block [401716, 40171b)
    block [40171b, 401720)
    block [401720, 401736)
    block [401736, 401756)
    block [401756, 40175b)
    block [40175b, 401769)
    chunk [401140, 401769)
  Default block heads for function 401770 with loose bounds [401770, 402291)
    block [401770, 4017ab)
    block [4017ab, 4017b0)
    block [4017b0, 401871)
    block [401871, 401876)
    block [401876, 40187b)
    block [40187b, 4018a0)
    block [4018a0, 4018ad)
    block [4018ad, 4018e6)
    block [4018e6, 4018eb)
    block [4018eb, 40191e)
    block [40191e, 401923)
    block [401923, 40192e)
    block [40192e, 401933)
    block [401933, 40193d)
    block [40193d, 40194d)
    block [40194d, 4019aa)
    block [4019aa, 4019b7)
    block [4019b7, 4019eb)
    block [4019eb, 4019f0)
    block [4019f0, 401a00)
    block [401a00, 401a20)
    block [401a20, 401a2d)
    block [401a2d, 401a72)
    block [401a72, 401a77)
    block [401a77, 401ab5)
    block [401ab5, 401aba)
    block [401aba, 401abf)
    block [401abf, 401af2)
    block [401af2, 401af7)
    block [401af7, 401b2a)
    block [401b2a, 401b2f)
    block [401b2f, 401b34)
    block [401b34, 401b4a)
    block [401b4a, 401b74)
    block [401b74, 401ba7)
    block [401ba7, 401bac)
    block [401bac, 401bf3)
    block [401bf3, 401bf8)
    block [401bf8, 401bfd)
    block [401bfd, 401c0f)
    block [401c0f, 401c30)
    block [401c30, 401c4c)
    block [401c4c, 401c7f)
    block [401c7f, 401c84)
    block [401c84, 401cb7)
    block [401cb7, 401cbc)
    block [401cbc, 401cc1)
    block [401cc1, 401cd1)
    block [401cd1, 401d02)
    block [401d02, 401d35)
    block [401d35, 401d3a)
    block [401d3a, 401d7f)
    block [401d7f, 401d84)
    block [401d84, 401d8f)
    block [401d8f, 401d94)
    block [401d94, 401dd0)
    block [401dd0, 401de5)
    block [401de5, 401e18)
    block [401e18, 401e1d)
    block [401e1d, 401e74)
    block [401e74, 401e79)
    block [401e79, 401e7e)
    block [401e7e, 401e90)
    block [401e90, 401ec3)
    block [401ec3, 401ec8)
    block [401ec8, 401f3f)
    block [401f3f, 401f44)
    block [401f44, 401f49)
    block [401f49, 401f7c)
    block [401f7c, 401f81)
    block [401f81, 401fdc)
    block [401fdc, 401fe1)
    block [401fe1, 401fe6)
    block [401fe6, 401ff7)
    block [401ff7, 401ffc)
    block [401ffc, 402013)
    block [402013, 402046)
    block [402046, 40204b)
    block [40204b, 402091)
    block [402091, 402096)
    block [402096, 4020a1)
    block [4020a1, 4020a6)
    block [4020a6, 4020ec)
    block [4020ec, 40211f)
    block [40211f, 402124)
    block [402124, 40216e)
    block [40216e, 402173)
    block [402173, 402178)
    block [402178, 40217f)
    block [40217f, 402194)
    block [402194, 402199)
    block [402199, 4021a9)
    block [4021a9, 4021ae)
    block [4021ae, 4021c7)
    block [4021c7, 4021cc)
    block [4021cc, 4021d1)
    block [4021d1, 4021fa)
    block [4021fa, 402243)
    block [402243, 402270)
    block [402270, 402275)
    block [402275, 402291)
    chunk [401770, 402291)
Looking for instructions in segment .fini
  Default block heads for function 402294 with loose bounds [402294, 4022a1)
    block [402294, 4022a1)
    chunk [402294, 4022a1)
Looking for strings in segment .rodata [403000, 40300f)
  Found string b'%d%d%d' of length 7 at 403004, jumping to 40300b
  Found string b'%d\n' of length 4 at 40300b, jumping to 40300f
Looking for strings in segment .eh_frame_hdr [403010, 403044)
Looking for strings in segment .eh_frame [403048, 4030fc)
Looking for strings in segment .init_array [404de8, 404df0)
Looking for strings in segment .fini_array [404df0, 404df8)
Looking for strings in segment .got [404fd8, 404fe8)
Looking for strings in segment .got.plt [404fe8, 405010)
Looking for strings in segment .data [405010, 405020)
Looking for strings in segment .bss [405020, 4189a8)
Looking for strings in segment extern [4189a8, 4189c8)
Looking for cross-references in segment .init [401000, 40101b)
Looking for cross-references in segment .plt [401020, 401050)
  Stopping scan at 40102c
Looking for cross-references in segment .text [401050, 402291)
  Stopping scan at 40107c
  Stopping scan at 40108c
  Stopping scan at ffffffffffffffff
  Stopping scan at 4010bc
  Stopping scan at 4010fc
  Stopping scan at ffffffffffffffff
  Stopping scan at 40112c
  Stopping scan at 40113c
  Stopping scan at 40176c
Looking for cross-references in segment .fini [402294, 4022a1)
Looking for cross-references in segment .rodata [403000, 40300f)
  Found string at 403004, jumping to 40300b
  Found string at 40300b, jumping to 40300f
  Stopping scan at 40300b
Looking for cross-references in segment .eh_frame_hdr [403010, 403044)
  Stopping scan at 403040
Looking for cross-references in segment .eh_frame [403048, 4030fc)
  Stopping scan at 4030f8
Looking for cross-references in segment .init_array [404de8, 404df0)
  Adding qword reference from 404de8 to 401130
  Stopping scan at 404de8
Looking for cross-references in segment .fini_array [404df0, 404df8)
  Adding qword reference from 404df0 to 401100
  Stopping scan at 404df0
Looking for cross-references in segment .got [404fd8, 404fe8)
  Adding qword reference from 404fd8 to 4189a8
  Adding qword reference from 404fe0 to 4189c0
  Stopping scan at 404fe0
Looking for cross-references in segment .got.plt [404fe8, 405010)
  Adding qword reference from 405000 to 4189b0
  Adding qword reference from 405008 to 4189b8
  Stopping scan at 405008
Looking for cross-references in segment .data [405010, 405020)
  Stopping scan at 40501c
Looking for cross-references in segment .bss [405020, 4189a8)
  Stopping scan at 4189a4
Looking for cross-references in segment extern [4189a8, 4189c8)
  Stopping scan at 4189c4
Looking for thunks
  Found thunk for printf targeting 4189b0 at 401030
  Found thunk for __isoc99_scanf targeting 4189b8 at 401040
Looking for external symbols
  Function at 401030 is the external function printf
  Function at 401040 is the external function __isoc99_scanf
  Function at 4189a8 is the external function __libc_start_main
  Function at 4189b0 is the external function printf
  Function at 4189b8 is the external function __isoc99_scanf
  Function at 4189c0 is the external function __gmon_start__
Looking for entrypoints
Recovering .init_proc at 401000
  Analysing subroutine .init_proc at 401000
    Block head at 0040101b is not code.
  Subroutine .init_proc at 401000 has 3 blocks
  BB: 401000 in func 401000 with 5 insts
    Referenced by data
    I: 401000
    I: 401004
    I: 401008 (mem 404fe0)
    I: 40100f
    I: 401012 (flow 401016)
      Successors: 401014, 401016
  BB: 401014 in func 401000 with 1 insts
    I: 401014
      Successors: 401016
  BB: 401016 in func 401000 with 2 insts
    I: 401016
    I: 40101a
      No successors
Recovering 401020
  Analysing subroutine sub_401020 at 401020
  WARNING: No table entries for indirect jump at 401026; Adding next_ea 40102c as successor.
  Subroutine sub_401020 at 401020 has 2 blocks
  WARNING: No table entries for indirect jump at 401026; Adding next_ea 40102c as successor.
  BB: 401020 in func 401020 with 2 insts
    I: 401020 (mem 404ff0)
    I: 401026 (mem 404ff8)
      Successors: 40102c
  BB: 40102c in func 401020 with 1 insts
    I: 40102c
      No successors
Recovering start at 401050
  Analysing subroutine start at 401050
  Subroutine start at 401050 has 3 blocks
  BB: 401050 in func 401050 with 13 insts
    Referenced by data
    I: 401050
    I: 401054
    I: 401056
    I: 401059
    I: 40105a
    I: 40105d
    I: 401061
    I: 401062
    I: 401063
    I: 401066
    I: 401068 (imm 401770)
    I: 40106f (mem 404fd8)
    I: 401075
      No successors
  BB: 401085 in func 401050 with 2 insts
    I: 401085
    I: 40108f
      No successors
  BB: 401076 in func 401050 with 3 insts
    I: 401076
    I: 401080
    I: 401084
      No successors
Recovering 401090
  Analysing subroutine sub_401090 at 401090
  WARNING: No table entries for indirect jump at 4010ac; Adding next_ea 4010ae as successor.
  WARNING: No table entries for indirect jump at 4010ee; Adding next_ea 4010f0 as successor.
  Subroutine sub_401090 at 401090 has 11 blocks
  BB: 4010c0 in func 401090 with 8 insts
    I: 4010c0 (imm 405020)
    I: 4010c5 (imm 405020)
    I: 4010cc
    I: 4010cf
    I: 4010d3
    I: 4010d7
    I: 4010da
    I: 4010dd (flow 4010f0)
      Successors: 4010f0, 4010df
  WARNING: No table entries for indirect jump at 4010ac; Adding next_ea 4010ae as successor.
  BB: 4010a7 in func 401090 with 2 insts
    I: 4010a7 (imm 405020)
    I: 4010ac
      Successors: 4010ae
  WARNING: No table entries for indirect jump at 4010ee; Adding next_ea 4010f0 as successor.
  BB: 4010e9 in func 401090 with 2 insts
    I: 4010e9 (imm 405020)
    I: 4010ee
      Successors: 4010f0
  BB: 4010ae in func 401090 with 1 insts
    I: 4010ae
      Successors: 4010b0
  BB: 401090 in func 401090 with 3 insts
    I: 401090 (imm 405020)
    I: 401095 (imm 405020)
    I: 40109b (flow 4010b0)
      Successors: 4010b0, 40109d
  BB: 4010b0 in func 401090 with 1 insts
    I: 4010b0
      No successors
  BB: 4010b1 in func 401090 with 2 insts
    I: 4010b1
    I: 4010b5
      Successors: 4010c0
  BB: 4010f0 in func 401090 with 1 insts
    I: 4010f0
      No successors
  BB: 4010f1 in func 401090 with 2 insts
    I: 4010f1
    I: 4010f5
      No successors
  BB: 40109d in func 401090 with 3 insts
    I: 40109d
    I: 4010a2
    I: 4010a5 (flow 4010b0)
      Successors: 4010b0, 4010a7
  BB: 4010df in func 401090 with 3 insts
    I: 4010df
    I: 4010e4
    I: 4010e7 (flow 4010f0)
      Successors: 4010f0, 4010e9
Recovering 401100
  Analysing subroutine sub_401100 at 401100
  Subroutine sub_401100 at 401100 has 5 blocks
  BB: 401100 in func 401100 with 3 insts
    Referenced by data
    I: 401100
    I: 401104 (mem 405020)
    I: 40110b (flow 401120)
      Successors: 401120, 40110d
  BB: 401121 in func 401100 with 2 insts
    I: 401121
    I: 401125
      No successors
  BB: 401120 in func 401100 with 1 insts
    I: 401120
      No successors
  BB: 40110d in func 401100 with 6 insts
    I: 40110d
    I: 40110e
    I: 401111 (flow 401090)
    I: 401116 (mem 405020)
    I: 40111d
    I: 40111e
      No successors
  BB: 40111f in func 401100 with 1 insts
    I: 40111f
      Successors: 401120
Recovering 401130
  Analysing subroutine sub_401130 at 401130
  WARNING: No table entries for indirect jump at 4010ee; Adding next_ea 4010f0 as successor.
  Subroutine sub_401130 at 401130 has 6 blocks
  BB: 4010c0 in func 401130 with 8 insts
    I: 4010c0 (imm 405020)
    I: 4010c5 (imm 405020)
    I: 4010cc
    I: 4010cf
    I: 4010d3
    I: 4010d7
    I: 4010da
    I: 4010dd (flow 4010f0)
      Successors: 4010f0, 4010df
  WARNING: No table entries for indirect jump at 4010ee; Adding next_ea 4010f0 as successor.
  BB: 4010e9 in func 401130 with 2 insts
    I: 4010e9 (imm 405020)
    I: 4010ee
      Successors: 4010f0
  BB: 401130 in func 401130 with 2 insts
    Referenced by data
    I: 401130
    I: 401134 (flow 4010c0)
      Successors: 4010c0
  BB: 4010f0 in func 401130 with 1 insts
    I: 4010f0
      No successors
  BB: 401136 in func 401130 with 1 insts
    I: 401136
      No successors
  BB: 4010df in func 401130 with 3 insts
    I: 4010df
    I: 4010e4
    I: 4010e7 (flow 4010f0)
      Successors: 4010f0, 4010e9
Recovering 401140
  Analysing subroutine sub_401140 at 401140
  Subroutine sub_401140 at 401140 has 68 blocks
  BB: 401501 in func 401140 with 3 insts
    I: 401501
    I: 401504
    I: 401507 (flow 4015cc)
      Successors: 4015cc, 40150d
  BB: 401705 in func 401140 with 2 insts
    I: 401705
    I: 40170c (flow 4011e9)
      Successors: 4011e9
  BB: 401606 in func 401140 with 15 insts
    I: 401606 (imm 418998)
    I: 40160d
    I: 40160f (imm 4189a0)
    I: 401616
    I: 401618
    I: 40161a
    I: 40161d
    I: 401620
    I: 401623
    I: 401626
    I: 401629
    I: 40162c
    I: 40162f
    I: 401631
    I: 401633 (flow 40163e)
      Successors: 401639, 40163e
  BB: 40147b in func 401140 with 15 insts
    I: 40147b (imm 418998)
    I: 401482
    I: 401484 (imm 4189a0)
    I: 40148b
    I: 40148d
    I: 40148f
    I: 401492
    I: 401495
    I: 401498
    I: 40149b
    I: 40149e
    I: 4014a1
    I: 4014a4
    I: 4014a6
    I: 4014a8 (flow 4014b3)
      Successors: 4014b3, 4014ae
  BB: 40150d in func 401140 with 7 insts
    I: 40150d
    I: 401511 (imm 405030)
    I: 40151b
    I: 40151f
    I: 401522
    I: 401526
    I: 40152b (flow 401537)
      Successors: 401531, 401537
  BB: 401191 in func 401140 with 5 insts
    I: 401191
    I: 401194
    I: 401197
    I: 40119a (mem 418970)
    I: 4011a1 (flow 4011b1)
      Successors: 4011b1, 4011a7
  BB: 401711 in func 401140 with 1 insts
    I: 401711 (flow 401265)
      Successors: 401265
  BB: 4014fc in func 401140 with 1 insts
    I: 4014fc (flow 401501)
      Successors: 401501
  BB: 401716 in func 401140 with 1 insts
    I: 401716 (flow 40137d)
      Successors: 40137d
  BB: 40171b in func 401140 with 1 insts
    I: 40171b (flow 401429)
      Successors: 401429
  BB: 401720 in func 401140 with 4 insts
    I: 401720
    I: 401727 (mem 405034)
    I: 40172e
    I: 401731 (flow 4014b3)
      Successors: 4014b3
  BB: 401223 in func 401140 with 1 insts
    I: 401223 (flow 401705)
      Successors: 401705
  BB: 4012a4 in func 401140 with 1 insts
    I: 4012a4 (flow 401711)
      Successors: 401711
  BB: 401424 in func 401140 with 1 insts
    I: 401424 (flow 40171b)
      Successors: 40171b
  BB: 4011a7 in func 401140 with 2 insts
    I: 4011a7 (mem 418970)
    I: 4011ae
      Successors: 4011b1
  BB: 401228 in func 401140 with 1 insts
    I: 401228 (flow 40122d)
      Successors: 40122d
  BB: 4012a9 in func 401140 with 3 insts
    I: 4012a9
    I: 4012ac
    I: 4012ae (flow 4012b9)
      Successors: 4012b9, 4012b4
  BB: 401429 in func 401140 with 18 insts
    I: 401429
    I: 40142d
    I: 401430
    I: 401433 (imm 418998)
    I: 40143a
    I: 40143c (imm 4189a0)
    I: 401443
    I: 401445
    I: 401447
    I: 40144a
    I: 40144d
    I: 401450
    I: 401453
    I: 401456
    I: 401459
    I: 40145c
    I: 40145e
    I: 401460 (flow 40146b)
      Successors: 40146b, 401466
  BB: 40122d in func 401140 with 15 insts
    I: 40122d (imm 418998)
    I: 401234
    I: 401236 (imm 4189a0)
    I: 40123d
    I: 40123f
    I: 401241
    I: 401244
    I: 401247
    I: 40124a
    I: 40124d
    I: 401250
    I: 401253
    I: 401256
    I: 401258
    I: 40125a (flow 401265)
      Successors: 401260, 401265
  BB: 4014ae in func 401140 with 1 insts
    I: 4014ae (flow 401720)
      Successors: 401720
  BB: 4016ae in func 401140 with 1 insts
    I: 4016ae (flow 40175b)
      Successors: 40175b
  BB: 4013b0 in func 401140 with 1 insts
    I: 4013b0 (flow 401716)
      Successors: 401716
  BB: 4011b1 in func 401140 with 15 insts
    I: 4011b1 (imm 418998)
    I: 4011b8
    I: 4011ba (imm 4189a0)
    I: 4011c1
    I: 4011c3
    I: 4011c5
    I: 4011c8
    I: 4011cb
    I: 4011ce
    I: 4011d1
    I: 4011d4
    I: 4011d7
    I: 4011da
    I: 4011dc
    I: 4011de (flow 4011e9)
      Successors: 4011e9, 4011e4
  BB: 401531 in func 401140 with 2 insts
    I: 401531
    I: 401534
      Successors: 401537
  BB: 4014b3 in func 401140 with 18 insts
    I: 4014b3
    I: 4014ba (mem 405034)
    I: 4014c1
    I: 4014c4 (imm 418998)
    I: 4014cb
    I: 4014cd (imm 4189a0)
    I: 4014d4
    I: 4014d6
    I: 4014d8
    I: 4014db
    I: 4014de
    I: 4014e1
    I: 4014e4
    I: 4014e7
    I: 4014ea
    I: 4014ed
    I: 4014ef
    I: 4014f1 (flow 4014fc)
      Successors: 4014fc, 4014f7
  BB: 4012b4 in func 401140 with 1 insts
    I: 4012b4 (flow 4013e3)
      Successors: 4013e3
  BB: 4013b5 in func 401140 with 1 insts
    I: 4013b5 (flow 4013ba)
      Successors: 4013ba
  BB: 4016b3 in func 401140 with 18 insts
    I: 4016b3
    I: 4016b6
    I: 4016b9
    I: 4016bc (imm 418998)
    I: 4016c3
    I: 4016c5 (imm 4189a0)
    I: 4016cc
    I: 4016ce
    I: 4016d0
    I: 4016d3
    I: 4016d6
    I: 4016d9
    I: 4016dc
    I: 4016df
    I: 4016e2
    I: 4016e5
    I: 4016e7
    I: 4016e9 (flow 4016f4)
      Successors: 4016f4, 4016ef
  BB: 401537 in func 401140 with 1 insts
    I: 401537 (flow 40153c)
      Successors: 40153c
  BB: 401736 in func 401140 with 7 insts
    I: 401736
    I: 40173a (imm 405030)
    I: 401744
    I: 401748
    I: 40174b
    I: 40174e
    I: 401751 (flow 401574)
      Successors: 401574
  BB: 4012b9 in func 401140 with 7 insts
    I: 4012b9
    I: 4012bd (imm 405030)
    I: 4012c7
    I: 4012cb
    I: 4012ce
    I: 4012d2
    I: 4012d5 (flow 401345)
      Successors: 4012db, 401345
  BB: 4013ba in func 401140 with 10 insts
    I: 4013ba
    I: 4013bd
    I: 4013c0
    I: 4013c3
    I: 4013c7 (imm 405030)
    I: 4013d1
    I: 4013d5
    I: 4013d8
    I: 4013db
    I: 4013de (flow 40122d)
      Successors: 40122d
  BB: 401639 in func 401140 with 1 insts
    I: 401639 (flow 401756)
      Successors: 401756
  BB: 40153c in func 401140 with 15 insts
    I: 40153c (imm 418998)
    I: 401543
    I: 401545 (imm 4189a0)
    I: 40154c
    I: 40154e
    I: 401550
    I: 401553
    I: 401556
    I: 401559
    I: 40155c
    I: 40155f
    I: 401562
    I: 401565
    I: 401567
    I: 401569 (flow 401574)
      Successors: 401574, 40156f
  BB: 40163e in func 401140 with 15 insts
    I: 40163e (imm 418998)
    I: 401645
    I: 401647 (imm 4189a0)
    I: 40164e
    I: 401650
    I: 401652
    I: 401655
    I: 401658
    I: 40165b
    I: 40165e
    I: 401661
    I: 401664
    I: 401667
    I: 401669
    I: 40166b (flow 401676)
      Successors: 401671, 401676
  BB: 401140 in func 401140 with 7 insts
    I: 401140
    I: 401141
    I: 401144
    I: 401147
    I: 40114a
    I: 40114d
    I: 401150
      Successors: 401157
  BB: 4015c2 in func 401140 with 1 insts
    I: 4015c2 (flow 401736)
      Successors: 401736
  BB: 401345 in func 401140 with 15 insts
    I: 401345 (imm 418998)
    I: 40134c
    I: 40134e (imm 4189a0)
    I: 401355
    I: 401357
    I: 401359
    I: 40135c
    I: 40135f
    I: 401362
    I: 401365
    I: 401368
    I: 40136b
    I: 40136e
    I: 401370
    I: 401372 (flow 40137d)
      Successors: 401378, 40137d
  BB: 4015c7 in func 401140 with 1 insts
    I: 4015c7 (flow 401501)
      Successors: 401501
  BB: 4015cc in func 401140 with 9 insts
    I: 4015cc
    I: 4015d0 (imm 405030)
    I: 4015da
    I: 4015de
    I: 4015e1
    I: 4015e4
    I: 4015e8 (disp 418980)
    I: 4015ef
    I: 4015f2 (flow 401606)
      Successors: 4015f8, 401606
  BB: 401756 in func 401140 with 1 insts
    I: 401756 (flow 40163e)
      Successors: 40163e
  BB: 401157 in func 401140 with 3 insts
    I: 401157
    I: 40115a
    I: 40115d (flow 401191)
      Successors: 401191, 401163
  BB: 4012db in func 401140 with 24 insts
    I: 4012db
    I: 4012df (imm 405030)
    I: 4012e9
    I: 4012ed
    I: 4012f0
    I: 4012f2
    I: 4012f5
    I: 4012f9 (imm 405030)
    I: 401303
    I: 401307
    I: 40130a
    I: 40130d
    I: 401310
    I: 401313
    I: 401317 (imm 405030)
    I: 401321
    I: 401325
    I: 401328
    I: 40132b
    I: 40132e
    I: 401332 (imm 405030)
    I: 40133c
    I: 401340
    I: 401343
      Successors: 401345
  BB: 40175b in func 401140 with 4 insts
    I: 40175b
    I: 40175e
    I: 401761
    I: 401764 (flow 4016b3)
      Successors: 4016b3
  BB: 401260 in func 401140 with 1 insts
    I: 401260 (flow 401711)
      Successors: 401711
  BB: 401163 in func 401140 with 1 insts
    I: 401163 (flow 401168)
      Successors: 401168
  BB: 4011e4 in func 401140 with 1 insts
    I: 4011e4 (flow 401705)
      Successors: 401705
  BB: 401265 in func 401140 with 19 insts
    I: 401265
    I: 401268
    I: 40126b
    I: 40126e
    I: 401271 (imm 418998)
    I: 401278
    I: 40127a (imm 4189a0)
    I: 401281
    I: 401283
    I: 401285
    I: 401288
    I: 40128b
    I: 40128e
    I: 401291
    I: 401294
    I: 401297
    I: 40129a
    I: 40129c
    I: 40129e (flow 4012a9)
      Successors: 4012a9, 4012a4
  BB: 4013e3 in func 401140 with 2 insts
    I: 4013e3
    I: 4013ea
      Successors: 4013f1
  BB: 401466 in func 401140 with 1 insts
    I: 401466 (flow 40171b)
      Successors: 40171b
  BB: 401168 in func 401140 with 10 insts
    I: 401168
    I: 40116b
    I: 40116e
    I: 401171
    I: 401175 (imm 405030)
    I: 40117f
    I: 401183
    I: 401186
    I: 401189
    I: 40118c (flow 401157)
      Successors: 401157
  BB: 4011e9 in func 401140 with 16 insts
    I: 4011e9
    I: 4011f0 (imm 418998)
    I: 4011f7
    I: 4011f9 (imm 4189a0)
    I: 401200
    I: 401202
    I: 401204
    I: 401207
    I: 40120a
    I: 40120d
    I: 401210
    I: 401213
    I: 401216
    I: 401219
    I: 40121b
    I: 40121d (flow 401228)
      Successors: 401228, 401223
  BB: 401769 in func 401140 with 1 insts
    I: 401769
      No successors
  BB: 40146b in func 401140 with 3 insts
    I: 40146b
    I: 40146e
    I: 401470 (flow 40147b)
      Successors: 40147b, 401476
  BB: 40156f in func 401140 with 1 insts
    I: 40156f (flow 401736)
      Successors: 401736
  BB: 4016ef in func 401140 with 1 insts
    I: 4016ef (flow 40175b)
      Successors: 40175b
  BB: 4013f1 in func 401140 with 15 insts
    I: 4013f1 (imm 418998)
    I: 4013f8
    I: 4013fa (imm 4189a0)
    I: 401401
    I: 401403
    I: 401405
    I: 401408
    I: 40140b
    I: 40140e
    I: 401411
    I: 401414
    I: 401417
    I: 40141a
    I: 40141c
    I: 40141e (flow 401429)
      Successors: 401429, 401424
  BB: 401671 in func 401140 with 1 insts
    I: 401671 (flow 401756)
      Successors: 401756
  BB: 401574 in func 401140 with 21 insts
    I: 401574
    I: 401578 (imm 405030)
    I: 401582
    I: 401586
    I: 401589
    I: 40158c
    I: 40158f (imm 418998)
    I: 401596
    I: 401598 (imm 4189a0)
    I: 40159f
    I: 4015a1
    I: 4015a3
    I: 4015a6
    I: 4015a9
    I: 4015ac
    I: 4015af
    I: 4015b2
    I: 4015b5
    I: 4015b8
    I: 4015ba
    I: 4015bc (flow 4015c7)
      Successors: 4015c2, 4015c7
  BB: 4016f4 in func 401140 with 1 insts
    I: 4016f4 (flow 4013f1)
      Successors: 4013f1
  BB: 401476 in func 401140 with 1 insts
    I: 401476 (flow 4016f9)
      Successors: 4016f9
  BB: 4014f7 in func 401140 with 1 insts
    I: 4014f7 (flow 401720)
      Successors: 401720
  BB: 4015f8 in func 401140 with 3 insts
    I: 4015f8
    I: 4015fc (disp 418980)
    I: 401603
      Successors: 401606
  BB: 4016f9 in func 401140 with 4 insts
    I: 4016f9
    I: 4016fc (mem 418970)
    I: 401703
    I: 401704
      No successors
  BB: 401378 in func 401140 with 1 insts
    I: 401378 (flow 401716)
      Successors: 401716
  BB: 40167b in func 401140 with 15 insts
    I: 40167b (imm 418998)
    I: 401682
    I: 401684 (imm 4189a0)
    I: 40168b
    I: 40168d
    I: 40168f
    I: 401692
    I: 401695
    I: 401698
    I: 40169b
    I: 40169e
    I: 4016a1
    I: 4016a4
    I: 4016a6
    I: 4016a8 (flow 4016b3)
      Successors: 4016b3, 4016ae
  BB: 401676 in func 401140 with 1 insts
    I: 401676 (flow 40167b)
      Successors: 40167b
  BB: 40137d in func 401140 with 15 insts
    I: 40137d (imm 418998)
    I: 401384
    I: 401386 (imm 4189a0)
    I: 40138d
    I: 40138f
    I: 401391
    I: 401394
    I: 401397
    I: 40139a
    I: 40139d
    I: 4013a0
    I: 4013a3
    I: 4013a6
    I: 4013a8
    I: 4013aa (flow 4013b5)
      Successors: 4013b0, 4013b5
Recovering main at 401770
  Analysing subroutine main at 401770
    Block head at 00402291 is not code.
  Subroutine main at 401770 has 101 blocks
  BB: 401a00 in func 401770 with 4 insts
    I: 401a00
    I: 401a04 (mem 405034)
    I: 401a0f (mem 418970)
    I: 401a1a
      Successors: 401a20
  BB: 401c0f in func 401770 with 9 insts
    I: 401c0f
    I: 401c13
    I: 401c17
    I: 401c1b
    I: 401c1d
    I: 401c1f
    I: 401c21 (disp 418980)
    I: 401c28
    I: 401c2a (flow 401c4c)
      Successors: 401c30, 401c4c
  BB: 402013 in func 401770 with 15 insts
    I: 402013 (imm 41899c)
    I: 40201a
    I: 40201c (imm 4189a4)
    I: 402023
    I: 402025
    I: 402027
    I: 40202a
    I: 40202d
    I: 402030
    I: 402033
    I: 402036
    I: 402039
    I: 40203c
    I: 40203e
    I: 402040 (flow 40204b)
      Successors: 40204b, 402046
  BB: 401e18 in func 401770 with 1 insts
    I: 401e18 (flow 4021d1)
      Successors: 4021d1
  BB: 401e1d in func 401770 with 24 insts
    I: 401e1d
    I: 401e21
    I: 401e25
    I: 401e29
    I: 401e2d
    I: 401e30 (disp 418980)
    I: 401e37
    I: 401e39
    I: 401e3b
    I: 401e41 (imm 41899c)
    I: 401e48
    I: 401e4a (imm 4189a4)
    I: 401e51
    I: 401e53
    I: 401e55
    I: 401e58
    I: 401e5b
    I: 401e5e
    I: 401e61
    I: 401e64
    I: 401e67
    I: 401e6a
    I: 401e6c
    I: 401e6e (flow 401e79)
      Successors: 401e79, 401e74
  BB: 401a20 in func 401770 with 3 insts
    I: 401a20
    I: 401a24
    I: 401a27 (flow 401abf)
      Successors: 401a2d, 401abf
  BB: 401a2d in func 401770 with 18 insts
    I: 401a2d
    I: 401a31
    I: 401a34 (disp 418980)
    I: 401a3f (imm 41899c)
    I: 401a46
    I: 401a48 (imm 4189a4)
    I: 401a4f
    I: 401a51
    I: 401a53
    I: 401a56
    I: 401a59
    I: 401a5c
    I: 401a5f
    I: 401a62
    I: 401a65
    I: 401a68
    I: 401a6a
    I: 401a6c (flow 401a77)
      Successors: 401a72, 401a77
  BB: 401c30 in func 401770 with 8 insts
    I: 401c30
    I: 401c34
    I: 401c38
    I: 401c3c
    I: 401c3e
    I: 401c40
    I: 401c43 (disp 418980)
    I: 401c4a
      Successors: 401c4c
  BB: 402243 in func 401770 with 12 insts
    I: 402243
    I: 402247
    I: 40224b
    I: 40224d
    I: 402250
    I: 402252
    I: 402255 (imm 405030)
    I: 40225f
    I: 402263
    I: 402266
    I: 402269
    I: 40226b (flow 401f81)
      Successors: 401f81
  BB: 402046 in func 401770 with 1 insts
    I: 402046 (flow 402270)
      Successors: 402270
  BB: 40204b in func 401770 with 20 insts
    I: 40204b
    I: 40204f
    I: 402051 (mem 418970)
    I: 402058
    I: 40205b
    I: 40205e (imm 41899c)
    I: 402065
    I: 402067 (imm 4189a4)
    I: 40206e
    I: 402070
    I: 402072
    I: 402075
    I: 402078
    I: 40207b
    I: 40207e
    I: 402081
    I: 402084
    I: 402087
    I: 402089
    I: 40208b (flow 402096)
      Successors: 402091, 402096
  BB: 401c4c in func 401770 with 15 insts
    I: 401c4c (imm 41899c)
    I: 401c53
    I: 401c55 (imm 4189a4)
    I: 401c5c
    I: 401c5e
    I: 401c60
    I: 401c63
    I: 401c66
    I: 401c69
    I: 401c6c
    I: 401c6f
    I: 401c72
    I: 401c75
    I: 401c77
    I: 401c79 (flow 401c84)
      Successors: 401c84, 401c7f
  BB: 402270 in func 401770 with 1 insts
    I: 402270 (flow 40204b)
      Successors: 40204b
  BB: 401871 in func 401770 with 1 insts
    I: 401871 (flow 40217f)
      Successors: 40217f
  BB: 401a72 in func 401770 with 1 insts
    I: 401a72 (flow 402199)
      Successors: 402199
  BB: 401e74 in func 401770 with 1 insts
    I: 401e74 (flow 4021d1)
      Successors: 4021d1
  BB: 402275 in func 401770 with 6 insts
    I: 402275
    I: 402279
    I: 40227b (imm 40300b)
    I: 402285
    I: 402287 (flow 4189b0)
    I: 40228c (flow 402124)
      Successors: 402124
  BB: 401876 in func 401770 with 1 insts
    I: 401876 (flow 40187b)
      Successors: 40187b
  BB: 401a77 in func 401770 with 19 insts
    I: 401a77
    I: 401a7b
    I: 401a7d
    I: 401a80
    I: 401a82 (imm 41899c)
    I: 401a89
    I: 401a8b (imm 4189a4)
    I: 401a92
    I: 401a94
    I: 401a96
    I: 401a99
    I: 401a9c
    I: 401a9f
    I: 401aa2
    I: 401aa5
    I: 401aa8
    I: 401aab
    I: 401aad
    I: 401aaf (flow 401aba)
      Successors: 401aba, 401ab5
  BB: 401e79 in func 401770 with 1 insts
    I: 401e79 (flow 401e7e)
      Successors: 401e7e
  BB: 40187b in func 401770 with 9 insts
    I: 40187b
    I: 40187f (imm 403008)
    I: 401889
    I: 40188b (flow 4189b8)
    I: 401890
    I: 401892
    I: 401894
    I: 401897
    I: 40189a (flow 4018ad)
      Successors: 4018a0, 4018ad
  BB: 401e7e in func 401770 with 5 insts
    I: 401e7e
    I: 401e82
    I: 401e86
    I: 401e88
    I: 401e8a (flow 401fe6)
      Successors: 401e90, 401fe6
  BB: 401c7f in func 401770 with 1 insts
    I: 401c7f (flow 4021c7)
      Successors: 4021c7
  BB: 401c84 in func 401770 with 15 insts
    I: 401c84 (imm 41899c)
    I: 401c8b
    I: 401c8d (imm 4189a4)
    I: 401c94
    I: 401c96
    I: 401c98
    I: 401c9b
    I: 401c9e
    I: 401ca1
    I: 401ca4
    I: 401ca7
    I: 401caa
    I: 401cad
    I: 401caf
    I: 401cb1 (flow 401cbc)
      Successors: 401cbc, 401cb7
  BB: 401e90 in func 401770 with 15 insts
    I: 401e90 (imm 41899c)
    I: 401e97
    I: 401e99 (imm 4189a4)
    I: 401ea0
    I: 401ea2
    I: 401ea4
    I: 401ea7
    I: 401eaa
    I: 401ead
    I: 401eb0
    I: 401eb3
    I: 401eb6
    I: 401eb9
    I: 401ebb
    I: 401ebd (flow 401ec8)
      Successors: 401ec8, 401ec3
  BB: 402091 in func 401770 with 1 insts
    I: 402091 (flow 402270)
      Successors: 402270
  BB: 402096 in func 401770 with 3 insts
    I: 402096
    I: 402099
    I: 40209b (flow 4020a6)
      Successors: 4020a1, 4020a6
  BB: 4018a0 in func 401770 with 4 insts
    I: 4018a0
    I: 4018a4
    I: 4018a7
    I: 4018aa
      Successors: 4018ad
  BB: 4020a1 in func 401770 with 1 insts
    I: 4020a1 (flow 4020ec)
      Successors: 4020ec
  BB: 4020a6 in func 401770 with 17 insts
    I: 4020a6
    I: 4020aa
    I: 4020ae
    I: 4020b1 (imm 405030)
    I: 4020bb
    I: 4020bf
    I: 4020c2
    I: 4020c6
    I: 4020c8
    I: 4020ca
    I: 4020ce
    I: 4020d1 (imm 405030)
    I: 4020db
    I: 4020df
    I: 4020e2
    I: 4020e5
    I: 4020e7 (flow 402013)
      Successors: 402013
  BB: 4018ad in func 401770 with 17 insts
    I: 4018ad
    I: 4018b0
    I: 4018b3 (imm 41899c)
    I: 4018ba
    I: 4018bc (imm 4189a4)
    I: 4018c3
    I: 4018c5
    I: 4018c7
    I: 4018ca
    I: 4018cd
    I: 4018d0
    I: 4018d3
    I: 4018d6
    I: 4018d9
    I: 4018dc
    I: 4018de
    I: 4018e0 (flow 4018eb)
      Successors: 4018eb, 4018e6
  BB: 401ab5 in func 401770 with 1 insts
    I: 401ab5 (flow 402199)
      Successors: 402199
  BB: 401cb7 in func 401770 with 1 insts
    I: 401cb7 (flow 4021c7)
      Successors: 4021c7
  BB: 401aba in func 401770 with 1 insts
    I: 401aba (flow 401a20)
      Successors: 401a20
  BB: 401cbc in func 401770 with 1 insts
    I: 401cbc (flow 401cc1)
      Successors: 401cc1
  BB: 401abf in func 401770 with 15 insts
    I: 401abf (imm 41899c)
    I: 401ac6
    I: 401ac8 (imm 4189a4)
    I: 401acf
    I: 401ad1
    I: 401ad3
    I: 401ad6
    I: 401ad9
    I: 401adc
    I: 401adf
    I: 401ae2
    I: 401ae5
    I: 401ae8
    I: 401aea
    I: 401aec (flow 401af7)
      Successors: 401af2, 401af7
  BB: 401cc1 in func 401770 with 5 insts
    I: 401cc1
    I: 401cc5
    I: 401cc7
    I: 401cca
    I: 401ccc (flow 401bfd)
      Successors: 401bfd
  BB: 401ec3 in func 401770 with 1 insts
    I: 401ec3 (flow 4021fa)
      Successors: 4021fa
  BB: 401ec8 in func 401770 with 30 insts
    I: 401ec8
    I: 401ecc
    I: 401ed0
    I: 401ed3 (imm 405030)
    I: 401edd
    I: 401ee1
    I: 401ee4
    I: 401ee8
    I: 401eec
    I: 401ef0
    I: 401ef3 (imm 405030)
    I: 401efd
    I: 401f01
    I: 401f04
    I: 401f07
    I: 401f0c (imm 41899c)
    I: 401f13
    I: 401f15 (imm 4189a4)
    I: 401f1c
    I: 401f1e
    I: 401f20
    I: 401f23
    I: 401f26
    I: 401f29
    I: 401f2c
    I: 401f2f
    I: 401f32
    I: 401f35
    I: 401f37
    I: 401f39 (flow 401f44)
      Successors: 401f44, 401f3f
  BB: 401cd1 in func 401770 with 12 insts
    I: 401cd1
    I: 401cd5
    I: 401cd9
    I: 401cdd
    I: 401cdf
    I: 401ce2 (imm 405030)
    I: 401cec
    I: 401cf0
    I: 401cf3
    I: 401cf7
    I: 401cf9
    I: 401cfc
      Successors: 401d02
  BB: 4018e6 in func 401770 with 1 insts
    I: 4018e6 (flow 402194)
      Successors: 402194
  BB: 4018eb in func 401770 with 15 insts
    I: 4018eb (imm 41899c)
    I: 4018f2
    I: 4018f4 (imm 4189a4)
    I: 4018fb
    I: 4018fd
    I: 4018ff
    I: 401902
    I: 401905
    I: 401908
    I: 40190b
    I: 40190e
    I: 401911
    I: 401914
    I: 401916
    I: 401918 (flow 401923)
      Successors: 401923, 40191e
  BB: 4020ec in func 401770 with 15 insts
    I: 4020ec (imm 41899c)
    I: 4020f3
    I: 4020f5 (imm 4189a4)
    I: 4020fc
    I: 4020fe
    I: 402100
    I: 402103
    I: 402106
    I: 402109
    I: 40210c
    I: 40210f
    I: 402112
    I: 402115
    I: 402117
    I: 402119 (flow 402124)
      Successors: 402124, 40211f
  BB: 401af2 in func 401770 with 1 insts
    I: 401af2 (flow 4021a9)
      Successors: 4021a9
  BB: 401af7 in func 401770 with 15 insts
    I: 401af7 (imm 41899c)
    I: 401afe
    I: 401b00 (imm 4189a4)
    I: 401b07
    I: 401b09
    I: 401b0b
    I: 401b0e
    I: 401b11
    I: 401b14
    I: 401b17
    I: 401b1a
    I: 401b1d
    I: 401b20
    I: 401b22
    I: 401b24 (flow 401b2f)
      Successors: 401b2a, 401b2f
  BB: 401d02 in func 401770 with 15 insts
    I: 401d02 (imm 41899c)
    I: 401d09
    I: 401d0b (imm 4189a4)
    I: 401d12
    I: 401d14
    I: 401d16
    I: 401d19
    I: 401d1c
    I: 401d1f
    I: 401d22
    I: 401d25
    I: 401d28
    I: 401d2b
    I: 401d2d
    I: 401d2f (flow 401d3a)
      Successors: 401d3a, 401d35
  BB: 40191e in func 401770 with 1 insts
    I: 40191e (flow 402194)
      Successors: 402194
  BB: 40211f in func 401770 with 1 insts
    I: 40211f (flow 402275)
      Successors: 402275
  BB: 401923 in func 401770 with 3 insts
    I: 401923
    I: 401926
    I: 401928 (flow 401933)
      Successors: 401933, 40192e
  BB: 402124 in func 401770 with 20 insts
    I: 402124
    I: 402128
    I: 40212a (imm 40300b)
    I: 402134
    I: 402136 (flow 4189b0)
    I: 40213b (imm 41899c)
    I: 402142
    I: 402144 (imm 4189a4)
    I: 40214b
    I: 40214d
    I: 40214f
    I: 402152
    I: 402155
    I: 402158
    I: 40215b
    I: 40215e
    I: 402161
    I: 402164
    I: 402166
    I: 402168 (flow 402173)
      Successors: 402173, 40216e
  BB: 401b2a in func 401770 with 1 insts
    I: 401b2a (flow 4021a9)
      Successors: 4021a9
  BB: 40192e in func 401770 with 1 insts
    I: 40192e (flow 402178)
      Successors: 402178
  BB: 401b2f in func 401770 with 1 insts
    I: 401b2f (flow 401b34)
      Successors: 401b34
  BB: 401933 in func 401770 with 2 insts
    I: 401933
    I: 401937
      Successors: 40193d
  BB: 401b34 in func 401770 with 7 insts
    I: 401b34
    I: 401b38
    I: 401b3a
    I: 401b3c
    I: 401b3f
    I: 401b41
    I: 401b44 (flow 401ffc)
      Successors: 401b4a, 401ffc
  BB: 401d35 in func 401770 with 1 insts
    I: 401d35 (flow 4021cc)
      Successors: 4021cc
  BB: 401d3a in func 401770 with 21 insts
    I: 401d3a
    I: 401d3e
    I: 401d42
    I: 401d44
    I: 401d46
    I: 401d49
    I: 401d4c (imm 41899c)
    I: 401d53
    I: 401d55 (imm 4189a4)
    I: 401d5c
    I: 401d5e
    I: 401d60
    I: 401d63
    I: 401d66
    I: 401d69
    I: 401d6c
    I: 401d6f
    I: 401d72
    I: 401d75
    I: 401d77
    I: 401d79 (flow 401d84)
      Successors: 401d84, 401d7f
  BB: 40193d in func 401770 with 3 insts
    I: 40193d
    I: 401941
    I: 401947 (flow 401a00)
      Successors: 401a00, 40194d
  BB: 401f3f in func 401770 with 1 insts
    I: 401f3f (flow 4021fa)
      Successors: 4021fa
  BB: 401f44 in func 401770 with 1 insts
    I: 401f44 (flow 401f49)
      Successors: 401f49
  BB: 401f49 in func 401770 with 15 insts
    I: 401f49 (imm 41899c)
    I: 401f50
    I: 401f52 (imm 4189a4)
    I: 401f59
    I: 401f5b
    I: 401f5d
    I: 401f60
    I: 401f63
    I: 401f66
    I: 401f69
    I: 401f6c
    I: 401f6f
    I: 401f72
    I: 401f74
    I: 401f76 (flow 401f81)
      Successors: 401f81, 401f7c
  BB: 401b4a in func 401770 with 9 insts
    I: 401b4a
    I: 401b4e
    I: 401b52
    I: 401b56 (imm 403004)
    I: 401b60
    I: 401b62 (flow 4189b8)
    I: 401b67
    I: 401b6b
    I: 401b6e (flow 401de5)
      Successors: 401b74, 401de5
  BB: 40194d in func 401770 with 22 insts
    I: 40194d
    I: 401951
    I: 401955
    I: 401957
    I: 40195a
    I: 40195d (imm 405030)
    I: 401967
    I: 40196b
    I: 40196e
    I: 401971
    I: 401973
    I: 401976
    I: 401979 (imm 405030)
    I: 401983
    I: 401987
    I: 40198a
    I: 40198c
    I: 40198f (imm 405030)
    I: 401999
    I: 40199d
    I: 4019a0
    I: 4019a4
      Successors: 4019aa
  BB: 40216e in func 401770 with 1 insts
    I: 40216e (flow 402275)
      Successors: 402275
  BB: 401770 in func 401770 with 18 insts
    Referenced by data
    I: 401770
    I: 401771
    I: 401774
    I: 401778 (imm 41899c)
    I: 40177f
    I: 401781 (imm 4189a4)
    I: 401788
    I: 40178a
    I: 40178c
    I: 40178f
    I: 401792
    I: 401795
    I: 401798
    I: 40179b
    I: 40179e
    I: 4017a1
    I: 4017a3
    I: 4017a5 (flow 4017b0)
      Successors: 4017b0, 4017ab
  BB: 402173 in func 401770 with 1 insts
    I: 402173 (flow 40187b)
      Successors: 40187b
  BB: 401b74 in func 401770 with 15 insts
    I: 401b74 (imm 41899c)
    I: 401b7b
    I: 401b7d (imm 4189a4)
    I: 401b84
    I: 401b86
    I: 401b88
    I: 401b8b
    I: 401b8e
    I: 401b91
    I: 401b94
    I: 401b97
    I: 401b9a
    I: 401b9d
    I: 401b9f
    I: 401ba1 (flow 401bac)
      Successors: 401bac, 401ba7
  BB: 402178 in func 401770 with 4 insts
    I: 402178
    I: 40217a
    I: 40217d
    I: 40217e
      No successors
  BB: 401f7c in func 401770 with 1 insts
    I: 401f7c (flow 402243)
      Successors: 402243
  BB: 40217f in func 401770 with 5 insts
    I: 40217f
    I: 402182
    I: 402186
    I: 402189
    I: 40218f (flow 4017b0)
      Successors: 4017b0
  BB: 401d7f in func 401770 with 1 insts
    I: 401d7f (flow 4021cc)
      Successors: 4021cc
  BB: 401f81 in func 401770 with 26 insts
    I: 401f81
    I: 401f85
    I: 401f89
    I: 401f8b
    I: 401f8e
    I: 401f90
    I: 401f93 (imm 405030)
    I: 401f9d
    I: 401fa1
    I: 401fa4
    I: 401fa7
    I: 401fa9 (imm 41899c)
    I: 401fb0
    I: 401fb2 (imm 4189a4)
    I: 401fb9
    I: 401fbb
    I: 401fbd
    I: 401fc0
    I: 401fc3
    I: 401fc6
    I: 401fc9
    I: 401fcc
    I: 401fcf
    I: 401fd2
    I: 401fd4
    I: 401fd6 (flow 401fe1)
      Successors: 401fe1, 401fdc
  BB: 401d84 in func 401770 with 3 insts
    I: 401d84
    I: 401d87
    I: 401d89 (flow 401d94)
      Successors: 401d94, 401d8f
  BB: 401d8f in func 401770 with 1 insts
    I: 401d8f (flow 401dd0)
      Successors: 401dd0
  BB: 401d94 in func 401770 with 16 insts
    I: 401d94
    I: 401d98
    I: 401d9c
    I: 401da0
    I: 401da3 (imm 405030)
    I: 401dad
    I: 401db1
    I: 401db4
    I: 401db6
    I: 401db8
    I: 401dbb
    I: 401dc0
    I: 401dc4
    I: 401dc6
    I: 401dc9
    I: 401dcb (flow 401d02)
      Successors: 401d02
  BB: 402194 in func 401770 with 1 insts
    I: 402194 (flow 4018eb)
      Successors: 4018eb
  BB: 402199 in func 401770 with 5 insts
    I: 402199
    I: 40219d
    I: 40219f
    I: 4021a2
    I: 4021a4 (flow 401a77)
      Successors: 401a77
  BB: 401ba7 in func 401770 with 1 insts
    I: 401ba7 (flow 4021ae)
      Successors: 4021ae
  BB: 4021a9 in func 401770 with 1 insts
    I: 4021a9 (flow 401af7)
      Successors: 401af7
  BB: 4019aa in func 401770 with 3 insts
    I: 4019aa
    I: 4019ae
    I: 4019b1 (flow 4019eb)
      Successors: 4019eb, 4019b7
  BB: 4017ab in func 401770 with 1 insts
    I: 4017ab (flow 40217f)
      Successors: 40217f
  BB: 401bac in func 401770 with 19 insts
    I: 401bac
    I: 401bb0
    I: 401bb4
    I: 401bba
    I: 401bc0 (imm 41899c)
    I: 401bc7
    I: 401bc9 (imm 4189a4)
    I: 401bd0
    I: 401bd2
    I: 401bd4
    I: 401bd7
    I: 401bda
    I: 401bdd
    I: 401be0
    I: 401be3
    I: 401be6
    I: 401be9
    I: 401beb
    I: 401bed (flow 401bf8)
      Successors: 401bf8, 401bf3
  BB: 4021ae in func 401770 with 5 insts
    I: 4021ae
    I: 4021b2
    I: 4021b6
    I: 4021bc
    I: 4021c2 (flow 401bac)
      Successors: 401bac
  BB: 4017b0 in func 401770 with 55 insts
    I: 4017b0
    I: 4017b3
    I: 4017b7
    I: 4017ba
    I: 4017bd
    I: 4017c1
    I: 4017c5
    I: 4017c8
    I: 4017cb
    I: 4017cf
    I: 4017d3
    I: 4017d6
    I: 4017d9
    I: 4017dd
    I: 4017e1
    I: 4017e4
    I: 4017e7
    I: 4017eb
    I: 4017ef
    I: 4017f2
    I: 4017f5
    I: 4017f9
    I: 4017fd
    I: 401800
    I: 401803
    I: 401807
    I: 40180b
    I: 40180e
    I: 401811
    I: 401815
    I: 401819
    I: 40181c
    I: 40181f
    I: 401823
    I: 401827
    I: 40182a
    I: 40182d
    I: 401831
    I: 401835
    I: 401838
    I: 40183e (imm 41899c)
    I: 401845
    I: 401847 (imm 4189a4)
    I: 40184e
    I: 401850
    I: 401852
    I: 401855
    I: 401858
    I: 40185b
    I: 40185e
    I: 401861
    I: 401864
    I: 401867
    I: 401869
    I: 40186b (flow 401876)
      Successors: 401871, 401876
  BB: 4019b7 in func 401770 with 13 insts
    I: 4019b7
    I: 4019bb
    I: 4019bf
    I: 4019c2 (imm 405030)
    I: 4019cc
    I: 4019d0
    I: 4019d3
    I: 4019d6
    I: 4019db
    I: 4019df
    I: 4019e1
    I: 4019e4
    I: 4019e6 (flow 4019aa)
      Successors: 4019aa
  BB: 4021c7 in func 401770 with 1 insts
    I: 4021c7 (flow 401c84)
      Successors: 401c84
  BB: 4021cc in func 401770 with 1 insts
    I: 4021cc (flow 401d3a)
      Successors: 401d3a
  BB: 401dd0 in func 401770 with 5 insts
    I: 401dd0
    I: 401dd4
    I: 401dd6
    I: 401ddb (flow 401140)
    I: 401de0 (flow 401ff7)
      Successors: 401ff7
  BB: 4021d1 in func 401770 with 10 insts
    I: 4021d1
    I: 4021d5
    I: 4021d9
    I: 4021dd
    I: 4021e1
    I: 4021e4 (disp 418980)
    I: 4021eb
    I: 4021ed
    I: 4021ef
    I: 4021f5 (flow 401e1d)
      Successors: 401e1d
  BB: 401fdc in func 401770 with 1 insts
    I: 401fdc (flow 402243)
      Successors: 402243
  BB: 401fe1 in func 401770 with 1 insts
    I: 401fe1 (flow 401e7e)
      Successors: 401e7e
  BB: 401de5 in func 401770 with 15 insts
    I: 401de5 (imm 41899c)
    I: 401dec
    I: 401dee (imm 4189a4)
    I: 401df5
    I: 401df7
    I: 401df9
    I: 401dfc
    I: 401dff
    I: 401e02
    I: 401e05
    I: 401e08
    I: 401e0b
    I: 401e0e
    I: 401e10
    I: 401e12 (flow 401e1d)
      Successors: 401e18, 401e1d
  BB: 401fe6 in func 401770 with 5 insts
    I: 401fe6
    I: 401fea
    I: 401fee
    I: 401ff0
    I: 401ff2 (flow 401140)
      Successors: 401ff7
  BB: 4019eb in func 401770 with 1 insts
    I: 4019eb (flow 4019f0)
      Successors: 4019f0
  BB: 4019f0 in func 401770 with 5 insts
    I: 4019f0
    I: 4019f4
    I: 4019f6
    I: 4019f9
    I: 4019fb (flow 40193d)
      Successors: 40193d
  BB: 401bf3 in func 401770 with 1 insts
    I: 401bf3 (flow 4021ae)
      Successors: 4021ae
  BB: 401ff7 in func 401770 with 1 insts
    I: 401ff7 (flow 401b34)
      Successors: 401b34
  BB: 401bf8 in func 401770 with 1 insts
    I: 401bf8 (flow 401bfd)
      Successors: 401bfd
  BB: 4021fa in func 401770 with 16 insts
    I: 4021fa
    I: 4021fe
    I: 402202
    I: 402205 (imm 405030)
    I: 40220f
    I: 402213
    I: 402216
    I: 40221a
    I: 40221e
    I: 402222
    I: 402225 (imm 405030)
    I: 40222f
    I: 402233
    I: 402236
    I: 402239
    I: 40223e (flow 401ec8)
      Successors: 401ec8
  BB: 401ffc in func 401770 with 5 insts
    I: 401ffc
    I: 402000
    I: 402004
    I: 40200a (mem 405034)
    I: 402011
      Successors: 402013
  BB: 401bfd in func 401770 with 5 insts
    I: 401bfd
    I: 401c01
    I: 401c05
    I: 401c07
    I: 401c09 (flow 401cd1)
      Successors: 401cd1, 401c0f
Recovering .term_proc at 402294
  Analysing subroutine .term_proc at 402294
    Block head at 004022a1 is not code.
  Subroutine .term_proc at 402294 has 1 blocks
  BB: 402294 in func 402294 with 4 insts
    I: 402294
    I: 402298
    I: 40229c
    I: 4022a0
      No successors
Global Variable None
WARNING: Global constructor and destructor sections are adjacent!
Recovering region LOAD [400000, 4004e8) in segment LOAD
  8-byte reference at 400018 to 401050 (start)
  8-byte reference at 4000f8 to 401000 (.init_proc)
  8-byte reference at 400130 to 403000 ()
  8-byte reference at 400168 to 404de8 ()
  8-byte reference at 400280 to 403010 ()
  8-byte reference at 4002f0 to 404de8 ()
Recovering region .init [401000, 40101b) in segment .init
Recovering region LOAD [40101b, 401020) in segment LOAD
Recovering region .plt [401020, 401050) in segment .plt
Recovering region .text [401050, 402291) in segment .text
Recovering region LOAD [402291, 402294) in segment LOAD
Recovering region .fini [402294, 4022a1) in segment .fini
Recovering region .rodata [403000, 40300f) in segment .rodata
  Variable aDDD at 403004
  Variable format at 40300b
Recovering region LOAD [40300f, 403010) in segment LOAD
Recovering region .eh_frame_hdr [403010, 403044) in segment .eh_frame_hdr
Recovering region LOAD [403044, 403048) in segment LOAD
Recovering region .eh_frame [403048, 4030fc) in segment .eh_frame
Recovering region LOAD [4030fc, 403140) in segment LOAD
Recovering region .init_array [404de8, 404df8) in segment .init_array
  8-byte reference at 404de8 to 401130 ()
  8-byte reference at 404df0 to 401100 ()
Recovering region LOAD [404df8, 404fd8) in segment LOAD
Recovering region .got [404fd8, 404fe8) in segment .got
  8-byte reference at 404fd8 to 4189a8 (__libc_start_main)
  8-byte reference at 404fe0 to 4189c0 (__gmon_start__)
Recovering region .got.plt [404fe8, 405010) in segment .got.plt
  8-byte reference at 405000 to 4189b0 (printf)
  8-byte reference at 405008 to 4189b8 (__isoc99_scanf)
Recovering region .data [405010, 405020) in segment .data
Recovering region .bss [405020, 4189a8) in segment .bss
Recovering extern function printf at 401030
Recovering extern function __isoc99_scanf at 401040
Recovering extern function __libc_start_main at 4189a8
Recovering extern function printf at 4189b0
Recovering extern function __isoc99_scanf at 4189b8
Recovering extern function __gmon_start__ at 4189c0
Recovered 9 functions.
Saving to: /home/ubuntu/capstone_project/result/pipeline_20260629_141746/s505746898_bcf.cfg
Done analysis!
