Debugging is enabled.
Loading Standard Definitions file: /home/ubuntu/capstone_project/dependency/mcsema/mcsema/lib/python3/site-packages/mcsema_disass-3.1.3.8-py3.8.egg/mcsema_disass/defs/linux.txt
Using Batch mode.
Starting analysis
Recovering module s586984127_bcf_instsub.elf
Found main at 401150
Looking for instructions in segment .init
  Default block heads for function 401000 with loose bounds [401000, 40101b)
    block [401000, 401014)
    block [401014, 401016)
    block [401016, 40101b)
    chunk [401000, 40101b)
Looking for instructions in segment .plt
  Default block heads for function 401020 with loose bounds [401020, 40102c)
    block [401020, 40102c)
    chunk [401020, 40102c)
  Default block heads for function 401030 with loose bounds [401030, 401036)
    block [401030, 401036)
    chunk [401030, 401036)
  Default block heads for function 401040 with loose bounds [401040, 401046)
    block [401040, 401046)
    chunk [401040, 401046)
  Default block heads for function 401050 with loose bounds [401050, 401056)
    block [401050, 401056)
    chunk [401050, 401056)
Looking for instructions in segment .text
  Default block heads for function 401060 with loose bounds [401060, 401086)
    block [401060, 401086)
    chunk [401060, 401086)
  Default block heads for function 4010a0 with loose bounds [4010a0, 4010c1)
    block [4010a0, 4010ad)
    block [4010ad, 4010b7)
    block [4010b7, 4010be)
    block [4010c0, 4010c1)
    chunk [4010a0, 4010c1)
  Default block heads for function 401110 with loose bounds [401110, 401131)
    block [401110, 40111d)
    block [40111d, 40112f)
    block [401130, 401131)
    chunk [401110, 401131)
  Default block heads for function 401140 with loose bounds [401140, 401146)
    block [401140, 401146)
    chunk [401140, 401146)
    chunk [4010d0, 401101)
  Default block heads for function 401150 with loose bounds [401150, 401631)
    block [401150, 4011d7)
    block [4011d7, 4011dc)
    block [4011dc, 40127c)
    block [40127c, 401281)
    block [401281, 401286)
    block [401286, 4012af)
    block [4012af, 4012b4)
    block [4012b4, 4012d0)
    block [4012d0, 4012e9)
    block [4012e9, 401361)
    block [401361, 401366)
    block [401366, 4013f0)
    block [4013f0, 4013f5)
    block [4013f5, 401400)
    block [401400, 401405)
    block [401405, 40149d)
    block [40149d, 4014a2)
    block [4014a2, 4014fe)
    block [4014fe, 401503)
    block [401503, 401508)
    block [401508, 401545)
    block [401545, 40154a)
    block [40154a, 40159e)
    block [40159e, 4015a3)
    block [4015a3, 4015aa)
    block [4015aa, 4015fc)
    block [4015fc, 401601)
    block [401601, 40161d)
    block [40161d, 401631)
    chunk [401150, 401631)
  Default block heads for function 401640 with loose bounds [401640, 401912)
    block [401640, 4016c7)
    block [4016c7, 4016cc)
    block [4016cc, 401780)
    block [401780, 401785)
    block [401785, 40178a)
    block [40178a, 40179c)
    block [40179c, 4017b7)
    block [4017b7, 4017e5)
    block [4017e5, 401800)
    block [401800, 401829)
    block [401829, 40182e)
    block [40182e, 401833)
    block [401833, 401847)
    block [401847, 401884)
    block [401884, 401889)
    block [401889, 4018ce)
    block [4018ce, 4018d3)
    block [4018d3, 4018d8)
    block [4018d8, 40190d)
    block [40190d, 401912)
    chunk [401640, 401912)
  Default block heads for function 401920 with loose bounds [401920, 401ad6)
    block [401920, 401940)
    block [401940, 401966)
    block [401966, 40198c)
    block [40198c, 4019b2)
    block [4019b2, 4019d8)
    block [4019d8, 4019e4)
    block [4019e4, 4019e9)
    block [4019e9, 4019ee)
    block [4019ee, 4019f3)
    block [4019f3, 4019f8)
    block [4019f8, 4019ff)
    block [4019ff, 401a77)
    block [401a77, 401a7c)
    block [401a7c, 401ac7)
    block [401ac7, 401acc)
    block [401acc, 401ad1)
    block [401ad1, 401ad6)
    chunk [401920, 401ad6)
  Default block heads for function 401ae0 with loose bounds [401ae0, 401b65)
    block [401ae0, 401b65)
    chunk [401ae0, 401b65)
  Default block heads for function 401b70 with loose bounds [401b70, 402005)
    block [401b70, 401b90)
    block [401b90, 401bae)
    block [401bae, 401bcc)
    block [401bcc, 401c44)
    block [401c44, 401c49)
    block [401c49, 401ce7)
    block [401ce7, 401cec)
    block [401cec, 401cf7)
    block [401cf7, 401cfc)
    block [401cfc, 401d1a)
    block [401d1a, 401d26)
    block [401d26, 401d9e)
    block [401d9e, 401da3)
    block [401da3, 401e1b)
    block [401e1b, 401e20)
    block [401e20, 401e25)
    block [401e25, 401e6a)
    block [401e6a, 401e6f)
    block [401e6f, 401edf)
    block [401edf, 401ee4)
    block [401ee4, 401ee9)
    block [401ee9, 401f59)
    block [401f59, 401f5e)
    block [401f5e, 401fd6)
    block [401fd6, 401fdb)
    block [401fdb, 401fe0)
    block [401fe0, 401fe5)
    block [401fe5, 401fec)
    block [401fec, 401ff1)
    block [401ff1, 401ff6)
    block [401ff6, 401ffb)
    block [401ffb, 402000)
    block [402000, 402005)
    chunk [401b70, 402005)
  Default block heads for function 402010 with loose bounds [402010, 40209d)
    block [402010, 40209d)
    chunk [402010, 40209d)
Looking for instructions in segment .fini
  Default block heads for function 4020a0 with loose bounds [4020a0, 4020ad)
    block [4020a0, 4020ad)
    chunk [4020a0, 4020ad)
Looking for strings in segment .rodata [403000, 403007)
  Found string b'%c' of length 3 at 403004, jumping to 403007
Looking for strings in segment .eh_frame_hdr [403008, 40305c)
Looking for strings in segment .eh_frame [403060, 40319c)
Looking for strings in segment .init_array [404de8, 404df0)
Looking for strings in segment .fini_array [404df0, 404df8)
Looking for strings in segment .got [404fd8, 404fe8)
Looking for strings in segment .got.plt [404fe8, 405018)
Looking for strings in segment .data [405018, 405028)
Looking for strings in segment .bss [405028, 405060)
Looking for strings in segment extern [405060, 405088)
Looking for cross-references in segment .init [401000, 40101b)
Looking for cross-references in segment .plt [401020, 401060)
  Stopping scan at 40102c
Looking for cross-references in segment .text [401060, 40209d)
  Stopping scan at 40108c
  Stopping scan at 40109c
  Stopping scan at ffffffffffffffff
  Stopping scan at 4010cc
  Stopping scan at 40110c
  Stopping scan at ffffffffffffffff
  Stopping scan at 40113c
  Stopping scan at 40114c
  Stopping scan at 40163c
  Stopping scan at 40191c
  Stopping scan at 401adc
  Stopping scan at 401b6c
  Stopping scan at 40200c
Looking for cross-references in segment .fini [4020a0, 4020ad)
Looking for cross-references in segment .rodata [403000, 403007)
  Found string at 403004, jumping to 403007
  Stopping scan at 403004
Looking for cross-references in segment .eh_frame_hdr [403008, 40305c)
  Stopping scan at 403058
Looking for cross-references in segment .eh_frame [403060, 40319c)
  Stopping scan at 403198
Looking for cross-references in segment .init_array [404de8, 404df0)
  Adding qword reference from 404de8 to 401140
  Stopping scan at 404de8
Looking for cross-references in segment .fini_array [404df0, 404df8)
  Adding qword reference from 404df0 to 401110
  Stopping scan at 404df0
Looking for cross-references in segment .got [404fd8, 404fe8)
  Adding qword reference from 404fd8 to 405060
  Adding qword reference from 404fe0 to 405080
  Stopping scan at 404fe0
Looking for cross-references in segment .got.plt [404fe8, 405018)
  Adding qword reference from 405000 to 405068
  Adding qword reference from 405008 to 405070
  Adding qword reference from 405010 to 405078
  Stopping scan at 405010
Looking for cross-references in segment .data [405018, 405028)
  Stopping scan at 405024
Looking for cross-references in segment .bss [405028, 405060)
  Stopping scan at 40505c
Looking for cross-references in segment extern [405060, 405088)
  Stopping scan at 405084
Looking for thunks
  Found thunk for puts targeting 405068 at 401030
  Found thunk for printf targeting 405070 at 401040
  Found thunk for getchar targeting 405078 at 401050
Looking for external symbols
  Function at 401030 is the external function puts
  Function at 401040 is the external function printf
  Function at 401050 is the external function getchar
  Function at 405060 is the external function __libc_start_main
  Function at 405068 is the external function puts
  Function at 405070 is the external function printf
  Function at 405078 is the external function getchar
  Function at 405080 is the external function __gmon_start__
Looking for entrypoints
Recovering .init_proc at 401000
  Analysing subroutine .init_proc at 401000
    Block head at 0040101b is not code.
  Subroutine .init_proc at 401000 has 3 blocks
  BB: 401000 in func 401000 with 5 insts
    Referenced by data
    I: 401000
    I: 401004
    I: 401008 (mem 404fe0)
    I: 40100f
    I: 401012 (flow 401016)
      Successors: 401014, 401016
  BB: 401014 in func 401000 with 1 insts
    I: 401014
      Successors: 401016
  BB: 401016 in func 401000 with 2 insts
    I: 401016
    I: 40101a
      No successors
Recovering 401020
  Analysing subroutine sub_401020 at 401020
  WARNING: No table entries for indirect jump at 401026; Adding next_ea 40102c as successor.
  Subroutine sub_401020 at 401020 has 2 blocks
  WARNING: No table entries for indirect jump at 401026; Adding next_ea 40102c as successor.
  BB: 401020 in func 401020 with 2 insts
    I: 401020 (mem 404ff0)
    I: 401026 (mem 404ff8)
      Successors: 40102c
  BB: 40102c in func 401020 with 1 insts
    I: 40102c
      No successors
Recovering start at 401060
  Analysing subroutine start at 401060
  Subroutine start at 401060 has 3 blocks
  BB: 401060 in func 401060 with 13 insts
    Referenced by data
    I: 401060
    I: 401064
    I: 401066
    I: 401069
    I: 40106a
    I: 40106d
    I: 401071
    I: 401072
    I: 401073
    I: 401076
    I: 401078 (imm 401150)
    I: 40107f (mem 404fd8)
    I: 401085
      No successors
  BB: 401095 in func 401060 with 2 insts
    I: 401095
    I: 40109f
      No successors
  BB: 401086 in func 401060 with 3 insts
    I: 401086
    I: 401090
    I: 401094
      No successors
Recovering 4010a0
  Analysing subroutine sub_4010A0 at 4010a0
  WARNING: No table entries for indirect jump at 4010bc; Adding next_ea 4010be as successor.
  WARNING: No table entries for indirect jump at 4010fe; Adding next_ea 401100 as successor.
  Subroutine sub_4010A0 at 4010a0 has 11 blocks
  BB: 4010a0 in func 4010a0 with 3 insts
    I: 4010a0 (imm 405028)
    I: 4010a5 (imm 405028)
    I: 4010ab (flow 4010c0)
      Successors: 4010c0, 4010ad
  BB: 4010c0 in func 4010a0 with 1 insts
    I: 4010c0
      No successors
  BB: 4010c1 in func 4010a0 with 2 insts
    I: 4010c1
    I: 4010c5
      Successors: 4010d0
  BB: 401100 in func 4010a0 with 1 insts
    I: 401100
      No successors
  BB: 401101 in func 4010a0 with 2 insts
    I: 401101
    I: 401105
      No successors
  BB: 4010ad in func 4010a0 with 3 insts
    I: 4010ad
    I: 4010b2
    I: 4010b5 (flow 4010c0)
      Successors: 4010c0, 4010b7
  BB: 4010ef in func 4010a0 with 3 insts
    I: 4010ef
    I: 4010f4
    I: 4010f7 (flow 401100)
      Successors: 401100, 4010f9
  BB: 4010d0 in func 4010a0 with 8 insts
    I: 4010d0 (imm 405028)
    I: 4010d5 (imm 405028)
    I: 4010dc
    I: 4010df
    I: 4010e3
    I: 4010e7
    I: 4010ea
    I: 4010ed (flow 401100)
      Successors: 401100, 4010ef
  WARNING: No table entries for indirect jump at 4010bc; Adding next_ea 4010be as successor.
  BB: 4010b7 in func 4010a0 with 2 insts
    I: 4010b7 (imm 405028)
    I: 4010bc
      Successors: 4010be
  WARNING: No table entries for indirect jump at 4010fe; Adding next_ea 401100 as successor.
  BB: 4010f9 in func 4010a0 with 2 insts
    I: 4010f9 (imm 405028)
    I: 4010fe
      Successors: 401100
  BB: 4010be in func 4010a0 with 1 insts
    I: 4010be
      Successors: 4010c0
Recovering 401110
  Analysing subroutine sub_401110 at 401110
  Subroutine sub_401110 at 401110 has 5 blocks
  BB: 40112f in func 401110 with 1 insts
    I: 40112f
      Successors: 401130
  BB: 401110 in func 401110 with 3 insts
    Referenced by data
    I: 401110
    I: 401114 (mem 405028)
    I: 40111b (flow 401130)
      Successors: 401130, 40111d
  BB: 401131 in func 401110 with 2 insts
    I: 401131
    I: 401135
      No successors
  BB: 401130 in func 401110 with 1 insts
    I: 401130
      No successors
  BB: 40111d in func 401110 with 6 insts
    I: 40111d
    I: 40111e
    I: 401121 (flow 4010a0)
    I: 401126 (mem 405028)
    I: 40112d
    I: 40112e
      No successors
Recovering 401140
  Analysing subroutine sub_401140 at 401140
  WARNING: No table entries for indirect jump at 4010fe; Adding next_ea 401100 as successor.
  Subroutine sub_401140 at 401140 has 6 blocks
  BB: 401140 in func 401140 with 2 insts
    Referenced by data
    I: 401140
    I: 401144 (flow 4010d0)
      Successors: 4010d0
  BB: 401100 in func 401140 with 1 insts
    I: 401100
      No successors
  BB: 401146 in func 401140 with 1 insts
    I: 401146
      No successors
  BB: 4010ef in func 401140 with 3 insts
    I: 4010ef
    I: 4010f4
    I: 4010f7 (flow 401100)
      Successors: 401100, 4010f9
  BB: 4010d0 in func 401140 with 8 insts
    I: 4010d0 (imm 405028)
    I: 4010d5 (imm 405028)
    I: 4010dc
    I: 4010df
    I: 4010e3
    I: 4010e7
    I: 4010ea
    I: 4010ed (flow 401100)
      Successors: 401100, 4010ef
  WARNING: No table entries for indirect jump at 4010fe; Adding next_ea 401100 as successor.
  BB: 4010f9 in func 401140 with 2 insts
    I: 4010f9 (imm 405028)
    I: 4010fe
      Successors: 401100
Recovering main at 401150
  Analysing subroutine main at 401150
  Subroutine main at 401150 has 30 blocks
  BB: 401400 in func 401150 with 1 insts
    I: 401400 (flow 401508)
      Successors: 401508
  BB: 401281 in func 401150 with 1 insts
    I: 401281 (flow 401286)
      Successors: 401286
  BB: 401601 in func 401150 with 7 insts
    I: 401601
    I: 401605
    I: 401607
    I: 40160d
    I: 401610
    I: 401616
    I: 401618 (flow 4014a2)
      Successors: 4014a2
  BB: 401503 in func 401150 with 1 insts
    I: 401503 (flow 4012e9)
      Successors: 4012e9
  BB: 40127c in func 401150 with 1 insts
    I: 40127c (flow 4015aa)
      Successors: 4015aa
  BB: 401405 in func 401150 with 43 insts
    I: 401405
    I: 401409
    I: 40140d
    I: 401410
    I: 401414 (imm 403004)
    I: 40141e
    I: 401420 (flow 405070)
    I: 401425 (imm 40502c)
    I: 40142c
    I: 40142e (imm 405040)
    I: 401435
    I: 401437
    I: 401439
    I: 40143f
    I: 401442
    I: 401448
    I: 40144b
    I: 40144e
    I: 401451
    I: 401455
    I: 401458
    I: 40145c
    I: 40145f
    I: 401462
    I: 401465
    I: 401469
    I: 40146b
    I: 40146e
    I: 401470
    I: 401472
    I: 401475
    I: 401478
    I: 40147c
    I: 40147f
    I: 401482
    I: 401485
    I: 401488
    I: 40148b
    I: 40148e
    I: 401491
    I: 401493
    I: 401495
    I: 401497 (flow 4014a2)
      Successors: 4014a2, 40149d
  BB: 401286 in func 401150 with 11 insts
    I: 401286 (flow 405078)
    I: 40128b
    I: 40128f
    I: 401291
    I: 401295
    I: 401298
    I: 40129b
    I: 40129f
    I: 4012a2
    I: 4012a6
    I: 4012a9 (flow 4012b4)
      Successors: 4012b4, 4012af
  BB: 401508 in func 401150 with 20 insts
    I: 401508 (imm 40502c)
    I: 40150f
    I: 401511 (imm 405040)
    I: 401518
    I: 40151a
    I: 40151c
    I: 40151f
    I: 401521
    I: 401523
    I: 401526
    I: 401529
    I: 40152c
    I: 40152f
    I: 401532
    I: 401535
    I: 401537
    I: 401539
    I: 40153b
    I: 40153d
    I: 40153f (flow 40154a)
      Successors: 40154a, 401545
  BB: 40161d in func 401150 with 3 insts
    I: 40161d (imm 403006)
    I: 401627 (flow 405068)
    I: 40162c (flow 40154a)
      Successors: 40154a
  BB: 40149d in func 401150 with 1 insts
    I: 40149d (flow 401601)
      Successors: 401601
  BB: 40159e in func 401150 with 1 insts
    I: 40159e (flow 40161d)
      Successors: 40161d
  BB: 4014a2 in func 401150 with 30 insts
    I: 4014a2
    I: 4014a6
    I: 4014a8
    I: 4014aa
    I: 4014ac
    I: 4014ae
    I: 4014b1
    I: 4014b3
    I: 4014b5
    I: 4014b7
    I: 4014b9 (imm 40502c)
    I: 4014c0
    I: 4014c2 (imm 405040)
    I: 4014c9
    I: 4014cb
    I: 4014cd
    I: 4014d3
    I: 4014d6
    I: 4014dc
    I: 4014df
    I: 4014e2
    I: 4014e5
    I: 4014e8
    I: 4014eb
    I: 4014ee
    I: 4014f0
    I: 4014f2
    I: 4014f4
    I: 4014f6
    I: 4014f8 (flow 401503)
      Successors: 401503, 4014fe
  BB: 4015a3 in func 401150 with 4 insts
    I: 4015a3
    I: 4015a5
    I: 4015a8
    I: 4015a9
      No successors
  BB: 4015aa in func 401150 with 22 insts
    I: 4015aa
    I: 4015ae
    I: 4015b1
    I: 4015b4
    I: 4015b8
    I: 4015bb
    I: 4015be
    I: 4015c2
    I: 4015c5
    I: 4015c8
    I: 4015cc
    I: 4015cf
    I: 4015d2
    I: 4015d8
    I: 4015db
    I: 4015de
    I: 4015e2
    I: 4015e5
    I: 4015ec
    I: 4015ee
    I: 4015f1
    I: 4015f7 (flow 4011dc)
      Successors: 4011dc
  BB: 4012af in func 401150 with 1 insts
    I: 4012af (flow 4012d0)
      Successors: 4012d0
  BB: 401631 in func 401150 with 2 insts
    I: 401631
    I: 40163b
      No successors
  BB: 4012b4 in func 401150 with 11 insts
    I: 4012b4
    I: 4012b8
    I: 4012ba
    I: 4012bc
    I: 4012be
    I: 4012c0
    I: 4012c3
    I: 4012c5
    I: 4012c7
    I: 4012c9
    I: 4012cb (flow 401286)
      Successors: 401286
  BB: 401545 in func 401150 with 1 insts
    I: 401545 (flow 40161d)
      Successors: 40161d
  BB: 40154a in func 401150 with 22 insts
    I: 40154a (imm 403006)
    I: 401554 (flow 405068)
    I: 401559 (imm 40502c)
    I: 401560
    I: 401562 (imm 405040)
    I: 401569
    I: 40156b
    I: 40156d
    I: 401573
    I: 401576
    I: 40157c
    I: 40157f
    I: 401582
    I: 401585
    I: 401588
    I: 40158b
    I: 40158e
    I: 401590
    I: 401592
    I: 401594
    I: 401596
    I: 401598 (flow 4015a3)
      Successors: 4015a3, 40159e
  BB: 401150 in func 401150 with 41 insts
    Referenced by data
    I: 401150
    I: 401151
    I: 401154
    I: 401158
    I: 40115b
    I: 40115f (imm 40502c)
    I: 401166
    I: 401168 (imm 405040)
    I: 40116f
    I: 401171
    I: 401173
    I: 401179
    I: 40117c
    I: 401182
    I: 401185
    I: 401188
    I: 40118b
    I: 40118f
    I: 401192
    I: 401196
    I: 401199
    I: 40119c
    I: 40119f
    I: 4011a3
    I: 4011a5
    I: 4011a8
    I: 4011aa
    I: 4011ac
    I: 4011af
    I: 4011b2
    I: 4011b6
    I: 4011b9
    I: 4011bc
    I: 4011bf
    I: 4011c2
    I: 4011c5
    I: 4011c8
    I: 4011cb
    I: 4011cd
    I: 4011cf
    I: 4011d1 (flow 4011dc)
      Successors: 4011dc, 4011d7
  BB: 4012d0 in func 401150 with 6 insts
    I: 4012d0
    I: 4012d4
    I: 4012d8
    I: 4012da (flow 401640)
    I: 4012df
    I: 4012e3
      Successors: 4012e9
  BB: 4011d7 in func 401150 with 1 insts
    I: 4011d7 (flow 4015aa)
      Successors: 4015aa
  BB: 4011dc in func 401150 with 47 insts
    I: 4011dc
    I: 4011e0
    I: 4011e3
    I: 4011e6
    I: 4011ea
    I: 4011ed
    I: 4011f0
    I: 4011f4
    I: 4011f7
    I: 4011fa
    I: 4011fe
    I: 401201
    I: 401204
    I: 40120a
    I: 40120e
    I: 401211
    I: 401214
    I: 401218
    I: 40121c
    I: 40121f
    I: 401222
    I: 401226
    I: 40122a
    I: 40122d
    I: 401234
    I: 401236
    I: 401239
    I: 40123f (imm 40502c)
    I: 401246
    I: 401248 (imm 405040)
    I: 40124f
    I: 401251
    I: 401253
    I: 401256
    I: 401258
    I: 40125a
    I: 40125d
    I: 401260
    I: 401263
    I: 401266
    I: 401269
    I: 40126c
    I: 40126e
    I: 401270
    I: 401272
    I: 401274
    I: 401276 (flow 401281)
      Successors: 401281, 40127c
  BB: 401361 in func 401150 with 1 insts
    I: 401361 (flow 4015fc)
      Successors: 4015fc
  BB: 401366 in func 401150 with 42 insts
    I: 401366
    I: 40136a
    I: 40136e
    I: 401370
    I: 401372
    I: 401375
    I: 401378 (imm 40502c)
    I: 40137f
    I: 401381 (imm 405040)
    I: 401388
    I: 40138a
    I: 40138c
    I: 401392
    I: 401395
    I: 40139b
    I: 40139e
    I: 4013a1
    I: 4013a4
    I: 4013a8
    I: 4013ab
    I: 4013af
    I: 4013b2
    I: 4013b5
    I: 4013b8
    I: 4013bc
    I: 4013be
    I: 4013c1
    I: 4013c3
    I: 4013c5
    I: 4013c8
    I: 4013cb
    I: 4013cf
    I: 4013d2
    I: 4013d5
    I: 4013d8
    I: 4013db
    I: 4013de
    I: 4013e1
    I: 4013e4
    I: 4013e6
    I: 4013e8
    I: 4013ea (flow 4013f5)
      Successors: 4013f0, 4013f5
  BB: 4012e9 in func 401150 with 36 insts
    I: 4012e9 (imm 40502c)
    I: 4012f0
    I: 4012f2 (imm 405040)
    I: 4012f9
    I: 4012fb
    I: 4012fd
    I: 401303
    I: 401306
    I: 40130c
    I: 40130f
    I: 401312
    I: 401315
    I: 401319
    I: 40131c
    I: 401320
    I: 401323
    I: 401326
    I: 401329
    I: 40132d
    I: 40132f
    I: 401332
    I: 401334
    I: 401336
    I: 401339
    I: 40133c
    I: 401340
    I: 401343
    I: 401346
    I: 401349
    I: 40134c
    I: 40134f
    I: 401352
    I: 401355
    I: 401357
    I: 401359
    I: 40135b (flow 401366)
      Successors: 401361, 401366
  BB: 4013f0 in func 401150 with 1 insts
    I: 4013f0 (flow 4015fc)
      Successors: 4015fc
  BB: 4013f5 in func 401150 with 3 insts
    I: 4013f5
    I: 4013f8
    I: 4013fa (flow 401405)
      Successors: 401400, 401405
  BB: 4015fc in func 401150 with 1 insts
    I: 4015fc (flow 401366)
      Successors: 401366
  BB: 4014fe in func 401150 with 1 insts
    I: 4014fe (flow 401601)
      Successors: 401601
Recovering 401640
  Analysing subroutine sub_401640 at 401640
  Subroutine sub_401640 at 401640 has 21 blocks
  BB: 401780 in func 401640 with 1 insts
    I: 401780 (flow 4018d8)
      Successors: 4018d8
  BB: 401800 in func 401640 with 15 insts
    I: 401800
    I: 401804
    I: 401808
    I: 40180b
    I: 40180d (flow 402010)
    I: 401812
    I: 401816
    I: 401818
    I: 40181a
    I: 40181c
    I: 40181e
    I: 401821
    I: 401823
    I: 401825
    I: 401827
      Successors: 401829
  BB: 401884 in func 401640 with 1 insts
    I: 401884 (flow 40190d)
      Successors: 40190d
  BB: 401785 in func 401640 with 1 insts
    I: 401785 (flow 40178a)
      Successors: 40178a
  BB: 401889 in func 401640 with 20 insts
    I: 401889 (imm 405054)
    I: 401890
    I: 401892 (imm 40503c)
    I: 401899
    I: 40189b
    I: 40189d
    I: 4018a3
    I: 4018a6
    I: 4018ac
    I: 4018af
    I: 4018b2
    I: 4018b5
    I: 4018b8
    I: 4018bb
    I: 4018be
    I: 4018c0
    I: 4018c2
    I: 4018c4
    I: 4018c6
    I: 4018c8 (flow 4018d3)
      Successors: 4018d3, 4018ce
  BB: 40178a in func 401640 with 5 insts
    I: 40178a
    I: 40178e
    I: 401792
    I: 401794
    I: 401796 (flow 401847)
      Successors: 40179c, 401847
  BB: 40190d in func 401640 with 1 insts
    I: 40190d (flow 401889)
      Successors: 401889
  BB: 401912 in func 401640 with 2 insts
    I: 401912
    I: 40191c
      No successors
  BB: 40179c in func 401640 with 7 insts
    I: 40179c
    I: 4017a0
    I: 4017a4
    I: 4017a7
    I: 4017a9 (flow 401920)
    I: 4017ae
    I: 4017b1 (flow 4017e5)
      Successors: 4017e5, 4017b7
  BB: 401829 in func 401640 with 1 insts
    I: 401829 (flow 40182e)
      Successors: 40182e
  BB: 40182e in func 401640 with 1 insts
    I: 40182e (flow 401833)
      Successors: 401833
  BB: 401833 in func 401640 with 7 insts
    I: 401833
    I: 401837
    I: 401839
    I: 40183b
    I: 40183e
    I: 401840
    I: 401842 (flow 40178a)
      Successors: 40178a
  BB: 4017b7 in func 401640 with 12 insts
    I: 4017b7
    I: 4017bb
    I: 4017bf
    I: 4017c2
    I: 4017c4 (flow 401ae0)
    I: 4017c9
    I: 4017cd
    I: 4017cf
    I: 4017d5
    I: 4017d8
    I: 4017de
    I: 4017e0 (flow 40182e)
      Successors: 40182e
  BB: 401640 in func 401640 with 41 insts
    I: 401640
    I: 401641
    I: 401644
    I: 401648
    I: 40164c
    I: 40164f (imm 405054)
    I: 401656
    I: 401658 (imm 40503c)
    I: 40165f
    I: 401661
    I: 401663
    I: 401669
    I: 40166c
    I: 401672
    I: 401675
    I: 401678
    I: 40167b
    I: 40167f
    I: 401682
    I: 401686
    I: 401689
    I: 40168c
    I: 40168f
    I: 401693
    I: 401695
    I: 401698
    I: 40169a
    I: 40169c
    I: 40169f
    I: 4016a2
    I: 4016a6
    I: 4016a9
    I: 4016ac
    I: 4016af
    I: 4016b2
    I: 4016b5
    I: 4016b8
    I: 4016bb
    I: 4016bd
    I: 4016bf
    I: 4016c1 (flow 4016cc)
      Successors: 4016cc, 4016c7
  BB: 4016c7 in func 401640 with 1 insts
    I: 4016c7 (flow 4018d8)
      Successors: 4018d8
  BB: 401847 in func 401640 with 20 insts
    I: 401847 (imm 405054)
    I: 40184e
    I: 401850 (imm 40503c)
    I: 401857
    I: 401859
    I: 40185b
    I: 40185e
    I: 401860
    I: 401862
    I: 401865
    I: 401868
    I: 40186b
    I: 40186e
    I: 401871
    I: 401874
    I: 401876
    I: 401878
    I: 40187a
    I: 40187c
    I: 40187e (flow 401889)
      Successors: 401889, 401884
  BB: 4016cc in func 401640 with 53 insts
    I: 4016cc
    I: 4016cf
    I: 4016d3
    I: 4016d6
    I: 4016da
    I: 4016de
    I: 4016e1
    I: 4016e4
    I: 4016e8
    I: 4016ec
    I: 4016ef
    I: 4016f2
    I: 4016f6
    I: 4016fa
    I: 4016fd
    I: 401700
    I: 401702
    I: 401708 (imm 405054)
    I: 40170f
    I: 401711 (imm 40503c)
    I: 401718
    I: 40171a
    I: 40171c
    I: 401722
    I: 401725
    I: 40172b
    I: 40172e
    I: 401731
    I: 401734
    I: 401738
    I: 40173b
    I: 40173f
    I: 401742
    I: 401745
    I: 401748
    I: 40174c
    I: 40174e
    I: 401751
    I: 401753
    I: 401755
    I: 401758
    I: 40175b
    I: 40175f
    I: 401762
    I: 401765
    I: 401768
    I: 40176b
    I: 40176e
    I: 401771
    I: 401774
    I: 401776
    I: 401778
    I: 40177a (flow 401785)
      Successors: 401780, 401785
  BB: 4018ce in func 401640 with 1 insts
    I: 4018ce (flow 40190d)
      Successors: 40190d
  BB: 4018d3 in func 401640 with 3 insts
    I: 4018d3
    I: 4018d6
    I: 4018d7
      No successors
  BB: 4018d8 in func 401640 with 15 insts
    I: 4018d8
    I: 4018db
    I: 4018df
    I: 4018e2
    I: 4018e6
    I: 4018e9
    I: 4018ec
    I: 4018f0
    I: 4018f3
    I: 4018f6
    I: 4018fa
    I: 4018fd
    I: 401900
    I: 401902
    I: 401908 (flow 4016cc)
      Successors: 4016cc
  BB: 4017e5 in func 401640 with 7 insts
    I: 4017e5
    I: 4017e9
    I: 4017ed
    I: 4017f0
    I: 4017f2 (flow 401b70)
    I: 4017f7
    I: 4017fa (flow 401829)
      Successors: 401800, 401829
Recovering 401920
  Analysing subroutine sub_401920 at 401920
  Subroutine sub_401920 at 401920 has 18 blocks
  BB: 401920 in func 401920 with 9 insts
    I: 401920
    I: 401921
    I: 401924
    I: 401928
    I: 40192b
    I: 40192f
    I: 401933
    I: 401937
    I: 40193a (flow 4019f8)
      Successors: 401940, 4019f8
  BB: 401940 in func 401920 with 9 insts
    I: 401940
    I: 401944
    I: 401947
    I: 40194d
    I: 401950
    I: 401956
    I: 401959
    I: 40195d
    I: 401960 (flow 4019f3)
      Successors: 4019f3, 401966
  BB: 4019e4 in func 401920 with 1 insts
    I: 4019e4 (flow 4019e9)
      Successors: 4019e9
  BB: 401966 in func 401920 with 9 insts
    I: 401966
    I: 40196a
    I: 40196d
    I: 401973
    I: 401976
    I: 40197c
    I: 40197f
    I: 401983
    I: 401986 (flow 4019ee)
      Successors: 40198c, 4019ee
  BB: 401ac7 in func 401920 with 1 insts
    I: 401ac7 (flow 401ad1)
      Successors: 401ad1
  BB: 4019d8 in func 401920 with 2 insts
    I: 4019d8
    I: 4019df (flow 4019ff)
      Successors: 4019ff
  BB: 4019e9 in func 401920 with 1 insts
    I: 4019e9 (flow 4019ee)
      Successors: 4019ee
  BB: 40198c in func 401920 with 9 insts
    I: 40198c
    I: 401990
    I: 401993
    I: 401999
    I: 40199c
    I: 4019a2
    I: 4019a5
    I: 4019a9
    I: 4019ac (flow 4019e9)
      Successors: 4019e9, 4019b2
  BB: 401acc in func 401920 with 3 insts
    I: 401acc
    I: 401acf
    I: 401ad0
      No successors
  BB: 4019ee in func 401920 with 1 insts
    I: 4019ee (flow 4019f3)
      Successors: 4019f3
  BB: 401ad1 in func 401920 with 1 insts
    I: 401ad1 (flow 401a7c)
      Successors: 401a7c
  BB: 4019b2 in func 401920 with 9 insts
    I: 4019b2
    I: 4019b6
    I: 4019b9
    I: 4019bf
    I: 4019c2
    I: 4019c8
    I: 4019cb
    I: 4019cf
    I: 4019d2 (flow 4019e4)
      Successors: 4019d8, 4019e4
  BB: 4019f3 in func 401920 with 1 insts
    I: 4019f3 (flow 4019f8)
      Successors: 4019f8
  BB: 401ad6 in func 401920 with 1 insts
    I: 401ad6
      No successors
  BB: 401a77 in func 401920 with 1 insts
    I: 401a77 (flow 401ad1)
      Successors: 401ad1
  BB: 4019f8 in func 401920 with 1 insts
    I: 4019f8
      Successors: 4019ff
  BB: 401a7c in func 401920 with 22 insts
    I: 401a7c
    I: 401a7f
    I: 401a82 (imm 405050)
    I: 401a89
    I: 401a8b (imm 405038)
    I: 401a92
    I: 401a94
    I: 401a96
    I: 401a9c
    I: 401a9f
    I: 401aa5
    I: 401aa8
    I: 401aab
    I: 401aae
    I: 401ab1
    I: 401ab4
    I: 401ab7
    I: 401ab9
    I: 401abb
    I: 401abd
    I: 401abf
    I: 401ac1 (flow 401acc)
      Successors: 401acc, 401ac7
  BB: 4019ff in func 401920 with 36 insts
    I: 4019ff (imm 405050)
    I: 401a06
    I: 401a08 (imm 405038)
    I: 401a0f
    I: 401a11
    I: 401a13
    I: 401a19
    I: 401a1c
    I: 401a22
    I: 401a25
    I: 401a28
    I: 401a2b
    I: 401a2f
    I: 401a32
    I: 401a36
    I: 401a39
    I: 401a3c
    I: 401a3f
    I: 401a43
    I: 401a45
    I: 401a48
    I: 401a4a
    I: 401a4c
    I: 401a4f
    I: 401a52
    I: 401a56
    I: 401a59
    I: 401a5c
    I: 401a5f
    I: 401a62
    I: 401a65
    I: 401a68
    I: 401a6b
    I: 401a6d
    I: 401a6f
    I: 401a71 (flow 401a7c)
      Successors: 401a7c, 401a77
Recovering 401ae0
  Analysing subroutine sub_401AE0 at 401ae0
  Subroutine sub_401AE0 at 401ae0 has 2 blocks
  BB: 401ae0 in func 401ae0 with 37 insts
    I: 401ae0
    I: 401ae1
    I: 401ae4
    I: 401ae8
    I: 401aeb
    I: 401aef
    I: 401af3
    I: 401af7
    I: 401afb
    I: 401afe
    I: 401b04
    I: 401b07
    I: 401b0d
    I: 401b10
    I: 401b14
    I: 401b18
    I: 401b1b
    I: 401b21
    I: 401b24
    I: 401b2a
    I: 401b2d
    I: 401b31
    I: 401b35
    I: 401b38
    I: 401b3a
    I: 401b3d
    I: 401b3f
    I: 401b42
    I: 401b46
    I: 401b4a
    I: 401b4d
    I: 401b53
    I: 401b56
    I: 401b5c
    I: 401b5f
    I: 401b63
    I: 401b64
      No successors
  BB: 401b65 in func 401ae0 with 2 insts
    I: 401b65
    I: 401b6f
      No successors
Recovering 401b70
  Analysing subroutine sub_401B70 at 401b70
  Subroutine sub_401B70 at 401b70 has 34 blocks
  BB: 402000 in func 401b70 with 1 insts
    I: 402000 (flow 401f5e)
      Successors: 401f5e
  BB: 402005 in func 401b70 with 2 insts
    I: 402005
    I: 40200f
      No successors
  BB: 401b90 in func 401b70 with 9 insts
    I: 401b90
    I: 401b94
    I: 401b97
    I: 401b99
    I: 401b9c
    I: 401b9e
    I: 401ba1
    I: 401ba5
    I: 401ba8 (flow 401fe0)
      Successors: 401fe0, 401bae
  BB: 401d1a in func 401b70 with 2 insts
    I: 401d1a
    I: 401d21 (flow 401fec)
      Successors: 401fec
  BB: 401e1b in func 401b70 with 1 insts
    I: 401e1b (flow 401ff6)
      Successors: 401ff6
  BB: 401d9e in func 401b70 with 1 insts
    I: 401d9e (flow 401ff6)
      Successors: 401ff6
  BB: 401e20 in func 401b70 with 1 insts
    I: 401e20 (flow 401e25)
      Successors: 401e25
  BB: 401da3 in func 401b70 with 36 insts
    I: 401da3 (imm 40504c)
    I: 401daa
    I: 401dac (imm 405034)
    I: 401db3
    I: 401db5
    I: 401db7
    I: 401dbd
    I: 401dc0
    I: 401dc6
    I: 401dc9
    I: 401dcc
    I: 401dcf
    I: 401dd3
    I: 401dd6
    I: 401dda
    I: 401ddd
    I: 401de0
    I: 401de3
    I: 401de7
    I: 401de9
    I: 401dec
    I: 401dee
    I: 401df0
    I: 401df3
    I: 401df6
    I: 401dfa
    I: 401dfd
    I: 401e00
    I: 401e03
    I: 401e06
    I: 401e09
    I: 401e0c
    I: 401e0f
    I: 401e11
    I: 401e13
    I: 401e15 (flow 401e20)
      Successors: 401e20, 401e1b
  BB: 401e25 in func 401b70 with 20 insts
    I: 401e25 (imm 40504c)
    I: 401e2c
    I: 401e2e (imm 405034)
    I: 401e35
    I: 401e37
    I: 401e39
    I: 401e3f
    I: 401e42
    I: 401e48
    I: 401e4b
    I: 401e4e
    I: 401e51
    I: 401e54
    I: 401e57
    I: 401e5a
    I: 401e5c
    I: 401e5e
    I: 401e60
    I: 401e62
    I: 401e64 (flow 401e6f)
      Successors: 401e6a, 401e6f
  BB: 401d26 in func 401b70 with 36 insts
    I: 401d26 (imm 40504c)
    I: 401d2d
    I: 401d2f (imm 405034)
    I: 401d36
    I: 401d38
    I: 401d3a
    I: 401d40
    I: 401d43
    I: 401d49
    I: 401d4c
    I: 401d4f
    I: 401d52
    I: 401d56
    I: 401d59
    I: 401d5d
    I: 401d60
    I: 401d63
    I: 401d66
    I: 401d6a
    I: 401d6c
    I: 401d6f
    I: 401d71
    I: 401d73
    I: 401d76
    I: 401d79
    I: 401d7d
    I: 401d80
    I: 401d83
    I: 401d86
    I: 401d89
    I: 401d8c
    I: 401d8f
    I: 401d92
    I: 401d94
    I: 401d96
    I: 401d98 (flow 401da3)
      Successors: 401da3, 401d9e
  BB: 401bae in func 401b70 with 9 insts
    I: 401bae
    I: 401bb2
    I: 401bb5
    I: 401bb7
    I: 401bba
    I: 401bbc
    I: 401bbf
    I: 401bc3
    I: 401bc6 (flow 401ee9)
      Successors: 401ee9, 401bcc
  BB: 401c44 in func 401b70 with 1 insts
    I: 401c44 (flow 401ff1)
      Successors: 401ff1
  BB: 401c49 in func 401b70 with 46 insts
    I: 401c49
    I: 401c4d
    I: 401c50
    I: 401c56
    I: 401c59
    I: 401c5f
    I: 401c62
    I: 401c66
    I: 401c69
    I: 401c6c
    I: 401c6f (imm 40504c)
    I: 401c76
    I: 401c78 (imm 405034)
    I: 401c7f
    I: 401c81
    I: 401c83
    I: 401c89
    I: 401c8c
    I: 401c92
    I: 401c95
    I: 401c98
    I: 401c9b
    I: 401c9f
    I: 401ca2
    I: 401ca6
    I: 401ca9
    I: 401cac
    I: 401caf
    I: 401cb3
    I: 401cb5
    I: 401cb8
    I: 401cba
    I: 401cbc
    I: 401cbf
    I: 401cc2
    I: 401cc6
    I: 401cc9
    I: 401ccc
    I: 401ccf
    I: 401cd2
    I: 401cd5
    I: 401cd8
    I: 401cdb
    I: 401cdd
    I: 401cdf
    I: 401ce1 (flow 401cec)
      Successors: 401cec, 401ce7
  BB: 401bcc in func 401b70 with 36 insts
    I: 401bcc (imm 40504c)
    I: 401bd3
    I: 401bd5 (imm 405034)
    I: 401bdc
    I: 401bde
    I: 401be0
    I: 401be6
    I: 401be9
    I: 401bef
    I: 401bf2
    I: 401bf5
    I: 401bf8
    I: 401bfc
    I: 401bff
    I: 401c03
    I: 401c06
    I: 401c09
    I: 401c0c
    I: 401c10
    I: 401c12
    I: 401c15
    I: 401c17
    I: 401c19
    I: 401c1c
    I: 401c1f
    I: 401c23
    I: 401c26
    I: 401c29
    I: 401c2c
    I: 401c2f
    I: 401c32
    I: 401c35
    I: 401c38
    I: 401c3a
    I: 401c3c
    I: 401c3e (flow 401c49)
      Successors: 401c49, 401c44
  BB: 401fd6 in func 401b70 with 1 insts
    I: 401fd6 (flow 402000)
      Successors: 402000
  BB: 401f59 in func 401b70 with 1 insts
    I: 401f59 (flow 402000)
      Successors: 402000
  BB: 401fdb in func 401b70 with 1 insts
    I: 401fdb (flow 401fe0)
      Successors: 401fe0
  BB: 401f5e in func 401b70 with 36 insts
    I: 401f5e (imm 40504c)
    I: 401f65
    I: 401f67 (imm 405034)
    I: 401f6e
    I: 401f70
    I: 401f72
    I: 401f78
    I: 401f7b
    I: 401f81
    I: 401f84
    I: 401f87
    I: 401f8a
    I: 401f8e
    I: 401f91
    I: 401f95
    I: 401f98
    I: 401f9b
    I: 401f9e
    I: 401fa2
    I: 401fa4
    I: 401fa7
    I: 401fa9
    I: 401fab
    I: 401fae
    I: 401fb1
    I: 401fb5
    I: 401fb8
    I: 401fbb
    I: 401fbe
    I: 401fc1
    I: 401fc4
    I: 401fc7
    I: 401fca
    I: 401fcc
    I: 401fce
    I: 401fd0 (flow 401fdb)
      Successors: 401fdb, 401fd6
  BB: 401edf in func 401b70 with 1 insts
    I: 401edf (flow 401ffb)
      Successors: 401ffb
  BB: 401fe0 in func 401b70 with 1 insts
    I: 401fe0 (flow 401fe5)
      Successors: 401fe5
  BB: 401ee4 in func 401b70 with 1 insts
    I: 401ee4 (flow 401ee9)
      Successors: 401ee9
  BB: 401fe5 in func 401b70 with 1 insts
    I: 401fe5
      Successors: 401fec
  BB: 401ce7 in func 401b70 with 1 insts
    I: 401ce7 (flow 401ff1)
      Successors: 401ff1
  BB: 401ee9 in func 401b70 with 36 insts
    I: 401ee9 (imm 40504c)
    I: 401ef0
    I: 401ef2 (imm 405034)
    I: 401ef9
    I: 401efb
    I: 401efd
    I: 401f00
    I: 401f02
    I: 401f04
    I: 401f07
    I: 401f0a
    I: 401f0d
    I: 401f11
    I: 401f14
    I: 401f18
    I: 401f1b
    I: 401f1e
    I: 401f21
    I: 401f25
    I: 401f27
    I: 401f2a
    I: 401f2c
    I: 401f2e
    I: 401f31
    I: 401f34
    I: 401f38
    I: 401f3b
    I: 401f3e
    I: 401f41
    I: 401f44
    I: 401f47
    I: 401f4a
    I: 401f4d
    I: 401f4f
    I: 401f51
    I: 401f53 (flow 401f5e)
      Successors: 401f59, 401f5e
  BB: 401e6a in func 401b70 with 1 insts
    I: 401e6a (flow 401ffb)
      Successors: 401ffb
  BB: 401cec in func 401b70 with 3 insts
    I: 401cec
    I: 401cef
    I: 401cf1 (flow 401cfc)
      Successors: 401cfc, 401cf7
  BB: 401fec in func 401b70 with 3 insts
    I: 401fec
    I: 401fef
    I: 401ff0
      No successors
  BB: 401e6f in func 401b70 with 36 insts
    I: 401e6f (imm 40504c)
    I: 401e76
    I: 401e78 (imm 405034)
    I: 401e7f
    I: 401e81
    I: 401e83
    I: 401e86
    I: 401e88
    I: 401e8a
    I: 401e8d
    I: 401e90
    I: 401e93
    I: 401e97
    I: 401e9a
    I: 401e9e
    I: 401ea1
    I: 401ea4
    I: 401ea7
    I: 401eab
    I: 401ead
    I: 401eb0
    I: 401eb2
    I: 401eb4
    I: 401eb7
    I: 401eba
    I: 401ebe
    I: 401ec1
    I: 401ec4
    I: 401ec7
    I: 401eca
    I: 401ecd
    I: 401ed0
    I: 401ed3
    I: 401ed5
    I: 401ed7
    I: 401ed9 (flow 401ee4)
      Successors: 401ee4, 401edf
  BB: 401b70 in func 401b70 with 9 insts
    I: 401b70
    I: 401b71
    I: 401b74
    I: 401b78
    I: 401b7b
    I: 401b7f
    I: 401b83
    I: 401b87
    I: 401b8a (flow 401fe5)
      Successors: 401b90, 401fe5
  BB: 401ff1 in func 401b70 with 1 insts
    I: 401ff1 (flow 401c49)
      Successors: 401c49
  BB: 401ff6 in func 401b70 with 1 insts
    I: 401ff6 (flow 401da3)
      Successors: 401da3
  BB: 401cf7 in func 401b70 with 1 insts
    I: 401cf7 (flow 401e25)
      Successors: 401e25
  BB: 401ffb in func 401b70 with 1 insts
    I: 401ffb (flow 401e6f)
      Successors: 401e6f
  BB: 401cfc in func 401b70 with 9 insts
    I: 401cfc
    I: 401d00
    I: 401d03
    I: 401d05
    I: 401d08
    I: 401d0a
    I: 401d0d
    I: 401d11
    I: 401d14 (flow 401d26)
      Successors: 401d1a, 401d26
Recovering 402010
  Analysing subroutine sub_402010 at 402010
    Block head at 0040209d is not code.
  Subroutine sub_402010 at 402010 has 1 blocks
  BB: 402010 in func 402010 with 41 insts
    I: 402010
    I: 402011
    I: 402014
    I: 402018
    I: 40201b
    I: 40201f
    I: 402023
    I: 402027
    I: 40202b
    I: 40202e
    I: 402034
    I: 402037
    I: 40203d
    I: 402040
    I: 402044
    I: 402048
    I: 40204b
    I: 40204d
    I: 40204f
    I: 402051
    I: 402054
    I: 402056
    I: 402058
    I: 40205a
    I: 40205d
    I: 402061
    I: 402065
    I: 402068
    I: 40206e
    I: 402071
    I: 402077
    I: 40207a
    I: 40207e
    I: 402082
    I: 402085
    I: 40208b
    I: 40208e
    I: 402094
    I: 402097
    I: 40209b
    I: 40209c
      No successors
Recovering .term_proc at 4020a0
  Analysing subroutine .term_proc at 4020a0
    Block head at 004020ad is not code.
  Subroutine .term_proc at 4020a0 has 1 blocks
  BB: 4020a0 in func 4020a0 with 4 insts
    I: 4020a0
    I: 4020a4
    I: 4020a8
    I: 4020ac
      No successors
Global Variable None
WARNING: Global constructor and destructor sections are adjacent!
Recovering region LOAD [400000, 400500) in segment LOAD
  8-byte reference at 400018 to 401060 (start)
  8-byte reference at 4000f8 to 401000 (.init_proc)
  8-byte reference at 400130 to 403000 ()
  8-byte reference at 400168 to 404de8 ()
  8-byte reference at 400280 to 403008 ()
  8-byte reference at 4002f0 to 404de8 ()
Recovering region .init [401000, 40101b) in segment .init
Recovering region LOAD [40101b, 401020) in segment LOAD
Recovering region .plt [401020, 401060) in segment .plt
Recovering region .text [401060, 40209d) in segment .text
Recovering region LOAD [40209d, 4020a0) in segment LOAD
Recovering region .fini [4020a0, 4020ad) in segment .fini
Recovering region .rodata [403000, 403007) in segment .rodata
  Variable format at 403004
Recovering region LOAD [403007, 403008) in segment LOAD
Recovering region .eh_frame_hdr [403008, 40305c) in segment .eh_frame_hdr
Recovering region LOAD [40305c, 403060) in segment LOAD
Recovering region .eh_frame [403060, 40319c) in segment .eh_frame
Recovering region LOAD [40319c, 4031e0) in segment LOAD
Recovering region .init_array [404de8, 404df8) in segment .init_array
  8-byte reference at 404de8 to 401140 ()
  8-byte reference at 404df0 to 401110 ()
Recovering region LOAD [404df8, 404fd8) in segment LOAD
Recovering region .got [404fd8, 404fe8) in segment .got
  8-byte reference at 404fd8 to 405060 (__libc_start_main)
  8-byte reference at 404fe0 to 405080 (__gmon_start__)
Recovering region .got.plt [404fe8, 405018) in segment .got.plt
  8-byte reference at 405000 to 405068 (puts)
  8-byte reference at 405008 to 405070 (printf)
  8-byte reference at 405010 to 405078 (getchar)
Recovering region .data [405018, 405028) in segment .data
Recovering region .bss [405028, 405060) in segment .bss
Recovering extern function puts at 401030
Recovering extern function printf at 401040
Recovering extern function getchar at 401050
Recovering extern function __libc_start_main at 405060
Recovering extern function puts at 405068
Recovering extern function printf at 405070
Recovering extern function getchar at 405078
Recovering extern function __gmon_start__ at 405080
Recovered 13 functions.
Saving to: /home/ubuntu/capstone_project/result/pipeline_20260629_141746/s586984127_bcf_instsub.cfg
Done analysis!
