Debugging is enabled.
Loading Standard Definitions file: /home/ubuntu/capstone_project/dependency/mcsema/mcsema/lib/python3/site-packages/mcsema_disass-3.1.3.8-py3.8.egg/mcsema_disass/defs/linux.txt
Using Batch mode.
Starting analysis
Recovering module s586984127_fla.elf
Found main at 401150
Looking for instructions in segment .init
  Default block heads for function 401000 with loose bounds [401000, 40101b)
    block [401000, 401014)
    block [401014, 401016)
    block [401016, 40101b)
    chunk [401000, 40101b)
Looking for instructions in segment .plt
  Default block heads for function 401020 with loose bounds [401020, 40102c)
    block [401020, 40102c)
    chunk [401020, 40102c)
  Default block heads for function 401030 with loose bounds [401030, 401036)
    block [401030, 401036)
    chunk [401030, 401036)
  Default block heads for function 401040 with loose bounds [401040, 401046)
    block [401040, 401046)
    chunk [401040, 401046)
  Default block heads for function 401050 with loose bounds [401050, 401056)
    block [401050, 401056)
    chunk [401050, 401056)
Looking for instructions in segment .text
  Default block heads for function 401060 with loose bounds [401060, 401086)
    block [401060, 401086)
    chunk [401060, 401086)
  Default block heads for function 4010a0 with loose bounds [4010a0, 4010c1)
    block [4010a0, 4010ad)
    block [4010ad, 4010b7)
    block [4010b7, 4010be)
    block [4010c0, 4010c1)
    chunk [4010a0, 4010c1)
  Default block heads for function 401110 with loose bounds [401110, 401131)
    block [401110, 40111d)
    block [40111d, 40112f)
    block [401130, 401131)
    chunk [401110, 401131)
  Default block heads for function 401140 with loose bounds [401140, 401146)
    block [401140, 401146)
    chunk [401140, 401146)
    chunk [4010d0, 401101)
  Default block heads for function 401150 with loose bounds [401150, 40135f)
    block [401150, 40117d)
    block [40117d, 401194)
    block [401194, 401199)
    block [401199, 4011aa)
    block [4011aa, 4011af)
    block [4011af, 4011c0)
    block [4011c0, 4011c5)
    block [4011c5, 4011d6)
    block [4011d6, 4011db)
    block [4011db, 4011ec)
    block [4011ec, 4011f1)
    block [4011f1, 401202)
    block [401202, 401207)
    block [401207, 401218)
    block [401218, 40121d)
    block [40121d, 40122e)
    block [40122e, 401233)
    block [401233, 401238)
    block [401238, 401277)
    block [401277, 401286)
    block [401286, 4012a4)
    block [4012a4, 4012cf)
    block [4012cf, 4012f3)
    block [4012f3, 401322)
    block [401322, 401340)
    block [401340, 40135a)
    block [40135a, 40135f)
    chunk [401150, 40135f)
  Default block heads for function 401360 with loose bounds [401360, 401511)
    block [401360, 40137d)
    block [40137d, 40138e)
    block [40138e, 401393)
    block [401393, 4013a1)
    block [4013a1, 4013a6)
    block [4013a6, 4013b4)
    block [4013b4, 4013b9)
    block [4013b9, 4013c7)
    block [4013c7, 4013cc)
    block [4013cc, 4013da)
    block [4013da, 4013df)
    block [4013df, 4013ed)
    block [4013ed, 4013f2)
    block [4013f2, 401400)
    block [401400, 401405)
    block [401405, 401413)
    block [401413, 401418)
    block [401418, 401426)
    block [401426, 40142b)
    block [40142b, 401430)
    block [401430, 40144b)
    block [40144b, 401471)
    block [401471, 401492)
    block [401492, 4014b8)
    block [4014b8, 4014d9)
    block [4014d9, 4014e5)
    block [4014e5, 4014f1)
    block [4014f1, 401506)
    block [401506, 40150c)
    block [40150c, 401511)
    chunk [401360, 401511)
  Default block heads for function 401520 with loose bounds [401520, 40174c)
    block [401520, 401541)
    block [401541, 401552)
    block [401552, 401557)
    block [401557, 401565)
    block [401565, 40156a)
    block [40156a, 401578)
    block [401578, 40157d)
    block [40157d, 40158b)
    block [40158b, 401590)
    block [401590, 40159e)
    block [40159e, 4015a3)
    block [4015a3, 4015b1)
    block [4015b1, 4015b6)
    block [4015b6, 4015c4)
    block [4015c4, 4015c9)
    block [4015c9, 4015d7)
    block [4015d7, 4015dc)
    block [4015dc, 4015ea)
    block [4015ea, 4015ef)
    block [4015ef, 4015fd)
    block [4015fd, 401602)
    block [401602, 401610)
    block [401610, 401615)
    block [401615, 401623)
    block [401623, 401628)
    block [401628, 40162d)
    block [40162d, 401648)
    block [401648, 401671)
    block [401671, 40169a)
    block [40169a, 4016c3)
    block [4016c3, 4016ec)
    block [4016ec, 4016ff)
    block [4016ff, 40170b)
    block [40170b, 401717)
    block [401717, 401723)
    block [401723, 40172f)
    block [40172f, 401742)
    block [401742, 401747)
    block [401747, 40174c)
    chunk [401520, 40174c)
  Default block heads for function 401750 with loose bounds [401750, 4017ad)
    block [401750, 4017ad)
    chunk [401750, 4017ad)
  Default block heads for function 4017b0 with loose bounds [4017b0, 4019dc)
    block [4017b0, 4017d1)
    block [4017d1, 4017e2)
    block [4017e2, 4017e7)
    block [4017e7, 4017f5)
    block [4017f5, 4017fa)
    block [4017fa, 401808)
    block [401808, 40180d)
    block [40180d, 40181b)
    block [40181b, 401820)
    block [401820, 40182e)
    block [40182e, 401833)
    block [401833, 401841)
    block [401841, 401846)
    block [401846, 401854)
    block [401854, 401859)
    block [401859, 401867)
    block [401867, 40186c)
    block [40186c, 40187a)
    block [40187a, 40187f)
    block [40187f, 40188d)
    block [40188d, 401892)
    block [401892, 4018a0)
    block [4018a0, 4018a5)
    block [4018a5, 4018b3)
    block [4018b3, 4018b8)
    block [4018b8, 4018bd)
    block [4018bd, 4018d8)
    block [4018d8, 401901)
    block [401901, 40192a)
    block [40192a, 401953)
    block [401953, 40197c)
    block [40197c, 40198f)
    block [40198f, 40199b)
    block [40199b, 4019a7)
    block [4019a7, 4019b3)
    block [4019b3, 4019bf)
    block [4019bf, 4019d2)
    block [4019d2, 4019d7)
    block [4019d7, 4019dc)
    chunk [4017b0, 4019dc)
  Default block heads for function 4019e0 with loose bounds [4019e0, 401a3d)
    block [4019e0, 401a3d)
    chunk [4019e0, 401a3d)
Looking for instructions in segment .fini
  Default block heads for function 401a40 with loose bounds [401a40, 401a4d)
    block [401a40, 401a4d)
    chunk [401a40, 401a4d)
Looking for strings in segment .rodata [402000, 402007)
  Found string b'%c' of length 3 at 402004, jumping to 402007
Looking for strings in segment .eh_frame_hdr [402008, 40205c)
Looking for strings in segment .eh_frame [402060, 40219c)
Looking for strings in segment .init_array [403de8, 403df0)
Looking for strings in segment .fini_array [403df0, 403df8)
Looking for strings in segment .got [403fd8, 403fe8)
Looking for strings in segment .got.plt [403fe8, 404018)
Looking for strings in segment .data [404018, 404028)
Looking for strings in segment .bss [404028, 404030)
Looking for strings in segment extern [404030, 404058)
Looking for cross-references in segment .init [401000, 40101b)
Looking for cross-references in segment .plt [401020, 401060)
  Stopping scan at 40102c
Looking for cross-references in segment .text [401060, 401a3d)
  Stopping scan at 40108c
  Stopping scan at 40109c
  Stopping scan at ffffffffffffffff
  Stopping scan at 4010cc
  Stopping scan at 40110c
  Stopping scan at ffffffffffffffff
  Stopping scan at 40113c
  Stopping scan at 40114c
  Stopping scan at ffffffffffffffff
  Stopping scan at 40151c
  Stopping scan at 40174c
  Stopping scan at ffffffffffffffff
  Stopping scan at 4019dc
Looking for cross-references in segment .fini [401a40, 401a4d)
Looking for cross-references in segment .rodata [402000, 402007)
  Found string at 402004, jumping to 402007
  Stopping scan at 402004
Looking for cross-references in segment .eh_frame_hdr [402008, 40205c)
  Stopping scan at 402058
Looking for cross-references in segment .eh_frame [402060, 40219c)
  Stopping scan at 402198
Looking for cross-references in segment .init_array [403de8, 403df0)
  Adding qword reference from 403de8 to 401140
  Stopping scan at 403de8
Looking for cross-references in segment .fini_array [403df0, 403df8)
  Adding qword reference from 403df0 to 401110
  Stopping scan at 403df0
Looking for cross-references in segment .got [403fd8, 403fe8)
  Adding qword reference from 403fd8 to 404030
  Adding qword reference from 403fe0 to 404050
  Stopping scan at 403fe0
Looking for cross-references in segment .got.plt [403fe8, 404018)
  Adding qword reference from 404000 to 404038
  Adding qword reference from 404008 to 404040
  Adding qword reference from 404010 to 404048
  Stopping scan at 404010
Looking for cross-references in segment .data [404018, 404028)
  Stopping scan at 404024
Looking for cross-references in segment .bss [404028, 404030)
  Stopping scan at 40402c
Looking for cross-references in segment extern [404030, 404058)
  Stopping scan at 404054
Looking for thunks
  Found thunk for puts targeting 404038 at 401030
  Found thunk for printf targeting 404040 at 401040
  Found thunk for getchar targeting 404048 at 401050
Looking for external symbols
  Function at 401030 is the external function puts
  Function at 401040 is the external function printf
  Function at 401050 is the external function getchar
  Function at 404030 is the external function __libc_start_main
  Function at 404038 is the external function puts
  Function at 404040 is the external function printf
  Function at 404048 is the external function getchar
  Function at 404050 is the external function __gmon_start__
Looking for entrypoints
Recovering .init_proc at 401000
  Analysing subroutine .init_proc at 401000
    Block head at 0040101b is not code.
  Subroutine .init_proc at 401000 has 3 blocks
  BB: 401000 in func 401000 with 5 insts
    Referenced by data
    I: 401000
    I: 401004
    I: 401008 (mem 403fe0)
    I: 40100f
    I: 401012 (flow 401016)
      Successors: 401014, 401016
  BB: 401014 in func 401000 with 1 insts
    I: 401014
      Successors: 401016
  BB: 401016 in func 401000 with 2 insts
    I: 401016
    I: 40101a
      No successors
Recovering 401020
  Analysing subroutine sub_401020 at 401020
  WARNING: No table entries for indirect jump at 401026; Adding next_ea 40102c as successor.
  Subroutine sub_401020 at 401020 has 2 blocks
  WARNING: No table entries for indirect jump at 401026; Adding next_ea 40102c as successor.
  BB: 401020 in func 401020 with 2 insts
    I: 401020 (mem 403ff0)
    I: 401026 (mem 403ff8)
      Successors: 40102c
  BB: 40102c in func 401020 with 1 insts
    I: 40102c
      No successors
Recovering start at 401060
  Analysing subroutine start at 401060
  Subroutine start at 401060 has 3 blocks
  BB: 401060 in func 401060 with 13 insts
    Referenced by data
    I: 401060
    I: 401064
    I: 401066
    I: 401069
    I: 40106a
    I: 40106d
    I: 401071
    I: 401072
    I: 401073
    I: 401076
    I: 401078 (imm 401150)
    I: 40107f (mem 403fd8)
    I: 401085
      No successors
  BB: 401095 in func 401060 with 2 insts
    I: 401095
    I: 40109f
      No successors
  BB: 401086 in func 401060 with 3 insts
    I: 401086
    I: 401090
    I: 401094
      No successors
Recovering 4010a0
  Analysing subroutine sub_4010A0 at 4010a0
  WARNING: No table entries for indirect jump at 4010bc; Adding next_ea 4010be as successor.
  WARNING: No table entries for indirect jump at 4010fe; Adding next_ea 401100 as successor.
  Subroutine sub_4010A0 at 4010a0 has 11 blocks
  BB: 4010a0 in func 4010a0 with 3 insts
    I: 4010a0 (imm 404028)
    I: 4010a5 (imm 404028)
    I: 4010ab (flow 4010c0)
      Successors: 4010c0, 4010ad
  BB: 4010c0 in func 4010a0 with 1 insts
    I: 4010c0
      No successors
  BB: 4010c1 in func 4010a0 with 2 insts
    I: 4010c1
    I: 4010c5
      Successors: 4010d0
  BB: 401100 in func 4010a0 with 1 insts
    I: 401100
      No successors
  BB: 401101 in func 4010a0 with 2 insts
    I: 401101
    I: 401105
      No successors
  BB: 4010ad in func 4010a0 with 3 insts
    I: 4010ad
    I: 4010b2
    I: 4010b5 (flow 4010c0)
      Successors: 4010c0, 4010b7
  BB: 4010ef in func 4010a0 with 3 insts
    I: 4010ef
    I: 4010f4
    I: 4010f7 (flow 401100)
      Successors: 401100, 4010f9
  BB: 4010d0 in func 4010a0 with 8 insts
    I: 4010d0 (imm 404028)
    I: 4010d5 (imm 404028)
    I: 4010dc
    I: 4010df
    I: 4010e3
    I: 4010e7
    I: 4010ea
    I: 4010ed (flow 401100)
      Successors: 401100, 4010ef
  WARNING: No table entries for indirect jump at 4010bc; Adding next_ea 4010be as successor.
  BB: 4010b7 in func 4010a0 with 2 insts
    I: 4010b7 (imm 404028)
    I: 4010bc
      Successors: 4010be
  WARNING: No table entries for indirect jump at 4010fe; Adding next_ea 401100 as successor.
  BB: 4010f9 in func 4010a0 with 2 insts
    I: 4010f9 (imm 404028)
    I: 4010fe
      Successors: 401100
  BB: 4010be in func 4010a0 with 1 insts
    I: 4010be
      Successors: 4010c0
Recovering 401110
  Analysing subroutine sub_401110 at 401110
  Subroutine sub_401110 at 401110 has 5 blocks
  BB: 40112f in func 401110 with 1 insts
    I: 40112f
      Successors: 401130
  BB: 401110 in func 401110 with 3 insts
    Referenced by data
    I: 401110
    I: 401114 (mem 404028)
    I: 40111b (flow 401130)
      Successors: 401130, 40111d
  BB: 401131 in func 401110 with 2 insts
    I: 401131
    I: 401135
      No successors
  BB: 401130 in func 401110 with 1 insts
    I: 401130
      No successors
  BB: 40111d in func 401110 with 6 insts
    I: 40111d
    I: 40111e
    I: 401121 (flow 4010a0)
    I: 401126 (mem 404028)
    I: 40112d
    I: 40112e
      No successors
Recovering 401140
  Analysing subroutine sub_401140 at 401140
  WARNING: No table entries for indirect jump at 4010fe; Adding next_ea 401100 as successor.
  Subroutine sub_401140 at 401140 has 6 blocks
  BB: 401140 in func 401140 with 2 insts
    Referenced by data
    I: 401140
    I: 401144 (flow 4010d0)
      Successors: 4010d0
  BB: 401100 in func 401140 with 1 insts
    I: 401100
      No successors
  BB: 401146 in func 401140 with 1 insts
    I: 401146
      No successors
  BB: 4010ef in func 401140 with 3 insts
    I: 4010ef
    I: 4010f4
    I: 4010f7 (flow 401100)
      Successors: 401100, 4010f9
  BB: 4010d0 in func 401140 with 8 insts
    I: 4010d0 (imm 404028)
    I: 4010d5 (imm 404028)
    I: 4010dc
    I: 4010df
    I: 4010e3
    I: 4010e7
    I: 4010ea
    I: 4010ed (flow 401100)
      Successors: 401100, 4010ef
  WARNING: No table entries for indirect jump at 4010fe; Adding next_ea 401100 as successor.
  BB: 4010f9 in func 401140 with 2 insts
    I: 4010f9 (imm 404028)
    I: 4010fe
      Successors: 401100
Recovering main at 401150
  Analysing subroutine main at 401150
  Subroutine main at 401150 has 28 blocks
  BB: 401202 in func 401150 with 1 insts
    I: 401202 (flow 401207)
      Successors: 401207
  BB: 401286 in func 401150 with 5 insts
    I: 401286
    I: 40128c
    I: 40128f
    I: 401295
    I: 40129f (flow 40135a)
      Successors: 40135a
  BB: 401207 in func 401150 with 3 insts
    I: 401207
    I: 40120d
    I: 401212 (flow 401322)
      Successors: 401218, 401322
  BB: 401194 in func 401150 with 1 insts
    I: 401194 (flow 401199)
      Successors: 401199
  BB: 401218 in func 401150 with 1 insts
    I: 401218 (flow 40121d)
      Successors: 40121d
  BB: 401199 in func 401150 with 3 insts
    I: 401199
    I: 40119f
    I: 4011a4 (flow 401286)
      Successors: 4011aa, 401286
  BB: 40121d in func 401150 with 3 insts
    I: 40121d
    I: 401223
    I: 401228 (flow 4012a4)
      Successors: 4012a4, 40122e
  BB: 401322 in func 401150 with 5 insts
    I: 401322
    I: 401328
    I: 40132b
    I: 401331
    I: 40133b (flow 40135a)
      Successors: 40135a
  BB: 4012a4 in func 401150 with 6 insts
    I: 4012a4
    I: 4012ab
    I: 4012b1 (flow 401360)
    I: 4012b6
    I: 4012c0
    I: 4012ca (flow 40135a)
      Successors: 40135a
  BB: 4011aa in func 401150 with 1 insts
    I: 4011aa (flow 4011af)
      Successors: 4011af
  BB: 40122e in func 401150 with 1 insts
    I: 40122e (flow 401233)
      Successors: 401233
  BB: 4011af in func 401150 with 3 insts
    I: 4011af
    I: 4011b5
    I: 4011ba (flow 4012cf)
      Successors: 4011c0, 4012cf
  BB: 401233 in func 401150 with 1 insts
    I: 401233 (flow 40135a)
      Successors: 40135a
  BB: 401238 in func 401150 with 12 insts
    I: 401238 (flow 404048)
    I: 40123d
    I: 40123f
    I: 401246
    I: 40124d
    I: 401254
    I: 40125c
    I: 401261
    I: 401266
    I: 401269
    I: 40126c
    I: 401272 (flow 40135a)
      Successors: 40135a
  BB: 4011c0 in func 401150 with 1 insts
    I: 4011c0 (flow 4011c5)
      Successors: 4011c5
  BB: 401340 in func 401150 with 6 insts
    I: 401340 (imm 402006)
    I: 40134a (flow 404038)
    I: 40134f
    I: 401351
    I: 401358
    I: 401359
      No successors
  BB: 4011c5 in func 401150 with 3 insts
    I: 4011c5
    I: 4011cb
    I: 4011d0 (flow 4012f3)
      Successors: 4012f3, 4011d6
  BB: 4012cf in func 401150 with 7 insts
    I: 4012cf
    I: 4012d5
    I: 4012da
    I: 4012df
    I: 4012e5
    I: 4012e8
    I: 4012ee (flow 40135a)
      Successors: 40135a
  BB: 401150 in func 401150 with 8 insts
    Referenced by data
    I: 401150
    I: 401151
    I: 401154
    I: 40115b
    I: 401162
    I: 401165
    I: 401169
    I: 401173
      Successors: 40117d
  BB: 4011d6 in func 401150 with 1 insts
    I: 4011d6 (flow 4011db)
      Successors: 4011db
  BB: 40135a in func 401150 with 1 insts
    I: 40135a (flow 40117d)
      Successors: 40117d
  BB: 4011db in func 401150 with 3 insts
    I: 4011db
    I: 4011e1
    I: 4011e6 (flow 401238)
      Successors: 401238, 4011ec
  BB: 40135f in func 401150 with 1 insts
    I: 40135f
      No successors
  BB: 4011ec in func 401150 with 1 insts
    I: 4011ec (flow 4011f1)
      Successors: 4011f1
  BB: 4011f1 in func 401150 with 3 insts
    I: 4011f1
    I: 4011f7
    I: 4011fc (flow 401340)
      Successors: 401340, 401202
  BB: 4012f3 in func 401150 with 7 insts
    I: 4012f3
    I: 4012fa
    I: 401302 (imm 402004)
    I: 40130c
    I: 40130e (flow 404040)
    I: 401313
    I: 40131d (flow 40135a)
      Successors: 40135a
  BB: 401277 in func 401150 with 2 insts
    I: 401277
    I: 401281 (flow 40135a)
      Successors: 40135a
  BB: 40117d in func 401150 with 4 insts
    I: 40117d
    I: 401183
    I: 401189
    I: 40118e (flow 401277)
      Successors: 401194, 401277
Recovering 401360
  Analysing subroutine sub_401360 at 401360
  Subroutine sub_401360 at 401360 has 31 blocks
  BB: 401400 in func 401360 with 1 insts
    I: 401400 (flow 401405)
      Successors: 401405
  BB: 401405 in func 401360 with 3 insts
    I: 401405
    I: 401408
    I: 40140d (flow 401492)
      Successors: 401492, 401413
  BB: 401506 in func 401360 with 3 insts
    I: 401506
    I: 40150a
    I: 40150b
      No successors
  BB: 40150c in func 401360 with 1 insts
    I: 40150c (flow 40137d)
      Successors: 40137d
  BB: 40138e in func 401360 with 1 insts
    I: 40138e (flow 401393)
      Successors: 401393
  BB: 401511 in func 401360 with 2 insts
    I: 401511
    I: 40151b
      No successors
  BB: 401492 in func 401360 with 10 insts
    I: 401492
    I: 401496
    I: 401499 (flow 4017b0)
    I: 40149e
    I: 4014a0
    I: 4014a5
    I: 4014aa
    I: 4014ad
    I: 4014b0
    I: 4014b3 (flow 40150c)
      Successors: 40150c
  BB: 401393 in func 401360 with 3 insts
    I: 401393
    I: 401396
    I: 40139b (flow 4014b8)
      Successors: 4014b8, 4013a1
  BB: 401413 in func 401360 with 1 insts
    I: 401413 (flow 401418)
      Successors: 401418
  BB: 401418 in func 401360 with 3 insts
    I: 401418
    I: 40141b
    I: 401420 (flow 401471)
      Successors: 401471, 401426
  BB: 4013a1 in func 401360 with 1 insts
    I: 4013a1 (flow 4013a6)
      Successors: 4013a6
  BB: 4013a6 in func 401360 with 3 insts
    I: 4013a6
    I: 4013a9
    I: 4013ae (flow 4014f1)
      Successors: 4014f1, 4013b4
  BB: 401426 in func 401360 with 1 insts
    I: 401426 (flow 40142b)
      Successors: 40142b
  BB: 40142b in func 401360 with 1 insts
    I: 40142b (flow 40150c)
      Successors: 40150c
  BB: 401430 in func 401360 with 7 insts
    I: 401430
    I: 401433
    I: 401438
    I: 40143d
    I: 401440
    I: 401443
    I: 401446 (flow 40150c)
      Successors: 40150c
  BB: 4013b4 in func 401360 with 1 insts
    I: 4013b4 (flow 4013b9)
      Successors: 4013b9
  BB: 4014b8 in func 401360 with 8 insts
    I: 4014b8
    I: 4014bc
    I: 4014bf (flow 4019e0)
    I: 4014c4
    I: 4014c7
    I: 4014ca
    I: 4014cd
    I: 4014d4 (flow 40150c)
      Successors: 40150c
  BB: 4013b9 in func 401360 with 3 insts
    I: 4013b9
    I: 4013bc
    I: 4013c1 (flow 401506)
      Successors: 401506, 4013c7
  BB: 4013c7 in func 401360 with 1 insts
    I: 4013c7 (flow 4013cc)
      Successors: 4013cc
  BB: 40144b in func 401360 with 10 insts
    I: 40144b
    I: 40144f
    I: 401452 (flow 401520)
    I: 401457
    I: 401459
    I: 40145e
    I: 401463
    I: 401466
    I: 401469
    I: 40146c (flow 40150c)
      Successors: 40150c
  BB: 4013cc in func 401360 with 3 insts
    I: 4013cc
    I: 4013cf
    I: 4013d4 (flow 40144b)
      Successors: 4013da, 40144b
  BB: 4014d9 in func 401360 with 2 insts
    I: 4014d9
    I: 4014e0 (flow 40150c)
      Successors: 40150c
  BB: 4013da in func 401360 with 1 insts
    I: 4013da (flow 4013df)
      Successors: 4013df
  BB: 4013df in func 401360 with 3 insts
    I: 4013df
    I: 4013e2
    I: 4013e7 (flow 4014e5)
      Successors: 4014e5, 4013ed
  BB: 401360 in func 401360 with 7 insts
    I: 401360
    I: 401361
    I: 401364
    I: 401368
    I: 40136c
    I: 40136f
    I: 401376
      Successors: 40137d
  BB: 4014e5 in func 401360 with 2 insts
    I: 4014e5
    I: 4014ec (flow 40150c)
      Successors: 40150c
  BB: 4013ed in func 401360 with 1 insts
    I: 4013ed (flow 4013f2)
      Successors: 4013f2
  BB: 401471 in func 401360 with 8 insts
    I: 401471
    I: 401475
    I: 401478 (flow 401750)
    I: 40147d
    I: 401480
    I: 401483
    I: 401486
    I: 40148d (flow 40150c)
      Successors: 40150c
  BB: 4013f2 in func 401360 with 3 insts
    I: 4013f2
    I: 4013f5
    I: 4013fa (flow 401430)
      Successors: 401400, 401430
  BB: 4014f1 in func 401360 with 5 insts
    I: 4014f1
    I: 4014f4
    I: 4014f7
    I: 4014fa
    I: 401501 (flow 40150c)
      Successors: 40150c
  BB: 40137d in func 401360 with 4 insts
    I: 40137d
    I: 401380
    I: 401383
    I: 401388 (flow 4014d9)
      Successors: 4014d9, 40138e
Recovering 401520
  Analysing subroutine sub_401520 at 401520
  Subroutine sub_401520 at 401520 has 40 blocks
  BB: 401602 in func 401520 with 3 insts
    I: 401602
    I: 401605
    I: 40160a (flow 401717)
      Successors: 401610, 401717
  BB: 40170b in func 401520 with 2 insts
    I: 40170b
    I: 401712 (flow 401747)
      Successors: 401747
  BB: 40158b in func 401520 with 1 insts
    I: 40158b (flow 401590)
      Successors: 401590
  BB: 401610 in func 401520 with 1 insts
    I: 401610 (flow 401615)
      Successors: 401615
  BB: 401590 in func 401520 with 3 insts
    I: 401590
    I: 401593
    I: 401598 (flow 401742)
      Successors: 401742, 40159e
  BB: 401615 in func 401520 with 3 insts
    I: 401615
    I: 401618
    I: 40161d (flow 4016ec)
      Successors: 401623, 4016ec
  BB: 401717 in func 401520 with 2 insts
    I: 401717
    I: 40171e (flow 401747)
      Successors: 401747
  BB: 40169a in func 401520 with 11 insts
    I: 40169a
    I: 40169e
    I: 4016a1
    I: 4016a4
    I: 4016a7
    I: 4016ab
    I: 4016b0
    I: 4016b5
    I: 4016b8
    I: 4016bb
    I: 4016be (flow 401747)
      Successors: 401747
  BB: 40157d in func 401520 with 3 insts
    I: 40157d
    I: 401580
    I: 401585 (flow 4016ff)
      Successors: 40158b, 4016ff
  BB: 40159e in func 401520 with 1 insts
    I: 40159e (flow 4015a3)
      Successors: 4015a3
  BB: 401520 in func 401520 with 9 insts
    I: 401520
    I: 401521
    I: 401524
    I: 401528
    I: 40152b
    I: 40152f
    I: 401533
    I: 401537
    I: 40153a
      Successors: 401541
  BB: 4015a3 in func 401520 with 3 insts
    I: 4015a3
    I: 4015a6
    I: 4015ab (flow 401648)
      Successors: 401648, 4015b1
  BB: 401623 in func 401520 with 1 insts
    I: 401623 (flow 401628)
      Successors: 401628
  BB: 401723 in func 401520 with 2 insts
    I: 401723
    I: 40172a (flow 401747)
      Successors: 401747
  BB: 401628 in func 401520 with 1 insts
    I: 401628 (flow 401747)
      Successors: 401747
  BB: 40162d in func 401520 with 7 insts
    I: 40162d
    I: 401630
    I: 401635
    I: 40163a
    I: 40163d
    I: 401640
    I: 401643 (flow 401747)
      Successors: 401747
  BB: 40172f in func 401520 with 3 insts
    I: 40172f
    I: 401736
    I: 40173d (flow 401747)
      Successors: 401747
  BB: 4015b1 in func 401520 with 1 insts
    I: 4015b1 (flow 4015b6)
      Successors: 4015b6
  BB: 4015b6 in func 401520 with 3 insts
    I: 4015b6
    I: 4015b9
    I: 4015be (flow 4016c3)
      Successors: 4016c3, 4015c4
  BB: 401541 in func 401520 with 4 insts
    I: 401541
    I: 401544
    I: 401547
    I: 40154c (flow 40172f)
      Successors: 401552, 40172f
  BB: 401742 in func 401520 with 3 insts
    I: 401742
    I: 401745
    I: 401746
      No successors
  BB: 4016c3 in func 401520 with 11 insts
    I: 4016c3
    I: 4016c7
    I: 4016ca
    I: 4016cd
    I: 4016d0
    I: 4016d4
    I: 4016d9
    I: 4016de
    I: 4016e1
    I: 4016e4
    I: 4016e7 (flow 401747)
      Successors: 401747
  BB: 4015c4 in func 401520 with 1 insts
    I: 4015c4 (flow 4015c9)
      Successors: 4015c9
  BB: 401747 in func 401520 with 1 insts
    I: 401747 (flow 401541)
      Successors: 401541
  BB: 401648 in func 401520 with 11 insts
    I: 401648
    I: 40164c
    I: 40164f
    I: 401652
    I: 401655
    I: 401659
    I: 40165e
    I: 401663
    I: 401666
    I: 401669
    I: 40166c (flow 401747)
      Successors: 401747
  BB: 4015c9 in func 401520 with 3 insts
    I: 4015c9
    I: 4015cc
    I: 4015d1 (flow 40169a)
      Successors: 40169a, 4015d7
  BB: 40174c in func 401520 with 1 insts
    I: 40174c
      No successors
  BB: 401552 in func 401520 with 1 insts
    I: 401552 (flow 401557)
      Successors: 401557
  BB: 4015d7 in func 401520 with 1 insts
    I: 4015d7 (flow 4015dc)
      Successors: 4015dc
  BB: 401557 in func 401520 with 3 insts
    I: 401557
    I: 40155a
    I: 40155f (flow 40170b)
      Successors: 40170b, 401565
  BB: 4015dc in func 401520 with 3 insts
    I: 4015dc
    I: 4015df
    I: 4015e4 (flow 401723)
      Successors: 4015ea, 401723
  BB: 401565 in func 401520 with 1 insts
    I: 401565 (flow 40156a)
      Successors: 40156a
  BB: 40156a in func 401520 with 3 insts
    I: 40156a
    I: 40156d
    I: 401572 (flow 401671)
      Successors: 401578, 401671
  BB: 4015ea in func 401520 with 1 insts
    I: 4015ea (flow 4015ef)
      Successors: 4015ef
  BB: 4016ec in func 401520 with 3 insts
    I: 4016ec
    I: 4016f3
    I: 4016fa (flow 401747)
      Successors: 401747
  BB: 4015ef in func 401520 with 3 insts
    I: 4015ef
    I: 4015f2
    I: 4015f7 (flow 40162d)
      Successors: 40162d, 4015fd
  BB: 401671 in func 401520 with 11 insts
    I: 401671
    I: 401675
    I: 401678
    I: 40167b
    I: 40167e
    I: 401682
    I: 401687
    I: 40168c
    I: 40168f
    I: 401692
    I: 401695 (flow 401747)
      Successors: 401747
  BB: 401578 in func 401520 with 1 insts
    I: 401578 (flow 40157d)
      Successors: 40157d
  BB: 4015fd in func 401520 with 1 insts
    I: 4015fd (flow 401602)
      Successors: 401602
  BB: 4016ff in func 401520 with 2 insts
    I: 4016ff
    I: 401706 (flow 401747)
      Successors: 401747
Recovering 401750
  Analysing subroutine sub_401750 at 401750
  Subroutine sub_401750 at 401750 has 2 blocks
  BB: 401750 in func 401750 with 29 insts
    I: 401750
    I: 401751
    I: 401754
    I: 401758
    I: 40175b
    I: 40175f
    I: 401763
    I: 401767
    I: 40176b
    I: 40176e
    I: 401771
    I: 401774
    I: 401778
    I: 40177c
    I: 40177f
    I: 401782
    I: 401785
    I: 401789
    I: 40178d
    I: 401790
    I: 401793
    I: 401796
    I: 40179a
    I: 40179e
    I: 4017a1
    I: 4017a4
    I: 4017a7
    I: 4017ab
    I: 4017ac
      No successors
  BB: 4017ad in func 401750 with 1 insts
    I: 4017ad
      No successors
Recovering 4017b0
  Analysing subroutine sub_4017B0 at 4017b0
  Subroutine sub_4017B0 at 4017b0 has 40 blocks
  BB: 401901 in func 4017b0 with 11 insts
    I: 401901
    I: 401905
    I: 401908
    I: 40190b
    I: 40190e
    I: 401912
    I: 401917
    I: 40191c
    I: 40191f
    I: 401922
    I: 401925 (flow 4019d7)
      Successors: 4019d7
  BB: 401808 in func 4017b0 with 1 insts
    I: 401808 (flow 40180d)
      Successors: 40180d
  BB: 40180d in func 4017b0 with 3 insts
    I: 40180d
    I: 401810
    I: 401815 (flow 401953)
      Successors: 401953, 40181b
  BB: 40188d in func 4017b0 with 1 insts
    I: 40188d (flow 401892)
      Successors: 401892
  BB: 40198f in func 4017b0 with 2 insts
    I: 40198f
    I: 401996 (flow 4019d7)
      Successors: 4019d7
  BB: 401892 in func 4017b0 with 3 insts
    I: 401892
    I: 401895
    I: 40189a (flow 4018d8)
      Successors: 4018a0, 4018d8
  BB: 40199b in func 4017b0 with 2 insts
    I: 40199b
    I: 4019a2 (flow 4019d7)
      Successors: 4019d7
  BB: 40181b in func 4017b0 with 1 insts
    I: 40181b (flow 401820)
      Successors: 401820
  BB: 401820 in func 4017b0 with 3 insts
    I: 401820
    I: 401823
    I: 401828 (flow 40199b)
      Successors: 40199b, 40182e
  BB: 4018a0 in func 4017b0 with 1 insts
    I: 4018a0 (flow 4018a5)
      Successors: 4018a5
  BB: 4018a5 in func 4017b0 with 3 insts
    I: 4018a5
    I: 4018a8
    I: 4018ad (flow 4019b3)
      Successors: 4018b3, 4019b3
  BB: 40187a in func 4017b0 with 1 insts
    I: 40187a (flow 40187f)
      Successors: 40187f
  BB: 4019a7 in func 4017b0 with 2 insts
    I: 4019a7
    I: 4019ae (flow 4019d7)
      Successors: 4019d7
  BB: 40192a in func 4017b0 with 11 insts
    I: 40192a
    I: 40192e
    I: 401931
    I: 401934
    I: 401937
    I: 40193b
    I: 401940
    I: 401945
    I: 401948
    I: 40194b
    I: 40194e (flow 4019d7)
      Successors: 4019d7
  BB: 40182e in func 4017b0 with 1 insts
    I: 40182e (flow 401833)
      Successors: 401833
  BB: 4017b0 in func 4017b0 with 9 insts
    I: 4017b0
    I: 4017b1
    I: 4017b4
    I: 4017b8
    I: 4017bb
    I: 4017bf
    I: 4017c3
    I: 4017c7
    I: 4017ca
      Successors: 4017d1
  BB: 401833 in func 4017b0 with 3 insts
    I: 401833
    I: 401836
    I: 40183b (flow 4019a7)
      Successors: 401841, 4019a7
  BB: 4018b3 in func 4017b0 with 1 insts
    I: 4018b3 (flow 4018b8)
      Successors: 4018b8
  BB: 4019b3 in func 4017b0 with 2 insts
    I: 4019b3
    I: 4019ba (flow 4019d7)
      Successors: 4019d7
  BB: 4018b8 in func 4017b0 with 1 insts
    I: 4018b8 (flow 4019d7)
      Successors: 4019d7
  BB: 4018bd in func 4017b0 with 7 insts
    I: 4018bd
    I: 4018c0
    I: 4018c5
    I: 4018ca
    I: 4018cd
    I: 4018d0
    I: 4018d3 (flow 4019d7)
      Successors: 4019d7
  BB: 4019bf in func 4017b0 with 3 insts
    I: 4019bf
    I: 4019c6
    I: 4019cd (flow 4019d7)
      Successors: 4019d7
  BB: 401841 in func 4017b0 with 1 insts
    I: 401841 (flow 401846)
      Successors: 401846
  BB: 401846 in func 4017b0 with 3 insts
    I: 401846
    I: 401849
    I: 40184e (flow 40198f)
      Successors: 401854, 40198f
  BB: 4017d1 in func 4017b0 with 4 insts
    I: 4017d1
    I: 4017d4
    I: 4017d7
    I: 4017dc (flow 40197c)
      Successors: 4017e2, 40197c
  BB: 4019d2 in func 4017b0 with 3 insts
    I: 4019d2
    I: 4019d5
    I: 4019d6
      No successors
  BB: 401953 in func 4017b0 with 11 insts
    I: 401953
    I: 401957
    I: 40195a
    I: 40195d
    I: 401960
    I: 401964
    I: 401969
    I: 40196e
    I: 401971
    I: 401974
    I: 401977 (flow 4019d7)
      Successors: 4019d7
  BB: 401854 in func 4017b0 with 1 insts
    I: 401854 (flow 401859)
      Successors: 401859
  BB: 4019d7 in func 4017b0 with 1 insts
    I: 4019d7 (flow 4017d1)
      Successors: 4017d1
  BB: 4018d8 in func 4017b0 with 11 insts
    I: 4018d8
    I: 4018dc
    I: 4018df
    I: 4018e2
    I: 4018e5
    I: 4018e9
    I: 4018ee
    I: 4018f3
    I: 4018f6
    I: 4018f9
    I: 4018fc (flow 4019d7)
      Successors: 4019d7
  BB: 401859 in func 4017b0 with 3 insts
    I: 401859
    I: 40185c
    I: 401861 (flow 4018bd)
      Successors: 4018bd, 401867
  BB: 4019dc in func 4017b0 with 1 insts
    I: 4019dc
      No successors
  BB: 4017e2 in func 4017b0 with 1 insts
    I: 4017e2 (flow 4017e7)
      Successors: 4017e7
  BB: 4017e7 in func 4017b0 with 3 insts
    I: 4017e7
    I: 4017ea
    I: 4017ef (flow 401901)
      Successors: 401901, 4017f5
  BB: 401867 in func 4017b0 with 1 insts
    I: 401867 (flow 40186c)
      Successors: 40186c
  BB: 40186c in func 4017b0 with 3 insts
    I: 40186c
    I: 40186f
    I: 401874 (flow 40192a)
      Successors: 40187a, 40192a
  BB: 4017f5 in func 4017b0 with 1 insts
    I: 4017f5 (flow 4017fa)
      Successors: 4017fa
  BB: 4017fa in func 4017b0 with 3 insts
    I: 4017fa
    I: 4017fd
    I: 401802 (flow 4019d2)
      Successors: 401808, 4019d2
  BB: 40197c in func 4017b0 with 3 insts
    I: 40197c
    I: 401983
    I: 40198a (flow 4019d7)
      Successors: 4019d7
  BB: 40187f in func 4017b0 with 3 insts
    I: 40187f
    I: 401882
    I: 401887 (flow 4019bf)
      Successors: 40188d, 4019bf
Recovering 4019e0
  Analysing subroutine sub_4019E0 at 4019e0
    Block head at 00401a3d is not code.
  Subroutine sub_4019E0 at 4019e0 has 1 blocks
  BB: 4019e0 in func 4019e0 with 29 insts
    I: 4019e0
    I: 4019e1
    I: 4019e4
    I: 4019e8
    I: 4019eb
    I: 4019ef
    I: 4019f3
    I: 4019f7
    I: 4019fb
    I: 4019fe
    I: 401a01
    I: 401a04
    I: 401a08
    I: 401a0c
    I: 401a0f
    I: 401a12
    I: 401a15
    I: 401a19
    I: 401a1d
    I: 401a20
    I: 401a23
    I: 401a26
    I: 401a2a
    I: 401a2e
    I: 401a31
    I: 401a34
    I: 401a37
    I: 401a3b
    I: 401a3c
      No successors
Recovering .term_proc at 401a40
  Analysing subroutine .term_proc at 401a40
    Block head at 00401a4d is not code.
  Subroutine .term_proc at 401a40 has 1 blocks
  BB: 401a40 in func 401a40 with 4 insts
    I: 401a40
    I: 401a44
    I: 401a48
    I: 401a4c
      No successors
Global Variable None
WARNING: Global constructor and destructor sections are adjacent!
Recovering region LOAD [400000, 400500) in segment LOAD
  8-byte reference at 400018 to 401060 (start)
  8-byte reference at 4000f8 to 401000 (.init_proc)
  8-byte reference at 400130 to 402000 ()
  8-byte reference at 400168 to 403de8 ()
  8-byte reference at 400280 to 402008 ()
  8-byte reference at 4002f0 to 403de8 ()
Recovering region .init [401000, 40101b) in segment .init
Recovering region LOAD [40101b, 401020) in segment LOAD
Recovering region .plt [401020, 401060) in segment .plt
Recovering region .text [401060, 401a3d) in segment .text
Recovering region LOAD [401a3d, 401a40) in segment LOAD
Recovering region .fini [401a40, 401a4d) in segment .fini
Recovering region .rodata [402000, 402007) in segment .rodata
  Variable format at 402004
Recovering region LOAD [402007, 402008) in segment LOAD
Recovering region .eh_frame_hdr [402008, 40205c) in segment .eh_frame_hdr
Recovering region LOAD [40205c, 402060) in segment LOAD
Recovering region .eh_frame [402060, 40219c) in segment .eh_frame
Recovering region LOAD [40219c, 4021e0) in segment LOAD
Recovering region .init_array [403de8, 403df8) in segment .init_array
  8-byte reference at 403de8 to 401140 ()
  8-byte reference at 403df0 to 401110 ()
Recovering region LOAD [403df8, 403fd8) in segment LOAD
Recovering region .got [403fd8, 403fe8) in segment .got
  8-byte reference at 403fd8 to 404030 (__libc_start_main)
  8-byte reference at 403fe0 to 404050 (__gmon_start__)
Recovering region .got.plt [403fe8, 404018) in segment .got.plt
  8-byte reference at 404000 to 404038 (puts)
  8-byte reference at 404008 to 404040 (printf)
  8-byte reference at 404010 to 404048 (getchar)
Recovering region .data [404018, 404028) in segment .data
Recovering region .bss [404028, 404030) in segment .bss
Recovering extern function puts at 401030
Recovering extern function printf at 401040
Recovering extern function getchar at 401050
Recovering extern function __libc_start_main at 404030
Recovering extern function puts at 404038
Recovering extern function printf at 404040
Recovering extern function getchar at 404048
Recovering extern function __gmon_start__ at 404050
Recovered 13 functions.
Saving to: /home/ubuntu/capstone_project/result/pipeline_20260629_141746/s586984127_fla.cfg
Done analysis!
