Debugging is enabled.
Loading Standard Definitions file: /home/ubuntu/capstone_project/dependency/mcsema/mcsema/lib/python3/site-packages/mcsema_disass-3.1.3.8-py3.8.egg/mcsema_disass/defs/linux.txt
Using Batch mode.
Starting analysis
Recovering module s586984127_fla_bcf.elf
Found main at 401150
Looking for instructions in segment .init
  Default block heads for function 401000 with loose bounds [401000, 40101b)
    block [401000, 401014)
    block [401014, 401016)
    block [401016, 40101b)
    chunk [401000, 40101b)
Looking for instructions in segment .plt
  Default block heads for function 401020 with loose bounds [401020, 40102c)
    block [401020, 40102c)
    chunk [401020, 40102c)
  Default block heads for function 401030 with loose bounds [401030, 401036)
    block [401030, 401036)
    chunk [401030, 401036)
  Default block heads for function 401040 with loose bounds [401040, 401046)
    block [401040, 401046)
    chunk [401040, 401046)
  Default block heads for function 401050 with loose bounds [401050, 401056)
    block [401050, 401056)
    chunk [401050, 401056)
Looking for instructions in segment .text
  Default block heads for function 401060 with loose bounds [401060, 401086)
    block [401060, 401086)
    chunk [401060, 401086)
  Default block heads for function 4010a0 with loose bounds [4010a0, 4010c1)
    block [4010a0, 4010ad)
    block [4010ad, 4010b7)
    block [4010b7, 4010be)
    block [4010c0, 4010c1)
    chunk [4010a0, 4010c1)
  Default block heads for function 401110 with loose bounds [401110, 401131)
    block [401110, 40111d)
    block [40111d, 40112f)
    block [401130, 401131)
    chunk [401110, 401131)
  Default block heads for function 401140 with loose bounds [401140, 401146)
    block [401140, 401146)
    chunk [401140, 401146)
    chunk [4010d0, 401101)
  Default block heads for function 401150 with loose bounds [401150, 401837)
    block [401150, 40119a)
    block [40119a, 4011ab)
    block [4011ab, 4011b0)
    block [4011b0, 4011be)
    block [4011be, 4011c3)
    block [4011c3, 4011d1)
    block [4011d1, 4011d6)
    block [4011d6, 4011e4)
    block [4011e4, 4011e9)
    block [4011e9, 4011f7)
    block [4011f7, 4011fc)
    block [4011fc, 40120a)
    block [40120a, 40120f)
    block [40120f, 40121d)
    block [40121d, 401222)
    block [401222, 401230)
    block [401230, 401235)
    block [401235, 401243)
    block [401243, 401248)
    block [401248, 401256)
    block [401256, 40125b)
    block [40125b, 401269)
    block [401269, 40126e)
    block [40126e, 40127c)
    block [40127c, 401281)
    block [401281, 40128f)
    block [40128f, 401294)
    block [401294, 4012a2)
    block [4012a2, 4012a7)
    block [4012a7, 4012b5)
    block [4012b5, 4012ba)
    block [4012ba, 4012c8)
    block [4012c8, 4012cd)
    block [4012cd, 4012db)
    block [4012db, 4012e0)
    block [4012e0, 4012ee)
    block [4012ee, 4012f3)
    block [4012f3, 401301)
    block [401301, 401306)
    block [401306, 401314)
    block [401314, 401319)
    block [401319, 401327)
    block [401327, 40132c)
    block [40132c, 40133a)
    block [40133a, 40133f)
    block [40133f, 40134d)
    block [40134d, 401352)
    block [401352, 401360)
    block [401360, 401365)
    block [401365, 40136a)
    block [40136a, 40138a)
    block [40138a, 401434)
    block [401434, 401440)
    block [401440, 401483)
    block [401483, 4014f5)
    block [4014f5, 401510)
    block [401510, 401553)
    block [401553, 401596)
    block [401596, 4015a2)
    block [4015a2, 4015e5)
    block [4015e5, 401637)
    block [401637, 401643)
    block [401643, 401668)
    block [401668, 4016ab)
    block [4016ab, 401702)
    block [401702, 40171d)
    block [40171d, 401749)
    block [401749, 401764)
    block [401764, 40177a)
    block [40177a, 4017d3)
    block [4017d3, 4017fc)
    block [4017fc, 401808)
    block [401808, 401823)
    block [401823, 401832)
    block [401832, 401837)
    chunk [401150, 401837)
  Default block heads for function 401840 with loose bounds [401840, 401d3b)
    block [401840, 40185d)
    block [40185d, 40186e)
    block [40186e, 401873)
    block [401873, 401881)
    block [401881, 401886)
    block [401886, 401894)
    block [401894, 401899)
    block [401899, 4018a7)
    block [4018a7, 4018ac)
    block [4018ac, 4018ba)
    block [4018ba, 4018bf)
    block [4018bf, 4018cd)
    block [4018cd, 4018d2)
    block [4018d2, 4018e0)
    block [4018e0, 4018e5)
    block [4018e5, 4018f3)
    block [4018f3, 4018f8)
    block [4018f8, 401906)
    block [401906, 40190b)
    block [40190b, 401919)
    block [401919, 40191e)
    block [40191e, 40192c)
    block [40192c, 401931)
    block [401931, 40193f)
    block [40193f, 401944)
    block [401944, 401952)
    block [401952, 401957)
    block [401957, 401965)
    block [401965, 40196a)
    block [40196a, 401978)
    block [401978, 40197d)
    block [40197d, 40198b)
    block [40198b, 401990)
    block [401990, 40199e)
    block [40199e, 4019a3)
    block [4019a3, 4019b1)
    block [4019b1, 4019b6)
    block [4019b6, 4019c4)
    block [4019c4, 4019c9)
    block [4019c9, 4019d7)
    block [4019d7, 4019dc)
    block [4019dc, 4019ea)
    block [4019ea, 4019ef)
    block [4019ef, 4019f4)
    block [4019f4, 401a37)
    block [401a37, 401a88)
    block [401a88, 401aa3)
    block [401aa3, 401ac9)
    block [401ac9, 401b0c)
    block [401b0c, 401b64)
    block [401b64, 401b70)
    block [401b70, 401b96)
    block [401b96, 401bb7)
    block [401bb7, 401bc3)
    block [401bc3, 401c06)
    block [401c06, 401c49)
    block [401c49, 401c55)
    block [401c55, 401c6a)
    block [401c6a, 401cad)
    block [401cad, 401cf0)
    block [401cf0, 401cf6)
    block [401cf6, 401d02)
    block [401d02, 401d23)
    block [401d23, 401d2f)
    block [401d2f, 401d36)
    block [401d36, 401d3b)
    chunk [401840, 401d3b)
  Default block heads for function 401d40 with loose bounds [401d40, 4021dc)
    block [401d40, 401d61)
    block [401d61, 401d72)
    block [401d72, 401d77)
    block [401d77, 401d85)
    block [401d85, 401d8a)
    block [401d8a, 401d98)
    block [401d98, 401d9d)
    block [401d9d, 401dab)
    block [401dab, 401db0)
    block [401db0, 401dbe)
    block [401dbe, 401dc3)
    block [401dc3, 401dd1)
    block [401dd1, 401dd6)
    block [401dd6, 401de4)
    block [401de4, 401de9)
    block [401de9, 401df7)
    block [401df7, 401dfc)
    block [401dfc, 401e0a)
    block [401e0a, 401e0f)
    block [401e0f, 401e1d)
    block [401e1d, 401e22)
    block [401e22, 401e30)
    block [401e30, 401e35)
    block [401e35, 401e43)
    block [401e43, 401e48)
    block [401e48, 401e56)
    block [401e56, 401e5b)
    block [401e5b, 401e69)
    block [401e69, 401e6e)
    block [401e6e, 401e7c)
    block [401e7c, 401e81)
    block [401e81, 401e8f)
    block [401e8f, 401e94)
    block [401e94, 401ea2)
    block [401ea2, 401ea7)
    block [401ea7, 401eb5)
    block [401eb5, 401eba)
    block [401eba, 401ec8)
    block [401ec8, 401ecd)
    block [401ecd, 401edb)
    block [401edb, 401ee0)
    block [401ee0, 401eee)
    block [401eee, 401ef3)
    block [401ef3, 401ef8)
    block [401ef8, 401f13)
    block [401f13, 401f56)
    block [401f56, 401fb5)
    block [401fb5, 401fd0)
    block [401fd0, 401ff9)
    block [401ff9, 402022)
    block [402022, 40204b)
    block [40204b, 40205e)
    block [40205e, 4020a1)
    block [4020a1, 4020e4)
    block [4020e4, 4020f0)
    block [4020f0, 4020fc)
    block [4020fc, 402108)
    block [402108, 402114)
    block [402114, 402127)
    block [402127, 40216a)
    block [40216a, 4021b3)
    block [4021b3, 4021b8)
    block [4021b8, 4021c4)
    block [4021c4, 4021d0)
    block [4021d0, 4021d7)
    block [4021d7, 4021dc)
    chunk [401d40, 4021dc)
  Default block heads for function 4021e0 with loose bounds [4021e0, 4023ce)
    block [4021e0, 40222a)
    block [40222a, 40223b)
    block [40223b, 402240)
    block [402240, 40224e)
    block [40224e, 402253)
    block [402253, 402261)
    block [402261, 402266)
    block [402266, 402274)
    block [402274, 402279)
    block [402279, 40227e)
    block [40227e, 40229e)
    block [40229e, 40234f)
    block [40234f, 402354)
    block [402354, 4023c9)
    block [4023c9, 4023ce)
    chunk [4021e0, 4023ce)
  Default block heads for function 4023d0 with loose bounds [4023d0, 40286c)
    block [4023d0, 4023f1)
    block [4023f1, 402402)
    block [402402, 402407)
    block [402407, 402415)
    block [402415, 40241a)
    block [40241a, 402428)
    block [402428, 40242d)
    block [40242d, 40243b)
    block [40243b, 402440)
    block [402440, 40244e)
    block [40244e, 402453)
    block [402453, 402461)
    block [402461, 402466)
    block [402466, 402474)
    block [402474, 402479)
    block [402479, 402487)
    block [402487, 40248c)
    block [40248c, 40249a)
    block [40249a, 40249f)
    block [40249f, 4024ad)
    block [4024ad, 4024b2)
    block [4024b2, 4024c0)
    block [4024c0, 4024c5)
    block [4024c5, 4024d3)
    block [4024d3, 4024d8)
    block [4024d8, 4024e6)
    block [4024e6, 4024eb)
    block [4024eb, 4024f9)
    block [4024f9, 4024fe)
    block [4024fe, 40250c)
    block [40250c, 402511)
    block [402511, 40251f)
    block [40251f, 402524)
    block [402524, 402532)
    block [402532, 402537)
    block [402537, 402545)
    block [402545, 40254a)
    block [40254a, 402558)
    block [402558, 40255d)
    block [40255d, 40256b)
    block [40256b, 402570)
    block [402570, 40257e)
    block [40257e, 402583)
    block [402583, 402588)
    block [402588, 4025a3)
    block [4025a3, 4025cc)
    block [4025cc, 4025f5)
    block [4025f5, 402638)
    block [402638, 402697)
    block [402697, 4026b2)
    block [4026b2, 4026db)
    block [4026db, 4026ee)
    block [4026ee, 4026fa)
    block [4026fa, 40273d)
    block [40273d, 402780)
    block [402780, 40278c)
    block [40278c, 402798)
    block [402798, 4027a4)
    block [4027a4, 4027b7)
    block [4027b7, 4027fa)
    block [4027fa, 402843)
    block [402843, 402848)
    block [402848, 402854)
    block [402854, 402860)
    block [402860, 402867)
    block [402867, 40286c)
    chunk [4023d0, 40286c)
  Default block heads for function 402870 with loose bounds [402870, 4028cd)
    block [402870, 4028cd)
    chunk [402870, 4028cd)
Looking for instructions in segment .fini
  Default block heads for function 4028d0 with loose bounds [4028d0, 4028dd)
    block [4028d0, 4028dd)
    chunk [4028d0, 4028dd)
Looking for strings in segment .rodata [403000, 403007)
  Found string b'%c' of length 3 at 403004, jumping to 403007
Looking for strings in segment .eh_frame_hdr [403008, 40305c)
Looking for strings in segment .eh_frame [403060, 4031a0)
Looking for strings in segment .init_array [404de8, 404df0)
Looking for strings in segment .fini_array [404df0, 404df8)
Looking for strings in segment .got [404fd8, 404fe8)
Looking for strings in segment .got.plt [404fe8, 405018)
Looking for strings in segment .data [405018, 405028)
Looking for strings in segment .bss [405028, 405060)
Looking for strings in segment extern [405060, 405088)
Looking for cross-references in segment .init [401000, 40101b)
Looking for cross-references in segment .plt [401020, 401060)
  Stopping scan at 40102c
Looking for cross-references in segment .text [401060, 4028cd)
  Stopping scan at 40108c
  Stopping scan at 40109c
  Stopping scan at ffffffffffffffff
  Stopping scan at 4010cc
  Stopping scan at 40110c
  Stopping scan at ffffffffffffffff
  Stopping scan at 40113c
  Stopping scan at 40114c
  Stopping scan at 40183c
  Stopping scan at 401d3c
  Stopping scan at 4021dc
  Stopping scan at ffffffffffffffff
  Stopping scan at 40286c
Looking for cross-references in segment .fini [4028d0, 4028dd)
Looking for cross-references in segment .rodata [403000, 403007)
  Found string at 403004, jumping to 403007
  Stopping scan at 403004
Looking for cross-references in segment .eh_frame_hdr [403008, 40305c)
  Stopping scan at 403058
Looking for cross-references in segment .eh_frame [403060, 4031a0)
  Stopping scan at 40319c
Looking for cross-references in segment .init_array [404de8, 404df0)
  Adding qword reference from 404de8 to 401140
  Stopping scan at 404de8
Looking for cross-references in segment .fini_array [404df0, 404df8)
  Adding qword reference from 404df0 to 401110
  Stopping scan at 404df0
Looking for cross-references in segment .got [404fd8, 404fe8)
  Adding qword reference from 404fd8 to 405060
  Adding qword reference from 404fe0 to 405080
  Stopping scan at 404fe0
Looking for cross-references in segment .got.plt [404fe8, 405018)
  Adding qword reference from 405000 to 405068
  Adding qword reference from 405008 to 405070
  Adding qword reference from 405010 to 405078
  Stopping scan at 405010
Looking for cross-references in segment .data [405018, 405028)
  Stopping scan at 405024
Looking for cross-references in segment .bss [405028, 405060)
  Stopping scan at 40505c
Looking for cross-references in segment extern [405060, 405088)
  Stopping scan at 405084
Looking for thunks
  Found thunk for puts targeting 405068 at 401030
  Found thunk for printf targeting 405070 at 401040
  Found thunk for getchar targeting 405078 at 401050
Looking for external symbols
  Function at 401030 is the external function puts
  Function at 401040 is the external function printf
  Function at 401050 is the external function getchar
  Function at 405060 is the external function __libc_start_main
  Function at 405068 is the external function puts
  Function at 405070 is the external function printf
  Function at 405078 is the external function getchar
  Function at 405080 is the external function __gmon_start__
Looking for entrypoints
Recovering .init_proc at 401000
  Analysing subroutine .init_proc at 401000
    Block head at 0040101b is not code.
  Subroutine .init_proc at 401000 has 3 blocks
  BB: 401000 in func 401000 with 5 insts
    Referenced by data
    I: 401000
    I: 401004
    I: 401008 (mem 404fe0)
    I: 40100f
    I: 401012 (flow 401016)
      Successors: 401014, 401016
  BB: 401014 in func 401000 with 1 insts
    I: 401014
      Successors: 401016
  BB: 401016 in func 401000 with 2 insts
    I: 401016
    I: 40101a
      No successors
Recovering 401020
  Analysing subroutine sub_401020 at 401020
  WARNING: No table entries for indirect jump at 401026; Adding next_ea 40102c as successor.
  Subroutine sub_401020 at 401020 has 2 blocks
  WARNING: No table entries for indirect jump at 401026; Adding next_ea 40102c as successor.
  BB: 401020 in func 401020 with 2 insts
    I: 401020 (mem 404ff0)
    I: 401026 (mem 404ff8)
      Successors: 40102c
  BB: 40102c in func 401020 with 1 insts
    I: 40102c
      No successors
Recovering start at 401060
  Analysing subroutine start at 401060
  Subroutine start at 401060 has 3 blocks
  BB: 401060 in func 401060 with 13 insts
    Referenced by data
    I: 401060
    I: 401064
    I: 401066
    I: 401069
    I: 40106a
    I: 40106d
    I: 401071
    I: 401072
    I: 401073
    I: 401076
    I: 401078 (imm 401150)
    I: 40107f (mem 404fd8)
    I: 401085
      No successors
  BB: 401095 in func 401060 with 2 insts
    I: 401095
    I: 40109f
      No successors
  BB: 401086 in func 401060 with 3 insts
    I: 401086
    I: 401090
    I: 401094
      No successors
Recovering 4010a0
  Analysing subroutine sub_4010A0 at 4010a0
  WARNING: No table entries for indirect jump at 4010bc; Adding next_ea 4010be as successor.
  WARNING: No table entries for indirect jump at 4010fe; Adding next_ea 401100 as successor.
  Subroutine sub_4010A0 at 4010a0 has 11 blocks
  BB: 4010a0 in func 4010a0 with 3 insts
    I: 4010a0 (imm 405028)
    I: 4010a5 (imm 405028)
    I: 4010ab (flow 4010c0)
      Successors: 4010c0, 4010ad
  BB: 4010c0 in func 4010a0 with 1 insts
    I: 4010c0
      No successors
  BB: 4010c1 in func 4010a0 with 2 insts
    I: 4010c1
    I: 4010c5
      Successors: 4010d0
  BB: 401100 in func 4010a0 with 1 insts
    I: 401100
      No successors
  BB: 401101 in func 4010a0 with 2 insts
    I: 401101
    I: 401105
      No successors
  BB: 4010ad in func 4010a0 with 3 insts
    I: 4010ad
    I: 4010b2
    I: 4010b5 (flow 4010c0)
      Successors: 4010c0, 4010b7
  BB: 4010ef in func 4010a0 with 3 insts
    I: 4010ef
    I: 4010f4
    I: 4010f7 (flow 401100)
      Successors: 401100, 4010f9
  BB: 4010d0 in func 4010a0 with 8 insts
    I: 4010d0 (imm 405028)
    I: 4010d5 (imm 405028)
    I: 4010dc
    I: 4010df
    I: 4010e3
    I: 4010e7
    I: 4010ea
    I: 4010ed (flow 401100)
      Successors: 401100, 4010ef
  WARNING: No table entries for indirect jump at 4010bc; Adding next_ea 4010be as successor.
  BB: 4010b7 in func 4010a0 with 2 insts
    I: 4010b7 (imm 405028)
    I: 4010bc
      Successors: 4010be
  WARNING: No table entries for indirect jump at 4010fe; Adding next_ea 401100 as successor.
  BB: 4010f9 in func 4010a0 with 2 insts
    I: 4010f9 (imm 405028)
    I: 4010fe
      Successors: 401100
  BB: 4010be in func 4010a0 with 1 insts
    I: 4010be
      Successors: 4010c0
Recovering 401110
  Analysing subroutine sub_401110 at 401110
  Subroutine sub_401110 at 401110 has 5 blocks
  BB: 40112f in func 401110 with 1 insts
    I: 40112f
      Successors: 401130
  BB: 401110 in func 401110 with 3 insts
    Referenced by data
    I: 401110
    I: 401114 (mem 405028)
    I: 40111b (flow 401130)
      Successors: 401130, 40111d
  BB: 401131 in func 401110 with 2 insts
    I: 401131
    I: 401135
      No successors
  BB: 401130 in func 401110 with 1 insts
    I: 401130
      No successors
  BB: 40111d in func 401110 with 6 insts
    I: 40111d
    I: 40111e
    I: 401121 (flow 4010a0)
    I: 401126 (mem 405028)
    I: 40112d
    I: 40112e
      No successors
Recovering 401140
  Analysing subroutine sub_401140 at 401140
  WARNING: No table entries for indirect jump at 4010fe; Adding next_ea 401100 as successor.
  Subroutine sub_401140 at 401140 has 6 blocks
  BB: 401140 in func 401140 with 2 insts
    Referenced by data
    I: 401140
    I: 401144 (flow 4010d0)
      Successors: 4010d0
  BB: 401100 in func 401140 with 1 insts
    I: 401100
      No successors
  BB: 401146 in func 401140 with 1 insts
    I: 401146
      No successors
  BB: 4010ef in func 401140 with 3 insts
    I: 4010ef
    I: 4010f4
    I: 4010f7 (flow 401100)
      Successors: 401100, 4010f9
  BB: 4010d0 in func 401140 with 8 insts
    I: 4010d0 (imm 405028)
    I: 4010d5 (imm 405028)
    I: 4010dc
    I: 4010df
    I: 4010e3
    I: 4010e7
    I: 4010ea
    I: 4010ed (flow 401100)
      Successors: 401100, 4010ef
  WARNING: No table entries for indirect jump at 4010fe; Adding next_ea 401100 as successor.
  BB: 4010f9 in func 401140 with 2 insts
    I: 4010f9 (imm 405028)
    I: 4010fe
      Successors: 401100
Recovering main at 401150
  Analysing subroutine main at 401150
  Subroutine main at 401150 has 76 blocks
  BB: 401281 in func 401150 with 3 insts
    I: 401281
    I: 401284
    I: 401289 (flow 401702)
      Successors: 401702, 40128f
  BB: 401702 in func 401150 with 7 insts
    I: 401702
    I: 401705
    I: 40170a
    I: 40170f
    I: 401712
    I: 401715
    I: 401718 (flow 401832)
      Successors: 401832
  BB: 401483 in func 401150 with 33 insts
    I: 401483 (flow 405078)
    I: 401488
    I: 40148a
    I: 40148e
    I: 401491
    I: 401495
    I: 401498
    I: 40149c
    I: 40149f
    I: 4014a3
    I: 4014a7
    I: 4014aa
    I: 4014ad
    I: 4014af
    I: 4014b2 (imm 40502c)
    I: 4014b9
    I: 4014bb (imm 405040)
    I: 4014c2
    I: 4014c4
    I: 4014c6
    I: 4014c9
    I: 4014cc
    I: 4014cf
    I: 4014d2
    I: 4014d5
    I: 4014d8
    I: 4014db
    I: 4014dd
    I: 4014e2
    I: 4014e7
    I: 4014ea
    I: 4014ed
    I: 4014f0 (flow 401832)
      Successors: 401832
  BB: 401301 in func 401150 with 1 insts
    I: 401301 (flow 401306)
      Successors: 401306
  BB: 401306 in func 401150 with 3 insts
    I: 401306
    I: 401309
    I: 40130e (flow 401483)
      Successors: 401483, 401314
  BB: 401808 in func 401150 with 7 insts
    I: 401808
    I: 40180c
    I: 40180e
    I: 401811
    I: 401815
    I: 401817
    I: 40181e (flow 401832)
      Successors: 401832
  BB: 40120a in func 401150 with 1 insts
    I: 40120a (flow 40120f)
      Successors: 40120f
  BB: 40138a in func 401150 with 47 insts
    I: 40138a
    I: 40138e
    I: 401391
    I: 401394
    I: 401398
    I: 40139b
    I: 40139e
    I: 4013a2
    I: 4013a5
    I: 4013a8
    I: 4013ac
    I: 4013af
    I: 4013b2
    I: 4013b9
    I: 4013bc
    I: 4013c0
    I: 4013c3
    I: 4013c7
    I: 4013ca
    I: 4013ce
    I: 4013d1
    I: 4013d5
    I: 4013d8
    I: 4013dc
    I: 4013e2
    I: 4013e4
    I: 4013e7
    I: 4013eb
    I: 4013f1 (imm 40502c)
    I: 4013f8
    I: 4013fa (imm 405040)
    I: 401401
    I: 401403
    I: 401405
    I: 401408
    I: 40140b
    I: 40140e
    I: 401411
    I: 401414
    I: 401417
    I: 40141a
    I: 40141c
    I: 401421
    I: 401426
    I: 401429
    I: 40142c
    I: 40142f (flow 401832)
      Successors: 401832
  BB: 40120f in func 401150 with 3 insts
    I: 40120f
    I: 401212
    I: 401217 (flow 401596)
      Successors: 40121d, 401596
  BB: 40128f in func 401150 with 1 insts
    I: 40128f (flow 401294)
      Successors: 401294
  BB: 401510 in func 401150 with 19 insts
    I: 401510 (imm 40502c)
    I: 401517
    I: 401519 (imm 405040)
    I: 401520
    I: 401522
    I: 401524
    I: 401527
    I: 40152a
    I: 40152d
    I: 401530
    I: 401533
    I: 401536
    I: 401539
    I: 40153b
    I: 401540
    I: 401545
    I: 401548
    I: 40154b
    I: 40154e (flow 401832)
      Successors: 401832
  BB: 401294 in func 401150 with 3 insts
    I: 401294
    I: 401297
    I: 40129c (flow 401668)
      Successors: 401668, 4012a2
  BB: 401314 in func 401150 with 1 insts
    I: 401314 (flow 401319)
      Successors: 401319
  BB: 401596 in func 401150 with 2 insts
    I: 401596
    I: 40159d (flow 401832)
      Successors: 401832
  BB: 401319 in func 401150 with 3 insts
    I: 401319
    I: 40131c
    I: 401321 (flow 401553)
      Successors: 401553, 401327
  BB: 40119a in func 401150 with 4 insts
    I: 40119a
    I: 40119d
    I: 4011a0
    I: 4011a5 (flow 40177a)
      Successors: 40177a, 4011ab
  BB: 40171d in func 401150 with 9 insts
    I: 40171d
    I: 401721
    I: 401724
    I: 401728
    I: 40172c (imm 403004)
    I: 401736
    I: 401738 (flow 405070)
    I: 40173d
    I: 401744 (flow 401832)
      Successors: 401832
  BB: 40121d in func 401150 with 1 insts
    I: 40121d (flow 401222)
      Successors: 401222
  BB: 401222 in func 401150 with 3 insts
    I: 401222
    I: 401225
    I: 40122a (flow 401749)
      Successors: 401230, 401749
  BB: 4012a2 in func 401150 with 1 insts
    I: 4012a2 (flow 4012a7)
      Successors: 4012a7
  BB: 4015a2 in func 401150 with 19 insts
    I: 4015a2 (imm 40502c)
    I: 4015a9
    I: 4015ab (imm 405040)
    I: 4015b2
    I: 4015b4
    I: 4015b6
    I: 4015b9
    I: 4015bc
    I: 4015bf
    I: 4015c2
    I: 4015c5
    I: 4015c8
    I: 4015cb
    I: 4015cd
    I: 4015d2
    I: 4015d7
    I: 4015da
    I: 4015dd
    I: 4015e0 (flow 401832)
      Successors: 401832
  BB: 401823 in func 401150 with 3 insts
    I: 401823
    I: 401827
    I: 40182b
      Successors: 401832
  BB: 4012a7 in func 401150 with 3 insts
    I: 4012a7
    I: 4012aa
    I: 4012af (flow 4016ab)
      Successors: 4016ab, 4012b5
  BB: 401327 in func 401150 with 1 insts
    I: 401327 (flow 40132c)
      Successors: 40132c
  BB: 4011ab in func 401150 with 1 insts
    I: 4011ab (flow 4011b0)
      Successors: 4011b0
  BB: 40132c in func 401150 with 3 insts
    I: 40132c
    I: 40132f
    I: 401334 (flow 40136a)
      Successors: 40133a, 40136a
  BB: 4016ab in func 401150 with 26 insts
    I: 4016ab
    I: 4016af
    I: 4016b1
    I: 4016b5
    I: 4016b7
    I: 4016ba
    I: 4016bc
    I: 4016bf (imm 40502c)
    I: 4016c6
    I: 4016c8 (imm 405040)
    I: 4016cf
    I: 4016d1
    I: 4016d3
    I: 4016d6
    I: 4016d9
    I: 4016dc
    I: 4016df
    I: 4016e2
    I: 4016e5
    I: 4016e8
    I: 4016ea
    I: 4016ef
    I: 4016f4
    I: 4016f7
    I: 4016fa
    I: 4016fd (flow 401832)
      Successors: 401832
  BB: 4017fc in func 401150 with 2 insts
    I: 4017fc
    I: 401803 (flow 401832)
      Successors: 401832
  BB: 4011b0 in func 401150 with 3 insts
    I: 4011b0
    I: 4011b3
    I: 4011b8 (flow 401823)
      Successors: 401823, 4011be
  BB: 401230 in func 401150 with 1 insts
    I: 401230 (flow 401235)
      Successors: 401235
  BB: 401832 in func 401150 with 1 insts
    I: 401832 (flow 40119a)
      Successors: 40119a
  BB: 401434 in func 401150 with 2 insts
    I: 401434
    I: 40143b (flow 401832)
      Successors: 401832
  BB: 401235 in func 401150 with 3 insts
    I: 401235
    I: 401238
    I: 40123d (flow 4017fc)
      Successors: 401243, 4017fc
  BB: 4012b5 in func 401150 with 1 insts
    I: 4012b5 (flow 4012ba)
      Successors: 4012ba
  BB: 401637 in func 401150 with 2 insts
    I: 401637
    I: 40163e (flow 401832)
      Successors: 401832
  BB: 401837 in func 401150 with 1 insts
    I: 401837
      No successors
  BB: 4012ba in func 401150 with 3 insts
    I: 4012ba
    I: 4012bd
    I: 4012c2 (flow 4014f5)
      Successors: 4012c8, 4014f5
  BB: 40133a in func 401150 with 1 insts
    I: 40133a (flow 40133f)
      Successors: 40133f
  BB: 4011be in func 401150 with 1 insts
    I: 4011be (flow 4011c3)
      Successors: 4011c3
  BB: 40133f in func 401150 with 3 insts
    I: 40133f
    I: 401342
    I: 401347 (flow 4017d3)
      Successors: 4017d3, 40134d
  BB: 401440 in func 401150 with 19 insts
    I: 401440 (imm 40502c)
    I: 401447
    I: 401449 (imm 405040)
    I: 401450
    I: 401452
    I: 401454
    I: 401457
    I: 40145a
    I: 40145d
    I: 401460
    I: 401463
    I: 401466
    I: 401469
    I: 40146b
    I: 401470
    I: 401475
    I: 401478
    I: 40147b
    I: 40147e (flow 401832)
      Successors: 401832
  BB: 4011c3 in func 401150 with 3 insts
    I: 4011c3
    I: 4011c6
    I: 4011cb (flow 4015e5)
      Successors: 4011d1, 4015e5
  BB: 401243 in func 401150 with 1 insts
    I: 401243 (flow 401248)
      Successors: 401248
  BB: 401643 in func 401150 with 8 insts
    I: 401643
    I: 401647
    I: 40164b
    I: 40164d (flow 401840)
    I: 401652
    I: 401656
    I: 40165c
    I: 401663 (flow 401832)
      Successors: 401832
  BB: 401248 in func 401150 with 3 insts
    I: 401248
    I: 40124b
    I: 401250 (flow 401643)
      Successors: 401643, 401256
  BB: 4012c8 in func 401150 with 1 insts
    I: 4012c8 (flow 4012cd)
      Successors: 4012cd
  BB: 401749 in func 401150 with 7 insts
    I: 401749
    I: 40174d
    I: 40174f
    I: 401752
    I: 401756
    I: 401758
    I: 40175f (flow 401832)
      Successors: 401832
  BB: 4012cd in func 401150 with 3 insts
    I: 4012cd
    I: 4012d0
    I: 4012d5 (flow 40138a)
      Successors: 40138a, 4012db
  BB: 40134d in func 401150 with 1 insts
    I: 40134d (flow 401352)
      Successors: 401352
  BB: 401150 in func 401150 with 22 insts
    Referenced by data
    I: 401150
    I: 401151
    I: 401154
    I: 401158
    I: 40115b
    I: 40115f (imm 40502c)
    I: 401166
    I: 401168 (imm 405040)
    I: 40116f
    I: 401171
    I: 401173
    I: 401176
    I: 401179
    I: 40117c
    I: 40117f
    I: 401182
    I: 401185
    I: 401188
    I: 40118b
    I: 40118e
    I: 401190
    I: 401193
      Successors: 40119a
  BB: 4011d1 in func 401150 with 1 insts
    I: 4011d1 (flow 4011d6)
      Successors: 4011d6
  BB: 401352 in func 401150 with 3 insts
    I: 401352
    I: 401355
    I: 40135a (flow 401440)
      Successors: 401360, 401440
  BB: 401553 in func 401150 with 19 insts
    I: 401553 (imm 40502c)
    I: 40155a
    I: 40155c (imm 405040)
    I: 401563
    I: 401565
    I: 401567
    I: 40156a
    I: 40156d
    I: 401570
    I: 401573
    I: 401576
    I: 401579
    I: 40157c
    I: 40157e
    I: 401583
    I: 401588
    I: 40158b
    I: 40158e
    I: 401591 (flow 401832)
      Successors: 401832
  BB: 4017d3 in func 401150 with 10 insts
    I: 4017d3 (flow 405078)
    I: 4017d8
    I: 4017da
    I: 4017de
    I: 4017e1
    I: 4017e5
    I: 4017e8
    I: 4017ec
    I: 4017f0
    I: 4017f7 (flow 401832)
      Successors: 401832
  BB: 4011d6 in func 401150 with 3 insts
    I: 4011d6
    I: 4011d9
    I: 4011de (flow 40171d)
      Successors: 4011e4, 40171d
  BB: 401256 in func 401150 with 1 insts
    I: 401256 (flow 40125b)
      Successors: 40125b
  BB: 40125b in func 401150 with 3 insts
    I: 40125b
    I: 40125e
    I: 401263 (flow 4015a2)
      Successors: 401269, 4015a2
  BB: 4012db in func 401150 with 1 insts
    I: 4012db (flow 4012e0)
      Successors: 4012e0
  BB: 4012e0 in func 401150 with 3 insts
    I: 4012e0
    I: 4012e3
    I: 4012e8 (flow 401764)
      Successors: 401764, 4012ee
  BB: 401360 in func 401150 with 1 insts
    I: 401360 (flow 401365)
      Successors: 401365
  BB: 4011e4 in func 401150 with 1 insts
    I: 4011e4 (flow 4011e9)
      Successors: 4011e9
  BB: 401365 in func 401150 with 1 insts
    I: 401365 (flow 401832)
      Successors: 401832
  BB: 4015e5 in func 401150 with 24 insts
    I: 4015e5
    I: 4015e9
    I: 4015eb
    I: 4015ee
    I: 4015f2
    I: 4015f4 (imm 40502c)
    I: 4015fb
    I: 4015fd (imm 405040)
    I: 401604
    I: 401606
    I: 401608
    I: 40160b
    I: 40160e
    I: 401611
    I: 401614
    I: 401617
    I: 40161a
    I: 40161d
    I: 40161f
    I: 401624
    I: 401629
    I: 40162c
    I: 40162f
    I: 401632 (flow 401832)
      Successors: 401832
  BB: 401764 in func 401150 with 6 insts
    I: 401764 (imm 403006)
    I: 40176e (flow 405068)
    I: 401773
    I: 401775
    I: 401778
    I: 401779
      No successors
  BB: 401668 in func 401150 with 19 insts
    I: 401668 (imm 40502c)
    I: 40166f
    I: 401671 (imm 405040)
    I: 401678
    I: 40167a
    I: 40167c
    I: 40167f
    I: 401682
    I: 401685
    I: 401688
    I: 40168b
    I: 40168e
    I: 401691
    I: 401693
    I: 401698
    I: 40169d
    I: 4016a0
    I: 4016a3
    I: 4016a6 (flow 401832)
      Successors: 401832
  BB: 4011e9 in func 401150 with 3 insts
    I: 4011e9
    I: 4011ec
    I: 4011f1 (flow 401808)
      Successors: 401808, 4011f7
  BB: 401269 in func 401150 with 1 insts
    I: 401269 (flow 40126e)
      Successors: 40126e
  BB: 40136a in func 401150 with 9 insts
    I: 40136a
    I: 40136d
    I: 401370
    I: 401372
    I: 401377
    I: 40137c
    I: 40137f
    I: 401382
    I: 401385 (flow 401832)
      Successors: 401832
  BB: 40126e in func 401150 with 3 insts
    I: 40126e
    I: 401271
    I: 401276 (flow 401637)
      Successors: 40127c, 401637
  BB: 4012ee in func 401150 with 1 insts
    I: 4012ee (flow 4012f3)
      Successors: 4012f3
  BB: 4011fc in func 401150 with 3 insts
    I: 4011fc
    I: 4011ff
    I: 401204 (flow 401510)
      Successors: 401510, 40120a
  BB: 4012f3 in func 401150 with 3 insts
    I: 4012f3
    I: 4012f6
    I: 4012fb (flow 401434)
      Successors: 401301, 401434
  BB: 4014f5 in func 401150 with 7 insts
    I: 4014f5
    I: 4014f8
    I: 4014fd
    I: 401502
    I: 401505
    I: 401508
    I: 40150b (flow 401832)
      Successors: 401832
  BB: 4011f7 in func 401150 with 1 insts
    I: 4011f7 (flow 4011fc)
      Successors: 4011fc
  BB: 40177a in func 401150 with 23 insts
    I: 40177a
    I: 40177e
    I: 401781
    I: 401784
    I: 401788
    I: 40178b
    I: 40178e
    I: 401792
    I: 401795
    I: 401798
    I: 40179c
    I: 40179f
    I: 4017a2
    I: 4017a8
    I: 4017ab
    I: 4017ae
    I: 4017b2
    I: 4017b5
    I: 4017bc
    I: 4017be
    I: 4017c1
    I: 4017c7
    I: 4017ce (flow 401832)
      Successors: 401832
  BB: 40127c in func 401150 with 1 insts
    I: 40127c (flow 401281)
      Successors: 401281
Recovering 401840
  Analysing subroutine sub_401840 at 401840
  Subroutine sub_401840 at 401840 has 67 blocks
  BB: 401881 in func 401840 with 1 insts
    I: 401881 (flow 401886)
      Successors: 401886
  BB: 401d02 in func 401840 with 8 insts
    I: 401d02
    I: 401d06
    I: 401d09 (flow 4021e0)
    I: 401d0e
    I: 401d11
    I: 401d14
    I: 401d17
    I: 401d1e (flow 401d36)
      Successors: 401d36
  BB: 401886 in func 401840 with 3 insts
    I: 401886
    I: 401889
    I: 40188e (flow 401c55)
      Successors: 401894, 401c55
  BB: 401906 in func 401840 with 1 insts
    I: 401906 (flow 40190b)
      Successors: 40190b
  BB: 401a88 in func 401840 with 7 insts
    I: 401a88
    I: 401a8b
    I: 401a90
    I: 401a95
    I: 401a98
    I: 401a9b
    I: 401a9e (flow 401d36)
      Successors: 401d36
  BB: 401c06 in func 401840 with 19 insts
    I: 401c06 (imm 405054)
    I: 401c0d
    I: 401c0f (imm 40503c)
    I: 401c16
    I: 401c18
    I: 401c1a
    I: 401c1d
    I: 401c20
    I: 401c23
    I: 401c26
    I: 401c29
    I: 401c2c
    I: 401c2f
    I: 401c31
    I: 401c36
    I: 401c3b
    I: 401c3e
    I: 401c41
    I: 401c44 (flow 401d36)
      Successors: 401d36
  BB: 40190b in func 401840 with 3 insts
    I: 40190b
    I: 40190e
    I: 401913 (flow 401c6a)
      Successors: 401919, 401c6a
  BB: 40198b in func 401840 with 1 insts
    I: 40198b (flow 401990)
      Successors: 401990
  BB: 401b0c in func 401840 with 25 insts
    I: 401b0c
    I: 401b10
    I: 401b13 (flow 4021e0)
    I: 401b18
    I: 401b1b
    I: 401b1e
    I: 401b21 (imm 405054)
    I: 401b28
    I: 401b2a (imm 40503c)
    I: 401b31
    I: 401b33
    I: 401b35
    I: 401b38
    I: 401b3b
    I: 401b3e
    I: 401b41
    I: 401b44
    I: 401b47
    I: 401b4a
    I: 401b4c
    I: 401b51
    I: 401b56
    I: 401b59
    I: 401b5c
    I: 401b5f (flow 401d36)
      Successors: 401d36
  BB: 401990 in func 401840 with 3 insts
    I: 401990
    I: 401993
    I: 401998 (flow 401d2f)
      Successors: 40199e, 401d2f
  BB: 401894 in func 401840 with 1 insts
    I: 401894 (flow 401899)
      Successors: 401899
  BB: 401b96 in func 401840 with 8 insts
    I: 401b96
    I: 401b9a
    I: 401b9d (flow 402870)
    I: 401ba2
    I: 401ba5
    I: 401ba8
    I: 401bab
    I: 401bb2 (flow 401d36)
      Successors: 401d36
  BB: 401919 in func 401840 with 1 insts
    I: 401919 (flow 40191e)
      Successors: 40191e
  BB: 401899 in func 401840 with 3 insts
    I: 401899
    I: 40189c
    I: 4018a1 (flow 401b96)
      Successors: 401b96, 4018a7
  BB: 40199e in func 401840 with 1 insts
    I: 40199e (flow 4019a3)
      Successors: 4019a3
  BB: 40191e in func 401840 with 3 insts
    I: 40191e
    I: 401921
    I: 401926 (flow 4019f4)
      Successors: 4019f4, 40192c
  BB: 4018f8 in func 401840 with 3 insts
    I: 4018f8
    I: 4018fb
    I: 401900 (flow 401a88)
      Successors: 401a88, 401906
  BB: 4019a3 in func 401840 with 3 insts
    I: 4019a3
    I: 4019a6
    I: 4019ab (flow 401cf0)
      Successors: 401cf0, 4019b1
  BB: 401aa3 in func 401840 with 10 insts
    I: 401aa3
    I: 401aa7
    I: 401aaa (flow 401d40)
    I: 401aaf
    I: 401ab1
    I: 401ab6
    I: 401abb
    I: 401abe
    I: 401ac1
    I: 401ac4 (flow 401d36)
      Successors: 401d36
  BB: 401d23 in func 401840 with 2 insts
    I: 401d23
    I: 401d2a (flow 401d36)
      Successors: 401d36
  BB: 4018a7 in func 401840 with 1 insts
    I: 4018a7 (flow 4018ac)
      Successors: 4018ac
  BB: 4018ac in func 401840 with 3 insts
    I: 4018ac
    I: 4018af
    I: 4018b4 (flow 401d02)
      Successors: 4018ba, 401d02
  BB: 40192c in func 401840 with 1 insts
    I: 40192c (flow 401931)
      Successors: 401931
  BB: 401cad in func 401840 with 19 insts
    I: 401cad (imm 405054)
    I: 401cb4
    I: 401cb6 (imm 40503c)
    I: 401cbd
    I: 401cbf
    I: 401cc1
    I: 401cc4
    I: 401cc7
    I: 401cca
    I: 401ccd
    I: 401cd0
    I: 401cd3
    I: 401cd6
    I: 401cd8
    I: 401cdd
    I: 401ce2
    I: 401ce5
    I: 401ce8
    I: 401ceb (flow 401d36)
      Successors: 401d36
  BB: 401d2f in func 401840 with 1 insts
    I: 401d2f
      Successors: 401d36
  BB: 401931 in func 401840 with 3 insts
    I: 401931
    I: 401934
    I: 401939 (flow 401d23)
      Successors: 401d23, 40193f
  BB: 4019b1 in func 401840 with 1 insts
    I: 4019b1 (flow 4019b6)
      Successors: 4019b6
  BB: 4019b6 in func 401840 with 3 insts
    I: 4019b6
    I: 4019b9
    I: 4019be (flow 401b0c)
      Successors: 4019c4, 401b0c
  BB: 401a37 in func 401840 with 24 insts
    I: 401a37
    I: 401a3a
    I: 401a3d
    I: 401a40
    I: 401a42
    I: 401a45 (imm 405054)
    I: 401a4c
    I: 401a4e (imm 40503c)
    I: 401a55
    I: 401a57
    I: 401a59
    I: 401a5c
    I: 401a5f
    I: 401a62
    I: 401a65
    I: 401a68
    I: 401a6b
    I: 401a6e
    I: 401a70
    I: 401a75
    I: 401a7a
    I: 401a7d
    I: 401a80
    I: 401a83 (flow 401d36)
      Successors: 401d36
  BB: 401bb7 in func 401840 with 2 insts
    I: 401bb7
    I: 401bbe (flow 401d36)
      Successors: 401d36
  BB: 401d36 in func 401840 with 1 insts
    I: 401d36 (flow 40185d)
      Successors: 40185d
  BB: 4018ba in func 401840 with 1 insts
    I: 4018ba (flow 4018bf)
      Successors: 4018bf
  BB: 401d3b in func 401840 with 1 insts
    I: 401d3b
      No successors
  BB: 4018bf in func 401840 with 3 insts
    I: 4018bf
    I: 4018c2
    I: 4018c7 (flow 401cf6)
      Successors: 4018cd, 401cf6
  BB: 401840 in func 401840 with 7 insts
    I: 401840
    I: 401841
    I: 401844
    I: 401848
    I: 40184c
    I: 40184f
    I: 401856
      Successors: 40185d
  BB: 40193f in func 401840 with 1 insts
    I: 40193f (flow 401944)
      Successors: 401944
  BB: 401bc3 in func 401840 with 19 insts
    I: 401bc3 (imm 405054)
    I: 401bca
    I: 401bcc (imm 40503c)
    I: 401bd3
    I: 401bd5
    I: 401bd7
    I: 401bda
    I: 401bdd
    I: 401be0
    I: 401be3
    I: 401be6
    I: 401be9
    I: 401bec
    I: 401bee
    I: 401bf3
    I: 401bf8
    I: 401bfb
    I: 401bfe
    I: 401c01 (flow 401d36)
      Successors: 401d36
  BB: 401944 in func 401840 with 3 insts
    I: 401944
    I: 401947
    I: 40194c (flow 401bb7)
      Successors: 401952, 401bb7
  BB: 4019c4 in func 401840 with 1 insts
    I: 4019c4 (flow 4019c9)
      Successors: 4019c9
  BB: 4019c9 in func 401840 with 3 insts
    I: 4019c9
    I: 4019cc
    I: 4019d1 (flow 401b64)
      Successors: 401b64, 4019d7
  BB: 401ac9 in func 401840 with 19 insts
    I: 401ac9 (imm 405054)
    I: 401ad0
    I: 401ad2 (imm 40503c)
    I: 401ad9
    I: 401adb
    I: 401add
    I: 401ae0
    I: 401ae3
    I: 401ae6
    I: 401ae9
    I: 401aec
    I: 401aef
    I: 401af2
    I: 401af4
    I: 401af9
    I: 401afe
    I: 401b01
    I: 401b04
    I: 401b07 (flow 401d36)
      Successors: 401d36
  BB: 401c49 in func 401840 with 2 insts
    I: 401c49
    I: 401c50 (flow 401d36)
      Successors: 401d36
  BB: 4018cd in func 401840 with 1 insts
    I: 4018cd (flow 4018d2)
      Successors: 4018d2
  BB: 4018d2 in func 401840 with 3 insts
    I: 4018d2
    I: 4018d5
    I: 4018da (flow 401b70)
      Successors: 4018e0, 401b70
  BB: 401952 in func 401840 with 1 insts
    I: 401952 (flow 401957)
      Successors: 401957
  BB: 401c55 in func 401840 with 5 insts
    I: 401c55
    I: 401c58
    I: 401c5b
    I: 401c5e
    I: 401c65 (flow 401d36)
      Successors: 401d36
  BB: 401957 in func 401840 with 3 insts
    I: 401957
    I: 40195a
    I: 40195f (flow 401aa3)
      Successors: 401aa3, 401965
  BB: 4019d7 in func 401840 with 1 insts
    I: 4019d7 (flow 4019dc)
      Successors: 4019dc
  BB: 4019dc in func 401840 with 3 insts
    I: 4019dc
    I: 4019df
    I: 4019e4 (flow 401ac9)
      Successors: 401ac9, 4019ea
  BB: 40185d in func 401840 with 4 insts
    I: 40185d
    I: 401860
    I: 401863
    I: 401868 (flow 401cad)
      Successors: 401cad, 40186e
  BB: 4018e0 in func 401840 with 1 insts
    I: 4018e0 (flow 4018e5)
      Successors: 4018e5
  BB: 401b64 in func 401840 with 2 insts
    I: 401b64
    I: 401b6b (flow 401d36)
      Successors: 401d36
  BB: 4018e5 in func 401840 with 3 insts
    I: 4018e5
    I: 4018e8
    I: 4018ed (flow 401bc3)
      Successors: 4018f3, 401bc3
  BB: 401965 in func 401840 with 1 insts
    I: 401965 (flow 40196a)
      Successors: 40196a
  BB: 40196a in func 401840 with 3 insts
    I: 40196a
    I: 40196d
    I: 401972 (flow 401c49)
      Successors: 401978, 401c49
  BB: 4019ea in func 401840 with 1 insts
    I: 4019ea (flow 4019ef)
      Successors: 4019ef
  BB: 401c6a in func 401840 with 19 insts
    I: 401c6a (imm 405054)
    I: 401c71
    I: 401c73 (imm 40503c)
    I: 401c7a
    I: 401c7c
    I: 401c7e
    I: 401c81
    I: 401c84
    I: 401c87
    I: 401c8a
    I: 401c8d
    I: 401c90
    I: 401c93
    I: 401c95
    I: 401c9a
    I: 401c9f
    I: 401ca2
    I: 401ca5
    I: 401ca8 (flow 401d36)
      Successors: 401d36
  BB: 40186e in func 401840 with 1 insts
    I: 40186e (flow 401873)
      Successors: 401873
  BB: 4019ef in func 401840 with 1 insts
    I: 4019ef (flow 401d36)
      Successors: 401d36
  BB: 401b70 in func 401840 with 10 insts
    I: 401b70
    I: 401b74
    I: 401b77 (flow 4023d0)
    I: 401b7c
    I: 401b7e
    I: 401b83
    I: 401b88
    I: 401b8b
    I: 401b8e
    I: 401b91 (flow 401d36)
      Successors: 401d36
  BB: 401cf0 in func 401840 with 3 insts
    I: 401cf0
    I: 401cf4
    I: 401cf5
      No successors
  BB: 401873 in func 401840 with 3 insts
    I: 401873
    I: 401876
    I: 40187b (flow 401c06)
      Successors: 401881, 401c06
  BB: 4018f3 in func 401840 with 1 insts
    I: 4018f3 (flow 4018f8)
      Successors: 4018f8
  BB: 4019f4 in func 401840 with 19 insts
    I: 4019f4 (imm 405054)
    I: 4019fb
    I: 4019fd (imm 40503c)
    I: 401a04
    I: 401a06
    I: 401a08
    I: 401a0b
    I: 401a0e
    I: 401a11
    I: 401a14
    I: 401a17
    I: 401a1a
    I: 401a1d
    I: 401a1f
    I: 401a24
    I: 401a29
    I: 401a2c
    I: 401a2f
    I: 401a32 (flow 401d36)
      Successors: 401d36
  BB: 401cf6 in func 401840 with 2 insts
    I: 401cf6
    I: 401cfd (flow 401d36)
      Successors: 401d36
  BB: 401978 in func 401840 with 1 insts
    I: 401978 (flow 40197d)
      Successors: 40197d
  BB: 40197d in func 401840 with 3 insts
    I: 40197d
    I: 401980
    I: 401985 (flow 401a37)
      Successors: 40198b, 401a37
Recovering 401d40
  Analysing subroutine sub_401D40 at 401d40
  Subroutine sub_401D40 at 401d40 has 67 blocks
  BB: 401e81 in func 401d40 with 3 insts
    I: 401e81
    I: 401e84
    I: 401e89 (flow 401fd0)
      Successors: 401fd0, 401e8f
  BB: 401d85 in func 401d40 with 1 insts
    I: 401d85 (flow 401d8a)
      Successors: 401d8a
  BB: 402108 in func 401d40 with 2 insts
    I: 402108
    I: 40210f (flow 4021d7)
      Successors: 4021d7
  BB: 401d8a in func 401d40 with 3 insts
    I: 401d8a
    I: 401d8d
    I: 401d92 (flow 4020fc)
      Successors: 401d98, 4020fc
  BB: 401e0a in func 401d40 with 1 insts
    I: 401e0a (flow 401e0f)
      Successors: 401e0f
  BB: 401e0f in func 401d40 with 3 insts
    I: 401e0f
    I: 401e12
    I: 401e17 (flow 4020a1)
      Successors: 4020a1, 401e1d
  BB: 401e8f in func 401d40 with 1 insts
    I: 401e8f (flow 401e94)
      Successors: 401e94
  BB: 401f13 in func 401d40 with 19 insts
    I: 401f13 (imm 405050)
    I: 401f1a
    I: 401f1c (imm 405038)
    I: 401f23
    I: 401f25
    I: 401f27
    I: 401f2a
    I: 401f2d
    I: 401f30
    I: 401f33
    I: 401f36
    I: 401f39
    I: 401f3c
    I: 401f3e
    I: 401f43
    I: 401f48
    I: 401f4b
    I: 401f4e
    I: 401f51 (flow 4021d7)
      Successors: 4021d7
  BB: 401e94 in func 401d40 with 3 insts
    I: 401e94
    I: 401e97
    I: 401e9c (flow 4020e4)
      Successors: 401ea2, 4020e4
  BB: 402114 in func 401d40 with 3 insts
    I: 402114
    I: 40211b
    I: 402122 (flow 4021d7)
      Successors: 4021d7
  BB: 401d98 in func 401d40 with 1 insts
    I: 401d98 (flow 401d9d)
      Successors: 401d9d
  BB: 401e1d in func 401d40 with 1 insts
    I: 401e1d (flow 401e22)
      Successors: 401e22
  BB: 401d9d in func 401d40 with 3 insts
    I: 401d9d
    I: 401da0
    I: 401da5 (flow 4021c4)
      Successors: 401dab, 4021c4
  BB: 4020a1 in func 401d40 with 19 insts
    I: 4020a1 (imm 405050)
    I: 4020a8
    I: 4020aa (imm 405038)
    I: 4020b1
    I: 4020b3
    I: 4020b5
    I: 4020b8
    I: 4020bb
    I: 4020be
    I: 4020c1
    I: 4020c4
    I: 4020c7
    I: 4020ca
    I: 4020cc
    I: 4020d1
    I: 4020d6
    I: 4020d9
    I: 4020dc
    I: 4020df (flow 4021d7)
      Successors: 4021d7
  BB: 401e22 in func 401d40 with 3 insts
    I: 401e22
    I: 401e25
    I: 401e2a (flow 4021b8)
      Successors: 401e30, 4021b8
  BB: 401ea2 in func 401d40 with 1 insts
    I: 401ea2 (flow 401ea7)
      Successors: 401ea7
  BB: 402022 in func 401d40 with 11 insts
    I: 402022
    I: 402026
    I: 402029
    I: 40202c
    I: 40202f
    I: 402033
    I: 402038
    I: 40203d
    I: 402040
    I: 402043
    I: 402046 (flow 4021d7)
      Successors: 4021d7
  BB: 401ea7 in func 401d40 with 3 insts
    I: 401ea7
    I: 401eaa
    I: 401eaf (flow 402108)
      Successors: 402108, 401eb5
  BB: 402127 in func 401d40 with 19 insts
    I: 402127 (imm 405050)
    I: 40212e
    I: 402130 (imm 405038)
    I: 402137
    I: 402139
    I: 40213b
    I: 40213e
    I: 402141
    I: 402144
    I: 402147
    I: 40214a
    I: 40214d
    I: 402150
    I: 402152
    I: 402157
    I: 40215c
    I: 40215f
    I: 402162
    I: 402165 (flow 4021d7)
      Successors: 4021d7
  BB: 401dab in func 401d40 with 1 insts
    I: 401dab (flow 401db0)
      Successors: 401db0
  BB: 401db0 in func 401d40 with 3 insts
    I: 401db0
    I: 401db3
    I: 401db8 (flow 401ef8)
      Successors: 401ef8, 401dbe
  BB: 401e30 in func 401d40 with 1 insts
    I: 401e30 (flow 401e35)
      Successors: 401e35
  BB: 4021b3 in func 401d40 with 3 insts
    I: 4021b3
    I: 4021b6
    I: 4021b7
      No successors
  BB: 401e35 in func 401d40 with 3 insts
    I: 401e35
    I: 401e38
    I: 401e3d (flow 402022)
      Successors: 402022, 401e43
  BB: 401eb5 in func 401d40 with 1 insts
    I: 401eb5 (flow 401eba)
      Successors: 401eba
  BB: 401fb5 in func 401d40 with 7 insts
    I: 401fb5
    I: 401fb8
    I: 401fbd
    I: 401fc2
    I: 401fc5
    I: 401fc8
    I: 401fcb (flow 4021d7)
      Successors: 4021d7
  BB: 4021b8 in func 401d40 with 2 insts
    I: 4021b8
    I: 4021bf (flow 4021d7)
      Successors: 4021d7
  BB: 401eba in func 401d40 with 3 insts
    I: 401eba
    I: 401ebd
    I: 401ec2 (flow 40216a)
      Successors: 401ec8, 40216a
  BB: 401dbe in func 401d40 with 1 insts
    I: 401dbe (flow 401dc3)
      Successors: 401dc3
  BB: 401d40 in func 401d40 with 9 insts
    I: 401d40
    I: 401d41
    I: 401d44
    I: 401d48
    I: 401d4b
    I: 401d4f
    I: 401d53
    I: 401d57
    I: 401d5a
      Successors: 401d61
  BB: 401dc3 in func 401d40 with 3 insts
    I: 401dc3
    I: 401dc6
    I: 401dcb (flow 401f56)
      Successors: 401dd1, 401f56
  BB: 401e43 in func 401d40 with 1 insts
    I: 401e43 (flow 401e48)
      Successors: 401e48
  BB: 4021c4 in func 401d40 with 2 insts
    I: 4021c4
    I: 4021cb (flow 4021d7)
      Successors: 4021d7
  BB: 401df7 in func 401d40 with 1 insts
    I: 401df7 (flow 401dfc)
      Successors: 401dfc
  BB: 401e48 in func 401d40 with 3 insts
    I: 401e48
    I: 401e4b
    I: 401e50 (flow 40204b)
      Successors: 40204b, 401e56
  BB: 401ec8 in func 401d40 with 1 insts
    I: 401ec8 (flow 401ecd)
      Successors: 401ecd
  BB: 40204b in func 401d40 with 3 insts
    I: 40204b
    I: 402052
    I: 402059 (flow 4021d7)
      Successors: 4021d7
  BB: 401ecd in func 401d40 with 3 insts
    I: 401ecd
    I: 401ed0
    I: 401ed5 (flow 4021b3)
      Successors: 401edb, 4021b3
  BB: 401fd0 in func 401d40 with 11 insts
    I: 401fd0
    I: 401fd4
    I: 401fd7
    I: 401fda
    I: 401fdd
    I: 401fe1
    I: 401fe6
    I: 401feb
    I: 401fee
    I: 401ff1
    I: 401ff4 (flow 4021d7)
      Successors: 4021d7
  BB: 401dd1 in func 401d40 with 1 insts
    I: 401dd1 (flow 401dd6)
      Successors: 401dd6
  BB: 4021d0 in func 401d40 with 1 insts
    I: 4021d0
      Successors: 4021d7
  BB: 401dd6 in func 401d40 with 3 insts
    I: 401dd6
    I: 401dd9
    I: 401dde (flow 402114)
      Successors: 401de4, 402114
  BB: 401e56 in func 401d40 with 1 insts
    I: 401e56 (flow 401e5b)
      Successors: 401e5b
  BB: 401f56 in func 401d40 with 28 insts
    I: 401f56
    I: 401f5a
    I: 401f5d
    I: 401f60
    I: 401f63
    I: 401f67
    I: 401f6a
    I: 401f6d
    I: 401f6f
    I: 401f72 (imm 405050)
    I: 401f79
    I: 401f7b (imm 405038)
    I: 401f82
    I: 401f84
    I: 401f86
    I: 401f89
    I: 401f8c
    I: 401f8f
    I: 401f92
    I: 401f95
    I: 401f98
    I: 401f9b
    I: 401f9d
    I: 401fa2
    I: 401fa7
    I: 401faa
    I: 401fad
    I: 401fb0 (flow 4021d7)
      Successors: 4021d7
  BB: 4021d7 in func 401d40 with 1 insts
    I: 4021d7 (flow 401d61)
      Successors: 401d61
  BB: 401e5b in func 401d40 with 3 insts
    I: 401e5b
    I: 401e5e
    I: 401e63 (flow 401fb5)
      Successors: 401e69, 401fb5
  BB: 401edb in func 401d40 with 1 insts
    I: 401edb (flow 401ee0)
      Successors: 401ee0
  BB: 4021dc in func 401d40 with 1 insts
    I: 4021dc
      No successors
  BB: 40205e in func 401d40 with 19 insts
    I: 40205e (imm 405050)
    I: 402065
    I: 402067 (imm 405038)
    I: 40206e
    I: 402070
    I: 402072
    I: 402075
    I: 402078
    I: 40207b
    I: 40207e
    I: 402081
    I: 402084
    I: 402087
    I: 402089
    I: 40208e
    I: 402093
    I: 402096
    I: 402099
    I: 40209c (flow 4021d7)
      Successors: 4021d7
  BB: 401dfc in func 401d40 with 3 insts
    I: 401dfc
    I: 401dff
    I: 401e04 (flow 4021d0)
      Successors: 4021d0, 401e0a
  BB: 401ee0 in func 401d40 with 3 insts
    I: 401ee0
    I: 401ee3
    I: 401ee8 (flow 40205e)
      Successors: 40205e, 401eee
  BB: 401d61 in func 401d40 with 4 insts
    I: 401d61
    I: 401d64
    I: 401d67
    I: 401d6c (flow 4020f0)
      Successors: 4020f0, 401d72
  BB: 401de4 in func 401d40 with 1 insts
    I: 401de4 (flow 401de9)
      Successors: 401de9
  BB: 4020e4 in func 401d40 with 2 insts
    I: 4020e4
    I: 4020eb (flow 4021d7)
      Successors: 4021d7
  BB: 401de9 in func 401d40 with 3 insts
    I: 401de9
    I: 401dec
    I: 401df1 (flow 401ff9)
      Successors: 401ff9, 401df7
  BB: 401e69 in func 401d40 with 1 insts
    I: 401e69 (flow 401e6e)
      Successors: 401e6e
  BB: 40216a in func 401d40 with 21 insts
    I: 40216a
    I: 40216d
    I: 402170 (imm 405050)
    I: 402177
    I: 402179 (imm 405038)
    I: 402180
    I: 402182
    I: 402184
    I: 402187
    I: 40218a
    I: 40218d
    I: 402190
    I: 402193
    I: 402196
    I: 402199
    I: 40219b
    I: 4021a0
    I: 4021a5
    I: 4021a8
    I: 4021ab
    I: 4021ae (flow 4021d7)
      Successors: 4021d7
  BB: 401e6e in func 401d40 with 3 insts
    I: 401e6e
    I: 401e71
    I: 401e76 (flow 401f13)
      Successors: 401f13, 401e7c
  BB: 401eee in func 401d40 with 1 insts
    I: 401eee (flow 401ef3)
      Successors: 401ef3
  BB: 4020f0 in func 401d40 with 2 insts
    I: 4020f0
    I: 4020f7 (flow 4021d7)
      Successors: 4021d7
  BB: 401d72 in func 401d40 with 1 insts
    I: 401d72 (flow 401d77)
      Successors: 401d77
  BB: 401ef3 in func 401d40 with 1 insts
    I: 401ef3 (flow 4021d7)
      Successors: 4021d7
  BB: 4020fc in func 401d40 with 2 insts
    I: 4020fc
    I: 402103 (flow 4021d7)
      Successors: 4021d7
  BB: 401d77 in func 401d40 with 3 insts
    I: 401d77
    I: 401d7a
    I: 401d7f (flow 402127)
      Successors: 401d85, 402127
  BB: 401ef8 in func 401d40 with 7 insts
    I: 401ef8
    I: 401efb
    I: 401f00
    I: 401f05
    I: 401f08
    I: 401f0b
    I: 401f0e (flow 4021d7)
      Successors: 4021d7
  BB: 401ff9 in func 401d40 with 11 insts
    I: 401ff9
    I: 401ffd
    I: 402000
    I: 402003
    I: 402006
    I: 40200a
    I: 40200f
    I: 402014
    I: 402017
    I: 40201a
    I: 40201d (flow 4021d7)
      Successors: 4021d7
  BB: 401e7c in func 401d40 with 1 insts
    I: 401e7c (flow 401e81)
      Successors: 401e81
Recovering 4021e0
  Analysing subroutine sub_4021E0 at 4021e0
  Subroutine sub_4021E0 at 4021e0 has 16 blocks
  BB: 4021e0 in func 4021e0 with 22 insts
    I: 4021e0
    I: 4021e1
    I: 4021e4
    I: 4021e8
    I: 4021ec
    I: 4021ef (imm 405048)
    I: 4021f6
    I: 4021f8 (imm 405030)
    I: 4021ff
    I: 402201
    I: 402203
    I: 402206
    I: 402209
    I: 40220c
    I: 40220f
    I: 402212
    I: 402215
    I: 402218
    I: 40221b
    I: 40221e
    I: 402220
    I: 402223
      Successors: 40222a
  BB: 402261 in func 4021e0 with 1 insts
    I: 402261 (flow 402266)
      Successors: 402266
  BB: 402240 in func 4021e0 with 3 insts
    I: 402240
    I: 402243
    I: 402248 (flow 40234f)
      Successors: 40224e, 40234f
  BB: 402266 in func 4021e0 with 3 insts
    I: 402266
    I: 402269
    I: 40226e (flow 40229e)
      Successors: 402274, 40229e
  BB: 4023c9 in func 4021e0 with 1 insts
    I: 4023c9 (flow 40222a)
      Successors: 40222a
  BB: 40222a in func 4021e0 with 4 insts
    I: 40222a
    I: 40222d
    I: 402230
    I: 402235 (flow 402354)
      Successors: 40223b, 402354
  BB: 40227e in func 4021e0 with 9 insts
    I: 40227e
    I: 402281
    I: 402284
    I: 402286
    I: 40228b
    I: 402290
    I: 402293
    I: 402296
    I: 402299 (flow 4023c9)
      Successors: 4023c9
  BB: 40224e in func 4021e0 with 1 insts
    I: 40224e (flow 402253)
      Successors: 402253
  BB: 40234f in func 4021e0 with 3 insts
    I: 40234f
    I: 402352
    I: 402353
      No successors
  BB: 4023ce in func 4021e0 with 1 insts
    I: 4023ce
      No successors
  BB: 402253 in func 4021e0 with 3 insts
    I: 402253
    I: 402256
    I: 40225b (flow 40227e)
      Successors: 402261, 40227e
  BB: 402274 in func 4021e0 with 1 insts
    I: 402274 (flow 402279)
      Successors: 402279
  BB: 402354 in func 4021e0 with 36 insts
    I: 402354
    I: 402357
    I: 40235b
    I: 40235e
    I: 402362
    I: 402366
    I: 402369
    I: 40236c
    I: 402370
    I: 402374
    I: 402377
    I: 40237a
    I: 40237c
    I: 40237f
    I: 402382
    I: 402386
    I: 402389
    I: 40238b
    I: 40238e
    I: 402391
    I: 402395
    I: 402398
    I: 40239a
    I: 40239d
    I: 4023a0
    I: 4023a4
    I: 4023a7
    I: 4023a9
    I: 4023ac
    I: 4023af
    I: 4023b3
    I: 4023b6
    I: 4023b8
    I: 4023bb
    I: 4023be
    I: 4023c2
      Successors: 4023c9
  BB: 402279 in func 4021e0 with 1 insts
    I: 402279 (flow 4023c9)
      Successors: 4023c9
  BB: 40223b in func 4021e0 with 1 insts
    I: 40223b (flow 402240)
      Successors: 402240
  BB: 40229e in func 4021e0 with 54 insts
    I: 40229e
    I: 4022a1
    I: 4022a5
    I: 4022a8
    I: 4022ac
    I: 4022b0
    I: 4022b3
    I: 4022b6
    I: 4022ba
    I: 4022be
    I: 4022c1
    I: 4022c4
    I: 4022c6
    I: 4022c9
    I: 4022cc
    I: 4022d0
    I: 4022d3
    I: 4022d5
    I: 4022d8
    I: 4022db
    I: 4022df
    I: 4022e2
    I: 4022e4
    I: 4022e7
    I: 4022ea
    I: 4022ee
    I: 4022f1
    I: 4022f3
    I: 4022f6
    I: 4022f9
    I: 4022fd
    I: 402300
    I: 402302
    I: 402305
    I: 402308
    I: 40230c (imm 405048)
    I: 402313
    I: 402315 (imm 405030)
    I: 40231c
    I: 40231e
    I: 402320
    I: 402323
    I: 402326
    I: 402329
    I: 40232c
    I: 40232f
    I: 402332
    I: 402335
    I: 402337
    I: 40233c
    I: 402341
    I: 402344
    I: 402347
    I: 40234a (flow 4023c9)
      Successors: 4023c9
Recovering 4023d0
  Analysing subroutine sub_4023D0 at 4023d0
  Subroutine sub_4023D0 at 4023d0 has 67 blocks
  BB: 402780 in func 4023d0 with 2 insts
    I: 402780
    I: 402787 (flow 402867)
      Successors: 402867
  BB: 402479 in func 4023d0 with 3 insts
    I: 402479
    I: 40247c
    I: 402481 (flow 402780)
      Successors: 402780, 402487
  BB: 402402 in func 4023d0 with 1 insts
    I: 402402 (flow 402407)
      Successors: 402407
  BB: 402583 in func 4023d0 with 1 insts
    I: 402583 (flow 402867)
      Successors: 402867
  BB: 402407 in func 4023d0 with 3 insts
    I: 402407
    I: 40240a
    I: 40240f (flow 4026fa)
      Successors: 4026fa, 402415
  BB: 402487 in func 4023d0 with 1 insts
    I: 402487 (flow 40248c)
      Successors: 40248c
  BB: 402588 in func 4023d0 with 7 insts
    I: 402588
    I: 40258b
    I: 402590
    I: 402595
    I: 402598
    I: 40259b
    I: 40259e (flow 402867)
      Successors: 402867
  BB: 40248c in func 4023d0 with 3 insts
    I: 40248c
    I: 40248f
    I: 402494 (flow 4027a4)
      Successors: 40249a, 4027a4
  BB: 40250c in func 4023d0 with 1 insts
    I: 40250c (flow 402511)
      Successors: 402511
  BB: 40278c in func 4023d0 with 2 insts
    I: 40278c
    I: 402793 (flow 402867)
      Successors: 402867
  BB: 402511 in func 4023d0 with 3 insts
    I: 402511
    I: 402514
    I: 402519 (flow 4025f5)
      Successors: 4025f5, 40251f
  BB: 402415 in func 4023d0 with 1 insts
    I: 402415 (flow 40241a)
      Successors: 40241a
  BB: 402697 in func 4023d0 with 7 insts
    I: 402697
    I: 40269a
    I: 40269f
    I: 4026a4
    I: 4026a7
    I: 4026aa
    I: 4026ad (flow 402867)
      Successors: 402867
  BB: 402798 in func 4023d0 with 2 insts
    I: 402798
    I: 40279f (flow 402867)
      Successors: 402867
  BB: 40241a in func 4023d0 with 3 insts
    I: 40241a
    I: 40241d
    I: 402422 (flow 4026db)
      Successors: 402428, 4026db
  BB: 40249a in func 4023d0 with 1 insts
    I: 40249a (flow 40249f)
      Successors: 40249f
  BB: 4026fa in func 4023d0 with 19 insts
    I: 4026fa (imm 40504c)
    I: 402701
    I: 402703 (imm 405034)
    I: 40270a
    I: 40270c
    I: 40270e
    I: 402711
    I: 402714
    I: 402717
    I: 40271a
    I: 40271d
    I: 402720
    I: 402723
    I: 402725
    I: 40272a
    I: 40272f
    I: 402732
    I: 402735
    I: 402738 (flow 402867)
      Successors: 402867
  BB: 4024fe in func 4023d0 with 3 insts
    I: 4024fe
    I: 402501
    I: 402506 (flow 4026b2)
      Successors: 4026b2, 40250c
  BB: 40251f in func 4023d0 with 1 insts
    I: 40251f (flow 402524)
      Successors: 402524
  BB: 40249f in func 4023d0 with 3 insts
    I: 40249f
    I: 4024a2
    I: 4024a7 (flow 402588)
      Successors: 402588, 4024ad
  BB: 4025a3 in func 4023d0 with 11 insts
    I: 4025a3
    I: 4025a7
    I: 4025aa
    I: 4025ad
    I: 4025b0
    I: 4025b4
    I: 4025b9
    I: 4025be
    I: 4025c1
    I: 4025c4
    I: 4025c7 (flow 402867)
      Successors: 402867
  BB: 402524 in func 4023d0 with 3 insts
    I: 402524
    I: 402527
    I: 40252c (flow 402848)
      Successors: 402848, 402532
  BB: 4027a4 in func 4023d0 with 3 insts
    I: 4027a4
    I: 4027ab
    I: 4027b2 (flow 402867)
      Successors: 402867
  BB: 402428 in func 4023d0 with 1 insts
    I: 402428 (flow 40242d)
      Successors: 40242d
  BB: 40242d in func 4023d0 with 3 insts
    I: 40242d
    I: 402430
    I: 402435 (flow 402843)
      Successors: 402843, 40243b
  BB: 4024ad in func 4023d0 with 1 insts
    I: 4024ad (flow 4024b2)
      Successors: 4024b2
  BB: 4024b2 in func 4023d0 with 3 insts
    I: 4024b2
    I: 4024b5
    I: 4024ba (flow 402697)
      Successors: 4024c0, 402697
  BB: 402532 in func 4023d0 with 1 insts
    I: 402532 (flow 402537)
      Successors: 402537
  BB: 4026b2 in func 4023d0 with 11 insts
    I: 4026b2
    I: 4026b6
    I: 4026b9
    I: 4026bc
    I: 4026bf
    I: 4026c3
    I: 4026c8
    I: 4026cd
    I: 4026d0
    I: 4026d3
    I: 4026d6 (flow 402867)
      Successors: 402867
  BB: 402537 in func 4023d0 with 3 insts
    I: 402537
    I: 40253a
    I: 40253f (flow 402860)
      Successors: 402860, 402545
  BB: 402638 in func 4023d0 with 28 insts
    I: 402638
    I: 40263c
    I: 40263f
    I: 402642
    I: 402645
    I: 402649
    I: 40264c
    I: 40264f
    I: 402651
    I: 402654 (imm 40504c)
    I: 40265b
    I: 40265d (imm 405034)
    I: 402664
    I: 402666
    I: 402668
    I: 40266b
    I: 40266e
    I: 402671
    I: 402674
    I: 402677
    I: 40267a
    I: 40267d
    I: 40267f
    I: 402684
    I: 402689
    I: 40268c
    I: 40268f
    I: 402692 (flow 402867)
      Successors: 402867
  BB: 4027b7 in func 4023d0 with 19 insts
    I: 4027b7 (imm 40504c)
    I: 4027be
    I: 4027c0 (imm 405034)
    I: 4027c7
    I: 4027c9
    I: 4027cb
    I: 4027ce
    I: 4027d1
    I: 4027d4
    I: 4027d7
    I: 4027da
    I: 4027dd
    I: 4027e0
    I: 4027e2
    I: 4027e7
    I: 4027ec
    I: 4027ef
    I: 4027f2
    I: 4027f5 (flow 402867)
      Successors: 402867
  BB: 40243b in func 4023d0 with 1 insts
    I: 40243b (flow 402440)
      Successors: 402440
  BB: 40273d in func 4023d0 with 19 insts
    I: 40273d (imm 40504c)
    I: 402744
    I: 402746 (imm 405034)
    I: 40274d
    I: 40274f
    I: 402751
    I: 402754
    I: 402757
    I: 40275a
    I: 40275d
    I: 402760
    I: 402763
    I: 402766
    I: 402768
    I: 40276d
    I: 402772
    I: 402775
    I: 402778
    I: 40277b (flow 402867)
      Successors: 402867
  BB: 402440 in func 4023d0 with 3 insts
    I: 402440
    I: 402443
    I: 402448 (flow 40273d)
      Successors: 40273d, 40244e
  BB: 4024c0 in func 4023d0 with 1 insts
    I: 4024c0 (flow 4024c5)
      Successors: 4024c5
  BB: 402843 in func 4023d0 with 3 insts
    I: 402843
    I: 402846
    I: 402847
      No successors
  BB: 4024c5 in func 4023d0 with 3 insts
    I: 4024c5
    I: 4024c8
    I: 4024cd (flow 4025cc)
      Successors: 4024d3, 4025cc
  BB: 402545 in func 4023d0 with 1 insts
    I: 402545 (flow 40254a)
      Successors: 40254a
  BB: 402848 in func 4023d0 with 2 insts
    I: 402848
    I: 40284f (flow 402867)
      Successors: 402867
  BB: 40254a in func 4023d0 with 3 insts
    I: 40254a
    I: 40254d
    I: 402552 (flow 402854)
      Successors: 402558, 402854
  BB: 4025cc in func 4023d0 with 11 insts
    I: 4025cc
    I: 4025d0
    I: 4025d3
    I: 4025d6
    I: 4025d9
    I: 4025dd
    I: 4025e2
    I: 4025e7
    I: 4025ea
    I: 4025ed
    I: 4025f0 (flow 402867)
      Successors: 402867
  BB: 40244e in func 4023d0 with 1 insts
    I: 40244e (flow 402453)
      Successors: 402453
  BB: 4023d0 in func 4023d0 with 9 insts
    I: 4023d0
    I: 4023d1
    I: 4023d4
    I: 4023d8
    I: 4023db
    I: 4023df
    I: 4023e3
    I: 4023e7
    I: 4023ea
      Successors: 4023f1
  BB: 402453 in func 4023d0 with 3 insts
    I: 402453
    I: 402456
    I: 40245b (flow 4027fa)
      Successors: 402461, 4027fa
  BB: 4024d3 in func 4023d0 with 1 insts
    I: 4024d3 (flow 4024d8)
      Successors: 4024d8
  BB: 402854 in func 4023d0 with 2 insts
    I: 402854
    I: 40285b (flow 402867)
      Successors: 402867
  BB: 4024d8 in func 4023d0 with 3 insts
    I: 4024d8
    I: 4024db
    I: 4024e0 (flow 40278c)
      Successors: 40278c, 4024e6
  BB: 402558 in func 4023d0 with 1 insts
    I: 402558 (flow 40255d)
      Successors: 40255d
  BB: 4026db in func 4023d0 with 3 insts
    I: 4026db
    I: 4026e2
    I: 4026e9 (flow 402867)
      Successors: 402867
  BB: 40255d in func 4023d0 with 3 insts
    I: 40255d
    I: 402560
    I: 402565 (flow 402638)
      Successors: 402638, 40256b
  BB: 402860 in func 4023d0 with 1 insts
    I: 402860
      Successors: 402867
  BB: 402461 in func 4023d0 with 1 insts
    I: 402461 (flow 402466)
      Successors: 402466
  BB: 402466 in func 4023d0 with 3 insts
    I: 402466
    I: 402469
    I: 40246e (flow 4027b7)
      Successors: 402474, 4027b7
  BB: 4024e6 in func 4023d0 with 1 insts
    I: 4024e6 (flow 4024eb)
      Successors: 4024eb
  BB: 402867 in func 4023d0 with 1 insts
    I: 402867 (flow 4023f1)
      Successors: 4023f1
  BB: 4024eb in func 4023d0 with 3 insts
    I: 4024eb
    I: 4024ee
    I: 4024f3 (flow 4025a3)
      Successors: 4024f9, 4025a3
  BB: 40256b in func 4023d0 with 1 insts
    I: 40256b (flow 402570)
      Successors: 402570
  BB: 40286c in func 4023d0 with 1 insts
    I: 40286c
      No successors
  BB: 4026ee in func 4023d0 with 2 insts
    I: 4026ee
    I: 4026f5 (flow 402867)
      Successors: 402867
  BB: 402570 in func 4023d0 with 3 insts
    I: 402570
    I: 402573
    I: 402578 (flow 402798)
      Successors: 402798, 40257e
  BB: 4023f1 in func 4023d0 with 4 insts
    I: 4023f1
    I: 4023f4
    I: 4023f7
    I: 4023fc (flow 4026ee)
      Successors: 402402, 4026ee
  BB: 402474 in func 4023d0 with 1 insts
    I: 402474 (flow 402479)
      Successors: 402479
  BB: 4025f5 in func 4023d0 with 19 insts
    I: 4025f5 (imm 40504c)
    I: 4025fc
    I: 4025fe (imm 405034)
    I: 402605
    I: 402607
    I: 402609
    I: 40260c
    I: 40260f
    I: 402612
    I: 402615
    I: 402618
    I: 40261b
    I: 40261e
    I: 402620
    I: 402625
    I: 40262a
    I: 40262d
    I: 402630
    I: 402633 (flow 402867)
      Successors: 402867
  BB: 4024f9 in func 4023d0 with 1 insts
    I: 4024f9 (flow 4024fe)
      Successors: 4024fe
  BB: 4027fa in func 4023d0 with 21 insts
    I: 4027fa
    I: 4027fd
    I: 402800 (imm 40504c)
    I: 402807
    I: 402809 (imm 405034)
    I: 402810
    I: 402812
    I: 402814
    I: 402817
    I: 40281a
    I: 40281d
    I: 402820
    I: 402823
    I: 402826
    I: 402829
    I: 40282b
    I: 402830
    I: 402835
    I: 402838
    I: 40283b
    I: 40283e (flow 402867)
      Successors: 402867
  BB: 40257e in func 4023d0 with 1 insts
    I: 40257e (flow 402583)
      Successors: 402583
Recovering 402870
  Analysing subroutine sub_402870 at 402870
    Block head at 004028cd is not code.
  Subroutine sub_402870 at 402870 has 1 blocks
  BB: 402870 in func 402870 with 29 insts
    I: 402870
    I: 402871
    I: 402874
    I: 402878
    I: 40287b
    I: 40287f
    I: 402883
    I: 402887
    I: 40288b
    I: 40288e
    I: 402891
    I: 402894
    I: 402898
    I: 40289c
    I: 40289f
    I: 4028a2
    I: 4028a5
    I: 4028a9
    I: 4028ad
    I: 4028b0
    I: 4028b3
    I: 4028b6
    I: 4028ba
    I: 4028be
    I: 4028c1
    I: 4028c4
    I: 4028c7
    I: 4028cb
    I: 4028cc
      No successors
Recovering .term_proc at 4028d0
  Analysing subroutine .term_proc at 4028d0
    Block head at 004028dd is not code.
  Subroutine .term_proc at 4028d0 has 1 blocks
  BB: 4028d0 in func 4028d0 with 4 insts
    I: 4028d0
    I: 4028d4
    I: 4028d8
    I: 4028dc
      No successors
Global Variable None
WARNING: Global constructor and destructor sections are adjacent!
Recovering region LOAD [400000, 400500) in segment LOAD
  8-byte reference at 400018 to 401060 (start)
  8-byte reference at 4000f8 to 401000 (.init_proc)
  8-byte reference at 400130 to 403000 ()
  8-byte reference at 400168 to 404de8 ()
  8-byte reference at 400280 to 403008 ()
  8-byte reference at 4002f0 to 404de8 ()
Recovering region .init [401000, 40101b) in segment .init
Recovering region LOAD [40101b, 401020) in segment LOAD
Recovering region .plt [401020, 401060) in segment .plt
Recovering region .text [401060, 4028cd) in segment .text
Recovering region LOAD [4028cd, 4028d0) in segment LOAD
Recovering region .fini [4028d0, 4028dd) in segment .fini
Recovering region .rodata [403000, 403007) in segment .rodata
  Variable format at 403004
Recovering region LOAD [403007, 403008) in segment LOAD
Recovering region .eh_frame_hdr [403008, 40305c) in segment .eh_frame_hdr
Recovering region LOAD [40305c, 403060) in segment LOAD
Recovering region .eh_frame [403060, 4031a0) in segment .eh_frame
Recovering region LOAD [4031a0, 4031e0) in segment LOAD
Recovering region .init_array [404de8, 404df8) in segment .init_array
  8-byte reference at 404de8 to 401140 ()
  8-byte reference at 404df0 to 401110 ()
Recovering region LOAD [404df8, 404fd8) in segment LOAD
Recovering region .got [404fd8, 404fe8) in segment .got
  8-byte reference at 404fd8 to 405060 (__libc_start_main)
  8-byte reference at 404fe0 to 405080 (__gmon_start__)
Recovering region .got.plt [404fe8, 405018) in segment .got.plt
  8-byte reference at 405000 to 405068 (puts)
  8-byte reference at 405008 to 405070 (printf)
  8-byte reference at 405010 to 405078 (getchar)
Recovering region .data [405018, 405028) in segment .data
Recovering region .bss [405028, 405060) in segment .bss
Recovering extern function puts at 401030
Recovering extern function printf at 401040
Recovering extern function getchar at 401050
Recovering extern function __libc_start_main at 405060
Recovering extern function puts at 405068
Recovering extern function printf at 405070
Recovering extern function getchar at 405078
Recovering extern function __gmon_start__ at 405080
Recovered 13 functions.
Saving to: /home/ubuntu/capstone_project/result/pipeline_20260629_141746/s586984127_fla_bcf.cfg
Done analysis!
