Debugging is enabled.
Loading Standard Definitions file: /home/ubuntu/capstone_project/dependency/mcsema/mcsema/lib/python3/site-packages/mcsema_disass-3.1.3.8-py3.8.egg/mcsema_disass/defs/linux.txt
Using Batch mode.
Starting analysis
Recovering module s634430882_bcf.elf
Found main at 401950
Looking for instructions in segment .init
  Default block heads for function 401000 with loose bounds [401000, 40101b)
    block [401000, 401014)
    block [401014, 401016)
    block [401016, 40101b)
    chunk [401000, 40101b)
Looking for instructions in segment .plt
  Default block heads for function 401020 with loose bounds [401020, 40102c)
    block [401020, 40102c)
    chunk [401020, 40102c)
  Default block heads for function 401030 with loose bounds [401030, 401036)
    block [401030, 401036)
    chunk [401030, 401036)
  Default block heads for function 401040 with loose bounds [401040, 401046)
    block [401040, 401046)
    chunk [401040, 401046)
  Default block heads for function 401050 with loose bounds [401050, 401056)
    block [401050, 401056)
    chunk [401050, 401056)
Looking for instructions in segment .text
  Default block heads for function 401060 with loose bounds [401060, 401086)
    block [401060, 401086)
    chunk [401060, 401086)
  Default block heads for function 4010a0 with loose bounds [4010a0, 4010c1)
    block [4010a0, 4010ad)
    block [4010ad, 4010b7)
    block [4010b7, 4010be)
    block [4010c0, 4010c1)
    chunk [4010a0, 4010c1)
  Default block heads for function 401110 with loose bounds [401110, 401131)
    block [401110, 40111d)
    block [40111d, 40112f)
    block [401130, 401131)
    chunk [401110, 401131)
  Default block heads for function 401140 with loose bounds [401140, 401146)
    block [401140, 401146)
    chunk [401140, 401146)
    chunk [4010d0, 401101)
  Default block heads for function 401150 with loose bounds [401150, 401302)
    block [401150, 40118b)
    block [40118b, 401190)
    block [401190, 4011f2)
    block [4011f2, 4011f7)
    block [4011f7, 4011fc)
    block [4011fc, 40122f)
    block [40122f, 401234)
    block [401234, 401288)
    block [401288, 40128d)
    block [40128d, 401292)
    block [401292, 40129f)
    block [40129f, 4012aa)
    block [4012aa, 4012da)
    block [4012da, 401302)
    chunk [401150, 401302)
  Default block heads for function 401310 with loose bounds [401310, 40154e)
    block [401310, 401330)
    block [401330, 401352)
    block [401352, 401385)
    block [401385, 40138a)
    block [40138a, 4013bd)
    block [4013bd, 4013c2)
    block [4013c2, 4013c7)
    block [4013c7, 4013fa)
    block [4013fa, 4013ff)
    block [4013ff, 40143c)
    block [40143c, 401441)
    block [401441, 40144c)
    block [40144c, 401451)
    block [401451, 401490)
    block [401490, 4014c3)
    block [4014c3, 4014c8)
    block [4014c8, 4014fb)
    block [4014fb, 401500)
    block [401500, 401505)
    block [401505, 40150f)
    block [40150f, 401523)
    block [401523, 401539)
    block [401539, 40153f)
    block [40153f, 401544)
    block [401544, 401549)
    block [401549, 40154e)
    chunk [401310, 40154e)
  Default block heads for function 401550 with loose bounds [401550, 401943)
    block [401550, 40158b)
    block [40158b, 401590)
    block [401590, 4015f3)
    block [4015f3, 4015f8)
    block [4015f8, 4015fd)
    block [4015fd, 40160a)
    block [40160a, 40163d)
    block [40163d, 401642)
    block [401642, 401699)
    block [401699, 40169e)
    block [40169e, 4016a3)
    block [4016a3, 4016d6)
    block [4016d6, 4016db)
    block [4016db, 40171e)
    block [40171e, 401723)
    block [401723, 40172e)
    block [40172e, 401733)
    block [401733, 401755)
    block [401755, 40175a)
    block [40175a, 40176a)
    block [40176a, 40179d)
    block [40179d, 4017a2)
    block [4017a2, 4017f4)
    block [4017f4, 4017f9)
    block [4017f9, 4017fe)
    block [4017fe, 40180e)
    block [40180e, 401864)
    block [401864, 401869)
    block [401869, 4018b2)
    block [4018b2, 4018b7)
    block [4018b7, 4018bc)
    block [4018bc, 4018c1)
    block [4018c1, 4018d6)
    block [4018d6, 4018ff)
    block [4018ff, 401904)
    block [401904, 401928)
    block [401928, 401943)
    chunk [401550, 401943)
  Default block heads for function 401950 with loose bounds [401950, 40202c)
    block [401950, 401964)
    block [401964, 401975)
    block [401975, 401990)
    block [401990, 40199f)
    block [40199f, 4019d2)
    block [4019d2, 4019d7)
    block [4019d7, 401a1f)
    block [401a1f, 401a24)
    block [401a24, 401a29)
    block [401a29, 401a5c)
    block [401a5c, 401a61)
    block [401a61, 401aa6)
    block [401aa6, 401aab)
    block [401aab, 401ab6)
    block [401ab6, 401abb)
    block [401abb, 401ac5)
    block [401ac5, 401ad9)
    block [401ad9, 401aef)
    block [401aef, 401afe)
    block [401afe, 401b03)
    block [401b03, 401b3d)
    block [401b3d, 401b49)
    block [401b49, 401b6d)
    block [401b6d, 401b90)
    block [401b90, 401bc3)
    block [401bc3, 401bc8)
    block [401bc8, 401bfb)
    block [401bfb, 401c00)
    block [401c00, 401c05)
    block [401c05, 401c13)
    block [401c13, 401c1a)
    block [401c1a, 401c4d)
    block [401c4d, 401c52)
    block [401c52, 401c91)
    block [401c91, 401c96)
    block [401c96, 401ca1)
    block [401ca1, 401ca6)
    block [401ca6, 401cd9)
    block [401cd9, 401cde)
    block [401cde, 401d18)
    block [401d18, 401d1d)
    block [401d1d, 401d22)
    block [401d22, 401d2e)
    block [401d2e, 401d50)
    block [401d50, 401d83)
    block [401d83, 401d88)
    block [401d88, 401dc5)
    block [401dc5, 401dca)
    block [401dca, 401dd5)
    block [401dd5, 401dda)
    block [401dda, 401de3)
    block [401de3, 401def)
    block [401def, 401df8)
    block [401df8, 401e0d)
    block [401e0d, 401e40)
    block [401e40, 401e45)
    block [401e45, 401e78)
    block [401e78, 401e7d)
    block [401e7d, 401e82)
    block [401e82, 401e90)
    block [401e90, 401ec3)
    block [401ec3, 401ec8)
    block [401ec8, 401efb)
    block [401efb, 401f00)
    block [401f00, 401f05)
    block [401f05, 401f13)
    block [401f13, 401f46)
    block [401f46, 401f4b)
    block [401f4b, 401f85)
    block [401f85, 401f8a)
    block [401f8a, 401f8f)
    block [401f8f, 401f9b)
    block [401f9b, 401fc6)
    block [401fc6, 401fcb)
    block [401fcb, 401fd3)
    block [401fd3, 401fed)
    block [401fed, 401ffb)
    block [401ffb, 402000)
    block [402000, 402005)
    block [402005, 402011)
    block [402011, 402016)
    block [402016, 40201b)
    block [40201b, 402020)
    block [402020, 40202c)
    chunk [401950, 40202c)
Looking for instructions in segment .fini
  Default block heads for function 40202c with loose bounds [40202c, 402039)
    block [40202c, 402039)
    chunk [40202c, 402039)
Looking for strings in segment .rodata [403000, 403004)
Looking for strings in segment .eh_frame_hdr [403004, 403048)
Looking for strings in segment .eh_frame [403048, 403144)
Looking for strings in segment .init_array [404de8, 404df0)
Looking for strings in segment .fini_array [404df0, 404df8)
Looking for strings in segment .got [404fd8, 404fe8)
Looking for strings in segment .got.plt [404fe8, 405018)
Looking for strings in segment .data [405020, 4050f0)
Looking for strings in segment .bss [4050f0, 418a48)
Looking for strings in segment extern [418a48, 418a70)
Looking for cross-references in segment .init [401000, 40101b)
Looking for cross-references in segment .plt [401020, 401060)
  Stopping scan at 40102c
Looking for cross-references in segment .text [401060, 40202c)
  Stopping scan at 40108c
  Stopping scan at 40109c
  Stopping scan at ffffffffffffffff
  Stopping scan at 4010cc
  Stopping scan at 40110c
  Stopping scan at ffffffffffffffff
  Stopping scan at 40113c
  Stopping scan at 40114c
  Stopping scan at 40130c
  Stopping scan at ffffffffffffffff
  Stopping scan at 40194c
Looking for cross-references in segment .fini [40202c, 402039)
Looking for cross-references in segment .rodata [403000, 403004)
  Stopping scan at 403000
Looking for cross-references in segment .eh_frame_hdr [403004, 403048)
  Stopping scan at 403044
Looking for cross-references in segment .eh_frame [403048, 403144)
  Stopping scan at 403140
Looking for cross-references in segment .init_array [404de8, 404df0)
  Adding qword reference from 404de8 to 401140
  Stopping scan at 404de8
Looking for cross-references in segment .fini_array [404df0, 404df8)
  Adding qword reference from 404df0 to 401110
  Stopping scan at 404df0
Looking for cross-references in segment .got [404fd8, 404fe8)
  Adding qword reference from 404fd8 to 418a50
  Adding qword reference from 404fe0 to 418a68
  Stopping scan at 404fe0
Looking for cross-references in segment .got.plt [404fe8, 405018)
  Adding qword reference from 405000 to 418a48
  Adding qword reference from 405008 to 418a58
  Adding qword reference from 405010 to 418a60
  Stopping scan at 405010
Looking for cross-references in segment .data [405020, 4050f0)
  Stopping scan at 4050ec
Looking for cross-references in segment .bss [4050f0, 418a48)
  Stopping scan at 418a44
Looking for cross-references in segment extern [418a48, 418a70)
  Stopping scan at 418a6c
Looking for thunks
  Found thunk for putchar targeting 418a48 at 401030
  Found thunk for memset targeting 418a58 at 401040
  Found thunk for getchar targeting 418a60 at 401050
Looking for external symbols
  Function at 401030 is the external function putchar
  Function at 401040 is the external function memset
  Function at 401050 is the external function getchar
  Function at 418a48 is the external function putchar
  Function at 418a50 is the external function __libc_start_main
  Function at 418a58 is the external function memset
  Function at 418a60 is the external function getchar
  Function at 418a68 is the external function __gmon_start__
Looking for entrypoints
Recovering .init_proc at 401000
  Analysing subroutine .init_proc at 401000
    Block head at 0040101b is not code.
  Subroutine .init_proc at 401000 has 3 blocks
  BB: 401000 in func 401000 with 5 insts
    Referenced by data
    I: 401000
    I: 401004
    I: 401008 (mem 404fe0)
    I: 40100f
    I: 401012 (flow 401016)
      Successors: 401014, 401016
  BB: 401014 in func 401000 with 1 insts
    I: 401014
      Successors: 401016
  BB: 401016 in func 401000 with 2 insts
    I: 401016
    I: 40101a
      No successors
Recovering 401020
  Analysing subroutine sub_401020 at 401020
  WARNING: No table entries for indirect jump at 401026; Adding next_ea 40102c as successor.
  Subroutine sub_401020 at 401020 has 2 blocks
  WARNING: No table entries for indirect jump at 401026; Adding next_ea 40102c as successor.
  BB: 401020 in func 401020 with 2 insts
    I: 401020 (mem 404ff0)
    I: 401026 (mem 404ff8)
      Successors: 40102c
  BB: 40102c in func 401020 with 1 insts
    I: 40102c
      No successors
Recovering start at 401060
  Analysing subroutine start at 401060
  Subroutine start at 401060 has 3 blocks
  BB: 401060 in func 401060 with 13 insts
    Referenced by data
    I: 401060
    I: 401064
    I: 401066
    I: 401069
    I: 40106a
    I: 40106d
    I: 401071
    I: 401072
    I: 401073
    I: 401076
    I: 401078 (imm 401950)
    I: 40107f (mem 404fd8)
    I: 401085
      No successors
  BB: 401095 in func 401060 with 2 insts
    I: 401095
    I: 40109f
      No successors
  BB: 401086 in func 401060 with 3 insts
    I: 401086
    I: 401090
    I: 401094
      No successors
Recovering 4010a0
  Analysing subroutine sub_4010A0 at 4010a0
  WARNING: No table entries for indirect jump at 4010bc; Adding next_ea 4010be as successor.
  WARNING: No table entries for indirect jump at 4010fe; Adding next_ea 401100 as successor.
  Subroutine sub_4010A0 at 4010a0 has 11 blocks
  BB: 4010a0 in func 4010a0 with 3 insts
    I: 4010a0 (imm 4050f0)
    I: 4010a5 (imm 4050f0)
    I: 4010ab (flow 4010c0)
      Successors: 4010c0, 4010ad
  BB: 4010c0 in func 4010a0 with 1 insts
    I: 4010c0
      No successors
  BB: 4010c1 in func 4010a0 with 2 insts
    I: 4010c1
    I: 4010c5
      Successors: 4010d0
  BB: 401100 in func 4010a0 with 1 insts
    I: 401100
      No successors
  BB: 401101 in func 4010a0 with 2 insts
    I: 401101
    I: 401105
      No successors
  BB: 4010ad in func 4010a0 with 3 insts
    I: 4010ad
    I: 4010b2
    I: 4010b5 (flow 4010c0)
      Successors: 4010c0, 4010b7
  BB: 4010ef in func 4010a0 with 3 insts
    I: 4010ef
    I: 4010f4
    I: 4010f7 (flow 401100)
      Successors: 401100, 4010f9
  BB: 4010d0 in func 4010a0 with 8 insts
    I: 4010d0 (imm 4050f0)
    I: 4010d5 (imm 4050f0)
    I: 4010dc
    I: 4010df
    I: 4010e3
    I: 4010e7
    I: 4010ea
    I: 4010ed (flow 401100)
      Successors: 401100, 4010ef
  WARNING: No table entries for indirect jump at 4010bc; Adding next_ea 4010be as successor.
  BB: 4010b7 in func 4010a0 with 2 insts
    I: 4010b7 (imm 4050f0)
    I: 4010bc
      Successors: 4010be
  WARNING: No table entries for indirect jump at 4010fe; Adding next_ea 401100 as successor.
  BB: 4010f9 in func 4010a0 with 2 insts
    I: 4010f9 (imm 4050f0)
    I: 4010fe
      Successors: 401100
  BB: 4010be in func 4010a0 with 1 insts
    I: 4010be
      Successors: 4010c0
Recovering 401110
  Analysing subroutine sub_401110 at 401110
  Subroutine sub_401110 at 401110 has 5 blocks
  BB: 40112f in func 401110 with 1 insts
    I: 40112f
      Successors: 401130
  BB: 401110 in func 401110 with 3 insts
    Referenced by data
    I: 401110
    I: 401114 (mem 4050f0)
    I: 40111b (flow 401130)
      Successors: 401130, 40111d
  BB: 401131 in func 401110 with 2 insts
    I: 401131
    I: 401135
      No successors
  BB: 401130 in func 401110 with 1 insts
    I: 401130
      No successors
  BB: 40111d in func 401110 with 6 insts
    I: 40111d
    I: 40111e
    I: 401121 (flow 4010a0)
    I: 401126 (mem 4050f0)
    I: 40112d
    I: 40112e
      No successors
Recovering 401140
  Analysing subroutine sub_401140 at 401140
  WARNING: No table entries for indirect jump at 4010fe; Adding next_ea 401100 as successor.
  Subroutine sub_401140 at 401140 has 6 blocks
  BB: 401140 in func 401140 with 2 insts
    Referenced by data
    I: 401140
    I: 401144 (flow 4010d0)
      Successors: 4010d0
  BB: 401100 in func 401140 with 1 insts
    I: 401100
      No successors
  BB: 401146 in func 401140 with 1 insts
    I: 401146
      No successors
  BB: 4010ef in func 401140 with 3 insts
    I: 4010ef
    I: 4010f4
    I: 4010f7 (flow 401100)
      Successors: 401100, 4010f9
  BB: 4010d0 in func 401140 with 8 insts
    I: 4010d0 (imm 4050f0)
    I: 4010d5 (imm 4050f0)
    I: 4010dc
    I: 4010df
    I: 4010e3
    I: 4010e7
    I: 4010ea
    I: 4010ed (flow 401100)
      Successors: 401100, 4010ef
  WARNING: No table entries for indirect jump at 4010fe; Adding next_ea 401100 as successor.
  BB: 4010f9 in func 401140 with 2 insts
    I: 4010f9 (imm 4050f0)
    I: 4010fe
      Successors: 401100
Recovering 401150
  Analysing subroutine sub_401150 at 401150
  Subroutine sub_401150 at 401150 has 15 blocks
  BB: 401302 in func 401150 with 2 insts
    I: 401302
    I: 40130c
      No successors
  BB: 401288 in func 401150 with 1 insts
    I: 401288 (flow 4012da)
      Successors: 4012da
  BB: 4012aa in func 401150 with 13 insts
    I: 4012aa
    I: 4012ad
    I: 4012b1
    I: 4012b4
    I: 4012b7
    I: 4012bb
    I: 4012bf
    I: 4012c2
    I: 4012c8 (flow 418a60)
    I: 4012cd
    I: 4012cf
    I: 4012d3
    I: 4012d5 (flow 401190)
      Successors: 401190
  BB: 40118b in func 401150 with 1 insts
    I: 40118b (flow 4012aa)
      Successors: 4012aa
  BB: 40128d in func 401150 with 1 insts
    I: 40128d (flow 401292)
      Successors: 401292
  BB: 40122f in func 401150 with 1 insts
    I: 40122f (flow 4012da)
      Successors: 4012da
  BB: 401150 in func 401150 with 18 insts
    I: 401150
    I: 401151
    I: 401154
    I: 401158 (imm 418a24)
    I: 40115f
    I: 401161 (imm 418a34)
    I: 401168
    I: 40116a
    I: 40116c
    I: 40116f
    I: 401172
    I: 401175
    I: 401178
    I: 40117b
    I: 40117e
    I: 401181
    I: 401183
    I: 401185 (flow 401190)
      Successors: 401190, 40118b
  BB: 401190 in func 401150 with 28 insts
    I: 401190
    I: 401193
    I: 401197
    I: 40119b
    I: 40119e
    I: 4011a1
    I: 4011a5
    I: 4011a9
    I: 4011ac
    I: 4011b2 (flow 418a60)
    I: 4011b7
    I: 4011b9
    I: 4011bd
    I: 4011bf (imm 418a24)
    I: 4011c6
    I: 4011c8 (imm 418a34)
    I: 4011cf
    I: 4011d1
    I: 4011d3
    I: 4011d6
    I: 4011d9
    I: 4011dc
    I: 4011df
    I: 4011e2
    I: 4011e5
    I: 4011e8
    I: 4011ea
    I: 4011ec (flow 4011f7)
      Successors: 4011f2, 4011f7
  BB: 4011f2 in func 401150 with 1 insts
    I: 4011f2 (flow 4012aa)
      Successors: 4012aa
  BB: 401292 in func 401150 with 3 insts
    I: 401292
    I: 401296
    I: 401299 (flow 4011fc)
      Successors: 4011fc, 40129f
  BB: 401234 in func 401150 with 26 insts
    I: 401234
    I: 401238
    I: 40123c
    I: 40123f
    I: 401241
    I: 401244
    I: 401246
    I: 401248 (flow 418a60)
    I: 40124d
    I: 40124f
    I: 401253
    I: 401255 (imm 418a24)
    I: 40125c
    I: 40125e (imm 418a34)
    I: 401265
    I: 401267
    I: 401269
    I: 40126c
    I: 40126f
    I: 401272
    I: 401275
    I: 401278
    I: 40127b
    I: 40127e
    I: 401280
    I: 401282 (flow 40128d)
      Successors: 401288, 40128d
  BB: 4011f7 in func 401150 with 1 insts
    I: 4011f7 (flow 4011fc)
      Successors: 4011fc
  BB: 4012da in func 401150 with 13 insts
    I: 4012da
    I: 4012de
    I: 4012e2
    I: 4012e4
    I: 4012e7
    I: 4012e9
    I: 4012ec
    I: 4012ee
    I: 4012f0 (flow 418a60)
    I: 4012f5
    I: 4012f7
    I: 4012fb
    I: 4012fd (flow 401234)
      Successors: 401234
  BB: 4011fc in func 401150 with 15 insts
    I: 4011fc (imm 418a24)
    I: 401203
    I: 401205 (imm 418a34)
    I: 40120c
    I: 40120e
    I: 401210
    I: 401213
    I: 401216
    I: 401219
    I: 40121c
    I: 40121f
    I: 401222
    I: 401225
    I: 401227
    I: 401229 (flow 401234)
      Successors: 401234, 40122f
  BB: 40129f in func 401150 with 5 insts
    I: 40129f
    I: 4012a3
    I: 4012a5
    I: 4012a8
    I: 4012a9
      No successors
Recovering 401310
  Analysing subroutine sub_401310 at 401310
  Subroutine sub_401310 at 401310 has 27 blocks
  BB: 401500 in func 401310 with 1 insts
    I: 401500 (flow 401505)
      Successors: 401505
  BB: 401505 in func 401310 with 2 insts
    I: 401505 (mem 405100)
    I: 40150c
      Successors: 40150f
  BB: 401385 in func 401310 with 1 insts
    I: 401385 (flow 40153f)
      Successors: 40153f
  BB: 40138a in func 401310 with 15 insts
    I: 40138a (imm 418a30)
    I: 401391
    I: 401393 (imm 418a40)
    I: 40139a
    I: 40139c
    I: 40139e
    I: 4013a1
    I: 4013a4
    I: 4013a7
    I: 4013aa
    I: 4013ad
    I: 4013b0
    I: 4013b3
    I: 4013b5
    I: 4013b7 (flow 4013c2)
      Successors: 4013c2, 4013bd
  BB: 40150f in func 401310 with 6 insts
    I: 40150f
    I: 401512
    I: 401514
    I: 401517
    I: 40151a
    I: 40151d (flow 401539)
      Successors: 401539, 401523
  BB: 401310 in func 401310 with 7 insts
    I: 401310
    I: 401311
    I: 401314
    I: 401318
    I: 40131b (mem 405100)
    I: 401326
    I: 40132a (flow 401352)
      Successors: 401330, 401352
  BB: 401490 in func 401310 with 15 insts
    I: 401490 (imm 418a30)
    I: 401497
    I: 401499 (imm 418a40)
    I: 4014a0
    I: 4014a2
    I: 4014a4
    I: 4014a7
    I: 4014aa
    I: 4014ad
    I: 4014b0
    I: 4014b3
    I: 4014b6
    I: 4014b9
    I: 4014bb
    I: 4014bd (flow 4014c8)
      Successors: 4014c8, 4014c3
  BB: 401523 in func 401310 with 4 insts
    I: 401523
    I: 401527 (disp 405110)
    I: 40152f (flow 418a48)
    I: 401534 (flow 40150f)
      Successors: 40150f
  BB: 401330 in func 401310 with 7 insts
    I: 401330 (mem 405100)
    I: 401337
    I: 401339
    I: 40133c (mem 405100)
    I: 401343
    I: 401345 (disp 405110)
    I: 40134d (flow 401505)
      Successors: 401505
  BB: 401539 in func 401310 with 3 insts
    I: 401539
    I: 40153d
    I: 40153e
      No successors
  BB: 40143c in func 401310 with 1 insts
    I: 40143c (flow 401544)
      Successors: 401544
  BB: 4013bd in func 401310 with 1 insts
    I: 4013bd (flow 40153f)
      Successors: 40153f
  BB: 40153f in func 401310 with 1 insts
    I: 40153f (flow 40138a)
      Successors: 40138a
  BB: 401441 in func 401310 with 3 insts
    I: 401441
    I: 401444
    I: 401446 (flow 401451)
      Successors: 401451, 40144c
  BB: 4013c2 in func 401310 with 1 insts
    I: 4013c2 (flow 4013c7)
      Successors: 4013c7
  BB: 4014c3 in func 401310 with 1 insts
    I: 4014c3 (flow 401549)
      Successors: 401549
  BB: 401544 in func 401310 with 1 insts
    I: 401544 (flow 4013ff)
      Successors: 4013ff
  BB: 4013c7 in func 401310 with 15 insts
    I: 4013c7 (imm 418a30)
    I: 4013ce
    I: 4013d0 (imm 418a40)
    I: 4013d7
    I: 4013d9
    I: 4013db
    I: 4013de
    I: 4013e1
    I: 4013e4
    I: 4013e7
    I: 4013ea
    I: 4013ed
    I: 4013f0
    I: 4013f2
    I: 4013f4 (flow 4013ff)
      Successors: 4013fa, 4013ff
  BB: 4014c8 in func 401310 with 15 insts
    I: 4014c8 (imm 418a30)
    I: 4014cf
    I: 4014d1 (imm 418a40)
    I: 4014d8
    I: 4014da
    I: 4014dc
    I: 4014df
    I: 4014e2
    I: 4014e5
    I: 4014e8
    I: 4014eb
    I: 4014ee
    I: 4014f1
    I: 4014f3
    I: 4014f5 (flow 401500)
      Successors: 401500, 4014fb
  BB: 401549 in func 401310 with 1 insts
    I: 401549 (flow 4014c8)
      Successors: 4014c8
  BB: 40144c in func 401310 with 1 insts
    I: 40144c (flow 401490)
      Successors: 401490
  BB: 40154e in func 401310 with 1 insts
    I: 40154e
      No successors
  BB: 401451 in func 401310 with 18 insts
    I: 401451
    I: 401454
    I: 401459
    I: 40145a
    I: 40145c
    I: 40145f
    I: 401461 (mem 405100)
    I: 401468
    I: 40146a
    I: 40146d (mem 405100)
    I: 401474
    I: 401476 (disp 405110)
    I: 40147d
    I: 401480
    I: 401485
    I: 401486
    I: 401488
    I: 40148b (flow 4013c7)
      Successors: 4013c7
  BB: 401352 in func 401310 with 15 insts
    I: 401352 (imm 418a30)
    I: 401359
    I: 40135b (imm 418a40)
    I: 401362
    I: 401364
    I: 401366
    I: 401369
    I: 40136c
    I: 40136f
    I: 401372
    I: 401375
    I: 401378
    I: 40137b
    I: 40137d
    I: 40137f (flow 40138a)
      Successors: 40138a, 401385
  BB: 4013fa in func 401310 with 1 insts
    I: 4013fa (flow 401544)
      Successors: 401544
  BB: 4014fb in func 401310 with 1 insts
    I: 4014fb (flow 401549)
      Successors: 401549
  BB: 4013ff in func 401310 with 18 insts
    I: 4013ff
    I: 401403
    I: 401406
    I: 401409 (imm 418a30)
    I: 401410
    I: 401412 (imm 418a40)
    I: 401419
    I: 40141b
    I: 40141d
    I: 401420
    I: 401423
    I: 401426
    I: 401429
    I: 40142c
    I: 40142f
    I: 401432
    I: 401434
    I: 401436 (flow 401441)
      Successors: 401441, 40143c
Recovering 401550
  Analysing subroutine sub_401550 at 401550
  Subroutine sub_401550 at 401550 has 38 blocks
  BB: 401904 in func 401550 with 6 insts
    I: 401904
    I: 401908
    I: 40190c (mem 407854)
    I: 401917
    I: 40191d
    I: 401923 (flow 4017a2)
      Successors: 4017a2
  BB: 40160a in func 401550 with 15 insts
    I: 40160a (imm 418a28)
    I: 401611
    I: 401613 (imm 418a38)
    I: 40161a
    I: 40161c
    I: 40161e
    I: 401621
    I: 401624
    I: 401627
    I: 40162a
    I: 40162d
    I: 401630
    I: 401633
    I: 401635
    I: 401637 (flow 401642)
      Successors: 401642, 40163d
  BB: 40158b in func 401550 with 1 insts
    I: 40158b (flow 4018c1)
      Successors: 4018c1
  BB: 40180e in func 401550 with 24 insts
    I: 40180e
    I: 401812
    I: 401816
    I: 401818
    I: 40181b
    I: 40181e (disp 407850)
    I: 401825
    I: 401827
    I: 40182a (disp 407850)
    I: 401831 (imm 418a28)
    I: 401838
    I: 40183a (imm 418a38)
    I: 401841
    I: 401843
    I: 401845
    I: 401848
    I: 40184b
    I: 40184e
    I: 401851
    I: 401854
    I: 401857
    I: 40185a
    I: 40185c
    I: 40185e (flow 401869)
      Successors: 401869, 401864
  BB: 401590 in func 401550 with 28 insts
    I: 401590
    I: 401593
    I: 401597
    I: 40159b
    I: 40159e
    I: 4015a1
    I: 4015a5
    I: 4015a9
    I: 4015ac
    I: 4015af
    I: 4015b3
    I: 4015b7
    I: 4015ba
    I: 4015c0 (imm 418a28)
    I: 4015c7
    I: 4015c9 (imm 418a38)
    I: 4015d0
    I: 4015d2
    I: 4015d4
    I: 4015d7
    I: 4015da
    I: 4015dd
    I: 4015e0
    I: 4015e3
    I: 4015e6
    I: 4015e9
    I: 4015eb
    I: 4015ed (flow 4015f8)
      Successors: 4015f8, 4015f3
  BB: 401699 in func 401550 with 1 insts
    I: 401699 (flow 4018d6)
      Successors: 4018d6
  BB: 40179d in func 401550 with 1 insts
    I: 40179d (flow 401904)
      Successors: 401904
  BB: 40169e in func 401550 with 1 insts
    I: 40169e (flow 4016a3)
      Successors: 4016a3
  BB: 40171e in func 401550 with 1 insts
    I: 40171e (flow 4018ff)
      Successors: 4018ff
  BB: 4017a2 in func 401550 with 20 insts
    I: 4017a2
    I: 4017a6
    I: 4017aa (mem 407854)
    I: 4017b5
    I: 4017bb
    I: 4017c1 (imm 418a28)
    I: 4017c8
    I: 4017ca (imm 418a38)
    I: 4017d1
    I: 4017d3
    I: 4017d5
    I: 4017d8
    I: 4017db
    I: 4017de
    I: 4017e1
    I: 4017e4
    I: 4017e7
    I: 4017ea
    I: 4017ec
    I: 4017ee (flow 4017f9)
      Successors: 4017f9, 4017f4
  BB: 4016a3 in func 401550 with 15 insts
    I: 4016a3 (imm 418a28)
    I: 4016aa
    I: 4016ac (imm 418a38)
    I: 4016b3
    I: 4016b5
    I: 4016b7
    I: 4016ba
    I: 4016bd
    I: 4016c0
    I: 4016c3
    I: 4016c6
    I: 4016c9
    I: 4016cc
    I: 4016ce
    I: 4016d0 (flow 4016db)
      Successors: 4016db, 4016d6
  BB: 401723 in func 401550 with 3 insts
    I: 401723
    I: 401726
    I: 401728 (flow 401733)
      Successors: 401733, 40172e
  BB: 401928 in func 401550 with 9 insts
    I: 401928
    I: 40192c
    I: 401930
    I: 401932
    I: 401935
    I: 401937
    I: 401939
    I: 40193c
    I: 40193e (flow 401869)
      Successors: 401869
  BB: 40172e in func 401550 with 1 insts
    I: 40172e (flow 401755)
      Successors: 401755
  BB: 4018b2 in func 401550 with 1 insts
    I: 4018b2 (flow 401928)
      Successors: 401928
  BB: 401733 in func 401550 with 9 insts
    I: 401733
    I: 401737
    I: 40173a (disp 405130)
    I: 401742
    I: 401746
    I: 40174a
    I: 40174c
    I: 40174e
    I: 401750 (flow 4016a3)
      Successors: 4016a3
  BB: 4018b7 in func 401550 with 1 insts
    I: 4018b7 (flow 4017fe)
      Successors: 4017fe
  BB: 4018bc in func 401550 with 3 insts
    I: 4018bc
    I: 4018bf
    I: 4018c0
      No successors
  BB: 40163d in func 401550 with 1 insts
    I: 40163d (flow 4018d6)
      Successors: 4018d6
  BB: 4018c1 in func 401550 with 5 insts
    I: 4018c1
    I: 4018c4
    I: 4018c8
    I: 4018cb
    I: 4018d1 (flow 401590)
      Successors: 401590
  BB: 401642 in func 401550 with 24 insts
    I: 401642
    I: 401646
    I: 40164a
    I: 40164e
    I: 401651 (disp 405030)
    I: 401658
    I: 40165a
    I: 40165d (disp 405090)
    I: 401664
    I: 401666 (imm 418a28)
    I: 40166d
    I: 40166f (imm 418a38)
    I: 401676
    I: 401678
    I: 40167a
    I: 40167d
    I: 401680
    I: 401683
    I: 401686
    I: 401689
    I: 40168c
    I: 40168f
    I: 401691
    I: 401693 (flow 40169e)
      Successors: 401699, 40169e
  BB: 401943 in func 401550 with 2 insts
    I: 401943
    I: 40194d
      No successors
  BB: 401550 in func 401550 with 18 insts
    I: 401550
    I: 401551
    I: 401554
    I: 401558 (imm 418a28)
    I: 40155f
    I: 401561 (imm 418a38)
    I: 401568
    I: 40156a
    I: 40156c
    I: 40156f
    I: 401572
    I: 401575
    I: 401578
    I: 40157b
    I: 40157e
    I: 401581
    I: 401583
    I: 401585 (flow 401590)
      Successors: 401590, 40158b
  BB: 401755 in func 401550 with 1 insts
    I: 401755 (flow 40175a)
      Successors: 40175a
  BB: 4016d6 in func 401550 with 1 insts
    I: 4016d6 (flow 4018ff)
      Successors: 4018ff
  BB: 4018d6 in func 401550 with 10 insts
    I: 4018d6
    I: 4018da
    I: 4018de
    I: 4018e2
    I: 4018e5 (disp 405030)
    I: 4018ec
    I: 4018ee
    I: 4018f1 (disp 405090)
    I: 4018f8
    I: 4018fa (flow 401642)
      Successors: 401642
  BB: 40175a in func 401550 with 5 insts
    I: 40175a
    I: 40175e
    I: 401760
    I: 401763
    I: 401765 (flow 4015fd)
      Successors: 4015fd
  BB: 4016db in func 401550 with 19 insts
    I: 4016db
    I: 4016df
    I: 4016e5
    I: 4016e8
    I: 4016eb (imm 418a28)
    I: 4016f2
    I: 4016f4 (imm 418a38)
    I: 4016fb
    I: 4016fd
    I: 4016ff
    I: 401702
    I: 401705
    I: 401708
    I: 40170b
    I: 40170e
    I: 401711
    I: 401714
    I: 401716
    I: 401718 (flow 401723)
      Successors: 401723, 40171e
  BB: 401864 in func 401550 with 1 insts
    I: 401864 (flow 401928)
      Successors: 401928
  BB: 401869 in func 401550 with 23 insts
    I: 401869
    I: 40186d
    I: 401871
    I: 401873
    I: 401876
    I: 401878
    I: 40187a
    I: 40187d
    I: 40187f (imm 418a28)
    I: 401886
    I: 401888 (imm 418a38)
    I: 40188f
    I: 401891
    I: 401893
    I: 401896
    I: 401899
    I: 40189c
    I: 40189f
    I: 4018a2
    I: 4018a5
    I: 4018a8
    I: 4018aa
    I: 4018ac (flow 4018b7)
      Successors: 4018b2, 4018b7
  BB: 40176a in func 401550 with 15 insts
    I: 40176a (imm 418a28)
    I: 401771
    I: 401773 (imm 418a38)
    I: 40177a
    I: 40177c
    I: 40177e
    I: 401781
    I: 401784
    I: 401787
    I: 40178a
    I: 40178d
    I: 401790
    I: 401793
    I: 401795
    I: 401797 (flow 4017a2)
      Successors: 4017a2, 40179d
  BB: 4015f3 in func 401550 with 1 insts
    I: 4015f3 (flow 4018c1)
      Successors: 4018c1
  BB: 4017f4 in func 401550 with 1 insts
    I: 4017f4 (flow 401904)
      Successors: 401904
  BB: 4015f8 in func 401550 with 1 insts
    I: 4015f8 (flow 4015fd)
      Successors: 4015fd
  BB: 4017f9 in func 401550 with 1 insts
    I: 4017f9 (flow 4017fe)
      Successors: 4017fe
  BB: 4015fd in func 401550 with 3 insts
    I: 4015fd
    I: 401601
    I: 401604 (flow 40176a)
      Successors: 40160a, 40176a
  BB: 4017fe in func 401550 with 3 insts
    I: 4017fe
    I: 401802
    I: 401808 (flow 4018bc)
      Successors: 4018bc, 40180e
  BB: 4018ff in func 401550 with 1 insts
    I: 4018ff (flow 4016db)
      Successors: 4016db
Recovering main at 401950
  Analysing subroutine main at 401950
  Subroutine main at 401950 has 84 blocks
  BB: 401c00 in func 401950 with 1 insts
    I: 401c00 (flow 401c05)
      Successors: 401c05
  BB: 402000 in func 401950 with 1 insts
    I: 402000 (flow 401c52)
      Successors: 401c52
  BB: 402005 in func 401950 with 2 insts
    I: 402005
    I: 40200c (flow 401cde)
      Successors: 401cde
  BB: 401c05 in func 401950 with 4 insts
    I: 401c05
    I: 401c08
    I: 401c0b
    I: 401c0e (flow 401b3d)
      Successors: 401b3d
  BB: 401e0d in func 401950 with 15 insts
    I: 401e0d (imm 418a2c)
    I: 401e14
    I: 401e16 (imm 418a3c)
    I: 401e1d
    I: 401e1f
    I: 401e21
    I: 401e24
    I: 401e27
    I: 401e2a
    I: 401e2d
    I: 401e30
    I: 401e33
    I: 401e36
    I: 401e38
    I: 401e3a (flow 401e45)
      Successors: 401e40, 401e45
  BB: 402011 in func 401950 with 1 insts
    I: 402011 (flow 401d88)
      Successors: 401d88
  BB: 401c13 in func 401950 with 1 insts
    I: 401c13
      Successors: 401c1a
  BB: 402016 in func 401950 with 1 insts
    I: 402016 (flow 401e45)
      Successors: 401e45
  BB: 401c1a in func 401950 with 15 insts
    I: 401c1a (imm 418a2c)
    I: 401c21
    I: 401c23 (imm 418a3c)
    I: 401c2a
    I: 401c2c
    I: 401c2e
    I: 401c31
    I: 401c34
    I: 401c37
    I: 401c3a
    I: 401c3d
    I: 401c40
    I: 401c43
    I: 401c45
    I: 401c47 (flow 401c52)
      Successors: 401c52, 401c4d
  BB: 40201b in func 401950 with 1 insts
    I: 40201b (flow 401ec8)
      Successors: 401ec8
  BB: 401a1f in func 401950 with 1 insts
    I: 401a1f (flow 401fd3)
      Successors: 401fd3
  BB: 402020 in func 401950 with 2 insts
    I: 402020
    I: 402027 (flow 401f4b)
      Successors: 401f4b
  BB: 401a24 in func 401950 with 1 insts
    I: 401a24 (flow 401a29)
      Successors: 401a29
  BB: 401a29 in func 401950 with 15 insts
    I: 401a29 (imm 418a2c)
    I: 401a30
    I: 401a32 (imm 418a3c)
    I: 401a39
    I: 401a3b
    I: 401a3d
    I: 401a40
    I: 401a43
    I: 401a46
    I: 401a49
    I: 401a4c
    I: 401a4f
    I: 401a52
    I: 401a54
    I: 401a56 (flow 401a61)
      Successors: 401a61, 401a5c
  BB: 401e40 in func 401950 with 1 insts
    I: 401e40 (flow 402016)
      Successors: 402016
  BB: 401e45 in func 401950 with 15 insts
    I: 401e45 (imm 418a2c)
    I: 401e4c
    I: 401e4e (imm 418a3c)
    I: 401e55
    I: 401e57
    I: 401e59
    I: 401e5c
    I: 401e5f
    I: 401e62
    I: 401e65
    I: 401e68
    I: 401e6b
    I: 401e6e
    I: 401e70
    I: 401e72 (flow 401e7d)
      Successors: 401e78, 401e7d
  BB: 401c4d in func 401950 with 1 insts
    I: 401c4d (flow 402000)
      Successors: 402000
  BB: 401c52 in func 401950 with 19 insts
    I: 401c52
    I: 401c55
    I: 401c58
    I: 401c5b
    I: 401c5e (imm 418a2c)
    I: 401c65
    I: 401c67 (imm 418a3c)
    I: 401c6e
    I: 401c70
    I: 401c72
    I: 401c75
    I: 401c78
    I: 401c7b
    I: 401c7e
    I: 401c81
    I: 401c84
    I: 401c87
    I: 401c89
    I: 401c8b (flow 401c96)
      Successors: 401c91, 401c96
  BB: 401a5c in func 401950 with 1 insts
    I: 401a5c (flow 401fed)
      Successors: 401fed
  BB: 401a61 in func 401950 with 21 insts
    I: 401a61
    I: 401a64
    I: 401a67
    I: 401a6a
    I: 401a6d
    I: 401a70
    I: 401a73 (imm 418a2c)
    I: 401a7a
    I: 401a7c (imm 418a3c)
    I: 401a83
    I: 401a85
    I: 401a87
    I: 401a8a
    I: 401a8d
    I: 401a90
    I: 401a93
    I: 401a96
    I: 401a99
    I: 401a9c
    I: 401a9e
    I: 401aa0 (flow 401aab)
      Successors: 401aab, 401aa6
  BB: 401e78 in func 401950 with 1 insts
    I: 401e78 (flow 402016)
      Successors: 402016
  BB: 401e7d in func 401950 with 1 insts
    I: 401e7d (flow 401e82)
      Successors: 401e82
  BB: 401e82 in func 401950 with 4 insts
    I: 401e82
    I: 401e85
    I: 401e88
    I: 401e8b (flow 401d22)
      Successors: 401d22
  BB: 401e90 in func 401950 with 15 insts
    I: 401e90 (imm 418a2c)
    I: 401e97
    I: 401e99 (imm 418a3c)
    I: 401ea0
    I: 401ea2
    I: 401ea4
    I: 401ea7
    I: 401eaa
    I: 401ead
    I: 401eb0
    I: 401eb3
    I: 401eb6
    I: 401eb9
    I: 401ebb
    I: 401ebd (flow 401ec8)
      Successors: 401ec8, 401ec3
  BB: 401c91 in func 401950 with 1 insts
    I: 401c91 (flow 402000)
      Successors: 402000
  BB: 401c96 in func 401950 with 3 insts
    I: 401c96
    I: 401c99
    I: 401c9b (flow 401ca6)
      Successors: 401ca1, 401ca6
  BB: 401ca1 in func 401950 with 1 insts
    I: 401ca1 (flow 401f13)
      Successors: 401f13
  BB: 401aa6 in func 401950 with 1 insts
    I: 401aa6 (flow 401fed)
      Successors: 401fed
  BB: 401ca6 in func 401950 with 15 insts
    I: 401ca6 (imm 418a2c)
    I: 401cad
    I: 401caf (imm 418a3c)
    I: 401cb6
    I: 401cb8
    I: 401cba
    I: 401cbd
    I: 401cc0
    I: 401cc3
    I: 401cc6
    I: 401cc9
    I: 401ccc
    I: 401ccf
    I: 401cd1
    I: 401cd3 (flow 401cde)
      Successors: 401cd9, 401cde
  BB: 401aab in func 401950 with 3 insts
    I: 401aab
    I: 401aae
    I: 401ab0 (flow 401abb)
      Successors: 401abb, 401ab6
  BB: 401ab6 in func 401950 with 1 insts
    I: 401ab6 (flow 401afe)
      Successors: 401afe
  BB: 401abb in func 401950 with 2 insts
    I: 401abb (mem 405100)
    I: 401ac2
      Successors: 401ac5
  BB: 401ec3 in func 401950 with 1 insts
    I: 401ec3 (flow 40201b)
      Successors: 40201b
  BB: 401ac5 in func 401950 with 6 insts
    I: 401ac5
    I: 401ac8
    I: 401aca
    I: 401acd
    I: 401ad0
    I: 401ad3 (flow 401aef)
      Successors: 401ad9, 401aef
  BB: 401bfb in func 401950 with 1 insts
    I: 401bfb (flow 401ffb)
      Successors: 401ffb
  BB: 401ec8 in func 401950 with 15 insts
    I: 401ec8 (imm 418a2c)
    I: 401ecf
    I: 401ed1 (imm 418a3c)
    I: 401ed8
    I: 401eda
    I: 401edc
    I: 401edf
    I: 401ee2
    I: 401ee5
    I: 401ee8
    I: 401eeb
    I: 401eee
    I: 401ef1
    I: 401ef3
    I: 401ef5 (flow 401f00)
      Successors: 401f00, 401efb
  BB: 401ad9 in func 401950 with 4 insts
    I: 401ad9
    I: 401add (disp 405110)
    I: 401ae5 (flow 418a48)
    I: 401aea (flow 401ac5)
      Successors: 401ac5
  BB: 401cd9 in func 401950 with 1 insts
    I: 401cd9 (flow 402005)
      Successors: 402005
  BB: 401cde in func 401950 with 16 insts
    I: 401cde
    I: 401ce5 (imm 418a2c)
    I: 401cec
    I: 401cee (imm 418a3c)
    I: 401cf5
    I: 401cf7
    I: 401cf9
    I: 401cfc
    I: 401cff
    I: 401d02
    I: 401d05
    I: 401d08
    I: 401d0b
    I: 401d0e
    I: 401d10
    I: 401d12 (flow 401d1d)
      Successors: 401d18, 401d1d
  BB: 401aef in func 401950 with 3 insts
    I: 401aef
    I: 401af4 (flow 418a48)
    I: 401af9 (flow 401a29)
      Successors: 401a29
  BB: 401efb in func 401950 with 1 insts
    I: 401efb (flow 40201b)
      Successors: 40201b
  BB: 401afe in func 401950 with 1 insts
    I: 401afe (flow 401964)
      Successors: 401964
  BB: 401f00 in func 401950 with 1 insts
    I: 401f00 (flow 401f05)
      Successors: 401f05
  BB: 401b03 in func 401950 with 10 insts
    I: 401b03 (imm 40c690)
    I: 401b0d
    I: 401b0f
    I: 401b14 (flow 418a58)
    I: 401b19 (imm 4114d0)
    I: 401b23
    I: 401b25
    I: 401b2a (flow 418a58)
    I: 401b2f
    I: 401b36
      Successors: 401b3d
  BB: 401f05 in func 401950 with 4 insts
    I: 401f05
    I: 401f08
    I: 401f0b
    I: 401f0e (flow 401c1a)
      Successors: 401c1a
  BB: 401f13 in func 401950 with 15 insts
    I: 401f13 (imm 418a2c)
    I: 401f1a
    I: 401f1c (imm 418a3c)
    I: 401f23
    I: 401f25
    I: 401f27
    I: 401f2a
    I: 401f2d
    I: 401f30
    I: 401f33
    I: 401f36
    I: 401f39
    I: 401f3c
    I: 401f3e
    I: 401f40 (flow 401f4b)
      Successors: 401f4b, 401f46
  BB: 401d18 in func 401950 with 1 insts
    I: 401d18 (flow 402005)
      Successors: 402005
  BB: 401d1d in func 401950 with 1 insts
    I: 401d1d (flow 401d22)
      Successors: 401d22
  BB: 401d22 in func 401950 with 3 insts
    I: 401d22
    I: 401d25
    I: 401d28 (flow 401e90)
      Successors: 401e90, 401d2e
  BB: 401d2e in func 401950 with 7 insts
    I: 401d2e
    I: 401d32 (disp 413bf0)
    I: 401d39
    I: 401d3d (disp 413bf0)
    I: 401d44
    I: 401d47
    I: 401d4a (flow 401e0d)
      Successors: 401d50, 401e0d
  BB: 401b3d in func 401950 with 3 insts
    I: 401b3d
    I: 401b40
    I: 401b43 (flow 401c13)
      Successors: 401b49, 401c13
  BB: 401f46 in func 401950 with 1 insts
    I: 401f46 (flow 402020)
      Successors: 402020
  BB: 401b49 in func 401950 with 8 insts
    I: 401b49
    I: 401b4d (disp 407850)
    I: 401b54
    I: 401b55
    I: 401b58
    I: 401b5b
    I: 401b5f (disp 4114d0)
    I: 401b67 (flow 401b90)
      Successors: 401b90, 401b6d
  BB: 401f4b in func 401950 with 16 insts
    I: 401f4b
    I: 401f52 (imm 418a2c)
    I: 401f59
    I: 401f5b (imm 418a3c)
    I: 401f62
    I: 401f64
    I: 401f66
    I: 401f69
    I: 401f6c
    I: 401f6f
    I: 401f72
    I: 401f75
    I: 401f78
    I: 401f7b
    I: 401f7d
    I: 401f7f (flow 401f8a)
      Successors: 401f8a, 401f85
  BB: 401950 in func 401950 with 5 insts
    Referenced by data
    I: 401950
    I: 401951
    I: 401954
    I: 401958
    I: 40195f (flow 401550)
      Successors: 401964
  BB: 401d50 in func 401950 with 15 insts
    I: 401d50 (imm 418a2c)
    I: 401d57
    I: 401d59 (imm 418a3c)
    I: 401d60
    I: 401d62
    I: 401d64
    I: 401d67
    I: 401d6a
    I: 401d6d
    I: 401d70
    I: 401d73
    I: 401d76
    I: 401d79
    I: 401d7b
    I: 401d7d (flow 401d88)
      Successors: 401d88, 401d83
  BB: 401964 in func 401950 with 4 insts
    I: 401964 (flow 401150)
    I: 401969
    I: 40196c
    I: 40196f (flow 401fcb)
      Successors: 401fcb, 401975
  BB: 401b6d in func 401950 with 9 insts
    I: 401b6d
    I: 401b71 (disp 4114d0)
    I: 401b79
    I: 401b7c
    I: 401b7f
    I: 401b81
    I: 401b84
    I: 401b87
    I: 401b89 (disp 413bf0)
      Successors: 401b90
  BB: 401975 in func 401950 with 6 insts
    I: 401975
    I: 401978
    I: 40197b
    I: 40197e
    I: 401982 (disp 405130)
    I: 40198a (flow 401b03)
      Successors: 401990, 401b03
  BB: 401d83 in func 401950 with 1 insts
    I: 401d83 (flow 402011)
      Successors: 402011
  BB: 401f85 in func 401950 with 1 insts
    I: 401f85 (flow 402020)
      Successors: 402020
  BB: 401d88 in func 401950 with 18 insts
    I: 401d88
    I: 401d8c
    I: 401d8f
    I: 401d92 (imm 418a2c)
    I: 401d99
    I: 401d9b (imm 418a3c)
    I: 401da2
    I: 401da4
    I: 401da6
    I: 401da9
    I: 401dac
    I: 401daf
    I: 401db2
    I: 401db5
    I: 401db8
    I: 401dbb
    I: 401dbd
    I: 401dbf (flow 401dca)
      Successors: 401dca, 401dc5
  BB: 401f8a in func 401950 with 1 insts
    I: 401f8a (flow 401f8f)
      Successors: 401f8f
  BB: 401f8f in func 401950 with 3 insts
    I: 401f8f
    I: 401f92
    I: 401f95 (flow 401fc6)
      Successors: 401f9b, 401fc6
  BB: 401990 in func 401950 with 4 insts
    I: 401990
    I: 401993
    I: 401996
    I: 401999 (flow 401b03)
      Successors: 401b03, 40199f
  BB: 401b90 in func 401950 with 15 insts
    I: 401b90 (imm 418a2c)
    I: 401b97
    I: 401b99 (imm 418a3c)
    I: 401ba0
    I: 401ba2
    I: 401ba4
    I: 401ba7
    I: 401baa
    I: 401bad
    I: 401bb0
    I: 401bb3
    I: 401bb6
    I: 401bb9
    I: 401bbb
    I: 401bbd (flow 401bc8)
      Successors: 401bc8, 401bc3
  BB: 401f9b in func 401950 with 10 insts
    I: 401f9b
    I: 401f9f (disp 40c690)
    I: 401fa6
    I: 401fa9 (flow 401310)
    I: 401fae
    I: 401fb3 (flow 418a48)
    I: 401fb8
    I: 401fbb
    I: 401fbe
    I: 401fc1 (flow 401f8f)
      Successors: 401f8f
  BB: 40199f in func 401950 with 15 insts
    I: 40199f (imm 418a2c)
    I: 4019a6
    I: 4019a8 (imm 418a3c)
    I: 4019af
    I: 4019b1
    I: 4019b3
    I: 4019b6
    I: 4019b9
    I: 4019bc
    I: 4019bf
    I: 4019c2
    I: 4019c5
    I: 4019c8
    I: 4019ca
    I: 4019cc (flow 4019d7)
      Successors: 4019d2, 4019d7
  BB: 401bc3 in func 401950 with 1 insts
    I: 401bc3 (flow 401ffb)
      Successors: 401ffb
  BB: 401dc5 in func 401950 with 1 insts
    I: 401dc5 (flow 402011)
      Successors: 402011
  BB: 401fc6 in func 401950 with 1 insts
    I: 401fc6 (flow 401964)
      Successors: 401964
  BB: 401bc8 in func 401950 with 15 insts
    I: 401bc8 (imm 418a2c)
    I: 401bcf
    I: 401bd1 (imm 418a3c)
    I: 401bd8
    I: 401bda
    I: 401bdc
    I: 401bdf
    I: 401be2
    I: 401be5
    I: 401be8
    I: 401beb
    I: 401bee
    I: 401bf1
    I: 401bf3
    I: 401bf5 (flow 401c00)
      Successors: 401c00, 401bfb
  BB: 401dca in func 401950 with 3 insts
    I: 401dca
    I: 401dcd
    I: 401dcf (flow 401dda)
      Successors: 401dda, 401dd5
  BB: 401fcb in func 401950 with 4 insts
    I: 401fcb
    I: 401fcd
    I: 401fd1
    I: 401fd2
      No successors
  BB: 4019d2 in func 401950 with 1 insts
    I: 4019d2 (flow 401fd3)
      Successors: 401fd3
  BB: 401fd3 in func 401950 with 6 insts
    I: 401fd3
    I: 401fd6
    I: 401fd9 (flow 401310)
    I: 401fde
    I: 401fe3 (flow 418a48)
    I: 401fe8 (flow 4019d7)
      Successors: 4019d7
  BB: 401dd5 in func 401950 with 1 insts
    I: 401dd5 (flow 401de3)
      Successors: 401de3
  BB: 4019d7 in func 401950 with 20 insts
    I: 4019d7
    I: 4019da
    I: 4019dd (flow 401310)
    I: 4019e2
    I: 4019e7 (flow 418a48)
    I: 4019ec (imm 418a2c)
    I: 4019f3
    I: 4019f5 (imm 418a3c)
    I: 4019fc
    I: 4019fe
    I: 401a00
    I: 401a03
    I: 401a06
    I: 401a09
    I: 401a0c
    I: 401a0f
    I: 401a12
    I: 401a15
    I: 401a17
    I: 401a19 (flow 401a24)
      Successors: 401a24, 401a1f
  BB: 401dda in func 401950 with 3 insts
    I: 401dda
    I: 401ddd
    I: 401de0
      Successors: 401de3
  BB: 401de3 in func 401950 with 3 insts
    I: 401de3
    I: 401de6
    I: 401de9 (flow 401df8)
      Successors: 401df8, 401def
  BB: 401fed in func 401950 with 4 insts
    I: 401fed
    I: 401ff0
    I: 401ff3
    I: 401ff6 (flow 401a61)
      Successors: 401a61
  BB: 401def in func 401950 with 3 insts
    I: 401def
    I: 401df2
    I: 401df5
      Successors: 401df8
  BB: 401df8 in func 401950 with 4 insts
    I: 401df8
    I: 401dfc (disp 40c690)
    I: 401e03
    I: 401e06 (disp 40c690)
      Successors: 401e0d
  BB: 401ffb in func 401950 with 1 insts
    I: 401ffb (flow 401bc8)
      Successors: 401bc8
Recovering .term_proc at 40202c
  Analysing subroutine .term_proc at 40202c
    Block head at 00402039 is not code.
  Subroutine .term_proc at 40202c has 1 blocks
  BB: 40202c in func 40202c with 4 insts
    I: 40202c
    I: 402030
    I: 402034
    I: 402038
      No successors
Global Variable None
WARNING: Global constructor and destructor sections are adjacent!
Recovering region LOAD [400000, 400500) in segment LOAD
  8-byte reference at 400018 to 401060 (start)
  8-byte reference at 4000f8 to 401000 (.init_proc)
  8-byte reference at 400130 to 403000 ()
  8-byte reference at 400168 to 404de8 ()
  8-byte reference at 400280 to 403004 ()
  8-byte reference at 4002f0 to 404de8 ()
Recovering region .init [401000, 40101b) in segment .init
Recovering region LOAD [40101b, 401020) in segment LOAD
Recovering region .plt [401020, 401060) in segment .plt
Recovering region .text [401060, 40202c) in segment .text
Recovering region .fini [40202c, 402039) in segment .fini
Recovering region .rodata [403000, 403004) in segment .rodata
Recovering region .eh_frame_hdr [403004, 403048) in segment .eh_frame_hdr
Recovering region .eh_frame [403048, 403144) in segment .eh_frame
Recovering region LOAD [403144, 403188) in segment LOAD
Recovering region .init_array [404de8, 404df8) in segment .init_array
  8-byte reference at 404de8 to 401140 ()
  8-byte reference at 404df0 to 401110 ()
Recovering region LOAD [404df8, 404fd8) in segment LOAD
Recovering region .got [404fd8, 404fe8) in segment .got
  8-byte reference at 404fd8 to 418a50 (__libc_start_main)
  8-byte reference at 404fe0 to 418a68 (__gmon_start__)
Recovering region .got.plt [404fe8, 405018) in segment .got.plt
  8-byte reference at 405000 to 418a48 (putchar)
  8-byte reference at 405008 to 418a58 (memset)
  8-byte reference at 405010 to 418a60 (getchar)
Recovering region LOAD [405018, 405020) in segment LOAD
Recovering region .data [405020, 4050f0) in segment .data
Recovering region .bss [4050f0, 418a48) in segment .bss
Recovering extern function putchar at 401030
Recovering extern function memset at 401040
Recovering extern function getchar at 401050
Recovering extern function putchar at 418a48
Recovering extern function __libc_start_main at 418a50
Recovering extern function memset at 418a58
Recovering extern function getchar at 418a60
Recovering extern function __gmon_start__ at 418a68
Recovered 11 functions.
Saving to: /home/ubuntu/capstone_project/result/pipeline_20260629_141746/s634430882_bcf.cfg
Done analysis!
