Debugging is enabled.
Loading Standard Definitions file: /home/ubuntu/capstone_project/dependency/mcsema/mcsema/lib/python3/site-packages/mcsema_disass-3.1.3.8-py3.8.egg/mcsema_disass/defs/linux.txt
Using Batch mode.
Starting analysis
Recovering module s634430882_fla_bcf.elf
Found main at 401f70
Looking for instructions in segment .init
  Default block heads for function 401000 with loose bounds [401000, 40101b)
    block [401000, 401014)
    block [401014, 401016)
    block [401016, 40101b)
    chunk [401000, 40101b)
Looking for instructions in segment .plt
  Default block heads for function 401020 with loose bounds [401020, 40102c)
    block [401020, 40102c)
    chunk [401020, 40102c)
  Default block heads for function 401030 with loose bounds [401030, 401036)
    block [401030, 401036)
    chunk [401030, 401036)
  Default block heads for function 401040 with loose bounds [401040, 401046)
    block [401040, 401046)
    chunk [401040, 401046)
  Default block heads for function 401050 with loose bounds [401050, 401056)
    block [401050, 401056)
    chunk [401050, 401056)
Looking for instructions in segment .text
  Default block heads for function 401060 with loose bounds [401060, 401086)
    block [401060, 401086)
    chunk [401060, 401086)
  Default block heads for function 4010a0 with loose bounds [4010a0, 4010c1)
    block [4010a0, 4010ad)
    block [4010ad, 4010b7)
    block [4010b7, 4010be)
    block [4010c0, 4010c1)
    chunk [4010a0, 4010c1)
  Default block heads for function 401110 with loose bounds [401110, 401131)
    block [401110, 40111d)
    block [40111d, 40112f)
    block [401130, 401131)
    chunk [401110, 401131)
  Default block heads for function 401140 with loose bounds [401140, 401146)
    block [401140, 401146)
    chunk [401140, 401146)
    chunk [4010d0, 401101)
  Default block heads for function 401150 with loose bounds [401150, 401426)
    block [401150, 401193)
    block [401193, 4011a4)
    block [4011a4, 4011a9)
    block [4011a9, 4011b7)
    block [4011b7, 4011bc)
    block [4011bc, 4011ca)
    block [4011ca, 4011cf)
    block [4011cf, 4011dd)
    block [4011dd, 4011e2)
    block [4011e2, 4011f0)
    block [4011f0, 4011f5)
    block [4011f5, 401203)
    block [401203, 401208)
    block [401208, 401216)
    block [401216, 40121b)
    block [40121b, 401229)
    block [401229, 40122e)
    block [40122e, 40123c)
    block [40123c, 401241)
    block [401241, 40124f)
    block [40124f, 401254)
    block [401254, 401259)
    block [401259, 401279)
    block [401279, 4012ef)
    block [4012ef, 4012fb)
    block [4012fb, 40132c)
    block [40132c, 401348)
    block [401348, 40138b)
    block [40138b, 4013d7)
    block [4013d7, 4013df)
    block [4013df, 401416)
    block [401416, 401421)
    block [401421, 401426)
    chunk [401150, 401426)
  Default block heads for function 401430 with loose bounds [401430, 401817)
    block [401430, 401453)
    block [401453, 401464)
    block [401464, 401469)
    block [401469, 401477)
    block [401477, 40147c)
    block [40147c, 40148a)
    block [40148a, 40148f)
    block [40148f, 40149d)
    block [40149d, 4014a2)
    block [4014a2, 4014b0)
    block [4014b0, 4014b5)
    block [4014b5, 4014c3)
    block [4014c3, 4014c8)
    block [4014c8, 4014d6)
    block [4014d6, 4014db)
    block [4014db, 4014e9)
    block [4014e9, 4014ee)
    block [4014ee, 4014fc)
    block [4014fc, 401501)
    block [401501, 40150f)
    block [40150f, 401514)
    block [401514, 401522)
    block [401522, 401527)
    block [401527, 401535)
    block [401535, 40153a)
    block [40153a, 401548)
    block [401548, 40154d)
    block [40154d, 40155b)
    block [40155b, 401560)
    block [401560, 40156e)
    block [40156e, 401573)
    block [401573, 401581)
    block [401581, 401586)
    block [401586, 40158b)
    block [40158b, 4015a6)
    block [4015a6, 4015cf)
    block [4015cf, 4015db)
    block [4015db, 4015f4)
    block [4015f4, 401637)
    block [401637, 4016b4)
    block [4016b4, 4016c0)
    block [4016c0, 4016cc)
    block [4016cc, 4016e2)
    block [4016e2, 401725)
    block [401725, 40177e)
    block [40177e, 401799)
    block [401799, 4017b6)
    block [4017b6, 4017bc)
    block [4017bc, 401802)
    block [401802, 401812)
    block [401812, 401817)
    chunk [401430, 401817)
  Default block heads for function 401820 with loose bounds [401820, 401f67)
    block [401820, 401832)
    block [401832, 401843)
    block [401843, 401848)
    block [401848, 401856)
    block [401856, 40185b)
    block [40185b, 401869)
    block [401869, 40186e)
    block [40186e, 40187c)
    block [40187c, 401881)
    block [401881, 40188f)
    block [40188f, 401894)
    block [401894, 4018a2)
    block [4018a2, 4018a7)
    block [4018a7, 4018b5)
    block [4018b5, 4018ba)
    block [4018ba, 4018c8)
    block [4018c8, 4018cd)
    block [4018cd, 4018db)
    block [4018db, 4018e0)
    block [4018e0, 4018ee)
    block [4018ee, 4018f3)
    block [4018f3, 401901)
    block [401901, 401906)
    block [401906, 401914)
    block [401914, 401919)
    block [401919, 401927)
    block [401927, 40192c)
    block [40192c, 40193a)
    block [40193a, 40193f)
    block [40193f, 40194d)
    block [40194d, 401952)
    block [401952, 401960)
    block [401960, 401965)
    block [401965, 401973)
    block [401973, 401978)
    block [401978, 401986)
    block [401986, 40198b)
    block [40198b, 401999)
    block [401999, 40199e)
    block [40199e, 4019ac)
    block [4019ac, 4019b1)
    block [4019b1, 4019bf)
    block [4019bf, 4019c4)
    block [4019c4, 4019d2)
    block [4019d2, 4019d7)
    block [4019d7, 4019e5)
    block [4019e5, 4019ea)
    block [4019ea, 4019f8)
    block [4019f8, 4019fd)
    block [4019fd, 401a0b)
    block [401a0b, 401a10)
    block [401a10, 401a1e)
    block [401a1e, 401a23)
    block [401a23, 401a31)
    block [401a31, 401a36)
    block [401a36, 401a44)
    block [401a44, 401a49)
    block [401a49, 401a57)
    block [401a57, 401a5c)
    block [401a5c, 401a6a)
    block [401a6a, 401a6f)
    block [401a6f, 401a74)
    block [401a74, 401a8d)
    block [401a8d, 401ab5)
    block [401ab5, 401af8)
    block [401af8, 401b4a)
    block [401b4a, 401b65)
    block [401b65, 401ba8)
    block [401ba8, 401bf7)
    block [401bf7, 401c03)
    block [401c03, 401c46)
    block [401c46, 401c92)
    block [401c92, 401c9e)
    block [401c9e, 401ce1)
    block [401ce1, 401d24)
    block [401d24, 401d30)
    block [401d30, 401d45)
    block [401d45, 401d6a)
    block [401d6a, 401dad)
    block [401dad, 401dff)
    block [401dff, 401e1a)
    block [401e1a, 401e5d)
    block [401e5d, 401ebd)
    block [401ebd, 401ec9)
    block [401ec9, 401ee7)
    block [401ee7, 401ee9)
    block [401ee9, 401ef5)
    block [401ef5, 401f0d)
    block [401f0d, 401f24)
    block [401f24, 401f30)
    block [401f30, 401f3c)
    block [401f3c, 401f62)
    block [401f62, 401f67)
    chunk [401820, 401f67)
  Default block heads for function 401f70 with loose bounds [401f70, 402ccb)
    block [401f70, 401f8b)
    block [401f8b, 401f9c)
    block [401f9c, 401fa1)
    block [401fa1, 401faf)
    block [401faf, 401fb4)
    block [401fb4, 401fc2)
    block [401fc2, 401fc7)
    block [401fc7, 401fd5)
    block [401fd5, 401fda)
    block [401fda, 401fe8)
    block [401fe8, 401fed)
    block [401fed, 401ffb)
    block [401ffb, 402000)
    block [402000, 40200e)
    block [40200e, 402013)
    block [402013, 402021)
    block [402021, 402026)
    block [402026, 402034)
    block [402034, 402039)
    block [402039, 402047)
    block [402047, 40204c)
    block [40204c, 40205a)
    block [40205a, 40205f)
    block [40205f, 40206d)
    block [40206d, 402072)
    block [402072, 402080)
    block [402080, 402085)
    block [402085, 402093)
    block [402093, 402098)
    block [402098, 4020a6)
    block [4020a6, 4020ab)
    block [4020ab, 4020b9)
    block [4020b9, 4020be)
    block [4020be, 4020cc)
    block [4020cc, 4020d1)
    block [4020d1, 4020df)
    block [4020df, 4020e4)
    block [4020e4, 4020f2)
    block [4020f2, 4020f7)
    block [4020f7, 402105)
    block [402105, 40210a)
    block [40210a, 402118)
    block [402118, 40211d)
    block [40211d, 40212b)
    block [40212b, 402130)
    block [402130, 40213e)
    block [40213e, 402143)
    block [402143, 402151)
    block [402151, 402156)
    block [402156, 402164)
    block [402164, 402169)
    block [402169, 402177)
    block [402177, 40217c)
    block [40217c, 40218a)
    block [40218a, 40218f)
    block [40218f, 40219d)
    block [40219d, 4021a2)
    block [4021a2, 4021b0)
    block [4021b0, 4021b5)
    block [4021b5, 4021c3)
    block [4021c3, 4021c8)
    block [4021c8, 4021d6)
    block [4021d6, 4021db)
    block [4021db, 4021e9)
    block [4021e9, 4021ee)
    block [4021ee, 4021fc)
    block [4021fc, 402201)
    block [402201, 40220f)
    block [40220f, 402214)
    block [402214, 402222)
    block [402222, 402227)
    block [402227, 402235)
    block [402235, 40223a)
    block [40223a, 402248)
    block [402248, 40224d)
    block [40224d, 40225b)
    block [40225b, 402260)
    block [402260, 40226e)
    block [40226e, 402273)
    block [402273, 402281)
    block [402281, 402286)
    block [402286, 402294)
    block [402294, 402299)
    block [402299, 4022a7)
    block [4022a7, 4022ac)
    block [4022ac, 4022ba)
    block [4022ba, 4022bf)
    block [4022bf, 4022cd)
    block [4022cd, 4022d2)
    block [4022d2, 4022e0)
    block [4022e0, 4022e5)
    block [4022e5, 4022f3)
    block [4022f3, 4022f8)
    block [4022f8, 402306)
    block [402306, 40230b)
    block [40230b, 402319)
    block [402319, 40231e)
    block [40231e, 40232c)
    block [40232c, 402331)
    block [402331, 40233f)
    block [40233f, 402344)
    block [402344, 402352)
    block [402352, 402357)
    block [402357, 402365)
    block [402365, 40236a)
    block [40236a, 402378)
    block [402378, 40237d)
    block [40237d, 40238b)
    block [40238b, 402390)
    block [402390, 40239e)
    block [40239e, 4023a3)
    block [4023a3, 4023b1)
    block [4023b1, 4023b6)
    block [4023b6, 4023c4)
    block [4023c4, 4023c9)
    block [4023c9, 4023d7)
    block [4023d7, 4023dc)
    block [4023dc, 4023ea)
    block [4023ea, 4023ef)
    block [4023ef, 4023fd)
    block [4023fd, 402402)
    block [402402, 402407)
    block [402407, 402429)
    block [402429, 402453)
    block [402453, 402471)
    block [402471, 402492)
    block [402492, 4024b3)
    block [4024b3, 4024f6)
    block [4024f6, 402543)
    block [402543, 40254f)
    block [40254f, 402592)
    block [402592, 4025eb)
    block [4025eb, 402606)
    block [402606, 402649)
    block [402649, 40269d)
    block [40269d, 4026a9)
    block [4026a9, 4026ec)
    block [4026ec, 402739)
    block [402739, 402745)
    block [402745, 402751)
    block [402751, 402797)
    block [402797, 4027da)
    block [4027da, 40282b)
    block [40282b, 402846)
    block [402846, 402879)
    block [402879, 4028a8)
    block [4028a8, 4028b4)
    block [4028b4, 4028f7)
    block [4028f7, 402943)
    block [402943, 40294f)
    block [40294f, 402962)
    block [402962, 40297d)
    block [40297d, 402990)
    block [402990, 4029ab)
    block [4029ab, 4029dc)
    block [4029dc, 4029f5)
    block [4029f5, 402a0a)
    block [402a0a, 402a25)
    block [402a25, 402a68)
    block [402a68, 402ab4)
    block [402ab4, 402ac0)
    block [402ac0, 402ae1)
    block [402ae1, 402aed)
    block [402aed, 402b02)
    block [402b02, 402b45)
    block [402b45, 402b88)
    block [402b88, 402b94)
    block [402b94, 402ba9)
    block [402ba9, 402bbc)
    block [402bbc, 402bd7)
    block [402bd7, 402c00)
    block [402c00, 402c15)
    block [402c15, 402c21)
    block [402c21, 402c29)
    block [402c29, 402c3f)
    block [402c3f, 402c54)
    block [402c54, 402c71)
    block [402c71, 402c87)
    block [402c87, 402c93)
    block [402c93, 402ca8)
    block [402ca8, 402cbf)
    block [402cbf, 402cc6)
    block [402cc6, 402ccb)
    chunk [401f70, 402ccb)
Looking for instructions in segment .fini
  Default block heads for function 402ccc with loose bounds [402ccc, 402cd9)
    block [402ccc, 402cd9)
    chunk [402ccc, 402cd9)
Looking for strings in segment .rodata [403000, 403004)
Looking for strings in segment .eh_frame_hdr [403004, 403048)
Looking for strings in segment .eh_frame [403048, 403144)
Looking for strings in segment .init_array [404de8, 404df0)
Looking for strings in segment .fini_array [404df0, 404df8)
Looking for strings in segment .got [404fd8, 404fe8)
Looking for strings in segment .got.plt [404fe8, 405018)
Looking for strings in segment .data [405020, 4050f0)
Looking for strings in segment .bss [4050f0, 418a48)
Looking for strings in segment extern [418a48, 418a70)
Looking for cross-references in segment .init [401000, 40101b)
Looking for cross-references in segment .plt [401020, 401060)
  Stopping scan at 40102c
Looking for cross-references in segment .text [401060, 402ccb)
  Stopping scan at 40108c
  Stopping scan at 40109c
  Stopping scan at ffffffffffffffff
  Stopping scan at 4010cc
  Stopping scan at 40110c
  Stopping scan at ffffffffffffffff
  Stopping scan at 40113c
  Stopping scan at 40114c
  Stopping scan at 40142c
  Stopping scan at 40181c
  Stopping scan at 401f6c
Looking for cross-references in segment .fini [402ccc, 402cd9)
Looking for cross-references in segment .rodata [403000, 403004)
  Stopping scan at 403000
Looking for cross-references in segment .eh_frame_hdr [403004, 403048)
  Stopping scan at 403044
Looking for cross-references in segment .eh_frame [403048, 403144)
  Stopping scan at 403140
Looking for cross-references in segment .init_array [404de8, 404df0)
  Adding qword reference from 404de8 to 401140
  Stopping scan at 404de8
Looking for cross-references in segment .fini_array [404df0, 404df8)
  Adding qword reference from 404df0 to 401110
  Stopping scan at 404df0
Looking for cross-references in segment .got [404fd8, 404fe8)
  Adding qword reference from 404fd8 to 418a50
  Adding qword reference from 404fe0 to 418a68
  Stopping scan at 404fe0
Looking for cross-references in segment .got.plt [404fe8, 405018)
  Adding qword reference from 405000 to 418a48
  Adding qword reference from 405008 to 418a58
  Adding qword reference from 405010 to 418a60
  Stopping scan at 405010
Looking for cross-references in segment .data [405020, 4050f0)
  Stopping scan at 4050ec
Looking for cross-references in segment .bss [4050f0, 418a48)
  Stopping scan at 418a44
Looking for cross-references in segment extern [418a48, 418a70)
  Stopping scan at 418a6c
Looking for thunks
  Found thunk for putchar targeting 418a48 at 401030
  Found thunk for memset targeting 418a58 at 401040
  Found thunk for getchar targeting 418a60 at 401050
Looking for external symbols
  Function at 401030 is the external function putchar
  Function at 401040 is the external function memset
  Function at 401050 is the external function getchar
  Function at 418a48 is the external function putchar
  Function at 418a50 is the external function __libc_start_main
  Function at 418a58 is the external function memset
  Function at 418a60 is the external function getchar
  Function at 418a68 is the external function __gmon_start__
Looking for entrypoints
Recovering .init_proc at 401000
  Analysing subroutine .init_proc at 401000
    Block head at 0040101b is not code.
  Subroutine .init_proc at 401000 has 3 blocks
  BB: 401000 in func 401000 with 5 insts
    Referenced by data
    I: 401000
    I: 401004
    I: 401008 (mem 404fe0)
    I: 40100f
    I: 401012 (flow 401016)
      Successors: 401014, 401016
  BB: 401014 in func 401000 with 1 insts
    I: 401014
      Successors: 401016
  BB: 401016 in func 401000 with 2 insts
    I: 401016
    I: 40101a
      No successors
Recovering 401020
  Analysing subroutine sub_401020 at 401020
  WARNING: No table entries for indirect jump at 401026; Adding next_ea 40102c as successor.
  Subroutine sub_401020 at 401020 has 2 blocks
  WARNING: No table entries for indirect jump at 401026; Adding next_ea 40102c as successor.
  BB: 401020 in func 401020 with 2 insts
    I: 401020 (mem 404ff0)
    I: 401026 (mem 404ff8)
      Successors: 40102c
  BB: 40102c in func 401020 with 1 insts
    I: 40102c
      No successors
Recovering start at 401060
  Analysing subroutine start at 401060
  Subroutine start at 401060 has 3 blocks
  BB: 401060 in func 401060 with 13 insts
    Referenced by data
    I: 401060
    I: 401064
    I: 401066
    I: 401069
    I: 40106a
    I: 40106d
    I: 401071
    I: 401072
    I: 401073
    I: 401076
    I: 401078 (imm 401f70)
    I: 40107f (mem 404fd8)
    I: 401085
      No successors
  BB: 401095 in func 401060 with 2 insts
    I: 401095
    I: 40109f
      No successors
  BB: 401086 in func 401060 with 3 insts
    I: 401086
    I: 401090
    I: 401094
      No successors
Recovering 4010a0
  Analysing subroutine sub_4010A0 at 4010a0
  WARNING: No table entries for indirect jump at 4010bc; Adding next_ea 4010be as successor.
  WARNING: No table entries for indirect jump at 4010fe; Adding next_ea 401100 as successor.
  Subroutine sub_4010A0 at 4010a0 has 11 blocks
  BB: 4010a0 in func 4010a0 with 3 insts
    I: 4010a0 (imm 4050f0)
    I: 4010a5 (imm 4050f0)
    I: 4010ab (flow 4010c0)
      Successors: 4010c0, 4010ad
  BB: 4010c0 in func 4010a0 with 1 insts
    I: 4010c0
      No successors
  BB: 4010c1 in func 4010a0 with 2 insts
    I: 4010c1
    I: 4010c5
      Successors: 4010d0
  BB: 401100 in func 4010a0 with 1 insts
    I: 401100
      No successors
  BB: 401101 in func 4010a0 with 2 insts
    I: 401101
    I: 401105
      No successors
  BB: 4010ad in func 4010a0 with 3 insts
    I: 4010ad
    I: 4010b2
    I: 4010b5 (flow 4010c0)
      Successors: 4010c0, 4010b7
  BB: 4010ef in func 4010a0 with 3 insts
    I: 4010ef
    I: 4010f4
    I: 4010f7 (flow 401100)
      Successors: 401100, 4010f9
  BB: 4010d0 in func 4010a0 with 8 insts
    I: 4010d0 (imm 4050f0)
    I: 4010d5 (imm 4050f0)
    I: 4010dc
    I: 4010df
    I: 4010e3
    I: 4010e7
    I: 4010ea
    I: 4010ed (flow 401100)
      Successors: 401100, 4010ef
  WARNING: No table entries for indirect jump at 4010bc; Adding next_ea 4010be as successor.
  BB: 4010b7 in func 4010a0 with 2 insts
    I: 4010b7 (imm 4050f0)
    I: 4010bc
      Successors: 4010be
  WARNING: No table entries for indirect jump at 4010fe; Adding next_ea 401100 as successor.
  BB: 4010f9 in func 4010a0 with 2 insts
    I: 4010f9 (imm 4050f0)
    I: 4010fe
      Successors: 401100
  BB: 4010be in func 4010a0 with 1 insts
    I: 4010be
      Successors: 4010c0
Recovering 401110
  Analysing subroutine sub_401110 at 401110
  Subroutine sub_401110 at 401110 has 5 blocks
  BB: 40112f in func 401110 with 1 insts
    I: 40112f
      Successors: 401130
  BB: 401110 in func 401110 with 3 insts
    Referenced by data
    I: 401110
    I: 401114 (mem 4050f0)
    I: 40111b (flow 401130)
      Successors: 401130, 40111d
  BB: 401131 in func 401110 with 2 insts
    I: 401131
    I: 401135
      No successors
  BB: 401130 in func 401110 with 1 insts
    I: 401130
      No successors
  BB: 40111d in func 401110 with 6 insts
    I: 40111d
    I: 40111e
    I: 401121 (flow 4010a0)
    I: 401126 (mem 4050f0)
    I: 40112d
    I: 40112e
      No successors
Recovering 401140
  Analysing subroutine sub_401140 at 401140
  WARNING: No table entries for indirect jump at 4010fe; Adding next_ea 401100 as successor.
  Subroutine sub_401140 at 401140 has 6 blocks
  BB: 401140 in func 401140 with 2 insts
    Referenced by data
    I: 401140
    I: 401144 (flow 4010d0)
      Successors: 4010d0
  BB: 401100 in func 401140 with 1 insts
    I: 401100
      No successors
  BB: 401146 in func 401140 with 1 insts
    I: 401146
      No successors
  BB: 4010ef in func 401140 with 3 insts
    I: 4010ef
    I: 4010f4
    I: 4010f7 (flow 401100)
      Successors: 401100, 4010f9
  BB: 4010d0 in func 401140 with 8 insts
    I: 4010d0 (imm 4050f0)
    I: 4010d5 (imm 4050f0)
    I: 4010dc
    I: 4010df
    I: 4010e3
    I: 4010e7
    I: 4010ea
    I: 4010ed (flow 401100)
      Successors: 401100, 4010ef
  WARNING: No table entries for indirect jump at 4010fe; Adding next_ea 401100 as successor.
  BB: 4010f9 in func 401140 with 2 insts
    I: 4010f9 (imm 4050f0)
    I: 4010fe
      Successors: 401100
Recovering 401150
  Analysing subroutine sub_401150 at 401150
  Subroutine sub_401150 at 401150 has 34 blocks
  BB: 401203 in func 401150 with 1 insts
    I: 401203 (flow 401208)
      Successors: 401208
  BB: 401208 in func 401150 with 3 insts
    I: 401208
    I: 40120b
    I: 401210 (flow 401348)
      Successors: 401348, 401216
  BB: 40138b in func 401150 with 22 insts
    I: 40138b
    I: 40138f
    I: 401391
    I: 401394 (imm 418a24)
    I: 40139b
    I: 40139d (imm 418a34)
    I: 4013a4
    I: 4013a6
    I: 4013a8
    I: 4013ab
    I: 4013ae
    I: 4013b1
    I: 4013b4
    I: 4013b7
    I: 4013ba
    I: 4013bd
    I: 4013bf
    I: 4013c4
    I: 4013c9
    I: 4013cc
    I: 4013cf
    I: 4013d2 (flow 401421)
      Successors: 401421
  BB: 401193 in func 401150 with 4 insts
    I: 401193
    I: 401196
    I: 401199
    I: 40119e (flow 4013df)
      Successors: 4011a4, 4013df
  BB: 401216 in func 401150 with 1 insts
    I: 401216 (flow 40121b)
      Successors: 40121b
  BB: 401416 in func 401150 with 2 insts
    I: 401416
    I: 40141a
      Successors: 401421
  BB: 40121b in func 401150 with 3 insts
    I: 40121b
    I: 40121e
    I: 401223 (flow 40138b)
      Successors: 401229, 40138b
  BB: 401421 in func 401150 with 1 insts
    I: 401421 (flow 401193)
      Successors: 401193
  BB: 4011a4 in func 401150 with 1 insts
    I: 4011a4 (flow 4011a9)
      Successors: 4011a9
  BB: 401426 in func 401150 with 1 insts
    I: 401426
      No successors
  BB: 4011a9 in func 401150 with 3 insts
    I: 4011a9
    I: 4011ac
    I: 4011b1 (flow 4013d7)
      Successors: 4013d7, 4011b7
  BB: 401229 in func 401150 with 1 insts
    I: 401229 (flow 40122e)
      Successors: 40122e
  BB: 40132c in func 401150 with 7 insts
    I: 40132c
    I: 401330
    I: 401335
    I: 40133a
    I: 40133d
    I: 401340
    I: 401343 (flow 401421)
      Successors: 401421
  BB: 40122e in func 401150 with 3 insts
    I: 40122e
    I: 401231
    I: 401236 (flow 401279)
      Successors: 401279, 40123c
  BB: 4011b7 in func 401150 with 1 insts
    I: 4011b7 (flow 4011bc)
      Successors: 4011bc
  BB: 4011bc in func 401150 with 3 insts
    I: 4011bc
    I: 4011bf
    I: 4011c4 (flow 40132c)
      Successors: 4011ca, 40132c
  BB: 40123c in func 401150 with 1 insts
    I: 40123c (flow 401241)
      Successors: 401241
  BB: 401241 in func 401150 with 3 insts
    I: 401241
    I: 401244
    I: 401249 (flow 4012fb)
      Successors: 4012fb, 40124f
  BB: 401348 in func 401150 with 19 insts
    I: 401348 (imm 418a24)
    I: 40134f
    I: 401351 (imm 418a34)
    I: 401358
    I: 40135a
    I: 40135c
    I: 40135f
    I: 401362
    I: 401365
    I: 401368
    I: 40136b
    I: 40136e
    I: 401371
    I: 401373
    I: 401378
    I: 40137d
    I: 401380
    I: 401383
    I: 401386 (flow 401421)
      Successors: 401421
  BB: 4011ca in func 401150 with 1 insts
    I: 4011ca (flow 4011cf)
      Successors: 4011cf
  BB: 4011cf in func 401150 with 3 insts
    I: 4011cf
    I: 4011d2
    I: 4011d7 (flow 401416)
      Successors: 4011dd, 401416
  BB: 401150 in func 401150 with 20 insts
    I: 401150
    I: 401151
    I: 401154
    I: 401158 (imm 418a24)
    I: 40115f
    I: 401161 (imm 418a34)
    I: 401168
    I: 40116a
    I: 40116c
    I: 40116f
    I: 401172
    I: 401175
    I: 401178
    I: 40117b
    I: 40117e
    I: 401181
    I: 401184
    I: 401187
    I: 401189
    I: 40118c
      Successors: 401193
  BB: 40124f in func 401150 with 1 insts
    I: 40124f (flow 401254)
      Successors: 401254
  BB: 401254 in func 401150 with 1 insts
    I: 401254 (flow 401421)
      Successors: 401421
  BB: 4013d7 in func 401150 with 4 insts
    I: 4013d7
    I: 4013da
    I: 4013dd
    I: 4013de
      No successors
  BB: 401259 in func 401150 with 9 insts
    I: 401259
    I: 40125c
    I: 40125f
    I: 401261
    I: 401266
    I: 40126b
    I: 40126e
    I: 401271
    I: 401274 (flow 401421)
      Successors: 401421
  BB: 4011dd in func 401150 with 1 insts
    I: 4011dd (flow 4011e2)
      Successors: 4011e2
  BB: 4013df in func 401150 with 14 insts
    I: 4013df
    I: 4013e2
    I: 4013e6
    I: 4013e9
    I: 4013ec
    I: 4013f0
    I: 4013f4
    I: 4013f7
    I: 4013fd (flow 418a60)
    I: 401402
    I: 401404
    I: 401408
    I: 40140a
    I: 401411 (flow 401421)
      Successors: 401421
  BB: 4011e2 in func 401150 with 3 insts
    I: 4011e2
    I: 4011e5
    I: 4011ea (flow 4012ef)
      Successors: 4011f0, 4012ef
  BB: 4012ef in func 401150 with 2 insts
    I: 4012ef
    I: 4012f6 (flow 401421)
      Successors: 401421
  BB: 4011f0 in func 401150 with 1 insts
    I: 4011f0 (flow 4011f5)
      Successors: 4011f5
  BB: 4011f5 in func 401150 with 3 insts
    I: 4011f5
    I: 4011f8
    I: 4011fd (flow 401259)
      Successors: 401259, 401203
  BB: 401279 in func 401150 with 33 insts
    I: 401279
    I: 40127c
    I: 401280
    I: 401283
    I: 401287
    I: 40128a
    I: 40128e
    I: 401291
    I: 401295
    I: 401299
    I: 40129f (flow 418a60)
    I: 4012a4
    I: 4012a6
    I: 4012aa
    I: 4012ac (imm 418a24)
    I: 4012b3
    I: 4012b5 (imm 418a34)
    I: 4012bc
    I: 4012be
    I: 4012c0
    I: 4012c3
    I: 4012c6
    I: 4012c9
    I: 4012cc
    I: 4012cf
    I: 4012d2
    I: 4012d5
    I: 4012d7
    I: 4012dc
    I: 4012e1
    I: 4012e4
    I: 4012e7
    I: 4012ea (flow 401421)
      Successors: 401421
  BB: 4012fb in func 401150 with 14 insts
    I: 4012fb
    I: 4012ff
    I: 401302
    I: 401306
    I: 401308
    I: 40130b
    I: 40130d
    I: 401311
    I: 401313 (flow 418a60)
    I: 401318
    I: 40131a
    I: 40131e
    I: 401320
    I: 401327 (flow 401421)
      Successors: 401421
Recovering 401430
  Analysing subroutine sub_401430 at 401430
  Subroutine sub_401430 at 401430 has 52 blocks
  BB: 401501 in func 401430 with 3 insts
    I: 401501
    I: 401504
    I: 401509 (flow 4015db)
      Successors: 4015db, 40150f
  BB: 401581 in func 401430 with 1 insts
    I: 401581 (flow 401586)
      Successors: 401586
  BB: 401802 in func 401430 with 4 insts
    I: 401802
    I: 401805
    I: 401808
    I: 40180b
      Successors: 401812
  BB: 401586 in func 401430 with 1 insts
    I: 401586 (flow 401812)
      Successors: 401812
  BB: 40148a in func 401430 with 1 insts
    I: 40148a (flow 40148f)
      Successors: 40148f
  BB: 40158b in func 401430 with 7 insts
    I: 40158b
    I: 40158e
    I: 401593
    I: 401598
    I: 40159b
    I: 40159e
    I: 4015a1 (flow 401812)
      Successors: 401812
  BB: 40148f in func 401430 with 3 insts
    I: 40148f
    I: 401492
    I: 401497 (flow 4017b6)
      Successors: 40149d, 4017b6
  BB: 40150f in func 401430 with 1 insts
    I: 40150f (flow 401514)
      Successors: 401514
  BB: 401812 in func 401430 with 1 insts
    I: 401812 (flow 401453)
      Successors: 401453
  BB: 401514 in func 401430 with 3 insts
    I: 401514
    I: 401517
    I: 40151c (flow 401799)
      Successors: 401799, 401522
  BB: 4014fc in func 401430 with 1 insts
    I: 4014fc (flow 401501)
      Successors: 401501
  BB: 401817 in func 401430 with 1 insts
    I: 401817
      No successors
  BB: 401799 in func 401430 with 5 insts
    I: 401799
    I: 40179d (disp 405110)
    I: 4017a5 (flow 418a48)
    I: 4017aa
    I: 4017b1 (flow 401812)
      Successors: 401812
  BB: 40149d in func 401430 with 1 insts
    I: 40149d (flow 4014a2)
      Successors: 4014a2
  BB: 4014a2 in func 401430 with 3 insts
    I: 4014a2
    I: 4014a5
    I: 4014aa (flow 4016c0)
      Successors: 4014b0, 4016c0
  BB: 401522 in func 401430 with 1 insts
    I: 401522 (flow 401527)
      Successors: 401527
  BB: 401725 in func 401430 with 27 insts
    I: 401725
    I: 401728
    I: 40172a
    I: 40172d
    I: 401730
    I: 401733
    I: 401736
    I: 401738
    I: 40173b (imm 418a30)
    I: 401742
    I: 401744 (imm 418a40)
    I: 40174b
    I: 40174d
    I: 40174f
    I: 401752
    I: 401755
    I: 401758
    I: 40175b
    I: 40175e
    I: 401761
    I: 401764
    I: 401766
    I: 40176b
    I: 401770
    I: 401773
    I: 401776
    I: 401779 (flow 401812)
      Successors: 401812
  BB: 4015a6 in func 401430 with 8 insts
    I: 4015a6 (mem 405100)
    I: 4015ad
    I: 4015af
    I: 4015b2 (mem 405100)
    I: 4015b9
    I: 4015bb (disp 405110)
    I: 4015c3
    I: 4015ca (flow 401812)
      Successors: 401812
  BB: 401527 in func 401430 with 3 insts
    I: 401527
    I: 40152a
    I: 40152f (flow 4015f4)
      Successors: 4015f4, 401535
  BB: 401430 in func 401430 with 8 insts
    I: 401430
    I: 401431
    I: 401434
    I: 401438
    I: 40143b (mem 405100)
    I: 401446
    I: 401449
    I: 40144c
      Successors: 401453
  BB: 4014b0 in func 401430 with 1 insts
    I: 4014b0 (flow 4014b5)
      Successors: 4014b5
  BB: 4016b4 in func 401430 with 2 insts
    I: 4016b4
    I: 4016bb (flow 401812)
      Successors: 401812
  BB: 4014b5 in func 401430 with 3 insts
    I: 4014b5
    I: 4014b8
    I: 4014bd (flow 4016b4)
      Successors: 4014c3, 4016b4
  BB: 401535 in func 401430 with 1 insts
    I: 401535 (flow 40153a)
      Successors: 40153a
  BB: 401637 in func 401430 with 36 insts
    I: 401637
    I: 40163a
    I: 40163f
    I: 401640
    I: 401642
    I: 401645
    I: 401647 (mem 405100)
    I: 40164e
    I: 401650
    I: 401653 (mem 405100)
    I: 40165a
    I: 40165c (disp 405110)
    I: 401663
    I: 401666
    I: 40166b
    I: 40166c
    I: 40166e
    I: 401671 (imm 418a30)
    I: 401678
    I: 40167a (imm 418a40)
    I: 401681
    I: 401683
    I: 401685
    I: 401688
    I: 40168b
    I: 40168e
    I: 401691
    I: 401694
    I: 401697
    I: 40169a
    I: 40169c
    I: 4016a1
    I: 4016a6
    I: 4016a9
    I: 4016ac
    I: 4016af (flow 401812)
      Successors: 401812
  BB: 4017b6 in func 401430 with 3 insts
    I: 4017b6
    I: 4017ba
    I: 4017bb
      No successors
  BB: 40153a in func 401430 with 3 insts
    I: 40153a
    I: 40153d
    I: 401542 (flow 401637)
      Successors: 401548, 401637
  BB: 4017bc in func 401430 with 19 insts
    I: 4017bc
    I: 4017bf
    I: 4017c4
    I: 4017c5
    I: 4017c7
    I: 4017ca
    I: 4017cc (mem 405100)
    I: 4017d3
    I: 4017d5
    I: 4017d8 (mem 405100)
    I: 4017df
    I: 4017e1 (disp 405110)
    I: 4017e8
    I: 4017eb
    I: 4017f0
    I: 4017f1
    I: 4017f3
    I: 4017f6
    I: 4017fd (flow 401812)
      Successors: 401812
  BB: 4016c0 in func 401430 with 2 insts
    I: 4016c0
    I: 4016c7 (flow 401812)
      Successors: 401812
  BB: 4014c3 in func 401430 with 1 insts
    I: 4014c3 (flow 4014c8)
      Successors: 4014c8
  BB: 4014c8 in func 401430 with 3 insts
    I: 4014c8
    I: 4014cb
    I: 4014d0 (flow 40158b)
      Successors: 40158b, 4014d6
  BB: 401548 in func 401430 with 1 insts
    I: 401548 (flow 40154d)
      Successors: 40154d
  BB: 4016cc in func 401430 with 4 insts
    I: 4016cc (mem 405100)
    I: 4016d3
    I: 4016d6
    I: 4016dd (flow 401812)
      Successors: 401812
  BB: 40154d in func 401430 with 3 insts
    I: 40154d
    I: 401550
    I: 401555 (flow 4016cc)
      Successors: 40155b, 4016cc
  BB: 4015cf in func 401430 with 2 insts
    I: 4015cf
    I: 4015d6 (flow 401812)
      Successors: 401812
  BB: 401453 in func 401430 with 4 insts
    I: 401453
    I: 401456
    I: 401459
    I: 40145e (flow 40177e)
      Successors: 401464, 40177e
  BB: 4014d6 in func 401430 with 1 insts
    I: 4014d6 (flow 4014db)
      Successors: 4014db
  BB: 4014db in func 401430 with 3 insts
    I: 4014db
    I: 4014de
    I: 4014e3 (flow 401802)
      Successors: 4014e9, 401802
  BB: 40155b in func 401430 with 1 insts
    I: 40155b (flow 401560)
      Successors: 401560
  BB: 4015db in func 401430 with 6 insts
    I: 4015db
    I: 4015e0
    I: 4015e5
    I: 4015e9
    I: 4015ec
    I: 4015ef (flow 401812)
      Successors: 401812
  BB: 401560 in func 401430 with 3 insts
    I: 401560
    I: 401563
    I: 401568 (flow 4015a6)
      Successors: 4015a6, 40156e
  BB: 4016e2 in func 401430 with 19 insts
    I: 4016e2 (imm 418a30)
    I: 4016e9
    I: 4016eb (imm 418a40)
    I: 4016f2
    I: 4016f4
    I: 4016f6
    I: 4016f9
    I: 4016fc
    I: 4016ff
    I: 401702
    I: 401705
    I: 401708
    I: 40170b
    I: 40170d
    I: 401712
    I: 401717
    I: 40171a
    I: 40171d
    I: 401720 (flow 401812)
      Successors: 401812
  BB: 401464 in func 401430 with 1 insts
    I: 401464 (flow 401469)
      Successors: 401469
  BB: 401469 in func 401430 with 3 insts
    I: 401469
    I: 40146c
    I: 401471 (flow 4017bc)
      Successors: 4017bc, 401477
  BB: 4014e9 in func 401430 with 1 insts
    I: 4014e9 (flow 4014ee)
      Successors: 4014ee
  BB: 4014ee in func 401430 with 3 insts
    I: 4014ee
    I: 4014f1
    I: 4014f6 (flow 401725)
      Successors: 4014fc, 401725
  BB: 40156e in func 401430 with 1 insts
    I: 40156e (flow 401573)
      Successors: 401573
  BB: 401573 in func 401430 with 3 insts
    I: 401573
    I: 401576
    I: 40157b (flow 4015cf)
      Successors: 401581, 4015cf
  BB: 4015f4 in func 401430 with 19 insts
    I: 4015f4 (imm 418a30)
    I: 4015fb
    I: 4015fd (imm 418a40)
    I: 401604
    I: 401606
    I: 401608
    I: 40160b
    I: 40160e
    I: 401611
    I: 401614
    I: 401617
    I: 40161a
    I: 40161d
    I: 40161f
    I: 401624
    I: 401629
    I: 40162c
    I: 40162f
    I: 401632 (flow 401812)
      Successors: 401812
  BB: 401477 in func 401430 with 1 insts
    I: 401477 (flow 40147c)
      Successors: 40147c
  BB: 40147c in func 401430 with 3 insts
    I: 40147c
    I: 40147f
    I: 401484 (flow 4016e2)
      Successors: 4016e2, 40148a
  BB: 40177e in func 401430 with 7 insts
    I: 40177e
    I: 401781
    I: 401786
    I: 40178b
    I: 40178e
    I: 401791
    I: 401794 (flow 401812)
      Successors: 401812
Recovering 401820
  Analysing subroutine sub_401820 at 401820
  Subroutine sub_401820 at 401820 has 94 blocks
  BB: 401c03 in func 401820 with 19 insts
    I: 401c03 (imm 418a28)
    I: 401c0a
    I: 401c0c (imm 418a38)
    I: 401c13
    I: 401c15
    I: 401c17
    I: 401c1a
    I: 401c1d
    I: 401c20
    I: 401c23
    I: 401c26
    I: 401c29
    I: 401c2c
    I: 401c2e
    I: 401c33
    I: 401c38
    I: 401c3b
    I: 401c3e
    I: 401c41 (flow 401f62)
      Successors: 401f62
  BB: 401a0b in func 401820 with 1 insts
    I: 401a0b (flow 401a10)
      Successors: 401a10
  BB: 401a10 in func 401820 with 3 insts
    I: 401a10
    I: 401a13
    I: 401a18 (flow 401d45)
      Successors: 401d45, 401a1e
  BB: 401e1a in func 401820 with 19 insts
    I: 401e1a (imm 418a28)
    I: 401e21
    I: 401e23 (imm 418a38)
    I: 401e2a
    I: 401e2c
    I: 401e2e
    I: 401e31
    I: 401e34
    I: 401e37
    I: 401e3a
    I: 401e3d
    I: 401e40
    I: 401e43
    I: 401e45
    I: 401e4a
    I: 401e4f
    I: 401e52
    I: 401e55
    I: 401e58 (flow 401f62)
      Successors: 401f62
  BB: 401a1e in func 401820 with 1 insts
    I: 401a1e (flow 401a23)
      Successors: 401a23
  BB: 401820 in func 401820 with 4 insts
    I: 401820
    I: 401821
    I: 401824
    I: 40182b
      Successors: 401832
  BB: 401a23 in func 401820 with 3 insts
    I: 401a23
    I: 401a26
    I: 401a2b (flow 401b65)
      Successors: 401a31, 401b65
  BB: 401a31 in func 401820 with 1 insts
    I: 401a31 (flow 401a36)
      Successors: 401a36
  BB: 401832 in func 401820 with 4 insts
    I: 401832
    I: 401835
    I: 401838
    I: 40183d (flow 401ee7)
      Successors: 401843, 401ee7
  BB: 401a36 in func 401820 with 3 insts
    I: 401a36
    I: 401a39
    I: 401a3e (flow 401ba8)
      Successors: 401ba8, 401a44
  BB: 401843 in func 401820 with 1 insts
    I: 401843 (flow 401848)
      Successors: 401848
  BB: 401a44 in func 401820 with 1 insts
    I: 401a44 (flow 401a49)
      Successors: 401a49
  BB: 401c46 in func 401820 with 22 insts
    I: 401c46
    I: 401c49
    I: 401c4c
    I: 401c4f (imm 418a28)
    I: 401c56
    I: 401c58 (imm 418a38)
    I: 401c5f
    I: 401c61
    I: 401c63
    I: 401c66
    I: 401c69
    I: 401c6c
    I: 401c6f
    I: 401c72
    I: 401c75
    I: 401c78
    I: 401c7a
    I: 401c7f
    I: 401c84
    I: 401c87
    I: 401c8a
    I: 401c8d (flow 401f62)
      Successors: 401f62
  BB: 401848 in func 401820 with 3 insts
    I: 401848
    I: 40184b
    I: 401850 (flow 401c03)
      Successors: 401c03, 401856
  BB: 401a49 in func 401820 with 3 insts
    I: 401a49
    I: 401a4c
    I: 401a51 (flow 401dad)
      Successors: 401dad, 401a57
  BB: 401856 in func 401820 with 1 insts
    I: 401856 (flow 40185b)
      Successors: 40185b
  BB: 401a57 in func 401820 with 1 insts
    I: 401a57 (flow 401a5c)
      Successors: 401a5c
  BB: 40185b in func 401820 with 3 insts
    I: 40185b
    I: 40185e
    I: 401863 (flow 401dff)
      Successors: 401869, 401dff
  BB: 401a5c in func 401820 with 3 insts
    I: 401a5c
    I: 401a5f
    I: 401a64 (flow 401f24)
      Successors: 401a6a, 401f24
  BB: 401e5d in func 401820 with 26 insts
    I: 401e5d
    I: 401e60
    I: 401e63
    I: 401e65 (disp 407850)
    I: 401e6c
    I: 401e6f
    I: 401e73 (disp 407850)
    I: 401e7a (imm 418a28)
    I: 401e81
    I: 401e83 (imm 418a38)
    I: 401e8a
    I: 401e8c
    I: 401e8e
    I: 401e91
    I: 401e94
    I: 401e97
    I: 401e9a
    I: 401e9d
    I: 401ea0
    I: 401ea3
    I: 401ea5
    I: 401eaa
    I: 401eaf
    I: 401eb2
    I: 401eb5
    I: 401eb8 (flow 401f62)
      Successors: 401f62
  BB: 401869 in func 401820 with 1 insts
    I: 401869 (flow 40186e)
      Successors: 40186e
  BB: 401a6a in func 401820 with 1 insts
    I: 401a6a (flow 401a6f)
      Successors: 401a6f
  BB: 40186e in func 401820 with 3 insts
    I: 40186e
    I: 401871
    I: 401876 (flow 401f3c)
      Successors: 40187c, 401f3c
  BB: 401a6f in func 401820 with 1 insts
    I: 401a6f (flow 401f62)
      Successors: 401f62
  BB: 401a74 in func 401820 with 6 insts
    I: 401a74
    I: 401a79
    I: 401a7e
    I: 401a82
    I: 401a85
    I: 401a88 (flow 401f62)
      Successors: 401f62
  BB: 40187c in func 401820 with 1 insts
    I: 40187c (flow 401881)
      Successors: 401881
  BB: 401881 in func 401820 with 3 insts
    I: 401881
    I: 401884
    I: 401889 (flow 401e5d)
      Successors: 401e5d, 40188f
  BB: 401a8d in func 401820 with 8 insts
    I: 401a8d
    I: 401a91 (disp 405030)
    I: 401a98
    I: 401a9b
    I: 401a9f (disp 405090)
    I: 401aa6
    I: 401aa9
    I: 401ab0 (flow 401f62)
      Successors: 401f62
  BB: 40188f in func 401820 with 1 insts
    I: 40188f (flow 401894)
      Successors: 401894
  BB: 401c92 in func 401820 with 2 insts
    I: 401c92
    I: 401c99 (flow 401f62)
      Successors: 401f62
  BB: 401894 in func 401820 with 3 insts
    I: 401894
    I: 401897
    I: 40189c (flow 401f30)
      Successors: 401f30, 4018a2
  BB: 401c9e in func 401820 with 19 insts
    I: 401c9e (imm 418a28)
    I: 401ca5
    I: 401ca7 (imm 418a38)
    I: 401cae
    I: 401cb0
    I: 401cb2
    I: 401cb5
    I: 401cb8
    I: 401cbb
    I: 401cbe
    I: 401cc1
    I: 401cc4
    I: 401cc7
    I: 401cc9
    I: 401cce
    I: 401cd3
    I: 401cd6
    I: 401cd9
    I: 401cdc (flow 401f62)
      Successors: 401f62
  BB: 4018a2 in func 401820 with 1 insts
    I: 4018a2 (flow 4018a7)
      Successors: 4018a7
  BB: 4018a7 in func 401820 with 3 insts
    I: 4018a7
    I: 4018aa
    I: 4018af (flow 401c92)
      Successors: 401c92, 4018b5
  BB: 4018b5 in func 401820 with 1 insts
    I: 4018b5 (flow 4018ba)
      Successors: 4018ba
  BB: 401ab5 in func 401820 with 19 insts
    I: 401ab5 (imm 418a28)
    I: 401abc
    I: 401abe (imm 418a38)
    I: 401ac5
    I: 401ac7
    I: 401ac9
    I: 401acc
    I: 401acf
    I: 401ad2
    I: 401ad5
    I: 401ad8
    I: 401adb
    I: 401ade
    I: 401ae0
    I: 401ae5
    I: 401aea
    I: 401aed
    I: 401af0
    I: 401af3 (flow 401f62)
      Successors: 401f62
  BB: 4018ba in func 401820 with 3 insts
    I: 4018ba
    I: 4018bd
    I: 4018c2 (flow 401ee9)
      Successors: 4018c8, 401ee9
  BB: 401ebd in func 401820 with 2 insts
    I: 401ebd
    I: 401ec4 (flow 401f62)
      Successors: 401f62
  BB: 4018c8 in func 401820 with 1 insts
    I: 4018c8 (flow 4018cd)
      Successors: 4018cd
  BB: 401ec9 in func 401820 with 8 insts
    I: 401ec9
    I: 401ecc
    I: 401ecf
    I: 401ed2
    I: 401ed5
    I: 401ed8
    I: 401edb
    I: 401ee2 (flow 401f62)
      Successors: 401f62
  BB: 4018cd in func 401820 with 3 insts
    I: 4018cd
    I: 4018d0
    I: 4018d5 (flow 401d6a)
      Successors: 401d6a, 4018db
  BB: 4018db in func 401820 with 1 insts
    I: 4018db (flow 4018e0)
      Successors: 4018e0
  BB: 4018e0 in func 401820 with 3 insts
    I: 4018e0
    I: 4018e3
    I: 4018e8 (flow 401af8)
      Successors: 401af8, 4018ee
  BB: 401ce1 in func 401820 with 19 insts
    I: 401ce1 (imm 418a28)
    I: 401ce8
    I: 401cea (imm 418a38)
    I: 401cf1
    I: 401cf3
    I: 401cf5
    I: 401cf8
    I: 401cfb
    I: 401cfe
    I: 401d01
    I: 401d04
    I: 401d07
    I: 401d0a
    I: 401d0c
    I: 401d11
    I: 401d16
    I: 401d19
    I: 401d1c
    I: 401d1f (flow 401f62)
      Successors: 401f62
  BB: 401ee7 in func 401820 with 2 insts
    I: 401ee7
    I: 401ee8
      No successors
  BB: 401ee9 in func 401820 with 2 insts
    I: 401ee9
    I: 401ef0 (flow 401f62)
      Successors: 401f62
  BB: 4018ee in func 401820 with 1 insts
    I: 4018ee (flow 4018f3)
      Successors: 4018f3
  BB: 4018f3 in func 401820 with 3 insts
    I: 4018f3
    I: 4018f6
    I: 4018fb (flow 401e1a)
      Successors: 401901, 401e1a
  BB: 401ef5 in func 401820 with 4 insts
    I: 401ef5
    I: 401ef9 (disp 405130)
    I: 401f01
    I: 401f08 (flow 401f62)
      Successors: 401f62
  BB: 401af8 in func 401820 with 23 insts
    I: 401af8
    I: 401aff
    I: 401b02
    I: 401b04
    I: 401b07 (imm 418a28)
    I: 401b0e
    I: 401b10 (imm 418a38)
    I: 401b17
    I: 401b19
    I: 401b1b
    I: 401b1e
    I: 401b21
    I: 401b24
    I: 401b27
    I: 401b2a
    I: 401b2d
    I: 401b30
    I: 401b32
    I: 401b37
    I: 401b3c
    I: 401b3f
    I: 401b42
    I: 401b45 (flow 401f62)
      Successors: 401f62
  BB: 401901 in func 401820 with 1 insts
    I: 401901 (flow 401906)
      Successors: 401906
  BB: 401906 in func 401820 with 3 insts
    I: 401906
    I: 401909
    I: 40190e (flow 401ebd)
      Successors: 401914, 401ebd
  BB: 401f0d in func 401820 with 6 insts
    I: 401f0d
    I: 401f10
    I: 401f13
    I: 401f15
    I: 401f18
    I: 401f1f (flow 401f62)
      Successors: 401f62
  BB: 401914 in func 401820 with 1 insts
    I: 401914 (flow 401919)
      Successors: 401919
  BB: 401919 in func 401820 with 3 insts
    I: 401919
    I: 40191c
    I: 401921 (flow 401bf7)
      Successors: 401bf7, 401927
  BB: 401d24 in func 401820 with 2 insts
    I: 401d24
    I: 401d2b (flow 401f62)
      Successors: 401f62
  BB: 401f24 in func 401820 with 2 insts
    I: 401f24
    I: 401f2b (flow 401f62)
      Successors: 401f62
  BB: 401927 in func 401820 with 1 insts
    I: 401927 (flow 40192c)
      Successors: 40192c
  BB: 40192c in func 401820 with 3 insts
    I: 40192c
    I: 40192f
    I: 401934 (flow 401d24)
      Successors: 40193a, 401d24
  BB: 401d30 in func 401820 with 5 insts
    I: 401d30
    I: 401d33
    I: 401d36
    I: 401d39
    I: 401d40 (flow 401f62)
      Successors: 401f62
  BB: 401f30 in func 401820 with 2 insts
    I: 401f30
    I: 401f37 (flow 401f62)
      Successors: 401f62
  BB: 40193a in func 401820 with 1 insts
    I: 40193a (flow 40193f)
      Successors: 40193f
  BB: 401f3c in func 401820 with 9 insts
    I: 401f3c
    I: 401f3f
    I: 401f42
    I: 401f44 (disp 407850)
    I: 401f4b
    I: 401f4e
    I: 401f50
    I: 401f54 (disp 407850)
    I: 401f5b
      Successors: 401f62
  BB: 40193f in func 401820 with 3 insts
    I: 40193f
    I: 401942
    I: 401947 (flow 401f0d)
      Successors: 401f0d, 40194d
  BB: 401d45 in func 401820 with 5 insts
    I: 401d45 (mem 407854)
    I: 401d50
    I: 401d57
    I: 401d5e
    I: 401d65 (flow 401f62)
      Successors: 401f62
  BB: 401b4a in func 401820 with 7 insts
    I: 401b4a
    I: 401b4d
    I: 401b52
    I: 401b57
    I: 401b5a
    I: 401b5d
    I: 401b60 (flow 401f62)
      Successors: 401f62
  BB: 40194d in func 401820 with 1 insts
    I: 40194d (flow 401952)
      Successors: 401952
  BB: 401952 in func 401820 with 3 insts
    I: 401952
    I: 401955
    I: 40195a (flow 401ab5)
      Successors: 401960, 401ab5
  BB: 401960 in func 401820 with 1 insts
    I: 401960 (flow 401965)
      Successors: 401965
  BB: 401f62 in func 401820 with 1 insts
    I: 401f62 (flow 401832)
      Successors: 401832
  BB: 401965 in func 401820 with 3 insts
    I: 401965
    I: 401968
    I: 40196d (flow 401b4a)
      Successors: 401b4a, 401973
  BB: 401b65 in func 401820 with 19 insts
    I: 401b65 (imm 418a28)
    I: 401b6c
    I: 401b6e (imm 418a38)
    I: 401b75
    I: 401b77
    I: 401b79
    I: 401b7c
    I: 401b7f
    I: 401b82
    I: 401b85
    I: 401b88
    I: 401b8b
    I: 401b8e
    I: 401b90
    I: 401b95
    I: 401b9a
    I: 401b9d
    I: 401ba0
    I: 401ba3 (flow 401f62)
      Successors: 401f62
  BB: 401f67 in func 401820 with 1 insts
    I: 401f67
      No successors
  BB: 401d6a in func 401820 with 19 insts
    I: 401d6a (imm 418a28)
    I: 401d71
    I: 401d73 (imm 418a38)
    I: 401d7a
    I: 401d7c
    I: 401d7e
    I: 401d81
    I: 401d84
    I: 401d87
    I: 401d8a
    I: 401d8d
    I: 401d90
    I: 401d93
    I: 401d95
    I: 401d9a
    I: 401d9f
    I: 401da2
    I: 401da5
    I: 401da8 (flow 401f62)
      Successors: 401f62
  BB: 401973 in func 401820 with 1 insts
    I: 401973 (flow 401978)
      Successors: 401978
  BB: 401978 in func 401820 with 3 insts
    I: 401978
    I: 40197b
    I: 401980 (flow 401c9e)
      Successors: 401c9e, 401986
  BB: 401986 in func 401820 with 1 insts
    I: 401986 (flow 40198b)
      Successors: 40198b
  BB: 40198b in func 401820 with 3 insts
    I: 40198b
    I: 40198e
    I: 401993 (flow 401ef5)
      Successors: 401999, 401ef5
  BB: 401999 in func 401820 with 1 insts
    I: 401999 (flow 40199e)
      Successors: 40199e
  BB: 40199e in func 401820 with 3 insts
    I: 40199e
    I: 4019a1
    I: 4019a6 (flow 401c46)
      Successors: 4019ac, 401c46
  BB: 401ba8 in func 401820 with 21 insts
    I: 401ba8
    I: 401bac (disp 405130)
    I: 401bb4 (imm 418a28)
    I: 401bbb
    I: 401bbd (imm 418a38)
    I: 401bc4
    I: 401bc6
    I: 401bc8
    I: 401bcb
    I: 401bce
    I: 401bd1
    I: 401bd4
    I: 401bd7
    I: 401bda
    I: 401bdd
    I: 401bdf
    I: 401be4
    I: 401be9
    I: 401bec
    I: 401bef
    I: 401bf2 (flow 401f62)
      Successors: 401f62
  BB: 4019ac in func 401820 with 1 insts
    I: 4019ac (flow 4019b1)
      Successors: 4019b1
  BB: 401dad in func 401820 with 23 insts
    I: 401dad
    I: 401db4
    I: 401db7
    I: 401db9
    I: 401dbc (imm 418a28)
    I: 401dc3
    I: 401dc5 (imm 418a38)
    I: 401dcc
    I: 401dce
    I: 401dd0
    I: 401dd3
    I: 401dd6
    I: 401dd9
    I: 401ddc
    I: 401ddf
    I: 401de2
    I: 401de5
    I: 401de7
    I: 401dec
    I: 401df1
    I: 401df4
    I: 401df7
    I: 401dfa (flow 401f62)
      Successors: 401f62
  BB: 4019b1 in func 401820 with 3 insts
    I: 4019b1
    I: 4019b4
    I: 4019b9 (flow 401a8d)
      Successors: 401a8d, 4019bf
  BB: 4019bf in func 401820 with 1 insts
    I: 4019bf (flow 4019c4)
      Successors: 4019c4
  BB: 4019c4 in func 401820 with 3 insts
    I: 4019c4
    I: 4019c7
    I: 4019cc (flow 401ec9)
      Successors: 401ec9, 4019d2
  BB: 4019d2 in func 401820 with 1 insts
    I: 4019d2 (flow 4019d7)
      Successors: 4019d7
  BB: 4019d7 in func 401820 with 3 insts
    I: 4019d7
    I: 4019da
    I: 4019df (flow 401ce1)
      Successors: 401ce1, 4019e5
  BB: 4019e5 in func 401820 with 1 insts
    I: 4019e5 (flow 4019ea)
      Successors: 4019ea
  BB: 4019ea in func 401820 with 3 insts
    I: 4019ea
    I: 4019ed
    I: 4019f2 (flow 401d30)
      Successors: 4019f8, 401d30
  BB: 401bf7 in func 401820 with 2 insts
    I: 401bf7
    I: 401bfe (flow 401f62)
      Successors: 401f62
  BB: 4019f8 in func 401820 with 1 insts
    I: 4019f8 (flow 4019fd)
      Successors: 4019fd
  BB: 4019fd in func 401820 with 3 insts
    I: 4019fd
    I: 401a00
    I: 401a05 (flow 401a74)
      Successors: 401a0b, 401a74
  BB: 401dff in func 401820 with 7 insts
    I: 401dff
    I: 401e02
    I: 401e07
    I: 401e0c
    I: 401e0f
    I: 401e12
    I: 401e15 (flow 401f62)
      Successors: 401f62
Recovering main at 401f70
  Analysing subroutine main at 401f70
    Block head at 00402ccb is not code.
  Subroutine main at 401f70 has 183 blocks
  BB: 402000 in func 401f70 with 3 insts
    I: 402000
    I: 402003
    I: 402008 (flow 4029f5)
      Successors: 4029f5, 40200e
  BB: 402201 in func 401f70 with 3 insts
    I: 402201
    I: 402204
    I: 402209 (flow 402ae1)
      Successors: 402ae1, 40220f
  BB: 402402 in func 401f70 with 1 insts
    I: 402402 (flow 402cc6)
      Successors: 402cc6
  BB: 402c00 in func 401f70 with 5 insts
    I: 402c00
    I: 402c03
    I: 402c06
    I: 402c09
    I: 402c10 (flow 402cc6)
      Successors: 402cc6
  BB: 402606 in func 401f70 with 19 insts
    I: 402606 (imm 418a2c)
    I: 40260d
    I: 40260f (imm 418a3c)
    I: 402616
    I: 402618
    I: 40261a
    I: 40261d
    I: 402620
    I: 402623
    I: 402626
    I: 402629
    I: 40262c
    I: 40262f
    I: 402631
    I: 402636
    I: 40263b
    I: 40263e
    I: 402641
    I: 402644 (flow 402cc6)
      Successors: 402cc6
  BB: 402407 in func 401f70 with 9 insts
    I: 402407 (flow 401150)
    I: 40240c
    I: 40240e
    I: 402411
    I: 402416
    I: 40241b
    I: 40241e
    I: 402421
    I: 402424 (flow 402cc6)
      Successors: 402cc6
  BB: 402a0a in func 401f70 with 7 insts
    I: 402a0a
    I: 402a0d
    I: 402a12
    I: 402a17
    I: 402a1a
    I: 402a1d
    I: 402a20 (flow 402cc6)
      Successors: 402cc6
  BB: 40200e in func 401f70 with 1 insts
    I: 40200e (flow 402013)
      Successors: 402013
  BB: 40220f in func 401f70 with 1 insts
    I: 40220f (flow 402214)
      Successors: 402214
  BB: 402013 in func 401f70 with 3 insts
    I: 402013
    I: 402016
    I: 40201b (flow 402ca8)
      Successors: 402ca8, 402021
  BB: 402214 in func 401f70 with 3 insts
    I: 402214
    I: 402217
    I: 40221c (flow 402990)
      Successors: 402990, 402222
  BB: 402c15 in func 401f70 with 2 insts
    I: 402c15
    I: 402c1c (flow 402cc6)
      Successors: 402cc6
  BB: 402021 in func 401f70 with 1 insts
    I: 402021 (flow 402026)
      Successors: 402026
  BB: 402222 in func 401f70 with 1 insts
    I: 402222 (flow 402227)
      Successors: 402227
  BB: 402c21 in func 401f70 with 4 insts
    I: 402c21
    I: 402c23
    I: 402c27
    I: 402c28
      No successors
  BB: 402a25 in func 401f70 with 19 insts
    I: 402a25 (imm 418a2c)
    I: 402a2c
    I: 402a2e (imm 418a3c)
    I: 402a35
    I: 402a37
    I: 402a39
    I: 402a3c
    I: 402a3f
    I: 402a42
    I: 402a45
    I: 402a48
    I: 402a4b
    I: 402a4e
    I: 402a50
    I: 402a55
    I: 402a5a
    I: 402a5d
    I: 402a60
    I: 402a63 (flow 402cc6)
      Successors: 402cc6
  BB: 402026 in func 401f70 with 3 insts
    I: 402026
    I: 402029
    I: 40202e (flow 402ac0)
      Successors: 402ac0, 402034
  BB: 402227 in func 401f70 with 3 insts
    I: 402227
    I: 40222a
    I: 40222f (flow 402846)
      Successors: 402235, 402846
  BB: 402429 in func 401f70 with 10 insts
    I: 402429
    I: 40242c
    I: 40242f
    I: 402432
    I: 402436
    I: 40243b
    I: 402440 (disp 405130)
    I: 402448
    I: 40244b
    I: 40244e (flow 402cc6)
      Successors: 402cc6
  BB: 402c29 in func 401f70 with 4 insts
    I: 402c29 (mem 405100)
    I: 402c30
    I: 402c33
    I: 402c3a (flow 402cc6)
      Successors: 402cc6
  BB: 40282b in func 401f70 with 7 insts
    I: 40282b
    I: 40282e
    I: 402833
    I: 402838
    I: 40283b
    I: 40283e
    I: 402841 (flow 402cc6)
      Successors: 402cc6
  BB: 402034 in func 401f70 with 1 insts
    I: 402034 (flow 402039)
      Successors: 402039
  BB: 402235 in func 401f70 with 1 insts
    I: 402235 (flow 40223a)
      Successors: 40223a
  BB: 402039 in func 401f70 with 3 insts
    I: 402039
    I: 40203c
    I: 402041 (flow 402429)
      Successors: 402429, 402047
  BB: 40223a in func 401f70 with 3 insts
    I: 40223a
    I: 40223d
    I: 402242 (flow 402ab4)
      Successors: 402248, 402ab4
  BB: 402c3f in func 401f70 with 5 insts
    I: 402c3f
    I: 402c42
    I: 402c45
    I: 402c48
    I: 402c4f (flow 402cc6)
      Successors: 402cc6
  BB: 402846 in func 401f70 with 12 insts
    I: 402846
    I: 40284a (disp 407850)
    I: 402851
    I: 402852
    I: 402855
    I: 402858
    I: 40285c
    I: 402861
    I: 402866 (disp 4114d0)
    I: 40286e
    I: 402871
    I: 402874 (flow 402cc6)
      Successors: 402cc6
  BB: 402047 in func 401f70 with 1 insts
    I: 402047 (flow 40204c)
      Successors: 40204c
  BB: 402248 in func 401f70 with 1 insts
    I: 402248 (flow 40224d)
      Successors: 40224d
  BB: 402649 in func 401f70 with 22 insts
    I: 402649
    I: 40264d (disp 405110)
    I: 402655 (flow 418a48)
    I: 40265a (imm 418a2c)
    I: 402661
    I: 402663 (imm 418a3c)
    I: 40266a
    I: 40266c
    I: 40266e
    I: 402671
    I: 402674
    I: 402677
    I: 40267a
    I: 40267d
    I: 402680
    I: 402683
    I: 402685
    I: 40268a
    I: 40268f
    I: 402692
    I: 402695
    I: 402698 (flow 402cc6)
      Successors: 402cc6
  BB: 40204c in func 401f70 with 3 insts
    I: 40204c
    I: 40204f
    I: 402054 (flow 402c15)
      Successors: 40205a, 402c15
  BB: 40224d in func 401f70 with 3 insts
    I: 40224d
    I: 402250
    I: 402255 (flow 4028b4)
      Successors: 40225b, 4028b4
  BB: 402453 in func 401f70 with 8 insts
    I: 402453
    I: 402456
    I: 402459
    I: 40245e
    I: 402463
    I: 402466
    I: 402469
    I: 40246c (flow 402cc6)
      Successors: 402cc6
  BB: 402c54 in func 401f70 with 5 insts
    I: 402c54
    I: 402c58 (disp 405110)
    I: 402c60 (flow 418a48)
    I: 402c65
    I: 402c6c (flow 402cc6)
      Successors: 402cc6
  BB: 40205a in func 401f70 with 1 insts
    I: 40205a (flow 40205f)
      Successors: 40205f
  BB: 40225b in func 401f70 with 1 insts
    I: 40225b (flow 402260)
      Successors: 402260
  BB: 40205f in func 401f70 with 3 insts
    I: 40205f
    I: 402062
    I: 402067 (flow 402c87)
      Successors: 40206d, 402c87
  BB: 402260 in func 401f70 with 3 insts
    I: 402260
    I: 402263
    I: 402268 (flow 402c71)
      Successors: 402c71, 40226e
  BB: 402a68 in func 401f70 with 22 insts
    I: 402a68
    I: 402a6b
    I: 402a6e
    I: 402a71 (imm 418a2c)
    I: 402a78
    I: 402a7a (imm 418a3c)
    I: 402a81
    I: 402a83
    I: 402a85
    I: 402a88
    I: 402a8b
    I: 402a8e
    I: 402a91
    I: 402a94
    I: 402a97
    I: 402a9a
    I: 402a9c
    I: 402aa1
    I: 402aa6
    I: 402aa9
    I: 402aac
    I: 402aaf (flow 402cc6)
      Successors: 402cc6
  BB: 40206d in func 401f70 with 1 insts
    I: 40206d (flow 402072)
      Successors: 402072
  BB: 40226e in func 401f70 with 1 insts
    I: 40226e (flow 402273)
      Successors: 402273
  BB: 402471 in func 401f70 with 7 insts
    I: 402471
    I: 402474
    I: 402477 (flow 401430)
    I: 40247c
    I: 402481 (flow 418a48)
    I: 402486
    I: 40248d (flow 402cc6)
      Successors: 402cc6
  BB: 402072 in func 401f70 with 3 insts
    I: 402072
    I: 402075
    I: 40207a (flow 402b45)
      Successors: 402080, 402b45
  BB: 402273 in func 401f70 with 3 insts
    I: 402273
    I: 402276
    I: 40227b (flow 402471)
      Successors: 402281, 402471
  BB: 402c71 in func 401f70 with 4 insts
    I: 402c71
    I: 402c76 (flow 418a48)
    I: 402c7b
    I: 402c82 (flow 402cc6)
      Successors: 402cc6
  BB: 402879 in func 401f70 with 11 insts
    I: 402879
    I: 40287d (disp 4114d0)
    I: 402885
    I: 402888
    I: 40288b
    I: 40288d
    I: 402890
    I: 402893
    I: 402895 (disp 413bf0)
    I: 40289c
    I: 4028a3 (flow 402cc6)
      Successors: 402cc6
  BB: 402080 in func 401f70 with 1 insts
    I: 402080 (flow 402085)
      Successors: 402085
  BB: 402281 in func 401f70 with 1 insts
    I: 402281 (flow 402286)
      Successors: 402286
  BB: 402085 in func 401f70 with 3 insts
    I: 402085
    I: 402088
    I: 40208d (flow 402739)
      Successors: 402739, 402093
  BB: 402286 in func 401f70 with 3 insts
    I: 402286
    I: 402289
    I: 40228e (flow 402943)
      Successors: 402943, 402294
  BB: 402c87 in func 401f70 with 2 insts
    I: 402c87
    I: 402c8e (flow 402cc6)
      Successors: 402cc6
  BB: 402492 in func 401f70 with 9 insts
    I: 402492
    I: 402495
    I: 402498
    I: 40249b
    I: 4024a0
    I: 4024a5
    I: 4024a8
    I: 4024ab
    I: 4024ae (flow 402cc6)
      Successors: 402cc6
  BB: 402093 in func 401f70 with 1 insts
    I: 402093 (flow 402098)
      Successors: 402098
  BB: 402294 in func 401f70 with 1 insts
    I: 402294 (flow 402299)
      Successors: 402299
  BB: 402c93 in func 401f70 with 5 insts
    I: 402c93
    I: 402c96
    I: 402c99
    I: 402c9c
    I: 402ca3 (flow 402cc6)
      Successors: 402cc6
  BB: 402098 in func 401f70 with 3 insts
    I: 402098
    I: 40209b
    I: 4020a0 (flow 4029ab)
      Successors: 4029ab, 4020a6
  BB: 402299 in func 401f70 with 3 insts
    I: 402299
    I: 40229c
    I: 4022a1 (flow 4028a8)
      Successors: 4028a8, 4022a7
  BB: 40269d in func 401f70 with 2 insts
    I: 40269d
    I: 4026a4 (flow 402cc6)
      Successors: 402cc6
  BB: 4020a6 in func 401f70 with 1 insts
    I: 4020a6 (flow 4020ab)
      Successors: 4020ab
  BB: 4022a7 in func 401f70 with 1 insts
    I: 4022a7 (flow 4022ac)
      Successors: 4022ac
  BB: 4028a8 in func 401f70 with 2 insts
    I: 4028a8
    I: 4028af (flow 402cc6)
      Successors: 402cc6
  BB: 4026a9 in func 401f70 with 19 insts
    I: 4026a9 (imm 418a2c)
    I: 4026b0
    I: 4026b2 (imm 418a3c)
    I: 4026b9
    I: 4026bb
    I: 4026bd
    I: 4026c0
    I: 4026c3
    I: 4026c6
    I: 4026c9
    I: 4026cc
    I: 4026cf
    I: 4026d2
    I: 4026d4
    I: 4026d9
    I: 4026de
    I: 4026e1
    I: 4026e4
    I: 4026e7 (flow 402cc6)
      Successors: 402cc6
  BB: 402ca8 in func 401f70 with 6 insts
    I: 402ca8
    I: 402cab
    I: 402cae
    I: 402cb0
    I: 402cb3
    I: 402cba (flow 402cc6)
      Successors: 402cc6
  BB: 4020ab in func 401f70 with 3 insts
    I: 4020ab
    I: 4020ae
    I: 4020b3 (flow 402c3f)
      Successors: 4020b9, 402c3f
  BB: 4022ac in func 401f70 with 3 insts
    I: 4022ac
    I: 4022af
    I: 4022b4 (flow 402b88)
      Successors: 402b88, 4022ba
  BB: 4024b3 in func 401f70 with 19 insts
    I: 4024b3 (imm 418a2c)
    I: 4024ba
    I: 4024bc (imm 418a3c)
    I: 4024c3
    I: 4024c5
    I: 4024c7
    I: 4024ca
    I: 4024cd
    I: 4024d0
    I: 4024d3
    I: 4024d6
    I: 4024d9
    I: 4024dc
    I: 4024de
    I: 4024e3
    I: 4024e8
    I: 4024eb
    I: 4024ee
    I: 4024f1 (flow 402cc6)
      Successors: 402cc6
  BB: 4028b4 in func 401f70 with 19 insts
    I: 4028b4 (imm 418a2c)
    I: 4028bb
    I: 4028bd (imm 418a3c)
    I: 4028c4
    I: 4028c6
    I: 4028c8
    I: 4028cb
    I: 4028ce
    I: 4028d1
    I: 4028d4
    I: 4028d7
    I: 4028da
    I: 4028dd
    I: 4028df
    I: 4028e4
    I: 4028e9
    I: 4028ec
    I: 4028ef
    I: 4028f2 (flow 402cc6)
      Successors: 402cc6
  BB: 402ab4 in func 401f70 with 2 insts
    I: 402ab4
    I: 402abb (flow 402cc6)
      Successors: 402cc6
  BB: 4020b9 in func 401f70 with 1 insts
    I: 4020b9 (flow 4020be)
      Successors: 4020be
  BB: 4022ba in func 401f70 with 1 insts
    I: 4022ba (flow 4022bf)
      Successors: 4022bf
  BB: 4020be in func 401f70 with 3 insts
    I: 4020be
    I: 4020c1
    I: 4020c6 (flow 402cbf)
      Successors: 4020cc, 402cbf
  BB: 4022bf in func 401f70 with 3 insts
    I: 4022bf
    I: 4022c2
    I: 4022c7 (flow 402b02)
      Successors: 402b02, 4022cd
  BB: 402ac0 in func 401f70 with 6 insts
    I: 402ac0
    I: 402ac4 (disp 40c690)
    I: 402acb
    I: 402ace (disp 40c690)
    I: 402ad5
    I: 402adc (flow 402cc6)
      Successors: 402cc6
  BB: 402cbf in func 401f70 with 1 insts
    I: 402cbf
      Successors: 402cc6
  BB: 402cc6 in func 401f70 with 1 insts
    I: 402cc6 (flow 401f8b)
      Successors: 401f8b
  BB: 4020cc in func 401f70 with 1 insts
    I: 4020cc (flow 4020d1)
      Successors: 4020d1
  BB: 4022cd in func 401f70 with 1 insts
    I: 4022cd (flow 4022d2)
      Successors: 4022d2
  BB: 4020d1 in func 401f70 with 3 insts
    I: 4020d1
    I: 4020d4
    I: 4020d9 (flow 402453)
      Successors: 402453, 4020df
  BB: 4022d2 in func 401f70 with 3 insts
    I: 4022d2
    I: 4022d5
    I: 4022da (flow 402aed)
      Successors: 4022e0, 402aed
  BB: 4020df in func 401f70 with 1 insts
    I: 4020df (flow 4020e4)
      Successors: 4020e4
  BB: 4022e0 in func 401f70 with 1 insts
    I: 4022e0 (flow 4022e5)
      Successors: 4022e5
  BB: 402ae1 in func 401f70 with 2 insts
    I: 402ae1
    I: 402ae8 (flow 402cc6)
      Successors: 402cc6
  BB: 4020e4 in func 401f70 with 3 insts
    I: 4020e4
    I: 4020e7
    I: 4020ec (flow 402ba9)
      Successors: 402ba9, 4020f2
  BB: 4022e5 in func 401f70 with 3 insts
    I: 4022e5
    I: 4022e8
    I: 4022ed (flow 4024f6)
      Successors: 4022f3, 4024f6
  BB: 4026ec in func 401f70 with 21 insts
    I: 4026ec
    I: 4026f1 (flow 418a48)
    I: 4026f6 (imm 418a2c)
    I: 4026fd
    I: 4026ff (imm 418a3c)
    I: 402706
    I: 402708
    I: 40270a
    I: 40270d
    I: 402710
    I: 402713
    I: 402716
    I: 402719
    I: 40271c
    I: 40271f
    I: 402721
    I: 402726
    I: 40272b
    I: 40272e
    I: 402731
    I: 402734 (flow 402cc6)
      Successors: 402cc6
  BB: 402aed in func 401f70 with 5 insts
    I: 402aed
    I: 402af0
    I: 402af3
    I: 402af6
    I: 402afd (flow 402cc6)
      Successors: 402cc6
  BB: 4020f2 in func 401f70 with 1 insts
    I: 4020f2 (flow 4020f7)
      Successors: 4020f7
  BB: 4022f3 in func 401f70 with 1 insts
    I: 4022f3 (flow 4022f8)
      Successors: 4022f8
  BB: 4024f6 in func 401f70 with 21 insts
    I: 4024f6 (mem 405100)
    I: 4024fd
    I: 402500 (imm 418a2c)
    I: 402507
    I: 402509 (imm 418a3c)
    I: 402510
    I: 402512
    I: 402514
    I: 402517
    I: 40251a
    I: 40251d
    I: 402520
    I: 402523
    I: 402526
    I: 402529
    I: 40252b
    I: 402530
    I: 402535
    I: 402538
    I: 40253b
    I: 40253e (flow 402cc6)
      Successors: 402cc6
  BB: 4020f7 in func 401f70 with 3 insts
    I: 4020f7
    I: 4020fa
    I: 4020ff (flow 402606)
      Successors: 402105, 402606
  BB: 4022f8 in func 401f70 with 3 insts
    I: 4022f8
    I: 4022fb
    I: 402300 (flow 40294f)
      Successors: 402306, 40294f
  BB: 4028f7 in func 401f70 with 22 insts
    I: 4028f7
    I: 4028fa
    I: 4028fd
    I: 402900 (imm 418a2c)
    I: 402907
    I: 402909 (imm 418a3c)
    I: 402910
    I: 402912
    I: 402914
    I: 402917
    I: 40291a
    I: 40291d
    I: 402920
    I: 402923
    I: 402926
    I: 402929
    I: 40292b
    I: 402930
    I: 402935
    I: 402938
    I: 40293b
    I: 40293e (flow 402cc6)
      Successors: 402cc6
  BB: 402b02 in func 401f70 with 19 insts
    I: 402b02 (imm 418a2c)
    I: 402b09
    I: 402b0b (imm 418a3c)
    I: 402b12
    I: 402b14
    I: 402b16
    I: 402b19
    I: 402b1c
    I: 402b1f
    I: 402b22
    I: 402b25
    I: 402b28
    I: 402b2b
    I: 402b2d
    I: 402b32
    I: 402b37
    I: 402b3a
    I: 402b3d
    I: 402b40 (flow 402cc6)
      Successors: 402cc6
  BB: 402105 in func 401f70 with 1 insts
    I: 402105 (flow 40210a)
      Successors: 40210a
  BB: 402306 in func 401f70 with 1 insts
    I: 402306 (flow 40230b)
      Successors: 40230b
  BB: 40210a in func 401f70 with 3 insts
    I: 40210a
    I: 40210d
    I: 402112 (flow 402c54)
      Successors: 402118, 402c54
  BB: 40230b in func 401f70 with 3 insts
    I: 40230b
    I: 40230e
    I: 402313 (flow 402649)
      Successors: 402649, 402319
  BB: 402118 in func 401f70 with 1 insts
    I: 402118 (flow 40211d)
      Successors: 40211d
  BB: 402319 in func 401f70 with 1 insts
    I: 402319 (flow 40231e)
      Successors: 40231e
  BB: 40211d in func 401f70 with 3 insts
    I: 40211d
    I: 402120
    I: 402125 (flow 40254f)
      Successors: 40212b, 40254f
  BB: 40231e in func 401f70 with 3 insts
    I: 40231e
    I: 402321
    I: 402326 (flow 402745)
      Successors: 40232c, 402745
  BB: 40212b in func 401f70 with 1 insts
    I: 40212b (flow 402130)
      Successors: 402130
  BB: 40232c in func 401f70 with 1 insts
    I: 40232c (flow 402331)
      Successors: 402331
  BB: 402130 in func 401f70 with 3 insts
    I: 402130
    I: 402133
    I: 402138 (flow 402c21)
      Successors: 402c21, 40213e
  BB: 402331 in func 401f70 with 3 insts
    I: 402331
    I: 402334
    I: 402339 (flow 402543)
      Successors: 402543, 40233f
  BB: 402739 in func 401f70 with 2 insts
    I: 402739
    I: 402740 (flow 402cc6)
      Successors: 402cc6
  BB: 40213e in func 401f70 with 1 insts
    I: 40213e (flow 402143)
      Successors: 402143
  BB: 40233f in func 401f70 with 1 insts
    I: 40233f (flow 402344)
      Successors: 402344
  BB: 402143 in func 401f70 with 3 insts
    I: 402143
    I: 402146
    I: 40214b (flow 4028f7)
      Successors: 402151, 4028f7
  BB: 402344 in func 401f70 with 3 insts
    I: 402344
    I: 402347
    I: 40234c (flow 4024b3)
      Successors: 402352, 4024b3
  BB: 402543 in func 401f70 with 2 insts
    I: 402543
    I: 40254a (flow 402cc6)
      Successors: 402cc6
  BB: 402745 in func 401f70 with 2 insts
    I: 402745
    I: 40274c (flow 402cc6)
      Successors: 402cc6
  BB: 402943 in func 401f70 with 2 insts
    I: 402943
    I: 40294a (flow 402cc6)
      Successors: 402cc6
  BB: 402b45 in func 401f70 with 19 insts
    I: 402b45 (imm 418a2c)
    I: 402b4c
    I: 402b4e (imm 418a3c)
    I: 402b55
    I: 402b57
    I: 402b59
    I: 402b5c
    I: 402b5f
    I: 402b62
    I: 402b65
    I: 402b68
    I: 402b6b
    I: 402b6e
    I: 402b70
    I: 402b75
    I: 402b7a
    I: 402b7d
    I: 402b80
    I: 402b83 (flow 402cc6)
      Successors: 402cc6
  BB: 40254f in func 401f70 with 19 insts
    I: 40254f (imm 418a2c)
    I: 402556
    I: 402558 (imm 418a3c)
    I: 40255f
    I: 402561
    I: 402563
    I: 402566
    I: 402569
    I: 40256c
    I: 40256f
    I: 402572
    I: 402575
    I: 402578
    I: 40257a
    I: 40257f
    I: 402584
    I: 402587
    I: 40258a
    I: 40258d (flow 402cc6)
      Successors: 402cc6
  BB: 40294f in func 401f70 with 3 insts
    I: 40294f
    I: 402956
    I: 40295d (flow 402cc6)
      Successors: 402cc6
  BB: 402151 in func 401f70 with 1 insts
    I: 402151 (flow 402156)
      Successors: 402156
  BB: 402352 in func 401f70 with 1 insts
    I: 402352 (flow 402357)
      Successors: 402357
  BB: 402751 in func 401f70 with 12 insts
    I: 402751 (imm 40c690)
    I: 40275b
    I: 40275d
    I: 402762 (flow 418a58)
    I: 402767 (imm 4114d0)
    I: 402771
    I: 402773
    I: 402778 (flow 418a58)
    I: 40277d
    I: 402784
    I: 40278b
    I: 402792 (flow 402cc6)
      Successors: 402cc6
  BB: 402156 in func 401f70 with 3 insts
    I: 402156
    I: 402159
    I: 40215e (flow 4026a9)
      Successors: 4026a9, 402164
  BB: 402357 in func 401f70 with 3 insts
    I: 402357
    I: 40235a
    I: 40235f (flow 402797)
      Successors: 402365, 402797
  BB: 402962 in func 401f70 with 7 insts
    I: 402962
    I: 402965
    I: 40296a
    I: 40296f
    I: 402972
    I: 402975
    I: 402978 (flow 402cc6)
      Successors: 402cc6
  BB: 402164 in func 401f70 with 1 insts
    I: 402164 (flow 402169)
      Successors: 402169
  BB: 402365 in func 401f70 with 1 insts
    I: 402365 (flow 40236a)
      Successors: 40236a
  BB: 402169 in func 401f70 with 3 insts
    I: 402169
    I: 40216c
    I: 402171 (flow 402c00)
      Successors: 402c00, 402177
  BB: 40236a in func 401f70 with 3 insts
    I: 40236a
    I: 40236d
    I: 402372 (flow 40269d)
      Successors: 402378, 40269d
  BB: 401f70 in func 401f70 with 6 insts
    Referenced by data
    I: 401f70
    I: 401f71
    I: 401f74
    I: 401f78
    I: 401f7f (flow 401820)
    I: 401f84
      Successors: 401f8b
  BB: 402177 in func 401f70 with 1 insts
    I: 402177 (flow 40217c)
      Successors: 40217c
  BB: 402378 in func 401f70 with 1 insts
    I: 402378 (flow 40237d)
      Successors: 40237d
  BB: 40217c in func 401f70 with 3 insts
    I: 40217c
    I: 40217f
    I: 402184 (flow 402bd7)
      Successors: 40218a, 402bd7
  BB: 40237d in func 401f70 with 3 insts
    I: 40237d
    I: 402380
    I: 402385 (flow 402c29)
      Successors: 402c29, 40238b
  BB: 40297d in func 401f70 with 3 insts
    I: 40297d
    I: 402984
    I: 40298b (flow 402cc6)
      Successors: 402cc6
  BB: 402b88 in func 401f70 with 2 insts
    I: 402b88
    I: 402b8f (flow 402cc6)
      Successors: 402cc6
  BB: 40218a in func 401f70 with 1 insts
    I: 40218a (flow 40218f)
      Successors: 40218f
  BB: 401f8b in func 401f70 with 4 insts
    I: 401f8b
    I: 401f8e
    I: 401f91
    I: 401f96 (flow 402751)
      Successors: 402751, 401f9c
  BB: 40238b in func 401f70 with 1 insts
    I: 40238b (flow 402390)
      Successors: 402390
  BB: 40218f in func 401f70 with 3 insts
    I: 40218f
    I: 402192
    I: 402197 (flow 4026ec)
      Successors: 4026ec, 40219d
  BB: 402390 in func 401f70 with 3 insts
    I: 402390
    I: 402393
    I: 402398 (flow 402b94)
      Successors: 402b94, 40239e
  BB: 402990 in func 401f70 with 7 insts
    I: 402990
    I: 402993
    I: 402998
    I: 40299d
    I: 4029a0
    I: 4029a3
    I: 4029a6 (flow 402cc6)
      Successors: 402cc6
  BB: 402592 in func 401f70 with 27 insts
    I: 402592
    I: 402595
    I: 402597
    I: 40259a
    I: 40259d
    I: 4025a0
    I: 4025a3
    I: 4025a5
    I: 4025a8 (imm 418a2c)
    I: 4025af
    I: 4025b1 (imm 418a3c)
    I: 4025b8
    I: 4025ba
    I: 4025bc
    I: 4025bf
    I: 4025c2
    I: 4025c5
    I: 4025c8
    I: 4025cb
    I: 4025ce
    I: 4025d1
    I: 4025d3
    I: 4025d8
    I: 4025dd
    I: 4025e0
    I: 4025e3
    I: 4025e6 (flow 402cc6)
      Successors: 402cc6
  BB: 402b94 in func 401f70 with 5 insts
    I: 402b94
    I: 402b97
    I: 402b9a
    I: 402b9d
    I: 402ba4 (flow 402cc6)
      Successors: 402cc6
  BB: 402797 in func 401f70 with 19 insts
    I: 402797 (imm 418a2c)
    I: 40279e
    I: 4027a0 (imm 418a3c)
    I: 4027a7
    I: 4027a9
    I: 4027ab
    I: 4027ae
    I: 4027b1
    I: 4027b4
    I: 4027b7
    I: 4027ba
    I: 4027bd
    I: 4027c0
    I: 4027c2
    I: 4027c7
    I: 4027cc
    I: 4027cf
    I: 4027d2
    I: 4027d5 (flow 402cc6)
      Successors: 402cc6
  BB: 401f9c in func 401f70 with 1 insts
    I: 401f9c (flow 401fa1)
      Successors: 401fa1
  BB: 40219d in func 401f70 with 1 insts
    I: 40219d (flow 4021a2)
      Successors: 4021a2
  BB: 40239e in func 401f70 with 1 insts
    I: 40239e (flow 4023a3)
      Successors: 4023a3
  BB: 401fa1 in func 401f70 with 3 insts
    I: 401fa1
    I: 401fa4
    I: 401fa9 (flow 402879)
      Successors: 402879, 401faf
  BB: 4021a2 in func 401f70 with 3 insts
    I: 4021a2
    I: 4021a5
    I: 4021aa (flow 402c93)
      Successors: 4021b0, 402c93
  BB: 4023a3 in func 401f70 with 3 insts
    I: 4023a3
    I: 4023a6
    I: 4023ab (flow 402a0a)
      Successors: 4023b1, 402a0a
  BB: 402ba9 in func 401f70 with 3 insts
    I: 402ba9
    I: 402bb0
    I: 402bb7 (flow 402cc6)
      Successors: 402cc6
  BB: 4029ab in func 401f70 with 11 insts
    I: 4029ab
    I: 4029af (disp 413bf0)
    I: 4029b6
    I: 4029ba (disp 413bf0)
    I: 4029c1
    I: 4029c4
    I: 4029c9
    I: 4029ce
    I: 4029d1
    I: 4029d4
    I: 4029d7 (flow 402cc6)
      Successors: 402cc6
  BB: 401faf in func 401f70 with 1 insts
    I: 401faf (flow 401fb4)
      Successors: 401fb4
  BB: 4021b0 in func 401f70 with 1 insts
    I: 4021b0 (flow 4021b5)
      Successors: 4021b5
  BB: 4023b1 in func 401f70 with 1 insts
    I: 4023b1 (flow 4023b6)
      Successors: 4023b6
  BB: 401fb4 in func 401f70 with 3 insts
    I: 401fb4
    I: 401fb7
    I: 401fbc (flow 402a68)
      Successors: 402a68, 401fc2
  BB: 4021b5 in func 401f70 with 3 insts
    I: 4021b5
    I: 4021b8
    I: 4021bd (flow 40282b)
      Successors: 40282b, 4021c3
  BB: 4023b6 in func 401f70 with 3 insts
    I: 4023b6
    I: 4023b9
    I: 4023be (flow 4027da)
      Successors: 4027da, 4023c4
  BB: 402bbc in func 401f70 with 7 insts
    I: 402bbc
    I: 402bbf
    I: 402bc4
    I: 402bc9
    I: 402bcc
    I: 402bcf
    I: 402bd2 (flow 402cc6)
      Successors: 402cc6
  BB: 401fc2 in func 401f70 with 1 insts
    I: 401fc2 (flow 401fc7)
      Successors: 401fc7
  BB: 4021c3 in func 401f70 with 1 insts
    I: 4021c3 (flow 4021c8)
      Successors: 4021c8
  BB: 4023c4 in func 401f70 with 1 insts
    I: 4023c4 (flow 4023c9)
      Successors: 4023c9
  BB: 401fc7 in func 401f70 with 3 insts
    I: 401fc7
    I: 401fca
    I: 401fcf (flow 402592)
      Successors: 402592, 401fd5
  BB: 4021c8 in func 401f70 with 3 insts
    I: 4021c8
    I: 4021cb
    I: 4021d0 (flow 40297d)
      Successors: 40297d, 4021d6
  BB: 4023c9 in func 401f70 with 3 insts
    I: 4023c9
    I: 4023cc
    I: 4023d1 (flow 402492)
      Successors: 402492, 4023d7
  BB: 401fd5 in func 401f70 with 1 insts
    I: 401fd5 (flow 401fda)
      Successors: 401fda
  BB: 4021d6 in func 401f70 with 1 insts
    I: 4021d6 (flow 4021db)
      Successors: 4021db
  BB: 4023d7 in func 401f70 with 1 insts
    I: 4023d7 (flow 4023dc)
      Successors: 4023dc
  BB: 402bd7 in func 401f70 with 8 insts
    I: 402bd7
    I: 402bdb (disp 40c690)
    I: 402be2
    I: 402be5 (flow 401430)
    I: 402bea
    I: 402bef (flow 418a48)
    I: 402bf4
    I: 402bfb (flow 402cc6)
      Successors: 402cc6
  BB: 401fda in func 401f70 with 3 insts
    I: 401fda
    I: 401fdd
    I: 401fe2 (flow 4029dc)
      Successors: 401fe8, 4029dc
  BB: 4021db in func 401f70 with 3 insts
    I: 4021db
    I: 4021de
    I: 4021e3 (flow 402bbc)
      Successors: 4021e9, 402bbc
  BB: 4023dc in func 401f70 with 3 insts
    I: 4023dc
    I: 4023df
    I: 4023e4 (flow 402962)
      Successors: 4023ea, 402962
  BB: 4027da in func 401f70 with 24 insts
    I: 4027da
    I: 4027dd
    I: 4027e0
    I: 4027e3
    I: 4027e5
    I: 4027e8 (imm 418a2c)
    I: 4027ef
    I: 4027f1 (imm 418a3c)
    I: 4027f8
    I: 4027fa
    I: 4027fc
    I: 4027ff
    I: 402802
    I: 402805
    I: 402808
    I: 40280b
    I: 40280e
    I: 402811
    I: 402813
    I: 402818
    I: 40281d
    I: 402820
    I: 402823
    I: 402826 (flow 402cc6)
      Successors: 402cc6
  BB: 4029dc in func 401f70 with 6 insts
    I: 4029dc
    I: 4029e1
    I: 4029e6
    I: 4029ea
    I: 4029ed
    I: 4029f0 (flow 402cc6)
      Successors: 402cc6
  BB: 401fe8 in func 401f70 with 1 insts
    I: 401fe8 (flow 401fed)
      Successors: 401fed
  BB: 4021e9 in func 401f70 with 1 insts
    I: 4021e9 (flow 4021ee)
      Successors: 4021ee
  BB: 4023ea in func 401f70 with 1 insts
    I: 4023ea (flow 4023ef)
      Successors: 4023ef
  BB: 4025eb in func 401f70 with 7 insts
    I: 4025eb
    I: 4025ee
    I: 4025f3
    I: 4025f8
    I: 4025fb
    I: 4025fe
    I: 402601 (flow 402cc6)
      Successors: 402cc6
  BB: 401fed in func 401f70 with 3 insts
    I: 401fed
    I: 401ff0
    I: 401ff5 (flow 4025eb)
      Successors: 401ffb, 4025eb
  BB: 4021ee in func 401f70 with 3 insts
    I: 4021ee
    I: 4021f1
    I: 4021f6 (flow 402a25)
      Successors: 4021fc, 402a25
  BB: 4023ef in func 401f70 with 3 insts
    I: 4023ef
    I: 4023f2
    I: 4023f7 (flow 402407)
      Successors: 4023fd, 402407
  BB: 4029f5 in func 401f70 with 5 insts
    I: 4029f5
    I: 4029f8
    I: 4029fb
    I: 4029fe
    I: 402a05 (flow 402cc6)
      Successors: 402cc6
  BB: 401ffb in func 401f70 with 1 insts
    I: 401ffb (flow 402000)
      Successors: 402000
  BB: 4021fc in func 401f70 with 1 insts
    I: 4021fc (flow 402201)
      Successors: 402201
  BB: 4023fd in func 401f70 with 1 insts
    I: 4023fd (flow 402402)
      Successors: 402402
Recovering .term_proc at 402ccc
  Analysing subroutine .term_proc at 402ccc
    Block head at 00402cd9 is not code.
  Subroutine .term_proc at 402ccc has 1 blocks
  BB: 402ccc in func 402ccc with 4 insts
    I: 402ccc
    I: 402cd0
    I: 402cd4
    I: 402cd8
      No successors
Global Variable None
WARNING: Global constructor and destructor sections are adjacent!
Recovering region LOAD [400000, 400500) in segment LOAD
  8-byte reference at 400018 to 401060 (start)
  8-byte reference at 4000f8 to 401000 (.init_proc)
  8-byte reference at 400130 to 403000 ()
  8-byte reference at 400168 to 404de8 ()
  8-byte reference at 400280 to 403004 ()
  8-byte reference at 4002f0 to 404de8 ()
Recovering region .init [401000, 40101b) in segment .init
Recovering region LOAD [40101b, 401020) in segment LOAD
Recovering region .plt [401020, 401060) in segment .plt
Recovering region .text [401060, 402ccb) in segment .text
Recovering region LOAD [402ccb, 402ccc) in segment LOAD
Recovering region .fini [402ccc, 402cd9) in segment .fini
Recovering region .rodata [403000, 403004) in segment .rodata
Recovering region .eh_frame_hdr [403004, 403048) in segment .eh_frame_hdr
Recovering region .eh_frame [403048, 403144) in segment .eh_frame
Recovering region LOAD [403144, 403188) in segment LOAD
Recovering region .init_array [404de8, 404df8) in segment .init_array
  8-byte reference at 404de8 to 401140 ()
  8-byte reference at 404df0 to 401110 ()
Recovering region LOAD [404df8, 404fd8) in segment LOAD
Recovering region .got [404fd8, 404fe8) in segment .got
  8-byte reference at 404fd8 to 418a50 (__libc_start_main)
  8-byte reference at 404fe0 to 418a68 (__gmon_start__)
Recovering region .got.plt [404fe8, 405018) in segment .got.plt
  8-byte reference at 405000 to 418a48 (putchar)
  8-byte reference at 405008 to 418a58 (memset)
  8-byte reference at 405010 to 418a60 (getchar)
Recovering region LOAD [405018, 405020) in segment LOAD
Recovering region .data [405020, 4050f0) in segment .data
Recovering region .bss [4050f0, 418a48) in segment .bss
Recovering extern function putchar at 401030
Recovering extern function memset at 401040
Recovering extern function getchar at 401050
Recovering extern function putchar at 418a48
Recovering extern function __libc_start_main at 418a50
Recovering extern function memset at 418a58
Recovering extern function getchar at 418a60
Recovering extern function __gmon_start__ at 418a68
Recovered 11 functions.
Saving to: /home/ubuntu/capstone_project/result/pipeline_20260629_141746/s634430882_fla_bcf.cfg
Done analysis!
