Debugging is enabled.
Loading Standard Definitions file: /home/ubuntu/capstone_project/dependency/mcsema/mcsema/lib/python3/site-packages/mcsema_disass-3.1.3.8-py3.8.egg/mcsema_disass/defs/linux.txt
Using Batch mode.
Starting analysis
Recovering module s634430882_bcf_instsub.elf
Found main at 401990
Looking for instructions in segment .init
  Default block heads for function 401000 with loose bounds [401000, 40101b)
    block [401000, 401014)
    block [401014, 401016)
    block [401016, 40101b)
    chunk [401000, 40101b)
Looking for instructions in segment .plt
  Default block heads for function 401020 with loose bounds [401020, 40102c)
    block [401020, 40102c)
    chunk [401020, 40102c)
  Default block heads for function 401030 with loose bounds [401030, 401036)
    block [401030, 401036)
    chunk [401030, 401036)
  Default block heads for function 401040 with loose bounds [401040, 401046)
    block [401040, 401046)
    chunk [401040, 401046)
  Default block heads for function 401050 with loose bounds [401050, 401056)
    block [401050, 401056)
    chunk [401050, 401056)
Looking for instructions in segment .text
  Default block heads for function 401060 with loose bounds [401060, 401086)
    block [401060, 401086)
    chunk [401060, 401086)
  Default block heads for function 4010a0 with loose bounds [4010a0, 4010c1)
    block [4010a0, 4010ad)
    block [4010ad, 4010b7)
    block [4010b7, 4010be)
    block [4010c0, 4010c1)
    chunk [4010a0, 4010c1)
  Default block heads for function 401110 with loose bounds [401110, 401131)
    block [401110, 40111d)
    block [40111d, 40112f)
    block [401130, 401131)
    chunk [401110, 401131)
  Default block heads for function 401140 with loose bounds [401140, 401146)
    block [401140, 401146)
    chunk [401140, 401146)
    chunk [4010d0, 401101)
  Default block heads for function 401150 with loose bounds [401150, 401341)
    block [401150, 40119d)
    block [40119d, 4011a2)
    block [4011a2, 401216)
    block [401216, 40121b)
    block [40121b, 401220)
    block [401220, 401295)
    block [401295, 40129a)
    block [40129a, 4012ec)
    block [4012ec, 4012f1)
    block [4012f1, 4012fc)
    block [4012fc, 401301)
    block [401301, 40130c)
    block [40130c, 40133c)
    block [40133c, 401341)
    chunk [401150, 401341)
  Default block heads for function 401350 with loose bounds [401350, 4015f0)
    block [401350, 401370)
    block [401370, 40139e)
    block [40139e, 4013a3)
    block [4013a3, 40141b)
    block [40141b, 401420)
    block [401420, 4014a2)
    block [4014a2, 4014a7)
    block [4014a7, 4014b2)
    block [4014b2, 4014b7)
    block [4014b7, 401506)
    block [401506, 40150b)
    block [40150b, 401515)
    block [401515, 401535)
    block [401535, 401572)
    block [401572, 401577)
    block [401577, 4015c5)
    block [4015c5, 4015ca)
    block [4015ca, 4015cf)
    block [4015cf, 4015d5)
    block [4015d5, 4015da)
    block [4015da, 4015f0)
    chunk [401350, 4015f0)
  Default block heads for function 4015f0 with loose bounds [4015f0, 401986)
    block [4015f0, 4015fb)
    block [4015fb, 401605)
    block [401605, 401621)
    block [401621, 40162e)
    block [40162e, 4016aa)
    block [4016aa, 4016af)
    block [4016af, 401701)
    block [401701, 401706)
    block [401706, 40170b)
    block [40170b, 401710)
    block [401710, 401728)
    block [401728, 401741)
    block [401741, 401786)
    block [401786, 40178b)
    block [40178b, 4017dd)
    block [4017dd, 4017e2)
    block [4017e2, 4017ed)
    block [4017ed, 4017f2)
    block [4017f2, 401899)
    block [401899, 40189e)
    block [40189e, 401936)
    block [401936, 40193b)
    block [40193b, 401940)
    block [401940, 401942)
    block [401942, 401956)
    block [401956, 40195b)
    block [40195b, 401986)
    chunk [4015f0, 401986)
  Default block heads for function 401990 with loose bounds [401990, 4027fc)
    block [401990, 4019a4)
    block [4019a4, 4019e9)
    block [4019e9, 4019ee)
    block [4019ee, 401a77)
    block [401a77, 401a7c)
    block [401a7c, 401a87)
    block [401a87, 401a8c)
    block [401a8c, 401aa7)
    block [401aa7, 401ad6)
    block [401ad6, 401b1b)
    block [401b1b, 401b20)
    block [401b20, 401b7e)
    block [401b7e, 401b83)
    block [401b83, 401b88)
    block [401b88, 401bf8)
    block [401bf8, 401bfd)
    block [401bfd, 401c91)
    block [401c91, 401c96)
    block [401c96, 401ca1)
    block [401ca1, 401ca6)
    block [401ca6, 401cb0)
    block [401cb0, 401cc8)
    block [401cc8, 401d40)
    block [401d40, 401d45)
    block [401d45, 401dc6)
    block [401dc6, 401dcb)
    block [401dcb, 401dd0)
    block [401dd0, 401e15)
    block [401e15, 401e1a)
    block [401e1a, 401e69)
    block [401e69, 401e6e)
    block [401e6e, 401e73)
    block [401e73, 401ee3)
    block [401ee3, 401ee8)
    block [401ee8, 401f25)
    block [401f25, 401f2a)
    block [401f2a, 401f2f)
    block [401f2f, 401f69)
    block [401f69, 401f75)
    block [401f75, 401fba)
    block [401fba, 401fbf)
    block [401fbf, 40205b)
    block [40205b, 402060)
    block [402060, 40206b)
    block [40206b, 402070)
    block [402070, 402097)
    block [402097, 40209c)
    block [40209c, 4020ae)
    block [4020ae, 4020b5)
    block [4020b5, 4020c1)
    block [4020c1, 4020c8)
    block [4020c8, 402105)
    block [402105, 40210a)
    block [40210a, 40218e)
    block [40218e, 402193)
    block [402193, 40219e)
    block [40219e, 4021a3)
    block [4021a3, 40221b)
    block [40221b, 402220)
    block [402220, 402285)
    block [402285, 40228a)
    block [40228a, 402295)
    block [402295, 40229a)
    block [40229a, 4022a4)
    block [4022a4, 4022b3)
    block [4022b3, 40232b)
    block [40232b, 402330)
    block [402330, 402381)
    block [402381, 402386)
    block [402386, 402391)
    block [402391, 402396)
    block [402396, 40240e)
    block [40240e, 402413)
    block [402413, 40246d)
    block [40246d, 402472)
    block [402472, 402477)
    block [402477, 402498)
    block [402498, 40249d)
    block [40249d, 4024b5)
    block [4024b5, 402525)
    block [402525, 40252a)
    block [40252a, 402567)
    block [402567, 40256c)
    block [40256c, 402571)
    block [402571, 4025b6)
    block [4025b6, 4025bb)
    block [4025bb, 402613)
    block [402613, 402618)
    block [402618, 40261d)
    block [40261d, 40265a)
    block [40265a, 40265f)
    block [40265f, 4026ab)
    block [4026ab, 4026b0)
    block [4026b0, 4026b5)
    block [4026b5, 4026c1)
    block [4026c1, 4026f0)
    block [4026f0, 4026f5)
    block [4026f5, 4026fd)
    block [4026fd, 40270a)
    block [40270a, 402730)
    block [402730, 402748)
    block [402748, 40275e)
    block [40275e, 40276d)
    block [40276d, 402772)
    block [402772, 40278b)
    block [40278b, 402790)
    block [402790, 4027b4)
    block [4027b4, 4027b9)
    block [4027b9, 4027d3)
    block [4027d3, 4027d8)
    block [4027d8, 4027f0)
    block [4027f0, 4027fc)
    chunk [401990, 4027fc)
Looking for instructions in segment .fini
  Default block heads for function 4027fc with loose bounds [4027fc, 402809)
    block [4027fc, 402809)
    chunk [4027fc, 402809)
Looking for strings in segment .rodata [403000, 403004)
Looking for strings in segment .eh_frame_hdr [403004, 403048)
Looking for strings in segment .eh_frame [403048, 403144)
Looking for strings in segment .init_array [404de8, 404df0)
Looking for strings in segment .fini_array [404df0, 404df8)
Looking for strings in segment .got [404fd8, 404fe8)
Looking for strings in segment .got.plt [404fe8, 405018)
Looking for strings in segment .data [405020, 4050f0)
Looking for strings in segment .bss [4050f0, 418a48)
Looking for strings in segment extern [418a48, 418a70)
Looking for cross-references in segment .init [401000, 40101b)
Looking for cross-references in segment .plt [401020, 401060)
  Adding dword reference from 40102c to 401f0f
  Stopping scan at 40102c
Looking for cross-references in segment .text [401060, 4027fc)
  Stopping scan at 40108c
  Stopping scan at 40109c
  Stopping scan at ffffffffffffffff
  Stopping scan at 4010cc
  Stopping scan at 40110c
  Stopping scan at ffffffffffffffff
  Stopping scan at 40113c
  Stopping scan at 40114c
  Stopping scan at 40134c
  Stopping scan at 40198c
Looking for cross-references in segment .fini [4027fc, 402809)
Looking for cross-references in segment .rodata [403000, 403004)
  Stopping scan at 403000
Looking for cross-references in segment .eh_frame_hdr [403004, 403048)
  Stopping scan at 403044
Looking for cross-references in segment .eh_frame [403048, 403144)
  Stopping scan at 403140
Looking for cross-references in segment .init_array [404de8, 404df0)
  Adding qword reference from 404de8 to 401140
  Stopping scan at 404de8
Looking for cross-references in segment .fini_array [404df0, 404df8)
  Adding qword reference from 404df0 to 401110
  Stopping scan at 404df0
Looking for cross-references in segment .got [404fd8, 404fe8)
  Adding qword reference from 404fd8 to 418a50
  Adding qword reference from 404fe0 to 418a68
  Stopping scan at 404fe0
Looking for cross-references in segment .got.plt [404fe8, 405018)
  Adding qword reference from 405000 to 418a48
  Adding qword reference from 405008 to 418a58
  Adding qword reference from 405010 to 418a60
  Stopping scan at 405010
Looking for cross-references in segment .data [405020, 4050f0)
  Stopping scan at 4050ec
Looking for cross-references in segment .bss [4050f0, 418a48)
  Stopping scan at 418a44
Looking for cross-references in segment extern [418a48, 418a70)
  Stopping scan at 418a6c
Looking for thunks
  Found thunk for putchar targeting 418a48 at 401030
  Found thunk for memset targeting 418a58 at 401040
  Found thunk for getchar targeting 418a60 at 401050
Looking for external symbols
  Function at 401030 is the external function putchar
  Function at 401040 is the external function memset
  Function at 401050 is the external function getchar
  Function at 418a48 is the external function putchar
  Function at 418a50 is the external function __libc_start_main
  Function at 418a58 is the external function memset
  Function at 418a60 is the external function getchar
  Function at 418a68 is the external function __gmon_start__
Looking for entrypoints
Recovering .init_proc at 401000
  Analysing subroutine .init_proc at 401000
    Block head at 0040101b is not code.
  Subroutine .init_proc at 401000 has 3 blocks
  BB: 401000 in func 401000 with 5 insts
    Referenced by data
    I: 401000
    I: 401004
    I: 401008 (mem 404fe0)
    I: 40100f
    I: 401012 (flow 401016)
      Successors: 401014, 401016
  BB: 401014 in func 401000 with 1 insts
    I: 401014
      Successors: 401016
  BB: 401016 in func 401000 with 2 insts
    I: 401016
    I: 40101a
      No successors
Recovering 401020
  Analysing subroutine sub_401020 at 401020
  WARNING: No table entries for indirect jump at 401026; Adding next_ea 40102c as successor.
  Subroutine sub_401020 at 401020 has 2 blocks
  WARNING: No table entries for indirect jump at 401026; Adding next_ea 40102c as successor.
  BB: 401020 in func 401020 with 2 insts
    I: 401020 (mem 404ff0)
    I: 401026 (mem 404ff8)
      Successors: 40102c
  BB: 40102c in func 401020 with 1 insts
    I: 40102c
      No successors
Recovering start at 401060
  Analysing subroutine start at 401060
  Subroutine start at 401060 has 3 blocks
  BB: 401060 in func 401060 with 13 insts
    Referenced by data
    I: 401060
    I: 401064
    I: 401066
    I: 401069
    I: 40106a
    I: 40106d
    I: 401071
    I: 401072
    I: 401073
    I: 401076
    I: 401078 (imm 401990)
    I: 40107f (mem 404fd8)
    I: 401085
      No successors
  BB: 401095 in func 401060 with 2 insts
    I: 401095
    I: 40109f
      No successors
  BB: 401086 in func 401060 with 3 insts
    I: 401086
    I: 401090
    I: 401094
      No successors
Recovering 4010a0
  Analysing subroutine sub_4010A0 at 4010a0
  WARNING: No table entries for indirect jump at 4010bc; Adding next_ea 4010be as successor.
  WARNING: No table entries for indirect jump at 4010fe; Adding next_ea 401100 as successor.
  Subroutine sub_4010A0 at 4010a0 has 11 blocks
  BB: 4010a0 in func 4010a0 with 3 insts
    I: 4010a0 (imm 4050f0)
    I: 4010a5 (imm 4050f0)
    I: 4010ab (flow 4010c0)
      Successors: 4010c0, 4010ad
  BB: 4010c0 in func 4010a0 with 1 insts
    I: 4010c0
      No successors
  BB: 4010c1 in func 4010a0 with 2 insts
    I: 4010c1
    I: 4010c5
      Successors: 4010d0
  BB: 401100 in func 4010a0 with 1 insts
    I: 401100
      No successors
  BB: 401101 in func 4010a0 with 2 insts
    I: 401101
    I: 401105
      No successors
  BB: 4010ad in func 4010a0 with 3 insts
    I: 4010ad
    I: 4010b2
    I: 4010b5 (flow 4010c0)
      Successors: 4010c0, 4010b7
  BB: 4010ef in func 4010a0 with 3 insts
    I: 4010ef
    I: 4010f4
    I: 4010f7 (flow 401100)
      Successors: 401100, 4010f9
  BB: 4010d0 in func 4010a0 with 8 insts
    I: 4010d0 (imm 4050f0)
    I: 4010d5 (imm 4050f0)
    I: 4010dc
    I: 4010df
    I: 4010e3
    I: 4010e7
    I: 4010ea
    I: 4010ed (flow 401100)
      Successors: 401100, 4010ef
  WARNING: No table entries for indirect jump at 4010bc; Adding next_ea 4010be as successor.
  BB: 4010b7 in func 4010a0 with 2 insts
    I: 4010b7 (imm 4050f0)
    I: 4010bc
      Successors: 4010be
  WARNING: No table entries for indirect jump at 4010fe; Adding next_ea 401100 as successor.
  BB: 4010f9 in func 4010a0 with 2 insts
    I: 4010f9 (imm 4050f0)
    I: 4010fe
      Successors: 401100
  BB: 4010be in func 4010a0 with 1 insts
    I: 4010be
      Successors: 4010c0
Recovering 401110
  Analysing subroutine sub_401110 at 401110
  Subroutine sub_401110 at 401110 has 5 blocks
  BB: 40112f in func 401110 with 1 insts
    I: 40112f
      Successors: 401130
  BB: 401110 in func 401110 with 3 insts
    Referenced by data
    I: 401110
    I: 401114 (mem 4050f0)
    I: 40111b (flow 401130)
      Successors: 401130, 40111d
  BB: 401131 in func 401110 with 2 insts
    I: 401131
    I: 401135
      No successors
  BB: 401130 in func 401110 with 1 insts
    I: 401130
      No successors
  BB: 40111d in func 401110 with 6 insts
    I: 40111d
    I: 40111e
    I: 401121 (flow 4010a0)
    I: 401126 (mem 4050f0)
    I: 40112d
    I: 40112e
      No successors
Recovering 401140
  Analysing subroutine sub_401140 at 401140
  WARNING: No table entries for indirect jump at 4010fe; Adding next_ea 401100 as successor.
  Subroutine sub_401140 at 401140 has 6 blocks
  BB: 401140 in func 401140 with 2 insts
    Referenced by data
    I: 401140
    I: 401144 (flow 4010d0)
      Successors: 4010d0
  BB: 401100 in func 401140 with 1 insts
    I: 401100
      No successors
  BB: 401146 in func 401140 with 1 insts
    I: 401146
      No successors
  BB: 4010ef in func 401140 with 3 insts
    I: 4010ef
    I: 4010f4
    I: 4010f7 (flow 401100)
      Successors: 401100, 4010f9
  BB: 4010d0 in func 401140 with 8 insts
    I: 4010d0 (imm 4050f0)
    I: 4010d5 (imm 4050f0)
    I: 4010dc
    I: 4010df
    I: 4010e3
    I: 4010e7
    I: 4010ea
    I: 4010ed (flow 401100)
      Successors: 401100, 4010ef
  WARNING: No table entries for indirect jump at 4010fe; Adding next_ea 401100 as successor.
  BB: 4010f9 in func 401140 with 2 insts
    I: 4010f9 (imm 4050f0)
    I: 4010fe
      Successors: 401100
Recovering 401150
  Analysing subroutine sub_401150 at 401150
  Subroutine sub_401150 at 401150 has 15 blocks
  BB: 401220 in func 401150 with 37 insts
    I: 401220
    I: 401224
    I: 401228
    I: 40122b
    I: 40122d
    I: 401232
    I: 401235
    I: 401237
    I: 401239
    I: 40123b
    I: 401241
    I: 401243
    I: 401249
    I: 40124b (flow 418a60)
    I: 401250
    I: 401252
    I: 401256
    I: 401258 (imm 418a24)
    I: 40125f
    I: 401261 (imm 418a34)
    I: 401268
    I: 40126a
    I: 40126c
    I: 40126f
    I: 401271
    I: 401273
    I: 401276
    I: 401279
    I: 40127c
    I: 40127f
    I: 401282
    I: 401285
    I: 401287
    I: 401289
    I: 40128b
    I: 40128d
    I: 40128f (flow 40129a)
      Successors: 40129a, 401295
  BB: 401301 in func 401150 with 5 insts
    I: 401301
    I: 401305
    I: 401307
    I: 40130a
    I: 40130b
      No successors
  BB: 4011a2 in func 401150 with 33 insts
    I: 4011a2
    I: 4011a5
    I: 4011a9
    I: 4011ad
    I: 4011b0
    I: 4011b3
    I: 4011b7
    I: 4011bb
    I: 4011be
    I: 4011c4 (flow 418a60)
    I: 4011c9
    I: 4011cb
    I: 4011cf
    I: 4011d1 (imm 418a24)
    I: 4011d8
    I: 4011da (imm 418a34)
    I: 4011e1
    I: 4011e3
    I: 4011e5
    I: 4011eb
    I: 4011ee
    I: 4011f4
    I: 4011f7
    I: 4011fa
    I: 4011fd
    I: 401200
    I: 401203
    I: 401206
    I: 401208
    I: 40120a
    I: 40120c
    I: 40120e
    I: 401210 (flow 40121b)
      Successors: 40121b, 401216
  BB: 401341 in func 401150 with 2 insts
    I: 401341
    I: 40134b
      No successors
  BB: 4012fc in func 401150 with 1 insts
    I: 4012fc (flow 401301)
      Successors: 401301
  BB: 4012ec in func 401150 with 1 insts
    I: 4012ec (flow 40133c)
      Successors: 40133c
  BB: 40130c in func 401150 with 13 insts
    I: 40130c
    I: 40130f
    I: 401313
    I: 401316
    I: 401319
    I: 40131d
    I: 401321
    I: 401324
    I: 40132a (flow 418a60)
    I: 40132f
    I: 401331
    I: 401335
    I: 401337 (flow 4011a2)
      Successors: 4011a2
  BB: 401150 in func 401150 with 23 insts
    I: 401150
    I: 401151
    I: 401154
    I: 401158 (imm 418a24)
    I: 40115f
    I: 401161 (imm 418a34)
    I: 401168
    I: 40116a
    I: 40116c
    I: 401172
    I: 401175
    I: 40117b
    I: 40117e
    I: 401181
    I: 401184
    I: 401187
    I: 40118a
    I: 40118d
    I: 40118f
    I: 401191
    I: 401193
    I: 401195
    I: 401197 (flow 4011a2)
      Successors: 4011a2, 40119d
  BB: 4012f1 in func 401150 with 3 insts
    I: 4012f1
    I: 4012f4
    I: 4012f6 (flow 401220)
      Successors: 401220, 4012fc
  BB: 401295 in func 401150 with 1 insts
    I: 401295 (flow 40133c)
      Successors: 40133c
  BB: 401216 in func 401150 with 1 insts
    I: 401216 (flow 40130c)
      Successors: 40130c
  BB: 40129a in func 401150 with 24 insts
    I: 40129a
    I: 40129e
    I: 4012a1
    I: 4012a4
    I: 4012a7 (imm 418a24)
    I: 4012ae
    I: 4012b0 (imm 418a34)
    I: 4012b7
    I: 4012b9
    I: 4012bb
    I: 4012c1
    I: 4012c4
    I: 4012ca
    I: 4012cd
    I: 4012d0
    I: 4012d3
    I: 4012d6
    I: 4012d9
    I: 4012dc
    I: 4012de
    I: 4012e0
    I: 4012e2
    I: 4012e4
    I: 4012e6 (flow 4012f1)
      Successors: 4012f1, 4012ec
  BB: 40121b in func 401150 with 1 insts
    I: 40121b (flow 401220)
      Successors: 401220
  BB: 40133c in func 401150 with 1 insts
    I: 40133c (flow 40129a)
      Successors: 40129a
  BB: 40119d in func 401150 with 1 insts
    I: 40119d (flow 40130c)
      Successors: 40130c
Recovering 401350
  Analysing subroutine sub_401350 at 401350
  Subroutine sub_401350 at 401350 has 21 blocks
  BB: 401506 in func 401350 with 1 insts
    I: 401506 (flow 40150b)
      Successors: 40150b
  BB: 40150b in func 401350 with 2 insts
    I: 40150b (mem 405100)
    I: 401512
      Successors: 401515
  BB: 401515 in func 401350 with 8 insts
    I: 401515
    I: 401518
    I: 40151a
    I: 401520
    I: 401523
    I: 401529
    I: 40152c
    I: 40152f (flow 4015cf)
      Successors: 401535, 4015cf
  BB: 40141b in func 401350 with 1 insts
    I: 40141b (flow 4015d5)
      Successors: 4015d5
  BB: 40139e in func 401350 with 1 insts
    I: 40139e (flow 4013a3)
      Successors: 4013a3
  BB: 401420 in func 401350 with 39 insts
    I: 401420
    I: 401424
    I: 401427
    I: 40142a (imm 418a30)
    I: 401431
    I: 401433 (imm 418a40)
    I: 40143a
    I: 40143c
    I: 40143e
    I: 401444
    I: 401447
    I: 40144d
    I: 401450
    I: 401453
    I: 401456
    I: 40145a
    I: 40145d
    I: 401461
    I: 401464
    I: 401467
    I: 40146a
    I: 40146e
    I: 401470
    I: 401473
    I: 401475
    I: 401477
    I: 40147a
    I: 40147d
    I: 401481
    I: 401484
    I: 401487
    I: 40148a
    I: 40148d
    I: 401490
    I: 401493
    I: 401496
    I: 401498
    I: 40149a
    I: 40149c (flow 4014a7)
      Successors: 4014a2, 4014a7
  BB: 4014a2 in func 401350 with 1 insts
    I: 4014a2 (flow 4015d5)
      Successors: 4015d5
  BB: 4013a3 in func 401350 with 36 insts
    I: 4013a3 (imm 418a30)
    I: 4013aa
    I: 4013ac (imm 418a40)
    I: 4013b3
    I: 4013b5
    I: 4013b7
    I: 4013bd
    I: 4013c0
    I: 4013c6
    I: 4013c9
    I: 4013cc
    I: 4013cf
    I: 4013d3
    I: 4013d6
    I: 4013da
    I: 4013dd
    I: 4013e0
    I: 4013e3
    I: 4013e7
    I: 4013e9
    I: 4013ec
    I: 4013ee
    I: 4013f0
    I: 4013f3
    I: 4013f6
    I: 4013fa
    I: 4013fd
    I: 401400
    I: 401403
    I: 401406
    I: 401409
    I: 40140c
    I: 40140f
    I: 401411
    I: 401413
    I: 401415 (flow 401420)
      Successors: 401420, 40141b
  BB: 4014a7 in func 401350 with 3 insts
    I: 4014a7
    I: 4014aa
    I: 4014ac (flow 4014b7)
      Successors: 4014b2, 4014b7
  BB: 4014b2 in func 401350 with 1 insts
    I: 4014b2 (flow 401506)
      Successors: 401506
  BB: 401535 in func 401350 with 20 insts
    I: 401535 (imm 418a30)
    I: 40153c
    I: 40153e (imm 418a40)
    I: 401545
    I: 401547
    I: 401549
    I: 40154c
    I: 40154e
    I: 401550
    I: 401553
    I: 401556
    I: 401559
    I: 40155c
    I: 40155f
    I: 401562
    I: 401564
    I: 401566
    I: 401568
    I: 40156a
    I: 40156c (flow 401577)
      Successors: 401572, 401577
  BB: 4014b7 in func 401350 with 23 insts
    I: 4014b7
    I: 4014ba
    I: 4014bf
    I: 4014c0
    I: 4014c2
    I: 4014c4
    I: 4014c9
    I: 4014cc
    I: 4014d1
    I: 4014d3 (mem 405100)
    I: 4014da
    I: 4014dc
    I: 4014df
    I: 4014e1
    I: 4014e3 (mem 405100)
    I: 4014ea
    I: 4014ec (disp 405110)
    I: 4014f3
    I: 4014f6
    I: 4014fb
    I: 4014fc
    I: 4014fe
    I: 401501 (flow 4013a3)
      Successors: 4013a3
  BB: 4015c5 in func 401350 with 1 insts
    I: 4015c5 (flow 4015da)
      Successors: 4015da
  BB: 4015ca in func 401350 with 1 insts
    I: 4015ca (flow 401515)
      Successors: 401515
  BB: 4015cf in func 401350 with 3 insts
    I: 4015cf
    I: 4015d3
    I: 4015d4
      No successors
  BB: 401350 in func 401350 with 7 insts
    I: 401350
    I: 401351
    I: 401354
    I: 401358
    I: 40135b (mem 405100)
    I: 401366
    I: 40136a (flow 40139e)
      Successors: 401370, 40139e
  BB: 4015d5 in func 401350 with 1 insts
    I: 4015d5 (flow 401420)
      Successors: 401420
  BB: 4015da in func 401350 with 4 insts
    I: 4015da
    I: 4015de (disp 405110)
    I: 4015e6 (flow 418a48)
    I: 4015eb (flow 401577)
      Successors: 401577
  BB: 401370 in func 401350 with 9 insts
    I: 401370 (mem 405100)
    I: 401377
    I: 401379
    I: 40137f
    I: 401382
    I: 401388 (mem 405100)
    I: 40138f
    I: 401391 (disp 405110)
    I: 401399 (flow 40150b)
      Successors: 40150b
  BB: 401572 in func 401350 with 1 insts
    I: 401572 (flow 4015da)
      Successors: 4015da
  BB: 401577 in func 401350 with 23 insts
    I: 401577
    I: 40157b (disp 405110)
    I: 401583 (flow 418a48)
    I: 401588 (imm 418a30)
    I: 40158f
    I: 401591 (imm 418a40)
    I: 401598
    I: 40159a
    I: 40159c
    I: 40159f
    I: 4015a1
    I: 4015a3
    I: 4015a6
    I: 4015a9
    I: 4015ac
    I: 4015af
    I: 4015b2
    I: 4015b5
    I: 4015b7
    I: 4015b9
    I: 4015bb
    I: 4015bd
    I: 4015bf (flow 4015ca)
      Successors: 4015ca, 4015c5
Recovering 4015f0
  Analysing subroutine sub_4015F0 at 4015f0
  Subroutine sub_4015F0 at 4015f0 has 28 blocks
  BB: 401701 in func 4015f0 with 1 insts
    I: 401701 (flow 401942)
      Successors: 401942
  BB: 401605 in func 4015f0 with 6 insts
    I: 401605
    I: 401609 (disp 405030)
    I: 401610
    I: 401613
    I: 401617 (disp 405090)
    I: 40161e
      Successors: 401621
  BB: 401786 in func 4015f0 with 1 insts
    I: 401786 (flow 401956)
      Successors: 401956
  BB: 401706 in func 4015f0 with 1 insts
    I: 401706 (flow 401621)
      Successors: 401621
  BB: 401986 in func 4015f0 with 1 insts
    I: 401986
      No successors
  BB: 40170b in func 4015f0 with 1 insts
    I: 40170b (flow 401710)
      Successors: 401710
  BB: 40178b in func 4015f0 with 23 insts
    I: 40178b
    I: 401792
    I: 401795
    I: 401798 (imm 418a28)
    I: 40179f
    I: 4017a1 (imm 418a38)
    I: 4017a8
    I: 4017aa
    I: 4017ac
    I: 4017b2
    I: 4017b5
    I: 4017bb
    I: 4017be
    I: 4017c1
    I: 4017c4
    I: 4017c7
    I: 4017ca
    I: 4017cd
    I: 4017cf
    I: 4017d1
    I: 4017d3
    I: 4017d5
    I: 4017d7 (flow 4017e2)
      Successors: 4017e2, 4017dd
  BB: 401710 in func 4015f0 with 6 insts
    I: 401710
    I: 401713
    I: 401718
    I: 40171b
    I: 401720
    I: 401723 (flow 4015fb)
      Successors: 4015fb
  BB: 401899 in func 4015f0 with 1 insts
    I: 401899 (flow 40195b)
      Successors: 40195b
  BB: 40189e in func 4015f0 with 50 insts
    I: 40189e
    I: 4018a1
    I: 4018a3
    I: 4018a5
    I: 4018a7
    I: 4018aa
    I: 4018ac
    I: 4018ae
    I: 4018b0
    I: 4018b3
    I: 4018b6
    I: 4018bb
    I: 4018be
    I: 4018c3
    I: 4018c6 (imm 418a28)
    I: 4018cd
    I: 4018cf (imm 418a38)
    I: 4018d6
    I: 4018d8
    I: 4018da
    I: 4018dd
    I: 4018df
    I: 4018e1
    I: 4018e4
    I: 4018e7
    I: 4018ea
    I: 4018ee
    I: 4018f1
    I: 4018f5
    I: 4018f8
    I: 4018fb
    I: 4018fe
    I: 401902
    I: 401904
    I: 401907
    I: 401909
    I: 40190b
    I: 40190e
    I: 401911
    I: 401915
    I: 401918
    I: 40191b
    I: 40191e
    I: 401921
    I: 401924
    I: 401927
    I: 40192a
    I: 40192c
    I: 40192e
    I: 401930 (flow 40193b)
      Successors: 40193b, 401936
  BB: 401621 in func 4015f0 with 2 insts
    I: 401621
    I: 401628 (flow 40170b)
      Successors: 40170b, 40162e
  BB: 401728 in func 4015f0 with 3 insts
    I: 401728 (mem 407854)
    I: 401733
    I: 40173a
      Successors: 401741
  BB: 4016aa in func 4015f0 with 1 insts
    I: 4016aa (flow 401942)
      Successors: 401942
  BB: 40162e in func 4015f0 with 38 insts
    I: 40162e
    I: 401632 (disp 405130)
    I: 40163a (imm 418a28)
    I: 401641
    I: 401643 (imm 418a38)
    I: 40164a
    I: 40164c
    I: 40164e
    I: 401651
    I: 401653
    I: 401655
    I: 401658
    I: 40165b
    I: 40165e
    I: 401662
    I: 401665
    I: 401669
    I: 40166c
    I: 40166f
    I: 401672
    I: 401676
    I: 401678
    I: 40167b
    I: 40167d
    I: 40167f
    I: 401682
    I: 401685
    I: 401689
    I: 40168c
    I: 40168f
    I: 401692
    I: 401695
    I: 401698
    I: 40169b
    I: 40169e
    I: 4016a0
    I: 4016a2
    I: 4016a4 (flow 4016af)
      Successors: 4016aa, 4016af
  BB: 4016af in func 4015f0 with 26 insts
    I: 4016af
    I: 4016b2
    I: 4016b5
    I: 4016ba
    I: 4016bc
    I: 4016c1
    I: 4016c4 (imm 418a28)
    I: 4016cb
    I: 4016cd (imm 418a38)
    I: 4016d4
    I: 4016d6
    I: 4016d8
    I: 4016db
    I: 4016dd
    I: 4016df
    I: 4016e2
    I: 4016e5
    I: 4016e8
    I: 4016eb
    I: 4016ee
    I: 4016f1
    I: 4016f3
    I: 4016f5
    I: 4016f7
    I: 4016f9
    I: 4016fb (flow 401706)
      Successors: 401701, 401706
  BB: 401936 in func 4015f0 with 1 insts
    I: 401936 (flow 40195b)
      Successors: 40195b
  BB: 40193b in func 4015f0 with 1 insts
    I: 40193b (flow 401741)
      Successors: 401741
  BB: 401940 in func 4015f0 with 2 insts
    I: 401940
    I: 401941
      No successors
  BB: 401741 in func 4015f0 with 20 insts
    I: 401741 (imm 418a28)
    I: 401748
    I: 40174a (imm 418a38)
    I: 401751
    I: 401753
    I: 401755
    I: 40175b
    I: 40175e
    I: 401764
    I: 401767
    I: 40176a
    I: 40176d
    I: 401770
    I: 401773
    I: 401776
    I: 401778
    I: 40177a
    I: 40177c
    I: 40177e
    I: 401780 (flow 40178b)
      Successors: 40178b, 401786
  BB: 401942 in func 4015f0 with 7 insts
    I: 401942
    I: 401945
    I: 401948
    I: 40194a
    I: 40194c
    I: 40194e
    I: 401951 (flow 4016af)
      Successors: 4016af
  BB: 401956 in func 4015f0 with 1 insts
    I: 401956 (flow 40178b)
      Successors: 40178b
  BB: 40195b in func 4015f0 with 11 insts
    I: 40195b
    I: 40195e
    I: 401963
    I: 401966
    I: 40196b
    I: 40196e
    I: 401971
    I: 401976
    I: 401979
    I: 40197e
    I: 401981 (flow 40189e)
      Successors: 40189e
  BB: 4017dd in func 4015f0 with 1 insts
    I: 4017dd (flow 401956)
      Successors: 401956
  BB: 4017e2 in func 4015f0 with 3 insts
    I: 4017e2
    I: 4017e5
    I: 4017e7 (flow 4017f2)
      Successors: 4017f2, 4017ed
  BB: 4017ed in func 4015f0 with 1 insts
    I: 4017ed (flow 401940)
      Successors: 401940
  BB: 4015f0 in func 4015f0 with 3 insts
    I: 4015f0
    I: 4015f1
    I: 4015f4
      Successors: 4015fb
  BB: 4017f2 in func 4015f0 with 48 insts
    I: 4017f2
    I: 4017f5
    I: 4017f7
    I: 4017fa
    I: 4017fc
    I: 4017fe (disp 407850)
    I: 401805
    I: 401808
    I: 40180e
    I: 401810
    I: 401816
    I: 40181a (disp 407850)
    I: 401821 (imm 418a28)
    I: 401828
    I: 40182a (imm 418a38)
    I: 401831
    I: 401833
    I: 401835
    I: 40183b
    I: 40183e
    I: 401844
    I: 401847
    I: 40184a
    I: 40184d
    I: 401851
    I: 401854
    I: 401858
    I: 40185b
    I: 40185e
    I: 401861
    I: 401865
    I: 401867
    I: 40186a
    I: 40186c
    I: 40186e
    I: 401871
    I: 401874
    I: 401878
    I: 40187b
    I: 40187e
    I: 401881
    I: 401884
    I: 401887
    I: 40188a
    I: 40188d
    I: 40188f
    I: 401891
    I: 401893 (flow 40189e)
      Successors: 401899, 40189e
  BB: 4015fb in func 4015f0 with 2 insts
    I: 4015fb
    I: 4015ff (flow 401728)
      Successors: 401728, 401605
Recovering main at 401990
  Analysing subroutine main at 401990
  Subroutine main at 401990 has 113 blocks
  BB: 40240e in func 401990 with 1 insts
    I: 40240e (flow 4027b9)
      Successors: 4027b9
  BB: 402613 in func 401990 with 1 insts
    I: 402613 (flow 4027d8)
      Successors: 4027d8
  BB: 402413 in func 401990 with 26 insts
    I: 402413
    I: 402416
    I: 402419
    I: 40241e
    I: 402420
    I: 402425
    I: 402428 (imm 418a2c)
    I: 40242f
    I: 402431 (imm 418a3c)
    I: 402438
    I: 40243a
    I: 40243c
    I: 402442
    I: 402445
    I: 40244b
    I: 40244e
    I: 402451
    I: 402454
    I: 402457
    I: 40245a
    I: 40245d
    I: 40245f
    I: 402461
    I: 402463
    I: 402465
    I: 402467 (flow 402472)
      Successors: 402472, 40246d
  BB: 401e15 in func 401990 with 1 insts
    I: 401e15 (flow 40275e)
      Successors: 40275e
  BB: 402618 in func 401990 with 1 insts
    I: 402618 (flow 4020b5)
      Successors: 4020b5
  BB: 401e1a in func 401990 with 22 insts
    I: 401e1a
    I: 401e1f (flow 418a48)
    I: 401e24 (imm 418a2c)
    I: 401e2b
    I: 401e2d (imm 418a3c)
    I: 401e34
    I: 401e36
    I: 401e38
    I: 401e3e
    I: 401e41
    I: 401e47
    I: 401e4a
    I: 401e4d
    I: 401e50
    I: 401e53
    I: 401e56
    I: 401e59
    I: 401e5b
    I: 401e5d
    I: 401e5f
    I: 401e61
    I: 401e63 (flow 401e6e)
      Successors: 401e69, 401e6e
  BB: 40221b in func 401990 with 1 insts
    I: 40221b (flow 402790)
      Successors: 402790
  BB: 40261d in func 401990 with 20 insts
    I: 40261d (imm 418a2c)
    I: 402624
    I: 402626 (imm 418a3c)
    I: 40262d
    I: 40262f
    I: 402631
    I: 402634
    I: 402636
    I: 402638
    I: 40263b
    I: 40263e
    I: 402641
    I: 402644
    I: 402647
    I: 40264a
    I: 40264c
    I: 40264e
    I: 402650
    I: 402652
    I: 402654 (flow 40265f)
      Successors: 40265a, 40265f
  BB: 402220 in func 401990 with 31 insts
    I: 402220
    I: 402224 (disp 413bf0)
    I: 40222b
    I: 40222f (disp 413bf0)
    I: 402236
    I: 402238
    I: 40223a
    I: 40223c
    I: 40223f
    I: 402242
    I: 402245
    I: 402248 (imm 418a2c)
    I: 40224f
    I: 402251 (imm 418a3c)
    I: 402258
    I: 40225a
    I: 40225c
    I: 40225f
    I: 402261
    I: 402263
    I: 402266
    I: 402269
    I: 40226c
    I: 40226f
    I: 402272
    I: 402275
    I: 402277
    I: 402279
    I: 40227b
    I: 40227d
    I: 40227f (flow 40228a)
      Successors: 40228a, 402285
  BB: 40265a in func 401990 with 1 insts
    I: 40265a (flow 4027f0)
      Successors: 4027f0
  BB: 40205b in func 401990 with 1 insts
    I: 40205b (flow 402772)
      Successors: 402772
  BB: 40265f in func 401990 with 21 insts
    I: 40265f
    I: 402666 (imm 418a2c)
    I: 40266d
    I: 40266f (imm 418a3c)
    I: 402676
    I: 402678
    I: 40267a
    I: 402680
    I: 402683
    I: 402689
    I: 40268c
    I: 40268f
    I: 402692
    I: 402695
    I: 402698
    I: 40269b
    I: 40269d
    I: 40269f
    I: 4026a1
    I: 4026a3
    I: 4026a5 (flow 4026b0)
      Successors: 4026b0, 4026ab
  BB: 402060 in func 401990 with 3 insts
    I: 402060
    I: 402063
    I: 402065 (flow 402097)
      Successors: 40206b, 402097
  BB: 401e69 in func 401990 with 1 insts
    I: 401e69 (flow 40275e)
      Successors: 40275e
  BB: 40206b in func 401990 with 1 insts
    I: 40206b (flow 402070)
      Successors: 402070
  BB: 40246d in func 401990 with 1 insts
    I: 40246d (flow 4027b9)
      Successors: 4027b9
  BB: 401e6e in func 401990 with 1 insts
    I: 401e6e (flow 401b88)
      Successors: 401b88
  BB: 402070 in func 401990 with 11 insts
    I: 402070
    I: 402074 (disp 4114d0)
    I: 40207c
    I: 40207f
    I: 402082
    I: 402084
    I: 402087
    I: 402089
    I: 40208b
    I: 40208e
    I: 402090 (disp 413bf0)
      Successors: 402097
  BB: 402472 in func 401990 with 1 insts
    I: 402472 (flow 402477)
      Successors: 402477
  BB: 401e73 in func 401990 with 36 insts
    I: 401e73 (imm 418a2c)
    I: 401e7a
    I: 401e7c (imm 418a3c)
    I: 401e83
    I: 401e85
    I: 401e87
    I: 401e8a
    I: 401e8c
    I: 401e8e
    I: 401e91
    I: 401e94
    I: 401e97
    I: 401e9b
    I: 401e9e
    I: 401ea2
    I: 401ea5
    I: 401ea8
    I: 401eab
    I: 401eaf
    I: 401eb1
    I: 401eb4
    I: 401eb6
    I: 401eb8
    I: 401ebb
    I: 401ebe
    I: 401ec2
    I: 401ec5
    I: 401ec8
    I: 401ecb
    I: 401ece
    I: 401ed1
    I: 401ed4
    I: 401ed7
    I: 401ed9
    I: 401edb
    I: 401edd (flow 401ee8)
      Successors: 401ee8, 401ee3
  BB: 401a77 in func 401990 with 1 insts
    I: 401a77 (flow 4026fd)
      Successors: 4026fd
  BB: 402477 in func 401990 with 10 insts
    I: 402477
    I: 40247b (disp 40c690)
    I: 402482
    I: 402484
    I: 402486
    I: 402488
    I: 40248b
    I: 40248d
    I: 40248f
    I: 402491 (disp 40c690)
      Successors: 402498
  BB: 401a7c in func 401990 with 3 insts
    I: 401a7c
    I: 401a7f
    I: 401a81 (flow 401a8c)
      Successors: 401a8c, 401a87
  BB: 402285 in func 401990 with 1 insts
    I: 402285 (flow 402790)
      Successors: 402790
  BB: 401a87 in func 401990 with 1 insts
    I: 401a87 (flow 4026f5)
      Successors: 4026f5
  BB: 40228a in func 401990 with 3 insts
    I: 40228a
    I: 40228d
    I: 40228f (flow 40229a)
      Successors: 40229a, 402295
  BB: 401a8c in func 401990 with 6 insts
    I: 401a8c
    I: 401a8f
    I: 401a92
    I: 401a95
    I: 401a99 (disp 405130)
    I: 401aa1 (flow 401f2f)
      Successors: 401f2f, 401aa7
  BB: 401c91 in func 401990 with 1 insts
    I: 401c91 (flow 402730)
      Successors: 402730
  BB: 402295 in func 401990 with 1 insts
    I: 402295 (flow 402498)
      Successors: 402498
  BB: 401c96 in func 401990 with 3 insts
    I: 401c96
    I: 401c99
    I: 401c9b (flow 401ca6)
      Successors: 401ca1, 401ca6
  BB: 402097 in func 401990 with 1 insts
    I: 402097 (flow 40209c)
      Successors: 40209c
  BB: 402498 in func 401990 with 1 insts
    I: 402498 (flow 40249d)
      Successors: 40249d
  BB: 40229a in func 401990 with 2 insts
    I: 40229a
    I: 40229e (flow 4022b3)
      Successors: 4022b3, 4022a4
  BB: 40209c in func 401990 with 6 insts
    I: 40209c
    I: 40209f
    I: 4020a1
    I: 4020a4
    I: 4020a6
    I: 4020a9 (flow 401f69)
      Successors: 401f69
  BB: 40249d in func 401990 with 6 insts
    I: 40249d
    I: 4024a0
    I: 4024a5
    I: 4024a8
    I: 4024ad
    I: 4024b0 (flow 4020c8)
      Successors: 4020c8
  BB: 401ca1 in func 401990 with 1 insts
    I: 401ca1 (flow 401e73)
      Successors: 401e73
  BB: 4022a4 in func 401990 with 6 insts
    I: 4022a4
    I: 4022a7
    I: 4022aa
    I: 4022ac
    I: 4022ae
    I: 4022b0
      Successors: 4022b3
  BB: 401ca6 in func 401990 with 2 insts
    I: 401ca6 (mem 405100)
    I: 401cad
      Successors: 401cb0
  BB: 401aa7 in func 401990 with 12 insts
    I: 401aa7
    I: 401aaa
    I: 401aad
    I: 401ab2
    I: 401ab5
    I: 401aba
    I: 401ac0
    I: 401ac2
    I: 401ac8
    I: 401acb
    I: 401acd
    I: 401ad0 (flow 401f2f)
      Successors: 401ad6, 401f2f
  BB: 4026ab in func 401990 with 1 insts
    I: 4026ab (flow 4027f0)
      Successors: 4027f0
  BB: 4020ae in func 401990 with 1 insts
    I: 4020ae
      Successors: 4020b5
  BB: 401cb0 in func 401990 with 8 insts
    I: 401cb0
    I: 401cb3
    I: 401cb5
    I: 401cb8
    I: 401cba
    I: 401cbc
    I: 401cbf
    I: 401cc2 (flow 401dd0)
      Successors: 401cc8, 401dd0
  BB: 4026b0 in func 401990 with 1 insts
    I: 4026b0 (flow 4026b5)
      Successors: 4026b5
  BB: 4022b3 in func 401990 with 36 insts
    I: 4022b3 (imm 418a2c)
    I: 4022ba
    I: 4022bc (imm 418a3c)
    I: 4022c3
    I: 4022c5
    I: 4022c7
    I: 4022cd
    I: 4022d0
    I: 4022d6
    I: 4022d9
    I: 4022dc
    I: 4022df
    I: 4022e3
    I: 4022e6
    I: 4022ea
    I: 4022ed
    I: 4022f0
    I: 4022f3
    I: 4022f7
    I: 4022f9
    I: 4022fc
    I: 4022fe
    I: 402300
    I: 402303
    I: 402306
    I: 40230a
    I: 40230d
    I: 402310
    I: 402313
    I: 402316
    I: 402319
    I: 40231c
    I: 40231f
    I: 402321
    I: 402323
    I: 402325 (flow 402330)
      Successors: 402330, 40232b
  BB: 4020b5 in func 401990 with 3 insts
    I: 4020b5
    I: 4020b8
    I: 4020bb (flow 40261d)
      Successors: 4020c1, 40261d
  BB: 4024b5 in func 401990 with 36 insts
    I: 4024b5 (imm 418a2c)
    I: 4024bc
    I: 4024be (imm 418a3c)
    I: 4024c5
    I: 4024c7
    I: 4024c9
    I: 4024cc
    I: 4024ce
    I: 4024d0
    I: 4024d3
    I: 4024d6
    I: 4024d9
    I: 4024dd
    I: 4024e0
    I: 4024e4
    I: 4024e7
    I: 4024ea
    I: 4024ed
    I: 4024f1
    I: 4024f3
    I: 4024f6
    I: 4024f8
    I: 4024fa
    I: 4024fd
    I: 402500
    I: 402504
    I: 402507
    I: 40250a
    I: 40250d
    I: 402510
    I: 402513
    I: 402516
    I: 402519
    I: 40251b
    I: 40251d
    I: 40251f (flow 40252a)
      Successors: 40252a, 402525
  BB: 4026b5 in func 401990 with 3 insts
    I: 4026b5
    I: 4026b8
    I: 4026bb (flow 4026f0)
      Successors: 4026f0, 4026c1
  BB: 4020c1 in func 401990 with 1 insts
    I: 4020c1
      Successors: 4020c8
  BB: 4026c1 in func 401990 with 12 insts
    I: 4026c1
    I: 4026c5 (disp 40c690)
    I: 4026cc
    I: 4026cf (flow 401350)
    I: 4026d4
    I: 4026d9 (flow 418a48)
    I: 4026de
    I: 4026e1
    I: 4026e3
    I: 4026e6
    I: 4026e8
    I: 4026eb (flow 4026b5)
      Successors: 4026b5
  BB: 401cc8 in func 401990 with 36 insts
    I: 401cc8 (imm 418a2c)
    I: 401ccf
    I: 401cd1 (imm 418a3c)
    I: 401cd8
    I: 401cda
    I: 401cdc
    I: 401ce2
    I: 401ce5
    I: 401ceb
    I: 401cee
    I: 401cf1
    I: 401cf4
    I: 401cf8
    I: 401cfb
    I: 401cff
    I: 401d02
    I: 401d05
    I: 401d08
    I: 401d0c
    I: 401d0e
    I: 401d11
    I: 401d13
    I: 401d15
    I: 401d18
    I: 401d1b
    I: 401d1f
    I: 401d22
    I: 401d25
    I: 401d28
    I: 401d2b
    I: 401d2e
    I: 401d31
    I: 401d34
    I: 401d36
    I: 401d38
    I: 401d3a (flow 401d45)
      Successors: 401d40, 401d45
  BB: 4020c8 in func 401990 with 20 insts
    I: 4020c8 (imm 418a2c)
    I: 4020cf
    I: 4020d1 (imm 418a3c)
    I: 4020d8
    I: 4020da
    I: 4020dc
    I: 4020df
    I: 4020e1
    I: 4020e3
    I: 4020e6
    I: 4020e9
    I: 4020ec
    I: 4020ef
    I: 4020f2
    I: 4020f5
    I: 4020f7
    I: 4020f9
    I: 4020fb
    I: 4020fd
    I: 4020ff (flow 40210a)
      Successors: 40210a, 402105
  BB: 401ad6 in func 401990 with 20 insts
    I: 401ad6 (imm 418a2c)
    I: 401add
    I: 401adf (imm 418a3c)
    I: 401ae6
    I: 401ae8
    I: 401aea
    I: 401af0
    I: 401af3
    I: 401af9
    I: 401afc
    I: 401aff
    I: 401b02
    I: 401b05
    I: 401b08
    I: 401b0b
    I: 401b0d
    I: 401b0f
    I: 401b11
    I: 401b13
    I: 401b15 (flow 401b20)
      Successors: 401b20, 401b1b
  BB: 401ee3 in func 401990 with 1 insts
    I: 401ee3 (flow 40276d)
      Successors: 40276d
  BB: 401ee8 in func 401990 with 12 insts
    I: 401ee8 (imm 418a2c)
    I: 401eef
    I: 401ef1 (imm 418a3c)
    I: 401ef8
    I: 401efa
    I: 401efc
    I: 401eff
    I: 401f01
    I: 401f03
    I: 401f06
    I: 401f09
    I: 401f0c
      Successors: 401f0f
  BB: 4026f0 in func 401990 with 1 insts
    I: 4026f0 (flow 4019a4)
      Successors: 4019a4
  BB: 4026f5 in func 401990 with 4 insts
    I: 4026f5
    I: 4026f7
    I: 4026fb
    I: 4026fc
      No successors
  BB: 4026fd in func 401990 with 3 insts
    I: 4026fd (flow 401150)
    I: 402702
    I: 402705 (flow 4019ee)
      Successors: 4019ee
  BB: 402105 in func 401990 with 1 insts
    I: 402105 (flow 40278b)
      Successors: 40278b
  BB: 40210a in func 401990 with 40 insts
    I: 40210a
    I: 40210d
    I: 402110
    I: 402113
    I: 402116 (imm 418a2c)
    I: 40211d
    I: 40211f (imm 418a3c)
    I: 402126
    I: 402128
    I: 40212a
    I: 402130
    I: 402133
    I: 402139
    I: 40213c
    I: 40213f
    I: 402142
    I: 402146
    I: 402149
    I: 40214d
    I: 402150
    I: 402153
    I: 402156
    I: 40215a
    I: 40215c
    I: 40215f
    I: 402161
    I: 402163
    I: 402166
    I: 402169
    I: 40216d
    I: 402170
    I: 402173
    I: 402176
    I: 402179
    I: 40217c
    I: 40217f
    I: 402182
    I: 402184
    I: 402186
    I: 402188 (flow 402193)
      Successors: 402193, 40218e
  BB: 40270a in func 401990 with 8 insts
    I: 40270a
    I: 40270d
    I: 402713
    I: 402716
    I: 40271c (flow 401350)
    I: 402721
    I: 402726 (flow 418a48)
    I: 40272b (flow 401b20)
      Successors: 401b20
  BB: 401f0f in func 401990 with 8 insts
    Referenced by data
    I: 401f0f
    I: 401f12
    I: 401f15
    I: 401f17
    I: 401f19
    I: 401f1b
    I: 401f1d
    I: 401f1f (flow 401f2a)
      Successors: 401f2a, 401f25
  BB: 401b1b in func 401990 with 1 insts
    I: 401b1b (flow 40270a)
      Successors: 40270a
  BB: 401b20 in func 401990 with 27 insts
    I: 401b20
    I: 401b23
    I: 401b25
    I: 401b28
    I: 401b2a (flow 401350)
    I: 401b2f
    I: 401b34 (flow 418a48)
    I: 401b39 (imm 418a2c)
    I: 401b40
    I: 401b42 (imm 418a3c)
    I: 401b49
    I: 401b4b
    I: 401b4d
    I: 401b53
    I: 401b56
    I: 401b5c
    I: 401b5f
    I: 401b62
    I: 401b65
    I: 401b68
    I: 401b6b
    I: 401b6e
    I: 401b70
    I: 401b72
    I: 401b74
    I: 401b76
    I: 401b78 (flow 401b83)
      Successors: 401b83, 401b7e
  BB: 401f25 in func 401990 with 1 insts
    I: 401f25 (flow 40276d)
      Successors: 40276d
  BB: 402525 in func 401990 with 1 insts
    I: 402525 (flow 4027d3)
      Successors: 4027d3
  BB: 401f2a in func 401990 with 1 insts
    I: 401f2a (flow 4019a4)
      Successors: 4019a4
  BB: 40232b in func 401990 with 1 insts
    I: 40232b (flow 4027b4)
      Successors: 4027b4
  BB: 40252a in func 401990 with 20 insts
    I: 40252a (imm 418a2c)
    I: 402531
    I: 402533 (imm 418a3c)
    I: 40253a
    I: 40253c
    I: 40253e
    I: 402541
    I: 402543
    I: 402545
    I: 402548
    I: 40254b
    I: 40254e
    I: 402551
    I: 402554
    I: 402557
    I: 402559
    I: 40255b
    I: 40255d
    I: 40255f
    I: 402561 (flow 40256c)
      Successors: 40256c, 402567
  BB: 401f2f in func 401990 with 10 insts
    I: 401f2f (imm 40c690)
    I: 401f39
    I: 401f3b
    I: 401f40 (flow 418a58)
    I: 401f45 (imm 4114d0)
    I: 401f4f
    I: 401f51
    I: 401f56 (flow 418a58)
    I: 401f5b
    I: 401f62
      Successors: 401f69
  BB: 402330 in func 401990 with 24 insts
    I: 402330
    I: 402333
    I: 402336
    I: 402339
    I: 40233c (imm 418a2c)
    I: 402343
    I: 402345 (imm 418a3c)
    I: 40234c
    I: 40234e
    I: 402350
    I: 402356
    I: 402359
    I: 40235f
    I: 402362
    I: 402365
    I: 402368
    I: 40236b
    I: 40236e
    I: 402371
    I: 402373
    I: 402375
    I: 402377
    I: 402379
    I: 40237b (flow 402386)
      Successors: 402381, 402386
  BB: 402730 in func 401990 with 6 insts
    I: 402730
    I: 402733
    I: 402738
    I: 40273b
    I: 402740
    I: 402743 (flow 401bfd)
      Successors: 401bfd
  BB: 401d40 in func 401990 with 1 insts
    I: 401d40 (flow 402748)
      Successors: 402748
  BB: 401d45 in func 401990 with 39 insts
    I: 401d45
    I: 401d49 (disp 405110)
    I: 401d51 (flow 418a48)
    I: 401d56 (imm 418a2c)
    I: 401d5d
    I: 401d5f (imm 418a3c)
    I: 401d66
    I: 401d68
    I: 401d6a
    I: 401d6d
    I: 401d6f
    I: 401d71
    I: 401d74
    I: 401d77
    I: 401d7a
    I: 401d7e
    I: 401d81
    I: 401d85
    I: 401d88
    I: 401d8b
    I: 401d8e
    I: 401d92
    I: 401d94
    I: 401d97
    I: 401d99
    I: 401d9b
    I: 401d9e
    I: 401da1
    I: 401da5
    I: 401da8
    I: 401dab
    I: 401dae
    I: 401db1
    I: 401db4
    I: 401db7
    I: 401dba
    I: 401dbc
    I: 401dbe
    I: 401dc0 (flow 401dcb)
      Successors: 401dcb, 401dc6
  BB: 402748 in func 401990 with 4 insts
    I: 402748
    I: 40274c (disp 405110)
    I: 402754 (flow 418a48)
    I: 402759 (flow 401d45)
      Successors: 401d45
  BB: 40275e in func 401990 with 3 insts
    I: 40275e
    I: 402763 (flow 418a48)
    I: 402768 (flow 401e1a)
      Successors: 401e1a
  BB: 402567 in func 401990 with 1 insts
    I: 402567 (flow 4027d3)
      Successors: 4027d3
  BB: 401f69 in func 401990 with 3 insts
    I: 401f69
    I: 401f6c
    I: 401f6f (flow 4020ae)
      Successors: 401f75, 4020ae
  BB: 40256c in func 401990 with 1 insts
    I: 40256c (flow 402571)
      Successors: 402571
  BB: 40276d in func 401990 with 1 insts
    I: 40276d (flow 401ee8)
      Successors: 401ee8
  BB: 402571 in func 401990 with 20 insts
    I: 402571 (imm 418a2c)
    I: 402578
    I: 40257a (imm 418a3c)
    I: 402581
    I: 402583
    I: 402585
    I: 40258b
    I: 40258e
    I: 402594
    I: 402597
    I: 40259a
    I: 40259d
    I: 4025a0
    I: 4025a3
    I: 4025a6
    I: 4025a8
    I: 4025aa
    I: 4025ac
    I: 4025ae
    I: 4025b0 (flow 4025bb)
      Successors: 4025bb, 4025b6
  BB: 402772 in func 401990 with 7 insts
    I: 402772
    I: 402776 (disp 407850)
    I: 40277d
    I: 402780
    I: 402781
    I: 402783
    I: 402786 (flow 401fbf)
      Successors: 401fbf
  BB: 401f75 in func 401990 with 20 insts
    I: 401f75 (imm 418a2c)
    I: 401f7c
    I: 401f7e (imm 418a3c)
    I: 401f85
    I: 401f87
    I: 401f89
    I: 401f8f
    I: 401f92
    I: 401f98
    I: 401f9b
    I: 401f9e
    I: 401fa1
    I: 401fa4
    I: 401fa7
    I: 401faa
    I: 401fac
    I: 401fae
    I: 401fb0
    I: 401fb2
    I: 401fb4 (flow 401fbf)
      Successors: 401fba, 401fbf
  BB: 401b7e in func 401990 with 1 insts
    I: 401b7e (flow 40270a)
      Successors: 40270a
  BB: 402381 in func 401990 with 1 insts
    I: 402381 (flow 4027b4)
      Successors: 4027b4
  BB: 401b83 in func 401990 with 1 insts
    I: 401b83 (flow 401b88)
      Successors: 401b88
  BB: 402386 in func 401990 with 3 insts
    I: 402386
    I: 402389
    I: 40238b (flow 402396)
      Successors: 402391, 402396
  BB: 401b88 in func 401990 with 36 insts
    I: 401b88 (imm 418a2c)
    I: 401b8f
    I: 401b91 (imm 418a3c)
    I: 401b98
    I: 401b9a
    I: 401b9c
    I: 401b9f
    I: 401ba1
    I: 401ba3
    I: 401ba6
    I: 401ba9
    I: 401bac
    I: 401bb0
    I: 401bb3
    I: 401bb7
    I: 401bba
    I: 401bbd
    I: 401bc0
    I: 401bc4
    I: 401bc6
    I: 401bc9
    I: 401bcb
    I: 401bcd
    I: 401bd0
    I: 401bd3
    I: 401bd7
    I: 401bda
    I: 401bdd
    I: 401be0
    I: 401be3
    I: 401be6
    I: 401be9
    I: 401bec
    I: 401bee
    I: 401bf0
    I: 401bf2 (flow 401bfd)
      Successors: 401bf8, 401bfd
  BB: 40278b in func 401990 with 1 insts
    I: 40278b (flow 40210a)
      Successors: 40210a
  BB: 40218e in func 401990 with 1 insts
    I: 40218e (flow 40278b)
      Successors: 40278b
  BB: 401990 in func 401990 with 5 insts
    Referenced by data
    I: 401990
    I: 401991
    I: 401994
    I: 401998
    I: 40199f (flow 4015f0)
      Successors: 4019a4
  BB: 402391 in func 401990 with 1 insts
    I: 402391 (flow 402477)
      Successors: 402477
  BB: 402790 in func 401990 with 9 insts
    I: 402790
    I: 402794 (disp 413bf0)
    I: 40279b
    I: 40279f (disp 413bf0)
    I: 4027a6
    I: 4027a8
    I: 4027aa
    I: 4027ac
    I: 4027af (flow 402220)
      Successors: 402220
  BB: 402193 in func 401990 with 3 insts
    I: 402193
    I: 402196
    I: 402198 (flow 4021a3)
      Successors: 4021a3, 40219e
  BB: 402396 in func 401990 with 36 insts
    I: 402396 (imm 418a2c)
    I: 40239d
    I: 40239f (imm 418a3c)
    I: 4023a6
    I: 4023a8
    I: 4023aa
    I: 4023b0
    I: 4023b3
    I: 4023b9
    I: 4023bc
    I: 4023bf
    I: 4023c2
    I: 4023c6
    I: 4023c9
    I: 4023cd
    I: 4023d0
    I: 4023d3
    I: 4023d6
    I: 4023da
    I: 4023dc
    I: 4023df
    I: 4023e1
    I: 4023e3
    I: 4023e6
    I: 4023e9
    I: 4023ed
    I: 4023f0
    I: 4023f3
    I: 4023f6
    I: 4023f9
    I: 4023fc
    I: 4023ff
    I: 402402
    I: 402404
    I: 402406
    I: 402408 (flow 402413)
      Successors: 402413, 40240e
  BB: 40219e in func 401990 with 1 insts
    I: 40219e (flow 4024b5)
      Successors: 4024b5
  BB: 4021a3 in func 401990 with 36 insts
    I: 4021a3 (imm 418a2c)
    I: 4021aa
    I: 4021ac (imm 418a3c)
    I: 4021b3
    I: 4021b5
    I: 4021b7
    I: 4021bd
    I: 4021c0
    I: 4021c6
    I: 4021c9
    I: 4021cc
    I: 4021cf
    I: 4021d3
    I: 4021d6
    I: 4021da
    I: 4021dd
    I: 4021e0
    I: 4021e3
    I: 4021e7
    I: 4021e9
    I: 4021ec
    I: 4021ee
    I: 4021f0
    I: 4021f3
    I: 4021f6
    I: 4021fa
    I: 4021fd
    I: 402200
    I: 402203
    I: 402206
    I: 402209
    I: 40220c
    I: 40220f
    I: 402211
    I: 402213
    I: 402215 (flow 402220)
      Successors: 402220, 40221b
  BB: 4019a4 in func 401990 with 20 insts
    I: 4019a4 (imm 418a2c)
    I: 4019ab
    I: 4019ad (imm 418a3c)
    I: 4019b4
    I: 4019b6
    I: 4019b8
    I: 4019be
    I: 4019c1
    I: 4019c7
    I: 4019ca
    I: 4019cd
    I: 4019d0
    I: 4019d3
    I: 4019d6
    I: 4019d9
    I: 4019db
    I: 4019dd
    I: 4019df
    I: 4019e1
    I: 4019e3 (flow 4019ee)
      Successors: 4019e9, 4019ee
  BB: 4027b4 in func 401990 with 1 insts
    I: 4027b4 (flow 402330)
      Successors: 402330
  BB: 4025b6 in func 401990 with 1 insts
    I: 4025b6 (flow 4027d8)
      Successors: 4027d8
  BB: 4027b9 in func 401990 with 7 insts
    I: 4027b9
    I: 4027bc
    I: 4027bf
    I: 4027c4
    I: 4027c6
    I: 4027cb
    I: 4027ce (flow 402413)
      Successors: 402413
  BB: 401fba in func 401990 with 1 insts
    I: 401fba (flow 402772)
      Successors: 402772
  BB: 4025bb in func 401990 with 25 insts
    I: 4025bb
    I: 4025be
    I: 4025c3
    I: 4025c6
    I: 4025cb
    I: 4025ce (imm 418a2c)
    I: 4025d5
    I: 4025d7 (imm 418a3c)
    I: 4025de
    I: 4025e0
    I: 4025e2
    I: 4025e8
    I: 4025eb
    I: 4025f1
    I: 4025f4
    I: 4025f7
    I: 4025fa
    I: 4025fd
    I: 402600
    I: 402603
    I: 402605
    I: 402607
    I: 402609
    I: 40260b
    I: 40260d (flow 402618)
      Successors: 402618, 402613
  BB: 401fbf in func 401990 with 45 insts
    I: 401fbf
    I: 401fc3 (disp 407850)
    I: 401fca
    I: 401fcb
    I: 401fce
    I: 401fd1
    I: 401fd5 (disp 4114d0)
    I: 401fdd
    I: 401fe0
    I: 401fe3 (imm 418a2c)
    I: 401fea
    I: 401fec (imm 418a3c)
    I: 401ff3
    I: 401ff5
    I: 401ff7
    I: 401ffd
    I: 402000
    I: 402006
    I: 402009
    I: 40200c
    I: 40200f
    I: 402013
    I: 402016
    I: 40201a
    I: 40201d
    I: 402020
    I: 402023
    I: 402027
    I: 402029
    I: 40202c
    I: 40202e
    I: 402030
    I: 402033
    I: 402036
    I: 40203a
    I: 40203d
    I: 402040
    I: 402043
    I: 402046
    I: 402049
    I: 40204c
    I: 40204f
    I: 402051
    I: 402053
    I: 402055 (flow 402060)
      Successors: 402060, 40205b
  BB: 401dc6 in func 401990 with 1 insts
    I: 401dc6 (flow 402748)
      Successors: 402748
  BB: 401dcb in func 401990 with 1 insts
    I: 401dcb (flow 401cb0)
      Successors: 401cb0
  BB: 401dd0 in func 401990 with 20 insts
    I: 401dd0 (imm 418a2c)
    I: 401dd7
    I: 401dd9 (imm 418a3c)
    I: 401de0
    I: 401de2
    I: 401de4
    I: 401dea
    I: 401ded
    I: 401df3
    I: 401df6
    I: 401df9
    I: 401dfc
    I: 401dff
    I: 401e02
    I: 401e05
    I: 401e07
    I: 401e09
    I: 401e0b
    I: 401e0d
    I: 401e0f (flow 401e1a)
      Successors: 401e1a, 401e15
  BB: 4027d3 in func 401990 with 1 insts
    I: 4027d3 (flow 40252a)
      Successors: 40252a
  BB: 4027d8 in func 401990 with 6 insts
    I: 4027d8
    I: 4027db
    I: 4027e0
    I: 4027e3
    I: 4027e8
    I: 4027eb (flow 4025bb)
      Successors: 4025bb
  BB: 4019e9 in func 401990 with 1 insts
    I: 4019e9 (flow 4026fd)
      Successors: 4026fd
  BB: 4019ee in func 401990 with 41 insts
    I: 4019ee (flow 401150)
    I: 4019f3
    I: 4019f6
    I: 4019f9
    I: 4019fc
    I: 4019ff (imm 418a2c)
    I: 401a06
    I: 401a08 (imm 418a3c)
    I: 401a0f
    I: 401a11
    I: 401a13
    I: 401a19
    I: 401a1c
    I: 401a22
    I: 401a25
    I: 401a28
    I: 401a2b
    I: 401a2f
    I: 401a32
    I: 401a36
    I: 401a39
    I: 401a3c
    I: 401a3f
    I: 401a43
    I: 401a45
    I: 401a48
    I: 401a4a
    I: 401a4c
    I: 401a4f
    I: 401a52
    I: 401a56
    I: 401a59
    I: 401a5c
    I: 401a5f
    I: 401a62
    I: 401a65
    I: 401a68
    I: 401a6b
    I: 401a6d
    I: 401a6f
    I: 401a71 (flow 401a7c)
      Successors: 401a7c, 401a77
  BB: 4027f0 in func 401990 with 2 insts
    I: 4027f0
    I: 4027f7 (flow 40265f)
      Successors: 40265f
  BB: 401bf8 in func 401990 with 1 insts
    I: 401bf8 (flow 402730)
      Successors: 402730
  BB: 401bfd in func 401990 with 44 insts
    I: 401bfd
    I: 401c00
    I: 401c05
    I: 401c08
    I: 401c0d
    I: 401c10
    I: 401c13
    I: 401c16
    I: 401c19 (imm 418a2c)
    I: 401c20
    I: 401c22 (imm 418a3c)
    I: 401c29
    I: 401c2b
    I: 401c2d
    I: 401c33
    I: 401c36
    I: 401c3c
    I: 401c3f
    I: 401c42
    I: 401c45
    I: 401c49
    I: 401c4c
    I: 401c50
    I: 401c53
    I: 401c56
    I: 401c59
    I: 401c5d
    I: 401c5f
    I: 401c62
    I: 401c64
    I: 401c66
    I: 401c69
    I: 401c6c
    I: 401c70
    I: 401c73
    I: 401c76
    I: 401c79
    I: 401c7c
    I: 401c7f
    I: 401c82
    I: 401c85
    I: 401c87
    I: 401c89
    I: 401c8b (flow 401c96)
      Successors: 401c91, 401c96
Recovering .term_proc at 4027fc
  Analysing subroutine .term_proc at 4027fc
    Block head at 00402809 is not code.
  Subroutine .term_proc at 4027fc has 1 blocks
  BB: 4027fc in func 4027fc with 4 insts
    I: 4027fc
    I: 402800
    I: 402804
    I: 402808
      No successors
Global Variable None
WARNING: Global constructor and destructor sections are adjacent!
Recovering region LOAD [400000, 400500) in segment LOAD
  8-byte reference at 400018 to 401060 (start)
  8-byte reference at 4000f8 to 401000 (.init_proc)
  8-byte reference at 400130 to 403000 ()
  8-byte reference at 400168 to 404de8 ()
  8-byte reference at 400280 to 403004 ()
  8-byte reference at 4002f0 to 404de8 ()
Recovering region .init [401000, 40101b) in segment .init
Recovering region LOAD [40101b, 401020) in segment LOAD
Recovering region .plt [401020, 401060) in segment .plt
  4-byte reference at 40102c to 401f0f ()
Recovering region .text [401060, 4027fc) in segment .text
Recovering region .fini [4027fc, 402809) in segment .fini
Recovering region .rodata [403000, 403004) in segment .rodata
Recovering region .eh_frame_hdr [403004, 403048) in segment .eh_frame_hdr
Recovering region .eh_frame [403048, 403144) in segment .eh_frame
Recovering region LOAD [403144, 403188) in segment LOAD
Recovering region .init_array [404de8, 404df8) in segment .init_array
  8-byte reference at 404de8 to 401140 ()
  8-byte reference at 404df0 to 401110 ()
Recovering region LOAD [404df8, 404fd8) in segment LOAD
Recovering region .got [404fd8, 404fe8) in segment .got
  8-byte reference at 404fd8 to 418a50 (__libc_start_main)
  8-byte reference at 404fe0 to 418a68 (__gmon_start__)
Recovering region .got.plt [404fe8, 405018) in segment .got.plt
  8-byte reference at 405000 to 418a48 (putchar)
  8-byte reference at 405008 to 418a58 (memset)
  8-byte reference at 405010 to 418a60 (getchar)
Recovering region LOAD [405018, 405020) in segment LOAD
Recovering region .data [405020, 4050f0) in segment .data
Recovering region .bss [4050f0, 418a48) in segment .bss
Recovering extern function putchar at 401030
Recovering extern function memset at 401040
Recovering extern function getchar at 401050
Recovering extern function putchar at 418a48
Recovering extern function __libc_start_main at 418a50
Recovering extern function memset at 418a58
Recovering extern function getchar at 418a60
Recovering extern function __gmon_start__ at 418a68
Recovered 11 functions.
Saving to: /home/ubuntu/capstone_project/result/pipeline_20260629_141746/s634430882_bcf_instsub.cfg
Done analysis!
