Debugging is enabled.
Loading Standard Definitions file: /home/ubuntu/capstone_project/dependency/mcsema/mcsema/lib/python3/site-packages/mcsema_disass-3.1.3.8-py3.8.egg/mcsema_disass/defs/linux.txt
Using Batch mode.
Starting analysis
Recovering module s634430882_fla.elf
Found main at 401650
Looking for instructions in segment .init
  Default block heads for function 401000 with loose bounds [401000, 40101b)
    block [401000, 401014)
    block [401014, 401016)
    block [401016, 40101b)
    chunk [401000, 40101b)
Looking for instructions in segment .plt
  Default block heads for function 401020 with loose bounds [401020, 40102c)
    block [401020, 40102c)
    chunk [401020, 40102c)
  Default block heads for function 401030 with loose bounds [401030, 401036)
    block [401030, 401036)
    chunk [401030, 401036)
  Default block heads for function 401040 with loose bounds [401040, 401046)
    block [401040, 401046)
    chunk [401040, 401046)
  Default block heads for function 401050 with loose bounds [401050, 401056)
    block [401050, 401056)
    chunk [401050, 401056)
Looking for instructions in segment .text
  Default block heads for function 401060 with loose bounds [401060, 401086)
    block [401060, 401086)
    chunk [401060, 401086)
  Default block heads for function 4010a0 with loose bounds [4010a0, 4010c1)
    block [4010a0, 4010ad)
    block [4010ad, 4010b7)
    block [4010b7, 4010be)
    block [4010c0, 4010c1)
    chunk [4010a0, 4010c1)
  Default block heads for function 401110 with loose bounds [401110, 401131)
    block [401110, 40111d)
    block [40111d, 40112f)
    block [401130, 401131)
    chunk [401110, 401131)
  Default block heads for function 401140 with loose bounds [401140, 401146)
    block [401140, 401146)
    chunk [401140, 401146)
    chunk [4010d0, 401101)
  Default block heads for function 401150 with loose bounds [401150, 4011f9)
    block [401150, 40116e)
    block [40116e, 40117f)
    block [40117f, 401184)
    block [401184, 401192)
    block [401192, 401197)
    block [401197, 4011a5)
    block [4011a5, 4011aa)
    block [4011aa, 4011af)
    block [4011af, 4011d2)
    block [4011d2, 4011eb)
    block [4011eb, 4011f4)
    block [4011f4, 4011f9)
    chunk [401150, 4011f9)
  Default block heads for function 401200 with loose bounds [401200, 401405)
    block [401200, 401223)
    block [401223, 401234)
    block [401234, 401239)
    block [401239, 401247)
    block [401247, 40124c)
    block [40124c, 40125a)
    block [40125a, 40125f)
    block [40125f, 40126d)
    block [40126d, 401272)
    block [401272, 401280)
    block [401280, 401285)
    block [401285, 401293)
    block [401293, 401298)
    block [401298, 4012a6)
    block [4012a6, 4012ab)
    block [4012ab, 4012b9)
    block [4012b9, 4012be)
    block [4012be, 4012cc)
    block [4012cc, 4012d1)
    block [4012d1, 4012df)
    block [4012df, 4012e4)
    block [4012e4, 4012e9)
    block [4012e9, 401304)
    block [401304, 40132d)
    block [40132d, 401339)
    block [401339, 401352)
    block [401352, 401398)
    block [401398, 4013a4)
    block [4013a4, 4013ba)
    block [4013ba, 4013dd)
    block [4013dd, 4013fa)
    block [4013fa, 401400)
    block [401400, 401405)
    chunk [401200, 401405)
  Default block heads for function 401410 with loose bounds [401410, 401648)
    block [401410, 401422)
    block [401422, 401433)
    block [401433, 401438)
    block [401438, 401446)
    block [401446, 40144b)
    block [40144b, 401459)
    block [401459, 40145e)
    block [40145e, 40146c)
    block [40146c, 401471)
    block [401471, 40147f)
    block [40147f, 401484)
    block [401484, 401492)
    block [401492, 401497)
    block [401497, 4014a5)
    block [4014a5, 4014aa)
    block [4014aa, 4014b8)
    block [4014b8, 4014bd)
    block [4014bd, 4014cb)
    block [4014cb, 4014d0)
    block [4014d0, 4014de)
    block [4014de, 4014e3)
    block [4014e3, 4014f1)
    block [4014f1, 4014f6)
    block [4014f6, 401504)
    block [401504, 401509)
    block [401509, 40150e)
    block [40150e, 401527)
    block [401527, 40154f)
    block [40154f, 40156b)
    block [40156b, 401583)
    block [401583, 401598)
    block [401598, 4015a4)
    block [4015a4, 4015b9)
    block [4015b9, 4015de)
    block [4015de, 4015fa)
    block [4015fa, 401623)
    block [401623, 401641)
    block [401641, 401643)
    block [401643, 401648)
    chunk [401410, 401648)
  Default block heads for function 401650 with loose bounds [401650, 401cfa)
    block [401650, 40166b)
    block [40166b, 40167c)
    block [40167c, 401681)
    block [401681, 40168f)
    block [40168f, 401694)
    block [401694, 4016a2)
    block [4016a2, 4016a7)
    block [4016a7, 4016b5)
    block [4016b5, 4016ba)
    block [4016ba, 4016c8)
    block [4016c8, 4016cd)
    block [4016cd, 4016db)
    block [4016db, 4016e0)
    block [4016e0, 4016ee)
    block [4016ee, 4016f3)
    block [4016f3, 401701)
    block [401701, 401706)
    block [401706, 401714)
    block [401714, 401719)
    block [401719, 401727)
    block [401727, 40172c)
    block [40172c, 40173a)
    block [40173a, 40173f)
    block [40173f, 40174d)
    block [40174d, 401752)
    block [401752, 401760)
    block [401760, 401765)
    block [401765, 401773)
    block [401773, 401778)
    block [401778, 401786)
    block [401786, 40178b)
    block [40178b, 401799)
    block [401799, 40179e)
    block [40179e, 4017ac)
    block [4017ac, 4017b1)
    block [4017b1, 4017bf)
    block [4017bf, 4017c4)
    block [4017c4, 4017d2)
    block [4017d2, 4017d7)
    block [4017d7, 4017e5)
    block [4017e5, 4017ea)
    block [4017ea, 4017f8)
    block [4017f8, 4017fd)
    block [4017fd, 40180b)
    block [40180b, 401810)
    block [401810, 40181e)
    block [40181e, 401823)
    block [401823, 401831)
    block [401831, 401836)
    block [401836, 401844)
    block [401844, 401849)
    block [401849, 401857)
    block [401857, 40185c)
    block [40185c, 40186a)
    block [40186a, 40186f)
    block [40186f, 40187d)
    block [40187d, 401882)
    block [401882, 401890)
    block [401890, 401895)
    block [401895, 4018a3)
    block [4018a3, 4018a8)
    block [4018a8, 4018b6)
    block [4018b6, 4018bb)
    block [4018bb, 4018c9)
    block [4018c9, 4018ce)
    block [4018ce, 4018dc)
    block [4018dc, 4018e1)
    block [4018e1, 4018ef)
    block [4018ef, 4018f4)
    block [4018f4, 401902)
    block [401902, 401907)
    block [401907, 401915)
    block [401915, 40191a)
    block [40191a, 40191f)
    block [40191f, 401941)
    block [401941, 40196b)
    block [40196b, 401989)
    block [401989, 4019aa)
    block [4019aa, 4019cb)
    block [4019cb, 4019e1)
    block [4019e1, 401a04)
    block [401a04, 401a21)
    block [401a21, 401a37)
    block [401a37, 401a43)
    block [401a43, 401a89)
    block [401a89, 401aa4)
    block [401aa4, 401ad7)
    block [401ad7, 401b06)
    block [401b06, 401b12)
    block [401b12, 401b27)
    block [401b27, 401b3a)
    block [401b3a, 401b55)
    block [401b55, 401b68)
    block [401b68, 401b83)
    block [401b83, 401bb4)
    block [401bb4, 401bcd)
    block [401bcd, 401be2)
    block [401be2, 401bfd)
    block [401bfd, 401c12)
    block [401c12, 401c33)
    block [401c33, 401c3f)
    block [401c3f, 401c54)
    block [401c54, 401c60)
    block [401c60, 401c75)
    block [401c75, 401c88)
    block [401c88, 401ca3)
    block [401ca3, 401ccc)
    block [401ccc, 401ce1)
    block [401ce1, 401ced)
    block [401ced, 401cf5)
    block [401cf5, 401cfa)
    chunk [401650, 401cfa)
Looking for instructions in segment .fini
  Default block heads for function 401cfc with loose bounds [401cfc, 401d09)
    block [401cfc, 401d09)
    chunk [401cfc, 401d09)
Looking for strings in segment .rodata [402000, 402004)
Looking for strings in segment .eh_frame_hdr [402004, 402048)
Looking for strings in segment .eh_frame [402048, 402144)
Looking for strings in segment .init_array [403de8, 403df0)
Looking for strings in segment .fini_array [403df0, 403df8)
Looking for strings in segment .got [403fd8, 403fe8)
Looking for strings in segment .got.plt [403fe8, 404018)
Looking for strings in segment .data [404020, 4040f0)
Looking for strings in segment .bss [4040f0, 417a28)
Looking for strings in segment extern [417a28, 417a50)
Looking for cross-references in segment .init [401000, 40101b)
Looking for cross-references in segment .plt [401020, 401060)
  Stopping scan at 40102c
Looking for cross-references in segment .text [401060, 401cfa)
  Stopping scan at 40108c
  Stopping scan at 40109c
  Stopping scan at ffffffffffffffff
  Stopping scan at 4010cc
  Stopping scan at 40110c
  Stopping scan at ffffffffffffffff
  Stopping scan at 40113c
  Stopping scan at 40114c
  Stopping scan at 4011fc
  Stopping scan at 40140c
  Stopping scan at 40164c
Looking for cross-references in segment .fini [401cfc, 401d09)
Looking for cross-references in segment .rodata [402000, 402004)
  Stopping scan at 402000
Looking for cross-references in segment .eh_frame_hdr [402004, 402048)
  Stopping scan at 402044
Looking for cross-references in segment .eh_frame [402048, 402144)
  Stopping scan at 402140
Looking for cross-references in segment .init_array [403de8, 403df0)
  Adding qword reference from 403de8 to 401140
  Stopping scan at 403de8
Looking for cross-references in segment .fini_array [403df0, 403df8)
  Adding qword reference from 403df0 to 401110
  Stopping scan at 403df0
Looking for cross-references in segment .got [403fd8, 403fe8)
  Adding qword reference from 403fd8 to 417a30
  Adding qword reference from 403fe0 to 417a48
  Stopping scan at 403fe0
Looking for cross-references in segment .got.plt [403fe8, 404018)
  Adding qword reference from 404000 to 417a28
  Adding qword reference from 404008 to 417a38
  Adding qword reference from 404010 to 417a40
  Stopping scan at 404010
Looking for cross-references in segment .data [404020, 4040f0)
  Stopping scan at 4040ec
Looking for cross-references in segment .bss [4040f0, 417a28)
  Stopping scan at 417a24
Looking for cross-references in segment extern [417a28, 417a50)
  Stopping scan at 417a4c
Looking for thunks
  Found thunk for putchar targeting 417a28 at 401030
  Found thunk for memset targeting 417a38 at 401040
  Found thunk for getchar targeting 417a40 at 401050
Looking for external symbols
  Function at 401030 is the external function putchar
  Function at 401040 is the external function memset
  Function at 401050 is the external function getchar
  Function at 417a28 is the external function putchar
  Function at 417a30 is the external function __libc_start_main
  Function at 417a38 is the external function memset
  Function at 417a40 is the external function getchar
  Function at 417a48 is the external function __gmon_start__
Looking for entrypoints
Recovering .init_proc at 401000
  Analysing subroutine .init_proc at 401000
    Block head at 0040101b is not code.
  Subroutine .init_proc at 401000 has 3 blocks
  BB: 401000 in func 401000 with 5 insts
    Referenced by data
    I: 401000
    I: 401004
    I: 401008 (mem 403fe0)
    I: 40100f
    I: 401012 (flow 401016)
      Successors: 401014, 401016
  BB: 401014 in func 401000 with 1 insts
    I: 401014
      Successors: 401016
  BB: 401016 in func 401000 with 2 insts
    I: 401016
    I: 40101a
      No successors
Recovering 401020
  Analysing subroutine sub_401020 at 401020
  WARNING: No table entries for indirect jump at 401026; Adding next_ea 40102c as successor.
  Subroutine sub_401020 at 401020 has 2 blocks
  WARNING: No table entries for indirect jump at 401026; Adding next_ea 40102c as successor.
  BB: 401020 in func 401020 with 2 insts
    I: 401020 (mem 403ff0)
    I: 401026 (mem 403ff8)
      Successors: 40102c
  BB: 40102c in func 401020 with 1 insts
    I: 40102c
      No successors
Recovering start at 401060
  Analysing subroutine start at 401060
  Subroutine start at 401060 has 3 blocks
  BB: 401060 in func 401060 with 13 insts
    Referenced by data
    I: 401060
    I: 401064
    I: 401066
    I: 401069
    I: 40106a
    I: 40106d
    I: 401071
    I: 401072
    I: 401073
    I: 401076
    I: 401078 (imm 401650)
    I: 40107f (mem 403fd8)
    I: 401085
      No successors
  BB: 401095 in func 401060 with 2 insts
    I: 401095
    I: 40109f
      No successors
  BB: 401086 in func 401060 with 3 insts
    I: 401086
    I: 401090
    I: 401094
      No successors
Recovering 4010a0
  Analysing subroutine sub_4010A0 at 4010a0
  WARNING: No table entries for indirect jump at 4010bc; Adding next_ea 4010be as successor.
  WARNING: No table entries for indirect jump at 4010fe; Adding next_ea 401100 as successor.
  Subroutine sub_4010A0 at 4010a0 has 11 blocks
  BB: 4010a0 in func 4010a0 with 3 insts
    I: 4010a0 (imm 4040f0)
    I: 4010a5 (imm 4040f0)
    I: 4010ab (flow 4010c0)
      Successors: 4010c0, 4010ad
  BB: 4010c0 in func 4010a0 with 1 insts
    I: 4010c0
      No successors
  BB: 4010c1 in func 4010a0 with 2 insts
    I: 4010c1
    I: 4010c5
      Successors: 4010d0
  BB: 401100 in func 4010a0 with 1 insts
    I: 401100
      No successors
  BB: 401101 in func 4010a0 with 2 insts
    I: 401101
    I: 401105
      No successors
  BB: 4010ad in func 4010a0 with 3 insts
    I: 4010ad
    I: 4010b2
    I: 4010b5 (flow 4010c0)
      Successors: 4010c0, 4010b7
  BB: 4010ef in func 4010a0 with 3 insts
    I: 4010ef
    I: 4010f4
    I: 4010f7 (flow 401100)
      Successors: 401100, 4010f9
  BB: 4010d0 in func 4010a0 with 8 insts
    I: 4010d0 (imm 4040f0)
    I: 4010d5 (imm 4040f0)
    I: 4010dc
    I: 4010df
    I: 4010e3
    I: 4010e7
    I: 4010ea
    I: 4010ed (flow 401100)
      Successors: 401100, 4010ef
  WARNING: No table entries for indirect jump at 4010bc; Adding next_ea 4010be as successor.
  BB: 4010b7 in func 4010a0 with 2 insts
    I: 4010b7 (imm 4040f0)
    I: 4010bc
      Successors: 4010be
  WARNING: No table entries for indirect jump at 4010fe; Adding next_ea 401100 as successor.
  BB: 4010f9 in func 4010a0 with 2 insts
    I: 4010f9 (imm 4040f0)
    I: 4010fe
      Successors: 401100
  BB: 4010be in func 4010a0 with 1 insts
    I: 4010be
      Successors: 4010c0
Recovering 401110
  Analysing subroutine sub_401110 at 401110
  Subroutine sub_401110 at 401110 has 5 blocks
  BB: 40112f in func 401110 with 1 insts
    I: 40112f
      Successors: 401130
  BB: 401110 in func 401110 with 3 insts
    Referenced by data
    I: 401110
    I: 401114 (mem 4040f0)
    I: 40111b (flow 401130)
      Successors: 401130, 40111d
  BB: 401131 in func 401110 with 2 insts
    I: 401131
    I: 401135
      No successors
  BB: 401130 in func 401110 with 1 insts
    I: 401130
      No successors
  BB: 40111d in func 401110 with 6 insts
    I: 40111d
    I: 40111e
    I: 401121 (flow 4010a0)
    I: 401126 (mem 4040f0)
    I: 40112d
    I: 40112e
      No successors
Recovering 401140
  Analysing subroutine sub_401140 at 401140
  WARNING: No table entries for indirect jump at 4010fe; Adding next_ea 401100 as successor.
  Subroutine sub_401140 at 401140 has 6 blocks
  BB: 401140 in func 401140 with 2 insts
    Referenced by data
    I: 401140
    I: 401144 (flow 4010d0)
      Successors: 4010d0
  BB: 401100 in func 401140 with 1 insts
    I: 401100
      No successors
  BB: 401146 in func 401140 with 1 insts
    I: 401146
      No successors
  BB: 4010ef in func 401140 with 3 insts
    I: 4010ef
    I: 4010f4
    I: 4010f7 (flow 401100)
      Successors: 401100, 4010f9
  BB: 4010d0 in func 401140 with 8 insts
    I: 4010d0 (imm 4040f0)
    I: 4010d5 (imm 4040f0)
    I: 4010dc
    I: 4010df
    I: 4010e3
    I: 4010e7
    I: 4010ea
    I: 4010ed (flow 401100)
      Successors: 401100, 4010ef
  WARNING: No table entries for indirect jump at 4010fe; Adding next_ea 401100 as successor.
  BB: 4010f9 in func 401140 with 2 insts
    I: 4010f9 (imm 4040f0)
    I: 4010fe
      Successors: 401100
Recovering 401150
  Analysing subroutine sub_401150 at 401150
  Subroutine sub_401150 at 401150 has 13 blocks
  BB: 401184 in func 401150 with 3 insts
    I: 401184
    I: 401187
    I: 40118c (flow 4011af)
      Successors: 401192, 4011af
  BB: 4011a5 in func 401150 with 1 insts
    I: 4011a5 (flow 4011aa)
      Successors: 4011aa
  BB: 4011aa in func 401150 with 1 insts
    I: 4011aa (flow 4011f4)
      Successors: 4011f4
  BB: 4011eb in func 401150 with 4 insts
    I: 4011eb
    I: 4011ee
    I: 4011f2
    I: 4011f3
      No successors
  BB: 40116e in func 401150 with 4 insts
    I: 40116e
    I: 401171
    I: 401174
    I: 401179 (flow 4011eb)
      Successors: 4011eb, 40117f
  BB: 4011af in func 401150 with 9 insts
    I: 4011af
    I: 4011b3
    I: 4011b6
    I: 4011b9
    I: 4011bb
    I: 4011be (flow 417a40)
    I: 4011c3
    I: 4011c6
    I: 4011cd (flow 4011f4)
      Successors: 4011f4
  BB: 401150 in func 401150 with 7 insts
    I: 401150
    I: 401151
    I: 401154
    I: 401158
    I: 40115f (flow 417a40)
    I: 401164
    I: 401167
      Successors: 40116e
  BB: 401192 in func 401150 with 1 insts
    I: 401192 (flow 401197)
      Successors: 401197
  BB: 4011d2 in func 401150 with 6 insts
    I: 4011d2
    I: 4011d7
    I: 4011dc
    I: 4011e0
    I: 4011e3
    I: 4011e6 (flow 4011f4)
      Successors: 4011f4
  BB: 4011f4 in func 401150 with 1 insts
    I: 4011f4 (flow 40116e)
      Successors: 40116e
  BB: 401197 in func 401150 with 3 insts
    I: 401197
    I: 40119a
    I: 40119f (flow 4011d2)
      Successors: 4011d2, 4011a5
  BB: 4011f9 in func 401150 with 1 insts
    I: 4011f9
      No successors
  BB: 40117f in func 401150 with 1 insts
    I: 40117f (flow 401184)
      Successors: 401184
Recovering 401200
  Analysing subroutine sub_401200 at 401200
  Subroutine sub_401200 at 401200 has 34 blocks
  BB: 401200 in func 401200 with 8 insts
    I: 401200
    I: 401201
    I: 401204
    I: 401208
    I: 40120b (mem 404100)
    I: 401216
    I: 401219
    I: 40121c
      Successors: 401223
  BB: 401400 in func 401200 with 1 insts
    I: 401400 (flow 401223)
      Successors: 401223
  BB: 401280 in func 401200 with 1 insts
    I: 401280 (flow 401285)
      Successors: 401285
  BB: 401304 in func 401200 with 8 insts
    I: 401304 (mem 404100)
    I: 40130b
    I: 40130d
    I: 401310 (mem 404100)
    I: 401317
    I: 401319 (disp 404110)
    I: 401321
    I: 401328 (flow 401400)
      Successors: 401400
  BB: 401285 in func 401200 with 3 insts
    I: 401285
    I: 401288
    I: 40128d (flow 40132d)
      Successors: 401293, 40132d
  BB: 401405 in func 401200 with 2 insts
    I: 401405
    I: 40140f
      No successors
  BB: 401293 in func 401200 with 1 insts
    I: 401293 (flow 401298)
      Successors: 401298
  BB: 401398 in func 401200 with 2 insts
    I: 401398
    I: 40139f (flow 401400)
      Successors: 401400
  BB: 401298 in func 401200 with 3 insts
    I: 401298
    I: 40129b
    I: 4012a0 (flow 4013a4)
      Successors: 4013a4, 4012a6
  BB: 401223 in func 401200 with 4 insts
    I: 401223
    I: 401226
    I: 401229
    I: 40122e (flow 401304)
      Successors: 401234, 401304
  BB: 4013a4 in func 401200 with 4 insts
    I: 4013a4 (mem 404100)
    I: 4013ab
    I: 4013ae
    I: 4013b5 (flow 401400)
      Successors: 401400
  BB: 4012a6 in func 401200 with 1 insts
    I: 4012a6 (flow 4012ab)
      Successors: 4012ab
  BB: 4012ab in func 401200 with 3 insts
    I: 4012ab
    I: 4012ae
    I: 4012b3 (flow 4013ba)
      Successors: 4012b9, 4013ba
  BB: 40132d in func 401200 with 2 insts
    I: 40132d
    I: 401334 (flow 401400)
      Successors: 401400
  BB: 401234 in func 401200 with 1 insts
    I: 401234 (flow 401239)
      Successors: 401239
  BB: 401239 in func 401200 with 3 insts
    I: 401239
    I: 40123c
    I: 401241 (flow 401352)
      Successors: 401352, 401247
  BB: 401339 in func 401200 with 6 insts
    I: 401339
    I: 40133e
    I: 401343
    I: 401347
    I: 40134a
    I: 40134d (flow 401400)
      Successors: 401400
  BB: 4012b9 in func 401200 with 1 insts
    I: 4012b9 (flow 4012be)
      Successors: 4012be
  BB: 4013ba in func 401200 with 10 insts
    I: 4013ba
    I: 4013bd
    I: 4013bf
    I: 4013c2
    I: 4013c5
    I: 4013ca
    I: 4013cf
    I: 4013d2
    I: 4013d5
    I: 4013d8 (flow 401400)
      Successors: 401400
  BB: 4012be in func 401200 with 3 insts
    I: 4012be
    I: 4012c1
    I: 4012c6 (flow 4013fa)
      Successors: 4013fa, 4012cc
  BB: 401247 in func 401200 with 1 insts
    I: 401247 (flow 40124c)
      Successors: 40124c
  BB: 40124c in func 401200 with 3 insts
    I: 40124c
    I: 40124f
    I: 401254 (flow 401398)
      Successors: 401398, 40125a
  BB: 4012cc in func 401200 with 1 insts
    I: 4012cc (flow 4012d1)
      Successors: 4012d1
  BB: 4012d1 in func 401200 with 3 insts
    I: 4012d1
    I: 4012d4
    I: 4012d9 (flow 4013dd)
      Successors: 4013dd, 4012df
  BB: 401352 in func 401200 with 19 insts
    I: 401352
    I: 401355
    I: 40135a
    I: 40135b
    I: 40135d
    I: 401360
    I: 401362 (mem 404100)
    I: 401369
    I: 40136b
    I: 40136e (mem 404100)
    I: 401375
    I: 401377 (disp 404110)
    I: 40137e
    I: 401381
    I: 401386
    I: 401387
    I: 401389
    I: 40138c
    I: 401393 (flow 401400)
      Successors: 401400
  BB: 40125a in func 401200 with 1 insts
    I: 40125a (flow 40125f)
      Successors: 40125f
  BB: 4013dd in func 401200 with 5 insts
    I: 4013dd
    I: 4013e1 (disp 404110)
    I: 4013e9 (flow 417a28)
    I: 4013ee
    I: 4013f5 (flow 401400)
      Successors: 401400
  BB: 40125f in func 401200 with 3 insts
    I: 40125f
    I: 401262
    I: 401267 (flow 401339)
      Successors: 401339, 40126d
  BB: 4012df in func 401200 with 1 insts
    I: 4012df (flow 4012e4)
      Successors: 4012e4
  BB: 4012e4 in func 401200 with 1 insts
    I: 4012e4 (flow 401400)
      Successors: 401400
  BB: 4012e9 in func 401200 with 7 insts
    I: 4012e9
    I: 4012ec
    I: 4012f1
    I: 4012f6
    I: 4012f9
    I: 4012fc
    I: 4012ff (flow 401400)
      Successors: 401400
  BB: 40126d in func 401200 with 1 insts
    I: 40126d (flow 401272)
      Successors: 401272
  BB: 401272 in func 401200 with 3 insts
    I: 401272
    I: 401275
    I: 40127a (flow 4012e9)
      Successors: 401280, 4012e9
  BB: 4013fa in func 401200 with 3 insts
    I: 4013fa
    I: 4013fe
    I: 4013ff
      No successors
Recovering 401410
  Analysing subroutine sub_401410 at 401410
  Subroutine sub_401410 at 401410 has 40 blocks
  BB: 401583 in func 401410 with 5 insts
    I: 401583
    I: 401586
    I: 401589
    I: 40158c
    I: 401593 (flow 401643)
      Successors: 401643
  BB: 401484 in func 401410 with 3 insts
    I: 401484
    I: 401487
    I: 40148c (flow 401527)
      Successors: 401492, 401527
  BB: 401504 in func 401410 with 1 insts
    I: 401504 (flow 401509)
      Successors: 401509
  BB: 401509 in func 401410 with 1 insts
    I: 401509 (flow 401643)
      Successors: 401643
  BB: 40150e in func 401410 with 6 insts
    I: 40150e
    I: 401513
    I: 401518
    I: 40151c
    I: 40151f
    I: 401522 (flow 401643)
      Successors: 401643
  BB: 401410 in func 401410 with 4 insts
    I: 401410
    I: 401411
    I: 401414
    I: 40141b
      Successors: 401422
  BB: 401492 in func 401410 with 1 insts
    I: 401492 (flow 401497)
      Successors: 401497
  BB: 401497 in func 401410 with 3 insts
    I: 401497
    I: 40149a
    I: 40149f (flow 401598)
      Successors: 401598, 4014a5
  BB: 401598 in func 401410 with 2 insts
    I: 401598
    I: 40159f (flow 401643)
      Successors: 401643
  BB: 401422 in func 401410 with 4 insts
    I: 401422
    I: 401425
    I: 401428
    I: 40142d (flow 4015de)
      Successors: 401433, 4015de
  BB: 401623 in func 401410 with 8 insts
    I: 401623
    I: 401626
    I: 401629
    I: 40162c
    I: 40162f
    I: 401632
    I: 401635
    I: 40163c (flow 401643)
      Successors: 401643
  BB: 4015a4 in func 401410 with 5 insts
    I: 4015a4
    I: 4015a7
    I: 4015aa
    I: 4015ad
    I: 4015b4 (flow 401643)
      Successors: 401643
  BB: 4014a5 in func 401410 with 1 insts
    I: 4014a5 (flow 4014aa)
      Successors: 4014aa
  BB: 401527 in func 401410 with 8 insts
    I: 401527
    I: 40152b (disp 404030)
    I: 401532
    I: 401535
    I: 401539 (disp 404090)
    I: 401540
    I: 401543
    I: 40154a (flow 401643)
      Successors: 401643
  BB: 4014aa in func 401410 with 3 insts
    I: 4014aa
    I: 4014ad
    I: 4014b2 (flow 401623)
      Successors: 4014b8, 401623
  BB: 401433 in func 401410 with 1 insts
    I: 401433 (flow 401438)
      Successors: 401438
  BB: 401438 in func 401410 with 3 insts
    I: 401438
    I: 40143b
    I: 401440 (flow 40156b)
      Successors: 40156b, 401446
  BB: 4015b9 in func 401410 with 5 insts
    I: 4015b9 (mem 406854)
    I: 4015c4
    I: 4015cb
    I: 4015d2
    I: 4015d9 (flow 401643)
      Successors: 401643
  BB: 4014b8 in func 401410 with 1 insts
    I: 4014b8 (flow 4014bd)
      Successors: 4014bd
  BB: 4014bd in func 401410 with 3 insts
    I: 4014bd
    I: 4014c0
    I: 4014c5 (flow 4015a4)
      Successors: 4014cb, 4015a4
  BB: 401641 in func 401410 with 2 insts
    I: 401641
    I: 401642
      No successors
  BB: 401643 in func 401410 with 1 insts
    I: 401643 (flow 401422)
      Successors: 401422
  BB: 401446 in func 401410 with 1 insts
    I: 401446 (flow 40144b)
      Successors: 40144b
  BB: 401648 in func 401410 with 1 insts
    I: 401648
      No successors
  BB: 40144b in func 401410 with 3 insts
    I: 40144b
    I: 40144e
    I: 401453 (flow 4015fa)
      Successors: 401459, 4015fa
  BB: 4014cb in func 401410 with 1 insts
    I: 4014cb (flow 4014d0)
      Successors: 4014d0
  BB: 40154f in func 401410 with 6 insts
    I: 40154f
    I: 401554
    I: 401559
    I: 401560
    I: 401563
    I: 401566 (flow 401643)
      Successors: 401643
  BB: 4014d0 in func 401410 with 3 insts
    I: 4014d0
    I: 4014d3
    I: 4014d8 (flow 40154f)
      Successors: 4014de, 40154f
  BB: 401459 in func 401410 with 1 insts
    I: 401459 (flow 40145e)
      Successors: 40145e
  BB: 40145e in func 401410 with 3 insts
    I: 40145e
    I: 401461
    I: 401466 (flow 401583)
      Successors: 401583, 40146c
  BB: 4014de in func 401410 with 1 insts
    I: 4014de (flow 4014e3)
      Successors: 4014e3
  BB: 4015de in func 401410 with 6 insts
    I: 4015de
    I: 4015e3
    I: 4015e8
    I: 4015ef
    I: 4015f2
    I: 4015f5 (flow 401643)
      Successors: 401643
  BB: 4014e3 in func 401410 with 3 insts
    I: 4014e3
    I: 4014e6
    I: 4014eb (flow 4015b9)
      Successors: 4014f1, 4015b9
  BB: 40156b in func 401410 with 4 insts
    I: 40156b
    I: 40156f (disp 404130)
    I: 401577
    I: 40157e (flow 401643)
      Successors: 401643
  BB: 40146c in func 401410 with 1 insts
    I: 40146c (flow 401471)
      Successors: 401471
  BB: 401471 in func 401410 with 3 insts
    I: 401471
    I: 401474
    I: 401479 (flow 40150e)
      Successors: 40150e, 40147f
  BB: 4014f1 in func 401410 with 1 insts
    I: 4014f1 (flow 4014f6)
      Successors: 4014f6
  BB: 4014f6 in func 401410 with 3 insts
    I: 4014f6
    I: 4014f9
    I: 4014fe (flow 401641)
      Successors: 401641, 401504
  BB: 4015fa in func 401410 with 9 insts
    I: 4015fa
    I: 4015fd
    I: 401600
    I: 401602 (disp 406850)
    I: 401609
    I: 40160c
    I: 401610 (disp 406850)
    I: 401617
    I: 40161e (flow 401643)
      Successors: 401643
  BB: 40147f in func 401410 with 1 insts
    I: 40147f (flow 401484)
      Successors: 401484
Recovering main at 401650
  Analysing subroutine main at 401650
    Block head at 00401cfa is not code.
  Subroutine main at 401650 has 111 blocks
  BB: 401a04 in func 401650 with 5 insts
    I: 401a04
    I: 401a08 (disp 404110)
    I: 401a10 (flow 417a28)
    I: 401a15
    I: 401a1c (flow 401cf5)
      Successors: 401cf5
  BB: 40180b in func 401650 with 1 insts
    I: 40180b (flow 401810)
      Successors: 401810
  BB: 401810 in func 401650 with 3 insts
    I: 401810
    I: 401813
    I: 401818 (flow 401b68)
      Successors: 401b68, 40181e
  BB: 401c12 in func 401650 with 6 insts
    I: 401c12
    I: 401c16 (disp 40b690)
    I: 401c1d
    I: 401c20 (disp 40b690)
    I: 401c27
    I: 401c2e (flow 401cf5)
      Successors: 401cf5
  BB: 40181e in func 401650 with 1 insts
    I: 40181e (flow 401823)
      Successors: 401823
  BB: 401a21 in func 401650 with 4 insts
    I: 401a21
    I: 401a26 (flow 417a28)
    I: 401a2b
    I: 401a32 (flow 401cf5)
      Successors: 401cf5
  BB: 401823 in func 401650 with 3 insts
    I: 401823
    I: 401826
    I: 40182b (flow 401941)
      Successors: 401941, 401831
  BB: 401831 in func 401650 with 1 insts
    I: 401831 (flow 401836)
      Successors: 401836
  BB: 401c33 in func 401650 with 2 insts
    I: 401c33
    I: 401c3a (flow 401cf5)
      Successors: 401cf5
  BB: 401836 in func 401650 with 3 insts
    I: 401836
    I: 401839
    I: 40183e (flow 401b12)
      Successors: 401b12, 401844
  BB: 401a37 in func 401650 with 2 insts
    I: 401a37
    I: 401a3e (flow 401cf5)
      Successors: 401cf5
  BB: 401c3f in func 401650 with 5 insts
    I: 401c3f
    I: 401c42
    I: 401c45
    I: 401c48
    I: 401c4f (flow 401cf5)
      Successors: 401cf5
  BB: 401a43 in func 401650 with 12 insts
    I: 401a43 (imm 40b690)
    I: 401a4d
    I: 401a4f
    I: 401a54 (flow 417a38)
    I: 401a59 (imm 4104d0)
    I: 401a63
    I: 401a65
    I: 401a6a (flow 417a38)
    I: 401a6f
    I: 401a76
    I: 401a7d
    I: 401a84 (flow 401cf5)
      Successors: 401cf5
  BB: 401844 in func 401650 with 1 insts
    I: 401844 (flow 401849)
      Successors: 401849
  BB: 401849 in func 401650 with 3 insts
    I: 401849
    I: 40184c
    I: 401851 (flow 401a43)
      Successors: 401a43, 401857
  BB: 401650 in func 401650 with 6 insts
    Referenced by data
    I: 401650
    I: 401651
    I: 401654
    I: 401658
    I: 40165f (flow 401410)
    I: 401664
      Successors: 40166b
  BB: 401c54 in func 401650 with 2 insts
    I: 401c54
    I: 401c5b (flow 401cf5)
      Successors: 401cf5
  BB: 401857 in func 401650 with 1 insts
    I: 401857 (flow 40185c)
      Successors: 40185c
  BB: 40185c in func 401650 with 3 insts
    I: 40185c
    I: 40185f
    I: 401864 (flow 401b83)
      Successors: 40186a, 401b83
  BB: 401c60 in func 401650 with 5 insts
    I: 401c60
    I: 401c63
    I: 401c66
    I: 401c69
    I: 401c70 (flow 401cf5)
      Successors: 401cf5
  BB: 40186a in func 401650 with 1 insts
    I: 40186a (flow 40186f)
      Successors: 40186f
  BB: 40166b in func 401650 with 4 insts
    I: 40166b
    I: 40166e
    I: 401671
    I: 401676 (flow 401ad7)
      Successors: 40167c, 401ad7
  BB: 40186f in func 401650 with 3 insts
    I: 40186f
    I: 401872
    I: 401877 (flow 4019aa)
      Successors: 4019aa, 40187d
  BB: 401c75 in func 401650 with 3 insts
    I: 401c75
    I: 401c7c
    I: 401c83 (flow 401cf5)
      Successors: 401cf5
  BB: 40167c in func 401650 with 1 insts
    I: 40167c (flow 401681)
      Successors: 401681
  BB: 40187d in func 401650 with 1 insts
    I: 40187d (flow 401882)
      Successors: 401882
  BB: 401681 in func 401650 with 3 insts
    I: 401681
    I: 401684
    I: 401689 (flow 401bb4)
      Successors: 401bb4, 40168f
  BB: 401882 in func 401650 with 3 insts
    I: 401882
    I: 401885
    I: 40188a (flow 401c54)
      Successors: 401890, 401c54
  BB: 401c88 in func 401650 with 7 insts
    I: 401c88
    I: 401c8b
    I: 401c90
    I: 401c95
    I: 401c98
    I: 401c9b
    I: 401c9e (flow 401cf5)
      Successors: 401cf5
  BB: 401a89 in func 401650 with 7 insts
    I: 401a89
    I: 401a8c
    I: 401a91
    I: 401a96
    I: 401a99
    I: 401a9c
    I: 401a9f (flow 401cf5)
      Successors: 401cf5
  BB: 40168f in func 401650 with 1 insts
    I: 40168f (flow 401694)
      Successors: 401694
  BB: 401890 in func 401650 with 1 insts
    I: 401890 (flow 401895)
      Successors: 401895
  BB: 401694 in func 401650 with 3 insts
    I: 401694
    I: 401697
    I: 40169c (flow 401bcd)
      Successors: 4016a2, 401bcd
  BB: 401895 in func 401650 with 3 insts
    I: 401895
    I: 401898
    I: 40189d (flow 40196b)
      Successors: 4018a3, 40196b
  BB: 4016a2 in func 401650 with 1 insts
    I: 4016a2 (flow 4016a7)
      Successors: 4016a7
  BB: 4018a3 in func 401650 with 1 insts
    I: 4018a3 (flow 4018a8)
      Successors: 4018a8
  BB: 401aa4 in func 401650 with 12 insts
    I: 401aa4
    I: 401aa8 (disp 406850)
    I: 401aaf
    I: 401ab0
    I: 401ab3
    I: 401ab6
    I: 401aba
    I: 401abf
    I: 401ac4 (disp 4104d0)
    I: 401acc
    I: 401acf
    I: 401ad2 (flow 401cf5)
      Successors: 401cf5
  BB: 401ca3 in func 401650 with 8 insts
    I: 401ca3
    I: 401ca7 (disp 40b690)
    I: 401cae
    I: 401cb1 (flow 401200)
    I: 401cb6
    I: 401cbb (flow 417a28)
    I: 401cc0
    I: 401cc7 (flow 401cf5)
      Successors: 401cf5
  BB: 4016a7 in func 401650 with 3 insts
    I: 4016a7
    I: 4016aa
    I: 4016af (flow 40191f)
      Successors: 4016b5, 40191f
  BB: 4018a8 in func 401650 with 3 insts
    I: 4018a8
    I: 4018ab
    I: 4018b0 (flow 401a04)
      Successors: 401a04, 4018b6
  BB: 4017fd in func 401650 with 3 insts
    I: 4017fd
    I: 401800
    I: 401805 (flow 401a89)
      Successors: 401a89, 40180b
  BB: 4016b5 in func 401650 with 1 insts
    I: 4016b5 (flow 4016ba)
      Successors: 4016ba
  BB: 4018b6 in func 401650 with 1 insts
    I: 4018b6 (flow 4018bb)
      Successors: 4018bb
  BB: 4016ba in func 401650 with 3 insts
    I: 4016ba
    I: 4016bd
    I: 4016c2 (flow 401be2)
      Successors: 4016c8, 401be2
  BB: 4018bb in func 401650 with 3 insts
    I: 4018bb
    I: 4018be
    I: 4018c3 (flow 401aa4)
      Successors: 4018c9, 401aa4
  BB: 4016c8 in func 401650 with 1 insts
    I: 4016c8 (flow 4016cd)
      Successors: 4016cd
  BB: 4018c9 in func 401650 with 1 insts
    I: 4018c9 (flow 4018ce)
      Successors: 4018ce
  BB: 401ccc in func 401650 with 5 insts
    I: 401ccc
    I: 401ccf
    I: 401cd2
    I: 401cd5
    I: 401cdc (flow 401cf5)
      Successors: 401cf5
  BB: 4016cd in func 401650 with 3 insts
    I: 4016cd
    I: 4016d0
    I: 4016d5 (flow 401c12)
      Successors: 401c12, 4016db
  BB: 4018ce in func 401650 with 3 insts
    I: 4018ce
    I: 4018d1
    I: 4018d6 (flow 401bfd)
      Successors: 4018dc, 401bfd
  BB: 401ad7 in func 401650 with 11 insts
    I: 401ad7
    I: 401adb (disp 4104d0)
    I: 401ae3
    I: 401ae6
    I: 401ae9
    I: 401aeb
    I: 401aee
    I: 401af1
    I: 401af3 (disp 412bf0)
    I: 401afa
    I: 401b01 (flow 401cf5)
      Successors: 401cf5
  BB: 4016db in func 401650 with 1 insts
    I: 4016db (flow 4016e0)
      Successors: 4016e0
  BB: 4018dc in func 401650 with 1 insts
    I: 4018dc (flow 4018e1)
      Successors: 4018e1
  BB: 4016e0 in func 401650 with 3 insts
    I: 4016e0
    I: 4016e3
    I: 4016e8 (flow 401c88)
      Successors: 401c88, 4016ee
  BB: 4018e1 in func 401650 with 3 insts
    I: 4018e1
    I: 4018e4
    I: 4018e9 (flow 401ce1)
      Successors: 401ce1, 4018ef
  BB: 401ce1 in func 401650 with 2 insts
    I: 401ce1
    I: 401ce8 (flow 401cf5)
      Successors: 401cf5
  BB: 401ced in func 401650 with 4 insts
    I: 401ced
    I: 401cef
    I: 401cf3
    I: 401cf4
      No successors
  BB: 4016ee in func 401650 with 1 insts
    I: 4016ee (flow 4016f3)
      Successors: 4016f3
  BB: 4018ef in func 401650 with 1 insts
    I: 4018ef (flow 4018f4)
      Successors: 4018f4
  BB: 4016f3 in func 401650 with 3 insts
    I: 4016f3
    I: 4016f6
    I: 4016fb (flow 4019e1)
      Successors: 401701, 4019e1
  BB: 4018f4 in func 401650 with 3 insts
    I: 4018f4
    I: 4018f7
    I: 4018fc (flow 401989)
      Successors: 401989, 401902
  BB: 401cf5 in func 401650 with 1 insts
    I: 401cf5 (flow 40166b)
      Successors: 40166b
  BB: 401701 in func 401650 with 1 insts
    I: 401701 (flow 401706)
      Successors: 401706
  BB: 401902 in func 401650 with 1 insts
    I: 401902 (flow 401907)
      Successors: 401907
  BB: 401706 in func 401650 with 3 insts
    I: 401706
    I: 401709
    I: 40170e (flow 401a37)
      Successors: 401714, 401a37
  BB: 401907 in func 401650 with 3 insts
    I: 401907
    I: 40190a
    I: 40190f (flow 401b27)
      Successors: 401915, 401b27
  BB: 401b06 in func 401650 with 2 insts
    I: 401b06
    I: 401b0d (flow 401cf5)
      Successors: 401cf5
  BB: 401b12 in func 401650 with 5 insts
    I: 401b12
    I: 401b15
    I: 401b18
    I: 401b1b
    I: 401b22 (flow 401cf5)
      Successors: 401cf5
  BB: 401714 in func 401650 with 1 insts
    I: 401714 (flow 401719)
      Successors: 401719
  BB: 401915 in func 401650 with 1 insts
    I: 401915 (flow 40191a)
      Successors: 40191a
  BB: 401719 in func 401650 with 3 insts
    I: 401719
    I: 40171c
    I: 401721 (flow 401c33)
      Successors: 401c33, 401727
  BB: 40191a in func 401650 with 1 insts
    I: 40191a (flow 401cf5)
      Successors: 401cf5
  BB: 40191f in func 401650 with 9 insts
    I: 40191f (flow 401150)
    I: 401924
    I: 401926
    I: 401929
    I: 40192e
    I: 401933
    I: 401936
    I: 401939
    I: 40193c (flow 401cf5)
      Successors: 401cf5
  BB: 401727 in func 401650 with 1 insts
    I: 401727 (flow 40172c)
      Successors: 40172c
  BB: 401b27 in func 401650 with 3 insts
    I: 401b27
    I: 401b2e
    I: 401b35 (flow 401cf5)
      Successors: 401cf5
  BB: 40172c in func 401650 with 3 insts
    I: 40172c
    I: 40172f
    I: 401734 (flow 401c75)
      Successors: 40173a, 401c75
  BB: 40173a in func 401650 with 1 insts
    I: 40173a (flow 40173f)
      Successors: 40173f
  BB: 401b3a in func 401650 with 7 insts
    I: 401b3a
    I: 401b3d
    I: 401b42
    I: 401b47
    I: 401b4a
    I: 401b4d
    I: 401b50 (flow 401cf5)
      Successors: 401cf5
  BB: 40173f in func 401650 with 3 insts
    I: 40173f
    I: 401742
    I: 401747 (flow 401b06)
      Successors: 40174d, 401b06
  BB: 401941 in func 401650 with 10 insts
    I: 401941
    I: 401944
    I: 401947
    I: 40194a
    I: 40194e
    I: 401953
    I: 401958 (disp 404130)
    I: 401960
    I: 401963
    I: 401966 (flow 401cf5)
      Successors: 401cf5
  BB: 40174d in func 401650 with 1 insts
    I: 40174d (flow 401752)
      Successors: 401752
  BB: 401752 in func 401650 with 3 insts
    I: 401752
    I: 401755
    I: 40175a (flow 401b55)
      Successors: 401760, 401b55
  BB: 401b55 in func 401650 with 3 insts
    I: 401b55
    I: 401b5c
    I: 401b63 (flow 401cf5)
      Successors: 401cf5
  BB: 401760 in func 401650 with 1 insts
    I: 401760 (flow 401765)
      Successors: 401765
  BB: 401765 in func 401650 with 3 insts
    I: 401765
    I: 401768
    I: 40176d (flow 401ca3)
      Successors: 401773, 401ca3
  BB: 401b68 in func 401650 with 7 insts
    I: 401b68
    I: 401b6b
    I: 401b70
    I: 401b75
    I: 401b78
    I: 401b7b
    I: 401b7e (flow 401cf5)
      Successors: 401cf5
  BB: 40196b in func 401650 with 8 insts
    I: 40196b
    I: 40196e
    I: 401971
    I: 401976
    I: 40197b
    I: 40197e
    I: 401981
    I: 401984 (flow 401cf5)
      Successors: 401cf5
  BB: 401773 in func 401650 with 1 insts
    I: 401773 (flow 401778)
      Successors: 401778
  BB: 401778 in func 401650 with 3 insts
    I: 401778
    I: 40177b
    I: 401780 (flow 401c60)
      Successors: 401c60, 401786
  BB: 401b83 in func 401650 with 11 insts
    I: 401b83
    I: 401b87 (disp 412bf0)
    I: 401b8e
    I: 401b92 (disp 412bf0)
    I: 401b99
    I: 401b9c
    I: 401ba1
    I: 401ba6
    I: 401ba9
    I: 401bac
    I: 401baf (flow 401cf5)
      Successors: 401cf5
  BB: 401786 in func 401650 with 1 insts
    I: 401786 (flow 40178b)
      Successors: 40178b
  BB: 401989 in func 401650 with 7 insts
    I: 401989
    I: 40198c
    I: 40198f (flow 401200)
    I: 401994
    I: 401999 (flow 417a28)
    I: 40199e
    I: 4019a5 (flow 401cf5)
      Successors: 401cf5
  BB: 40178b in func 401650 with 3 insts
    I: 40178b
    I: 40178e
    I: 401793 (flow 401b3a)
      Successors: 401799, 401b3a
  BB: 401799 in func 401650 with 1 insts
    I: 401799 (flow 40179e)
      Successors: 40179e
  BB: 40179e in func 401650 with 3 insts
    I: 40179e
    I: 4017a1
    I: 4017a6 (flow 401ccc)
      Successors: 401ccc, 4017ac
  BB: 4019aa in func 401650 with 9 insts
    I: 4019aa
    I: 4019ad
    I: 4019b0
    I: 4019b3
    I: 4019b8
    I: 4019bd
    I: 4019c0
    I: 4019c3
    I: 4019c6 (flow 401cf5)
      Successors: 401cf5
  BB: 4017ac in func 401650 with 1 insts
    I: 4017ac (flow 4017b1)
      Successors: 4017b1
  BB: 4017b1 in func 401650 with 3 insts
    I: 4017b1
    I: 4017b4
    I: 4017b9 (flow 401ced)
      Successors: 401ced, 4017bf
  BB: 401bb4 in func 401650 with 6 insts
    I: 401bb4
    I: 401bb9
    I: 401bbe
    I: 401bc2
    I: 401bc5
    I: 401bc8 (flow 401cf5)
      Successors: 401cf5
  BB: 4017bf in func 401650 with 1 insts
    I: 4017bf (flow 4017c4)
      Successors: 4017c4
  BB: 4017c4 in func 401650 with 3 insts
    I: 4017c4
    I: 4017c7
    I: 4017cc (flow 4019cb)
      Successors: 4017d2, 4019cb
  BB: 4019cb in func 401650 with 4 insts
    I: 4019cb (mem 404100)
    I: 4019d2
    I: 4019d5
    I: 4019dc (flow 401cf5)
      Successors: 401cf5
  BB: 401bcd in func 401650 with 5 insts
    I: 401bcd
    I: 401bd0
    I: 401bd3
    I: 401bd6
    I: 401bdd (flow 401cf5)
      Successors: 401cf5
  BB: 4017d2 in func 401650 with 1 insts
    I: 4017d2 (flow 4017d7)
      Successors: 4017d7
  BB: 4017d7 in func 401650 with 3 insts
    I: 4017d7
    I: 4017da
    I: 4017df (flow 401c3f)
      Successors: 4017e5, 401c3f
  BB: 4019e1 in func 401650 with 10 insts
    I: 4019e1
    I: 4019e4
    I: 4019e6
    I: 4019e9
    I: 4019ec
    I: 4019f1
    I: 4019f6
    I: 4019f9
    I: 4019fc
    I: 4019ff (flow 401cf5)
      Successors: 401cf5
  BB: 401be2 in func 401650 with 7 insts
    I: 401be2
    I: 401be5
    I: 401bea
    I: 401bef
    I: 401bf2
    I: 401bf5
    I: 401bf8 (flow 401cf5)
      Successors: 401cf5
  BB: 4017e5 in func 401650 with 1 insts
    I: 4017e5 (flow 4017ea)
      Successors: 4017ea
  BB: 4017ea in func 401650 with 3 insts
    I: 4017ea
    I: 4017ed
    I: 4017f2 (flow 401a21)
      Successors: 4017f8, 401a21
  BB: 4017f8 in func 401650 with 1 insts
    I: 4017f8 (flow 4017fd)
      Successors: 4017fd
  BB: 401bfd in func 401650 with 5 insts
    I: 401bfd
    I: 401c00
    I: 401c03
    I: 401c06
    I: 401c0d (flow 401cf5)
      Successors: 401cf5
Recovering .term_proc at 401cfc
  Analysing subroutine .term_proc at 401cfc
    Block head at 00401d09 is not code.
  Subroutine .term_proc at 401cfc has 1 blocks
  BB: 401cfc in func 401cfc with 4 insts
    I: 401cfc
    I: 401d00
    I: 401d04
    I: 401d08
      No successors
Global Variable None
WARNING: Global constructor and destructor sections are adjacent!
Recovering region LOAD [400000, 400500) in segment LOAD
  8-byte reference at 400018 to 401060 (start)
  8-byte reference at 4000f8 to 401000 (.init_proc)
  8-byte reference at 400130 to 402000 ()
  8-byte reference at 400168 to 403de8 ()
  8-byte reference at 400280 to 402004 ()
  8-byte reference at 4002f0 to 403de8 ()
Recovering region .init [401000, 40101b) in segment .init
Recovering region LOAD [40101b, 401020) in segment LOAD
Recovering region .plt [401020, 401060) in segment .plt
Recovering region .text [401060, 401cfa) in segment .text
Recovering region LOAD [401cfa, 401cfc) in segment LOAD
Recovering region .fini [401cfc, 401d09) in segment .fini
Recovering region .rodata [402000, 402004) in segment .rodata
Recovering region .eh_frame_hdr [402004, 402048) in segment .eh_frame_hdr
Recovering region .eh_frame [402048, 402144) in segment .eh_frame
Recovering region LOAD [402144, 402188) in segment LOAD
Recovering region .init_array [403de8, 403df8) in segment .init_array
  8-byte reference at 403de8 to 401140 ()
  8-byte reference at 403df0 to 401110 ()
Recovering region LOAD [403df8, 403fd8) in segment LOAD
Recovering region .got [403fd8, 403fe8) in segment .got
  8-byte reference at 403fd8 to 417a30 (__libc_start_main)
  8-byte reference at 403fe0 to 417a48 (__gmon_start__)
Recovering region .got.plt [403fe8, 404018) in segment .got.plt
  8-byte reference at 404000 to 417a28 (putchar)
  8-byte reference at 404008 to 417a38 (memset)
  8-byte reference at 404010 to 417a40 (getchar)
Recovering region LOAD [404018, 404020) in segment LOAD
Recovering region .data [404020, 4040f0) in segment .data
Recovering region .bss [4040f0, 417a28) in segment .bss
Recovering extern function putchar at 401030
Recovering extern function memset at 401040
Recovering extern function getchar at 401050
Recovering extern function putchar at 417a28
Recovering extern function __libc_start_main at 417a30
Recovering extern function memset at 417a38
Recovering extern function getchar at 417a40
Recovering extern function __gmon_start__ at 417a48
Recovered 11 functions.
Saving to: /home/ubuntu/capstone_project/result/pipeline_20260629_141746/s634430882_fla.cfg
Done analysis!
