Debugging is enabled.
Loading Standard Definitions file: /home/ubuntu/capstone_project/dependency/mcsema/mcsema/lib/python3/site-packages/mcsema_disass-3.1.3.8-py3.8.egg/mcsema_disass/defs/linux.txt
Using Batch mode.
Starting analysis
Recovering module s736900082_fla_bcf.elf
Found main at 402f00
Looking for instructions in segment .init
  Default block heads for function 401000 with loose bounds [401000, 40101b)
    block [401000, 401014)
    block [401014, 401016)
    block [401016, 40101b)
    chunk [401000, 40101b)
Looking for instructions in segment .plt
  Default block heads for function 401020 with loose bounds [401020, 40102c)
    block [401020, 40102c)
    chunk [401020, 40102c)
  Default block heads for function 401030 with loose bounds [401030, 401036)
    block [401030, 401036)
    chunk [401030, 401036)
  Default block heads for function 401040 with loose bounds [401040, 401046)
    block [401040, 401046)
    chunk [401040, 401046)
  Default block heads for function 401050 with loose bounds [401050, 401056)
    block [401050, 401056)
    chunk [401050, 401056)
  Default block heads for function 401060 with loose bounds [401060, 401066)
    block [401060, 401066)
    chunk [401060, 401066)
  Default block heads for function 401070 with loose bounds [401070, 401076)
    block [401070, 401076)
    chunk [401070, 401076)
  Default block heads for function 401080 with loose bounds [401080, 401086)
    block [401080, 401086)
    chunk [401080, 401086)
Looking for instructions in segment .text
  Default block heads for function 401090 with loose bounds [401090, 4010b6)
    block [401090, 4010b6)
    chunk [401090, 4010b6)
  Default block heads for function 4010d0 with loose bounds [4010d0, 4010f1)
    block [4010d0, 4010dd)
    block [4010dd, 4010e7)
    block [4010e7, 4010ee)
    block [4010f0, 4010f1)
    chunk [4010d0, 4010f1)
  Default block heads for function 401140 with loose bounds [401140, 401161)
    block [401140, 40114d)
    block [40114d, 40115f)
    block [401160, 401161)
    chunk [401140, 401161)
  Default block heads for function 401170 with loose bounds [401170, 401176)
    block [401170, 401176)
    chunk [401170, 401176)
    chunk [401100, 401131)
  Default block heads for function 401180 with loose bounds [401180, 401527)
    block [401180, 4011b5)
    block [4011b5, 4011c6)
    block [4011c6, 4011cb)
    block [4011cb, 4011d9)
    block [4011d9, 4011de)
    block [4011de, 4011ec)
    block [4011ec, 4011f1)
    block [4011f1, 4011ff)
    block [4011ff, 401204)
    block [401204, 401212)
    block [401212, 401217)
    block [401217, 401225)
    block [401225, 40122a)
    block [40122a, 401238)
    block [401238, 40123d)
    block [40123d, 40124b)
    block [40124b, 401250)
    block [401250, 40125e)
    block [40125e, 401263)
    block [401263, 401271)
    block [401271, 401276)
    block [401276, 401284)
    block [401284, 401289)
    block [401289, 401297)
    block [401297, 40129c)
    block [40129c, 4012aa)
    block [4012aa, 4012af)
    block [4012af, 4012bd)
    block [4012bd, 4012c2)
    block [4012c2, 4012d0)
    block [4012d0, 4012d5)
    block [4012d5, 4012da)
    block [4012da, 4012f7)
    block [4012f7, 40130a)
    block [40130a, 40134d)
    block [40134d, 4013a4)
    block [4013a4, 4013bf)
    block [4013bf, 4013d2)
    block [4013d2, 401415)
    block [401415, 40145f)
    block [40145f, 40146b)
    block [40146b, 4014ae)
    block [4014ae, 4014f7)
    block [4014f7, 4014fc)
    block [4014fc, 401508)
    block [401508, 40151b)
    block [40151b, 401522)
    block [401522, 401527)
    chunk [401180, 401527)
  Default block heads for function 401530 with loose bounds [401530, 4017bd)
    block [401530, 401557)
    block [401557, 401568)
    block [401568, 40156d)
    block [40156d, 40157b)
    block [40157b, 401580)
    block [401580, 40158e)
    block [40158e, 401593)
    block [401593, 4015a1)
    block [4015a1, 4015a6)
    block [4015a6, 4015b4)
    block [4015b4, 4015b9)
    block [4015b9, 4015c7)
    block [4015c7, 4015cc)
    block [4015cc, 4015da)
    block [4015da, 4015df)
    block [4015df, 4015e4)
    block [4015e4, 401603)
    block [401603, 401673)
    block [401673, 401688)
    block [401688, 4016cb)
    block [4016cb, 40175b)
    block [40175b, 401766)
    block [401766, 4017b8)
    block [4017b8, 4017bd)
    chunk [401530, 4017bd)
  Default block heads for function 4017c0 with loose bounds [4017c0, 402a65)
    block [4017c0, 40184c)
    block [40184c, 401863)
    block [401863, 401868)
    block [401868, 401879)
    block [401879, 40187e)
    block [40187e, 40188f)
    block [40188f, 401894)
    block [401894, 4018a5)
    block [4018a5, 4018aa)
    block [4018aa, 4018bb)
    block [4018bb, 4018c0)
    block [4018c0, 4018d1)
    block [4018d1, 4018d6)
    block [4018d6, 4018e7)
    block [4018e7, 4018ec)
    block [4018ec, 4018fd)
    block [4018fd, 401902)
    block [401902, 401913)
    block [401913, 401918)
    block [401918, 401929)
    block [401929, 40192e)
    block [40192e, 40193f)
    block [40193f, 401944)
    block [401944, 401955)
    block [401955, 40195a)
    block [40195a, 40196b)
    block [40196b, 401970)
    block [401970, 401981)
    block [401981, 401986)
    block [401986, 401997)
    block [401997, 40199c)
    block [40199c, 4019ad)
    block [4019ad, 4019b2)
    block [4019b2, 4019c3)
    block [4019c3, 4019c8)
    block [4019c8, 4019d9)
    block [4019d9, 4019de)
    block [4019de, 4019ef)
    block [4019ef, 4019f4)
    block [4019f4, 401a05)
    block [401a05, 401a0a)
    block [401a0a, 401a1b)
    block [401a1b, 401a20)
    block [401a20, 401a31)
    block [401a31, 401a36)
    block [401a36, 401a47)
    block [401a47, 401a4c)
    block [401a4c, 401a5d)
    block [401a5d, 401a62)
    block [401a62, 401a73)
    block [401a73, 401a78)
    block [401a78, 401a89)
    block [401a89, 401a8e)
    block [401a8e, 401a9f)
    block [401a9f, 401aa4)
    block [401aa4, 401ab5)
    block [401ab5, 401aba)
    block [401aba, 401acb)
    block [401acb, 401ad0)
    block [401ad0, 401ae1)
    block [401ae1, 401ae6)
    block [401ae6, 401af7)
    block [401af7, 401afc)
    block [401afc, 401b0d)
    block [401b0d, 401b12)
    block [401b12, 401b23)
    block [401b23, 401b28)
    block [401b28, 401b39)
    block [401b39, 401b3e)
    block [401b3e, 401b4f)
    block [401b4f, 401b54)
    block [401b54, 401b65)
    block [401b65, 401b6a)
    block [401b6a, 401b7b)
    block [401b7b, 401b80)
    block [401b80, 401b91)
    block [401b91, 401b96)
    block [401b96, 401ba7)
    block [401ba7, 401bac)
    block [401bac, 401bbd)
    block [401bbd, 401bc2)
    block [401bc2, 401bd3)
    block [401bd3, 401bd8)
    block [401bd8, 401be9)
    block [401be9, 401bee)
    block [401bee, 401bff)
    block [401bff, 401c04)
    block [401c04, 401c15)
    block [401c15, 401c1a)
    block [401c1a, 401c2b)
    block [401c2b, 401c30)
    block [401c30, 401c41)
    block [401c41, 401c46)
    block [401c46, 401c57)
    block [401c57, 401c5c)
    block [401c5c, 401c6d)
    block [401c6d, 401c72)
    block [401c72, 401c83)
    block [401c83, 401c88)
    block [401c88, 401c99)
    block [401c99, 401c9e)
    block [401c9e, 401caf)
    block [401caf, 401cb4)
    block [401cb4, 401cc5)
    block [401cc5, 401cca)
    block [401cca, 401cdb)
    block [401cdb, 401ce0)
    block [401ce0, 401cf1)
    block [401cf1, 401cf6)
    block [401cf6, 401d07)
    block [401d07, 401d0c)
    block [401d0c, 401d1d)
    block [401d1d, 401d22)
    block [401d22, 401d33)
    block [401d33, 401d38)
    block [401d38, 401d49)
    block [401d49, 401d4e)
    block [401d4e, 401d5f)
    block [401d5f, 401d64)
    block [401d64, 401d75)
    block [401d75, 401d7a)
    block [401d7a, 401d8b)
    block [401d8b, 401d90)
    block [401d90, 401da1)
    block [401da1, 401da6)
    block [401da6, 401db7)
    block [401db7, 401dbc)
    block [401dbc, 401dcd)
    block [401dcd, 401dd2)
    block [401dd2, 401de3)
    block [401de3, 401de8)
    block [401de8, 401df9)
    block [401df9, 401dfe)
    block [401dfe, 401e0f)
    block [401e0f, 401e14)
    block [401e14, 401e19)
    block [401e19, 401e3b)
    block [401e3b, 401e81)
    block [401e81, 401ed8)
    block [401ed8, 401ef6)
    block [401ef6, 401f3c)
    block [401f3c, 401f99)
    block [401f99, 401fa8)
    block [401fa8, 401fce)
    block [401fce, 402012)
    block [402012, 402033)
    block [402033, 402079)
    block [402079, 4020cd)
    block [4020cd, 4020eb)
    block [4020eb, 40210c)
    block [40210c, 402134)
    block [402134, 402155)
    block [402155, 402176)
    block [402176, 402185)
    block [402185, 402194)
    block [402194, 4021a3)
    block [4021a3, 4021bb)
    block [4021bb, 40223a)
    block [40223a, 402280)
    block [402280, 4022db)
    block [4022db, 4022f9)
    block [4022f9, 40231d)
    block [40231d, 402346)
    block [402346, 40236f)
    block [40236f, 4023c5)
    block [4023c5, 40240b)
    block [40240b, 402466)
    block [402466, 402475)
    block [402475, 402499)
    block [402499, 4024df)
    block [4024df, 40253a)
    block [40253a, 402549)
    block [402549, 40258f)
    block [40258f, 4025ed)
    block [4025ed, 40260b)
    block [40260b, 40262f)
    block [40262f, 402675)
    block [402675, 4026d0)
    block [4026d0, 4026df)
    block [4026df, 402725)
    block [402725, 40276b)
    block [40276b, 40277a)
    block [40277a, 4027c0)
    block [4027c0, 402806)
    block [402806, 402815)
    block [402815, 402824)
    block [402824, 40286a)
    block [40286a, 4028bf)
    block [4028bf, 4028ce)
    block [4028ce, 402916)
    block [402916, 402935)
    block [402935, 40295b)
    block [40295b, 40296a)
    block [40296a, 402990)
    block [402990, 40299f)
    block [40299f, 4029ae)
    block [4029ae, 4029d2)
    block [4029d2, 4029f6)
    block [4029f6, 402a05)
    block [402a05, 402a29)
    block [402a29, 402a38)
    block [402a38, 402a47)
    block [402a47, 402a60)
    block [402a60, 402a65)
    chunk [4017c0, 402a65)
  Default block heads for function 402a70 with loose bounds [402a70, 402ef5)
    block [402a70, 402ab3)
    block [402ab3, 402ac4)
    block [402ac4, 402ac9)
    block [402ac9, 402ad7)
    block [402ad7, 402adc)
    block [402adc, 402aea)
    block [402aea, 402aef)
    block [402aef, 402afd)
    block [402afd, 402b02)
    block [402b02, 402b10)
    block [402b10, 402b15)
    block [402b15, 402b23)
    block [402b23, 402b28)
    block [402b28, 402b36)
    block [402b36, 402b3b)
    block [402b3b, 402b49)
    block [402b49, 402b4e)
    block [402b4e, 402b5c)
    block [402b5c, 402b61)
    block [402b61, 402b6f)
    block [402b6f, 402b74)
    block [402b74, 402b82)
    block [402b82, 402b87)
    block [402b87, 402b95)
    block [402b95, 402b9a)
    block [402b9a, 402ba8)
    block [402ba8, 402bad)
    block [402bad, 402bbb)
    block [402bbb, 402bc0)
    block [402bc0, 402bce)
    block [402bce, 402bd3)
    block [402bd3, 402be1)
    block [402be1, 402be6)
    block [402be6, 402beb)
    block [402beb, 402c0b)
    block [402c0b, 402cb7)
    block [402cb7, 402cd2)
    block [402cd2, 402d15)
    block [402d15, 402d5f)
    block [402d5f, 402d6b)
    block [402d6b, 402d82)
    block [402d82, 402db6)
    block [402db6, 402dd5)
    block [402dd5, 402de1)
    block [402de1, 402e17)
    block [402e17, 402e34)
    block [402e34, 402e7a)
    block [402e7a, 402e8a)
    block [402e8a, 402ee2)
    block [402ee2, 402ef0)
    block [402ef0, 402ef5)
    chunk [402a70, 402ef5)
  Default block heads for function 402f00 with loose bounds [402f00, 403086)
    block [402f00, 402f28)
    block [402f28, 402f39)
    block [402f39, 402f3e)
    block [402f3e, 402f4c)
    block [402f4c, 402f51)
    block [402f51, 402f5f)
    block [402f5f, 402f64)
    block [402f64, 402f72)
    block [402f72, 402f77)
    block [402f77, 402f85)
    block [402f85, 402f8a)
    block [402f8a, 402f98)
    block [402f98, 402f9d)
    block [402f9d, 402fab)
    block [402fab, 402fb0)
    block [402fb0, 402fb5)
    block [402fb5, 402fd4)
    block [402fd4, 402fe0)
    block [402fe0, 403023)
    block [403023, 403066)
    block [403066, 403072)
    block [403072, 40307a)
    block [40307a, 403081)
    block [403081, 403086)
    chunk [402f00, 403086)
Looking for instructions in segment .fini
  Default block heads for function 403088 with loose bounds [403088, 403095)
    block [403088, 403095)
    chunk [403088, 403095)
Looking for strings in segment .rodata [404000, 404020)
  Found string b'%s\n' of length 4 at 404016, jumping to 40401a
  Found string b'OK' of length 3 at 40401a, jumping to 40401d
  Found string b'NA' of length 3 at 40401d, jumping to 404020
Looking for strings in segment .eh_frame_hdr [404020, 40406c)
Looking for strings in segment .eh_frame [404070, 404190)
Looking for strings in segment .init_array [405de8, 405df0)
Looking for strings in segment .fini_array [405df0, 405df8)
Looking for strings in segment .got [405fd8, 405fe8)
Looking for strings in segment .got.plt [405fe8, 406030)
Looking for strings in segment .data [406030, 406040)
Looking for strings in segment .bss [406040, 4060c0)
Looking for strings in segment extern [4060c0, 406100)
Looking for cross-references in segment .init [401000, 40101b)
Looking for cross-references in segment .plt [401020, 401090)
  Stopping scan at 40102c
Looking for cross-references in segment .text [401090, 403086)
  Stopping scan at 4010bc
  Stopping scan at 4010cc
  Stopping scan at ffffffffffffffff
  Stopping scan at 4010fc
  Stopping scan at 40113c
  Stopping scan at ffffffffffffffff
  Stopping scan at 40116c
  Stopping scan at 40117c
  Stopping scan at 40152c
  Stopping scan at ffffffffffffffff
  Stopping scan at 402a6c
  Stopping scan at 402efc
Looking for cross-references in segment .fini [403088, 403095)
Looking for cross-references in segment .rodata [404000, 404020)
  Stopping scan at 40401c
Looking for cross-references in segment .eh_frame_hdr [404020, 40406c)
  Stopping scan at 404068
Looking for cross-references in segment .eh_frame [404070, 404190)
  Stopping scan at 40418c
Looking for cross-references in segment .init_array [405de8, 405df0)
  Adding qword reference from 405de8 to 401170
  Stopping scan at 405de8
Looking for cross-references in segment .fini_array [405df0, 405df8)
  Adding qword reference from 405df0 to 401140
  Stopping scan at 405df0
Looking for cross-references in segment .got [405fd8, 405fe8)
  Adding qword reference from 405fd8 to 4060c0
  Adding qword reference from 405fe0 to 4060f8
  Stopping scan at 405fe0
Looking for cross-references in segment .got.plt [405fe8, 406030)
  Adding qword reference from 406000 to 4060c8
  Adding qword reference from 406008 to 4060d0
  Adding qword reference from 406010 to 4060d8
  Adding qword reference from 406018 to 4060e0
  Adding qword reference from 406020 to 4060e8
  Adding qword reference from 406028 to 4060f0
  Stopping scan at 406028
Looking for cross-references in segment .data [406030, 406040)
  Stopping scan at 40603c
Looking for cross-references in segment .bss [406040, 4060c0)
  Stopping scan at 4060bc
Looking for cross-references in segment extern [4060c0, 406100)
  Stopping scan at 4060fc
Looking for thunks
  Found thunk for round targeting 4060c8 at 401030
  Found thunk for qsort targeting 4060d0 at 401040
  Found thunk for abs targeting 4060d8 at 401050
  Found thunk for printf targeting 4060e0 at 401060
  Found thunk for __isoc99_scanf targeting 4060e8 at 401070
  Found thunk for sqrt targeting 4060f0 at 401080
Looking for external symbols
  Function at 401030 is the external function round
  Function at 401040 is the external function qsort
  Function at 401050 is the external function abs
  Function at 401060 is the external function printf
  Function at 401070 is the external function __isoc99_scanf
  Function at 401080 is the external function sqrt
  Function at 4060c0 is the external function __libc_start_main
  Function at 4060c8 is the external function round
  Function at 4060d0 is the external function qsort
  Function at 4060d8 is the external function abs
  Function at 4060e0 is the external function printf
  Function at 4060e8 is the external function __isoc99_scanf
  Function at 4060f0 is the external function sqrt
  Function at 4060f8 is the external function __gmon_start__
Looking for entrypoints
Recovering .init_proc at 401000
  Analysing subroutine .init_proc at 401000
    Block head at 0040101b is not code.
  Subroutine .init_proc at 401000 has 3 blocks
  BB: 401000 in func 401000 with 5 insts
    Referenced by data
    I: 401000
    I: 401004
    I: 401008 (mem 405fe0)
    I: 40100f
    I: 401012 (flow 401016)
      Successors: 401014, 401016
  BB: 401014 in func 401000 with 1 insts
    I: 401014
      Successors: 401016
  BB: 401016 in func 401000 with 2 insts
    I: 401016
    I: 40101a
      No successors
Recovering 401020
  Analysing subroutine sub_401020 at 401020
  WARNING: No table entries for indirect jump at 401026; Adding next_ea 40102c as successor.
  Subroutine sub_401020 at 401020 has 2 blocks
  WARNING: No table entries for indirect jump at 401026; Adding next_ea 40102c as successor.
  BB: 401020 in func 401020 with 2 insts
    I: 401020 (mem 405ff0)
    I: 401026 (mem 405ff8)
      Successors: 40102c
  BB: 40102c in func 401020 with 1 insts
    I: 40102c
      No successors
Recovering start at 401090
  Analysing subroutine start at 401090
  Subroutine start at 401090 has 3 blocks
  BB: 401090 in func 401090 with 13 insts
    Referenced by data
    I: 401090
    I: 401094
    I: 401096
    I: 401099
    I: 40109a
    I: 40109d
    I: 4010a1
    I: 4010a2
    I: 4010a3
    I: 4010a6
    I: 4010a8 (imm 402f00)
    I: 4010af (mem 405fd8)
    I: 4010b5
      No successors
  BB: 4010c5 in func 401090 with 2 insts
    I: 4010c5
    I: 4010cf
      No successors
  BB: 4010b6 in func 401090 with 3 insts
    I: 4010b6
    I: 4010c0
    I: 4010c4
      No successors
Recovering 4010d0
  Analysing subroutine sub_4010D0 at 4010d0
  WARNING: No table entries for indirect jump at 4010ec; Adding next_ea 4010ee as successor.
  WARNING: No table entries for indirect jump at 40112e; Adding next_ea 401130 as successor.
  Subroutine sub_4010D0 at 4010d0 has 11 blocks
  BB: 401100 in func 4010d0 with 8 insts
    I: 401100 (imm 406040)
    I: 401105 (imm 406040)
    I: 40110c
    I: 40110f
    I: 401113
    I: 401117
    I: 40111a
    I: 40111d (flow 401130)
      Successors: 401130, 40111f
  WARNING: No table entries for indirect jump at 4010ec; Adding next_ea 4010ee as successor.
  BB: 4010e7 in func 4010d0 with 2 insts
    I: 4010e7 (imm 406040)
    I: 4010ec
      Successors: 4010ee
  WARNING: No table entries for indirect jump at 40112e; Adding next_ea 401130 as successor.
  BB: 401129 in func 4010d0 with 2 insts
    I: 401129 (imm 406040)
    I: 40112e
      Successors: 401130
  BB: 4010ee in func 4010d0 with 1 insts
    I: 4010ee
      Successors: 4010f0
  BB: 4010d0 in func 4010d0 with 3 insts
    I: 4010d0 (imm 406040)
    I: 4010d5 (imm 406040)
    I: 4010db (flow 4010f0)
      Successors: 4010f0, 4010dd
  BB: 4010f0 in func 4010d0 with 1 insts
    I: 4010f0
      No successors
  BB: 4010f1 in func 4010d0 with 2 insts
    I: 4010f1
    I: 4010f5
      Successors: 401100
  BB: 401130 in func 4010d0 with 1 insts
    I: 401130
      No successors
  BB: 401131 in func 4010d0 with 2 insts
    I: 401131
    I: 401135
      No successors
  BB: 4010dd in func 4010d0 with 3 insts
    I: 4010dd
    I: 4010e2
    I: 4010e5 (flow 4010f0)
      Successors: 4010f0, 4010e7
  BB: 40111f in func 4010d0 with 3 insts
    I: 40111f
    I: 401124
    I: 401127 (flow 401130)
      Successors: 401130, 401129
Recovering 401140
  Analysing subroutine sub_401140 at 401140
  Subroutine sub_401140 at 401140 has 5 blocks
  BB: 401140 in func 401140 with 3 insts
    Referenced by data
    I: 401140
    I: 401144 (mem 406040)
    I: 40114b (flow 401160)
      Successors: 401160, 40114d
  BB: 401161 in func 401140 with 2 insts
    I: 401161
    I: 401165
      No successors
  BB: 401160 in func 401140 with 1 insts
    I: 401160
      No successors
  BB: 40114d in func 401140 with 6 insts
    I: 40114d
    I: 40114e
    I: 401151 (flow 4010d0)
    I: 401156 (mem 406040)
    I: 40115d
    I: 40115e
      No successors
  BB: 40115f in func 401140 with 1 insts
    I: 40115f
      Successors: 401160
Recovering 401170
  Analysing subroutine sub_401170 at 401170
  WARNING: No table entries for indirect jump at 40112e; Adding next_ea 401130 as successor.
  Subroutine sub_401170 at 401170 has 6 blocks
  BB: 401100 in func 401170 with 8 insts
    I: 401100 (imm 406040)
    I: 401105 (imm 406040)
    I: 40110c
    I: 40110f
    I: 401113
    I: 401117
    I: 40111a
    I: 40111d (flow 401130)
      Successors: 401130, 40111f
  WARNING: No table entries for indirect jump at 40112e; Adding next_ea 401130 as successor.
  BB: 401129 in func 401170 with 2 insts
    I: 401129 (imm 406040)
    I: 40112e
      Successors: 401130
  BB: 401170 in func 401170 with 2 insts
    Referenced by data
    I: 401170
    I: 401174 (flow 401100)
      Successors: 401100
  BB: 401130 in func 401170 with 1 insts
    I: 401130
      No successors
  BB: 401176 in func 401170 with 1 insts
    I: 401176
      No successors
  BB: 40111f in func 401170 with 3 insts
    I: 40111f
    I: 401124
    I: 401127 (flow 401130)
      Successors: 401130, 401129
Recovering compar at 401180
  Analysing subroutine compar at 401180
  Subroutine compar at 401180 has 49 blocks
  BB: 401180 in func 401180 with 15 insts
    Referenced by data
    I: 401180
    I: 401181
    I: 401184
    I: 401188
    I: 40118c
    I: 401190
    I: 401194
    I: 401198
    I: 40119c
    I: 4011a0
    I: 4011a2
    I: 4011a5
    I: 4011a9
    I: 4011ab
    I: 4011ae
      Successors: 4011b5
  BB: 401284 in func 401180 with 1 insts
    I: 401284 (flow 401289)
      Successors: 401289
  BB: 401204 in func 401180 with 3 insts
    I: 401204
    I: 401207
    I: 40120c (flow 4014ae)
      Successors: 401212, 4014ae
  BB: 401508 in func 401180 with 3 insts
    I: 401508
    I: 40150f
    I: 401516 (flow 401522)
      Successors: 401522
  BB: 401289 in func 401180 with 3 insts
    I: 401289
    I: 40128c
    I: 401291 (flow 4013d2)
      Successors: 4013d2, 401297
  BB: 40130a in func 401180 with 19 insts
    I: 40130a (imm 40609c)
    I: 401311
    I: 401313 (imm 4060b4)
    I: 40131a
    I: 40131c
    I: 40131e
    I: 401321
    I: 401324
    I: 401327
    I: 40132a
    I: 40132d
    I: 401330
    I: 401333
    I: 401335
    I: 40133a
    I: 40133f
    I: 401342
    I: 401345
    I: 401348 (flow 401522)
      Successors: 401522
  BB: 401212 in func 401180 with 1 insts
    I: 401212 (flow 401217)
      Successors: 401217
  BB: 401415 in func 401180 with 20 insts
    I: 401415
    I: 40141c (imm 40609c)
    I: 401423
    I: 401425 (imm 4060b4)
    I: 40142c
    I: 40142e
    I: 401430
    I: 401433
    I: 401436
    I: 401439
    I: 40143c
    I: 40143f
    I: 401442
    I: 401445
    I: 401447
    I: 40144c
    I: 401451
    I: 401454
    I: 401457
    I: 40145a (flow 401522)
      Successors: 401522
  BB: 401297 in func 401180 with 1 insts
    I: 401297 (flow 40129c)
      Successors: 40129c
  BB: 401217 in func 401180 with 3 insts
    I: 401217
    I: 40121a
    I: 40121f (flow 40145f)
      Successors: 401225, 40145f
  BB: 40151b in func 401180 with 1 insts
    I: 40151b
      Successors: 401522
  BB: 40129c in func 401180 with 3 insts
    I: 40129c
    I: 40129f
    I: 4012a4 (flow 4014fc)
      Successors: 4012aa, 4014fc
  BB: 401522 in func 401180 with 1 insts
    I: 401522 (flow 4011b5)
      Successors: 4011b5
  BB: 4013a4 in func 401180 with 7 insts
    I: 4013a4
    I: 4013a7
    I: 4013ac
    I: 4013b1
    I: 4013b4
    I: 4013b7
    I: 4013ba (flow 401522)
      Successors: 401522
  BB: 401225 in func 401180 with 1 insts
    I: 401225 (flow 40122a)
      Successors: 40122a
  BB: 401527 in func 401180 with 1 insts
    I: 401527
      No successors
  BB: 40122a in func 401180 with 3 insts
    I: 40122a
    I: 40122d
    I: 401232 (flow 40130a)
      Successors: 401238, 40130a
  BB: 4012aa in func 401180 with 1 insts
    I: 4012aa (flow 4012af)
      Successors: 4012af
  BB: 4014ae in func 401180 with 21 insts
    I: 4014ae
    I: 4014b1
    I: 4014b4 (imm 40609c)
    I: 4014bb
    I: 4014bd (imm 4060b4)
    I: 4014c4
    I: 4014c6
    I: 4014c8
    I: 4014cb
    I: 4014ce
    I: 4014d1
    I: 4014d4
    I: 4014d7
    I: 4014da
    I: 4014dd
    I: 4014df
    I: 4014e4
    I: 4014e9
    I: 4014ec
    I: 4014ef
    I: 4014f2 (flow 401522)
      Successors: 401522
  BB: 4012af in func 401180 with 3 insts
    I: 4012af
    I: 4012b2
    I: 4012b7 (flow 4012da)
      Successors: 4012da, 4012bd
  BB: 4011b5 in func 401180 with 4 insts
    I: 4011b5
    I: 4011b8
    I: 4011bb
    I: 4011c0 (flow 40146b)
      Successors: 40146b, 4011c6
  BB: 401238 in func 401180 with 1 insts
    I: 401238 (flow 40123d)
      Successors: 40123d
  BB: 40123d in func 401180 with 3 insts
    I: 40123d
    I: 401240
    I: 401245 (flow 401415)
      Successors: 40124b, 401415
  BB: 4012bd in func 401180 with 1 insts
    I: 4012bd (flow 4012c2)
      Successors: 4012c2
  BB: 4013bf in func 401180 with 3 insts
    I: 4013bf
    I: 4013c6
    I: 4013cd (flow 401522)
      Successors: 401522
  BB: 4012c2 in func 401180 with 3 insts
    I: 4012c2
    I: 4012c5
    I: 4012ca (flow 4012f7)
      Successors: 4012d0, 4012f7
  BB: 4011c6 in func 401180 with 1 insts
    I: 4011c6 (flow 4011cb)
      Successors: 4011cb
  BB: 4011cb in func 401180 with 3 insts
    I: 4011cb
    I: 4011ce
    I: 4011d3 (flow 4013bf)
      Successors: 4011d9, 4013bf
  BB: 40124b in func 401180 with 1 insts
    I: 40124b (flow 401250)
      Successors: 401250
  BB: 40134d in func 401180 with 26 insts
    I: 40134d
    I: 401351
    I: 401353
    I: 401357
    I: 401359
    I: 40135c
    I: 40135e
    I: 401361 (imm 40609c)
    I: 401368
    I: 40136a (imm 4060b4)
    I: 401371
    I: 401373
    I: 401375
    I: 401378
    I: 40137b
    I: 40137e
    I: 401381
    I: 401384
    I: 401387
    I: 40138a
    I: 40138c
    I: 401391
    I: 401396
    I: 401399
    I: 40139c
    I: 40139f (flow 401522)
      Successors: 401522
  BB: 401250 in func 401180 with 3 insts
    I: 401250
    I: 401253
    I: 401258 (flow 4013a4)
      Successors: 4013a4, 40125e
  BB: 4012d0 in func 401180 with 1 insts
    I: 4012d0 (flow 4012d5)
      Successors: 4012d5
  BB: 4013d2 in func 401180 with 19 insts
    I: 4013d2 (imm 40609c)
    I: 4013d9
    I: 4013db (imm 4060b4)
    I: 4013e2
    I: 4013e4
    I: 4013e6
    I: 4013e9
    I: 4013ec
    I: 4013ef
    I: 4013f2
    I: 4013f5
    I: 4013f8
    I: 4013fb
    I: 4013fd
    I: 401402
    I: 401407
    I: 40140a
    I: 40140d
    I: 401410 (flow 401522)
      Successors: 401522
  BB: 4012d5 in func 401180 with 1 insts
    I: 4012d5 (flow 401522)
      Successors: 401522
  BB: 4011d9 in func 401180 with 1 insts
    I: 4011d9 (flow 4011de)
      Successors: 4011de
  BB: 4012da in func 401180 with 8 insts
    I: 4012da
    I: 4012dd
    I: 4012e0
    I: 4012e5
    I: 4012ea
    I: 4012ec
    I: 4012ef
    I: 4012f2 (flow 401522)
      Successors: 401522
  BB: 40125e in func 401180 with 1 insts
    I: 40125e (flow 401263)
      Successors: 401263
  BB: 4011de in func 401180 with 3 insts
    I: 4011de
    I: 4011e1
    I: 4011e6 (flow 4014f7)
      Successors: 4011ec, 4014f7
  BB: 40145f in func 401180 with 2 insts
    I: 40145f
    I: 401466 (flow 401522)
      Successors: 401522
  BB: 401263 in func 401180 with 3 insts
    I: 401263
    I: 401266
    I: 40126b (flow 40151b)
      Successors: 401271, 40151b
  BB: 40146b in func 401180 with 19 insts
    I: 40146b (imm 40609c)
    I: 401472
    I: 401474 (imm 4060b4)
    I: 40147b
    I: 40147d
    I: 40147f
    I: 401482
    I: 401485
    I: 401488
    I: 40148b
    I: 40148e
    I: 401491
    I: 401494
    I: 401496
    I: 40149b
    I: 4014a0
    I: 4014a3
    I: 4014a6
    I: 4014a9 (flow 401522)
      Successors: 401522
  BB: 4011ec in func 401180 with 1 insts
    I: 4011ec (flow 4011f1)
      Successors: 4011f1
  BB: 4011f1 in func 401180 with 3 insts
    I: 4011f1
    I: 4011f4
    I: 4011f9 (flow 401508)
      Successors: 401508, 4011ff
  BB: 401271 in func 401180 with 1 insts
    I: 401271 (flow 401276)
      Successors: 401276
  BB: 401276 in func 401180 with 3 insts
    I: 401276
    I: 401279
    I: 40127e (flow 40134d)
      Successors: 401284, 40134d
  BB: 4012f7 in func 401180 with 3 insts
    I: 4012f7
    I: 4012fe
    I: 401305 (flow 401522)
      Successors: 401522
  BB: 4014f7 in func 401180 with 3 insts
    I: 4014f7
    I: 4014fa
    I: 4014fb
      No successors
  BB: 4014fc in func 401180 with 2 insts
    I: 4014fc
    I: 401503 (flow 401522)
      Successors: 401522
  BB: 4011ff in func 401180 with 1 insts
    I: 4011ff (flow 401204)
      Successors: 401204
Recovering 401530
  Analysing subroutine sub_401530 at 401530
  Subroutine sub_401530 at 401530 has 25 blocks
  BB: 401580 in func 401530 with 3 insts
    I: 401580
    I: 401583
    I: 401588 (flow 401688)
      Successors: 401688, 40158e
  BB: 401603 in func 401530 with 30 insts
    I: 401603
    I: 401607
    I: 40160a
    I: 40160d
    I: 401610
    I: 401613
    I: 401617
    I: 40161b
    I: 40161e
    I: 401621
    I: 401625
    I: 401628
    I: 40162b
    I: 40162e
    I: 401631
    I: 401635
    I: 401639
    I: 40163c (flow 4060d8)
    I: 401641
    I: 401644
    I: 401647
    I: 40164b
    I: 40164e
    I: 401652
    I: 401654
    I: 401658 (flow 4060f0)
    I: 40165d
    I: 401662
    I: 401667
    I: 40166e (flow 4017b8)
      Successors: 4017b8
  BB: 401688 in func 401530 with 19 insts
    I: 401688 (imm 4060a0)
    I: 40168f
    I: 401691 (imm 4060b8)
    I: 401698
    I: 40169a
    I: 40169c
    I: 40169f
    I: 4016a2
    I: 4016a5
    I: 4016a8
    I: 4016ab
    I: 4016ae
    I: 4016b1
    I: 4016b3
    I: 4016b8
    I: 4016bd
    I: 4016c0
    I: 4016c3
    I: 4016c6 (flow 4017b8)
      Successors: 4017b8
  BB: 40158e in func 401530 with 1 insts
    I: 40158e (flow 401593)
      Successors: 401593
  BB: 401593 in func 401530 with 3 insts
    I: 401593
    I: 401596
    I: 40159b (flow 40175b)
      Successors: 4015a1, 40175b
  BB: 4015a1 in func 401530 with 1 insts
    I: 4015a1 (flow 4015a6)
      Successors: 4015a6
  BB: 4015a6 in func 401530 with 3 insts
    I: 4015a6
    I: 4015a9
    I: 4015ae (flow 401766)
      Successors: 4015b4, 401766
  BB: 401530 in func 401530 with 9 insts
    I: 401530
    I: 401531
    I: 401534
    I: 401538
    I: 40153c
    I: 401540
    I: 401544
    I: 401549
    I: 401550
      Successors: 401557
  BB: 4015b4 in func 401530 with 1 insts
    I: 4015b4 (flow 4015b9)
      Successors: 4015b9
  BB: 4017b8 in func 401530 with 1 insts
    I: 4017b8 (flow 401557)
      Successors: 401557
  BB: 4015b9 in func 401530 with 3 insts
    I: 4015b9
    I: 4015bc
    I: 4015c1 (flow 4016cb)
      Successors: 4016cb, 4015c7
  BB: 4017bd in func 401530 with 1 insts
    I: 4017bd
      No successors
  BB: 4015c7 in func 401530 with 1 insts
    I: 4015c7 (flow 4015cc)
      Successors: 4015cc
  BB: 4016cb in func 401530 with 34 insts
    I: 4016cb
    I: 4016cf (mem 406050)
    I: 4016d6
    I: 4016d9
    I: 4016dc
    I: 4016e1
    I: 4016e6
    I: 4016eb (mem 404008)
    I: 4016f3
    I: 4016f8 (flow 4060c8)
    I: 4016fd (mem 404008)
    I: 401705
    I: 401709
    I: 40170e
    I: 401713
    I: 401718 (imm 4060a0)
    I: 40171f
    I: 401721 (imm 4060b8)
    I: 401728
    I: 40172a
    I: 40172c
    I: 40172f
    I: 401732
    I: 401735
    I: 401738
    I: 40173b
    I: 40173e
    I: 401741
    I: 401743
    I: 401748
    I: 40174d
    I: 401750
    I: 401753
    I: 401756 (flow 4017b8)
      Successors: 4017b8
  BB: 4015cc in func 401530 with 3 insts
    I: 4015cc
    I: 4015cf
    I: 4015d4 (flow 401603)
      Successors: 4015da, 401603
  BB: 401557 in func 401530 with 4 insts
    I: 401557
    I: 40155a
    I: 40155d
    I: 401562 (flow 4015e4)
      Successors: 401568, 4015e4
  BB: 4015da in func 401530 with 1 insts
    I: 4015da (flow 4015df)
      Successors: 4015df
  BB: 40175b in func 401530 with 4 insts
    I: 40175b
    I: 401760
    I: 401764
    I: 401765
      No successors
  BB: 4015df in func 401530 with 1 insts
    I: 4015df (flow 4017b8)
      Successors: 4017b8
  BB: 4015e4 in func 401530 with 7 insts
    I: 4015e4
    I: 4015e7
    I: 4015ec
    I: 4015f1 (mem 406050)
    I: 4015f8
    I: 4015fb
    I: 4015fe (flow 4017b8)
      Successors: 4017b8
  BB: 401766 in func 401530 with 16 insts
    I: 401766
    I: 40176a (mem 406050)
    I: 401771
    I: 401774
    I: 401777
    I: 40177c
    I: 401781
    I: 401785
    I: 40178a
    I: 40178f (mem 404008)
    I: 401797
    I: 40179b (flow 4060c8)
    I: 4017a0 (mem 404008)
    I: 4017a8
    I: 4017ac
    I: 4017b1
      Successors: 4017b8
  BB: 401568 in func 401530 with 1 insts
    I: 401568 (flow 40156d)
      Successors: 40156d
  BB: 40156d in func 401530 with 3 insts
    I: 40156d
    I: 401570
    I: 401575 (flow 401673)
      Successors: 40157b, 401673
  BB: 401673 in func 401530 with 5 insts
    I: 401673
    I: 401676
    I: 401679
    I: 40167c
    I: 401683 (flow 4017b8)
      Successors: 4017b8
  BB: 40157b in func 401530 with 1 insts
    I: 40157b (flow 401580)
      Successors: 401580
Recovering 4017c0
  Analysing subroutine sub_4017C0 at 4017c0
  Subroutine sub_4017C0 at 4017c0 has 205 blocks
  BB: 401c04 in func 4017c0 with 3 insts
    I: 401c04
    I: 401c0a
    I: 401c0f (flow 402675)
      Successors: 402675, 401c15
  BB: 402a05 in func 4017c0 with 8 insts
    I: 402a05
    I: 402a0b
    I: 402a0e
    I: 402a11
    I: 402a14
    I: 402a16
    I: 402a1a
    I: 402a24 (flow 402a60)
      Successors: 402a60
  BB: 401a05 in func 4017c0 with 1 insts
    I: 401a05 (flow 401a0a)
      Successors: 401a0a
  BB: 402806 in func 4017c0 with 2 insts
    I: 402806
    I: 402810 (flow 402a60)
      Successors: 402a60
  BB: 401a0a in func 4017c0 with 3 insts
    I: 401a0a
    I: 401a10
    I: 401a15 (flow 402815)
      Successors: 401a1b, 402815
  BB: 40240b in func 4017c0 with 25 insts
    I: 40240b
    I: 402411
    I: 402414
    I: 402417
    I: 40241a
    I: 40241c
    I: 402420 (imm 4060a4)
    I: 402427
    I: 402429 (imm 4060bc)
    I: 402430
    I: 402432
    I: 402434
    I: 402437
    I: 40243a
    I: 40243d
    I: 402440
    I: 402443
    I: 402446
    I: 402449
    I: 40244b
    I: 402450
    I: 402455
    I: 402458
    I: 40245b
    I: 402461 (flow 402a60)
      Successors: 402a60
  BB: 40260b in func 4017c0 with 8 insts
    I: 40260b
    I: 402611
    I: 402614
    I: 402617
    I: 40261a
    I: 40261c
    I: 402620
    I: 40262a (flow 402a60)
      Successors: 402a60
  BB: 401e0f in func 4017c0 with 1 insts
    I: 401e0f (flow 401e14)
      Successors: 401e14
  BB: 402012 in func 4017c0 with 8 insts
    I: 402012
    I: 402015
    I: 402018
    I: 40201b
    I: 40201e
    I: 402020
    I: 402024
    I: 40202e (flow 402a60)
      Successors: 402a60
  BB: 401e14 in func 4017c0 with 1 insts
    I: 401e14 (flow 402a60)
      Successors: 402a60
  BB: 401c15 in func 4017c0 with 1 insts
    I: 401c15 (flow 401c1a)
      Successors: 401c1a
  BB: 402815 in func 4017c0 with 2 insts
    I: 402815
    I: 40281f (flow 402a60)
      Successors: 402a60
  BB: 401e19 in func 4017c0 with 7 insts
    I: 401e19
    I: 401e1c
    I: 401e21
    I: 401e26 (mem 406050)
    I: 401e2d
    I: 401e30
    I: 401e36 (flow 402a60)
      Successors: 402a60
  BB: 401c1a in func 4017c0 with 3 insts
    I: 401c1a
    I: 401c20
    I: 401c25 (flow 40258f)
      Successors: 401c2b, 40258f
  BB: 401a1b in func 4017c0 with 1 insts
    I: 401a1b (flow 401a20)
      Successors: 401a20
  BB: 401a20 in func 4017c0 with 3 insts
    I: 401a20
    I: 401a26
    I: 401a2b (flow 401f99)
      Successors: 401a31, 401f99
  BB: 402824 in func 4017c0 with 19 insts
    I: 402824 (imm 4060a4)
    I: 40282b
    I: 40282d (imm 4060bc)
    I: 402834
    I: 402836
    I: 402838
    I: 40283b
    I: 40283e
    I: 402841
    I: 402844
    I: 402847
    I: 40284a
    I: 40284d
    I: 40284f
    I: 402854
    I: 402859
    I: 40285c
    I: 40285f
    I: 402865 (flow 402a60)
      Successors: 402a60
  BB: 402a29 in func 4017c0 with 2 insts
    I: 402a29
    I: 402a33 (flow 402a60)
      Successors: 402a60
  BB: 401c2b in func 4017c0 with 1 insts
    I: 401c2b (flow 401c30)
      Successors: 401c30
  BB: 40262f in func 4017c0 with 19 insts
    I: 40262f (imm 4060a4)
    I: 402636
    I: 402638 (imm 4060bc)
    I: 40263f
    I: 402641
    I: 402643
    I: 402646
    I: 402649
    I: 40264c
    I: 40264f
    I: 402652
    I: 402655
    I: 402658
    I: 40265a
    I: 40265f
    I: 402664
    I: 402667
    I: 40266a
    I: 402670 (flow 402a60)
      Successors: 402a60
  BB: 401c30 in func 4017c0 with 3 insts
    I: 401c30
    I: 401c36
    I: 401c3b (flow 40231d)
      Successors: 401c41, 40231d
  BB: 401a31 in func 4017c0 with 1 insts
    I: 401a31 (flow 401a36)
      Successors: 401a36
  BB: 402033 in func 4017c0 with 19 insts
    I: 402033 (imm 4060a4)
    I: 40203a
    I: 40203c (imm 4060bc)
    I: 402043
    I: 402045
    I: 402047
    I: 40204a
    I: 40204d
    I: 402050
    I: 402053
    I: 402056
    I: 402059
    I: 40205c
    I: 40205e
    I: 402063
    I: 402068
    I: 40206b
    I: 40206e
    I: 402074 (flow 402a60)
      Successors: 402a60
  BB: 401a36 in func 4017c0 with 3 insts
    I: 401a36
    I: 401a3c
    I: 401a41 (flow 402935)
      Successors: 402935, 401a47
  BB: 402a38 in func 4017c0 with 2 insts
    I: 402a38
    I: 402a42 (flow 402a60)
      Successors: 402a60
  BB: 40223a in func 4017c0 with 19 insts
    I: 40223a (imm 4060a4)
    I: 402241
    I: 402243 (imm 4060bc)
    I: 40224a
    I: 40224c
    I: 40224e
    I: 402251
    I: 402254
    I: 402257
    I: 40225a
    I: 40225d
    I: 402260
    I: 402263
    I: 402265
    I: 40226a
    I: 40226f
    I: 402272
    I: 402275
    I: 40227b (flow 402a60)
      Successors: 402a60
  BB: 401e3b in func 4017c0 with 19 insts
    I: 401e3b (imm 4060a4)
    I: 401e42
    I: 401e44 (imm 4060bc)
    I: 401e4b
    I: 401e4d
    I: 401e4f
    I: 401e52
    I: 401e55
    I: 401e58
    I: 401e5b
    I: 401e5e
    I: 401e61
    I: 401e64
    I: 401e66
    I: 401e6b
    I: 401e70
    I: 401e73
    I: 401e76
    I: 401e7c (flow 402a60)
      Successors: 402a60
  BB: 401c41 in func 4017c0 with 1 insts
    I: 401c41 (flow 401c46)
      Successors: 401c46
  BB: 401c46 in func 4017c0 with 3 insts
    I: 401c46
    I: 401c4c
    I: 401c51 (flow 401e19)
      Successors: 401e19, 401c57
  BB: 401a47 in func 4017c0 with 1 insts
    I: 401a47 (flow 401a4c)
      Successors: 401a4c
  BB: 402a47 in func 4017c0 with 4 insts
    I: 402a47
    I: 402a4d
    I: 402a50
    I: 402a56
      Successors: 402a60
  BB: 40184c in func 4017c0 with 4 insts
    I: 40184c
    I: 401852
    I: 401858
    I: 40185d (flow 402176)
      Successors: 401863, 402176
  BB: 401a4c in func 4017c0 with 3 insts
    I: 401a4c
    I: 401a52
    I: 401a57 (flow 4024df)
      Successors: 401a5d, 4024df
  BB: 401c57 in func 4017c0 with 1 insts
    I: 401c57 (flow 401c5c)
      Successors: 401c5c
  BB: 401c5c in func 4017c0 with 3 insts
    I: 401c5c
    I: 401c62
    I: 401c67 (flow 401f3c)
      Successors: 401f3c, 401c6d
  BB: 401a5d in func 4017c0 with 1 insts
    I: 401a5d (flow 401a62)
      Successors: 401a62
  BB: 402a60 in func 4017c0 with 1 insts
    I: 402a60 (flow 40184c)
      Successors: 40184c
  BB: 401a62 in func 4017c0 with 3 insts
    I: 401a62
    I: 401a68
    I: 401a6d (flow 402475)
      Successors: 401a73, 402475
  BB: 401863 in func 4017c0 with 1 insts
    I: 401863 (flow 401868)
      Successors: 401868
  BB: 402a65 in func 4017c0 with 2 insts
    I: 402a65
    I: 402a6f
      No successors
  BB: 402466 in func 4017c0 with 2 insts
    I: 402466
    I: 402470 (flow 402a60)
      Successors: 402a60
  BB: 401868 in func 4017c0 with 3 insts
    I: 401868
    I: 40186e
    I: 401873 (flow 40296a)
      Successors: 401879, 40296a
  BB: 40286a in func 4017c0 with 22 insts
    I: 40286a
    I: 402870
    I: 402873
    I: 402879 (imm 4060a4)
    I: 402880
    I: 402882 (imm 4060bc)
    I: 402889
    I: 40288b
    I: 40288d
    I: 402890
    I: 402893
    I: 402896
    I: 402899
    I: 40289c
    I: 40289f
    I: 4028a2
    I: 4028a4
    I: 4028a9
    I: 4028ae
    I: 4028b1
    I: 4028b4
    I: 4028ba (flow 402a60)
      Successors: 402a60
  BB: 401c6d in func 4017c0 with 1 insts
    I: 401c6d (flow 401c72)
      Successors: 401c72
  BB: 401c72 in func 4017c0 with 3 insts
    I: 401c72
    I: 401c78
    I: 401c7d (flow 4026d0)
      Successors: 4026d0, 401c83
  BB: 401a73 in func 4017c0 with 1 insts
    I: 401a73 (flow 401a78)
      Successors: 401a78
  BB: 402475 in func 4017c0 with 7 insts
    I: 402475
    I: 40247b
    I: 402480
    I: 402485
    I: 40248b
    I: 40248e
    I: 402494 (flow 402a60)
      Successors: 402a60
  BB: 402675 in func 4017c0 with 25 insts
    I: 402675
    I: 40267b
    I: 40267e
    I: 402681
    I: 402684
    I: 402686
    I: 40268a (imm 4060a4)
    I: 402691
    I: 402693 (imm 4060bc)
    I: 40269a
    I: 40269c
    I: 40269e
    I: 4026a1
    I: 4026a4
    I: 4026a7
    I: 4026aa
    I: 4026ad
    I: 4026b0
    I: 4026b3
    I: 4026b5
    I: 4026ba
    I: 4026bf
    I: 4026c2
    I: 4026c5
    I: 4026cb (flow 402a60)
      Successors: 402a60
  BB: 401a78 in func 4017c0 with 3 insts
    I: 401a78
    I: 401a7e
    I: 401a83 (flow 4022db)
      Successors: 401a89, 4022db
  BB: 402079 in func 4017c0 with 24 insts
    I: 402079
    I: 40207c
    I: 40207f
    I: 402082
    I: 402084
    I: 402087 (imm 4060a4)
    I: 40208e
    I: 402090 (imm 4060bc)
    I: 402097
    I: 402099
    I: 40209b
    I: 40209e
    I: 4020a1
    I: 4020a4
    I: 4020a7
    I: 4020aa
    I: 4020ad
    I: 4020b0
    I: 4020b2
    I: 4020b7
    I: 4020bc
    I: 4020bf
    I: 4020c2
    I: 4020c8 (flow 402a60)
      Successors: 402a60
  BB: 401879 in func 4017c0 with 1 insts
    I: 401879 (flow 40187e)
      Successors: 40187e
  BB: 40187e in func 4017c0 with 3 insts
    I: 40187e
    I: 401884
    I: 401889 (flow 402725)
      Successors: 402725, 40188f
  BB: 402280 in func 4017c0 with 24 insts
    I: 402280
    I: 402286 (mem 406050)
    I: 40228d
    I: 402290
    I: 402292
    I: 402295 (imm 4060a4)
    I: 40229c
    I: 40229e (imm 4060bc)
    I: 4022a5
    I: 4022a7
    I: 4022a9
    I: 4022ac
    I: 4022af
    I: 4022b2
    I: 4022b5
    I: 4022b8
    I: 4022bb
    I: 4022be
    I: 4022c0
    I: 4022c5
    I: 4022ca
    I: 4022cd
    I: 4022d0
    I: 4022d6 (flow 402a60)
      Successors: 402a60
  BB: 401e81 in func 4017c0 with 25 insts
    I: 401e81
    I: 401e84
    I: 401e87
    I: 401e8a
    I: 401e8d
    I: 401e8f
    I: 401e92 (imm 4060a4)
    I: 401e99
    I: 401e9b (imm 4060bc)
    I: 401ea2
    I: 401ea4
    I: 401ea6
    I: 401ea9
    I: 401eac
    I: 401eaf
    I: 401eb2
    I: 401eb5
    I: 401eb8
    I: 401ebb
    I: 401ebd
    I: 401ec2
    I: 401ec7
    I: 401eca
    I: 401ecd
    I: 401ed3 (flow 402a60)
      Successors: 402a60
  BB: 401c83 in func 4017c0 with 1 insts
    I: 401c83 (flow 401c88)
      Successors: 401c88
  BB: 401c88 in func 4017c0 with 3 insts
    I: 401c88
    I: 401c8e
    I: 401c93 (flow 402a47)
      Successors: 401c99, 402a47
  BB: 401a89 in func 4017c0 with 1 insts
    I: 401a89 (flow 401a8e)
      Successors: 401a8e
  BB: 401a8e in func 4017c0 with 3 insts
    I: 401a8e
    I: 401a94
    I: 401a99 (flow 4028bf)
      Successors: 4028bf, 401a9f
  BB: 40188f in func 4017c0 with 1 insts
    I: 40188f (flow 401894)
      Successors: 401894
  BB: 401894 in func 4017c0 with 3 insts
    I: 401894
    I: 40189a
    I: 40189f (flow 401ef6)
      Successors: 4018a5, 401ef6
  BB: 401c99 in func 4017c0 with 1 insts
    I: 401c99 (flow 401c9e)
      Successors: 401c9e
  BB: 402499 in func 4017c0 with 19 insts
    I: 402499 (imm 4060a4)
    I: 4024a0
    I: 4024a2 (imm 4060bc)
    I: 4024a9
    I: 4024ab
    I: 4024ad
    I: 4024b0
    I: 4024b3
    I: 4024b6
    I: 4024b9
    I: 4024bc
    I: 4024bf
    I: 4024c2
    I: 4024c4
    I: 4024c9
    I: 4024ce
    I: 4024d1
    I: 4024d4
    I: 4024da (flow 402a60)
      Successors: 402a60
  BB: 401c9e in func 4017c0 with 3 insts
    I: 401c9e
    I: 401ca4
    I: 401ca9 (flow 40210c)
      Successors: 40210c, 401caf
  BB: 401a9f in func 4017c0 with 1 insts
    I: 401a9f (flow 401aa4)
      Successors: 401aa4
  BB: 401aa4 in func 4017c0 with 3 insts
    I: 401aa4
    I: 401aaa
    I: 401aaf (flow 402185)
      Successors: 401ab5, 402185
  BB: 4018a5 in func 4017c0 with 1 insts
    I: 4018a5 (flow 4018aa)
      Successors: 4018aa
  BB: 4018aa in func 4017c0 with 3 insts
    I: 4018aa
    I: 4018b0
    I: 4018b5 (flow 402280)
      Successors: 402280, 4018bb
  BB: 401caf in func 4017c0 with 1 insts
    I: 401caf (flow 401cb4)
      Successors: 401cb4
  BB: 401cb4 in func 4017c0 with 3 insts
    I: 401cb4
    I: 401cba
    I: 401cbf (flow 402a38)
      Successors: 402a38, 401cc5
  BB: 401ab5 in func 4017c0 with 1 insts
    I: 401ab5 (flow 401aba)
      Successors: 401aba
  BB: 401aba in func 4017c0 with 3 insts
    I: 401aba
    I: 401ac0
    I: 401ac5 (flow 4029ae)
      Successors: 401acb, 4029ae
  BB: 4018bb in func 4017c0 with 1 insts
    I: 4018bb (flow 4018c0)
      Successors: 4018c0
  BB: 4028bf in func 4017c0 with 2 insts
    I: 4028bf
    I: 4028c9 (flow 402a60)
      Successors: 402a60
  BB: 4018c0 in func 4017c0 with 3 insts
    I: 4018c0
    I: 4018c6
    I: 4018cb (flow 402346)
      Successors: 4018d1, 402346
  BB: 401cc5 in func 4017c0 with 1 insts
    I: 401cc5 (flow 401cca)
      Successors: 401cca
  BB: 401cca in func 4017c0 with 3 insts
    I: 401cca
    I: 401cd0
    I: 401cd5 (flow 402012)
      Successors: 402012, 401cdb
  BB: 401acb in func 4017c0 with 1 insts
    I: 401acb (flow 401ad0)
      Successors: 401ad0
  BB: 4020cd in func 4017c0 with 7 insts
    I: 4020cd
    I: 4020d0
    I: 4020d5
    I: 4020da
    I: 4020dd
    I: 4020e0
    I: 4020e6 (flow 402a60)
      Successors: 402a60
  BB: 4028ce in func 4017c0 with 14 insts
    I: 4028ce
    I: 4028d2
    I: 4028d6
    I: 4028da
    I: 4028dd (flow 401530)
    I: 4028e2
    I: 4028ea
    I: 4028f2
    I: 4028fa
    I: 4028ff
    I: 402904
    I: 402908
    I: 40290b
    I: 402911 (flow 402a60)
      Successors: 402a60
  BB: 401ad0 in func 4017c0 with 3 insts
    I: 401ad0
    I: 401ad6
    I: 401adb (flow 4021a3)
      Successors: 401ae1, 4021a3
  BB: 4018d1 in func 4017c0 with 1 insts
    I: 4018d1 (flow 4018d6)
      Successors: 4018d6
  BB: 4026d0 in func 4017c0 with 2 insts
    I: 4026d0
    I: 4026da (flow 402a60)
      Successors: 402a60
  BB: 4018d6 in func 4017c0 with 3 insts
    I: 4018d6
    I: 4018dc
    I: 4018e1 (flow 401e3b)
      Successors: 401e3b, 4018e7
  BB: 401ed8 in func 4017c0 with 7 insts
    I: 401ed8
    I: 401edb
    I: 401ee0
    I: 401ee5
    I: 401ee8
    I: 401eeb
    I: 401ef1 (flow 402a60)
      Successors: 402a60
  BB: 401cdb in func 4017c0 with 1 insts
    I: 401cdb (flow 401ce0)
      Successors: 401ce0
  BB: 4022db in func 4017c0 with 7 insts
    I: 4022db
    I: 4022de
    I: 4022e3
    I: 4022e8
    I: 4022eb
    I: 4022ee
    I: 4022f4 (flow 402a60)
      Successors: 402a60
  BB: 4024df in func 4017c0 with 25 insts
    I: 4024df
    I: 4024e5
    I: 4024e8
    I: 4024eb
    I: 4024ee
    I: 4024f0
    I: 4024f4 (imm 4060a4)
    I: 4024fb
    I: 4024fd (imm 4060bc)
    I: 402504
    I: 402506
    I: 402508
    I: 40250b
    I: 40250e
    I: 402511
    I: 402514
    I: 402517
    I: 40251a
    I: 40251d
    I: 40251f
    I: 402524
    I: 402529
    I: 40252c
    I: 40252f
    I: 402535 (flow 402a60)
      Successors: 402a60
  BB: 401ce0 in func 4017c0 with 3 insts
    I: 401ce0
    I: 401ce6
    I: 401ceb (flow 402155)
      Successors: 401cf1, 402155
  BB: 401ae1 in func 4017c0 with 1 insts
    I: 401ae1 (flow 401ae6)
      Successors: 401ae6
  BB: 4026df in func 4017c0 with 19 insts
    I: 4026df (imm 4060a4)
    I: 4026e6
    I: 4026e8 (imm 4060bc)
    I: 4026ef
    I: 4026f1
    I: 4026f3
    I: 4026f6
    I: 4026f9
    I: 4026fc
    I: 4026ff
    I: 402702
    I: 402705
    I: 402708
    I: 40270a
    I: 40270f
    I: 402714
    I: 402717
    I: 40271a
    I: 402720 (flow 402a60)
      Successors: 402a60
  BB: 401ae6 in func 4017c0 with 3 insts
    I: 401ae6
    I: 401aec
    I: 401af1 (flow 402033)
      Successors: 402033, 401af7
  BB: 4018e7 in func 4017c0 with 1 insts
    I: 4018e7 (flow 4018ec)
      Successors: 4018ec
  BB: 4020eb in func 4017c0 with 8 insts
    I: 4020eb
    I: 4020ee
    I: 4020f1
    I: 4020f4
    I: 4020f7
    I: 4020f9
    I: 4020fd
    I: 402107 (flow 402a60)
      Successors: 402a60
  BB: 4018ec in func 4017c0 with 3 insts
    I: 4018ec
    I: 4018f2
    I: 4018f7 (flow 402a05)
      Successors: 402a05, 4018fd
  BB: 401cf1 in func 4017c0 with 1 insts
    I: 401cf1 (flow 401cf6)
      Successors: 401cf6
  BB: 401cf6 in func 4017c0 with 3 insts
    I: 401cf6
    I: 401cfc
    I: 401d01 (flow 401fa8)
      Successors: 401fa8, 401d07
  BB: 401af7 in func 4017c0 with 1 insts
    I: 401af7 (flow 401afc)
      Successors: 401afc
  BB: 401ef6 in func 4017c0 with 19 insts
    I: 401ef6 (imm 4060a4)
    I: 401efd
    I: 401eff (imm 4060bc)
    I: 401f06
    I: 401f08
    I: 401f0a
    I: 401f0d
    I: 401f10
    I: 401f13
    I: 401f16
    I: 401f19
    I: 401f1c
    I: 401f1f
    I: 401f21
    I: 401f26
    I: 401f2b
    I: 401f2e
    I: 401f31
    I: 401f37 (flow 402a60)
      Successors: 402a60
  BB: 4022f9 in func 4017c0 with 8 insts
    I: 4022f9
    I: 4022ff
    I: 402302
    I: 402307
    I: 40230c
    I: 40230f
    I: 402312
    I: 402318 (flow 402a60)
      Successors: 402a60
  BB: 401afc in func 4017c0 with 3 insts
    I: 401afc
    I: 401b02
    I: 401b07 (flow 4029d2)
      Successors: 4029d2, 401b0d
  BB: 4018fd in func 4017c0 with 1 insts
    I: 4018fd (flow 401902)
      Successors: 401902
  BB: 401902 in func 4017c0 with 3 insts
    I: 401902
    I: 401908
    I: 40190d (flow 401ed8)
      Successors: 401ed8, 401913
  BB: 401d07 in func 4017c0 with 1 insts
    I: 401d07 (flow 401d0c)
      Successors: 401d0c
  BB: 401d0c in func 4017c0 with 3 insts
    I: 401d0c
    I: 401d12
    I: 401d17 (flow 40299f)
      Successors: 401d1d, 40299f
  BB: 401b0d in func 4017c0 with 1 insts
    I: 401b0d (flow 401b12)
      Successors: 401b12
  BB: 40210c in func 4017c0 with 9 insts
    I: 40210c
    I: 402110
    I: 402114
    I: 402118
    I: 40211d
    I: 402122
    I: 402126
    I: 402129
    I: 40212f (flow 402a60)
      Successors: 402a60
  BB: 401b12 in func 4017c0 with 3 insts
    I: 401b12
    I: 401b18
    I: 401b1d (flow 402990)
      Successors: 402990, 401b23
  BB: 401913 in func 4017c0 with 1 insts
    I: 401913 (flow 401918)
      Successors: 401918
  BB: 402916 in func 4017c0 with 4 insts
    I: 402916
    I: 40291e
    I: 402926
    I: 402930 (flow 402a60)
      Successors: 402a60
  BB: 401918 in func 4017c0 with 3 insts
    I: 401918
    I: 40191e
    I: 401923 (flow 40295b)
      Successors: 401929, 40295b
  BB: 401d1d in func 4017c0 with 1 insts
    I: 401d1d (flow 401d22)
      Successors: 401d22
  BB: 40231d in func 4017c0 with 9 insts
    I: 40231d
    I: 402320
    I: 402322
    I: 402325
    I: 402328
    I: 40232a (disp 406060)
    I: 402331
    I: 402337
    I: 402341 (flow 402a60)
      Successors: 402a60
  BB: 401d22 in func 4017c0 with 3 insts
    I: 401d22
    I: 401d28
    I: 401d2d (flow 40240b)
      Successors: 40240b, 401d33
  BB: 401b23 in func 4017c0 with 1 insts
    I: 401b23 (flow 401b28)
      Successors: 401b28
  BB: 402725 in func 4017c0 with 19 insts
    I: 402725 (imm 4060a4)
    I: 40272c
    I: 40272e (imm 4060bc)
    I: 402735
    I: 402737
    I: 402739
    I: 40273c
    I: 40273f
    I: 402742
    I: 402745
    I: 402748
    I: 40274b
    I: 40274e
    I: 402750
    I: 402755
    I: 40275a
    I: 40275d
    I: 402760
    I: 402766 (flow 402a60)
      Successors: 402a60
  BB: 401b28 in func 4017c0 with 3 insts
    I: 401b28
    I: 401b2e
    I: 401b33 (flow 402466)
      Successors: 401b39, 402466
  BB: 401929 in func 4017c0 with 1 insts
    I: 401929 (flow 40192e)
      Successors: 40192e
  BB: 40192e in func 4017c0 with 3 insts
    I: 40192e
    I: 401934
    I: 401939 (flow 40236f)
      Successors: 40236f, 40193f
  BB: 401d33 in func 4017c0 with 1 insts
    I: 401d33 (flow 401d38)
      Successors: 401d38
  BB: 402134 in func 4017c0 with 8 insts
    I: 402134
    I: 402137
    I: 40213a
    I: 40213d
    I: 402140
    I: 402142
    I: 402146
    I: 402150 (flow 402a60)
      Successors: 402a60
  BB: 402935 in func 4017c0 with 9 insts
    I: 402935
    I: 40293d (mem 406090)
    I: 402946
    I: 40294a
    I: 40294d
    I: 40294f
    I: 402952
    I: 402959
    I: 40295a
      No successors
  BB: 401d38 in func 4017c0 with 3 insts
    I: 401d38
    I: 401d3e
    I: 401d43 (flow 402a29)
      Successors: 401d49, 402a29
  BB: 401b39 in func 4017c0 with 1 insts
    I: 401b39 (flow 401b3e)
      Successors: 401b3e
  BB: 40253a in func 4017c0 with 2 insts
    I: 40253a
    I: 402544 (flow 402a60)
      Successors: 402a60
  BB: 401f3c in func 4017c0 with 26 insts
    I: 401f3c
    I: 401f3f
    I: 401f41
    I: 401f44
    I: 401f47
    I: 401f49 (disp 406060)
    I: 401f50
    I: 401f53 (imm 4060a4)
    I: 401f5a
    I: 401f5c (imm 4060bc)
    I: 401f63
    I: 401f65
    I: 401f67
    I: 401f6a
    I: 401f6d
    I: 401f70
    I: 401f73
    I: 401f76
    I: 401f79
    I: 401f7c
    I: 401f7e
    I: 401f83
    I: 401f88
    I: 401f8b
    I: 401f8e
    I: 401f94 (flow 402a60)
      Successors: 402a60
  BB: 401b3e in func 4017c0 with 3 insts
    I: 401b3e
    I: 401b44
    I: 401b49 (flow 402549)
      Successors: 402549, 401b4f
  BB: 40193f in func 4017c0 with 1 insts
    I: 40193f (flow 401944)
      Successors: 401944
  BB: 401944 in func 4017c0 with 3 insts
    I: 401944
    I: 40194a
    I: 40194f (flow 402916)
      Successors: 401955, 402916
  BB: 402346 in func 4017c0 with 9 insts
    I: 402346
    I: 402349
    I: 40234b
    I: 40234e
    I: 402351
    I: 402353 (disp 406060)
    I: 40235a
    I: 402360
    I: 40236a (flow 402a60)
      Successors: 402a60
  BB: 401d49 in func 4017c0 with 1 insts
    I: 401d49 (flow 401d4e)
      Successors: 401d4e
  BB: 402549 in func 4017c0 with 19 insts
    I: 402549 (imm 4060a4)
    I: 402550
    I: 402552 (imm 4060bc)
    I: 402559
    I: 40255b
    I: 40255d
    I: 402560
    I: 402563
    I: 402566
    I: 402569
    I: 40256c
    I: 40256f
    I: 402572
    I: 402574
    I: 402579
    I: 40257e
    I: 402581
    I: 402584
    I: 40258a (flow 402a60)
      Successors: 402a60
  BB: 401d4e in func 4017c0 with 3 insts
    I: 401d4e
    I: 401d54
    I: 401d59 (flow 40260b)
      Successors: 40260b, 401d5f
  BB: 401b4f in func 4017c0 with 1 insts
    I: 401b4f (flow 401b54)
      Successors: 401b54
  BB: 401b54 in func 4017c0 with 3 insts
    I: 401b54
    I: 401b5a
    I: 401b5f (flow 4021bb)
      Successors: 4021bb, 401b65
  BB: 401955 in func 4017c0 with 1 insts
    I: 401955 (flow 40195a)
      Successors: 40195a
  BB: 402155 in func 4017c0 with 8 insts
    I: 402155
    I: 402158
    I: 40215b
    I: 40215e
    I: 402161
    I: 402163
    I: 402167
    I: 402171 (flow 402a60)
      Successors: 402a60
  BB: 40195a in func 4017c0 with 3 insts
    I: 40195a
    I: 401960
    I: 401965 (flow 4025ed)
      Successors: 40196b, 4025ed
  BB: 40295b in func 4017c0 with 2 insts
    I: 40295b
    I: 402965 (flow 402a60)
      Successors: 402a60
  BB: 401d5f in func 4017c0 with 1 insts
    I: 401d5f (flow 401d64)
      Successors: 401d64
  BB: 401d64 in func 4017c0 with 3 insts
    I: 401d64
    I: 401d6a
    I: 401d6f (flow 4026df)
      Successors: 401d75, 4026df
  BB: 401b65 in func 4017c0 with 1 insts
    I: 401b65 (flow 401b6a)
      Successors: 401b6a
  BB: 401b6a in func 4017c0 with 3 insts
    I: 401b6a
    I: 401b70
    I: 401b75 (flow 40262f)
      Successors: 401b7b, 40262f
  BB: 40196b in func 4017c0 with 1 insts
    I: 40196b (flow 401970)
      Successors: 401970
  BB: 40276b in func 4017c0 with 2 insts
    I: 40276b
    I: 402775 (flow 402a60)
      Successors: 402a60
  BB: 40296a in func 4017c0 with 9 insts
    I: 40296a
    I: 40296d
    I: 40296f
    I: 402972
    I: 402975
    I: 402977 (disp 406060)
    I: 40297e
    I: 402981
    I: 40298b (flow 402a60)
      Successors: 402a60
  BB: 40236f in func 4017c0 with 17 insts
    I: 40236f
    I: 402373
    I: 402377
    I: 40237d (flow 4060d8)
    I: 402382
    I: 402388
    I: 40238c
    I: 402390
    I: 402396 (flow 4060d8)
    I: 40239b
    I: 4023a1
    I: 4023a7
    I: 4023ac
    I: 4023b1
    I: 4023b7
    I: 4023ba
    I: 4023c0 (flow 402a60)
      Successors: 402a60
  BB: 401970 in func 4017c0 with 3 insts
    I: 401970
    I: 401976
    I: 40197b (flow 402499)
      Successors: 401981, 402499
  BB: 401d75 in func 4017c0 with 1 insts
    I: 401d75 (flow 401d7a)
      Successors: 401d7a
  BB: 402176 in func 4017c0 with 2 insts
    I: 402176
    I: 402180 (flow 402a60)
      Successors: 402a60
  BB: 401d7a in func 4017c0 with 3 insts
    I: 401d7a
    I: 401d80
    I: 401d85 (flow 40223a)
      Successors: 40223a, 401d8b
  BB: 401b7b in func 4017c0 with 1 insts
    I: 401b7b (flow 401b80)
      Successors: 401b80
  BB: 40277a in func 4017c0 with 19 insts
    I: 40277a (imm 4060a4)
    I: 402781
    I: 402783 (imm 4060bc)
    I: 40278a
    I: 40278c
    I: 40278e
    I: 402791
    I: 402794
    I: 402797
    I: 40279a
    I: 40279d
    I: 4027a0
    I: 4027a3
    I: 4027a5
    I: 4027aa
    I: 4027af
    I: 4027b2
    I: 4027b5
    I: 4027bb (flow 402a60)
      Successors: 402a60
  BB: 401b80 in func 4017c0 with 3 insts
    I: 401b80
    I: 401b86
    I: 401b8b (flow 4023c5)
      Successors: 401b91, 4023c5
  BB: 401981 in func 4017c0 with 1 insts
    I: 401981 (flow 401986)
      Successors: 401986
  BB: 402185 in func 4017c0 with 2 insts
    I: 402185
    I: 40218f (flow 402a60)
      Successors: 402a60
  BB: 401986 in func 4017c0 with 3 insts
    I: 401986
    I: 40198c
    I: 401991 (flow 40277a)
      Successors: 40277a, 401997
  BB: 401d8b in func 4017c0 with 1 insts
    I: 401d8b (flow 401d90)
      Successors: 401d90
  BB: 40258f in func 4017c0 with 26 insts
    I: 40258f
    I: 402593
    I: 402597
    I: 40259b
    I: 40259f
    I: 4025a2
    I: 4025a4
    I: 4025a7 (imm 4060a4)
    I: 4025ae
    I: 4025b0 (imm 4060bc)
    I: 4025b7
    I: 4025b9
    I: 4025bb
    I: 4025be
    I: 4025c1
    I: 4025c4
    I: 4025c7
    I: 4025ca
    I: 4025cd
    I: 4025d0
    I: 4025d2
    I: 4025d7
    I: 4025dc
    I: 4025df
    I: 4025e2
    I: 4025e8 (flow 402a60)
      Successors: 402a60
  BB: 401d90 in func 4017c0 with 3 insts
    I: 401d90
    I: 401d96
    I: 401d9b (flow 40253a)
      Successors: 401da1, 40253a
  BB: 401b91 in func 4017c0 with 1 insts
    I: 401b91 (flow 401b96)
      Successors: 401b96
  BB: 402990 in func 4017c0 with 2 insts
    I: 402990
    I: 40299a (flow 402a60)
      Successors: 402a60
  BB: 402194 in func 4017c0 with 2 insts
    I: 402194
    I: 40219e (flow 402a60)
      Successors: 402a60
  BB: 401b96 in func 4017c0 with 3 insts
    I: 401b96
    I: 401b9c
    I: 401ba1 (flow 402079)
      Successors: 402079, 401ba7
  BB: 401997 in func 4017c0 with 1 insts
    I: 401997 (flow 40199c)
      Successors: 40199c
  BB: 401f99 in func 4017c0 with 2 insts
    I: 401f99
    I: 401fa3 (flow 402a60)
      Successors: 402a60
  BB: 40199c in func 4017c0 with 3 insts
    I: 40199c
    I: 4019a2
    I: 4019a7 (flow 40276b)
      Successors: 40276b, 4019ad
  BB: 40299f in func 4017c0 with 2 insts
    I: 40299f
    I: 4029a9 (flow 402a60)
      Successors: 402a60
  BB: 401da1 in func 4017c0 with 1 insts
    I: 401da1 (flow 401da6)
      Successors: 401da6
  BB: 4021a3 in func 4017c0 with 5 insts
    I: 4021a3
    I: 4021a6
    I: 4021a9
    I: 4021ac
    I: 4021b6 (flow 402a60)
      Successors: 402a60
  BB: 401da6 in func 4017c0 with 3 insts
    I: 401da6
    I: 401dac
    I: 401db1 (flow 402134)
      Successors: 402134, 401db7
  BB: 401ba7 in func 4017c0 with 1 insts
    I: 401ba7 (flow 401bac)
      Successors: 401bac
  BB: 401fa8 in func 4017c0 with 9 insts
    I: 401fa8
    I: 401fab
    I: 401fad
    I: 401fb0
    I: 401fb3
    I: 401fb5 (disp 406060)
    I: 401fbc
    I: 401fbf
    I: 401fc9 (flow 402a60)
      Successors: 402a60
  BB: 401bac in func 4017c0 with 3 insts
    I: 401bac
    I: 401bb2
    I: 401bb7 (flow 402806)
      Successors: 401bbd, 402806
  BB: 4019ad in func 4017c0 with 1 insts
    I: 4019ad (flow 4019b2)
      Successors: 4019b2
  BB: 4029ae in func 4017c0 with 8 insts
    I: 4029ae
    I: 4029b4
    I: 4029b7
    I: 4029ba
    I: 4029bd
    I: 4029bf
    I: 4029c3
    I: 4029cd (flow 402a60)
      Successors: 402a60
  BB: 4019b2 in func 4017c0 with 3 insts
    I: 4019b2
    I: 4019b8
    I: 4019bd (flow 4022f9)
      Successors: 4022f9, 4019c3
  BB: 401db7 in func 4017c0 with 1 insts
    I: 401db7 (flow 401dbc)
      Successors: 401dbc
  BB: 4021bb in func 4017c0 with 27 insts
    I: 4021bb
    I: 4021bf
    I: 4021c3
    I: 4021c7
    I: 4021ca (flow 401530)
    I: 4021cf
    I: 4021d7
    I: 4021de (mem 406050)
    I: 4021e5
    I: 4021e8
    I: 4021eb (mem 406050)
    I: 4021f2
    I: 4021f5
    I: 4021f8 (mem 406050)
    I: 4021ff
    I: 402202
    I: 402205
    I: 402208
    I: 40220a
    I: 40220d
    I: 402210
    I: 402212 (disp 406060)
    I: 402219
    I: 40221d
    I: 402221
    I: 40222b
    I: 402235 (flow 402a60)
      Successors: 402a60
  BB: 401dbc in func 4017c0 with 3 insts
    I: 401dbc
    I: 401dc2
    I: 401dc7 (flow 401e81)
      Successors: 401e81, 401dcd
  BB: 401bbd in func 4017c0 with 1 insts
    I: 401bbd (flow 401bc2)
      Successors: 401bc2
  BB: 4017c0 in func 4017c0 with 28 insts
    I: 4017c0
    I: 4017c1
    I: 4017c4
    I: 4017cb (mem 406050)
    I: 4017d3 (imm 406060)
    I: 4017dd
    I: 4017e2 (imm 401180)
    I: 4017ec (flow 4060d0)
    I: 4017f1
    I: 4017f8 (mem 406050)
    I: 4017ff
    I: 401802
    I: 401805 (mem 406050)
    I: 40180c
    I: 40180f
    I: 401812 (mem 406050)
    I: 401819
    I: 40181c
    I: 40181f
    I: 401822
    I: 401824
    I: 401827
    I: 40182a
    I: 40182c (disp 406060)
    I: 401833
    I: 401837
    I: 40183b
    I: 401842
      Successors: 40184c
  BB: 4027c0 in func 4017c0 with 19 insts
    I: 4027c0 (imm 4060a4)
    I: 4027c7
    I: 4027c9 (imm 4060bc)
    I: 4027d0
    I: 4027d2
    I: 4027d4
    I: 4027d7
    I: 4027da
    I: 4027dd
    I: 4027e0
    I: 4027e3
    I: 4027e6
    I: 4027e9
    I: 4027eb
    I: 4027f0
    I: 4027f5
    I: 4027f8
    I: 4027fb
    I: 402801 (flow 402a60)
      Successors: 402a60
  BB: 401bc2 in func 4017c0 with 3 insts
    I: 401bc2
    I: 401bc8
    I: 401bcd (flow 4027c0)
      Successors: 4027c0, 401bd3
  BB: 4019c3 in func 4017c0 with 1 insts
    I: 4019c3 (flow 4019c8)
      Successors: 4019c8
  BB: 4023c5 in func 4017c0 with 19 insts
    I: 4023c5 (imm 4060a4)
    I: 4023cc
    I: 4023ce (imm 4060bc)
    I: 4023d5
    I: 4023d7
    I: 4023d9
    I: 4023dc
    I: 4023df
    I: 4023e2
    I: 4023e5
    I: 4023e8
    I: 4023eb
    I: 4023ee
    I: 4023f0
    I: 4023f5
    I: 4023fa
    I: 4023fd
    I: 402400
    I: 402406 (flow 402a60)
      Successors: 402a60
  BB: 4019c8 in func 4017c0 with 3 insts
    I: 4019c8
    I: 4019ce
    I: 4019d3 (flow 4029f6)
      Successors: 4019d9, 4029f6
  BB: 401dcd in func 4017c0 with 1 insts
    I: 401dcd (flow 401dd2)
      Successors: 401dd2
  BB: 401fce in func 4017c0 with 17 insts
    I: 401fce
    I: 401fd2
    I: 401fd6
    I: 401fd9 (flow 4060d8)
    I: 401fde
    I: 401fe1
    I: 401fe5
    I: 401fe9
    I: 401fec (flow 4060d8)
    I: 401ff1
    I: 401ff4
    I: 401ff7
    I: 401ffc
    I: 402001
    I: 402004
    I: 402007
    I: 40200d (flow 402a60)
      Successors: 402a60
  BB: 401dd2 in func 4017c0 with 3 insts
    I: 401dd2
    I: 401dd8
    I: 401ddd (flow 4020cd)
      Successors: 401de3, 4020cd
  BB: 401bd3 in func 4017c0 with 1 insts
    I: 401bd3 (flow 401bd8)
      Successors: 401bd8
  BB: 4029d2 in func 4017c0 with 8 insts
    I: 4029d2
    I: 4029d8
    I: 4029db
    I: 4029de
    I: 4029e1
    I: 4029e3
    I: 4029e7
    I: 4029f1 (flow 402a60)
      Successors: 402a60
  BB: 401bd8 in func 4017c0 with 3 insts
    I: 401bd8
    I: 401bde
    I: 401be3 (flow 402194)
      Successors: 401be9, 402194
  BB: 4019d9 in func 4017c0 with 1 insts
    I: 4019d9 (flow 4019de)
      Successors: 4019de
  BB: 4019de in func 4017c0 with 3 insts
    I: 4019de
    I: 4019e4
    I: 4019e9 (flow 4020eb)
      Successors: 4020eb, 4019ef
  BB: 401de3 in func 4017c0 with 1 insts
    I: 401de3 (flow 401de8)
      Successors: 401de8
  BB: 401de8 in func 4017c0 with 3 insts
    I: 401de8
    I: 401dee
    I: 401df3 (flow 40286a)
      Successors: 401df9, 40286a
  BB: 401be9 in func 4017c0 with 1 insts
    I: 401be9 (flow 401bee)
      Successors: 401bee
  BB: 4025ed in func 4017c0 with 7 insts
    I: 4025ed
    I: 4025f0
    I: 4025f5
    I: 4025fa
    I: 4025fd
    I: 402600
    I: 402606 (flow 402a60)
      Successors: 402a60
  BB: 401bee in func 4017c0 with 3 insts
    I: 401bee
    I: 401bf4
    I: 401bf9 (flow 4028ce)
      Successors: 4028ce, 401bff
  BB: 4019ef in func 4017c0 with 1 insts
    I: 4019ef (flow 4019f4)
      Successors: 4019f4
  BB: 4019f4 in func 4017c0 with 3 insts
    I: 4019f4
    I: 4019fa
    I: 4019ff (flow 401fce)
      Successors: 401a05, 401fce
  BB: 4029f6 in func 4017c0 with 2 insts
    I: 4029f6
    I: 402a00 (flow 402a60)
      Successors: 402a60
  BB: 401df9 in func 4017c0 with 1 insts
    I: 401df9 (flow 401dfe)
      Successors: 401dfe
  BB: 401dfe in func 4017c0 with 3 insts
    I: 401dfe
    I: 401e04
    I: 401e09 (flow 402824)
      Successors: 402824, 401e0f
  BB: 401bff in func 4017c0 with 1 insts
    I: 401bff (flow 401c04)
      Successors: 401c04
Recovering 402a70
  Analysing subroutine sub_402A70 at 402a70
  Subroutine sub_402A70 at 402a70 has 52 blocks
  BB: 402b02 in func 402a70 with 3 insts
    I: 402b02
    I: 402b05
    I: 402b0a (flow 402d15)
      Successors: 402b10, 402d15
  BB: 402d82 in func 402a70 with 12 insts
    I: 402d82
    I: 402d86 (imm 404013)
    I: 402d90
    I: 402d92 (flow 4060e8)
    I: 402d97
    I: 402d9b
    I: 402d9e
    I: 402da3
    I: 402da8
    I: 402dab
    I: 402dae
    I: 402db1 (flow 402ef0)
      Successors: 402ef0
  BB: 402b82 in func 402a70 with 1 insts
    I: 402b82 (flow 402b87)
      Successors: 402b87
  BB: 402b87 in func 402a70 with 3 insts
    I: 402b87
    I: 402b8a
    I: 402b8f (flow 402d82)
      Successors: 402d82, 402b95
  BB: 402e8a in func 402a70 with 19 insts
    I: 402e8a
    I: 402e8d
    I: 402e91
    I: 402e94
    I: 402e97
    I: 402e9b
    I: 402e9f
    I: 402ea2 (mem 406094)
    I: 402ea9
    I: 402eac (mem 406094)
    I: 402eb3 (imm 404010)
    I: 402ebd (imm 406090)
    I: 402ec7
    I: 402ec9 (flow 4060e8)
    I: 402ece
    I: 402ed0
    I: 402ed4
    I: 402ed6
    I: 402edd (flow 402ef0)
      Successors: 402ef0
  BB: 402c0b in func 402a70 with 45 insts
    I: 402c0b
    I: 402c0e
    I: 402c12
    I: 402c15
    I: 402c19
    I: 402c1c
    I: 402c20
    I: 402c24
    I: 402c27
    I: 402c2a
    I: 402c2e
    I: 402c31
    I: 402c35 (mem 406094)
    I: 402c3c
    I: 402c3f (mem 406094)
    I: 402c46 (imm 404010)
    I: 402c50 (imm 406090)
    I: 402c5a
    I: 402c5c (flow 4060e8)
    I: 402c61
    I: 402c63
    I: 402c67
    I: 402c69
    I: 402c6c
    I: 402c6f
    I: 402c71
    I: 402c74 (imm 4060a8)
    I: 402c7b
    I: 402c7d (imm 4060ac)
    I: 402c84
    I: 402c86
    I: 402c88
    I: 402c8b
    I: 402c8e
    I: 402c91
    I: 402c94
    I: 402c97
    I: 402c9a
    I: 402c9d
    I: 402c9f
    I: 402ca4
    I: 402ca9
    I: 402cac
    I: 402caf
    I: 402cb2 (flow 402ef0)
      Successors: 402ef0
  BB: 402b10 in func 402a70 with 1 insts
    I: 402b10 (flow 402b15)
      Successors: 402b15
  BB: 402b15 in func 402a70 with 3 insts
    I: 402b15
    I: 402b18
    I: 402b1d (flow 402c0b)
      Successors: 402c0b, 402b23
  BB: 402b95 in func 402a70 with 1 insts
    I: 402b95 (flow 402b9a)
      Successors: 402b9a
  BB: 402e17 in func 402a70 with 5 insts
    I: 402e17 (mem 406050)
    I: 402e1e
    I: 402e21 (mem 406050)
    I: 402e28
    I: 402e2f (flow 402ef0)
      Successors: 402ef0
  BB: 402d15 in func 402a70 with 21 insts
    I: 402d15
    I: 402d19
    I: 402d1c (imm 4060a8)
    I: 402d23
    I: 402d25 (imm 4060ac)
    I: 402d2c
    I: 402d2e
    I: 402d30
    I: 402d33
    I: 402d36
    I: 402d39
    I: 402d3c
    I: 402d3f
    I: 402d42
    I: 402d45
    I: 402d47
    I: 402d4c
    I: 402d51
    I: 402d54
    I: 402d57
    I: 402d5a (flow 402ef0)
      Successors: 402ef0
  BB: 402b9a in func 402a70 with 3 insts
    I: 402b9a
    I: 402b9d
    I: 402ba2 (flow 402e34)
      Successors: 402ba8, 402e34
  BB: 402b23 in func 402a70 with 1 insts
    I: 402b23 (flow 402b28)
      Successors: 402b28
  BB: 402b28 in func 402a70 with 3 insts
    I: 402b28
    I: 402b2b
    I: 402b30 (flow 402cd2)
      Successors: 402cd2, 402b36
  BB: 402ba8 in func 402a70 with 1 insts
    I: 402ba8 (flow 402bad)
      Successors: 402bad
  BB: 402bad in func 402a70 with 3 insts
    I: 402bad
    I: 402bb0
    I: 402bb5 (flow 402e8a)
      Successors: 402e8a, 402bbb
  BB: 402ab3 in func 402a70 with 4 insts
    I: 402ab3
    I: 402ab6
    I: 402ab9
    I: 402abe (flow 402de1)
      Successors: 402de1, 402ac4
  BB: 402e34 in func 402a70 with 13 insts
    I: 402e34 (flow 4017c0)
    I: 402e39
    I: 402e3b (imm 40401d)
    I: 402e45 (imm 40401a)
    I: 402e4f
    I: 402e52
    I: 402e56 (imm 404016)
    I: 402e60
    I: 402e62 (flow 4060e0)
    I: 402e67
    I: 402e6b
    I: 402e6e
    I: 402e75 (flow 402ef0)
      Successors: 402ef0
  BB: 402b36 in func 402a70 with 1 insts
    I: 402b36 (flow 402b3b)
      Successors: 402b3b
  BB: 402cb7 in func 402a70 with 7 insts
    I: 402cb7
    I: 402cba
    I: 402cbf
    I: 402cc4
    I: 402cc7
    I: 402cca
    I: 402ccd (flow 402ef0)
      Successors: 402ef0
  BB: 402db6 in func 402a70 with 8 insts
    I: 402db6
    I: 402dba
    I: 402dbd
    I: 402dc2
    I: 402dc7
    I: 402dca
    I: 402dcd
    I: 402dd0 (flow 402ef0)
      Successors: 402ef0
  BB: 402b3b in func 402a70 with 3 insts
    I: 402b3b
    I: 402b3e
    I: 402b43 (flow 402ee2)
      Successors: 402b49, 402ee2
  BB: 402bbb in func 402a70 with 1 insts
    I: 402bbb (flow 402bc0)
      Successors: 402bc0
  BB: 402bc0 in func 402a70 with 3 insts
    I: 402bc0
    I: 402bc3
    I: 402bc8 (flow 402cb7)
      Successors: 402bce, 402cb7
  BB: 402ac4 in func 402a70 with 1 insts
    I: 402ac4 (flow 402ac9)
      Successors: 402ac9
  BB: 402ac9 in func 402a70 with 3 insts
    I: 402ac9
    I: 402acc
    I: 402ad1 (flow 402e7a)
      Successors: 402e7a, 402ad7
  BB: 402b49 in func 402a70 with 1 insts
    I: 402b49 (flow 402b4e)
      Successors: 402b4e
  BB: 402b4e in func 402a70 with 3 insts
    I: 402b4e
    I: 402b51
    I: 402b56 (flow 402e17)
      Successors: 402b5c, 402e17
  BB: 402bce in func 402a70 with 1 insts
    I: 402bce (flow 402bd3)
      Successors: 402bd3
  BB: 402cd2 in func 402a70 with 19 insts
    I: 402cd2 (imm 4060a8)
    I: 402cd9
    I: 402cdb (imm 4060ac)
    I: 402ce2
    I: 402ce4
    I: 402ce6
    I: 402ce9
    I: 402cec
    I: 402cef
    I: 402cf2
    I: 402cf5
    I: 402cf8
    I: 402cfb
    I: 402cfd
    I: 402d02
    I: 402d07
    I: 402d0a
    I: 402d0d
    I: 402d10 (flow 402ef0)
      Successors: 402ef0
  BB: 402bd3 in func 402a70 with 3 insts
    I: 402bd3
    I: 402bd6
    I: 402bdb (flow 402d5f)
      Successors: 402be1, 402d5f
  BB: 402dd5 in func 402a70 with 2 insts
    I: 402dd5
    I: 402ddc (flow 402ef0)
      Successors: 402ef0
  BB: 402ad7 in func 402a70 with 1 insts
    I: 402ad7 (flow 402adc)
      Successors: 402adc
  BB: 402b5c in func 402a70 with 1 insts
    I: 402b5c (flow 402b61)
      Successors: 402b61
  BB: 402adc in func 402a70 with 3 insts
    I: 402adc
    I: 402adf
    I: 402ae4 (flow 402beb)
      Successors: 402aea, 402beb
  BB: 402d5f in func 402a70 with 2 insts
    I: 402d5f
    I: 402d66 (flow 402ef0)
      Successors: 402ef0
  BB: 402b61 in func 402a70 with 3 insts
    I: 402b61
    I: 402b64
    I: 402b69 (flow 402d6b)
      Successors: 402d6b, 402b6f
  BB: 402be1 in func 402a70 with 1 insts
    I: 402be1 (flow 402be6)
      Successors: 402be6
  BB: 402de1 in func 402a70 with 9 insts
    I: 402de1 (mem 406050)
    I: 402de9 (imm 406060)
    I: 402df3
    I: 402df7
    I: 402dfa (imm 404010)
    I: 402e04
    I: 402e06 (flow 4060e8)
    I: 402e0b
    I: 402e12 (flow 402ef0)
      Successors: 402ef0
  BB: 402ee2 in func 402a70 with 3 insts
    I: 402ee2
    I: 402ee6
    I: 402ee9
      Successors: 402ef0
  BB: 402be6 in func 402a70 with 1 insts
    I: 402be6 (flow 402ef0)
      Successors: 402ef0
  BB: 402aea in func 402a70 with 1 insts
    I: 402aea (flow 402aef)
      Successors: 402aef
  BB: 402beb in func 402a70 with 9 insts
    I: 402beb
    I: 402bee
    I: 402bf1
    I: 402bf3
    I: 402bf8
    I: 402bfd
    I: 402c00
    I: 402c03
    I: 402c06 (flow 402ef0)
      Successors: 402ef0
  BB: 402d6b in func 402a70 with 3 insts
    I: 402d6b (mem 406050)
    I: 402d76
    I: 402d7d (flow 402ef0)
      Successors: 402ef0
  BB: 402aef in func 402a70 with 3 insts
    I: 402aef
    I: 402af2
    I: 402af7 (flow 402db6)
      Successors: 402afd, 402db6
  BB: 402a70 in func 402a70 with 20 insts
    I: 402a70
    I: 402a71
    I: 402a74
    I: 402a78 (imm 4060a8)
    I: 402a7f
    I: 402a81 (imm 4060ac)
    I: 402a88
    I: 402a8a
    I: 402a8c
    I: 402a8f
    I: 402a92
    I: 402a95
    I: 402a98
    I: 402a9b
    I: 402a9e
    I: 402aa1
    I: 402aa4
    I: 402aa7
    I: 402aa9
    I: 402aac
      Successors: 402ab3
  BB: 402b6f in func 402a70 with 1 insts
    I: 402b6f (flow 402b74)
      Successors: 402b74
  BB: 402ef0 in func 402a70 with 1 insts
    I: 402ef0 (flow 402ab3)
      Successors: 402ab3
  BB: 402b74 in func 402a70 with 3 insts
    I: 402b74
    I: 402b77
    I: 402b7c (flow 402dd5)
      Successors: 402b82, 402dd5
  BB: 402ef5 in func 402a70 with 2 insts
    I: 402ef5
    I: 402eff
      No successors
  BB: 402e7a in func 402a70 with 7 insts
    I: 402e7a
    I: 402e7e
    I: 402e80
    I: 402e82
    I: 402e85
    I: 402e88
    I: 402e89
      No successors
  BB: 402afd in func 402a70 with 1 insts
    I: 402afd (flow 402b02)
      Successors: 402b02
Recovering main at 402f00
  Analysing subroutine main at 402f00
    Block head at 00403086 is not code.
  Subroutine main at 402f00 has 24 blocks
  BB: 402f00 in func 402f00 with 8 insts
    Referenced by data
    I: 402f00
    I: 402f01
    I: 402f04
    I: 402f08
    I: 402f0f
    I: 402f12
    I: 402f16 (mem 406094)
    I: 402f21
      Successors: 402f28
  BB: 403081 in func 402f00 with 1 insts
    I: 403081 (flow 402f28)
      Successors: 402f28
  BB: 402f85 in func 402f00 with 1 insts
    I: 402f85 (flow 402f8a)
      Successors: 402f8a
  BB: 402f8a in func 402f00 with 3 insts
    I: 402f8a
    I: 402f8d
    I: 402f92 (flow 402fd4)
      Successors: 402f98, 402fd4
  BB: 402f98 in func 402f00 with 1 insts
    I: 402f98 (flow 402f9d)
      Successors: 402f9d
  BB: 402f9d in func 402f00 with 3 insts
    I: 402f9d
    I: 402fa0
    I: 402fa5 (flow 403023)
      Successors: 403023, 402fab
  BB: 403023 in func 402f00 with 19 insts
    I: 403023 (imm 406098)
    I: 40302a
    I: 40302c (imm 4060b0)
    I: 403033
    I: 403035
    I: 403037
    I: 40303a
    I: 40303d
    I: 403040
    I: 403043
    I: 403046
    I: 403049
    I: 40304c
    I: 40304e
    I: 403053
    I: 403058
    I: 40305b
    I: 40305e
    I: 403061 (flow 403081)
      Successors: 403081
  BB: 402f28 in func 402f00 with 4 insts
    I: 402f28
    I: 402f2b
    I: 402f2e
    I: 402f33 (flow 40307a)
      Successors: 402f39, 40307a
  BB: 402fab in func 402f00 with 1 insts
    I: 402fab (flow 402fb0)
      Successors: 402fb0
  BB: 402fb0 in func 402f00 with 1 insts
    I: 402fb0 (flow 403081)
      Successors: 403081
  BB: 402fb5 in func 402f00 with 8 insts
    I: 402fb5 (flow 402a70)
    I: 402fba
    I: 402fbc
    I: 402fc1
    I: 402fc6
    I: 402fc9
    I: 402fcc
    I: 402fcf (flow 403081)
      Successors: 403081
  BB: 402f39 in func 402f00 with 1 insts
    I: 402f39 (flow 402f3e)
      Successors: 402f3e
  BB: 402f3e in func 402f00 with 3 insts
    I: 402f3e
    I: 402f41
    I: 402f46 (flow 403072)
      Successors: 403072, 402f4c
  BB: 402f4c in func 402f00 with 1 insts
    I: 402f4c (flow 402f51)
      Successors: 402f51
  BB: 402f51 in func 402f00 with 3 insts
    I: 402f51
    I: 402f54
    I: 402f59 (flow 403066)
      Successors: 403066, 402f5f
  BB: 402fd4 in func 402f00 with 2 insts
    I: 402fd4
    I: 402fdb (flow 403081)
      Successors: 403081
  BB: 402f5f in func 402f00 with 1 insts
    I: 402f5f (flow 402f64)
      Successors: 402f64
  BB: 402fe0 in func 402f00 with 19 insts
    I: 402fe0 (imm 406098)
    I: 402fe7
    I: 402fe9 (imm 4060b0)
    I: 402ff0
    I: 402ff2
    I: 402ff4
    I: 402ff7
    I: 402ffa
    I: 402ffd
    I: 403000
    I: 403003
    I: 403006
    I: 403009
    I: 40300b
    I: 403010
    I: 403015
    I: 403018
    I: 40301b
    I: 40301e (flow 403081)
      Successors: 403081
  BB: 402f64 in func 402f00 with 3 insts
    I: 402f64
    I: 402f67
    I: 402f6c (flow 402fb5)
      Successors: 402f72, 402fb5
  BB: 403066 in func 402f00 with 2 insts
    I: 403066
    I: 40306d (flow 403081)
      Successors: 403081
  BB: 402f72 in func 402f00 with 1 insts
    I: 402f72 (flow 402f77)
      Successors: 402f77
  BB: 403072 in func 402f00 with 4 insts
    I: 403072
    I: 403074
    I: 403078
    I: 403079
      No successors
  BB: 402f77 in func 402f00 with 3 insts
    I: 402f77
    I: 402f7a
    I: 402f7f (flow 402fe0)
      Successors: 402fe0, 402f85
  BB: 40307a in func 402f00 with 1 insts
    I: 40307a
      Successors: 403081
Recovering .term_proc at 403088
  Analysing subroutine .term_proc at 403088
    Block head at 00403095 is not code.
  Subroutine .term_proc at 403088 has 1 blocks
  BB: 403088 in func 403088 with 4 insts
    I: 403088
    I: 40308c
    I: 403090
    I: 403094
      No successors
Global Variable None
WARNING: Global constructor and destructor sections are adjacent!
Recovering region LOAD [400000, 4005e8) in segment LOAD
  8-byte reference at 400018 to 401090 (start)
  8-byte reference at 4000f8 to 401000 (.init_proc)
  8-byte reference at 400130 to 404000 ()
  8-byte reference at 400168 to 405de8 ()
  8-byte reference at 400280 to 404020 ()
  8-byte reference at 4002f0 to 405de8 ()
Recovering region .init [401000, 40101b) in segment .init
Recovering region LOAD [40101b, 401020) in segment LOAD
Recovering region .plt [401020, 401090) in segment .plt
Recovering region .text [401090, 403086) in segment .text
Recovering region LOAD [403086, 403088) in segment LOAD
Recovering region .fini [403088, 403095) in segment .fini
Recovering region .rodata [404000, 404020) in segment .rodata
  Variable format at 404016
  Variable aOk at 40401a
  Variable aNa at 40401d
Recovering region .eh_frame_hdr [404020, 40406c) in segment .eh_frame_hdr
Recovering region LOAD [40406c, 404070) in segment LOAD
Recovering region .eh_frame [404070, 404190) in segment .eh_frame
Recovering region LOAD [404190, 4041d0) in segment LOAD
Recovering region .init_array [405de8, 405df8) in segment .init_array
  8-byte reference at 405de8 to 401170 ()
  8-byte reference at 405df0 to 401140 ()
Recovering region LOAD [405df8, 405fd8) in segment LOAD
Recovering region .got [405fd8, 405fe8) in segment .got
  8-byte reference at 405fd8 to 4060c0 (__libc_start_main)
  8-byte reference at 405fe0 to 4060f8 (__gmon_start__)
Recovering region .got.plt [405fe8, 406030) in segment .got.plt
  8-byte reference at 406000 to 4060c8 (round)
  8-byte reference at 406008 to 4060d0 (qsort)
  8-byte reference at 406010 to 4060d8 (abs)
  8-byte reference at 406018 to 4060e0 (printf)
  8-byte reference at 406020 to 4060e8 (__isoc99_scanf)
  8-byte reference at 406028 to 4060f0 (sqrt)
Recovering region .data [406030, 406040) in segment .data
Recovering region .bss [406040, 4060c0) in segment .bss
Recovering extern function round at 401030
Recovering extern function qsort at 401040
Recovering extern function abs at 401050
Recovering extern function printf at 401060
Recovering extern function __isoc99_scanf at 401070
Recovering extern function sqrt at 401080
Recovering extern function __libc_start_main at 4060c0
Recovering extern function round at 4060c8
Recovering extern function qsort at 4060d0
Recovering extern function abs at 4060d8
Recovering extern function printf at 4060e0
Recovering extern function __isoc99_scanf at 4060e8
Recovering extern function sqrt at 4060f0
Recovering extern function __gmon_start__ at 4060f8
Recovered 12 functions.
Saving to: /home/ubuntu/capstone_project/result/pipeline_20260629_141746/s736900082_fla_bcf.cfg
Done analysis!
