Debugging is enabled.
Loading Standard Definitions file: /home/ubuntu/capstone_project/dependency/mcsema/mcsema/lib/python3/site-packages/mcsema_disass-3.1.3.8-py3.8.egg/mcsema_disass/defs/linux.txt
Using Batch mode.
Starting analysis
Recovering module s737032661_bcf.elf
Found main at 401140
Looking for instructions in segment .init
  Default block heads for function 401000 with loose bounds [401000, 40101b)
    block [401000, 401014)
    block [401014, 401016)
    block [401016, 40101b)
    chunk [401000, 40101b)
Looking for instructions in segment .plt
  Default block heads for function 401020 with loose bounds [401020, 40102c)
    block [401020, 40102c)
    chunk [401020, 40102c)
  Default block heads for function 401030 with loose bounds [401030, 401036)
    block [401030, 401036)
    chunk [401030, 401036)
  Default block heads for function 401040 with loose bounds [401040, 401046)
    block [401040, 401046)
    chunk [401040, 401046)
Looking for instructions in segment .text
  Default block heads for function 401050 with loose bounds [401050, 401076)
    block [401050, 401076)
    chunk [401050, 401076)
  Default block heads for function 401090 with loose bounds [401090, 4010b1)
    block [401090, 40109d)
    block [40109d, 4010a7)
    block [4010a7, 4010ae)
    block [4010b0, 4010b1)
    chunk [401090, 4010b1)
  Default block heads for function 401100 with loose bounds [401100, 401121)
    block [401100, 40110d)
    block [40110d, 40111f)
    block [401120, 401121)
    chunk [401100, 401121)
  Default block heads for function 401130 with loose bounds [401130, 401136)
    block [401130, 401136)
    chunk [401130, 401136)
    chunk [4010c0, 4010f1)
  Default block heads for function 401140 with loose bounds [401140, 401b20)
    block [401140, 4011bd)
    block [4011bd, 4011da)
    block [4011da, 40120d)
    block [40120d, 401212)
    block [401212, 40124f)
    block [40124f, 401254)
    block [401254, 40125f)
    block [40125f, 401264)
    block [401264, 401297)
    block [401297, 40129c)
    block [40129c, 4012e7)
    block [4012e7, 4012ec)
    block [4012ec, 4012f1)
    block [4012f1, 4012fb)
    block [4012fb, 401318)
    block [401318, 401322)
    block [401322, 40133a)
    block [40133a, 40133f)
    block [40133f, 401344)
    block [401344, 401349)
    block [401349, 401353)
    block [401353, 401370)
    block [401370, 40137a)
    block [40137a, 4013ad)
    block [4013ad, 4013b2)
    block [4013b2, 4013fd)
    block [4013fd, 401402)
    block [401402, 401407)
    block [401407, 401411)
    block [401411, 40142e)
    block [40142e, 401438)
    block [401438, 401450)
    block [401450, 401455)
    block [401455, 40145a)
    block [40145a, 40145f)
    block [40145f, 401469)
    block [401469, 401486)
    block [401486, 4014b9)
    block [4014b9, 4014be)
    block [4014be, 4014fb)
    block [4014fb, 401500)
    block [401500, 40150b)
    block [40150b, 401510)
    block [401510, 40152d)
    block [40152d, 401537)
    block [401537, 401554)
    block [401554, 401587)
    block [401587, 40158c)
    block [40158c, 4015c9)
    block [4015c9, 4015ce)
    block [4015ce, 4015d9)
    block [4015d9, 4015de)
    block [4015de, 401611)
    block [401611, 401616)
    block [401616, 401661)
    block [401661, 401666)
    block [401666, 40166b)
    block [40166b, 40169e)
    block [40169e, 4016a3)
    block [4016a3, 4016d6)
    block [4016d6, 4016db)
    block [4016db, 4016e0)
    block [4016e0, 4016e5)
    block [4016e5, 401718)
    block [401718, 40171d)
    block [40171d, 401750)
    block [401750, 401755)
    block [401755, 40175a)
    block [40175a, 401764)
    block [401764, 401797)
    block [401797, 40179c)
    block [40179c, 4017e7)
    block [4017e7, 4017ec)
    block [4017ec, 4017f1)
    block [4017f1, 401824)
    block [401824, 401829)
    block [401829, 401866)
    block [401866, 40186b)
    block [40186b, 401876)
    block [401876, 40187b)
    block [40187b, 401898)
    block [401898, 4018a2)
    block [4018a2, 4018bf)
    block [4018bf, 4018f2)
    block [4018f2, 4018f7)
    block [4018f7, 401934)
    block [401934, 401939)
    block [401939, 401944)
    block [401944, 401949)
    block [401949, 40197c)
    block [40197c, 401981)
    block [401981, 4019cc)
    block [4019cc, 4019d1)
    block [4019d1, 4019d6)
    block [4019d6, 4019db)
    block [4019db, 4019e0)
    block [4019e0, 4019e5)
    block [4019e5, 401a18)
    block [401a18, 401a1d)
    block [401a1d, 401a50)
    block [401a50, 401a55)
    block [401a55, 401a5d)
    block [401a5d, 401a62)
    block [401a62, 401a81)
    block [401a81, 401aa0)
    block [401aa0, 401aa5)
    block [401aa5, 401aaa)
    block [401aaa, 401ac9)
    block [401ac9, 401ace)
    block [401ace, 401ad3)
    block [401ad3, 401af2)
    block [401af2, 401af7)
    block [401af7, 401afc)
    block [401afc, 401b1b)
    block [401b1b, 401b20)
    chunk [401140, 401b20)
Looking for instructions in segment .fini
  Default block heads for function 401b20 with loose bounds [401b20, 401b2d)
    block [401b20, 401b2d)
    chunk [401b20, 401b2d)
Looking for strings in segment .rodata [402000, 40200e)
  Found string b'%d %d' of length 6 at 402004, jumping to 40200a
  Found string b'%d\n' of length 4 at 40200a, jumping to 40200e
Looking for strings in segment .eh_frame_hdr [402010, 40203c)
Looking for strings in segment .eh_frame [402040, 4020d0)
Looking for strings in segment .init_array [403de8, 403df0)
Looking for strings in segment .fini_array [403df0, 403df8)
Looking for strings in segment .got [403fd8, 403fe8)
Looking for strings in segment .got.plt [403fe8, 404010)
Looking for strings in segment .data [404010, 404020)
Looking for strings in segment .bss [404020, 404030)
Looking for strings in segment extern [404030, 404050)
Looking for cross-references in segment .init [401000, 40101b)
Looking for cross-references in segment .plt [401020, 401050)
  Stopping scan at 40102c
Looking for cross-references in segment .text [401050, 401b20)
  Stopping scan at 40107c
  Stopping scan at 40108c
  Stopping scan at ffffffffffffffff
  Stopping scan at 4010bc
  Stopping scan at 4010fc
  Stopping scan at ffffffffffffffff
  Stopping scan at 40112c
  Stopping scan at 40113c
Looking for cross-references in segment .fini [401b20, 401b2d)
Looking for cross-references in segment .rodata [402000, 40200e)
  Found string at 402004, jumping to 40200a
  Found string at 40200a, jumping to 40200e
  Stopping scan at 40200a
Looking for cross-references in segment .eh_frame_hdr [402010, 40203c)
  Stopping scan at 402038
Looking for cross-references in segment .eh_frame [402040, 4020d0)
  Stopping scan at 4020cc
Looking for cross-references in segment .init_array [403de8, 403df0)
  Adding qword reference from 403de8 to 401130
  Stopping scan at 403de8
Looking for cross-references in segment .fini_array [403df0, 403df8)
  Adding qword reference from 403df0 to 401100
  Stopping scan at 403df0
Looking for cross-references in segment .got [403fd8, 403fe8)
  Adding qword reference from 403fd8 to 404030
  Adding qword reference from 403fe0 to 404048
  Stopping scan at 403fe0
Looking for cross-references in segment .got.plt [403fe8, 404010)
  Adding qword reference from 404000 to 404038
  Adding qword reference from 404008 to 404040
  Stopping scan at 404008
Looking for cross-references in segment .data [404010, 404020)
  Stopping scan at 40401c
Looking for cross-references in segment .bss [404020, 404030)
  Stopping scan at 40402c
Looking for cross-references in segment extern [404030, 404050)
  Stopping scan at 40404c
Looking for thunks
  Found thunk for printf targeting 404038 at 401030
  Found thunk for __isoc99_scanf targeting 404040 at 401040
Looking for external symbols
  Function at 401030 is the external function printf
  Function at 401040 is the external function __isoc99_scanf
  Function at 404030 is the external function __libc_start_main
  Function at 404038 is the external function printf
  Function at 404040 is the external function __isoc99_scanf
  Function at 404048 is the external function __gmon_start__
Looking for entrypoints
Recovering .init_proc at 401000
  Analysing subroutine .init_proc at 401000
    Block head at 0040101b is not code.
  Subroutine .init_proc at 401000 has 3 blocks
  BB: 401000 in func 401000 with 5 insts
    Referenced by data
    I: 401000
    I: 401004
    I: 401008 (mem 403fe0)
    I: 40100f
    I: 401012 (flow 401016)
      Successors: 401014, 401016
  BB: 401014 in func 401000 with 1 insts
    I: 401014
      Successors: 401016
  BB: 401016 in func 401000 with 2 insts
    I: 401016
    I: 40101a
      No successors
Recovering 401020
  Analysing subroutine sub_401020 at 401020
  WARNING: No table entries for indirect jump at 401026; Adding next_ea 40102c as successor.
  Subroutine sub_401020 at 401020 has 2 blocks
  WARNING: No table entries for indirect jump at 401026; Adding next_ea 40102c as successor.
  BB: 401020 in func 401020 with 2 insts
    I: 401020 (mem 403ff0)
    I: 401026 (mem 403ff8)
      Successors: 40102c
  BB: 40102c in func 401020 with 1 insts
    I: 40102c
      No successors
Recovering start at 401050
  Analysing subroutine start at 401050
  Subroutine start at 401050 has 3 blocks
  BB: 401050 in func 401050 with 13 insts
    Referenced by data
    I: 401050
    I: 401054
    I: 401056
    I: 401059
    I: 40105a
    I: 40105d
    I: 401061
    I: 401062
    I: 401063
    I: 401066
    I: 401068 (imm 401140)
    I: 40106f (mem 403fd8)
    I: 401075
      No successors
  BB: 401085 in func 401050 with 2 insts
    I: 401085
    I: 40108f
      No successors
  BB: 401076 in func 401050 with 3 insts
    I: 401076
    I: 401080
    I: 401084
      No successors
Recovering 401090
  Analysing subroutine sub_401090 at 401090
  WARNING: No table entries for indirect jump at 4010ac; Adding next_ea 4010ae as successor.
  WARNING: No table entries for indirect jump at 4010ee; Adding next_ea 4010f0 as successor.
  Subroutine sub_401090 at 401090 has 11 blocks
  BB: 4010c0 in func 401090 with 8 insts
    I: 4010c0 (imm 404020)
    I: 4010c5 (imm 404020)
    I: 4010cc
    I: 4010cf
    I: 4010d3
    I: 4010d7
    I: 4010da
    I: 4010dd (flow 4010f0)
      Successors: 4010f0, 4010df
  WARNING: No table entries for indirect jump at 4010ac; Adding next_ea 4010ae as successor.
  BB: 4010a7 in func 401090 with 2 insts
    I: 4010a7 (imm 404020)
    I: 4010ac
      Successors: 4010ae
  WARNING: No table entries for indirect jump at 4010ee; Adding next_ea 4010f0 as successor.
  BB: 4010e9 in func 401090 with 2 insts
    I: 4010e9 (imm 404020)
    I: 4010ee
      Successors: 4010f0
  BB: 4010ae in func 401090 with 1 insts
    I: 4010ae
      Successors: 4010b0
  BB: 401090 in func 401090 with 3 insts
    I: 401090 (imm 404020)
    I: 401095 (imm 404020)
    I: 40109b (flow 4010b0)
      Successors: 4010b0, 40109d
  BB: 4010b0 in func 401090 with 1 insts
    I: 4010b0
      No successors
  BB: 4010b1 in func 401090 with 2 insts
    I: 4010b1
    I: 4010b5
      Successors: 4010c0
  BB: 4010f0 in func 401090 with 1 insts
    I: 4010f0
      No successors
  BB: 4010f1 in func 401090 with 2 insts
    I: 4010f1
    I: 4010f5
      No successors
  BB: 40109d in func 401090 with 3 insts
    I: 40109d
    I: 4010a2
    I: 4010a5 (flow 4010b0)
      Successors: 4010b0, 4010a7
  BB: 4010df in func 401090 with 3 insts
    I: 4010df
    I: 4010e4
    I: 4010e7 (flow 4010f0)
      Successors: 4010f0, 4010e9
Recovering 401100
  Analysing subroutine sub_401100 at 401100
  Subroutine sub_401100 at 401100 has 5 blocks
  BB: 401100 in func 401100 with 3 insts
    Referenced by data
    I: 401100
    I: 401104 (mem 404020)
    I: 40110b (flow 401120)
      Successors: 401120, 40110d
  BB: 401121 in func 401100 with 2 insts
    I: 401121
    I: 401125
      No successors
  BB: 401120 in func 401100 with 1 insts
    I: 401120
      No successors
  BB: 40110d in func 401100 with 6 insts
    I: 40110d
    I: 40110e
    I: 401111 (flow 401090)
    I: 401116 (mem 404020)
    I: 40111d
    I: 40111e
      No successors
  BB: 40111f in func 401100 with 1 insts
    I: 40111f
      Successors: 401120
Recovering 401130
  Analysing subroutine sub_401130 at 401130
  WARNING: No table entries for indirect jump at 4010ee; Adding next_ea 4010f0 as successor.
  Subroutine sub_401130 at 401130 has 6 blocks
  BB: 4010c0 in func 401130 with 8 insts
    I: 4010c0 (imm 404020)
    I: 4010c5 (imm 404020)
    I: 4010cc
    I: 4010cf
    I: 4010d3
    I: 4010d7
    I: 4010da
    I: 4010dd (flow 4010f0)
      Successors: 4010f0, 4010df
  WARNING: No table entries for indirect jump at 4010ee; Adding next_ea 4010f0 as successor.
  BB: 4010e9 in func 401130 with 2 insts
    I: 4010e9 (imm 404020)
    I: 4010ee
      Successors: 4010f0
  BB: 401130 in func 401130 with 2 insts
    Referenced by data
    I: 401130
    I: 401134 (flow 4010c0)
      Successors: 4010c0
  BB: 4010f0 in func 401130 with 1 insts
    I: 4010f0
      No successors
  BB: 401136 in func 401130 with 1 insts
    I: 401136
      No successors
  BB: 4010df in func 401130 with 3 insts
    I: 4010df
    I: 4010e4
    I: 4010e7 (flow 4010f0)
      Successors: 4010f0, 4010e9
Recovering main at 401140
  Analysing subroutine main at 401140
  Subroutine main at 401140 has 115 blocks
  BB: 401402 in func 401140 with 1 insts
    I: 401402 (flow 40145a)
      Successors: 40145a
  BB: 401407 in func 401140 with 2 insts
    I: 401407
    I: 40140b (flow 40142e)
      Successors: 401411, 40142e
  BB: 40120d in func 401140 with 1 insts
    I: 40120d (flow 401a5d)
      Successors: 401a5d
  BB: 401411 in func 401140 with 5 insts
    I: 401411
    I: 401418 (imm 40200a)
    I: 401422
    I: 401424 (flow 404038)
    I: 401429 (flow 401455)
      Successors: 401455
  BB: 401212 in func 401140 with 18 insts
    I: 401212
    I: 401216
    I: 401219
    I: 40121c (imm 404024)
    I: 401223
    I: 401225 (imm 404028)
    I: 40122c
    I: 40122e
    I: 401230
    I: 401233
    I: 401236
    I: 401239
    I: 40123c
    I: 40123f
    I: 401242
    I: 401245
    I: 401247
    I: 401249 (flow 401254)
      Successors: 401254, 40124f
  BB: 401611 in func 401140 with 1 insts
    I: 401611 (flow 401aaa)
      Successors: 401aaa
  BB: 401616 in func 401140 with 19 insts
    I: 401616
    I: 40161d (imm 40200a)
    I: 401627
    I: 401629 (flow 404038)
    I: 40162e (imm 404024)
    I: 401635
    I: 401637 (imm 404028)
    I: 40163e
    I: 401640
    I: 401642
    I: 401645
    I: 401648
    I: 40164b
    I: 40164e
    I: 401651
    I: 401654
    I: 401657
    I: 401659
    I: 40165b (flow 401666)
      Successors: 401661, 401666
  BB: 401a18 in func 401140 with 1 insts
    I: 401a18 (flow 401b1b)
      Successors: 401b1b
  BB: 401a1d in func 401140 with 15 insts
    I: 401a1d (imm 404024)
    I: 401a24
    I: 401a26 (imm 404028)
    I: 401a2d
    I: 401a2f
    I: 401a31
    I: 401a34
    I: 401a37
    I: 401a3a
    I: 401a3d
    I: 401a40
    I: 401a43
    I: 401a46
    I: 401a48
    I: 401a4a (flow 401a55)
      Successors: 401a50, 401a55
  BB: 401824 in func 401140 with 1 insts
    I: 401824 (flow 401af2)
      Successors: 401af2
  BB: 401829 in func 401140 with 18 insts
    I: 401829
    I: 40182d
    I: 401830
    I: 401833 (imm 404024)
    I: 40183a
    I: 40183c (imm 404028)
    I: 401843
    I: 401845
    I: 401847
    I: 40184a
    I: 40184d
    I: 401850
    I: 401853
    I: 401856
    I: 401859
    I: 40185c
    I: 40185e
    I: 401860 (flow 40186b)
      Successors: 40186b, 401866
  BB: 40142e in func 401140 with 2 insts
    I: 40142e
    I: 401432 (flow 401450)
      Successors: 401438, 401450
  BB: 401438 in func 401140 with 4 insts
    I: 401438
    I: 40143f (imm 40200a)
    I: 401449
    I: 40144b (flow 404038)
      Successors: 401450
  BB: 40124f in func 401140 with 1 insts
    I: 40124f (flow 401a5d)
      Successors: 401a5d
  BB: 401450 in func 401140 with 1 insts
    I: 401450 (flow 401455)
      Successors: 401455
  BB: 401a50 in func 401140 with 1 insts
    I: 401a50 (flow 401b1b)
      Successors: 401b1b
  BB: 401254 in func 401140 with 3 insts
    I: 401254
    I: 401257
    I: 401259 (flow 401264)
      Successors: 401264, 40125f
  BB: 401455 in func 401140 with 1 insts
    I: 401455 (flow 40145a)
      Successors: 40145a
  BB: 401a55 in func 401140 with 4 insts
    I: 401a55
    I: 401a57
    I: 401a5b
    I: 401a5c
      No successors
  BB: 40145a in func 401140 with 1 insts
    I: 40145a (flow 40145f)
      Successors: 40145f
  BB: 401a5d in func 401140 with 1 insts
    I: 401a5d (flow 401212)
      Successors: 401212
  BB: 40125f in func 401140 with 1 insts
    I: 40125f (flow 4012f1)
      Successors: 4012f1
  BB: 40145f in func 401140 with 2 insts
    I: 40145f
    I: 401463 (flow 401486)
      Successors: 401469, 401486
  BB: 401661 in func 401140 with 1 insts
    I: 401661 (flow 401aaa)
      Successors: 401aaa
  BB: 401a62 in func 401140 with 6 insts
    I: 401a62
    I: 401a65
    I: 401a6b (imm 40200a)
    I: 401a75
    I: 401a77 (flow 404038)
    I: 401a7c (flow 40129c)
      Successors: 40129c
  BB: 401264 in func 401140 with 15 insts
    I: 401264 (imm 404024)
    I: 40126b
    I: 40126d (imm 404028)
    I: 401274
    I: 401276
    I: 401278
    I: 40127b
    I: 40127e
    I: 401281
    I: 401284
    I: 401287
    I: 40128a
    I: 40128d
    I: 40128f
    I: 401291 (flow 40129c)
      Successors: 40129c, 401297
  BB: 401666 in func 401140 with 1 insts
    I: 401666 (flow 40166b)
      Successors: 40166b
  BB: 401866 in func 401140 with 1 insts
    I: 401866 (flow 401af2)
      Successors: 401af2
  BB: 401469 in func 401140 with 5 insts
    I: 401469
    I: 401470 (imm 40200a)
    I: 40147a
    I: 40147c (flow 404038)
    I: 401481 (flow 40175a)
      Successors: 40175a
  BB: 40166b in func 401140 with 15 insts
    I: 40166b (imm 404024)
    I: 401672
    I: 401674 (imm 404028)
    I: 40167b
    I: 40167d
    I: 40167f
    I: 401682
    I: 401685
    I: 401688
    I: 40168b
    I: 40168e
    I: 401691
    I: 401694
    I: 401696
    I: 401698 (flow 4016a3)
      Successors: 4016a3, 40169e
  BB: 40186b in func 401140 with 3 insts
    I: 40186b
    I: 40186e
    I: 401870 (flow 40187b)
      Successors: 40187b, 401876
  BB: 401876 in func 401140 with 1 insts
    I: 401876 (flow 401898)
      Successors: 401898
  BB: 40187b in func 401140 with 5 insts
    I: 40187b
    I: 401882 (imm 40200a)
    I: 40188c
    I: 40188e (flow 404038)
    I: 401893 (flow 4019e0)
      Successors: 4019e0
  BB: 401a81 in func 401140 with 6 insts
    I: 401a81
    I: 401a84
    I: 401a8a (imm 40200a)
    I: 401a94
    I: 401a96 (flow 404038)
    I: 401a9b (flow 4013b2)
      Successors: 4013b2
  BB: 401486 in func 401140 with 15 insts
    I: 401486 (imm 404024)
    I: 40148d
    I: 40148f (imm 404028)
    I: 401496
    I: 401498
    I: 40149a
    I: 40149d
    I: 4014a0
    I: 4014a3
    I: 4014a6
    I: 4014a9
    I: 4014ac
    I: 4014af
    I: 4014b1
    I: 4014b3 (flow 4014be)
      Successors: 4014b9, 4014be
  BB: 401297 in func 401140 with 1 insts
    I: 401297 (flow 401a62)
      Successors: 401a62
  BB: 401898 in func 401140 with 2 insts
    I: 401898
    I: 40189c (flow 4018bf)
      Successors: 4018a2, 4018bf
  BB: 40129c in func 401140 with 19 insts
    I: 40129c
    I: 4012a3 (imm 40200a)
    I: 4012ad
    I: 4012af (flow 404038)
    I: 4012b4 (imm 404024)
    I: 4012bb
    I: 4012bd (imm 404028)
    I: 4012c4
    I: 4012c6
    I: 4012c8
    I: 4012cb
    I: 4012ce
    I: 4012d1
    I: 4012d4
    I: 4012d7
    I: 4012da
    I: 4012dd
    I: 4012df
    I: 4012e1 (flow 4012ec)
      Successors: 4012ec, 4012e7
  BB: 40169e in func 401140 with 1 insts
    I: 40169e (flow 401ac9)
      Successors: 401ac9
  BB: 401aa0 in func 401140 with 1 insts
    I: 401aa0 (flow 4014be)
      Successors: 4014be
  BB: 4018a2 in func 401140 with 5 insts
    I: 4018a2
    I: 4018a9 (imm 40200a)
    I: 4018b3
    I: 4018b5 (flow 404038)
    I: 4018ba (flow 4019db)
      Successors: 4019db
  BB: 4016a3 in func 401140 with 15 insts
    I: 4016a3 (imm 404024)
    I: 4016aa
    I: 4016ac (imm 404028)
    I: 4016b3
    I: 4016b5
    I: 4016b7
    I: 4016ba
    I: 4016bd
    I: 4016c0
    I: 4016c3
    I: 4016c6
    I: 4016c9
    I: 4016cc
    I: 4016ce
    I: 4016d0 (flow 4016db)
      Successors: 4016db, 4016d6
  BB: 401aa5 in func 401140 with 1 insts
    I: 401aa5 (flow 40158c)
      Successors: 40158c
  BB: 401aaa in func 401140 with 6 insts
    I: 401aaa
    I: 401aad
    I: 401ab3 (imm 40200a)
    I: 401abd
    I: 401abf (flow 404038)
    I: 401ac4 (flow 401616)
      Successors: 401616
  BB: 4014b9 in func 401140 with 1 insts
    I: 4014b9 (flow 401aa0)
      Successors: 401aa0
  BB: 4014be in func 401140 with 18 insts
    I: 4014be
    I: 4014c2
    I: 4014c5
    I: 4014c8 (imm 404024)
    I: 4014cf
    I: 4014d1 (imm 404028)
    I: 4014d8
    I: 4014da
    I: 4014dc
    I: 4014df
    I: 4014e2
    I: 4014e5
    I: 4014e8
    I: 4014eb
    I: 4014ee
    I: 4014f1
    I: 4014f3
    I: 4014f5 (flow 401500)
      Successors: 401500, 4014fb
  BB: 4018bf in func 401140 with 15 insts
    I: 4018bf (imm 404024)
    I: 4018c6
    I: 4018c8 (imm 404028)
    I: 4018cf
    I: 4018d1
    I: 4018d3
    I: 4018d6
    I: 4018d9
    I: 4018dc
    I: 4018df
    I: 4018e2
    I: 4018e5
    I: 4018e8
    I: 4018ea
    I: 4018ec (flow 4018f7)
      Successors: 4018f2, 4018f7
  BB: 401ac9 in func 401140 with 1 insts
    I: 401ac9 (flow 4016a3)
      Successors: 4016a3
  BB: 401ace in func 401140 with 1 insts
    I: 401ace (flow 40171d)
      Successors: 40171d
  BB: 401ad3 in func 401140 with 6 insts
    I: 401ad3
    I: 401ad6
    I: 401adc (imm 40200a)
    I: 401ae6
    I: 401ae8 (flow 404038)
    I: 401aed (flow 40179c)
      Successors: 40179c
  BB: 4016d6 in func 401140 with 1 insts
    I: 4016d6 (flow 401ac9)
      Successors: 401ac9
  BB: 4016db in func 401140 with 1 insts
    I: 4016db (flow 4016e0)
      Successors: 4016e0
  BB: 4016e0 in func 401140 with 1 insts
    I: 4016e0 (flow 4016e5)
      Successors: 4016e5
  BB: 4016e5 in func 401140 with 15 insts
    I: 4016e5 (imm 404024)
    I: 4016ec
    I: 4016ee (imm 404028)
    I: 4016f5
    I: 4016f7
    I: 4016f9
    I: 4016fc
    I: 4016ff
    I: 401702
    I: 401705
    I: 401708
    I: 40170b
    I: 40170e
    I: 401710
    I: 401712 (flow 40171d)
      Successors: 401718, 40171d
  BB: 4012e7 in func 401140 with 1 insts
    I: 4012e7 (flow 401a62)
      Successors: 401a62
  BB: 4012ec in func 401140 with 1 insts
    I: 4012ec (flow 401344)
      Successors: 401344
  BB: 4012f1 in func 401140 with 2 insts
    I: 4012f1
    I: 4012f5 (flow 401318)
      Successors: 401318, 4012fb
  BB: 4018f2 in func 401140 with 1 insts
    I: 4018f2 (flow 401af7)
      Successors: 401af7
  BB: 401af2 in func 401140 with 1 insts
    I: 401af2 (flow 401829)
      Successors: 401829
  BB: 401af7 in func 401140 with 1 insts
    I: 401af7 (flow 4018f7)
      Successors: 4018f7
  BB: 4018f7 in func 401140 with 18 insts
    I: 4018f7
    I: 4018fb
    I: 4018fe
    I: 401901 (imm 404024)
    I: 401908
    I: 40190a (imm 404028)
    I: 401911
    I: 401913
    I: 401915
    I: 401918
    I: 40191b
    I: 40191e
    I: 401921
    I: 401924
    I: 401927
    I: 40192a
    I: 40192c
    I: 40192e (flow 401939)
      Successors: 401939, 401934
  BB: 4014fb in func 401140 with 1 insts
    I: 4014fb (flow 401aa0)
      Successors: 401aa0
  BB: 401afc in func 401140 with 6 insts
    I: 401afc
    I: 401aff
    I: 401b05 (imm 40200a)
    I: 401b0f
    I: 401b11 (flow 404038)
    I: 401b16 (flow 401981)
      Successors: 401981
  BB: 4012fb in func 401140 with 5 insts
    I: 4012fb
    I: 401302 (imm 40200a)
    I: 40130c
    I: 40130e (flow 404038)
    I: 401313 (flow 40133f)
      Successors: 40133f
  BB: 401500 in func 401140 with 3 insts
    I: 401500
    I: 401503
    I: 401505 (flow 401510)
      Successors: 401510, 40150b
  BB: 40150b in func 401140 with 1 insts
    I: 40150b (flow 40152d)
      Successors: 40152d
  BB: 401510 in func 401140 with 5 insts
    I: 401510
    I: 401517 (imm 40200a)
    I: 401521
    I: 401523 (flow 404038)
    I: 401528 (flow 4016e5)
      Successors: 4016e5
  BB: 401318 in func 401140 with 2 insts
    I: 401318
    I: 40131c (flow 40133a)
      Successors: 401322, 40133a
  BB: 401718 in func 401140 with 1 insts
    I: 401718 (flow 401ace)
      Successors: 401ace
  BB: 401b1b in func 401140 with 1 insts
    I: 401b1b (flow 401a1d)
      Successors: 401a1d
  BB: 40171d in func 401140 with 15 insts
    I: 40171d (imm 404024)
    I: 401724
    I: 401726 (imm 404028)
    I: 40172d
    I: 40172f
    I: 401731
    I: 401734
    I: 401737
    I: 40173a
    I: 40173d
    I: 401740
    I: 401743
    I: 401746
    I: 401748
    I: 40174a (flow 401755)
      Successors: 401750, 401755
  BB: 401322 in func 401140 with 4 insts
    I: 401322
    I: 401329 (imm 40200a)
    I: 401333
    I: 401335 (flow 404038)
      Successors: 40133a
  BB: 40152d in func 401140 with 2 insts
    I: 40152d
    I: 401531 (flow 401554)
      Successors: 401554, 401537
  BB: 401934 in func 401140 with 1 insts
    I: 401934 (flow 401af7)
      Successors: 401af7
  BB: 401537 in func 401140 with 5 insts
    I: 401537
    I: 40153e (imm 40200a)
    I: 401548
    I: 40154a (flow 404038)
    I: 40154f (flow 4016e0)
      Successors: 4016e0
  BB: 401939 in func 401140 with 3 insts
    I: 401939
    I: 40193c
    I: 40193e (flow 401949)
      Successors: 401949, 401944
  BB: 40133a in func 401140 with 1 insts
    I: 40133a (flow 40133f)
      Successors: 40133f
  BB: 40133f in func 401140 with 1 insts
    I: 40133f (flow 401344)
      Successors: 401344
  BB: 401140 in func 401140 with 26 insts
    Referenced by data
    I: 401140
    I: 401141
    I: 401144
    I: 401148
    I: 40114f (imm 402004)
    I: 401159
    I: 40115d
    I: 401161
    I: 401163 (flow 404040)
    I: 401168 (imm 402004)
    I: 401172
    I: 401176
    I: 40117a
    I: 40117c (flow 404040)
    I: 401181 (imm 402004)
    I: 40118b
    I: 40118f
    I: 401193
    I: 401195 (flow 404040)
    I: 40119a (imm 402004)
    I: 4011a4
    I: 4011a8
    I: 4011ac
    I: 4011ae (flow 404040)
    I: 4011b3
    I: 4011b7 (flow 4011da)
      Successors: 4011da, 4011bd
  BB: 401344 in func 401140 with 1 insts
    I: 401344 (flow 401349)
      Successors: 401349
  BB: 401944 in func 401140 with 1 insts
    I: 401944 (flow 4019d6)
      Successors: 4019d6
  BB: 401349 in func 401140 with 2 insts
    I: 401349
    I: 40134d (flow 401370)
      Successors: 401370, 401353
  BB: 401949 in func 401140 with 15 insts
    I: 401949 (imm 404024)
    I: 401950
    I: 401952 (imm 404028)
    I: 401959
    I: 40195b
    I: 40195d
    I: 401960
    I: 401963
    I: 401966
    I: 401969
    I: 40196c
    I: 40196f
    I: 401972
    I: 401974
    I: 401976 (flow 401981)
      Successors: 401981, 40197c
  BB: 401750 in func 401140 with 1 insts
    I: 401750 (flow 401ace)
      Successors: 401ace
  BB: 401353 in func 401140 with 5 insts
    I: 401353
    I: 40135a (imm 40200a)
    I: 401364
    I: 401366 (flow 404038)
    I: 40136b (flow 40145f)
      Successors: 40145f
  BB: 401554 in func 401140 with 15 insts
    I: 401554 (imm 404024)
    I: 40155b
    I: 40155d (imm 404028)
    I: 401564
    I: 401566
    I: 401568
    I: 40156b
    I: 40156e
    I: 401571
    I: 401574
    I: 401577
    I: 40157a
    I: 40157d
    I: 40157f
    I: 401581 (flow 40158c)
      Successors: 40158c, 401587
  BB: 401755 in func 401140 with 1 insts
    I: 401755 (flow 40175a)
      Successors: 40175a
  BB: 40175a in func 401140 with 2 insts
    I: 40175a
    I: 40175e (flow 4017f1)
      Successors: 4017f1, 401764
  BB: 401764 in func 401140 with 15 insts
    I: 401764 (imm 404024)
    I: 40176b
    I: 40176d (imm 404028)
    I: 401774
    I: 401776
    I: 401778
    I: 40177b
    I: 40177e
    I: 401781
    I: 401784
    I: 401787
    I: 40178a
    I: 40178d
    I: 40178f
    I: 401791 (flow 40179c)
      Successors: 40179c, 401797
  BB: 401370 in func 401140 with 2 insts
    I: 401370
    I: 401374 (flow 401407)
      Successors: 40137a, 401407
  BB: 40137a in func 401140 with 15 insts
    I: 40137a (imm 404024)
    I: 401381
    I: 401383 (imm 404028)
    I: 40138a
    I: 40138c
    I: 40138e
    I: 401391
    I: 401394
    I: 401397
    I: 40139a
    I: 40139d
    I: 4013a0
    I: 4013a3
    I: 4013a5
    I: 4013a7 (flow 4013b2)
      Successors: 4013b2, 4013ad
  BB: 40197c in func 401140 with 1 insts
    I: 40197c (flow 401afc)
      Successors: 401afc
  BB: 401981 in func 401140 with 19 insts
    I: 401981
    I: 401988 (imm 40200a)
    I: 401992
    I: 401994 (flow 404038)
    I: 401999 (imm 404024)
    I: 4019a0
    I: 4019a2 (imm 404028)
    I: 4019a9
    I: 4019ab
    I: 4019ad
    I: 4019b0
    I: 4019b3
    I: 4019b6
    I: 4019b9
    I: 4019bc
    I: 4019bf
    I: 4019c2
    I: 4019c4
    I: 4019c6 (flow 4019d1)
      Successors: 4019d1, 4019cc
  BB: 401587 in func 401140 with 1 insts
    I: 401587 (flow 401aa5)
      Successors: 401aa5
  BB: 40158c in func 401140 with 18 insts
    I: 40158c
    I: 401590
    I: 401593
    I: 401596 (imm 404024)
    I: 40159d
    I: 40159f (imm 404028)
    I: 4015a6
    I: 4015a8
    I: 4015aa
    I: 4015ad
    I: 4015b0
    I: 4015b3
    I: 4015b6
    I: 4015b9
    I: 4015bc
    I: 4015bf
    I: 4015c1
    I: 4015c3 (flow 4015ce)
      Successors: 4015c9, 4015ce
  BB: 401797 in func 401140 with 1 insts
    I: 401797 (flow 401ad3)
      Successors: 401ad3
  BB: 40179c in func 401140 with 19 insts
    I: 40179c
    I: 4017a3 (imm 40200a)
    I: 4017ad
    I: 4017af (flow 404038)
    I: 4017b4 (imm 404024)
    I: 4017bb
    I: 4017bd (imm 404028)
    I: 4017c4
    I: 4017c6
    I: 4017c8
    I: 4017cb
    I: 4017ce
    I: 4017d1
    I: 4017d4
    I: 4017d7
    I: 4017da
    I: 4017dd
    I: 4017df
    I: 4017e1 (flow 4017ec)
      Successors: 4017ec, 4017e7
  BB: 4013ad in func 401140 with 1 insts
    I: 4013ad (flow 401a81)
      Successors: 401a81
  BB: 4013b2 in func 401140 with 19 insts
    I: 4013b2
    I: 4013b9 (imm 40200a)
    I: 4013c3
    I: 4013c5 (flow 404038)
    I: 4013ca (imm 404024)
    I: 4013d1
    I: 4013d3 (imm 404028)
    I: 4013da
    I: 4013dc
    I: 4013de
    I: 4013e1
    I: 4013e4
    I: 4013e7
    I: 4013ea
    I: 4013ed
    I: 4013f0
    I: 4013f3
    I: 4013f5
    I: 4013f7 (flow 401402)
      Successors: 401402, 4013fd
  BB: 4011bd in func 401140 with 5 insts
    I: 4011bd
    I: 4011c4 (imm 40200a)
    I: 4011ce
    I: 4011d0 (flow 404038)
    I: 4011d5 (flow 401349)
      Successors: 401349
  BB: 4015c9 in func 401140 with 1 insts
    I: 4015c9 (flow 401aa5)
      Successors: 401aa5
  BB: 4019cc in func 401140 with 1 insts
    I: 4019cc (flow 401afc)
      Successors: 401afc
  BB: 4015ce in func 401140 with 3 insts
    I: 4015ce
    I: 4015d1
    I: 4015d3 (flow 4015de)
      Successors: 4015d9, 4015de
  BB: 4019d1 in func 401140 with 1 insts
    I: 4019d1 (flow 4019d6)
      Successors: 4019d6
  BB: 4019d6 in func 401140 with 1 insts
    I: 4019d6 (flow 4019db)
      Successors: 4019db
  BB: 4015d9 in func 401140 with 1 insts
    I: 4015d9 (flow 40166b)
      Successors: 40166b
  BB: 4011da in func 401140 with 15 insts
    I: 4011da (imm 404024)
    I: 4011e1
    I: 4011e3 (imm 404028)
    I: 4011ea
    I: 4011ec
    I: 4011ee
    I: 4011f1
    I: 4011f4
    I: 4011f7
    I: 4011fa
    I: 4011fd
    I: 401200
    I: 401203
    I: 401205
    I: 401207 (flow 401212)
      Successors: 401212, 40120d
  BB: 4019db in func 401140 with 1 insts
    I: 4019db (flow 4019e0)
      Successors: 4019e0
  BB: 4015de in func 401140 with 15 insts
    I: 4015de (imm 404024)
    I: 4015e5
    I: 4015e7 (imm 404028)
    I: 4015ee
    I: 4015f0
    I: 4015f2
    I: 4015f5
    I: 4015f8
    I: 4015fb
    I: 4015fe
    I: 401601
    I: 401604
    I: 401607
    I: 401609
    I: 40160b (flow 401616)
      Successors: 401611, 401616
  BB: 4019e0 in func 401140 with 1 insts
    I: 4019e0 (flow 4019e5)
      Successors: 4019e5
  BB: 4019e5 in func 401140 with 15 insts
    I: 4019e5 (imm 404024)
    I: 4019ec
    I: 4019ee (imm 404028)
    I: 4019f5
    I: 4019f7
    I: 4019f9
    I: 4019fc
    I: 4019ff
    I: 401a02
    I: 401a05
    I: 401a08
    I: 401a0b
    I: 401a0e
    I: 401a10
    I: 401a12 (flow 401a1d)
      Successors: 401a18, 401a1d
  BB: 4017e7 in func 401140 with 1 insts
    I: 4017e7 (flow 401ad3)
      Successors: 401ad3
  BB: 4017ec in func 401140 with 1 insts
    I: 4017ec (flow 4019e5)
      Successors: 4019e5
  BB: 4017f1 in func 401140 with 15 insts
    I: 4017f1 (imm 404024)
    I: 4017f8
    I: 4017fa (imm 404028)
    I: 401801
    I: 401803
    I: 401805
    I: 401808
    I: 40180b
    I: 40180e
    I: 401811
    I: 401814
    I: 401817
    I: 40181a
    I: 40181c
    I: 40181e (flow 401829)
      Successors: 401829, 401824
  BB: 4013fd in func 401140 with 1 insts
    I: 4013fd (flow 401a81)
      Successors: 401a81
Recovering .term_proc at 401b20
  Analysing subroutine .term_proc at 401b20
    Block head at 00401b2d is not code.
  Subroutine .term_proc at 401b20 has 1 blocks
  BB: 401b20 in func 401b20 with 4 insts
    I: 401b20
    I: 401b24
    I: 401b28
    I: 401b2c
      No successors
Global Variable None
WARNING: Global constructor and destructor sections are adjacent!
Recovering region LOAD [400000, 4004e8) in segment LOAD
  8-byte reference at 400018 to 401050 (start)
  8-byte reference at 4000f8 to 401000 (.init_proc)
  8-byte reference at 400130 to 402000 ()
  8-byte reference at 400168 to 403de8 ()
  8-byte reference at 400280 to 402010 ()
  8-byte reference at 4002f0 to 403de8 ()
Recovering region .init [401000, 40101b) in segment .init
Recovering region LOAD [40101b, 401020) in segment LOAD
Recovering region .plt [401020, 401050) in segment .plt
Recovering region .text [401050, 401b20) in segment .text
Recovering region .fini [401b20, 401b2d) in segment .fini
Recovering region .rodata [402000, 40200e) in segment .rodata
  Variable aDD at 402004
  Variable format at 40200a
Recovering region LOAD [40200e, 402010) in segment LOAD
Recovering region .eh_frame_hdr [402010, 40203c) in segment .eh_frame_hdr
Recovering region LOAD [40203c, 402040) in segment LOAD
Recovering region .eh_frame [402040, 4020d0) in segment .eh_frame
Recovering region LOAD [4020d0, 402110) in segment LOAD
Recovering region .init_array [403de8, 403df8) in segment .init_array
  8-byte reference at 403de8 to 401130 ()
  8-byte reference at 403df0 to 401100 ()
Recovering region LOAD [403df8, 403fd8) in segment LOAD
Recovering region .got [403fd8, 403fe8) in segment .got
  8-byte reference at 403fd8 to 404030 (__libc_start_main)
  8-byte reference at 403fe0 to 404048 (__gmon_start__)
Recovering region .got.plt [403fe8, 404010) in segment .got.plt
  8-byte reference at 404000 to 404038 (printf)
  8-byte reference at 404008 to 404040 (__isoc99_scanf)
Recovering region .data [404010, 404020) in segment .data
Recovering region .bss [404020, 404030) in segment .bss
Recovering extern function printf at 401030
Recovering extern function __isoc99_scanf at 401040
Recovering extern function __libc_start_main at 404030
Recovering extern function printf at 404038
Recovering extern function __isoc99_scanf at 404040
Recovering extern function __gmon_start__ at 404048
Recovered 8 functions.
Saving to: /home/ubuntu/capstone_project/result/pipeline_20260629_141746/s737032661_bcf.cfg
Done analysis!
