Debugging is enabled.
Loading Standard Definitions file: /home/ubuntu/capstone_project/dependency/mcsema/mcsema/lib/python3/site-packages/mcsema_disass-3.1.3.8-py3.8.egg/mcsema_disass/defs/linux.txt
Using Batch mode.
Starting analysis
Recovering module s868256135_fla_bcf_instsub.elf
Found main at 401150
Looking for instructions in segment .init
  Default block heads for function 401000 with loose bounds [401000, 40101b)
    block [401000, 401014)
    block [401014, 401016)
    block [401016, 40101b)
    chunk [401000, 40101b)
Looking for instructions in segment .plt
  Default block heads for function 401020 with loose bounds [401020, 40102c)
    block [401020, 40102c)
    chunk [401020, 40102c)
  Default block heads for function 401030 with loose bounds [401030, 401036)
    block [401030, 401036)
    chunk [401030, 401036)
  Default block heads for function 401040 with loose bounds [401040, 401046)
    block [401040, 401046)
    chunk [401040, 401046)
  Default block heads for function 401050 with loose bounds [401050, 401056)
    block [401050, 401056)
    chunk [401050, 401056)
Looking for instructions in segment .text
  Default block heads for function 401060 with loose bounds [401060, 401086)
    block [401060, 401086)
    chunk [401060, 401086)
  Default block heads for function 4010a0 with loose bounds [4010a0, 4010c1)
    block [4010a0, 4010ad)
    block [4010ad, 4010b7)
    block [4010b7, 4010be)
    block [4010c0, 4010c1)
    chunk [4010a0, 4010c1)
  Default block heads for function 401110 with loose bounds [401110, 401131)
    block [401110, 40111d)
    block [40111d, 40112f)
    block [401130, 401131)
    chunk [401110, 401131)
  Default block heads for function 401140 with loose bounds [401140, 401146)
    block [401140, 401146)
    chunk [401140, 401146)
    chunk [4010d0, 401101)
  Default block heads for function 401150 with loose bounds [401150, 40303a)
    block [401150, 401166)
    block [401166, 401177)
    block [401177, 40117c)
    block [40117c, 40118a)
    block [40118a, 40118f)
    block [40118f, 40119d)
    block [40119d, 4011a2)
    block [4011a2, 4011b0)
    block [4011b0, 4011b5)
    block [4011b5, 4011c3)
    block [4011c3, 4011c8)
    block [4011c8, 4011d6)
    block [4011d6, 4011db)
    block [4011db, 4011e9)
    block [4011e9, 4011ee)
    block [4011ee, 4011fc)
    block [4011fc, 401201)
    block [401201, 40120f)
    block [40120f, 401214)
    block [401214, 401222)
    block [401222, 401227)
    block [401227, 401235)
    block [401235, 40123a)
    block [40123a, 401248)
    block [401248, 40124d)
    block [40124d, 40125b)
    block [40125b, 401260)
    block [401260, 40126e)
    block [40126e, 401273)
    block [401273, 401281)
    block [401281, 401286)
    block [401286, 401294)
    block [401294, 401299)
    block [401299, 4012a7)
    block [4012a7, 4012ac)
    block [4012ac, 4012ba)
    block [4012ba, 4012bf)
    block [4012bf, 4012cd)
    block [4012cd, 4012d2)
    block [4012d2, 4012e0)
    block [4012e0, 4012e5)
    block [4012e5, 4012f3)
    block [4012f3, 4012f8)
    block [4012f8, 401306)
    block [401306, 40130b)
    block [40130b, 401319)
    block [401319, 40131e)
    block [40131e, 40132c)
    block [40132c, 401331)
    block [401331, 40133f)
    block [40133f, 401344)
    block [401344, 401352)
    block [401352, 401357)
    block [401357, 401365)
    block [401365, 40136a)
    block [40136a, 401378)
    block [401378, 40137d)
    block [40137d, 40138b)
    block [40138b, 401390)
    block [401390, 40139e)
    block [40139e, 4013a3)
    block [4013a3, 4013b1)
    block [4013b1, 4013b6)
    block [4013b6, 4013c4)
    block [4013c4, 4013c9)
    block [4013c9, 4013d7)
    block [4013d7, 4013dc)
    block [4013dc, 4013ea)
    block [4013ea, 4013ef)
    block [4013ef, 4013fd)
    block [4013fd, 401402)
    block [401402, 401410)
    block [401410, 401415)
    block [401415, 401423)
    block [401423, 401428)
    block [401428, 401436)
    block [401436, 40143b)
    block [40143b, 401449)
    block [401449, 40144e)
    block [40144e, 40145c)
    block [40145c, 401461)
    block [401461, 40146f)
    block [40146f, 401474)
    block [401474, 401482)
    block [401482, 401487)
    block [401487, 401495)
    block [401495, 40149a)
    block [40149a, 4014a8)
    block [4014a8, 4014ad)
    block [4014ad, 4014bb)
    block [4014bb, 4014c0)
    block [4014c0, 4014ce)
    block [4014ce, 4014d3)
    block [4014d3, 4014e1)
    block [4014e1, 4014e6)
    block [4014e6, 4014f4)
    block [4014f4, 4014f9)
    block [4014f9, 401507)
    block [401507, 40150c)
    block [40150c, 40151a)
    block [40151a, 40151f)
    block [40151f, 40152d)
    block [40152d, 401532)
    block [401532, 401540)
    block [401540, 401545)
    block [401545, 401553)
    block [401553, 401558)
    block [401558, 401566)
    block [401566, 40156b)
    block [40156b, 401579)
    block [401579, 40157e)
    block [40157e, 40158c)
    block [40158c, 401591)
    block [401591, 40159f)
    block [40159f, 4015a4)
    block [4015a4, 4015b2)
    block [4015b2, 4015b7)
    block [4015b7, 4015c5)
    block [4015c5, 4015ca)
    block [4015ca, 4015d8)
    block [4015d8, 4015dd)
    block [4015dd, 4015eb)
    block [4015eb, 4015f0)
    block [4015f0, 4015fe)
    block [4015fe, 401603)
    block [401603, 401611)
    block [401611, 401616)
    block [401616, 401624)
    block [401624, 401629)
    block [401629, 401637)
    block [401637, 40163c)
    block [40163c, 40164a)
    block [40164a, 40164f)
    block [40164f, 40165d)
    block [40165d, 401662)
    block [401662, 401670)
    block [401670, 401675)
    block [401675, 401683)
    block [401683, 401688)
    block [401688, 401696)
    block [401696, 40169b)
    block [40169b, 4016a9)
    block [4016a9, 4016ae)
    block [4016ae, 4016bc)
    block [4016bc, 4016c1)
    block [4016c1, 4016cf)
    block [4016cf, 4016d4)
    block [4016d4, 4016e2)
    block [4016e2, 4016e7)
    block [4016e7, 4016f5)
    block [4016f5, 4016fa)
    block [4016fa, 401708)
    block [401708, 40170d)
    block [40170d, 40171b)
    block [40171b, 401720)
    block [401720, 40172e)
    block [40172e, 401733)
    block [401733, 401741)
    block [401741, 401746)
    block [401746, 401754)
    block [401754, 401759)
    block [401759, 401767)
    block [401767, 40176c)
    block [40176c, 40177a)
    block [40177a, 40177f)
    block [40177f, 40178d)
    block [40178d, 401792)
    block [401792, 4017a0)
    block [4017a0, 4017a5)
    block [4017a5, 4017b3)
    block [4017b3, 4017b8)
    block [4017b8, 4017c6)
    block [4017c6, 4017cb)
    block [4017cb, 4017d9)
    block [4017d9, 4017de)
    block [4017de, 4017ec)
    block [4017ec, 4017f1)
    block [4017f1, 4017ff)
    block [4017ff, 401804)
    block [401804, 401812)
    block [401812, 401817)
    block [401817, 401825)
    block [401825, 40182a)
    block [40182a, 401838)
    block [401838, 40183d)
    block [40183d, 40184b)
    block [40184b, 401850)
    block [401850, 40185e)
    block [40185e, 401863)
    block [401863, 401871)
    block [401871, 401876)
    block [401876, 401884)
    block [401884, 401889)
    block [401889, 401897)
    block [401897, 40189c)
    block [40189c, 4018aa)
    block [4018aa, 4018af)
    block [4018af, 4018bd)
    block [4018bd, 4018c2)
    block [4018c2, 4018d0)
    block [4018d0, 4018d5)
    block [4018d5, 4018e3)
    block [4018e3, 4018e8)
    block [4018e8, 4018f6)
    block [4018f6, 4018fb)
    block [4018fb, 401909)
    block [401909, 40190e)
    block [40190e, 40191c)
    block [40191c, 401921)
    block [401921, 40192f)
    block [40192f, 401934)
    block [401934, 401942)
    block [401942, 401947)
    block [401947, 401955)
    block [401955, 40195a)
    block [40195a, 401968)
    block [401968, 40196d)
    block [40196d, 40197b)
    block [40197b, 401980)
    block [401980, 40198e)
    block [40198e, 401993)
    block [401993, 401998)
    block [401998, 4019ed)
    block [4019ed, 401a49)
    block [401a49, 401a55)
    block [401a55, 401aaa)
    block [401aaa, 401b35)
    block [401b35, 401b50)
    block [401b50, 401b63)
    block [401b63, 401bea)
    block [401bea, 401c7d)
    block [401c7d, 401c98)
    block [401c98, 401ce5)
    block [401ce5, 401db5)
    block [401db5, 401dd0)
    block [401dd0, 401dd8)
    block [401dd8, 401de4)
    block [401de4, 401e6b)
    block [401e6b, 401ed3)
    block [401ed3, 401edf)
    block [401edf, 401ef0)
    block [401ef0, 401f0f)
    block [401f0f, 401f2e)
    block [401f2e, 401f4d)
    block [401f4d, 401f6c)
    block [401f6c, 401f88)
    block [401f88, 40200f)
    block [40200f, 402079)
    block [402079, 402085)
    block [402085, 40210c)
    block [40210c, 402161)
    block [402161, 40216d)
    block [40216d, 40218c)
    block [40218c, 4021ab)
    block [4021ab, 4021ca)
    block [4021ca, 4021e6)
    block [4021e6, 40226d)
    block [40226d, 402309)
    block [402309, 402315)
    block [402315, 40236a)
    block [40236a, 4023bf)
    block [4023bf, 4023cb)
    block [4023cb, 4023ea)
    block [4023ea, 402409)
    block [402409, 402490)
    block [402490, 4024f7)
    block [4024f7, 402512)
    block [402512, 402599)
    block [402599, 4025f5)
    block [4025f5, 402610)
    block [402610, 402697)
    block [402697, 402733)
    block [402733, 40273f)
    block [40273f, 40274b)
    block [40274b, 40276a)
    block [40276a, 402789)
    block [402789, 4027a8)
    block [4027a8, 4027c4)
    block [4027c4, 4027e5)
    block [4027e5, 4027f1)
    block [4027f1, 402810)
    block [402810, 402865)
    block [402865, 4028fe)
    block [4028fe, 402919)
    block [402919, 402938)
    block [402938, 402954)
    block [402954, 402975)
    block [402975, 402981)
    block [402981, 4029a0)
    block [4029a0, 4029bf)
    block [4029bf, 4029de)
    block [4029de, 402a33)
    block [402a33, 402a8f)
    block [402a8f, 402aaa)
    block [402aaa, 402acb)
    block [402acb, 402ad7)
    block [402ad7, 402b56)
    block [402b56, 402bbd)
    block [402bbd, 402bd8)
    block [402bd8, 402bf7)
    block [402bf7, 402c16)
    block [402c16, 402c32)
    block [402c32, 402c53)
    block [402c53, 402c5f)
    block [402c5f, 402c7e)
    block [402c7e, 402cd3)
    block [402cd3, 402d6c)
    block [402d6c, 402d87)
    block [402d87, 402dd4)
    block [402dd4, 402e6d)
    block [402e6d, 402e88)
    block [402e88, 402ea4)
    block [402ea4, 402ec5)
    block [402ec5, 402ed1)
    block [402ed1, 402eee)
    block [402eee, 402f01)
    block [402f01, 402f0d)
    block [402f0d, 402f19)
    block [402f19, 402f4c)
    block [402f4c, 402f6b)
    block [402f6b, 402f8c)
    block [402f8c, 402f98)
    block [402f98, 402fb9)
    block [402fb9, 402fc5)
    block [402fc5, 402fd1)
    block [402fd1, 402fdd)
    block [402fdd, 402ffe)
    block [402ffe, 40300a)
    block [40300a, 403016)
    block [403016, 403022)
    block [403022, 40302e)
    block [40302e, 403035)
    block [403035, 40303a)
    chunk [401150, 40303a)
Looking for instructions in segment .fini
  Default block heads for function 40303c with loose bounds [40303c, 403049)
    block [40303c, 403049)
    chunk [40303c, 403049)
Looking for strings in segment .rodata [404000, 40400f)
  Found string b'%c\n' of length 4 at 404007, jumping to 40400b
  Found string b'NA\n' of length 4 at 40400b, jumping to 40400f
Looking for strings in segment .eh_frame_hdr [404010, 40403c)
Looking for strings in segment .eh_frame [404040, 4040d0)
Looking for strings in segment .init_array [405de8, 405df0)
Looking for strings in segment .fini_array [405df0, 405df8)
Looking for strings in segment .got [405fd8, 405fe8)
Looking for strings in segment .got.plt [405fe8, 406018)
Looking for strings in segment .data [406018, 406028)
Looking for strings in segment .bss [406028, 406038)
Looking for strings in segment extern [406038, 406060)
Looking for cross-references in segment .init [401000, 40101b)
Looking for cross-references in segment .plt [401020, 401060)
  Adding dword reference from 40102c to 401f0f
  Stopping scan at 40102c
Looking for cross-references in segment .text [401060, 40303a)
  Stopping scan at 40108c
  Stopping scan at 40109c
  Stopping scan at ffffffffffffffff
  Stopping scan at 4010cc
  Stopping scan at 40110c
  Stopping scan at ffffffffffffffff
  Stopping scan at 40113c
  Stopping scan at 40114c
Looking for cross-references in segment .fini [40303c, 403049)
Looking for cross-references in segment .rodata [404000, 40400f)
  Stopping scan at 40400c
Looking for cross-references in segment .eh_frame_hdr [404010, 40403c)
  Stopping scan at 404038
Looking for cross-references in segment .eh_frame [404040, 4040d0)
  Stopping scan at 4040cc
Looking for cross-references in segment .init_array [405de8, 405df0)
  Adding qword reference from 405de8 to 401140
  Stopping scan at 405de8
Looking for cross-references in segment .fini_array [405df0, 405df8)
  Adding qword reference from 405df0 to 401110
  Stopping scan at 405df0
Looking for cross-references in segment .got [405fd8, 405fe8)
  Adding qword reference from 405fd8 to 406038
  Adding qword reference from 405fe0 to 406058
  Stopping scan at 405fe0
Looking for cross-references in segment .got.plt [405fe8, 406018)
  Adding qword reference from 406000 to 406040
  Adding qword reference from 406008 to 406048
  Adding qword reference from 406010 to 406050
  Stopping scan at 406010
Looking for cross-references in segment .data [406018, 406028)
  Stopping scan at 406024
Looking for cross-references in segment .bss [406028, 406038)
  Stopping scan at 406034
Looking for cross-references in segment extern [406038, 406060)
  Stopping scan at 40605c
Looking for thunks
  Found thunk for printf targeting 406040 at 401030
  Found thunk for getchar targeting 406048 at 401040
  Found thunk for __isoc99_scanf targeting 406050 at 401050
Looking for external symbols
  Function at 401030 is the external function printf
  Function at 401040 is the external function getchar
  Function at 401050 is the external function __isoc99_scanf
  Function at 406038 is the external function __libc_start_main
  Function at 406040 is the external function printf
  Function at 406048 is the external function getchar
  Function at 406050 is the external function __isoc99_scanf
  Function at 406058 is the external function __gmon_start__
Looking for entrypoints
Recovering .init_proc at 401000
  Analysing subroutine .init_proc at 401000
    Block head at 0040101b is not code.
  Subroutine .init_proc at 401000 has 3 blocks
  BB: 401000 in func 401000 with 5 insts
    Referenced by data
    I: 401000
    I: 401004
    I: 401008 (mem 405fe0)
    I: 40100f
    I: 401012 (flow 401016)
      Successors: 401014, 401016
  BB: 401014 in func 401000 with 1 insts
    I: 401014
      Successors: 401016
  BB: 401016 in func 401000 with 2 insts
    I: 401016
    I: 40101a
      No successors
Recovering 401020
  Analysing subroutine sub_401020 at 401020
  WARNING: No table entries for indirect jump at 401026; Adding next_ea 40102c as successor.
  Subroutine sub_401020 at 401020 has 2 blocks
  WARNING: No table entries for indirect jump at 401026; Adding next_ea 40102c as successor.
  BB: 401020 in func 401020 with 2 insts
    I: 401020 (mem 405ff0)
    I: 401026 (mem 405ff8)
      Successors: 40102c
  BB: 40102c in func 401020 with 1 insts
    I: 40102c
      No successors
Recovering start at 401060
  Analysing subroutine start at 401060
  Subroutine start at 401060 has 3 blocks
  BB: 401060 in func 401060 with 13 insts
    Referenced by data
    I: 401060
    I: 401064
    I: 401066
    I: 401069
    I: 40106a
    I: 40106d
    I: 401071
    I: 401072
    I: 401073
    I: 401076
    I: 401078 (imm 401150)
    I: 40107f (mem 405fd8)
    I: 401085
      No successors
  BB: 401095 in func 401060 with 2 insts
    I: 401095
    I: 40109f
      No successors
  BB: 401086 in func 401060 with 3 insts
    I: 401086
    I: 401090
    I: 401094
      No successors
Recovering 4010a0
  Analysing subroutine sub_4010A0 at 4010a0
  WARNING: No table entries for indirect jump at 4010bc; Adding next_ea 4010be as successor.
  WARNING: No table entries for indirect jump at 4010fe; Adding next_ea 401100 as successor.
  Subroutine sub_4010A0 at 4010a0 has 11 blocks
  BB: 4010a0 in func 4010a0 with 3 insts
    I: 4010a0 (imm 406028)
    I: 4010a5 (imm 406028)
    I: 4010ab (flow 4010c0)
      Successors: 4010c0, 4010ad
  BB: 4010c0 in func 4010a0 with 1 insts
    I: 4010c0
      No successors
  BB: 4010c1 in func 4010a0 with 2 insts
    I: 4010c1
    I: 4010c5
      Successors: 4010d0
  BB: 401100 in func 4010a0 with 1 insts
    I: 401100
      No successors
  BB: 401101 in func 4010a0 with 2 insts
    I: 401101
    I: 401105
      No successors
  BB: 4010ad in func 4010a0 with 3 insts
    I: 4010ad
    I: 4010b2
    I: 4010b5 (flow 4010c0)
      Successors: 4010c0, 4010b7
  BB: 4010ef in func 4010a0 with 3 insts
    I: 4010ef
    I: 4010f4
    I: 4010f7 (flow 401100)
      Successors: 401100, 4010f9
  BB: 4010d0 in func 4010a0 with 8 insts
    I: 4010d0 (imm 406028)
    I: 4010d5 (imm 406028)
    I: 4010dc
    I: 4010df
    I: 4010e3
    I: 4010e7
    I: 4010ea
    I: 4010ed (flow 401100)
      Successors: 401100, 4010ef
  WARNING: No table entries for indirect jump at 4010bc; Adding next_ea 4010be as successor.
  BB: 4010b7 in func 4010a0 with 2 insts
    I: 4010b7 (imm 406028)
    I: 4010bc
      Successors: 4010be
  WARNING: No table entries for indirect jump at 4010fe; Adding next_ea 401100 as successor.
  BB: 4010f9 in func 4010a0 with 2 insts
    I: 4010f9 (imm 406028)
    I: 4010fe
      Successors: 401100
  BB: 4010be in func 4010a0 with 1 insts
    I: 4010be
      Successors: 4010c0
Recovering 401110
  Analysing subroutine sub_401110 at 401110
  Subroutine sub_401110 at 401110 has 5 blocks
  BB: 40112f in func 401110 with 1 insts
    I: 40112f
      Successors: 401130
  BB: 401110 in func 401110 with 3 insts
    Referenced by data
    I: 401110
    I: 401114 (mem 406028)
    I: 40111b (flow 401130)
      Successors: 401130, 40111d
  BB: 401131 in func 401110 with 2 insts
    I: 401131
    I: 401135
      No successors
  BB: 401130 in func 401110 with 1 insts
    I: 401130
      No successors
  BB: 40111d in func 401110 with 6 insts
    I: 40111d
    I: 40111e
    I: 401121 (flow 4010a0)
    I: 401126 (mem 406028)
    I: 40112d
    I: 40112e
      No successors
Recovering 401140
  Analysing subroutine sub_401140 at 401140
  WARNING: No table entries for indirect jump at 4010fe; Adding next_ea 401100 as successor.
  Subroutine sub_401140 at 401140 has 6 blocks
  BB: 401140 in func 401140 with 2 insts
    Referenced by data
    I: 401140
    I: 401144 (flow 4010d0)
      Successors: 4010d0
  BB: 401100 in func 401140 with 1 insts
    I: 401100
      No successors
  BB: 401146 in func 401140 with 1 insts
    I: 401146
      No successors
  BB: 4010ef in func 401140 with 3 insts
    I: 4010ef
    I: 4010f4
    I: 4010f7 (flow 401100)
      Successors: 401100, 4010f9
  BB: 4010d0 in func 401140 with 8 insts
    I: 4010d0 (imm 406028)
    I: 4010d5 (imm 406028)
    I: 4010dc
    I: 4010df
    I: 4010e3
    I: 4010e7
    I: 4010ea
    I: 4010ed (flow 401100)
      Successors: 401100, 4010ef
  WARNING: No table entries for indirect jump at 4010fe; Adding next_ea 401100 as successor.
  BB: 4010f9 in func 401140 with 2 insts
    I: 4010f9 (imm 406028)
    I: 4010fe
      Successors: 401100
Recovering main at 401150
  Analysing subroutine main at 401150
    Block head at 0040303a is not code.
  Subroutine main at 401150 has 333 blocks
  BB: 401804 in func 401150 with 3 insts
    I: 401804
    I: 401807
    I: 40180c (flow 401e6b)
      Successors: 401812, 401e6b
  BB: 40300a in func 401150 with 2 insts
    I: 40300a
    I: 403011 (flow 403035)
      Successors: 403035
  BB: 40200f in func 401150 with 28 insts
    I: 40200f
    I: 402013 (imm 404007)
    I: 40201d
    I: 40201f (flow 406040)
    I: 402024 (imm 40602c)
    I: 40202b
    I: 40202d (imm 406030)
    I: 402034
    I: 402036
    I: 402038
    I: 40203e
    I: 402041
    I: 402047
    I: 40204a
    I: 40204d
    I: 402050
    I: 402053
    I: 402056
    I: 402059
    I: 40205b
    I: 40205d
    I: 40205f
    I: 402061
    I: 402066
    I: 40206b
    I: 40206e
    I: 402071
    I: 402074 (flow 403035)
      Successors: 403035
  BB: 402810 in func 401150 with 24 insts
    I: 402810 (imm 40602c)
    I: 402817
    I: 402819 (imm 406030)
    I: 402820
    I: 402822
    I: 402824
    I: 40282a
    I: 40282d
    I: 402833
    I: 402836
    I: 402839
    I: 40283c
    I: 40283f
    I: 402842
    I: 402845
    I: 402847
    I: 402849
    I: 40284b
    I: 40284d
    I: 402852
    I: 402857
    I: 40285a
    I: 40285d
    I: 402860 (flow 403035)
      Successors: 403035
  BB: 401812 in func 401150 with 1 insts
    I: 401812 (flow 401817)
      Successors: 401817
  BB: 403016 in func 401150 with 2 insts
    I: 403016
    I: 40301d (flow 403035)
      Successors: 403035
  BB: 401817 in func 401150 with 3 insts
    I: 401817
    I: 40181a
    I: 40181f (flow 40274b)
      Successors: 40274b, 401825
  BB: 403022 in func 401150 with 2 insts
    I: 403022
    I: 403029 (flow 403035)
      Successors: 403035
  BB: 401825 in func 401150 with 1 insts
    I: 401825 (flow 40182a)
      Successors: 40182a
  BB: 40182a in func 401150 with 3 insts
    I: 40182a
    I: 40182d
    I: 401832 (flow 4027e5)
      Successors: 401838, 4027e5
  BB: 40302e in func 401150 with 1 insts
    I: 40302e
      Successors: 403035
  BB: 403035 in func 401150 with 1 insts
    I: 403035 (flow 401166)
      Successors: 401166
  BB: 401838 in func 401150 with 1 insts
    I: 401838 (flow 40183d)
      Successors: 40183d
  BB: 40183d in func 401150 with 3 insts
    I: 40183d
    I: 401840
    I: 401845 (flow 40273f)
      Successors: 40184b, 40273f
  BB: 40184b in func 401150 with 1 insts
    I: 40184b (flow 401850)
      Successors: 401850
  BB: 401850 in func 401150 with 3 insts
    I: 401850
    I: 401853
    I: 401858 (flow 403016)
      Successors: 40185e, 403016
  BB: 40185e in func 401150 with 1 insts
    I: 40185e (flow 401863)
      Successors: 401863
  BB: 401863 in func 401150 with 3 insts
    I: 401863
    I: 401866
    I: 40186b (flow 4021ca)
      Successors: 401871, 4021ca
  BB: 402865 in func 401150 with 46 insts
    I: 402865
    I: 402869
    I: 40286d
    I: 40286f
    I: 402872
    I: 402874
    I: 402877 (imm 40602c)
    I: 40287e
    I: 402880 (imm 406030)
    I: 402887
    I: 402889
    I: 40288b
    I: 402891
    I: 402894
    I: 40289a
    I: 40289d
    I: 4028a0
    I: 4028a3
    I: 4028a7
    I: 4028aa
    I: 4028ae
    I: 4028b1
    I: 4028b3
    I: 4028b6
    I: 4028ba
    I: 4028bc
    I: 4028bf
    I: 4028c1
    I: 4028c4
    I: 4028c7
    I: 4028ca
    I: 4028ce
    I: 4028d1
    I: 4028d4
    I: 4028d7
    I: 4028da
    I: 4028dd
    I: 4028df
    I: 4028e2
    I: 4028e4
    I: 4028e6
    I: 4028eb
    I: 4028f0
    I: 4028f3
    I: 4028f6
    I: 4028f9 (flow 403035)
      Successors: 403035
  BB: 401871 in func 401150 with 1 insts
    I: 401871 (flow 401876)
      Successors: 401876
  BB: 401876 in func 401150 with 3 insts
    I: 401876
    I: 401879
    I: 40187e (flow 402981)
      Successors: 402981, 401884
  BB: 402079 in func 401150 with 2 insts
    I: 402079
    I: 402080 (flow 403035)
      Successors: 403035
  BB: 401884 in func 401150 with 1 insts
    I: 401884 (flow 401889)
      Successors: 401889
  BB: 402085 in func 401150 with 40 insts
    I: 402085 (imm 40602c)
    I: 40208c
    I: 40208e (imm 406030)
    I: 402095
    I: 402097
    I: 402099
    I: 40209f
    I: 4020a2
    I: 4020a8
    I: 4020ab
    I: 4020ae
    I: 4020b1
    I: 4020b5
    I: 4020b8
    I: 4020bc
    I: 4020bf
    I: 4020c1
    I: 4020c4
    I: 4020c8
    I: 4020ca
    I: 4020cd
    I: 4020cf
    I: 4020d2
    I: 4020d5
    I: 4020d8
    I: 4020dc
    I: 4020df
    I: 4020e2
    I: 4020e5
    I: 4020e8
    I: 4020eb
    I: 4020ed
    I: 4020f0
    I: 4020f2
    I: 4020f4
    I: 4020f9
    I: 4020fe
    I: 402101
    I: 402104
    I: 402107 (flow 403035)
      Successors: 403035
  BB: 401889 in func 401150 with 3 insts
    I: 401889
    I: 40188c
    I: 401891 (flow 4023cb)
      Successors: 4023cb, 401897
  BB: 401897 in func 401150 with 1 insts
    I: 401897 (flow 40189c)
      Successors: 40189c
  BB: 40189c in func 401150 with 3 insts
    I: 40189c
    I: 40189f
    I: 4018a4 (flow 402d6c)
      Successors: 4018aa, 402d6c
  BB: 4018aa in func 401150 with 1 insts
    I: 4018aa (flow 4018af)
      Successors: 4018af
  BB: 4018af in func 401150 with 3 insts
    I: 4018af
    I: 4018b2
    I: 4018b7 (flow 401ed3)
      Successors: 401ed3, 4018bd
  BB: 4018bd in func 401150 with 1 insts
    I: 4018bd (flow 4018c2)
      Successors: 4018c2
  BB: 4018c2 in func 401150 with 3 insts
    I: 4018c2
    I: 4018c5
    I: 4018ca (flow 402697)
      Successors: 4018d0, 402697
  BB: 4018d0 in func 401150 with 1 insts
    I: 4018d0 (flow 4018d5)
      Successors: 4018d5
  BB: 4018d5 in func 401150 with 3 insts
    I: 4018d5
    I: 4018d8
    I: 4018dd (flow 402c5f)
      Successors: 4018e3, 402c5f
  BB: 4018e3 in func 401150 with 1 insts
    I: 4018e3 (flow 4018e8)
      Successors: 4018e8
  BB: 4018e8 in func 401150 with 3 insts
    I: 4018e8
    I: 4018eb
    I: 4018f0 (flow 402bf7)
      Successors: 4018f6, 402bf7
  BB: 4018f6 in func 401150 with 1 insts
    I: 4018f6 (flow 4018fb)
      Successors: 4018fb
  BB: 4018fb in func 401150 with 3 insts
    I: 4018fb
    I: 4018fe
    I: 401903 (flow 402fdd)
      Successors: 401909, 402fdd
  BB: 4028fe in func 401150 with 7 insts
    I: 4028fe
    I: 402901
    I: 402906
    I: 40290b
    I: 40290e
    I: 402911
    I: 402914 (flow 403035)
      Successors: 403035
  BB: 401909 in func 401150 with 1 insts
    I: 401909 (flow 40190e)
      Successors: 40190e
  BB: 40210c in func 401150 with 24 insts
    I: 40210c (imm 40602c)
    I: 402113
    I: 402115 (imm 406030)
    I: 40211c
    I: 40211e
    I: 402120
    I: 402126
    I: 402129
    I: 40212f
    I: 402132
    I: 402135
    I: 402138
    I: 40213b
    I: 40213e
    I: 402141
    I: 402143
    I: 402145
    I: 402147
    I: 402149
    I: 40214e
    I: 402153
    I: 402156
    I: 402159
    I: 40215c (flow 403035)
      Successors: 403035
  BB: 40190e in func 401150 with 3 insts
    I: 40190e
    I: 401911
    I: 401916 (flow 4019ed)
      Successors: 40191c, 4019ed
  BB: 402919 in func 401150 with 8 insts
    I: 402919
    I: 40291d
    I: 402921
    I: 402926
    I: 40292b
    I: 40292d
    I: 402930
    I: 402933 (flow 403035)
      Successors: 403035
  BB: 40191c in func 401150 with 1 insts
    I: 40191c (flow 401921)
      Successors: 401921
  BB: 401921 in func 401150 with 3 insts
    I: 401921
    I: 401924
    I: 401929 (flow 4029a0)
      Successors: 4029a0, 40192f
  BB: 40192f in func 401150 with 1 insts
    I: 40192f (flow 401934)
      Successors: 401934
  BB: 401934 in func 401150 with 3 insts
    I: 401934
    I: 401937
    I: 40193c (flow 40218c)
      Successors: 401942, 40218c
  BB: 402938 in func 401150 with 7 insts
    I: 402938
    I: 40293c
    I: 402941
    I: 402946
    I: 402949
    I: 40294c
    I: 40294f (flow 403035)
      Successors: 403035
  BB: 401942 in func 401150 with 1 insts
    I: 401942 (flow 401947)
      Successors: 401947
  BB: 401947 in func 401150 with 3 insts
    I: 401947
    I: 40194a
    I: 40194f (flow 401dd0)
      Successors: 401dd0, 401955
  BB: 401150 in func 401150 with 5 insts
    Referenced by data
    I: 401150
    I: 401151
    I: 401154
    I: 401158
    I: 40115f
      Successors: 401166
  BB: 402954 in func 401150 with 6 insts
    I: 402954
    I: 402958 (imm 404007)
    I: 402962
    I: 402964 (flow 406040)
    I: 402969
    I: 402970 (flow 403035)
      Successors: 403035
  BB: 401955 in func 401150 with 1 insts
    I: 401955 (flow 40195a)
      Successors: 40195a
  BB: 40195a in func 401150 with 3 insts
    I: 40195a
    I: 40195d
    I: 401962 (flow 402a8f)
      Successors: 401968, 402a8f
  BB: 402161 in func 401150 with 2 insts
    I: 402161
    I: 402168 (flow 403035)
      Successors: 403035
  BB: 401166 in func 401150 with 4 insts
    I: 401166
    I: 401169
    I: 40116c
    I: 401171 (flow 40200f)
      Successors: 40200f, 401177
  BB: 401968 in func 401150 with 1 insts
    I: 401968 (flow 40196d)
      Successors: 40196d
  BB: 40196d in func 401150 with 3 insts
    I: 40196d
    I: 401970
    I: 401975 (flow 402cd3)
      Successors: 40197b, 402cd3
  BB: 40216d in func 401150 with 8 insts
    I: 40216d
    I: 402171
    I: 402175
    I: 40217a
    I: 40217f
    I: 402181
    I: 402184
    I: 402187 (flow 403035)
      Successors: 403035
  BB: 402975 in func 401150 with 2 insts
    I: 402975
    I: 40297c (flow 403035)
      Successors: 403035
  BB: 401177 in func 401150 with 1 insts
    I: 401177 (flow 40117c)
      Successors: 40117c
  BB: 40197b in func 401150 with 1 insts
    I: 40197b (flow 401980)
      Successors: 401980
  BB: 40117c in func 401150 with 3 insts
    I: 40117c
    I: 40117f
    I: 401184 (flow 401c7d)
      Successors: 40118a, 401c7d
  BB: 401980 in func 401150 with 3 insts
    I: 401980
    I: 401983
    I: 401988 (flow 402f0d)
      Successors: 402f0d, 40198e
  BB: 402981 in func 401150 with 8 insts
    I: 402981
    I: 402985
    I: 402989
    I: 40298e
    I: 402993
    I: 402995
    I: 402998
    I: 40299b (flow 403035)
      Successors: 403035
  BB: 40118a in func 401150 with 1 insts
    I: 40118a (flow 40118f)
      Successors: 40118f
  BB: 40218c in func 401150 with 8 insts
    I: 40218c
    I: 402190
    I: 402194
    I: 402199
    I: 40219e
    I: 4021a0
    I: 4021a3
    I: 4021a6 (flow 403035)
      Successors: 403035
  BB: 40198e in func 401150 with 1 insts
    I: 40198e (flow 401993)
      Successors: 401993
  BB: 40118f in func 401150 with 3 insts
    I: 40118f
    I: 401192
    I: 401197 (flow 401a49)
      Successors: 401a49, 40119d
  BB: 401993 in func 401150 with 1 insts
    I: 401993 (flow 403035)
      Successors: 403035
  BB: 401998 in func 401150 with 24 insts
    I: 401998 (imm 40602c)
    I: 40199f
    I: 4019a1 (imm 406030)
    I: 4019a8
    I: 4019aa
    I: 4019ac
    I: 4019b2
    I: 4019b5
    I: 4019bb
    I: 4019be
    I: 4019c1
    I: 4019c4
    I: 4019c7
    I: 4019ca
    I: 4019cd
    I: 4019cf
    I: 4019d1
    I: 4019d3
    I: 4019d5
    I: 4019da
    I: 4019df
    I: 4019e2
    I: 4019e5
    I: 4019e8 (flow 403035)
      Successors: 403035
  BB: 40119d in func 401150 with 1 insts
    I: 40119d (flow 4011a2)
      Successors: 4011a2
  BB: 4029a0 in func 401150 with 8 insts
    I: 4029a0
    I: 4029a4
    I: 4029a8
    I: 4029ad
    I: 4029b2
    I: 4029b4
    I: 4029b7
    I: 4029ba (flow 403035)
      Successors: 403035
  BB: 4011a2 in func 401150 with 3 insts
    I: 4011a2
    I: 4011a5
    I: 4011aa (flow 4028fe)
      Successors: 4011b0, 4028fe
  BB: 4021ab in func 401150 with 8 insts
    I: 4021ab
    I: 4021af
    I: 4021b3
    I: 4021b8
    I: 4021bd
    I: 4021bf
    I: 4021c2
    I: 4021c5 (flow 403035)
      Successors: 403035
  BB: 4011b0 in func 401150 with 1 insts
    I: 4011b0 (flow 4011b5)
      Successors: 4011b5
  BB: 4011b5 in func 401150 with 3 insts
    I: 4011b5
    I: 4011b8
    I: 4011bd (flow 40210c)
      Successors: 4011c3, 40210c
  BB: 4029bf in func 401150 with 8 insts
    I: 4029bf
    I: 4029c3
    I: 4029c7
    I: 4029cc
    I: 4029d1
    I: 4029d3
    I: 4029d6
    I: 4029d9 (flow 403035)
      Successors: 403035
  BB: 4011c3 in func 401150 with 1 insts
    I: 4011c3 (flow 4011c8)
      Successors: 4011c8
  BB: 4011c8 in func 401150 with 3 insts
    I: 4011c8
    I: 4011cb
    I: 4011d0 (flow 402f6b)
      Successors: 402f6b, 4011d6
  BB: 4021ca in func 401150 with 7 insts
    I: 4021ca
    I: 4021ce
    I: 4021d3
    I: 4021d8
    I: 4021db
    I: 4021de
    I: 4021e1 (flow 403035)
      Successors: 403035
  BB: 4011d6 in func 401150 with 1 insts
    I: 4011d6 (flow 4011db)
      Successors: 4011db
  BB: 4011db in func 401150 with 3 insts
    I: 4011db
    I: 4011de
    I: 4011e3 (flow 40302e)
      Successors: 4011e9, 40302e
  BB: 4029de in func 401150 with 24 insts
    I: 4029de (imm 40602c)
    I: 4029e5
    I: 4029e7 (imm 406030)
    I: 4029ee
    I: 4029f0
    I: 4029f2
    I: 4029f8
    I: 4029fb
    I: 402a01
    I: 402a04
    I: 402a07
    I: 402a0a
    I: 402a0d
    I: 402a10
    I: 402a13
    I: 402a15
    I: 402a17
    I: 402a19
    I: 402a1b
    I: 402a20
    I: 402a25
    I: 402a28
    I: 402a2b
    I: 402a2e (flow 403035)
      Successors: 403035
  BB: 4021e6 in func 401150 with 40 insts
    I: 4021e6 (imm 40602c)
    I: 4021ed
    I: 4021ef (imm 406030)
    I: 4021f6
    I: 4021f8
    I: 4021fa
    I: 402200
    I: 402203
    I: 402209
    I: 40220c
    I: 40220f
    I: 402212
    I: 402216
    I: 402219
    I: 40221d
    I: 402220
    I: 402222
    I: 402225
    I: 402229
    I: 40222b
    I: 40222e
    I: 402230
    I: 402233
    I: 402236
    I: 402239
    I: 40223d
    I: 402240
    I: 402243
    I: 402246
    I: 402249
    I: 40224c
    I: 40224e
    I: 402251
    I: 402253
    I: 402255
    I: 40225a
    I: 40225f
    I: 402262
    I: 402265
    I: 402268 (flow 403035)
      Successors: 403035
  BB: 4011e9 in func 401150 with 1 insts
    I: 4011e9 (flow 4011ee)
      Successors: 4011ee
  BB: 4019ed in func 401150 with 25 insts
    I: 4019ed
    I: 4019f4 (imm 40602c)
    I: 4019fb
    I: 4019fd (imm 406030)
    I: 401a04
    I: 401a06
    I: 401a08
    I: 401a0e
    I: 401a11
    I: 401a17
    I: 401a1a
    I: 401a1d
    I: 401a20
    I: 401a23
    I: 401a26
    I: 401a29
    I: 401a2b
    I: 401a2d
    I: 401a2f
    I: 401a31
    I: 401a36
    I: 401a3b
    I: 401a3e
    I: 401a41
    I: 401a44 (flow 403035)
      Successors: 403035
  BB: 4011ee in func 401150 with 3 insts
    I: 4011ee
    I: 4011f1
    I: 4011f6 (flow 401f6c)
      Successors: 401f6c, 4011fc
  BB: 4011fc in func 401150 with 1 insts
    I: 4011fc (flow 401201)
      Successors: 401201
  BB: 401201 in func 401150 with 3 insts
    I: 401201
    I: 401204
    I: 401209 (flow 4023bf)
      Successors: 4023bf, 40120f
  BB: 40120f in func 401150 with 1 insts
    I: 40120f (flow 401214)
      Successors: 401214
  BB: 401214 in func 401150 with 3 insts
    I: 401214
    I: 401217
    I: 40121c (flow 402f19)
      Successors: 402f19, 401222
  BB: 401222 in func 401150 with 1 insts
    I: 401222 (flow 401227)
      Successors: 401227
  BB: 401227 in func 401150 with 3 insts
    I: 401227
    I: 40122a
    I: 40122f (flow 402610)
      Successors: 402610, 401235
  BB: 402a33 in func 401150 with 29 insts
    I: 402a33
    I: 402a37
    I: 402a3a
    I: 402a3d
    I: 402a3f
    I: 402a42 (imm 40602c)
    I: 402a49
    I: 402a4b (imm 406030)
    I: 402a52
    I: 402a54
    I: 402a56
    I: 402a59
    I: 402a5b
    I: 402a5d
    I: 402a60
    I: 402a63
    I: 402a66
    I: 402a69
    I: 402a6c
    I: 402a6f
    I: 402a71
    I: 402a73
    I: 402a75
    I: 402a77
    I: 402a7c
    I: 402a81
    I: 402a84
    I: 402a87
    I: 402a8a (flow 403035)
      Successors: 403035
  BB: 401235 in func 401150 with 1 insts
    I: 401235 (flow 40123a)
      Successors: 40123a
  BB: 40123a in func 401150 with 3 insts
    I: 40123a
    I: 40123d
    I: 401242 (flow 401998)
      Successors: 401248, 401998
  BB: 401248 in func 401150 with 1 insts
    I: 401248 (flow 40124d)
      Successors: 40124d
  BB: 401a49 in func 401150 with 2 insts
    I: 401a49
    I: 401a50 (flow 403035)
      Successors: 403035
  BB: 40124d in func 401150 with 3 insts
    I: 40124d
    I: 401250
    I: 401255 (flow 402490)
      Successors: 402490, 40125b
  BB: 401a55 in func 401150 with 24 insts
    I: 401a55 (imm 40602c)
    I: 401a5c
    I: 401a5e (imm 406030)
    I: 401a65
    I: 401a67
    I: 401a69
    I: 401a6f
    I: 401a72
    I: 401a78
    I: 401a7b
    I: 401a7e
    I: 401a81
    I: 401a84
    I: 401a87
    I: 401a8a
    I: 401a8c
    I: 401a8e
    I: 401a90
    I: 401a92
    I: 401a97
    I: 401a9c
    I: 401a9f
    I: 401aa2
    I: 401aa5 (flow 403035)
      Successors: 403035
  BB: 40125b in func 401150 with 1 insts
    I: 40125b (flow 401260)
      Successors: 401260
  BB: 401260 in func 401150 with 3 insts
    I: 401260
    I: 401263
    I: 401268 (flow 4027a8)
      Successors: 4027a8, 40126e
  BB: 40226d in func 401150 with 44 insts
    I: 40226d
    I: 402271 (imm 404007)
    I: 40227b
    I: 40227d (flow 406040)
    I: 402282 (imm 40602c)
    I: 402289
    I: 40228b (imm 406030)
    I: 402292
    I: 402294
    I: 402296
    I: 40229c
    I: 40229f
    I: 4022a5
    I: 4022a8
    I: 4022ab
    I: 4022ae
    I: 4022b2
    I: 4022b5
    I: 4022b9
    I: 4022bc
    I: 4022be
    I: 4022c1
    I: 4022c5
    I: 4022c7
    I: 4022ca
    I: 4022cc
    I: 4022cf
    I: 4022d2
    I: 4022d5
    I: 4022d9
    I: 4022dc
    I: 4022df
    I: 4022e2
    I: 4022e5
    I: 4022e8
    I: 4022ea
    I: 4022ed
    I: 4022ef
    I: 4022f1
    I: 4022f6
    I: 4022fb
    I: 4022fe
    I: 402301
    I: 402304 (flow 403035)
      Successors: 403035
  BB: 40126e in func 401150 with 1 insts
    I: 40126e (flow 401273)
      Successors: 401273
  BB: 401273 in func 401150 with 3 insts
    I: 401273
    I: 401276
    I: 40127b (flow 401b63)
      Successors: 401281, 401b63
  BB: 401281 in func 401150 with 1 insts
    I: 401281 (flow 401286)
      Successors: 401286
  BB: 401286 in func 401150 with 3 insts
    I: 401286
    I: 401289
    I: 40128e (flow 402938)
      Successors: 402938, 401294
  BB: 402a8f in func 401150 with 7 insts
    I: 402a8f
    I: 402a92
    I: 402a97
    I: 402a9c
    I: 402a9f
    I: 402aa2
    I: 402aa5 (flow 403035)
      Successors: 403035
  BB: 401294 in func 401150 with 1 insts
    I: 401294 (flow 401299)
      Successors: 401299
  BB: 401299 in func 401150 with 3 insts
    I: 401299
    I: 40129c
    I: 4012a1 (flow 402085)
      Successors: 402085, 4012a7
  BB: 4012a7 in func 401150 with 1 insts
    I: 4012a7 (flow 4012ac)
      Successors: 4012ac
  BB: 401aaa in func 401150 with 44 insts
    I: 401aaa
    I: 401aae
    I: 401ab1
    I: 401ab3
    I: 401ab6 (imm 40602c)
    I: 401abd
    I: 401abf (imm 406030)
    I: 401ac6
    I: 401ac8
    I: 401aca
    I: 401acd
    I: 401acf
    I: 401ad1
    I: 401ad4
    I: 401ad7
    I: 401ada
    I: 401ade
    I: 401ae1
    I: 401ae5
    I: 401ae8
    I: 401aea
    I: 401aed
    I: 401af1
    I: 401af3
    I: 401af6
    I: 401af8
    I: 401afb
    I: 401afe
    I: 401b01
    I: 401b05
    I: 401b08
    I: 401b0b
    I: 401b0e
    I: 401b11
    I: 401b14
    I: 401b16
    I: 401b19
    I: 401b1b
    I: 401b1d
    I: 401b22
    I: 401b27
    I: 401b2a
    I: 401b2d
    I: 401b30 (flow 403035)
      Successors: 403035
  BB: 402aaa in func 401150 with 6 insts
    I: 402aaa
    I: 402aae (imm 404007)
    I: 402ab8
    I: 402aba (flow 406040)
    I: 402abf
    I: 402ac6 (flow 403035)
      Successors: 403035
  BB: 4012ac in func 401150 with 3 insts
    I: 4012ac
    I: 4012af
    I: 4012b4 (flow 401b35)
      Successors: 4012ba, 401b35
  BB: 4012ba in func 401150 with 1 insts
    I: 4012ba (flow 4012bf)
      Successors: 4012bf
  BB: 4012bf in func 401150 with 3 insts
    I: 4012bf
    I: 4012c2
    I: 4012c7 (flow 402b56)
      Successors: 4012cd, 402b56
  BB: 402acb in func 401150 with 2 insts
    I: 402acb
    I: 402ad2 (flow 403035)
      Successors: 403035
  BB: 4012cd in func 401150 with 1 insts
    I: 4012cd (flow 4012d2)
      Successors: 4012d2
  BB: 4012d2 in func 401150 with 3 insts
    I: 4012d2
    I: 4012d5
    I: 4012da (flow 401f2e)
      Successors: 4012e0, 401f2e
  BB: 402ad7 in func 401150 with 40 insts
    I: 402ad7 (imm 40602c)
    I: 402ade
    I: 402ae0 (imm 406030)
    I: 402ae7
    I: 402ae9
    I: 402aeb
    I: 402aee
    I: 402af0
    I: 402af2
    I: 402af5
    I: 402af8
    I: 402afb
    I: 402aff
    I: 402b02
    I: 402b06
    I: 402b09
    I: 402b0b
    I: 402b0e
    I: 402b12
    I: 402b14
    I: 402b17
    I: 402b19
    I: 402b1c
    I: 402b1f
    I: 402b22
    I: 402b26
    I: 402b29
    I: 402b2c
    I: 402b2f
    I: 402b32
    I: 402b35
    I: 402b37
    I: 402b3a
    I: 402b3c
    I: 402b3e
    I: 402b43
    I: 402b48
    I: 402b4b
    I: 402b4e
    I: 402b51 (flow 403035)
      Successors: 403035
  BB: 4012e0 in func 401150 with 1 insts
    I: 4012e0 (flow 4012e5)
      Successors: 4012e5
  BB: 4012e5 in func 401150 with 3 insts
    I: 4012e5
    I: 4012e8
    I: 4012ed (flow 401aaa)
      Successors: 401aaa, 4012f3
  BB: 4012f3 in func 401150 with 1 insts
    I: 4012f3 (flow 4012f8)
      Successors: 4012f8
  BB: 4012f8 in func 401150 with 3 insts
    I: 4012f8
    I: 4012fb
    I: 401300 (flow 402f8c)
      Successors: 402f8c, 401306
  BB: 401306 in func 401150 with 1 insts
    I: 401306 (flow 40130b)
      Successors: 40130b
  BB: 402309 in func 401150 with 2 insts
    I: 402309
    I: 402310 (flow 403035)
      Successors: 403035
  BB: 40130b in func 401150 with 3 insts
    I: 40130b
    I: 40130e
    I: 401313 (flow 402dd4)
      Successors: 401319, 402dd4
  BB: 402315 in func 401150 with 24 insts
    I: 402315 (imm 40602c)
    I: 40231c
    I: 40231e (imm 406030)
    I: 402325
    I: 402327
    I: 402329
    I: 40232f
    I: 402332
    I: 402338
    I: 40233b
    I: 40233e
    I: 402341
    I: 402344
    I: 402347
    I: 40234a
    I: 40234c
    I: 40234e
    I: 402350
    I: 402352
    I: 402357
    I: 40235c
    I: 40235f
    I: 402362
    I: 402365 (flow 403035)
      Successors: 403035
  BB: 401319 in func 401150 with 1 insts
    I: 401319 (flow 40131e)
      Successors: 40131e
  BB: 40131e in func 401150 with 3 insts
    I: 40131e
    I: 401321
    I: 401326 (flow 402e6d)
      Successors: 40132c, 402e6d
  BB: 40132c in func 401150 with 1 insts
    I: 40132c (flow 401331)
      Successors: 401331
  BB: 401331 in func 401150 with 3 insts
    I: 401331
    I: 401334
    I: 401339 (flow 40300a)
      Successors: 40300a, 40133f
  BB: 401b35 in func 401150 with 7 insts
    I: 401b35
    I: 401b38
    I: 401b3d
    I: 401b42
    I: 401b45
    I: 401b48
    I: 401b4b (flow 403035)
      Successors: 403035
  BB: 40133f in func 401150 with 1 insts
    I: 40133f (flow 401344)
      Successors: 401344
  BB: 401344 in func 401150 with 3 insts
    I: 401344
    I: 401347
    I: 40134c (flow 4029de)
      Successors: 401352, 4029de
  BB: 401b50 in func 401150 with 3 insts
    I: 401b50
    I: 401b57
    I: 401b5e (flow 403035)
      Successors: 403035
  BB: 401352 in func 401150 with 1 insts
    I: 401352 (flow 401357)
      Successors: 401357
  BB: 402b56 in func 401150 with 30 insts
    I: 402b56
    I: 402b5a
    I: 402b5e
    I: 402b60
    I: 402b63
    I: 402b65
    I: 402b68 (imm 40602c)
    I: 402b6f
    I: 402b71 (imm 406030)
    I: 402b78
    I: 402b7a
    I: 402b7c
    I: 402b82
    I: 402b85
    I: 402b8b
    I: 402b8e
    I: 402b91
    I: 402b94
    I: 402b97
    I: 402b9a
    I: 402b9d
    I: 402b9f
    I: 402ba1
    I: 402ba3
    I: 402ba5
    I: 402baa
    I: 402baf
    I: 402bb2
    I: 402bb5
    I: 402bb8 (flow 403035)
      Successors: 403035
  BB: 401357 in func 401150 with 3 insts
    I: 401357
    I: 40135a
    I: 40135f (flow 401c98)
      Successors: 401c98, 401365
  BB: 401b63 in func 401150 with 40 insts
    I: 401b63 (imm 40602c)
    I: 401b6a
    I: 401b6c (imm 406030)
    I: 401b73
    I: 401b75
    I: 401b77
    I: 401b7d
    I: 401b80
    I: 401b86
    I: 401b89
    I: 401b8c
    I: 401b8f
    I: 401b93
    I: 401b96
    I: 401b9a
    I: 401b9d
    I: 401b9f
    I: 401ba2
    I: 401ba6
    I: 401ba8
    I: 401bab
    I: 401bad
    I: 401bb0
    I: 401bb3
    I: 401bb6
    I: 401bba
    I: 401bbd
    I: 401bc0
    I: 401bc3
    I: 401bc6
    I: 401bc9
    I: 401bcb
    I: 401bce
    I: 401bd0
    I: 401bd2
    I: 401bd7
    I: 401bdc
    I: 401bdf
    I: 401be2
    I: 401be5 (flow 403035)
      Successors: 403035
  BB: 401365 in func 401150 with 1 insts
    I: 401365 (flow 40136a)
      Successors: 40136a
  BB: 40136a in func 401150 with 3 insts
    I: 40136a
    I: 40136d
    I: 401372 (flow 402ad7)
      Successors: 401378, 402ad7
  BB: 40236a in func 401150 with 24 insts
    I: 40236a (imm 40602c)
    I: 402371
    I: 402373 (imm 406030)
    I: 40237a
    I: 40237c
    I: 40237e
    I: 402384
    I: 402387
    I: 40238d
    I: 402390
    I: 402393
    I: 402396
    I: 402399
    I: 40239c
    I: 40239f
    I: 4023a1
    I: 4023a3
    I: 4023a5
    I: 4023a7
    I: 4023ac
    I: 4023b1
    I: 4023b4
    I: 4023b7
    I: 4023ba (flow 403035)
      Successors: 403035
  BB: 401378 in func 401150 with 1 insts
    I: 401378 (flow 40137d)
      Successors: 40137d
  BB: 40137d in func 401150 with 3 insts
    I: 40137d
    I: 401380
    I: 401385 (flow 402975)
      Successors: 40138b, 402975
  BB: 40138b in func 401150 with 1 insts
    I: 40138b (flow 401390)
      Successors: 401390
  BB: 401390 in func 401150 with 3 insts
    I: 401390
    I: 401393
    I: 401398 (flow 4024f7)
      Successors: 40139e, 4024f7
  BB: 40139e in func 401150 with 1 insts
    I: 40139e (flow 4013a3)
      Successors: 4013a3
  BB: 4013a3 in func 401150 with 3 insts
    I: 4013a3
    I: 4013a6
    I: 4013ab (flow 402810)
      Successors: 402810, 4013b1
  BB: 4013b1 in func 401150 with 1 insts
    I: 4013b1 (flow 4013b6)
      Successors: 4013b6
  BB: 4013b6 in func 401150 with 3 insts
    I: 4013b6
    I: 4013b9
    I: 4013be (flow 402eee)
      Successors: 4013c4, 402eee
  BB: 402bbd in func 401150 with 7 insts
    I: 402bbd
    I: 402bc0
    I: 402bc5
    I: 402bca
    I: 402bcd
    I: 402bd0
    I: 402bd3 (flow 403035)
      Successors: 403035
  BB: 4023bf in func 401150 with 2 insts
    I: 4023bf
    I: 4023c6 (flow 403035)
      Successors: 403035
  BB: 4013c4 in func 401150 with 1 insts
    I: 4013c4 (flow 4013c9)
      Successors: 4013c9
  BB: 4013c9 in func 401150 with 3 insts
    I: 4013c9
    I: 4013cc
    I: 4013d1 (flow 402c53)
      Successors: 402c53, 4013d7
  BB: 4023cb in func 401150 with 8 insts
    I: 4023cb
    I: 4023cf
    I: 4023d3
    I: 4023d8
    I: 4023dd
    I: 4023df
    I: 4023e2
    I: 4023e5 (flow 403035)
      Successors: 403035
  BB: 4013d7 in func 401150 with 1 insts
    I: 4013d7 (flow 4013dc)
      Successors: 4013dc
  BB: 402bd8 in func 401150 with 8 insts
    I: 402bd8
    I: 402bdc
    I: 402be0
    I: 402be5
    I: 402bea
    I: 402bec
    I: 402bef
    I: 402bf2 (flow 403035)
      Successors: 403035
  BB: 4013dc in func 401150 with 3 insts
    I: 4013dc
    I: 4013df
    I: 4013e4 (flow 402161)
      Successors: 402161, 4013ea
  BB: 4013ea in func 401150 with 1 insts
    I: 4013ea (flow 4013ef)
      Successors: 4013ef
  BB: 401bea in func 401150 with 44 insts
    I: 401bea
    I: 401bee
    I: 401bf1
    I: 401bf3
    I: 401bf6 (imm 40602c)
    I: 401bfd
    I: 401bff (imm 406030)
    I: 401c06
    I: 401c08
    I: 401c0a
    I: 401c10
    I: 401c13
    I: 401c19
    I: 401c1c
    I: 401c1f
    I: 401c22
    I: 401c26
    I: 401c29
    I: 401c2d
    I: 401c30
    I: 401c32
    I: 401c35
    I: 401c39
    I: 401c3b
    I: 401c3e
    I: 401c40
    I: 401c43
    I: 401c46
    I: 401c49
    I: 401c4d
    I: 401c50
    I: 401c53
    I: 401c56
    I: 401c59
    I: 401c5c
    I: 401c5e
    I: 401c61
    I: 401c63
    I: 401c65
    I: 401c6a
    I: 401c6f
    I: 401c72
    I: 401c75
    I: 401c78 (flow 403035)
      Successors: 403035
  BB: 4023ea in func 401150 with 8 insts
    I: 4023ea
    I: 4023ee
    I: 4023f2
    I: 4023f7
    I: 4023fc
    I: 4023fe
    I: 402401
    I: 402404 (flow 403035)
      Successors: 403035
  BB: 4013ef in func 401150 with 3 insts
    I: 4013ef
    I: 4013f2
    I: 4013f7 (flow 401ce5)
      Successors: 401ce5, 4013fd
  BB: 402bf7 in func 401150 with 8 insts
    I: 402bf7
    I: 402bfb
    I: 402bff
    I: 402c04
    I: 402c09
    I: 402c0b
    I: 402c0e
    I: 402c11 (flow 403035)
      Successors: 403035
  BB: 4013fd in func 401150 with 1 insts
    I: 4013fd (flow 401402)
      Successors: 401402
  BB: 401402 in func 401150 with 3 insts
    I: 401402
    I: 401405
    I: 40140a (flow 40216d)
      Successors: 401410, 40216d
  BB: 402409 in func 401150 with 40 insts
    I: 402409 (imm 40602c)
    I: 402410
    I: 402412 (imm 406030)
    I: 402419
    I: 40241b
    I: 40241d
    I: 402423
    I: 402426
    I: 40242c
    I: 40242f
    I: 402432
    I: 402435
    I: 402439
    I: 40243c
    I: 402440
    I: 402443
    I: 402445
    I: 402448
    I: 40244c
    I: 40244e
    I: 402451
    I: 402453
    I: 402456
    I: 402459
    I: 40245c
    I: 402460
    I: 402463
    I: 402466
    I: 402469
    I: 40246c
    I: 40246f
    I: 402471
    I: 402474
    I: 402476
    I: 402478
    I: 40247d
    I: 402482
    I: 402485
    I: 402488
    I: 40248b (flow 403035)
      Successors: 403035
  BB: 401410 in func 401150 with 1 insts
    I: 401410 (flow 401415)
      Successors: 401415
  BB: 401415 in func 401150 with 3 insts
    I: 401415
    I: 401418
    I: 40141d (flow 403022)
      Successors: 403022, 401423
  BB: 402c16 in func 401150 with 7 insts
    I: 402c16
    I: 402c1a
    I: 402c1f
    I: 402c24
    I: 402c27
    I: 402c2a
    I: 402c2d (flow 403035)
      Successors: 403035
  BB: 401423 in func 401150 with 1 insts
    I: 401423 (flow 401428)
      Successors: 401428
  BB: 401428 in func 401150 with 3 insts
    I: 401428
    I: 40142b
    I: 401430 (flow 401de4)
      Successors: 401de4, 401436
  BB: 402c32 in func 401150 with 6 insts
    I: 402c32
    I: 402c36 (imm 404007)
    I: 402c40
    I: 402c42 (flow 406040)
    I: 402c47
    I: 402c4e (flow 403035)
      Successors: 403035
  BB: 401436 in func 401150 with 1 insts
    I: 401436 (flow 40143b)
      Successors: 40143b
  BB: 40143b in func 401150 with 3 insts
    I: 40143b
    I: 40143e
    I: 401443 (flow 402ed1)
      Successors: 401449, 402ed1
  BB: 401449 in func 401150 with 1 insts
    I: 401449 (flow 40144e)
      Successors: 40144e
  BB: 40144e in func 401150 with 3 insts
    I: 40144e
    I: 401451
    I: 401456 (flow 402315)
      Successors: 40145c, 402315
  BB: 402c53 in func 401150 with 2 insts
    I: 402c53
    I: 402c5a (flow 403035)
      Successors: 403035
  BB: 40145c in func 401150 with 1 insts
    I: 40145c (flow 401461)
      Successors: 401461
  BB: 402c5f in func 401150 with 8 insts
    I: 402c5f
    I: 402c63
    I: 402c67
    I: 402c6c
    I: 402c71
    I: 402c73
    I: 402c76
    I: 402c79 (flow 403035)
      Successors: 403035
  BB: 401461 in func 401150 with 3 insts
    I: 401461
    I: 401464
    I: 401469 (flow 401f0f)
      Successors: 401f0f, 40146f
  BB: 40146f in func 401150 with 1 insts
    I: 40146f (flow 401474)
      Successors: 401474
  BB: 401474 in func 401150 with 3 insts
    I: 401474
    I: 401477
    I: 40147c (flow 402789)
      Successors: 402789, 401482
  BB: 401c7d in func 401150 with 7 insts
    I: 401c7d
    I: 401c80
    I: 401c85
    I: 401c8a
    I: 401c8d
    I: 401c90
    I: 401c93 (flow 403035)
      Successors: 403035
  BB: 402c7e in func 401150 with 24 insts
    I: 402c7e (imm 40602c)
    I: 402c85
    I: 402c87 (imm 406030)
    I: 402c8e
    I: 402c90
    I: 402c92
    I: 402c98
    I: 402c9b
    I: 402ca1
    I: 402ca4
    I: 402ca7
    I: 402caa
    I: 402cad
    I: 402cb0
    I: 402cb3
    I: 402cb5
    I: 402cb7
    I: 402cb9
    I: 402cbb
    I: 402cc0
    I: 402cc5
    I: 402cc8
    I: 402ccb
    I: 402cce (flow 403035)
      Successors: 403035
  BB: 401482 in func 401150 with 1 insts
    I: 401482 (flow 401487)
      Successors: 401487
  BB: 401487 in func 401150 with 3 insts
    I: 401487
    I: 40148a
    I: 40148f (flow 402aaa)
      Successors: 402aaa, 401495
  BB: 402490 in func 401150 with 30 insts
    I: 402490
    I: 402494
    I: 402498
    I: 40249a
    I: 40249d
    I: 40249f
    I: 4024a2 (imm 40602c)
    I: 4024a9
    I: 4024ab (imm 406030)
    I: 4024b2
    I: 4024b4
    I: 4024b6
    I: 4024bc
    I: 4024bf
    I: 4024c5
    I: 4024c8
    I: 4024cb
    I: 4024ce
    I: 4024d1
    I: 4024d4
    I: 4024d7
    I: 4024d9
    I: 4024db
    I: 4024dd
    I: 4024df
    I: 4024e4
    I: 4024e9
    I: 4024ec
    I: 4024ef
    I: 4024f2 (flow 403035)
      Successors: 403035
  BB: 401495 in func 401150 with 1 insts
    I: 401495 (flow 40149a)
      Successors: 40149a
  BB: 401c98 in func 401150 with 24 insts
    I: 401c98 (imm 40602c)
    I: 401c9f
    I: 401ca1 (imm 406030)
    I: 401ca8
    I: 401caa
    I: 401cac
    I: 401caf
    I: 401cb1
    I: 401cb3
    I: 401cb6
    I: 401cb9
    I: 401cbc
    I: 401cbf
    I: 401cc2
    I: 401cc5
    I: 401cc7
    I: 401cc9
    I: 401ccb
    I: 401ccd
    I: 401cd2
    I: 401cd7
    I: 401cda
    I: 401cdd
    I: 401ce0 (flow 403035)
      Successors: 403035
  BB: 40149a in func 401150 with 3 insts
    I: 40149a
    I: 40149d
    I: 4014a2 (flow 402c16)
      Successors: 4014a8, 402c16
  BB: 4014a8 in func 401150 with 1 insts
    I: 4014a8 (flow 4014ad)
      Successors: 4014ad
  BB: 4014ad in func 401150 with 3 insts
    I: 4014ad
    I: 4014b0
    I: 4014b5 (flow 401bea)
      Successors: 401bea, 4014bb
  BB: 4014bb in func 401150 with 1 insts
    I: 4014bb (flow 4014c0)
      Successors: 4014c0
  BB: 4014c0 in func 401150 with 3 insts
    I: 4014c0
    I: 4014c3
    I: 4014c8 (flow 40236a)
      Successors: 40236a, 4014ce
  BB: 4014ce in func 401150 with 1 insts
    I: 4014ce (flow 4014d3)
      Successors: 4014d3
  BB: 4014d3 in func 401150 with 3 insts
    I: 4014d3
    I: 4014d6
    I: 4014db (flow 402ffe)
      Successors: 4014e1, 402ffe
  BB: 402cd3 in func 401150 with 46 insts
    I: 402cd3
    I: 402cd7
    I: 402cdb
    I: 402cdd
    I: 402ce0
    I: 402ce2
    I: 402ce5 (imm 40602c)
    I: 402cec
    I: 402cee (imm 406030)
    I: 402cf5
    I: 402cf7
    I: 402cf9
    I: 402cff
    I: 402d02
    I: 402d08
    I: 402d0b
    I: 402d0e
    I: 402d11
    I: 402d15
    I: 402d18
    I: 402d1c
    I: 402d1f
    I: 402d21
    I: 402d24
    I: 402d28
    I: 402d2a
    I: 402d2d
    I: 402d2f
    I: 402d32
    I: 402d35
    I: 402d38
    I: 402d3c
    I: 402d3f
    I: 402d42
    I: 402d45
    I: 402d48
    I: 402d4b
    I: 402d4d
    I: 402d50
    I: 402d52
    I: 402d54
    I: 402d59
    I: 402d5e
    I: 402d61
    I: 402d64
    I: 402d67 (flow 403035)
      Successors: 403035
  BB: 4014e1 in func 401150 with 1 insts
    I: 4014e1 (flow 4014e6)
      Successors: 4014e6
  BB: 401ce5 in func 401150 with 59 insts
    I: 401ce5
    I: 401ce9
    I: 401ced
    I: 401cf1
    I: 401cf4
    I: 401cf8
    I: 401cfb (imm 404004)
    I: 401d05
    I: 401d07 (flow 406050)
    I: 401d0c
    I: 401d10
    I: 401d14
    I: 401d18
    I: 401d1b
    I: 401d1f
    I: 401d23
    I: 401d26
    I: 401d29
    I: 401d2b
    I: 401d2e (imm 40602c)
    I: 401d35
    I: 401d37 (imm 406030)
    I: 401d3e
    I: 401d40
    I: 401d42
    I: 401d48
    I: 401d4b
    I: 401d51
    I: 401d54
    I: 401d57
    I: 401d5a
    I: 401d5e
    I: 401d61
    I: 401d65
    I: 401d68
    I: 401d6a
    I: 401d6d
    I: 401d71
    I: 401d73
    I: 401d76
    I: 401d78
    I: 401d7b
    I: 401d7e
    I: 401d81
    I: 401d85
    I: 401d88
    I: 401d8b
    I: 401d8e
    I: 401d91
    I: 401d94
    I: 401d96
    I: 401d99
    I: 401d9b
    I: 401d9d
    I: 401da2
    I: 401da7
    I: 401daa
    I: 401dad
    I: 401db0 (flow 403035)
      Successors: 403035
  BB: 4014e6 in func 401150 with 3 insts
    I: 4014e6
    I: 4014e9
    I: 4014ee (flow 402f98)
      Successors: 402f98, 4014f4
  BB: 4014f4 in func 401150 with 1 insts
    I: 4014f4 (flow 4014f9)
      Successors: 4014f9
  BB: 4024f7 in func 401150 with 7 insts
    I: 4024f7
    I: 4024fa
    I: 4024ff
    I: 402504
    I: 402507
    I: 40250a
    I: 40250d (flow 403035)
      Successors: 403035
  BB: 4014f9 in func 401150 with 3 insts
    I: 4014f9
    I: 4014fc
    I: 401501 (flow 402865)
      Successors: 402865, 401507
  BB: 401507 in func 401150 with 1 insts
    I: 401507 (flow 40150c)
      Successors: 40150c
  BB: 40150c in func 401150 with 3 insts
    I: 40150c
    I: 40150f
    I: 401514 (flow 402512)
      Successors: 40151a, 402512
  BB: 402512 in func 401150 with 40 insts
    I: 402512 (imm 40602c)
    I: 402519
    I: 40251b (imm 406030)
    I: 402522
    I: 402524
    I: 402526
    I: 40252c
    I: 40252f
    I: 402535
    I: 402538
    I: 40253b
    I: 40253e
    I: 402542
    I: 402545
    I: 402549
    I: 40254c
    I: 40254e
    I: 402551
    I: 402555
    I: 402557
    I: 40255a
    I: 40255c
    I: 40255f
    I: 402562
    I: 402565
    I: 402569
    I: 40256c
    I: 40256f
    I: 402572
    I: 402575
    I: 402578
    I: 40257a
    I: 40257d
    I: 40257f
    I: 402581
    I: 402586
    I: 40258b
    I: 40258e
    I: 402591
    I: 402594 (flow 403035)
      Successors: 403035
  BB: 40151a in func 401150 with 1 insts
    I: 40151a (flow 40151f)
      Successors: 40151f
  BB: 40151f in func 401150 with 3 insts
    I: 40151f
    I: 401522
    I: 401527 (flow 402733)
      Successors: 402733, 40152d
  BB: 40152d in func 401150 with 1 insts
    I: 40152d (flow 401532)
      Successors: 401532
  BB: 401532 in func 401150 with 3 insts
    I: 401532
    I: 401535
    I: 40153a (flow 402fb9)
      Successors: 401540, 402fb9
  BB: 401540 in func 401150 with 1 insts
    I: 401540 (flow 401545)
      Successors: 401545
  BB: 401545 in func 401150 with 3 insts
    I: 401545
    I: 401548
    I: 40154d (flow 402079)
      Successors: 402079, 401553
  BB: 401553 in func 401150 with 1 insts
    I: 401553 (flow 401558)
      Successors: 401558
  BB: 401558 in func 401150 with 3 insts
    I: 401558
    I: 40155b
    I: 401560 (flow 401dd8)
      Successors: 401dd8, 401566
  BB: 401566 in func 401150 with 1 insts
    I: 401566 (flow 40156b)
      Successors: 40156b
  BB: 40156b in func 401150 with 3 insts
    I: 40156b
    I: 40156e
    I: 401573 (flow 4023ea)
      Successors: 401579, 4023ea
  BB: 402d6c in func 401150 with 7 insts
    I: 402d6c
    I: 402d6f
    I: 402d74
    I: 402d79
    I: 402d7c
    I: 402d7f
    I: 402d82 (flow 403035)
      Successors: 403035
  BB: 401579 in func 401150 with 1 insts
    I: 401579 (flow 40157e)
      Successors: 40157e
  BB: 40157e in func 401150 with 3 insts
    I: 40157e
    I: 401581
    I: 401586 (flow 402d87)
      Successors: 40158c, 402d87
  BB: 402d87 in func 401150 with 24 insts
    I: 402d87 (imm 40602c)
    I: 402d8e
    I: 402d90 (imm 406030)
    I: 402d97
    I: 402d99
    I: 402d9b
    I: 402d9e
    I: 402da0
    I: 402da2
    I: 402da5
    I: 402da8
    I: 402dab
    I: 402dae
    I: 402db1
    I: 402db4
    I: 402db6
    I: 402db8
    I: 402dba
    I: 402dbc
    I: 402dc1
    I: 402dc6
    I: 402dc9
    I: 402dcc
    I: 402dcf (flow 403035)
      Successors: 403035
  BB: 40158c in func 401150 with 1 insts
    I: 40158c (flow 401591)
      Successors: 401591
  BB: 401591 in func 401150 with 3 insts
    I: 401591
    I: 401594
    I: 401599 (flow 401ef0)
      Successors: 401ef0, 40159f
  BB: 402599 in func 401150 with 29 insts
    I: 402599
    I: 40259d
    I: 4025a0
    I: 4025a3
    I: 4025a5
    I: 4025a8 (imm 40602c)
    I: 4025af
    I: 4025b1 (imm 406030)
    I: 4025b8
    I: 4025ba
    I: 4025bc
    I: 4025bf
    I: 4025c1
    I: 4025c3
    I: 4025c6
    I: 4025c9
    I: 4025cc
    I: 4025cf
    I: 4025d2
    I: 4025d5
    I: 4025d7
    I: 4025d9
    I: 4025db
    I: 4025dd
    I: 4025e2
    I: 4025e7
    I: 4025ea
    I: 4025ed
    I: 4025f0 (flow 403035)
      Successors: 403035
  BB: 40159f in func 401150 with 1 insts
    I: 40159f (flow 4015a4)
      Successors: 4015a4
  BB: 4015a4 in func 401150 with 3 insts
    I: 4015a4
    I: 4015a7
    I: 4015ac (flow 402309)
      Successors: 402309, 4015b2
  BB: 4015b2 in func 401150 with 1 insts
    I: 4015b2 (flow 4015b7)
      Successors: 4015b7
  BB: 401db5 in func 401150 with 7 insts
    I: 401db5
    I: 401db8
    I: 401dbd
    I: 401dc2
    I: 401dc5
    I: 401dc8
    I: 401dcb (flow 403035)
      Successors: 403035
  BB: 4015b7 in func 401150 with 3 insts
    I: 4015b7
    I: 4015ba
    I: 4015bf (flow 401f88)
      Successors: 401f88, 4015c5
  BB: 4015c5 in func 401150 with 1 insts
    I: 4015c5 (flow 4015ca)
      Successors: 4015ca
  BB: 4015ca in func 401150 with 3 insts
    I: 4015ca
    I: 4015cd
    I: 4015d2 (flow 402c32)
      Successors: 4015d8, 402c32
  BB: 401dd0 in func 401150 with 4 insts
    I: 401dd0
    I: 401dd2
    I: 401dd6
    I: 401dd7
      No successors
  BB: 402dd4 in func 401150 with 46 insts
    I: 402dd4
    I: 402dd8
    I: 402ddc
    I: 402dde
    I: 402de1
    I: 402de3
    I: 402de6 (imm 40602c)
    I: 402ded
    I: 402def (imm 406030)
    I: 402df6
    I: 402df8
    I: 402dfa
    I: 402e00
    I: 402e03
    I: 402e09
    I: 402e0c
    I: 402e0f
    I: 402e12
    I: 402e16
    I: 402e19
    I: 402e1d
    I: 402e20
    I: 402e22
    I: 402e25
    I: 402e29
    I: 402e2b
    I: 402e2e
    I: 402e30
    I: 402e33
    I: 402e36
    I: 402e39
    I: 402e3d
    I: 402e40
    I: 402e43
    I: 402e46
    I: 402e49
    I: 402e4c
    I: 402e4e
    I: 402e51
    I: 402e53
    I: 402e55
    I: 402e5a
    I: 402e5f
    I: 402e62
    I: 402e65
    I: 402e68 (flow 403035)
      Successors: 403035
  BB: 4015d8 in func 401150 with 1 insts
    I: 4015d8 (flow 4015dd)
      Successors: 4015dd
  BB: 401dd8 in func 401150 with 2 insts
    I: 401dd8
    I: 401ddf (flow 403035)
      Successors: 403035
  BB: 4015dd in func 401150 with 3 insts
    I: 4015dd
    I: 4015e0
    I: 4015e5 (flow 402599)
      Successors: 402599, 4015eb
  BB: 401de4 in func 401150 with 40 insts
    I: 401de4 (imm 40602c)
    I: 401deb
    I: 401ded (imm 406030)
    I: 401df4
    I: 401df6
    I: 401df8
    I: 401dfe
    I: 401e01
    I: 401e07
    I: 401e0a
    I: 401e0d
    I: 401e10
    I: 401e14
    I: 401e17
    I: 401e1b
    I: 401e1e
    I: 401e20
    I: 401e23
    I: 401e27
    I: 401e29
    I: 401e2c
    I: 401e2e
    I: 401e31
    I: 401e34
    I: 401e37
    I: 401e3b
    I: 401e3e
    I: 401e41
    I: 401e44
    I: 401e47
    I: 401e4a
    I: 401e4c
    I: 401e4f
    I: 401e51
    I: 401e53
    I: 401e58
    I: 401e5d
    I: 401e60
    I: 401e63
    I: 401e66 (flow 403035)
      Successors: 403035
  BB: 4015eb in func 401150 with 1 insts
    I: 4015eb (flow 4015f0)
      Successors: 4015f0
  BB: 4015f0 in func 401150 with 3 insts
    I: 4015f0
    I: 4015f3
    I: 4015f8 (flow 402ec5)
      Successors: 402ec5, 4015fe
  BB: 4025f5 in func 401150 with 7 insts
    I: 4025f5
    I: 4025f8
    I: 4025fd
    I: 402602
    I: 402605
    I: 402608
    I: 40260b (flow 403035)
      Successors: 403035
  BB: 4015fe in func 401150 with 1 insts
    I: 4015fe (flow 401603)
      Successors: 401603
  BB: 401603 in func 401150 with 3 insts
    I: 401603
    I: 401606
    I: 40160b (flow 401b50)
      Successors: 401b50, 401611
  BB: 402610 in func 401150 with 40 insts
    I: 402610 (imm 40602c)
    I: 402617
    I: 402619 (imm 406030)
    I: 402620
    I: 402622
    I: 402624
    I: 40262a
    I: 40262d
    I: 402633
    I: 402636
    I: 402639
    I: 40263c
    I: 402640
    I: 402643
    I: 402647
    I: 40264a
    I: 40264c
    I: 40264f
    I: 402653
    I: 402655
    I: 402658
    I: 40265a
    I: 40265d
    I: 402660
    I: 402663
    I: 402667
    I: 40266a
    I: 40266d
    I: 402670
    I: 402673
    I: 402676
    I: 402678
    I: 40267b
    I: 40267d
    I: 40267f
    I: 402684
    I: 402689
    I: 40268c
    I: 40268f
    I: 402692 (flow 403035)
      Successors: 403035
  BB: 401611 in func 401150 with 1 insts
    I: 401611 (flow 401616)
      Successors: 401616
  BB: 401616 in func 401150 with 3 insts
    I: 401616
    I: 401619
    I: 40161e (flow 402954)
      Successors: 401624, 402954
  BB: 401624 in func 401150 with 1 insts
    I: 401624 (flow 401629)
      Successors: 401629
  BB: 401629 in func 401150 with 3 insts
    I: 401629
    I: 40162c
    I: 401631 (flow 4021e6)
      Successors: 4021e6, 401637
  BB: 401637 in func 401150 with 1 insts
    I: 401637 (flow 40163c)
      Successors: 40163c
  BB: 40163c in func 401150 with 3 insts
    I: 40163c
    I: 40163f
    I: 401644 (flow 402f4c)
      Successors: 40164a, 402f4c
  BB: 40164a in func 401150 with 1 insts
    I: 40164a (flow 40164f)
      Successors: 40164f
  BB: 40164f in func 401150 with 3 insts
    I: 40164f
    I: 401652
    I: 401657 (flow 402e88)
      Successors: 402e88, 40165d
  BB: 40165d in func 401150 with 1 insts
    I: 40165d (flow 401662)
      Successors: 401662
  BB: 401662 in func 401150 with 3 insts
    I: 401662
    I: 401665
    I: 40166a (flow 40226d)
      Successors: 401670, 40226d
  BB: 401e6b in func 401150 with 29 insts
    I: 401e6b
    I: 401e6e
    I: 401e73
    I: 401e76
    I: 401e7b
    I: 401e7e (imm 40602c)
    I: 401e85
    I: 401e87 (imm 406030)
    I: 401e8e
    I: 401e90
    I: 401e92
    I: 401e98
    I: 401e9b
    I: 401ea1
    I: 401ea4
    I: 401ea7
    I: 401eaa
    I: 401ead
    I: 401eb0
    I: 401eb3
    I: 401eb5
    I: 401eb7
    I: 401eb9
    I: 401ebb
    I: 401ec0
    I: 401ec5
    I: 401ec8
    I: 401ecb
    I: 401ece (flow 403035)
      Successors: 403035
  BB: 402e6d in func 401150 with 7 insts
    I: 402e6d
    I: 402e70
    I: 402e75
    I: 402e7a
    I: 402e7d
    I: 402e80
    I: 402e83 (flow 403035)
      Successors: 403035
  BB: 401670 in func 401150 with 1 insts
    I: 401670 (flow 401675)
      Successors: 401675
  BB: 401675 in func 401150 with 3 insts
    I: 401675
    I: 401678
    I: 40167d (flow 402bd8)
      Successors: 402bd8, 401683
  BB: 401683 in func 401150 with 1 insts
    I: 401683 (flow 401688)
      Successors: 401688
  BB: 401688 in func 401150 with 3 insts
    I: 401688
    I: 40168b
    I: 401690 (flow 401a55)
      Successors: 401a55, 401696
  BB: 402e88 in func 401150 with 7 insts
    I: 402e88
    I: 402e8c
    I: 402e91
    I: 402e96
    I: 402e99
    I: 402e9c
    I: 402e9f (flow 403035)
      Successors: 403035
  BB: 401696 in func 401150 with 1 insts
    I: 401696 (flow 40169b)
      Successors: 40169b
  BB: 402697 in func 401150 with 44 insts
    I: 402697
    I: 40269b (imm 404007)
    I: 4026a5
    I: 4026a7 (flow 406040)
    I: 4026ac (imm 40602c)
    I: 4026b3
    I: 4026b5 (imm 406030)
    I: 4026bc
    I: 4026be
    I: 4026c0
    I: 4026c6
    I: 4026c9
    I: 4026cf
    I: 4026d2
    I: 4026d5
    I: 4026d8
    I: 4026dc
    I: 4026df
    I: 4026e3
    I: 4026e6
    I: 4026e8
    I: 4026eb
    I: 4026ef
    I: 4026f1
    I: 4026f4
    I: 4026f6
    I: 4026f9
    I: 4026fc
    I: 4026ff
    I: 402703
    I: 402706
    I: 402709
    I: 40270c
    I: 40270f
    I: 402712
    I: 402714
    I: 402717
    I: 402719
    I: 40271b
    I: 402720
    I: 402725
    I: 402728
    I: 40272b
    I: 40272e (flow 403035)
      Successors: 403035
  BB: 40169b in func 401150 with 3 insts
    I: 40169b
    I: 40169e
    I: 4016a3 (flow 402acb)
      Successors: 4016a9, 402acb
  BB: 402ea4 in func 401150 with 6 insts
    I: 402ea4
    I: 402ea8 (imm 404007)
    I: 402eb2
    I: 402eb4 (flow 406040)
    I: 402eb9
    I: 402ec0 (flow 403035)
      Successors: 403035
  BB: 4016a9 in func 401150 with 1 insts
    I: 4016a9 (flow 4016ae)
      Successors: 4016ae
  BB: 4016ae in func 401150 with 3 insts
    I: 4016ae
    I: 4016b1
    I: 4016b6 (flow 401db5)
      Successors: 4016bc, 401db5
  BB: 4016bc in func 401150 with 1 insts
    I: 4016bc (flow 4016c1)
      Successors: 4016c1
  BB: 4016c1 in func 401150 with 3 insts
    I: 4016c1
    I: 4016c4
    I: 4016c9 (flow 4025f5)
      Successors: 4025f5, 4016cf
  BB: 402ec5 in func 401150 with 2 insts
    I: 402ec5
    I: 402ecc (flow 403035)
      Successors: 403035
  BB: 4016cf in func 401150 with 1 insts
    I: 4016cf (flow 4016d4)
      Successors: 4016d4
  BB: 402ed1 in func 401150 with 5 insts
    I: 402ed1 (imm 40400b)
    I: 402edb
    I: 402edd (flow 406040)
    I: 402ee2
    I: 402ee9 (flow 403035)
      Successors: 403035
  BB: 401ed3 in func 401150 with 2 insts
    I: 401ed3
    I: 401eda (flow 403035)
      Successors: 403035
  BB: 4016d4 in func 401150 with 3 insts
    I: 4016d4
    I: 4016d7
    I: 4016dc (flow 402ea4)
      Successors: 4016e2, 402ea4
  BB: 401edf in func 401150 with 3 insts
    I: 401edf (flow 406048)
    I: 401ee4
    I: 401eeb (flow 403035)
      Successors: 403035
  BB: 4016e2 in func 401150 with 1 insts
    I: 4016e2 (flow 4016e7)
      Successors: 4016e7
  BB: 4016e7 in func 401150 with 3 insts
    I: 4016e7
    I: 4016ea
    I: 4016ef (flow 4021ab)
      Successors: 4021ab, 4016f5
  BB: 402eee in func 401150 with 3 insts
    I: 402eee
    I: 402ef5
    I: 402efc (flow 403035)
      Successors: 403035
  BB: 401ef0 in func 401150 with 7 insts
    I: 401ef0
    I: 401ef3
    I: 401ef8
    I: 401efb
    I: 401f00
    I: 401f03
    I: 401f0a (flow 403035)
      Successors: 403035
  BB: 4016f5 in func 401150 with 1 insts
    I: 4016f5 (flow 4016fa)
      Successors: 4016fa
  BB: 4016fa in func 401150 with 3 insts
    I: 4016fa
    I: 4016fd
    I: 401702 (flow 402919)
      Successors: 401708, 402919
  BB: 402f01 in func 401150 with 2 insts
    I: 402f01
    I: 402f08 (flow 403035)
      Successors: 403035
  BB: 401708 in func 401150 with 1 insts
    I: 401708 (flow 40170d)
      Successors: 40170d
  BB: 40170d in func 401150 with 3 insts
    I: 40170d
    I: 401710
    I: 401715 (flow 4027c4)
      Successors: 40171b, 4027c4
  BB: 402f0d in func 401150 with 2 insts
    I: 402f0d
    I: 402f14 (flow 403035)
      Successors: 403035
  BB: 401f0f in func 401150 with 8 insts
    Referenced by data
    I: 401f0f
    I: 401f13
    I: 401f17
    I: 401f1c
    I: 401f21
    I: 401f23
    I: 401f26
    I: 401f29 (flow 403035)
      Successors: 403035
  BB: 402f19 in func 401150 with 11 insts
    I: 402f19
    I: 402f1d
    I: 402f21
    I: 402f25
    I: 402f28
    I: 402f2c
    I: 402f2f (imm 404004)
    I: 402f39
    I: 402f3b (flow 406050)
    I: 402f40
    I: 402f47 (flow 403035)
      Successors: 403035
  BB: 40171b in func 401150 with 1 insts
    I: 40171b (flow 401720)
      Successors: 401720
  BB: 401720 in func 401150 with 3 insts
    I: 401720
    I: 401723
    I: 401728 (flow 401edf)
      Successors: 40172e, 401edf
  BB: 40172e in func 401150 with 1 insts
    I: 40172e (flow 401733)
      Successors: 401733
  BB: 401f2e in func 401150 with 8 insts
    I: 401f2e
    I: 401f32
    I: 401f36
    I: 401f3b
    I: 401f40
    I: 401f42
    I: 401f45
    I: 401f48 (flow 403035)
      Successors: 403035
  BB: 401733 in func 401150 with 3 insts
    I: 401733
    I: 401736
    I: 40173b (flow 402409)
      Successors: 401741, 402409
  BB: 402733 in func 401150 with 2 insts
    I: 402733
    I: 40273a (flow 403035)
      Successors: 403035
  BB: 40273f in func 401150 with 2 insts
    I: 40273f
    I: 402746 (flow 403035)
      Successors: 403035
  BB: 401741 in func 401150 with 1 insts
    I: 401741 (flow 401746)
      Successors: 401746
  BB: 401746 in func 401150 with 3 insts
    I: 401746
    I: 401749
    I: 40174e (flow 402f01)
      Successors: 402f01, 401754
  BB: 40274b in func 401150 with 8 insts
    I: 40274b
    I: 40274f
    I: 402753
    I: 402758
    I: 40275d
    I: 40275f
    I: 402762
    I: 402765 (flow 403035)
      Successors: 403035
  BB: 402f4c in func 401150 with 7 insts
    I: 402f4c
    I: 402f4f
    I: 402f54
    I: 402f57
    I: 402f5c
    I: 402f5f
    I: 402f66 (flow 403035)
      Successors: 403035
  BB: 401f4d in func 401150 with 8 insts
    I: 401f4d
    I: 401f51
    I: 401f55
    I: 401f5a
    I: 401f5f
    I: 401f61
    I: 401f64
    I: 401f67 (flow 403035)
      Successors: 403035
  BB: 401754 in func 401150 with 1 insts
    I: 401754 (flow 401759)
      Successors: 401759
  BB: 401759 in func 401150 with 3 insts
    I: 401759
    I: 40175c
    I: 401761 (flow 402fd1)
      Successors: 402fd1, 401767
  BB: 401767 in func 401150 with 1 insts
    I: 401767 (flow 40176c)
      Successors: 40176c
  BB: 40276a in func 401150 with 8 insts
    I: 40276a
    I: 40276e
    I: 402772
    I: 402777
    I: 40277c
    I: 40277e
    I: 402781
    I: 402784 (flow 403035)
      Successors: 403035
  BB: 402f6b in func 401150 with 6 insts
    I: 402f6b
    I: 402f6f (imm 404007)
    I: 402f79
    I: 402f7b (flow 406040)
    I: 402f80
    I: 402f87 (flow 403035)
      Successors: 403035
  BB: 40176c in func 401150 with 3 insts
    I: 40176c
    I: 40176f
    I: 401774 (flow 402fc5)
      Successors: 40177a, 402fc5
  BB: 401f6c in func 401150 with 7 insts
    I: 401f6c
    I: 401f70
    I: 401f75
    I: 401f7a
    I: 401f7d
    I: 401f80
    I: 401f83 (flow 403035)
      Successors: 403035
  BB: 40177a in func 401150 with 1 insts
    I: 40177a (flow 40177f)
      Successors: 40177f
  BB: 40177f in func 401150 with 3 insts
    I: 40177f
    I: 401782
    I: 401787 (flow 4029bf)
      Successors: 40178d, 4029bf
  BB: 401f88 in func 401150 with 40 insts
    I: 401f88 (imm 40602c)
    I: 401f8f
    I: 401f91 (imm 406030)
    I: 401f98
    I: 401f9a
    I: 401f9c
    I: 401fa2
    I: 401fa5
    I: 401fab
    I: 401fae
    I: 401fb1
    I: 401fb4
    I: 401fb8
    I: 401fbb
    I: 401fbf
    I: 401fc2
    I: 401fc4
    I: 401fc7
    I: 401fcb
    I: 401fcd
    I: 401fd0
    I: 401fd2
    I: 401fd5
    I: 401fd8
    I: 401fdb
    I: 401fdf
    I: 401fe2
    I: 401fe5
    I: 401fe8
    I: 401feb
    I: 401fee
    I: 401ff0
    I: 401ff3
    I: 401ff5
    I: 401ff7
    I: 401ffc
    I: 402001
    I: 402004
    I: 402007
    I: 40200a (flow 403035)
      Successors: 403035
  BB: 402789 in func 401150 with 8 insts
    I: 402789
    I: 40278d
    I: 402791
    I: 402796
    I: 40279b
    I: 40279d
    I: 4027a0
    I: 4027a3 (flow 403035)
      Successors: 403035
  BB: 402f8c in func 401150 with 2 insts
    I: 402f8c
    I: 402f93 (flow 403035)
      Successors: 403035
  BB: 40178d in func 401150 with 1 insts
    I: 40178d (flow 401792)
      Successors: 401792
  BB: 401792 in func 401150 with 3 insts
    I: 401792
    I: 401795
    I: 40179a (flow 402bbd)
      Successors: 4017a0, 402bbd
  BB: 402f98 in func 401150 with 6 insts
    I: 402f98
    I: 402f9c (imm 404007)
    I: 402fa6
    I: 402fa8 (flow 406040)
    I: 402fad
    I: 402fb4 (flow 403035)
      Successors: 403035
  BB: 4017a0 in func 401150 with 1 insts
    I: 4017a0 (flow 4017a5)
      Successors: 4017a5
  BB: 4017a5 in func 401150 with 3 insts
    I: 4017a5
    I: 4017a8
    I: 4017ad (flow 402c7e)
      Successors: 4017b3, 402c7e
  BB: 4027a8 in func 401150 with 7 insts
    I: 4027a8
    I: 4027ac
    I: 4027b1
    I: 4027b6
    I: 4027b9
    I: 4027bc
    I: 4027bf (flow 403035)
      Successors: 403035
  BB: 4017b3 in func 401150 with 1 insts
    I: 4017b3 (flow 4017b8)
      Successors: 4017b8
  BB: 4017b8 in func 401150 with 3 insts
    I: 4017b8
    I: 4017bb
    I: 4017c0 (flow 402a33)
      Successors: 402a33, 4017c6
  BB: 402fb9 in func 401150 with 2 insts
    I: 402fb9
    I: 402fc0 (flow 403035)
      Successors: 403035
  BB: 4027c4 in func 401150 with 6 insts
    I: 4027c4
    I: 4027c8 (imm 404007)
    I: 4027d2
    I: 4027d4 (flow 406040)
    I: 4027d9
    I: 4027e0 (flow 403035)
      Successors: 403035
  BB: 402fc5 in func 401150 with 2 insts
    I: 402fc5
    I: 402fcc (flow 403035)
      Successors: 403035
  BB: 4017c6 in func 401150 with 1 insts
    I: 4017c6 (flow 4017cb)
      Successors: 4017cb
  BB: 4017cb in func 401150 with 3 insts
    I: 4017cb
    I: 4017ce
    I: 4017d3 (flow 4027f1)
      Successors: 4017d9, 4027f1
  BB: 402fd1 in func 401150 with 2 insts
    I: 402fd1
    I: 402fd8 (flow 403035)
      Successors: 403035
  BB: 4017d9 in func 401150 with 1 insts
    I: 4017d9 (flow 4017de)
      Successors: 4017de
  BB: 402fdd in func 401150 with 6 insts
    I: 402fdd
    I: 402fe1 (imm 404007)
    I: 402feb
    I: 402fed (flow 406040)
    I: 402ff2
    I: 402ff9 (flow 403035)
      Successors: 403035
  BB: 4017de in func 401150 with 3 insts
    I: 4017de
    I: 4017e1
    I: 4017e6 (flow 40276a)
      Successors: 40276a, 4017ec
  BB: 4027e5 in func 401150 with 2 insts
    I: 4027e5
    I: 4027ec (flow 403035)
      Successors: 403035
  BB: 4017ec in func 401150 with 1 insts
    I: 4017ec (flow 4017f1)
      Successors: 4017f1
  BB: 4017f1 in func 401150 with 3 insts
    I: 4017f1
    I: 4017f4
    I: 4017f9 (flow 401f4d)
      Successors: 401f4d, 4017ff
  BB: 4027f1 in func 401150 with 8 insts
    I: 4027f1
    I: 4027f5
    I: 4027f9
    I: 4027fe
    I: 402803
    I: 402805
    I: 402808
    I: 40280b (flow 403035)
      Successors: 403035
  BB: 402ffe in func 401150 with 2 insts
    I: 402ffe
    I: 403005 (flow 403035)
      Successors: 403035
  BB: 4017ff in func 401150 with 1 insts
    I: 4017ff (flow 401804)
      Successors: 401804
Recovering .term_proc at 40303c
  Analysing subroutine .term_proc at 40303c
    Block head at 00403049 is not code.
  Subroutine .term_proc at 40303c has 1 blocks
  BB: 40303c in func 40303c with 4 insts
    I: 40303c
    I: 403040
    I: 403044
    I: 403048
      No successors
Global Variable None
WARNING: Global constructor and destructor sections are adjacent!
Recovering region LOAD [400000, 400528) in segment LOAD
  8-byte reference at 400018 to 401060 (start)
  8-byte reference at 4000f8 to 401000 (.init_proc)
  8-byte reference at 400130 to 404000 ()
  8-byte reference at 400168 to 405de8 ()
  8-byte reference at 400280 to 404010 ()
  8-byte reference at 4002f0 to 405de8 ()
Recovering region .init [401000, 40101b) in segment .init
Recovering region LOAD [40101b, 401020) in segment LOAD
Recovering region .plt [401020, 401060) in segment .plt
  4-byte reference at 40102c to 401f0f ()
Recovering region .text [401060, 40303a) in segment .text
Recovering region LOAD [40303a, 40303c) in segment LOAD
Recovering region .fini [40303c, 403049) in segment .fini
Recovering region .rodata [404000, 40400f) in segment .rodata
  Variable format at 404007
  Variable aNa at 40400b
Recovering region LOAD [40400f, 404010) in segment LOAD
Recovering region .eh_frame_hdr [404010, 40403c) in segment .eh_frame_hdr
Recovering region LOAD [40403c, 404040) in segment LOAD
Recovering region .eh_frame [404040, 4040d0) in segment .eh_frame
Recovering region LOAD [4040d0, 404110) in segment LOAD
Recovering region .init_array [405de8, 405df8) in segment .init_array
  8-byte reference at 405de8 to 401140 ()
  8-byte reference at 405df0 to 401110 ()
Recovering region LOAD [405df8, 405fd8) in segment LOAD
Recovering region .got [405fd8, 405fe8) in segment .got
  8-byte reference at 405fd8 to 406038 (__libc_start_main)
  8-byte reference at 405fe0 to 406058 (__gmon_start__)
Recovering region .got.plt [405fe8, 406018) in segment .got.plt
  8-byte reference at 406000 to 406040 (printf)
  8-byte reference at 406008 to 406048 (getchar)
  8-byte reference at 406010 to 406050 (__isoc99_scanf)
Recovering region .data [406018, 406028) in segment .data
Recovering region .bss [406028, 406038) in segment .bss
Recovering extern function printf at 401030
Recovering extern function getchar at 401040
Recovering extern function __isoc99_scanf at 401050
Recovering extern function __libc_start_main at 406038
Recovering extern function printf at 406040
Recovering extern function getchar at 406048
Recovering extern function __isoc99_scanf at 406050
Recovering extern function __gmon_start__ at 406058
Recovered 8 functions.
Saving to: /home/ubuntu/capstone_project/result/pipeline_20260629_141746/s868256135_fla_bcf_instsub.cfg
Done analysis!
