Debugging is enabled.
Loading Standard Definitions file: /home/ubuntu/capstone_project/dependency/mcsema/mcsema/lib/python3/site-packages/mcsema_disass-3.1.3.8-py3.8.egg/mcsema_disass/defs/linux.txt
Using Batch mode.
Starting analysis
Recovering module s902213044_bcf_instsub.elf
Found main at 401140
Looking for instructions in segment .init
  Default block heads for function 401000 with loose bounds [401000, 40101b)
    block [401000, 401014)
    block [401014, 401016)
    block [401016, 40101b)
    chunk [401000, 40101b)
Looking for instructions in segment .plt
  Default block heads for function 401020 with loose bounds [401020, 40102c)
    block [401020, 40102c)
    chunk [401020, 40102c)
  Default block heads for function 401030 with loose bounds [401030, 401036)
    block [401030, 401036)
    chunk [401030, 401036)
  Default block heads for function 401040 with loose bounds [401040, 401046)
    block [401040, 401046)
    chunk [401040, 401046)
Looking for instructions in segment .text
  Default block heads for function 401050 with loose bounds [401050, 401076)
    block [401050, 401076)
    chunk [401050, 401076)
  Default block heads for function 401090 with loose bounds [401090, 4010b1)
    block [401090, 40109d)
    block [40109d, 4010a7)
    block [4010a7, 4010ae)
    block [4010b0, 4010b1)
    chunk [401090, 4010b1)
  Default block heads for function 401100 with loose bounds [401100, 401121)
    block [401100, 40110d)
    block [40110d, 40111f)
    block [401120, 401121)
    chunk [401100, 401121)
  Default block heads for function 401130 with loose bounds [401130, 401136)
    block [401130, 401136)
    chunk [401130, 401136)
    chunk [4010c0, 4010f1)
  Default block heads for function 401140 with loose bounds [401140, 401e86)
    block [401140, 40116d)
    block [40116d, 401179)
    block [401179, 401180)
    block [401180, 40118d)
    block [40118d, 4011ca)
    block [4011ca, 4011cf)
    block [4011cf, 40121b)
    block [40121b, 401220)
    block [401220, 401225)
    block [401225, 401295)
    block [401295, 40129a)
    block [40129a, 40131f)
    block [40131f, 401324)
    block [401324, 40132f)
    block [40132f, 401334)
    block [401334, 401379)
    block [401379, 40137e)
    block [40137e, 4013e6)
    block [4013e6, 4013eb)
    block [4013eb, 4013f0)
    block [4013f0, 401402)
    block [401402, 40147a)
    block [40147a, 40147f)
    block [40147f, 40151a)
    block [40151a, 40151f)
    block [40151f, 401524)
    block [401524, 40153c)
    block [40153c, 401543)
    block [401543, 401580)
    block [401580, 401585)
    block [401585, 401609)
    block [401609, 40160e)
    block [40160e, 401619)
    block [401619, 40161e)
    block [40161e, 401644)
    block [401644, 401650)
    block [401650, 40167f)
    block [40167f, 4016b8)
    block [4016b8, 4016e4)
    block [4016e4, 4016e9)
    block [4016e9, 401701)
    block [401701, 401779)
    block [401779, 40177e)
    block [40177e, 4017fd)
    block [4017fd, 401802)
    block [401802, 401807)
    block [401807, 401814)
    block [401814, 40181b)
    block [40181b, 401858)
    block [401858, 40185d)
    block [40185d, 4018a7)
    block [4018a7, 4018ac)
    block [4018ac, 4018b7)
    block [4018b7, 4018bc)
    block [4018bc, 4018f9)
    block [4018f9, 4018fe)
    block [4018fe, 401942)
    block [401942, 401947)
    block [401947, 40194c)
    block [40194c, 401959)
    block [401959, 4019cc)
    block [4019cc, 401a2f)
    block [401a2f, 401a34)
    block [401a34, 401a4c)
    block [401a4c, 401a51)
    block [401a51, 401a6b)
    block [401a6b, 401a70)
    block [401a70, 401a88)
    block [401a88, 401b00)
    block [401b00, 401b05)
    block [401b05, 401b49)
    block [401b49, 401b4e)
    block [401b4e, 401b53)
    block [401b53, 401b60)
    block [401b60, 401b86)
    block [401b86, 401ba1)
    block [401ba1, 401ba6)
    block [401ba6, 401be3)
    block [401be3, 401be8)
    block [401be8, 401c6b)
    block [401c6b, 401c70)
    block [401c70, 401c75)
    block [401c75, 401cba)
    block [401cba, 401cbf)
    block [401cbf, 401d1a)
    block [401d1a, 401d1f)
    block [401d1f, 401d24)
    block [401d24, 401d69)
    block [401d69, 401d6e)
    block [401d6e, 401db1)
    block [401db1, 401db6)
    block [401db6, 401dbf)
    block [401dbf, 401dcb)
    block [401dcb, 401dd0)
    block [401dd0, 401df8)
    block [401df8, 401e20)
    block [401e20, 401e25)
    block [401e25, 401e31)
    block [401e31, 401e36)
    block [401e36, 401e42)
    block [401e42, 401e4e)
    block [401e4e, 401e66)
    block [401e66, 401e81)
    block [401e81, 401e86)
    chunk [401140, 401e86)
Looking for instructions in segment .fini
  Default block heads for function 401e88 with loose bounds [401e88, 401e95)
    block [401e88, 401e95)
    chunk [401e88, 401e95)
Looking for strings in segment .rodata [402000, 40200f)
  Found string b'%d%s%d' of length 7 at 402004, jumping to 40200b
  Found string b'1' of length 2 at 40200b, jumping to 40200d
  Found string b'0' of length 2 at 40200d, jumping to 40200f
Looking for strings in segment .eh_frame_hdr [402010, 40203c)
Looking for strings in segment .eh_frame [402040, 4020d0)
Looking for strings in segment .init_array [403de8, 403df0)
Looking for strings in segment .fini_array [403df0, 403df8)
Looking for strings in segment .got [403fd8, 403fe8)
Looking for strings in segment .got.plt [403fe8, 404010)
Looking for strings in segment .data [404010, 404020)
Looking for strings in segment .bss [404020, 42b138)
Looking for strings in segment extern [42b138, 42b158)
Looking for cross-references in segment .init [401000, 40101b)
Looking for cross-references in segment .plt [401020, 401050)
  Stopping scan at 40102c
Looking for cross-references in segment .text [401050, 401e86)
  Stopping scan at 40107c
  Stopping scan at 40108c
  Stopping scan at ffffffffffffffff
  Stopping scan at 4010bc
  Stopping scan at 4010fc
  Stopping scan at ffffffffffffffff
  Stopping scan at 40112c
  Stopping scan at 40113c
Looking for cross-references in segment .fini [401e88, 401e95)
Looking for cross-references in segment .rodata [402000, 40200f)
  Found string at 402004, jumping to 40200b
  Found string at 40200b, jumping to 40200d
  Found string at 40200d, jumping to 40200f
  Stopping scan at 40200d
Looking for cross-references in segment .eh_frame_hdr [402010, 40203c)
  Stopping scan at 402038
Looking for cross-references in segment .eh_frame [402040, 4020d0)
  Stopping scan at 4020cc
Looking for cross-references in segment .init_array [403de8, 403df0)
  Adding qword reference from 403de8 to 401130
  Stopping scan at 403de8
Looking for cross-references in segment .fini_array [403df0, 403df8)
  Adding qword reference from 403df0 to 401100
  Stopping scan at 403df0
Looking for cross-references in segment .got [403fd8, 403fe8)
  Adding qword reference from 403fd8 to 42b138
  Adding qword reference from 403fe0 to 42b150
  Stopping scan at 403fe0
Looking for cross-references in segment .got.plt [403fe8, 404010)
  Adding qword reference from 404000 to 42b140
  Adding qword reference from 404008 to 42b148
  Stopping scan at 404008
Looking for cross-references in segment .data [404010, 404020)
  Stopping scan at 40401c
Looking for cross-references in segment .bss [404020, 42b138)
  Stopping scan at 42b134
Looking for cross-references in segment extern [42b138, 42b158)
  Stopping scan at 42b154
Looking for thunks
  Found thunk for puts targeting 42b140 at 401030
  Found thunk for __isoc99_scanf targeting 42b148 at 401040
Looking for external symbols
  Function at 401030 is the external function puts
  Function at 401040 is the external function __isoc99_scanf
  Function at 42b138 is the external function __libc_start_main
  Function at 42b140 is the external function puts
  Function at 42b148 is the external function __isoc99_scanf
  Function at 42b150 is the external function __gmon_start__
Looking for entrypoints
Recovering .init_proc at 401000
  Analysing subroutine .init_proc at 401000
    Block head at 0040101b is not code.
  Subroutine .init_proc at 401000 has 3 blocks
  BB: 401000 in func 401000 with 5 insts
    Referenced by data
    I: 401000
    I: 401004
    I: 401008 (mem 403fe0)
    I: 40100f
    I: 401012 (flow 401016)
      Successors: 401014, 401016
  BB: 401014 in func 401000 with 1 insts
    I: 401014
      Successors: 401016
  BB: 401016 in func 401000 with 2 insts
    I: 401016
    I: 40101a
      No successors
Recovering 401020
  Analysing subroutine sub_401020 at 401020
  WARNING: No table entries for indirect jump at 401026; Adding next_ea 40102c as successor.
  Subroutine sub_401020 at 401020 has 2 blocks
  WARNING: No table entries for indirect jump at 401026; Adding next_ea 40102c as successor.
  BB: 401020 in func 401020 with 2 insts
    I: 401020 (mem 403ff0)
    I: 401026 (mem 403ff8)
      Successors: 40102c
  BB: 40102c in func 401020 with 1 insts
    I: 40102c
      No successors
Recovering start at 401050
  Analysing subroutine start at 401050
  Subroutine start at 401050 has 3 blocks
  BB: 401050 in func 401050 with 13 insts
    Referenced by data
    I: 401050
    I: 401054
    I: 401056
    I: 401059
    I: 40105a
    I: 40105d
    I: 401061
    I: 401062
    I: 401063
    I: 401066
    I: 401068 (imm 401140)
    I: 40106f (mem 403fd8)
    I: 401075
      No successors
  BB: 401085 in func 401050 with 2 insts
    I: 401085
    I: 40108f
      No successors
  BB: 401076 in func 401050 with 3 insts
    I: 401076
    I: 401080
    I: 401084
      No successors
Recovering 401090
  Analysing subroutine sub_401090 at 401090
  WARNING: No table entries for indirect jump at 4010ac; Adding next_ea 4010ae as successor.
  WARNING: No table entries for indirect jump at 4010ee; Adding next_ea 4010f0 as successor.
  Subroutine sub_401090 at 401090 has 11 blocks
  BB: 4010c0 in func 401090 with 8 insts
    I: 4010c0 (imm 404020)
    I: 4010c5 (imm 404020)
    I: 4010cc
    I: 4010cf
    I: 4010d3
    I: 4010d7
    I: 4010da
    I: 4010dd (flow 4010f0)
      Successors: 4010f0, 4010df
  WARNING: No table entries for indirect jump at 4010ac; Adding next_ea 4010ae as successor.
  BB: 4010a7 in func 401090 with 2 insts
    I: 4010a7 (imm 404020)
    I: 4010ac
      Successors: 4010ae
  WARNING: No table entries for indirect jump at 4010ee; Adding next_ea 4010f0 as successor.
  BB: 4010e9 in func 401090 with 2 insts
    I: 4010e9 (imm 404020)
    I: 4010ee
      Successors: 4010f0
  BB: 4010ae in func 401090 with 1 insts
    I: 4010ae
      Successors: 4010b0
  BB: 401090 in func 401090 with 3 insts
    I: 401090 (imm 404020)
    I: 401095 (imm 404020)
    I: 40109b (flow 4010b0)
      Successors: 4010b0, 40109d
  BB: 4010b0 in func 401090 with 1 insts
    I: 4010b0
      No successors
  BB: 4010b1 in func 401090 with 2 insts
    I: 4010b1
    I: 4010b5
      Successors: 4010c0
  BB: 4010f0 in func 401090 with 1 insts
    I: 4010f0
      No successors
  BB: 4010f1 in func 401090 with 2 insts
    I: 4010f1
    I: 4010f5
      No successors
  BB: 40109d in func 401090 with 3 insts
    I: 40109d
    I: 4010a2
    I: 4010a5 (flow 4010b0)
      Successors: 4010b0, 4010a7
  BB: 4010df in func 401090 with 3 insts
    I: 4010df
    I: 4010e4
    I: 4010e7 (flow 4010f0)
      Successors: 4010f0, 4010e9
Recovering 401100
  Analysing subroutine sub_401100 at 401100
  Subroutine sub_401100 at 401100 has 5 blocks
  BB: 401100 in func 401100 with 3 insts
    Referenced by data
    I: 401100
    I: 401104 (mem 404020)
    I: 40110b (flow 401120)
      Successors: 401120, 40110d
  BB: 401121 in func 401100 with 2 insts
    I: 401121
    I: 401125
      No successors
  BB: 401120 in func 401100 with 1 insts
    I: 401120
      No successors
  BB: 40110d in func 401100 with 6 insts
    I: 40110d
    I: 40110e
    I: 401111 (flow 401090)
    I: 401116 (mem 404020)
    I: 40111d
    I: 40111e
      No successors
  BB: 40111f in func 401100 with 1 insts
    I: 40111f
      Successors: 401120
Recovering 401130
  Analysing subroutine sub_401130 at 401130
  WARNING: No table entries for indirect jump at 4010ee; Adding next_ea 4010f0 as successor.
  Subroutine sub_401130 at 401130 has 6 blocks
  BB: 4010c0 in func 401130 with 8 insts
    I: 4010c0 (imm 404020)
    I: 4010c5 (imm 404020)
    I: 4010cc
    I: 4010cf
    I: 4010d3
    I: 4010d7
    I: 4010da
    I: 4010dd (flow 4010f0)
      Successors: 4010f0, 4010df
  WARNING: No table entries for indirect jump at 4010ee; Adding next_ea 4010f0 as successor.
  BB: 4010e9 in func 401130 with 2 insts
    I: 4010e9 (imm 404020)
    I: 4010ee
      Successors: 4010f0
  BB: 401130 in func 401130 with 2 insts
    Referenced by data
    I: 401130
    I: 401134 (flow 4010c0)
      Successors: 4010c0
  BB: 4010f0 in func 401130 with 1 insts
    I: 4010f0
      No successors
  BB: 401136 in func 401130 with 1 insts
    I: 401136
      No successors
  BB: 4010df in func 401130 with 3 insts
    I: 4010df
    I: 4010e4
    I: 4010e7 (flow 4010f0)
      Successors: 4010f0, 4010e9
Recovering main at 401140
  Analysing subroutine main at 401140
    Block head at 00401e86 is not code.
  Subroutine main at 401140 has 104 blocks
  BB: 401402 in func 401140 with 36 insts
    I: 401402 (imm 42b130)
    I: 401409
    I: 40140b (imm 42b134)
    I: 401412
    I: 401414
    I: 401416
    I: 40141c
    I: 40141f
    I: 401425
    I: 401428
    I: 40142b
    I: 40142e
    I: 401432
    I: 401435
    I: 401439
    I: 40143c
    I: 40143f
    I: 401442
    I: 401446
    I: 401448
    I: 40144b
    I: 40144d
    I: 40144f
    I: 401452
    I: 401455
    I: 401459
    I: 40145c
    I: 40145f
    I: 401462
    I: 401465
    I: 401468
    I: 40146b
    I: 40146e
    I: 401470
    I: 401472
    I: 401474 (flow 40147f)
      Successors: 40147a, 40147f
  BB: 401802 in func 401140 with 1 insts
    I: 401802 (flow 401807)
      Successors: 401807
  BB: 401807 in func 401140 with 2 insts
    I: 401807
    I: 40180e (flow 401a88)
      Successors: 401a88, 401814
  BB: 401609 in func 401140 with 1 insts
    I: 401609 (flow 401e20)
      Successors: 401e20
  BB: 40160e in func 401140 with 3 insts
    I: 40160e
    I: 401611
    I: 401613 (flow 40161e)
      Successors: 401619, 40161e
  BB: 401814 in func 401140 with 1 insts
    I: 401814
      Successors: 40181b
  BB: 401619 in func 401140 with 1 insts
    I: 401619 (flow 401701)
      Successors: 401701
  BB: 40181b in func 401140 with 20 insts
    I: 40181b (imm 42b130)
    I: 401822
    I: 401824 (imm 42b134)
    I: 40182b
    I: 40182d
    I: 40182f
    I: 401832
    I: 401834
    I: 401836
    I: 401839
    I: 40183c
    I: 40183f
    I: 401842
    I: 401845
    I: 401848
    I: 40184a
    I: 40184c
    I: 40184e
    I: 401850
    I: 401852 (flow 40185d)
      Successors: 401858, 40185d
  BB: 40121b in func 401140 with 1 insts
    I: 40121b (flow 401dbf)
      Successors: 401dbf
  BB: 40161e in func 401140 with 8 insts
    I: 40161e
    I: 401622 (imm 402004)
    I: 40162c
    I: 401630
    I: 401634
    I: 401636 (flow 42b148)
    I: 40163b
    I: 40163e (flow 401650)
      Successors: 401650, 401644
  BB: 401220 in func 401140 with 1 insts
    I: 401220 (flow 401225)
      Successors: 401225
  BB: 401e20 in func 401140 with 1 insts
    I: 401e20 (flow 401585)
      Successors: 401585
  BB: 401225 in func 401140 with 36 insts
    I: 401225 (imm 42b130)
    I: 40122c
    I: 40122e (imm 42b134)
    I: 401235
    I: 401237
    I: 401239
    I: 40123c
    I: 40123e
    I: 401240
    I: 401243
    I: 401246
    I: 401249
    I: 40124d
    I: 401250
    I: 401254
    I: 401257
    I: 40125a
    I: 40125d
    I: 401261
    I: 401263
    I: 401266
    I: 401268
    I: 40126a
    I: 40126d
    I: 401270
    I: 401274
    I: 401277
    I: 40127a
    I: 40127d
    I: 401280
    I: 401283
    I: 401286
    I: 401289
    I: 40128b
    I: 40128d
    I: 40128f (flow 40129a)
      Successors: 40129a, 401295
  BB: 401e25 in func 401140 with 2 insts
    I: 401e25
    I: 401e2c (flow 40177e)
      Successors: 40177e
  BB: 401a2f in func 401140 with 1 insts
    I: 401a2f (flow 401a34)
      Successors: 401a34
  BB: 401e31 in func 401140 with 1 insts
    I: 401e31 (flow 40185d)
      Successors: 40185d
  BB: 401a34 in func 401140 with 6 insts
    I: 401a34
    I: 401a37
    I: 401a3c
    I: 401a3f
    I: 401a44
    I: 401a47 (flow 40194c)
      Successors: 40194c
  BB: 401e36 in func 401140 with 2 insts
    I: 401e36
    I: 401e3d (flow 4018fe)
      Successors: 4018fe
  BB: 401e42 in func 401140 with 2 insts
    I: 401e42
    I: 401e49 (flow 401b05)
      Successors: 401b05
  BB: 401644 in func 401140 with 2 insts
    I: 401644
    I: 40164b (flow 401d24)
      Successors: 401d24
  BB: 401a4c in func 401140 with 1 insts
    I: 401a4c (flow 401a51)
      Successors: 401a51
  BB: 401e4e in func 401140 with 6 insts
    I: 401e4e
    I: 401e51
    I: 401e56
    I: 401e59
    I: 401e5e
    I: 401e61 (flow 401be8)
      Successors: 401be8
  BB: 401650 in func 401140 with 17 insts
    I: 401650
    I: 401653
    I: 401655
    I: 401658
    I: 40165a
    I: 40165d
    I: 401660
    I: 401662
    I: 401664
    I: 401666
    I: 401669
    I: 40166b
    I: 40166d
    I: 40166f
    I: 401672
    I: 401676
    I: 401679 (flow 4016b8)
      Successors: 4016b8, 40167f
  BB: 401a51 in func 401140 with 10 insts
    I: 401a51
    I: 401a54
    I: 401a56
    I: 401a58
    I: 401a5a
    I: 401a5d
    I: 401a5f
    I: 401a61
    I: 401a63
    I: 401a66 (flow 40181b)
      Successors: 40181b
  BB: 401858 in func 401140 with 1 insts
    I: 401858 (flow 401e31)
      Successors: 401e31
  BB: 40185d in func 401140 with 23 insts
    I: 40185d
    I: 401864
    I: 401867
    I: 40186a (imm 42b130)
    I: 401871
    I: 401873 (imm 42b134)
    I: 40187a
    I: 40187c
    I: 40187e
    I: 401881
    I: 401883
    I: 401885
    I: 401888
    I: 40188b
    I: 40188e
    I: 401891
    I: 401894
    I: 401897
    I: 401899
    I: 40189b
    I: 40189d
    I: 40189f
    I: 4018a1 (flow 4018ac)
      Successors: 4018ac, 4018a7
  BB: 401e66 in func 401140 with 4 insts
    I: 401e66 (imm 40200d)
    I: 401e70 (flow 42b140)
    I: 401e75
    I: 401e7c (flow 401cbf)
      Successors: 401cbf
  BB: 401a6b in func 401140 with 1 insts
    I: 401a6b (flow 401a70)
      Successors: 401a70
  BB: 401c6b in func 401140 with 1 insts
    I: 401c6b (flow 401e4e)
      Successors: 401e4e
  BB: 401a70 in func 401140 with 6 insts
    I: 401a70
    I: 401a73
    I: 401a78
    I: 401a7b
    I: 401a80
    I: 401a83 (flow 401807)
      Successors: 401807
  BB: 401c70 in func 401140 with 1 insts
    I: 401c70 (flow 401b53)
      Successors: 401b53
  BB: 401c75 in func 401140 with 20 insts
    I: 401c75 (imm 42b130)
    I: 401c7c
    I: 401c7e (imm 42b134)
    I: 401c85
    I: 401c87
    I: 401c89
    I: 401c8f
    I: 401c92
    I: 401c98
    I: 401c9b
    I: 401c9e
    I: 401ca1
    I: 401ca4
    I: 401ca7
    I: 401caa
    I: 401cac
    I: 401cae
    I: 401cb0
    I: 401cb2
    I: 401cb4 (flow 401cbf)
      Successors: 401cba, 401cbf
  BB: 40147a in func 401140 with 1 insts
    I: 40147a (flow 401df8)
      Successors: 401df8
  BB: 40147f in func 401140 with 42 insts
    I: 40147f
    I: 401483 (imm 404030)
    I: 40148d
    I: 401494
    I: 401497
    I: 40149b
    I: 4014a2 (imm 42b130)
    I: 4014a9
    I: 4014ab (imm 42b134)
    I: 4014b2
    I: 4014b4
    I: 4014b6
    I: 4014bc
    I: 4014bf
    I: 4014c5
    I: 4014c8
    I: 4014cb
    I: 4014ce
    I: 4014d2
    I: 4014d5
    I: 4014d9
    I: 4014dc
    I: 4014df
    I: 4014e2
    I: 4014e6
    I: 4014e8
    I: 4014eb
    I: 4014ed
    I: 4014ef
    I: 4014f2
    I: 4014f5
    I: 4014f9
    I: 4014fc
    I: 4014ff
    I: 401502
    I: 401505
    I: 401508
    I: 40150b
    I: 40150e
    I: 401510
    I: 401512
    I: 401514 (flow 40151f)
      Successors: 40151a, 40151f
  BB: 40167f in func 401140 with 15 insts
    I: 40167f
    I: 401682
    I: 401684
    I: 401686
    I: 401688
    I: 40168b
    I: 40168d
    I: 40168f
    I: 401691
    I: 401694 (imm 404030)
    I: 40169e
    I: 4016a5
    I: 4016a8
    I: 4016ac
    I: 4016b3 (flow 4016e4)
      Successors: 4016e4
  BB: 401e81 in func 401140 with 1 insts
    I: 401e81 (flow 401d6e)
      Successors: 401d6e
  BB: 401a88 in func 401140 with 36 insts
    I: 401a88 (imm 42b130)
    I: 401a8f
    I: 401a91 (imm 42b134)
    I: 401a98
    I: 401a9a
    I: 401a9c
    I: 401aa2
    I: 401aa5
    I: 401aab
    I: 401aae
    I: 401ab1
    I: 401ab4
    I: 401ab8
    I: 401abb
    I: 401abf
    I: 401ac2
    I: 401ac5
    I: 401ac8
    I: 401acc
    I: 401ace
    I: 401ad1
    I: 401ad3
    I: 401ad5
    I: 401ad8
    I: 401adb
    I: 401adf
    I: 401ae2
    I: 401ae5
    I: 401ae8
    I: 401aeb
    I: 401aee
    I: 401af1
    I: 401af4
    I: 401af6
    I: 401af8
    I: 401afa (flow 401b05)
      Successors: 401b00, 401b05
  BB: 401295 in func 401140 with 1 insts
    I: 401295 (flow 401dcb)
      Successors: 401dcb
  BB: 40129a in func 401140 with 39 insts
    I: 40129a
    I: 4012a1
    I: 4012a4
    I: 4012a7 (imm 42b130)
    I: 4012ae
    I: 4012b0 (imm 42b134)
    I: 4012b7
    I: 4012b9
    I: 4012bb
    I: 4012c1
    I: 4012c4
    I: 4012ca
    I: 4012cd
    I: 4012d0
    I: 4012d3
    I: 4012d7
    I: 4012da
    I: 4012de
    I: 4012e1
    I: 4012e4
    I: 4012e7
    I: 4012eb
    I: 4012ed
    I: 4012f0
    I: 4012f2
    I: 4012f4
    I: 4012f7
    I: 4012fa
    I: 4012fe
    I: 401301
    I: 401304
    I: 401307
    I: 40130a
    I: 40130d
    I: 401310
    I: 401313
    I: 401315
    I: 401317
    I: 401319 (flow 401324)
      Successors: 401324, 40131f
  BB: 4018a7 in func 401140 with 1 insts
    I: 4018a7 (flow 401e31)
      Successors: 401e31
  BB: 4018ac in func 401140 with 3 insts
    I: 4018ac
    I: 4018af
    I: 4018b1 (flow 4018bc)
      Successors: 4018bc, 4018b7
  BB: 4018b7 in func 401140 with 1 insts
    I: 4018b7 (flow 401a6b)
      Successors: 401a6b
  BB: 4016b8 in func 401140 with 10 insts
    I: 4016b8
    I: 4016bc (imm 404030)
    I: 4016c6
    I: 4016cd
    I: 4016d0
    I: 4016d3
    I: 4016d5
    I: 4016d8
    I: 4016da
    I: 4016dd
      Successors: 4016e4
  BB: 401cba in func 401140 with 1 insts
    I: 401cba (flow 401e66)
      Successors: 401e66
  BB: 4018bc in func 401140 with 20 insts
    I: 4018bc (imm 42b130)
    I: 4018c3
    I: 4018c5 (imm 42b134)
    I: 4018cc
    I: 4018ce
    I: 4018d0
    I: 4018d3
    I: 4018d5
    I: 4018d7
    I: 4018da
    I: 4018dd
    I: 4018e0
    I: 4018e3
    I: 4018e6
    I: 4018e9
    I: 4018eb
    I: 4018ed
    I: 4018ef
    I: 4018f1
    I: 4018f3 (flow 4018fe)
      Successors: 4018f9, 4018fe
  BB: 401cbf in func 401140 with 23 insts
    I: 401cbf (imm 40200d)
    I: 401cc9 (flow 42b140)
    I: 401cce
    I: 401cd5 (imm 42b130)
    I: 401cdc
    I: 401cde (imm 42b134)
    I: 401ce5
    I: 401ce7
    I: 401ce9
    I: 401cef
    I: 401cf2
    I: 401cf8
    I: 401cfb
    I: 401cfe
    I: 401d01
    I: 401d04
    I: 401d07
    I: 401d0a
    I: 401d0c
    I: 401d0e
    I: 401d10
    I: 401d12
    I: 401d14 (flow 401d1f)
      Successors: 401d1a, 401d1f
  BB: 4016e4 in func 401140 with 1 insts
    I: 4016e4 (flow 4016e9)
      Successors: 4016e9
  BB: 4016e9 in func 401140 with 6 insts
    I: 4016e9
    I: 4016ec
    I: 4016f1
    I: 4016f4
    I: 4016f9
    I: 4016fc (flow 401543)
      Successors: 401543
  BB: 4018f9 in func 401140 with 1 insts
    I: 4018f9 (flow 401e36)
      Successors: 401e36
  BB: 4018fe in func 401140 with 21 insts
    I: 4018fe
    I: 401905 (imm 42b130)
    I: 40190c
    I: 40190e (imm 42b134)
    I: 401915
    I: 401917
    I: 401919
    I: 40191c
    I: 40191e
    I: 401920
    I: 401923
    I: 401926
    I: 401929
    I: 40192c
    I: 40192f
    I: 401932
    I: 401934
    I: 401936
    I: 401938
    I: 40193a
    I: 40193c (flow 401947)
      Successors: 401942, 401947
  BB: 401b00 in func 401140 with 1 insts
    I: 401b00 (flow 401e42)
      Successors: 401e42
  BB: 401701 in func 401140 with 36 insts
    I: 401701 (imm 42b130)
    I: 401708
    I: 40170a (imm 42b134)
    I: 401711
    I: 401713
    I: 401715
    I: 40171b
    I: 40171e
    I: 401724
    I: 401727
    I: 40172a
    I: 40172d
    I: 401731
    I: 401734
    I: 401738
    I: 40173b
    I: 40173e
    I: 401741
    I: 401745
    I: 401747
    I: 40174a
    I: 40174c
    I: 40174e
    I: 401751
    I: 401754
    I: 401758
    I: 40175b
    I: 40175e
    I: 401761
    I: 401764
    I: 401767
    I: 40176a
    I: 40176d
    I: 40176f
    I: 401771
    I: 401773 (flow 40177e)
      Successors: 401779, 40177e
  BB: 401b05 in func 401140 with 21 insts
    I: 401b05
    I: 401b0c (imm 42b130)
    I: 401b13
    I: 401b15 (imm 42b134)
    I: 401b1c
    I: 401b1e
    I: 401b20
    I: 401b23
    I: 401b25
    I: 401b27
    I: 401b2a
    I: 401b2d
    I: 401b30
    I: 401b33
    I: 401b36
    I: 401b39
    I: 401b3b
    I: 401b3d
    I: 401b3f
    I: 401b41
    I: 401b43 (flow 401b4e)
      Successors: 401b49, 401b4e
  BB: 40151a in func 401140 with 1 insts
    I: 40151a (flow 401df8)
      Successors: 401df8
  BB: 401d1a in func 401140 with 1 insts
    I: 401d1a (flow 401e66)
      Successors: 401e66
  BB: 40131f in func 401140 with 1 insts
    I: 40131f (flow 401dcb)
      Successors: 401dcb
  BB: 40151f in func 401140 with 1 insts
    I: 40151f (flow 401524)
      Successors: 401524
  BB: 401d1f in func 401140 with 1 insts
    I: 401d1f (flow 401d24)
      Successors: 401d24
  BB: 401324 in func 401140 with 3 insts
    I: 401324
    I: 401327
    I: 401329 (flow 401334)
      Successors: 401334, 40132f
  BB: 401524 in func 401140 with 6 insts
    I: 401524
    I: 401527
    I: 40152c
    I: 40152f
    I: 401534
    I: 401537 (flow 401180)
      Successors: 401180
  BB: 401d24 in func 401140 with 20 insts
    I: 401d24 (imm 42b130)
    I: 401d2b
    I: 401d2d (imm 42b134)
    I: 401d34
    I: 401d36
    I: 401d38
    I: 401d3e
    I: 401d41
    I: 401d47
    I: 401d4a
    I: 401d4d
    I: 401d50
    I: 401d53
    I: 401d56
    I: 401d59
    I: 401d5b
    I: 401d5d
    I: 401d5f
    I: 401d61
    I: 401d63 (flow 401d6e)
      Successors: 401d69, 401d6e
  BB: 40132f in func 401140 with 1 insts
    I: 40132f (flow 401402)
      Successors: 401402
  BB: 401334 in func 401140 with 20 insts
    I: 401334 (imm 42b130)
    I: 40133b
    I: 40133d (imm 42b134)
    I: 401344
    I: 401346
    I: 401348
    I: 40134e
    I: 401351
    I: 401357
    I: 40135a
    I: 40135d
    I: 401360
    I: 401363
    I: 401366
    I: 401369
    I: 40136b
    I: 40136d
    I: 40136f
    I: 401371
    I: 401373 (flow 40137e)
      Successors: 401379, 40137e
  BB: 40153c in func 401140 with 1 insts
    I: 40153c
      Successors: 401543
  BB: 401140 in func 401140 with 10 insts
    Referenced by data
    I: 401140
    I: 401141
    I: 401144
    I: 401148
    I: 40114f (imm 402008)
    I: 401159
    I: 40115d
    I: 40115f (flow 42b148)
    I: 401164
    I: 401167 (flow 401179)
      Successors: 401179, 40116d
  BB: 401942 in func 401140 with 1 insts
    I: 401942 (flow 401e36)
      Successors: 401e36
  BB: 401543 in func 401140 with 20 insts
    I: 401543 (imm 42b130)
    I: 40154a
    I: 40154c (imm 42b134)
    I: 401553
    I: 401555
    I: 401557
    I: 40155a
    I: 40155c
    I: 40155e
    I: 401561
    I: 401564
    I: 401567
    I: 40156a
    I: 40156d
    I: 401570
    I: 401572
    I: 401574
    I: 401576
    I: 401578
    I: 40157a (flow 401585)
      Successors: 401580, 401585
  BB: 401947 in func 401140 with 1 insts
    I: 401947 (flow 40194c)
      Successors: 40194c
  BB: 401b49 in func 401140 with 1 insts
    I: 401b49 (flow 401e42)
      Successors: 401e42
  BB: 40194c in func 401140 with 2 insts
    I: 40194c
    I: 401953 (flow 401a4c)
      Successors: 401959, 401a4c
  BB: 401b4e in func 401140 with 1 insts
    I: 401b4e (flow 401b53)
      Successors: 401b53
  BB: 401b53 in func 401140 with 2 insts
    I: 401b53
    I: 401b5a (flow 401c75)
      Successors: 401b60, 401c75
  BB: 401959 in func 401140 with 23 insts
    I: 401959
    I: 40195d (imm 404030)
    I: 401967
    I: 40196e
    I: 401971
    I: 401975
    I: 401978
    I: 40197c (imm 404030)
    I: 401986
    I: 40198d
    I: 401990
    I: 401994
    I: 401997
    I: 40199b (imm 404030)
    I: 4019a5
    I: 4019ac
    I: 4019af
    I: 4019b3
    I: 4019b6
    I: 4019bc
    I: 4019be
    I: 4019c4
    I: 4019c6 (flow 401a2f)
      Successors: 4019cc, 401a2f
  BB: 401b60 in func 401140 with 7 insts
    I: 401b60
    I: 401b64 (imm 404030)
    I: 401b6e
    I: 401b75
    I: 401b78
    I: 401b7c
    I: 401b80 (flow 401ba1)
      Successors: 401ba1, 401b86
  BB: 401d69 in func 401140 with 1 insts
    I: 401d69 (flow 401e81)
      Successors: 401e81
  BB: 40116d in func 401140 with 2 insts
    I: 40116d
    I: 401174 (flow 401d24)
      Successors: 401d24
  BB: 401d6e in func 401140 with 22 insts
    I: 401d6e
    I: 401d71
    I: 401d74 (imm 42b130)
    I: 401d7b
    I: 401d7d (imm 42b134)
    I: 401d84
    I: 401d86
    I: 401d88
    I: 401d8b
    I: 401d8d
    I: 401d8f
    I: 401d92
    I: 401d95
    I: 401d98
    I: 401d9b
    I: 401d9e
    I: 401da1
    I: 401da3
    I: 401da5
    I: 401da7
    I: 401da9
    I: 401dab (flow 401db6)
      Successors: 401db1, 401db6
  BB: 401779 in func 401140 with 1 insts
    I: 401779 (flow 401e25)
      Successors: 401e25
  BB: 401179 in func 401140 with 1 insts
    I: 401179
      Successors: 401180
  BB: 401379 in func 401140 with 1 insts
    I: 401379 (flow 401dd0)
      Successors: 401dd0
  BB: 40177e in func 401140 with 37 insts
    I: 40177e
    I: 401785 (imm 42b130)
    I: 40178c
    I: 40178e (imm 42b134)
    I: 401795
    I: 401797
    I: 401799
    I: 40179f
    I: 4017a2
    I: 4017a8
    I: 4017ab
    I: 4017ae
    I: 4017b1
    I: 4017b5
    I: 4017b8
    I: 4017bc
    I: 4017bf
    I: 4017c2
    I: 4017c5
    I: 4017c9
    I: 4017cb
    I: 4017ce
    I: 4017d0
    I: 4017d2
    I: 4017d5
    I: 4017d8
    I: 4017dc
    I: 4017df
    I: 4017e2
    I: 4017e5
    I: 4017e8
    I: 4017eb
    I: 4017ee
    I: 4017f1
    I: 4017f3
    I: 4017f5
    I: 4017f7 (flow 401802)
      Successors: 401802, 4017fd
  BB: 40137e in func 401140 with 26 insts
    I: 40137e
    I: 401382 (imm 404030)
    I: 40138c
    I: 401393
    I: 401396
    I: 40139a
    I: 4013a1 (imm 42b130)
    I: 4013a8
    I: 4013aa (imm 42b134)
    I: 4013b1
    I: 4013b3
    I: 4013b5
    I: 4013bb
    I: 4013be
    I: 4013c4
    I: 4013c7
    I: 4013ca
    I: 4013cd
    I: 4013d0
    I: 4013d3
    I: 4013d6
    I: 4013d8
    I: 4013da
    I: 4013dc
    I: 4013de
    I: 4013e0 (flow 4013eb)
      Successors: 4013eb, 4013e6
  BB: 401180 in func 401140 with 2 insts
    I: 401180
    I: 401187 (flow 40153c)
      Successors: 40153c, 40118d
  BB: 401580 in func 401140 with 1 insts
    I: 401580 (flow 401e20)
      Successors: 401e20
  BB: 401585 in func 401140 with 40 insts
    I: 401585
    I: 401588
    I: 40158b
    I: 40158e
    I: 401591 (imm 42b130)
    I: 401598
    I: 40159a (imm 42b134)
    I: 4015a1
    I: 4015a3
    I: 4015a5
    I: 4015ab
    I: 4015ae
    I: 4015b4
    I: 4015b7
    I: 4015ba
    I: 4015bd
    I: 4015c1
    I: 4015c4
    I: 4015c8
    I: 4015cb
    I: 4015ce
    I: 4015d1
    I: 4015d5
    I: 4015d7
    I: 4015da
    I: 4015dc
    I: 4015de
    I: 4015e1
    I: 4015e4
    I: 4015e8
    I: 4015eb
    I: 4015ee
    I: 4015f1
    I: 4015f4
    I: 4015f7
    I: 4015fa
    I: 4015fd
    I: 4015ff
    I: 401601
    I: 401603 (flow 40160e)
      Successors: 401609, 40160e
  BB: 401b86 in func 401140 with 4 insts
    I: 401b86 (imm 40200b)
    I: 401b90 (flow 42b140)
    I: 401b95
    I: 401b9c (flow 401d24)
      Successors: 401d24
  BB: 40118d in func 401140 with 20 insts
    I: 40118d (imm 42b130)
    I: 401194
    I: 401196 (imm 42b134)
    I: 40119d
    I: 40119f
    I: 4011a1
    I: 4011a4
    I: 4011a6
    I: 4011a8
    I: 4011ab
    I: 4011ae
    I: 4011b1
    I: 4011b4
    I: 4011b7
    I: 4011ba
    I: 4011bc
    I: 4011be
    I: 4011c0
    I: 4011c2
    I: 4011c4 (flow 4011cf)
      Successors: 4011ca, 4011cf
  BB: 401ba1 in func 401140 with 1 insts
    I: 401ba1 (flow 401ba6)
      Successors: 401ba6
  BB: 401ba6 in func 401140 with 20 insts
    I: 401ba6 (imm 42b130)
    I: 401bad
    I: 401baf (imm 42b134)
    I: 401bb6
    I: 401bb8
    I: 401bba
    I: 401bbd
    I: 401bbf
    I: 401bc1
    I: 401bc4
    I: 401bc7
    I: 401bca
    I: 401bcd
    I: 401bd0
    I: 401bd3
    I: 401bd5
    I: 401bd7
    I: 401bd9
    I: 401bdb
    I: 401bdd (flow 401be8)
      Successors: 401be8, 401be3
  BB: 401db1 in func 401140 with 1 insts
    I: 401db1 (flow 401e81)
      Successors: 401e81
  BB: 401db6 in func 401140 with 4 insts
    I: 401db6
    I: 401db9
    I: 401dbd
    I: 401dbe
      No successors
  BB: 401dbf in func 401140 with 2 insts
    I: 401dbf
    I: 401dc6 (flow 4011cf)
      Successors: 4011cf
  BB: 4011ca in func 401140 with 1 insts
    I: 4011ca (flow 401dbf)
      Successors: 401dbf
  BB: 401dcb in func 401140 with 1 insts
    I: 401dcb (flow 40129a)
      Successors: 40129a
  BB: 4019cc in func 401140 with 21 insts
    I: 4019cc
    I: 4019d0 (imm 404030)
    I: 4019da
    I: 4019e1
    I: 4019e4
    I: 4019e8
    I: 4019eb
    I: 4019ef (imm 404030)
    I: 4019f9
    I: 401a00
    I: 401a03
    I: 401a07
    I: 401a0a
    I: 401a0c
    I: 401a0e
    I: 401a10
    I: 401a14 (imm 404030)
    I: 401a1e
    I: 401a25
    I: 401a28
    I: 401a2c
      Successors: 401a2f
  BB: 4011cf in func 401140 with 21 insts
    I: 4011cf
    I: 4011d6 (imm 42b130)
    I: 4011dd
    I: 4011df (imm 42b134)
    I: 4011e6
    I: 4011e8
    I: 4011ea
    I: 4011f0
    I: 4011f3
    I: 4011f9
    I: 4011fc
    I: 4011ff
    I: 401202
    I: 401205
    I: 401208
    I: 40120b
    I: 40120d
    I: 40120f
    I: 401211
    I: 401213
    I: 401215 (flow 401220)
      Successors: 401220, 40121b
  BB: 401dd0 in func 401140 with 7 insts
    I: 401dd0
    I: 401dd4 (imm 404030)
    I: 401dde
    I: 401de5
    I: 401de8
    I: 401dec
    I: 401df3 (flow 40137e)
      Successors: 40137e
  BB: 401be3 in func 401140 with 1 insts
    I: 401be3 (flow 401e4e)
      Successors: 401e4e
  BB: 4013e6 in func 401140 with 1 insts
    I: 4013e6 (flow 401dd0)
      Successors: 401dd0
  BB: 401be8 in func 401140 with 41 insts
    I: 401be8
    I: 401beb
    I: 401bf0
    I: 401bf3
    I: 401bf8
    I: 401bfb (imm 42b130)
    I: 401c02
    I: 401c04 (imm 42b134)
    I: 401c0b
    I: 401c0d
    I: 401c0f
    I: 401c12
    I: 401c14
    I: 401c16
    I: 401c19
    I: 401c1c
    I: 401c1f
    I: 401c23
    I: 401c26
    I: 401c2a
    I: 401c2d
    I: 401c30
    I: 401c33
    I: 401c37
    I: 401c39
    I: 401c3c
    I: 401c3e
    I: 401c40
    I: 401c43
    I: 401c46
    I: 401c4a
    I: 401c4d
    I: 401c50
    I: 401c53
    I: 401c56
    I: 401c59
    I: 401c5c
    I: 401c5f
    I: 401c61
    I: 401c63
    I: 401c65 (flow 401c70)
      Successors: 401c70, 401c6b
  BB: 4013eb in func 401140 with 1 insts
    I: 4013eb (flow 4013f0)
      Successors: 4013f0
  BB: 4013f0 in func 401140 with 6 insts
    I: 4013f0
    I: 4013f3
    I: 4013f5
    I: 4013f8
    I: 4013fa
    I: 4013fd (flow 401225)
      Successors: 401225
  BB: 401df8 in func 401140 with 7 insts
    I: 401df8
    I: 401dfc (imm 404030)
    I: 401e06
    I: 401e0d
    I: 401e10
    I: 401e14
    I: 401e1b (flow 40147f)
      Successors: 40147f
  BB: 4017fd in func 401140 with 1 insts
    I: 4017fd (flow 401e25)
      Successors: 401e25
Recovering .term_proc at 401e88
  Analysing subroutine .term_proc at 401e88
    Block head at 00401e95 is not code.
  Subroutine .term_proc at 401e88 has 1 blocks
  BB: 401e88 in func 401e88 with 4 insts
    I: 401e88
    I: 401e8c
    I: 401e90
    I: 401e94
      No successors
Global Variable None
WARNING: Global constructor and destructor sections are adjacent!
Recovering region LOAD [400000, 4004e8) in segment LOAD
  8-byte reference at 400018 to 401050 (start)
  8-byte reference at 4000f8 to 401000 (.init_proc)
  8-byte reference at 400130 to 402000 ()
  8-byte reference at 400168 to 403de8 ()
  8-byte reference at 400280 to 402010 ()
  8-byte reference at 4002f0 to 403de8 ()
Recovering region .init [401000, 40101b) in segment .init
Recovering region LOAD [40101b, 401020) in segment LOAD
Recovering region .plt [401020, 401050) in segment .plt
Recovering region .text [401050, 401e86) in segment .text
Recovering region LOAD [401e86, 401e88) in segment LOAD
Recovering region .fini [401e88, 401e95) in segment .fini
Recovering region .rodata [402000, 40200f) in segment .rodata
  Variable aDSD at 402004
  Variable s at 40200b
  Variable a0 at 40200d
Recovering region LOAD [40200f, 402010) in segment LOAD
Recovering region .eh_frame_hdr [402010, 40203c) in segment .eh_frame_hdr
Recovering region LOAD [40203c, 402040) in segment LOAD
Recovering region .eh_frame [402040, 4020d0) in segment .eh_frame
Recovering region LOAD [4020d0, 402110) in segment LOAD
Recovering region .init_array [403de8, 403df8) in segment .init_array
  8-byte reference at 403de8 to 401130 ()
  8-byte reference at 403df0 to 401100 ()
Recovering region LOAD [403df8, 403fd8) in segment LOAD
Recovering region .got [403fd8, 403fe8) in segment .got
  8-byte reference at 403fd8 to 42b138 (__libc_start_main)
  8-byte reference at 403fe0 to 42b150 (__gmon_start__)
Recovering region .got.plt [403fe8, 404010) in segment .got.plt
  8-byte reference at 404000 to 42b140 (puts)
  8-byte reference at 404008 to 42b148 (__isoc99_scanf)
Recovering region .data [404010, 404020) in segment .data
Recovering region .bss [404020, 42b138) in segment .bss
Recovering extern function puts at 401030
Recovering extern function __isoc99_scanf at 401040
Recovering extern function __libc_start_main at 42b138
Recovering extern function puts at 42b140
Recovering extern function __isoc99_scanf at 42b148
Recovering extern function __gmon_start__ at 42b150
Recovered 8 functions.
Saving to: /home/ubuntu/capstone_project/result/pipeline_20260629_141746/s902213044_bcf_instsub.cfg
Done analysis!
