Debugging is enabled.
Loading Standard Definitions file: /home/ubuntu/capstone_project/dependency/mcsema/mcsema/lib/python3/site-packages/mcsema_disass-3.1.3.8-py3.8.egg/mcsema_disass/defs/linux.txt
Using Batch mode.
Starting analysis
Recovering module s958104051_fla_instsub.elf
Found main at 401d80
Looking for instructions in segment .init
  Default block heads for function 401000 with loose bounds [401000, 40101b)
    block [401000, 401014)
    block [401014, 401016)
    block [401016, 40101b)
    chunk [401000, 40101b)
Looking for instructions in segment .plt
  Default block heads for function 401020 with loose bounds [401020, 40102c)
    block [401020, 40102c)
    chunk [401020, 40102c)
  Default block heads for function 401030 with loose bounds [401030, 401036)
    block [401030, 401036)
    chunk [401030, 401036)
  Default block heads for function 401040 with loose bounds [401040, 401046)
    block [401040, 401046)
    chunk [401040, 401046)
Looking for instructions in segment .text
  Default block heads for function 401050 with loose bounds [401050, 401076)
    block [401050, 401076)
    chunk [401050, 401076)
  Default block heads for function 401090 with loose bounds [401090, 4010b1)
    block [401090, 40109d)
    block [40109d, 4010a7)
    block [4010a7, 4010ae)
    block [4010b0, 4010b1)
    chunk [401090, 4010b1)
  Default block heads for function 401100 with loose bounds [401100, 401121)
    block [401100, 40110d)
    block [40110d, 40111f)
    block [401120, 401121)
    chunk [401100, 401121)
  Default block heads for function 401130 with loose bounds [401130, 401136)
    block [401130, 401136)
    chunk [401130, 401136)
    chunk [4010c0, 4010f1)
  Default block heads for function 401140 with loose bounds [401140, 4012dc)
    block [401140, 401152)
    block [401152, 401163)
    block [401163, 401168)
    block [401168, 401176)
    block [401176, 40117b)
    block [40117b, 401189)
    block [401189, 40118e)
    block [40118e, 40119c)
    block [40119c, 4011a1)
    block [4011a1, 4011af)
    block [4011af, 4011b4)
    block [4011b4, 4011c2)
    block [4011c2, 4011c7)
    block [4011c7, 4011d5)
    block [4011d5, 4011da)
    block [4011da, 4011e8)
    block [4011e8, 4011ed)
    block [4011ed, 4011f2)
    block [4011f2, 40120b)
    block [40120b, 40121e)
    block [40121e, 401237)
    block [401237, 401289)
    block [401289, 4012a8)
    block [4012a8, 4012b4)
    block [4012b4, 4012d5)
    block [4012d5, 4012d7)
    block [4012d7, 4012dc)
    chunk [401140, 4012dc)
  Default block heads for function 4012e0 with loose bounds [4012e0, 401394)
    block [4012e0, 401394)
    chunk [4012e0, 401394)
  Default block heads for function 4013a0 with loose bounds [4013a0, 40188e)
    block [4013a0, 4013d8)
    block [4013d8, 4013e9)
    block [4013e9, 4013ee)
    block [4013ee, 4013fc)
    block [4013fc, 401401)
    block [401401, 40140f)
    block [40140f, 401414)
    block [401414, 401422)
    block [401422, 401427)
    block [401427, 401435)
    block [401435, 40143a)
    block [40143a, 401448)
    block [401448, 40144d)
    block [40144d, 40145b)
    block [40145b, 401460)
    block [401460, 40146e)
    block [40146e, 401473)
    block [401473, 401481)
    block [401481, 401486)
    block [401486, 401494)
    block [401494, 401499)
    block [401499, 4014a7)
    block [4014a7, 4014ac)
    block [4014ac, 4014ba)
    block [4014ba, 4014bf)
    block [4014bf, 4014cd)
    block [4014cd, 4014d2)
    block [4014d2, 4014e0)
    block [4014e0, 4014e5)
    block [4014e5, 4014f3)
    block [4014f3, 4014f8)
    block [4014f8, 401506)
    block [401506, 40150b)
    block [40150b, 401519)
    block [401519, 40151e)
    block [40151e, 40152c)
    block [40152c, 401531)
    block [401531, 40153f)
    block [40153f, 401544)
    block [401544, 401552)
    block [401552, 401557)
    block [401557, 401565)
    block [401565, 40156a)
    block [40156a, 401578)
    block [401578, 40157d)
    block [40157d, 40158b)
    block [40158b, 401590)
    block [401590, 401595)
    block [401595, 4015b4)
    block [4015b4, 4015de)
    block [4015de, 4015f7)
    block [4015f7, 401612)
    block [401612, 401633)
    block [401633, 401652)
    block [401652, 401673)
    block [401673, 40167f)
    block [40167f, 4016a2)
    block [4016a2, 4016c2)
    block [4016c2, 4016e3)
    block [4016e3, 401704)
    block [401704, 40171d)
    block [40171d, 40172a)
    block [40172a, 40174c)
    block [40174c, 40176b)
    block [40176b, 4017a0)
    block [4017a0, 4017ac)
    block [4017ac, 401806)
    block [401806, 401855)
    block [401855, 401861)
    block [401861, 401882)
    block [401882, 401889)
    block [401889, 40188e)
    chunk [4013a0, 40188e)
  Default block heads for function 401890 with loose bounds [401890, 401d76)
    block [401890, 4018ce)
    block [4018ce, 4018df)
    block [4018df, 4018e4)
    block [4018e4, 4018f2)
    block [4018f2, 4018f7)
    block [4018f7, 401905)
    block [401905, 40190a)
    block [40190a, 401918)
    block [401918, 40191d)
    block [40191d, 40192b)
    block [40192b, 401930)
    block [401930, 40193e)
    block [40193e, 401943)
    block [401943, 401951)
    block [401951, 401956)
    block [401956, 401964)
    block [401964, 401969)
    block [401969, 401977)
    block [401977, 40197c)
    block [40197c, 40198a)
    block [40198a, 40198f)
    block [40198f, 40199d)
    block [40199d, 4019a2)
    block [4019a2, 4019b0)
    block [4019b0, 4019b5)
    block [4019b5, 4019c3)
    block [4019c3, 4019c8)
    block [4019c8, 4019d6)
    block [4019d6, 4019db)
    block [4019db, 4019e9)
    block [4019e9, 4019ee)
    block [4019ee, 4019fc)
    block [4019fc, 401a01)
    block [401a01, 401a0f)
    block [401a0f, 401a14)
    block [401a14, 401a22)
    block [401a22, 401a27)
    block [401a27, 401a35)
    block [401a35, 401a3a)
    block [401a3a, 401a48)
    block [401a48, 401a4d)
    block [401a4d, 401a5b)
    block [401a5b, 401a60)
    block [401a60, 401a6e)
    block [401a6e, 401a73)
    block [401a73, 401a81)
    block [401a81, 401a86)
    block [401a86, 401a8b)
    block [401a8b, 401aaa)
    block [401aaa, 401ad4)
    block [401ad4, 401af3)
    block [401af3, 401b0e)
    block [401b0e, 401b2f)
    block [401b2f, 401b4e)
    block [401b4e, 401b6f)
    block [401b6f, 401b7b)
    block [401b7b, 401b9e)
    block [401b9e, 401bbe)
    block [401bbe, 401bdd)
    block [401bdd, 401bf6)
    block [401bf6, 401c0f)
    block [401c0f, 401c1c)
    block [401c1c, 401c3e)
    block [401c3e, 401c5d)
    block [401c5d, 401c92)
    block [401c92, 401c9e)
    block [401c9e, 401cf8)
    block [401cf8, 401d3f)
    block [401d3f, 401d4b)
    block [401d4b, 401d6a)
    block [401d6a, 401d71)
    block [401d71, 401d76)
    chunk [401890, 401d76)
  Default block heads for function 401d80 with loose bounds [401d80, 4020e2)
    block [401d80, 401da2)
    block [401da2, 401db3)
    block [401db3, 401db8)
    block [401db8, 401dc6)
    block [401dc6, 401dcb)
    block [401dcb, 401dd9)
    block [401dd9, 401dde)
    block [401dde, 401dec)
    block [401dec, 401df1)
    block [401df1, 401dff)
    block [401dff, 401e04)
    block [401e04, 401e12)
    block [401e12, 401e17)
    block [401e17, 401e25)
    block [401e25, 401e2a)
    block [401e2a, 401e38)
    block [401e38, 401e3d)
    block [401e3d, 401e4b)
    block [401e4b, 401e50)
    block [401e50, 401e5e)
    block [401e5e, 401e63)
    block [401e63, 401e71)
    block [401e71, 401e76)
    block [401e76, 401e84)
    block [401e84, 401e89)
    block [401e89, 401e97)
    block [401e97, 401e9c)
    block [401e9c, 401eaa)
    block [401eaa, 401eaf)
    block [401eaf, 401ebd)
    block [401ebd, 401ec2)
    block [401ec2, 401ed0)
    block [401ed0, 401ed5)
    block [401ed5, 401eda)
    block [401eda, 401f10)
    block [401f10, 401f29)
    block [401f29, 401f35)
    block [401f35, 401f57)
    block [401f57, 401f72)
    block [401f72, 401fb4)
    block [401fb4, 401fd5)
    block [401fd5, 402001)
    block [402001, 40201c)
    block [40201c, 402056)
    block [402056, 402070)
    block [402070, 40208a)
    block [40208a, 4020aa)
    block [4020aa, 4020c9)
    block [4020c9, 4020d5)
    block [4020d5, 4020dd)
    block [4020dd, 4020e2)
    chunk [401d80, 4020e2)
Looking for instructions in segment .fini
  Default block heads for function 4020e4 with loose bounds [4020e4, 4020f1)
    block [4020e4, 4020f1)
    chunk [4020e4, 4020f1)
Looking for strings in segment .rodata [403000, 403011)
  Found string b'%d %d %d %d\n' of length 13 at 403004, jumping to 403011
Looking for strings in segment .eh_frame_hdr [403014, 403060)
Looking for strings in segment .eh_frame [403060, 40317c)
Looking for strings in segment .init_array [404de8, 404df0)
Looking for strings in segment .fini_array [404df0, 404df8)
Looking for strings in segment .got [404fd8, 404fe8)
Looking for strings in segment .got.plt [404fe8, 405010)
Looking for strings in segment .data [405010, 405020)
Looking for strings in segment .bss [405020, 418be0)
Looking for strings in segment extern [418be0, 418c00)
Looking for cross-references in segment .init [401000, 40101b)
Looking for cross-references in segment .plt [401020, 401050)
  Stopping scan at 40102c
Looking for cross-references in segment .text [401050, 4020e2)
  Stopping scan at 40107c
  Stopping scan at 40108c
  Stopping scan at ffffffffffffffff
  Stopping scan at 4010bc
  Stopping scan at 4010fc
  Stopping scan at ffffffffffffffff
  Stopping scan at 40112c
  Stopping scan at 40113c
  Stopping scan at 4012dc
  Stopping scan at 40139c
  Stopping scan at ffffffffffffffff
  Stopping scan at 401d7c
Looking for cross-references in segment .fini [4020e4, 4020f1)
Looking for cross-references in segment .rodata [403000, 403011)
  Found string at 403004, jumping to 403011
  Stopping scan at 403004
Looking for cross-references in segment .eh_frame_hdr [403014, 403060)
  Stopping scan at 40305c
Looking for cross-references in segment .eh_frame [403060, 40317c)
  Stopping scan at 403178
Looking for cross-references in segment .init_array [404de8, 404df0)
  Adding qword reference from 404de8 to 401130
  Stopping scan at 404de8
Looking for cross-references in segment .fini_array [404df0, 404df8)
  Adding qword reference from 404df0 to 401100
  Stopping scan at 404df0
Looking for cross-references in segment .got [404fd8, 404fe8)
  Adding qword reference from 404fd8 to 418be0
  Adding qword reference from 404fe0 to 418bf8
  Stopping scan at 404fe0
Looking for cross-references in segment .got.plt [404fe8, 405010)
  Adding qword reference from 405000 to 418be8
  Adding qword reference from 405008 to 418bf0
  Stopping scan at 405008
Looking for cross-references in segment .data [405010, 405020)
  Stopping scan at 40501c
Looking for cross-references in segment .bss [405020, 418be0)
  Stopping scan at 418bdc
Looking for cross-references in segment extern [418be0, 418c00)
  Stopping scan at 418bfc
Looking for thunks
  Found thunk for __isoc99_fscanf targeting 418be8 at 401030
  Found thunk for printf targeting 418bf0 at 401040
Looking for external symbols
  Function at 401030 is the external function __isoc99_fscanf
  Function at 401040 is the external function printf
  Variable at 405020 is the external stdin
  Function at 418be0 is the external function __libc_start_main
  Function at 418be8 is the external function __isoc99_fscanf
  Function at 418bf0 is the external function printf
  Function at 418bf8 is the external function __gmon_start__
Looking for entrypoints
Recovering .init_proc at 401000
  Analysing subroutine .init_proc at 401000
    Block head at 0040101b is not code.
  Subroutine .init_proc at 401000 has 3 blocks
  BB: 401000 in func 401000 with 5 insts
    Referenced by data
    I: 401000
    I: 401004
    I: 401008 (mem 404fe0)
    I: 40100f
    I: 401012 (flow 401016)
      Successors: 401014, 401016
  BB: 401014 in func 401000 with 1 insts
    I: 401014
      Successors: 401016
  BB: 401016 in func 401000 with 2 insts
    I: 401016
    I: 40101a
      No successors
Recovering 401020
  Analysing subroutine sub_401020 at 401020
  WARNING: No table entries for indirect jump at 401026; Adding next_ea 40102c as successor.
  Subroutine sub_401020 at 401020 has 2 blocks
  WARNING: No table entries for indirect jump at 401026; Adding next_ea 40102c as successor.
  BB: 401020 in func 401020 with 2 insts
    I: 401020 (mem 404ff0)
    I: 401026 (mem 404ff8)
      Successors: 40102c
  BB: 40102c in func 401020 with 1 insts
    I: 40102c
      No successors
Recovering start at 401050
  Analysing subroutine start at 401050
  Subroutine start at 401050 has 3 blocks
  BB: 401050 in func 401050 with 13 insts
    Referenced by data
    I: 401050
    I: 401054
    I: 401056
    I: 401059
    I: 40105a
    I: 40105d
    I: 401061
    I: 401062
    I: 401063
    I: 401066
    I: 401068 (imm 401d80)
    I: 40106f (mem 404fd8)
    I: 401075
      No successors
  BB: 401085 in func 401050 with 2 insts
    I: 401085
    I: 40108f
      No successors
  BB: 401076 in func 401050 with 3 insts
    I: 401076
    I: 401080
    I: 401084
      No successors
Recovering 401090
  Analysing subroutine sub_401090 at 401090
  WARNING: No table entries for indirect jump at 4010ac; Adding next_ea 4010ae as successor.
  WARNING: No table entries for indirect jump at 4010ee; Adding next_ea 4010f0 as successor.
  Subroutine sub_401090 at 401090 has 11 blocks
  BB: 4010c0 in func 401090 with 8 insts
    I: 4010c0 (imm 405020)
    I: 4010c5 (imm 405020)
    I: 4010cc
    I: 4010cf
    I: 4010d3
    I: 4010d7
    I: 4010da
    I: 4010dd (flow 4010f0)
      Successors: 4010f0, 4010df
  WARNING: No table entries for indirect jump at 4010ac; Adding next_ea 4010ae as successor.
  BB: 4010a7 in func 401090 with 2 insts
    I: 4010a7 (imm 405020)
    I: 4010ac
      Successors: 4010ae
  WARNING: No table entries for indirect jump at 4010ee; Adding next_ea 4010f0 as successor.
  BB: 4010e9 in func 401090 with 2 insts
    I: 4010e9 (imm 405020)
    I: 4010ee
      Successors: 4010f0
  BB: 4010ae in func 401090 with 1 insts
    I: 4010ae
      Successors: 4010b0
  BB: 401090 in func 401090 with 3 insts
    I: 401090 (imm 405020)
    I: 401095 (imm 405020)
    I: 40109b (flow 4010b0)
      Successors: 4010b0, 40109d
  BB: 4010b0 in func 401090 with 1 insts
    I: 4010b0
      No successors
  BB: 4010b1 in func 401090 with 2 insts
    I: 4010b1
    I: 4010b5
      Successors: 4010c0
  BB: 4010f0 in func 401090 with 1 insts
    I: 4010f0
      No successors
  BB: 4010f1 in func 401090 with 2 insts
    I: 4010f1
    I: 4010f5
      No successors
  BB: 40109d in func 401090 with 3 insts
    I: 40109d
    I: 4010a2
    I: 4010a5 (flow 4010b0)
      Successors: 4010b0, 4010a7
  BB: 4010df in func 401090 with 3 insts
    I: 4010df
    I: 4010e4
    I: 4010e7 (flow 4010f0)
      Successors: 4010f0, 4010e9
Recovering 401100
  Analysing subroutine sub_401100 at 401100
  Subroutine sub_401100 at 401100 has 5 blocks
  BB: 401100 in func 401100 with 3 insts
    Referenced by data
    I: 401100
    I: 401104 (mem 405028)
    I: 40110b (flow 401120)
      Successors: 401120, 40110d
  BB: 401121 in func 401100 with 2 insts
    I: 401121
    I: 401125
      No successors
  BB: 401120 in func 401100 with 1 insts
    I: 401120
      No successors
  BB: 40110d in func 401100 with 6 insts
    I: 40110d
    I: 40110e
    I: 401111 (flow 401090)
    I: 401116 (mem 405028)
    I: 40111d
    I: 40111e
      No successors
  BB: 40111f in func 401100 with 1 insts
    I: 40111f
      Successors: 401120
Recovering 401130
  Analysing subroutine sub_401130 at 401130
  WARNING: No table entries for indirect jump at 4010ee; Adding next_ea 4010f0 as successor.
  Subroutine sub_401130 at 401130 has 6 blocks
  BB: 4010c0 in func 401130 with 8 insts
    I: 4010c0 (imm 405020)
    I: 4010c5 (imm 405020)
    I: 4010cc
    I: 4010cf
    I: 4010d3
    I: 4010d7
    I: 4010da
    I: 4010dd (flow 4010f0)
      Successors: 4010f0, 4010df
  WARNING: No table entries for indirect jump at 4010ee; Adding next_ea 4010f0 as successor.
  BB: 4010e9 in func 401130 with 2 insts
    I: 4010e9 (imm 405020)
    I: 4010ee
      Successors: 4010f0
  BB: 401130 in func 401130 with 2 insts
    Referenced by data
    I: 401130
    I: 401134 (flow 4010c0)
      Successors: 4010c0
  BB: 4010f0 in func 401130 with 1 insts
    I: 4010f0
      No successors
  BB: 401136 in func 401130 with 1 insts
    I: 401136
      No successors
  BB: 4010df in func 401130 with 3 insts
    I: 4010df
    I: 4010e4
    I: 4010e7 (flow 4010f0)
      Successors: 4010f0, 4010e9
Recovering 401140
  Analysing subroutine sub_401140 at 401140
  Subroutine sub_401140 at 401140 has 28 blocks
  BB: 401189 in func 401140 with 1 insts
    I: 401189 (flow 40118e)
      Successors: 40118e
  BB: 401289 in func 401140 with 7 insts
    I: 401289
    I: 40128c
    I: 401291
    I: 401294
    I: 401299
    I: 40129c
    I: 4012a3 (flow 4012d7)
      Successors: 4012d7
  BB: 40120b in func 401140 with 3 insts
    I: 40120b
    I: 401212
    I: 401219 (flow 4012d7)
      Successors: 4012d7
  BB: 40118e in func 401140 with 3 insts
    I: 40118e
    I: 401191
    I: 401196 (flow 401289)
      Successors: 401289, 40119c
  BB: 40119c in func 401140 with 1 insts
    I: 40119c (flow 4011a1)
      Successors: 4011a1
  BB: 40121e in func 401140 with 6 insts
    I: 40121e
    I: 401223
    I: 401228
    I: 40122c
    I: 40122f
    I: 401232 (flow 4012d7)
      Successors: 4012d7
  BB: 4011a1 in func 401140 with 3 insts
    I: 4011a1
    I: 4011a4
    I: 4011a9 (flow 4012b4)
      Successors: 4012b4, 4011af
  BB: 4012a8 in func 401140 with 2 insts
    I: 4012a8
    I: 4012af (flow 4012d7)
      Successors: 4012d7
  BB: 4011af in func 401140 with 1 insts
    I: 4011af (flow 4011b4)
      Successors: 4011b4
  BB: 4011b4 in func 401140 with 3 insts
    I: 4011b4
    I: 4011b7
    I: 4011bc (flow 401237)
      Successors: 4011c2, 401237
  BB: 4012b4 in func 401140 with 11 insts
    I: 4012b4
    I: 4012b7
    I: 4012b9
    I: 4012bb
    I: 4012bd
    I: 4012c0
    I: 4012c2
    I: 4012c4
    I: 4012c6
    I: 4012c9
    I: 4012d0 (flow 4012d7)
      Successors: 4012d7
  BB: 401237 in func 401140 with 14 insts
    I: 401237
    I: 40123b (imm 405030)
    I: 401245
    I: 40124c
    I: 40124f
    I: 401253
    I: 40125a
    I: 40125e (imm 40ec70)
    I: 401268
    I: 40126f
    I: 401272
    I: 401276
    I: 40127d
    I: 401284 (flow 4012d7)
      Successors: 4012d7
  BB: 401140 in func 401140 with 4 insts
    I: 401140
    I: 401141
    I: 401144
    I: 40114b
      Successors: 401152
  BB: 4011c2 in func 401140 with 1 insts
    I: 4011c2 (flow 4011c7)
      Successors: 4011c7
  BB: 4011c7 in func 401140 with 3 insts
    I: 4011c7
    I: 4011ca
    I: 4011cf (flow 4012a8)
      Successors: 4012a8, 4011d5
  BB: 401152 in func 401140 with 4 insts
    I: 401152
    I: 401155
    I: 401158
    I: 40115d (flow 4012d5)
      Successors: 401163, 4012d5
  BB: 4011d5 in func 401140 with 1 insts
    I: 4011d5 (flow 4011da)
      Successors: 4011da
  BB: 4012d5 in func 401140 with 2 insts
    I: 4012d5
    I: 4012d6
      No successors
  BB: 4012d7 in func 401140 with 1 insts
    I: 4012d7 (flow 401152)
      Successors: 401152
  BB: 4011da in func 401140 with 3 insts
    I: 4011da
    I: 4011dd
    I: 4011e2 (flow 40120b)
      Successors: 4011e8, 40120b
  BB: 4012dc in func 401140 with 1 insts
    I: 4012dc
      No successors
  BB: 401163 in func 401140 with 1 insts
    I: 401163 (flow 401168)
      Successors: 401168
  BB: 401168 in func 401140 with 3 insts
    I: 401168
    I: 40116b
    I: 401170 (flow 4011f2)
      Successors: 4011f2, 401176
  BB: 4011e8 in func 401140 with 1 insts
    I: 4011e8 (flow 4011ed)
      Successors: 4011ed
  BB: 4011ed in func 401140 with 1 insts
    I: 4011ed (flow 4012d7)
      Successors: 4012d7
  BB: 4011f2 in func 401140 with 6 insts
    I: 4011f2
    I: 4011f7
    I: 4011fc
    I: 401200
    I: 401203
    I: 401206 (flow 4012d7)
      Successors: 4012d7
  BB: 401176 in func 401140 with 1 insts
    I: 401176 (flow 40117b)
      Successors: 40117b
  BB: 40117b in func 401140 with 3 insts
    I: 40117b
    I: 40117e
    I: 401183 (flow 40121e)
      Successors: 401189, 40121e
Recovering 4012e0
  Analysing subroutine sub_4012E0 at 4012e0
  Subroutine sub_4012E0 at 4012e0 has 2 blocks
  BB: 4012e0 in func 4012e0 with 44 insts
    I: 4012e0
    I: 4012e1
    I: 4012e4
    I: 4012e7
    I: 4012ea
    I: 4012ed
    I: 4012f0
    I: 4012f3
    I: 4012f5
    I: 4012f8
    I: 4012fa
    I: 4012fd
    I: 401300
    I: 401305
    I: 401308
    I: 40130d
    I: 401310
    I: 401313
    I: 401317 (imm 405030)
    I: 401321
    I: 401328
    I: 40132b
    I: 40132f
    I: 401332
    I: 401336 (imm 405030)
    I: 401340
    I: 401347
    I: 40134a
    I: 40134e
    I: 401351
    I: 401354
    I: 401358 (imm 40ec70)
    I: 401362
    I: 401369
    I: 40136c
    I: 401370
    I: 401373
    I: 401377 (imm 40ec70)
    I: 401381
    I: 401388
    I: 40138b
    I: 40138f
    I: 401392
    I: 401393
      No successors
  BB: 401394 in func 4012e0 with 2 insts
    I: 401394
    I: 40139e
      No successors
Recovering 4013a0
  Analysing subroutine sub_4013A0 at 4013a0
  Subroutine sub_4013A0 at 4013a0 has 73 blocks
  BB: 4014f8 in func 4013a0 with 3 insts
    I: 4014f8
    I: 4014fb
    I: 401500 (flow 40172a)
      Successors: 40172a, 401506
  BB: 401401 in func 4013a0 with 3 insts
    I: 401401
    I: 401404
    I: 401409 (flow 401855)
      Successors: 401855, 40140f
  BB: 401481 in func 4013a0 with 1 insts
    I: 401481 (flow 401486)
      Successors: 401486
  BB: 401882 in func 4013a0 with 1 insts
    I: 401882
      Successors: 401889
  BB: 401704 in func 4013a0 with 6 insts
    I: 401704
    I: 401709
    I: 40170e
    I: 401712
    I: 401715
    I: 401718 (flow 401889)
      Successors: 401889
  BB: 401486 in func 4013a0 with 3 insts
    I: 401486
    I: 401489
    I: 40148e (flow 40171d)
      Successors: 401494, 40171d
  BB: 401506 in func 4013a0 with 1 insts
    I: 401506 (flow 40150b)
      Successors: 40150b
  BB: 401806 in func 4013a0 with 15 insts
    I: 401806
    I: 40180a (disp 4188c0)
    I: 401811
    I: 401815 (imm 405030)
    I: 40181f
    I: 401826
    I: 401829
    I: 40182d
    I: 401830
    I: 401836
    I: 401838
    I: 40183e
    I: 401842 (disp 4188c0)
    I: 401849
    I: 401850 (flow 401889)
      Successors: 401889
  BB: 401889 in func 4013a0 with 1 insts
    I: 401889 (flow 4013d8)
      Successors: 4013d8
  BB: 40150b in func 4013a0 with 3 insts
    I: 40150b
    I: 40150e
    I: 401513 (flow 4015f7)
      Successors: 401519, 4015f7
  BB: 40158b in func 4013a0 with 1 insts
    I: 40158b (flow 401590)
      Successors: 401590
  BB: 40188e in func 4013a0 with 1 insts
    I: 40188e
      No successors
  BB: 40140f in func 4013a0 with 1 insts
    I: 40140f (flow 401414)
      Successors: 401414
  BB: 401590 in func 4013a0 with 1 insts
    I: 401590 (flow 401889)
      Successors: 401889
  BB: 401612 in func 4013a0 with 5 insts
    I: 401612
    I: 401619
    I: 401620
    I: 401627
    I: 40162e (flow 401889)
      Successors: 401889
  BB: 401414 in func 4013a0 with 3 insts
    I: 401414
    I: 401417
    I: 40141c (flow 4016c2)
      Successors: 4016c2, 401422
  BB: 401494 in func 4013a0 with 1 insts
    I: 401494 (flow 401499)
      Successors: 401499
  BB: 401595 in func 4013a0 with 7 insts
    I: 401595
    I: 401598
    I: 40159d
    I: 4015a2 (mem 4188b0)
    I: 4015a9
    I: 4015ac
    I: 4015af (flow 401889)
      Successors: 401889
  BB: 401499 in func 4013a0 with 3 insts
    I: 401499
    I: 40149c
    I: 4014a1 (flow 401861)
      Successors: 401861, 4014a7
  BB: 401519 in func 4013a0 with 1 insts
    I: 401519 (flow 40151e)
      Successors: 40151e
  BB: 40171d in func 4013a0 with 4 insts
    I: 40171d
    I: 401721 (disp 4188c0)
    I: 401728
    I: 401729
      No successors
  BB: 40151e in func 4013a0 with 3 insts
    I: 40151e
    I: 401521
    I: 401526 (flow 4016a2)
      Successors: 4016a2, 40152c
  BB: 4013a0 in func 4013a0 with 16 insts
    I: 4013a0
    I: 4013a1
    I: 4013a4
    I: 4013a7
    I: 4013aa
    I: 4013ad
    I: 4013b2
    I: 4013b5
    I: 4013ba
    I: 4013bd
    I: 4013c0
    I: 4013c2
    I: 4013c5
    I: 4013c7
    I: 4013ca
    I: 4013d1
      Successors: 4013d8
  BB: 4017a0 in func 4013a0 with 2 insts
    I: 4017a0
    I: 4017a7 (flow 401889)
      Successors: 401889
  BB: 401422 in func 4013a0 with 1 insts
    I: 401422 (flow 401427)
      Successors: 401427
  BB: 4016a2 in func 4013a0 with 7 insts
    I: 4016a2
    I: 4016a6 (disp 4188c0)
    I: 4016ad
    I: 4016b0
    I: 4016b3
    I: 4016b6
    I: 4016bd (flow 401889)
      Successors: 401889
  BB: 401427 in func 4013a0 with 3 insts
    I: 401427
    I: 40142a
    I: 40142f (flow 40176b)
      Successors: 40176b, 401435
  BB: 4014a7 in func 4013a0 with 1 insts
    I: 4014a7 (flow 4014ac)
      Successors: 4014ac
  BB: 40172a in func 4013a0 with 5 insts
    I: 40172a
    I: 40172e (disp 418a50)
    I: 401739
    I: 401740
    I: 401747 (flow 401889)
      Successors: 401889
  BB: 4014ac in func 4013a0 with 3 insts
    I: 4014ac
    I: 4014af
    I: 4014b4 (flow 4015de)
      Successors: 4014ba, 4015de
  BB: 40152c in func 4013a0 with 1 insts
    I: 40152c (flow 401531)
      Successors: 401531
  BB: 4017ac in func 4013a0 with 19 insts
    I: 4017ac
    I: 4017b0 (disp 4188c0)
    I: 4017b7
    I: 4017bb (disp 4188c0)
    I: 4017c2
    I: 4017c6 (imm 405030)
    I: 4017d0
    I: 4017d7
    I: 4017da
    I: 4017de
    I: 4017e1
    I: 4017e7
    I: 4017e9
    I: 4017ef
    I: 4017f4
    I: 4017f9
    I: 4017fb
    I: 4017fe
    I: 401801 (flow 401889)
      Successors: 401889
  BB: 401531 in func 4013a0 with 3 insts
    I: 401531
    I: 401534
    I: 401539 (flow 40167f)
      Successors: 40167f, 40153f
  BB: 401633 in func 4013a0 with 7 insts
    I: 401633
    I: 401636
    I: 40163b
    I: 401640 (mem 4188b0)
    I: 401647
    I: 40164a
    I: 40164d (flow 401889)
      Successors: 401889
  BB: 4015b4 in func 4013a0 with 6 insts
    I: 4015b4
    I: 4015b8 (disp 4188c0)
    I: 4015c3
    I: 4015c7 (disp 418a50)
    I: 4015d2
    I: 4015d9 (flow 401889)
      Successors: 401889
  BB: 401435 in func 4013a0 with 1 insts
    I: 401435 (flow 40143a)
      Successors: 40143a
  BB: 40143a in func 4013a0 with 3 insts
    I: 40143a
    I: 40143d
    I: 401442 (flow 401704)
      Successors: 401448, 401704
  BB: 4014ba in func 4013a0 with 1 insts
    I: 4014ba (flow 4014bf)
      Successors: 4014bf
  BB: 4014bf in func 4013a0 with 3 insts
    I: 4014bf
    I: 4014c2
    I: 4014c7 (flow 40174c)
      Successors: 40174c, 4014cd
  BB: 40153f in func 4013a0 with 1 insts
    I: 40153f (flow 401544)
      Successors: 401544
  BB: 4016c2 in func 4013a0 with 11 insts
    I: 4016c2
    I: 4016c5
    I: 4016c7
    I: 4016c9
    I: 4016cb
    I: 4016ce
    I: 4016d0
    I: 4016d2
    I: 4016d4
    I: 4016d7
    I: 4016de (flow 401889)
      Successors: 401889
  BB: 401544 in func 4013a0 with 3 insts
    I: 401544
    I: 401547
    I: 40154c (flow 4017ac)
      Successors: 401552, 4017ac
  BB: 401448 in func 4013a0 with 1 insts
    I: 401448 (flow 40144d)
      Successors: 40144d
  BB: 40174c in func 4013a0 with 7 insts
    I: 40174c
    I: 40174f
    I: 401754
    I: 401759 (mem 4188b0)
    I: 401760
    I: 401763
    I: 401766 (flow 401889)
      Successors: 401889
  BB: 40144d in func 4013a0 with 3 insts
    I: 40144d
    I: 401450
    I: 401455 (flow 401806)
      Successors: 40145b, 401806
  BB: 4014cd in func 4013a0 with 1 insts
    I: 4014cd (flow 4014d2)
      Successors: 4014d2
  BB: 4014d2 in func 4013a0 with 3 insts
    I: 4014d2
    I: 4014d5
    I: 4014da (flow 4017a0)
      Successors: 4014e0, 4017a0
  BB: 401552 in func 4013a0 with 1 insts
    I: 401552 (flow 401557)
      Successors: 401557
  BB: 401652 in func 4013a0 with 7 insts
    I: 401652
    I: 401656
    I: 40165b
    I: 401660 (disp 418a50)
    I: 401668
    I: 40166b
    I: 40166e (flow 401889)
      Successors: 401889
  BB: 401855 in func 4013a0 with 2 insts
    I: 401855
    I: 40185c (flow 401889)
      Successors: 401889
  BB: 401557 in func 4013a0 with 3 insts
    I: 401557
    I: 40155a
    I: 40155f (flow 401595)
      Successors: 401565, 401595
  BB: 4013d8 in func 4013a0 with 4 insts
    I: 4013d8
    I: 4013db
    I: 4013de
    I: 4013e3 (flow 401673)
      Successors: 4013e9, 401673
  BB: 40145b in func 4013a0 with 1 insts
    I: 40145b (flow 401460)
      Successors: 401460
  BB: 4015de in func 4013a0 with 7 insts
    I: 4015de
    I: 4015e1
    I: 4015e3
    I: 4015e6
    I: 4015e8
    I: 4015eb
    I: 4015f2 (flow 401889)
      Successors: 401889
  BB: 401460 in func 4013a0 with 3 insts
    I: 401460
    I: 401463
    I: 401468 (flow 401882)
      Successors: 401882, 40146e
  BB: 4014e0 in func 4013a0 with 1 insts
    I: 4014e0 (flow 4014e5)
      Successors: 4014e5
  BB: 401861 in func 4013a0 with 11 insts
    I: 401861
    I: 401864
    I: 401866
    I: 401868
    I: 40186a
    I: 40186d
    I: 40186f
    I: 401871
    I: 401873
    I: 401876
    I: 40187d (flow 401889)
      Successors: 401889
  BB: 4016e3 in func 4013a0 with 11 insts
    I: 4016e3
    I: 4016e6
    I: 4016e8
    I: 4016ea
    I: 4016ec
    I: 4016ef
    I: 4016f1
    I: 4016f3
    I: 4016f5
    I: 4016f8
    I: 4016ff (flow 401889)
      Successors: 401889
  BB: 4014e5 in func 4013a0 with 3 insts
    I: 4014e5
    I: 4014e8
    I: 4014ed (flow 401612)
      Successors: 401612, 4014f3
  BB: 401565 in func 4013a0 with 1 insts
    I: 401565 (flow 40156a)
      Successors: 40156a
  BB: 4013e9 in func 4013a0 with 1 insts
    I: 4013e9 (flow 4013ee)
      Successors: 4013ee
  BB: 40156a in func 4013a0 with 3 insts
    I: 40156a
    I: 40156d
    I: 401572 (flow 401652)
      Successors: 401578, 401652
  BB: 40176b in func 4013a0 with 11 insts
    I: 40176b
    I: 40176f (imm 405030)
    I: 401779
    I: 401780
    I: 401783
    I: 401787
    I: 40178c
    I: 401791
    I: 401795
    I: 401798
    I: 40179b (flow 401889)
      Successors: 401889
  BB: 4013ee in func 4013a0 with 3 insts
    I: 4013ee
    I: 4013f1
    I: 4013f6 (flow 401633)
      Successors: 401633, 4013fc
  BB: 40146e in func 4013a0 with 1 insts
    I: 40146e (flow 401473)
      Successors: 401473
  BB: 401473 in func 4013a0 with 3 insts
    I: 401473
    I: 401476
    I: 40147b (flow 4015b4)
      Successors: 401481, 4015b4
  BB: 4014f3 in func 4013a0 with 1 insts
    I: 4014f3 (flow 4014f8)
      Successors: 4014f8
  BB: 401673 in func 4013a0 with 2 insts
    I: 401673
    I: 40167a (flow 401889)
      Successors: 401889
  BB: 4015f7 in func 4013a0 with 4 insts
    I: 4015f7
    I: 4015fb (disp 4188c0)
    I: 401606
    I: 40160d (flow 401889)
      Successors: 401889
  BB: 401578 in func 4013a0 with 1 insts
    I: 401578 (flow 40157d)
      Successors: 40157d
  BB: 4013fc in func 4013a0 with 1 insts
    I: 4013fc (flow 401401)
      Successors: 401401
  BB: 40157d in func 4013a0 with 3 insts
    I: 40157d
    I: 401580
    I: 401585 (flow 4016e3)
      Successors: 40158b, 4016e3
  BB: 40167f in func 4013a0 with 8 insts
    I: 40167f
    I: 401682
    I: 401686
    I: 40168b
    I: 401690 (disp 4188c0)
    I: 401697
    I: 40169a
    I: 40169d (flow 401889)
      Successors: 401889
Recovering 401890
  Analysing subroutine sub_401890 at 401890
  Subroutine sub_401890 at 401890 has 73 blocks
  BB: 401a01 in func 401890 with 3 insts
    I: 401a01
    I: 401a04
    I: 401a09 (flow 401c0f)
      Successors: 401c0f, 401a0f
  BB: 401a81 in func 401890 with 1 insts
    I: 401a81 (flow 401a86)
      Successors: 401a86
  BB: 401905 in func 401890 with 1 insts
    I: 401905 (flow 40190a)
      Successors: 40190a
  BB: 401a86 in func 401890 with 1 insts
    I: 401a86 (flow 401d71)
      Successors: 401d71
  BB: 40190a in func 401890 with 3 insts
    I: 40190a
    I: 40190d
    I: 401912 (flow 401d3f)
      Successors: 401918, 401d3f
  BB: 40198a in func 401890 with 1 insts
    I: 40198a (flow 40198f)
      Successors: 40198f
  BB: 401a8b in func 401890 with 7 insts
    I: 401a8b
    I: 401a8e
    I: 401a93
    I: 401a98 (mem 4188b0)
    I: 401a9f
    I: 401aa2
    I: 401aa5 (flow 401d71)
      Successors: 401d71
  BB: 401b0e in func 401890 with 5 insts
    I: 401b0e
    I: 401b15
    I: 401b1c
    I: 401b23
    I: 401b2a (flow 401d71)
      Successors: 401d71
  BB: 40198f in func 401890 with 3 insts
    I: 40198f
    I: 401992
    I: 401997 (flow 401b6f)
      Successors: 40199d, 401b6f
  BB: 401890 in func 401890 with 16 insts
    I: 401890
    I: 401891
    I: 401894
    I: 401897
    I: 40189a
    I: 40189d
    I: 4018a2
    I: 4018a5
    I: 4018aa
    I: 4018ad
    I: 4018b0
    I: 4018b5
    I: 4018b8
    I: 4018bd
    I: 4018c0
    I: 4018c7
      Successors: 4018ce
  BB: 401a0f in func 401890 with 1 insts
    I: 401a0f (flow 401a14)
      Successors: 401a14
  BB: 401c0f in func 401890 with 4 insts
    I: 401c0f
    I: 401c13 (disp 4188c0)
    I: 401c1a
    I: 401c1b
      No successors
  BB: 401c92 in func 401890 with 2 insts
    I: 401c92
    I: 401c99 (flow 401d71)
      Successors: 401d71
  BB: 401a14 in func 401890 with 3 insts
    I: 401a14
    I: 401a17
    I: 401a1c (flow 401b7b)
      Successors: 401a22, 401b7b
  BB: 401918 in func 401890 with 1 insts
    I: 401918 (flow 40191d)
      Successors: 40191d
  BB: 401c1c in func 401890 with 5 insts
    I: 401c1c
    I: 401c20 (disp 418a50)
    I: 401c2b
    I: 401c32
    I: 401c39 (flow 401d71)
      Successors: 401d71
  BB: 40191d in func 401890 with 3 insts
    I: 40191d
    I: 401920
    I: 401925 (flow 401b4e)
      Successors: 40192b, 401b4e
  BB: 40199d in func 401890 with 1 insts
    I: 40199d (flow 4019a2)
      Successors: 4019a2
  BB: 401b9e in func 401890 with 7 insts
    I: 401b9e
    I: 401ba2 (disp 4188c0)
    I: 401ba9
    I: 401bac
    I: 401baf
    I: 401bb2
    I: 401bb9 (flow 401d71)
      Successors: 401d71
  BB: 401c9e in func 401890 with 23 insts
    I: 401c9e
    I: 401ca2 (disp 4188c0)
    I: 401ca9
    I: 401cad (disp 4188c0)
    I: 401cb4
    I: 401cb8 (imm 40ec70)
    I: 401cc2
    I: 401cc9
    I: 401ccc
    I: 401cd0
    I: 401cd3
    I: 401cd5
    I: 401cd7
    I: 401cd9
    I: 401cdb
    I: 401cdd
    I: 401cdf
    I: 401ce1
    I: 401ce6
    I: 401ceb
    I: 401ced
    I: 401cf0
    I: 401cf3 (flow 401d71)
      Successors: 401d71
  BB: 401977 in func 401890 with 1 insts
    I: 401977 (flow 40197c)
      Successors: 40197c
  BB: 4019a2 in func 401890 with 3 insts
    I: 4019a2
    I: 4019a5
    I: 4019aa (flow 401c9e)
      Successors: 4019b0, 401c9e
  BB: 401a22 in func 401890 with 1 insts
    I: 401a22 (flow 401a27)
      Successors: 401a27
  BB: 401a27 in func 401890 with 3 insts
    I: 401a27
    I: 401a2a
    I: 401a2f (flow 401c1c)
      Successors: 401c1c, 401a35
  BB: 401aaa in func 401890 with 6 insts
    I: 401aaa
    I: 401aae (disp 4188c0)
    I: 401ab9
    I: 401abd (disp 418a50)
    I: 401ac8
    I: 401acf (flow 401d71)
      Successors: 401d71
  BB: 40192b in func 401890 with 1 insts
    I: 40192b (flow 401930)
      Successors: 401930
  BB: 401b2f in func 401890 with 7 insts
    I: 401b2f
    I: 401b32
    I: 401b37
    I: 401b3c (mem 4188b0)
    I: 401b43
    I: 401b46
    I: 401b49 (flow 401d71)
      Successors: 401d71
  BB: 401930 in func 401890 with 3 insts
    I: 401930
    I: 401933
    I: 401938 (flow 401c5d)
      Successors: 401c5d, 40193e
  BB: 4019b0 in func 401890 with 1 insts
    I: 4019b0 (flow 4019b5)
      Successors: 4019b5
  BB: 4019b5 in func 401890 with 3 insts
    I: 4019b5
    I: 4019b8
    I: 4019bd (flow 401ad4)
      Successors: 4019c3, 401ad4
  BB: 401a35 in func 401890 with 1 insts
    I: 401a35 (flow 401a3a)
      Successors: 401a3a
  BB: 40197c in func 401890 with 3 insts
    I: 40197c
    I: 40197f
    I: 401984 (flow 401c3e)
      Successors: 40198a, 401c3e
  BB: 401a3a in func 401890 with 3 insts
    I: 401a3a
    I: 401a3d
    I: 401a42 (flow 401a8b)
      Successors: 401a48, 401a8b
  BB: 40193e in func 401890 with 1 insts
    I: 40193e (flow 401943)
      Successors: 401943
  BB: 401bbe in func 401890 with 7 insts
    I: 401bbe
    I: 401bc1
    I: 401bc6
    I: 401bc9
    I: 401bce
    I: 401bd1
    I: 401bd8 (flow 401d71)
      Successors: 401d71
  BB: 401c3e in func 401890 with 7 insts
    I: 401c3e
    I: 401c41
    I: 401c46
    I: 401c4b (mem 4188b0)
    I: 401c52
    I: 401c55
    I: 401c58 (flow 401d71)
      Successors: 401d71
  BB: 401d3f in func 401890 with 2 insts
    I: 401d3f
    I: 401d46 (flow 401d71)
      Successors: 401d71
  BB: 401943 in func 401890 with 3 insts
    I: 401943
    I: 401946
    I: 40194b (flow 401b9e)
      Successors: 401951, 401b9e
  BB: 4019c3 in func 401890 with 1 insts
    I: 4019c3 (flow 4019c8)
      Successors: 4019c8
  BB: 4019c8 in func 401890 with 3 insts
    I: 4019c8
    I: 4019cb
    I: 4019d0 (flow 401af3)
      Successors: 401af3, 4019d6
  BB: 401a48 in func 401890 with 1 insts
    I: 401a48 (flow 401a4d)
      Successors: 401a4d
  BB: 401d4b in func 401890 with 7 insts
    I: 401d4b
    I: 401d4e
    I: 401d53
    I: 401d56
    I: 401d5b
    I: 401d5e
    I: 401d65 (flow 401d71)
      Successors: 401d71
  BB: 401a4d in func 401890 with 3 insts
    I: 401a4d
    I: 401a50
    I: 401a55 (flow 401d6a)
      Successors: 401d6a, 401a5b
  BB: 4018ce in func 401890 with 4 insts
    I: 4018ce
    I: 4018d1
    I: 4018d4
    I: 4018d9 (flow 401d4b)
      Successors: 401d4b, 4018df
  BB: 401b4e in func 401890 with 7 insts
    I: 401b4e
    I: 401b52
    I: 401b57
    I: 401b5c (disp 418a50)
    I: 401b64
    I: 401b67
    I: 401b6a (flow 401d71)
      Successors: 401d71
  BB: 401951 in func 401890 with 1 insts
    I: 401951 (flow 401956)
      Successors: 401956
  BB: 401ad4 in func 401890 with 7 insts
    I: 401ad4
    I: 401ad7
    I: 401adc
    I: 401adf
    I: 401ae4
    I: 401ae7
    I: 401aee (flow 401d71)
      Successors: 401d71
  BB: 401956 in func 401890 with 3 insts
    I: 401956
    I: 401959
    I: 40195e (flow 401b0e)
      Successors: 401964, 401b0e
  BB: 4019d6 in func 401890 with 1 insts
    I: 4019d6 (flow 4019db)
      Successors: 4019db
  BB: 4019db in func 401890 with 3 insts
    I: 4019db
    I: 4019de
    I: 4019e3 (flow 401bdd)
      Successors: 4019e9, 401bdd
  BB: 401a5b in func 401890 with 1 insts
    I: 401a5b (flow 401a60)
      Successors: 401a60
  BB: 401bdd in func 401890 with 7 insts
    I: 401bdd
    I: 401be0
    I: 401be2
    I: 401be5
    I: 401be7
    I: 401bea
    I: 401bf1 (flow 401d71)
      Successors: 401d71
  BB: 401c5d in func 401890 with 11 insts
    I: 401c5d
    I: 401c61 (imm 40ec70)
    I: 401c6b
    I: 401c72
    I: 401c75
    I: 401c79
    I: 401c7e
    I: 401c83
    I: 401c87
    I: 401c8a
    I: 401c8d (flow 401d71)
      Successors: 401d71
  BB: 4018df in func 401890 with 1 insts
    I: 4018df (flow 4018e4)
      Successors: 4018e4
  BB: 401a60 in func 401890 with 3 insts
    I: 401a60
    I: 401a63
    I: 401a68 (flow 401cf8)
      Successors: 401cf8, 401a6e
  BB: 4018e4 in func 401890 with 3 insts
    I: 4018e4
    I: 4018e7
    I: 4018ec (flow 401aaa)
      Successors: 401aaa, 4018f2
  BB: 401964 in func 401890 with 1 insts
    I: 401964 (flow 401969)
      Successors: 401969
  BB: 401969 in func 401890 with 3 insts
    I: 401969
    I: 40196c
    I: 401971 (flow 401b2f)
      Successors: 401b2f, 401977
  BB: 4019e9 in func 401890 with 1 insts
    I: 4019e9 (flow 4019ee)
      Successors: 4019ee
  BB: 401d6a in func 401890 with 1 insts
    I: 401d6a
      Successors: 401d71
  BB: 4019ee in func 401890 with 3 insts
    I: 4019ee
    I: 4019f1
    I: 4019f6 (flow 401bbe)
      Successors: 4019fc, 401bbe
  BB: 401a6e in func 401890 with 1 insts
    I: 401a6e (flow 401a73)
      Successors: 401a73
  BB: 401b6f in func 401890 with 2 insts
    I: 401b6f
    I: 401b76 (flow 401d71)
      Successors: 401d71
  BB: 401d71 in func 401890 with 1 insts
    I: 401d71 (flow 4018ce)
      Successors: 4018ce
  BB: 4018f2 in func 401890 with 1 insts
    I: 4018f2 (flow 4018f7)
      Successors: 4018f7
  BB: 401a73 in func 401890 with 3 insts
    I: 401a73
    I: 401a76
    I: 401a7b (flow 401c92)
      Successors: 401a81, 401c92
  BB: 401af3 in func 401890 with 4 insts
    I: 401af3
    I: 401af7 (disp 4188c0)
    I: 401b02
    I: 401b09 (flow 401d71)
      Successors: 401d71
  BB: 401bf6 in func 401890 with 6 insts
    I: 401bf6
    I: 401bfb
    I: 401c00
    I: 401c04
    I: 401c07
    I: 401c0a (flow 401d71)
      Successors: 401d71
  BB: 4018f7 in func 401890 with 3 insts
    I: 4018f7
    I: 4018fa
    I: 4018ff (flow 401bf6)
      Successors: 401905, 401bf6
  BB: 401cf8 in func 401890 with 15 insts
    I: 401cf8
    I: 401cfc (disp 4188c0)
    I: 401d03
    I: 401d07 (imm 40ec70)
    I: 401d11
    I: 401d18
    I: 401d1b
    I: 401d1f
    I: 401d22
    I: 401d24
    I: 401d26
    I: 401d28
    I: 401d2c (disp 4188c0)
    I: 401d33
    I: 401d3a (flow 401d71)
      Successors: 401d71
  BB: 401d76 in func 401890 with 1 insts
    I: 401d76
      No successors
  BB: 401b7b in func 401890 with 8 insts
    I: 401b7b
    I: 401b7e
    I: 401b82
    I: 401b87
    I: 401b8c (disp 4188c0)
    I: 401b93
    I: 401b96
    I: 401b99 (flow 401d71)
      Successors: 401d71
  BB: 4019fc in func 401890 with 1 insts
    I: 4019fc (flow 401a01)
      Successors: 401a01
Recovering main at 401d80
  Analysing subroutine main at 401d80
    Block head at 004020e2 is not code.
  Subroutine main at 401d80 has 51 blocks
  BB: 401d80 in func 401d80 with 7 insts
    Referenced by data
    I: 401d80
    I: 401d81
    I: 401d84
    I: 401d88
    I: 401d8f (mem 405020)
    I: 401d97
    I: 401d9b
      Successors: 401da2
  BB: 402001 in func 401d80 with 7 insts
    I: 402001
    I: 402004
    I: 402009
    I: 40200e
    I: 402011
    I: 402014
    I: 402017 (flow 4020dd)
      Successors: 4020dd
  BB: 401e04 in func 401d80 with 3 insts
    I: 401e04
    I: 401e07
    I: 401e0c (flow 402001)
      Successors: 402001, 401e12
  BB: 401e84 in func 401d80 with 1 insts
    I: 401e84 (flow 401e89)
      Successors: 401e89
  BB: 401e89 in func 401d80 with 3 insts
    I: 401e89
    I: 401e8c
    I: 401e91 (flow 402070)
      Successors: 402070, 401e97
  BB: 40208a in func 401d80 with 6 insts
    I: 40208a
    I: 40208d (imm 40300d)
    I: 402097
    I: 402099 (flow 418bf0)
    I: 40209e
    I: 4020a5 (flow 4020dd)
      Successors: 4020dd
  BB: 401f10 in func 401d80 with 6 insts
    I: 401f10
    I: 401f15
    I: 401f1a
    I: 401f1e
    I: 401f21
    I: 401f24 (flow 4020dd)
      Successors: 4020dd
  BB: 401e12 in func 401d80 with 1 insts
    I: 401e12 (flow 401e17)
      Successors: 401e17
  BB: 401e97 in func 401d80 with 1 insts
    I: 401e97 (flow 401e9c)
      Successors: 401e9c
  BB: 401e17 in func 401d80 with 3 insts
    I: 401e17
    I: 401e1a
    I: 401e1f (flow 401f57)
      Successors: 401e25, 401f57
  BB: 40201c in func 401d80 with 13 insts
    I: 40201c
    I: 402020 (imm 403007)
    I: 40202a
    I: 40202e
    I: 402032
    I: 402036
    I: 402038 (flow 418be8)
    I: 40203d
    I: 402042
    I: 402047
    I: 40204b
    I: 40204e
    I: 402051 (flow 4020dd)
      Successors: 4020dd
  BB: 401e9c in func 401d80 with 3 insts
    I: 401e9c
    I: 401e9f
    I: 401ea4 (flow 401f72)
      Successors: 401eaa, 401f72
  BB: 401da2 in func 401d80 with 4 insts
    I: 401da2
    I: 401da5
    I: 401da8
    I: 401dad (flow 402056)
      Successors: 401db3, 402056
  BB: 401e25 in func 401d80 with 1 insts
    I: 401e25 (flow 401e2a)
      Successors: 401e2a
  BB: 401f29 in func 401d80 with 2 insts
    I: 401f29
    I: 401f30 (flow 4020dd)
      Successors: 4020dd
  BB: 401e2a in func 401d80 with 3 insts
    I: 401e2a
    I: 401e2d
    I: 401e32 (flow 40201c)
      Successors: 401e38, 40201c
  BB: 401eaa in func 401d80 with 1 insts
    I: 401eaa (flow 401eaf)
      Successors: 401eaf
  BB: 4020aa in func 401d80 with 7 insts
    I: 4020aa
    I: 4020ad
    I: 4020b2
    I: 4020b5
    I: 4020ba
    I: 4020bd
    I: 4020c4 (flow 4020dd)
      Successors: 4020dd
  BB: 401eaf in func 401d80 with 3 insts
    I: 401eaf
    I: 401eb2
    I: 401eb7 (flow 401f29)
      Successors: 401f29, 401ebd
  BB: 401db3 in func 401d80 with 1 insts
    I: 401db3 (flow 401db8)
      Successors: 401db8
  BB: 401fb4 in func 401d80 with 11 insts
    I: 401fb4
    I: 401fb7
    I: 401fb9
    I: 401fbb
    I: 401fbd
    I: 401fc0
    I: 401fc2
    I: 401fc4
    I: 401fc6
    I: 401fc9
    I: 401fd0 (flow 4020dd)
      Successors: 4020dd
  BB: 401f35 in func 401d80 with 6 insts
    I: 401f35 (flow 401140)
    I: 401f3a
    I: 401f3d (mem 4188b0)
    I: 401f44
    I: 401f4b
    I: 401f52 (flow 4020dd)
      Successors: 4020dd
  BB: 401e38 in func 401d80 with 1 insts
    I: 401e38 (flow 401e3d)
      Successors: 401e3d
  BB: 401db8 in func 401d80 with 3 insts
    I: 401db8
    I: 401dbb
    I: 401dc0 (flow 401f10)
      Successors: 401f10, 401dc6
  BB: 401e3d in func 401d80 with 3 insts
    I: 401e3d
    I: 401e40
    I: 401e45 (flow 401f35)
      Successors: 401e4b, 401f35
  BB: 401ebd in func 401d80 with 1 insts
    I: 401ebd (flow 401ec2)
      Successors: 401ec2
  BB: 401ec2 in func 401d80 with 3 insts
    I: 401ec2
    I: 401ec5
    I: 401eca (flow 4020d5)
      Successors: 401ed0, 4020d5
  BB: 401dc6 in func 401d80 with 1 insts
    I: 401dc6 (flow 401dcb)
      Successors: 401dcb
  BB: 4020c9 in func 401d80 with 2 insts
    I: 4020c9
    I: 4020d0 (flow 4020dd)
      Successors: 4020dd
  BB: 401dcb in func 401d80 with 3 insts
    I: 401dcb
    I: 401dce
    I: 401dd3 (flow 401fd5)
      Successors: 401dd9, 401fd5
  BB: 401e4b in func 401d80 with 1 insts
    I: 401e4b (flow 401e50)
      Successors: 401e50
  BB: 401e50 in func 401d80 with 3 insts
    I: 401e50
    I: 401e53
    I: 401e58 (flow 4020aa)
      Successors: 4020aa, 401e5e
  BB: 401ed0 in func 401d80 with 1 insts
    I: 401ed0 (flow 401ed5)
      Successors: 401ed5
  BB: 401ed5 in func 401d80 with 1 insts
    I: 401ed5 (flow 4020dd)
      Successors: 4020dd
  BB: 401fd5 in func 401d80 with 8 insts
    I: 401fd5
    I: 401fd9 (imm 40300d)
    I: 401fe3
    I: 401fe7
    I: 401fe9 (flow 418be8)
    I: 401fee
    I: 401ff5
    I: 401ffc (flow 4020dd)
      Successors: 4020dd
  BB: 401f57 in func 401d80 with 7 insts
    I: 401f57
    I: 401f5a
    I: 401f5f
    I: 401f64
    I: 401f67
    I: 401f6a
    I: 401f6d (flow 4020dd)
      Successors: 4020dd
  BB: 402056 in func 401d80 with 6 insts
    I: 402056
    I: 402059
    I: 40205c (flow 4013a0)
    I: 402061
    I: 402068
    I: 40206b (flow 4020dd)
      Successors: 4020dd
  BB: 401dd9 in func 401d80 with 1 insts
    I: 401dd9 (flow 401dde)
      Successors: 401dde
  BB: 401eda in func 401d80 with 12 insts
    I: 401eda
    I: 401ede (imm 40300a)
    I: 401ee8
    I: 401eec
    I: 401ef0
    I: 401ef2 (flow 418be8)
    I: 401ef7
    I: 401efc
    I: 401f01
    I: 401f05
    I: 401f08
    I: 401f0b (flow 4020dd)
      Successors: 4020dd
  BB: 4020d5 in func 401d80 with 4 insts
    I: 4020d5
    I: 4020d7
    I: 4020db
    I: 4020dc
      No successors
  BB: 4020dd in func 401d80 with 1 insts
    I: 4020dd (flow 401da2)
      Successors: 401da2
  BB: 401dde in func 401d80 with 3 insts
    I: 401dde
    I: 401de1
    I: 401de6 (flow 401eda)
      Successors: 401eda, 401dec
  BB: 401e5e in func 401d80 with 1 insts
    I: 401e5e (flow 401e63)
      Successors: 401e63
  BB: 401e63 in func 401d80 with 3 insts
    I: 401e63
    I: 401e66
    I: 401e6b (flow 4020c9)
      Successors: 401e71, 4020c9
  BB: 401dec in func 401d80 with 1 insts
    I: 401dec (flow 401df1)
      Successors: 401df1
  BB: 402070 in func 401d80 with 6 insts
    I: 402070
    I: 402073
    I: 402076 (flow 401890)
    I: 40207b
    I: 402082
    I: 402085 (flow 4020dd)
      Successors: 4020dd
  BB: 401df1 in func 401d80 with 3 insts
    I: 401df1
    I: 401df4
    I: 401df9 (flow 40208a)
      Successors: 40208a, 401dff
  BB: 401e71 in func 401d80 with 1 insts
    I: 401e71 (flow 401e76)
      Successors: 401e76
  BB: 401f72 in func 401d80 with 15 insts
    I: 401f72
    I: 401f76 (imm 403004)
    I: 401f80
    I: 401f84
    I: 401f88
    I: 401f8c
    I: 401f90
    I: 401f92 (flow 418be8)
    I: 401f97
    I: 401f9a
    I: 401f9d
    I: 401fa0
    I: 401fa3 (flow 4012e0)
    I: 401fa8
    I: 401faf (flow 4020dd)
      Successors: 4020dd
  BB: 401e76 in func 401d80 with 3 insts
    I: 401e76
    I: 401e79
    I: 401e7e (flow 401fb4)
      Successors: 401fb4, 401e84
  BB: 401dff in func 401d80 with 1 insts
    I: 401dff (flow 401e04)
      Successors: 401e04
Recovering .term_proc at 4020e4
  Analysing subroutine .term_proc at 4020e4
    Block head at 004020f1 is not code.
  Subroutine .term_proc at 4020e4 has 1 blocks
  BB: 4020e4 in func 4020e4 with 4 insts
    I: 4020e4
    I: 4020e8
    I: 4020ec
    I: 4020f0
      No successors
Global Variable None
WARNING: Global constructor and destructor sections are adjacent!
Recovering region LOAD [400000, 400528) in segment LOAD
  8-byte reference at 400018 to 401050 (start)
  8-byte reference at 4000f8 to 401000 (.init_proc)
  8-byte reference at 400130 to 403000 ()
  8-byte reference at 400168 to 404de8 ()
  8-byte reference at 400280 to 403014 ()
  8-byte reference at 4002f0 to 404de8 ()
Recovering region .init [401000, 40101b) in segment .init
Recovering region LOAD [40101b, 401020) in segment LOAD
Recovering region .plt [401020, 401050) in segment .plt
Recovering region .text [401050, 4020e2) in segment .text
Recovering region LOAD [4020e2, 4020e4) in segment LOAD
Recovering region .fini [4020e4, 4020f1) in segment .fini
Recovering region .rodata [403000, 403011) in segment .rodata
  Variable aDDDD at 403004
Recovering region LOAD [403011, 403014) in segment LOAD
Recovering region .eh_frame_hdr [403014, 403060) in segment .eh_frame_hdr
Recovering region .eh_frame [403060, 40317c) in segment .eh_frame
Recovering region LOAD [40317c, 4031c0) in segment LOAD
Recovering region .init_array [404de8, 404df8) in segment .init_array
  8-byte reference at 404de8 to 401130 ()
  8-byte reference at 404df0 to 401100 ()
Recovering region LOAD [404df8, 404fd8) in segment LOAD
Recovering region .got [404fd8, 404fe8) in segment .got
  8-byte reference at 404fd8 to 418be0 (__libc_start_main)
  8-byte reference at 404fe0 to 418bf8 (__gmon_start__)
Recovering region .got.plt [404fe8, 405010) in segment .got.plt
  8-byte reference at 405000 to 418be8 (__isoc99_fscanf)
  8-byte reference at 405008 to 418bf0 (printf)
Recovering region .data [405010, 405020) in segment .data
Recovering region .bss [405020, 418be0) in segment .bss
Recovering extern function __isoc99_fscanf at 401030
Recovering extern function printf at 401040
Recovering extern function __libc_start_main at 418be0
Recovering extern function __isoc99_fscanf at 418be8
Recovering extern function printf at 418bf0
Recovering extern function __gmon_start__ at 418bf8
Recovering extern variable stdin at 405020 [size: 8]
Recovered 12 functions.
Saving to: /home/ubuntu/capstone_project/result/pipeline_20260629_141746/s958104051_fla_instsub.cfg
Done analysis!
