Debugging is enabled.
Loading Standard Definitions file: /home/ubuntu/capstone_project/dependency/mcsema/mcsema/lib/python3/site-packages/mcsema_disass-3.1.3.8-py3.8.egg/mcsema_disass/defs/linux.txt
Using Batch mode.
Starting analysis
Recovering module s958104051_bcf_instsub.elf
Found main at 4024a0
Looking for instructions in segment .init
  Default block heads for function 401000 with loose bounds [401000, 40101b)
    block [401000, 401014)
    block [401014, 401016)
    block [401016, 40101b)
    chunk [401000, 40101b)
Looking for instructions in segment .plt
  Default block heads for function 401020 with loose bounds [401020, 40102c)
    block [401020, 40102c)
    chunk [401020, 40102c)
  Default block heads for function 401030 with loose bounds [401030, 401036)
    block [401030, 401036)
    chunk [401030, 401036)
  Default block heads for function 401040 with loose bounds [401040, 401046)
    block [401040, 401046)
    chunk [401040, 401046)
Looking for instructions in segment .text
  Default block heads for function 401050 with loose bounds [401050, 401076)
    block [401050, 401076)
    chunk [401050, 401076)
  Default block heads for function 401090 with loose bounds [401090, 4010b1)
    block [401090, 40109d)
    block [40109d, 4010a7)
    block [4010a7, 4010ae)
    block [4010b0, 4010b1)
    chunk [401090, 4010b1)
  Default block heads for function 401100 with loose bounds [401100, 401121)
    block [401100, 40110d)
    block [40110d, 40111f)
    block [401120, 401121)
    chunk [401100, 401121)
  Default block heads for function 401130 with loose bounds [401130, 401136)
    block [401130, 401136)
    chunk [401130, 401136)
    chunk [4010c0, 4010f1)
  Default block heads for function 401140 with loose bounds [401140, 4015bc)
    block [401140, 4011c0)
    block [4011c0, 4011c5)
    block [4011c5, 40125f)
    block [40125f, 401264)
    block [401264, 401269)
    block [401269, 401276)
    block [401276, 401280)
    block [401280, 40128d)
    block [40128d, 4012eb)
    block [4012eb, 401328)
    block [401328, 40132d)
    block [40132d, 401372)
    block [401372, 401377)
    block [401377, 40137c)
    block [40137c, 4013ec)
    block [4013ec, 4013f1)
    block [4013f1, 401478)
    block [401478, 40147d)
    block [40147d, 401482)
    block [401482, 4014fa)
    block [4014fa, 4014ff)
    block [4014ff, 401577)
    block [401577, 40157c)
    block [40157c, 401581)
    block [401581, 401596)
    block [401596, 40159b)
    block [40159b, 4015b7)
    block [4015b7, 4015bc)
    chunk [401140, 4015bc)
  Default block heads for function 4015c0 with loose bounds [4015c0, 40167a)
    block [4015c0, 40167a)
    chunk [4015c0, 40167a)
  Default block heads for function 401680 with loose bounds [401680, 401c82)
    block [401680, 4016ab)
    block [4016ab, 4016bb)
    block [4016bb, 4016f1)
    block [4016f1, 401700)
    block [401700, 401715)
    block [401715, 401725)
    block [401725, 401737)
    block [401737, 40173c)
    block [40173c, 401750)
    block [401750, 401764)
    block [401764, 401771)
    block [401771, 40178b)
    block [40178b, 4017fb)
    block [4017fb, 401800)
    block [401800, 40184f)
    block [40184f, 401854)
    block [401854, 40185f)
    block [40185f, 401864)
    block [401864, 4018a1)
    block [4018a1, 4018a6)
    block [4018a6, 401924)
    block [401924, 401929)
    block [401929, 40192e)
    block [40192e, 401973)
    block [401973, 401978)
    block [401978, 4019cb)
    block [4019cb, 4019d0)
    block [4019d0, 4019d5)
    block [4019d5, 401a12)
    block [401a12, 401a17)
    block [401a17, 401a97)
    block [401a97, 401a9c)
    block [401a9c, 401aa7)
    block [401aa7, 401aac)
    block [401aac, 401ad2)
    block [401ad2, 401ad7)
    block [401ad7, 401b22)
    block [401b22, 401b5f)
    block [401b5f, 401b64)
    block [401b64, 401be4)
    block [401be4, 401be9)
    block [401be9, 401bee)
    block [401bee, 401bf3)
    block [401bf3, 401c0b)
    block [401c0b, 401c10)
    block [401c10, 401c15)
    block [401c15, 401c1a)
    block [401c1a, 401c35)
    block [401c35, 401c3a)
    block [401c3a, 401c82)
    chunk [401680, 401c82)
  Default block heads for function 401c90 with loose bounds [401c90, 402497)
    block [401c90, 401cc1)
    block [401cc1, 401cd1)
    block [401cd1, 401d34)
    block [401d34, 401d39)
    block [401d39, 401d8b)
    block [401d8b, 401d90)
    block [401d90, 401d95)
    block [401d95, 401e0d)
    block [401e0d, 401e12)
    block [401e12, 401e99)
    block [401e99, 401e9e)
    block [401e9e, 401ea3)
    block [401ea3, 401eb8)
    block [401eb8, 401ec8)
    block [401ec8, 401f0d)
    block [401f0d, 401f12)
    block [401f12, 401f9c)
    block [401f9c, 401fa1)
    block [401fa1, 401fac)
    block [401fac, 401fb1)
    block [401fb1, 402029)
    block [402029, 40202e)
    block [40202e, 40206b)
    block [40206b, 402070)
    block [402070, 402075)
    block [402075, 402089)
    block [402089, 40209d)
    block [40209d, 4020b0)
    block [4020b0, 4020c2)
    block [4020c2, 4020cc)
    block [4020cc, 4020d9)
    block [4020d9, 40211e)
    block [40211e, 402123)
    block [402123, 4021b1)
    block [4021b1, 4021b6)
    block [4021b6, 4021bb)
    block [4021bb, 4021cb)
    block [4021cb, 4021f1)
    block [4021f1, 4021f6)
    block [4021f6, 40226e)
    block [40226e, 402273)
    block [402273, 402303)
    block [402303, 402308)
    block [402308, 402313)
    block [402313, 402318)
    block [402318, 402353)
    block [402353, 402358)
    block [402358, 402370)
    block [402370, 4023b5)
    block [4023b5, 4023ba)
    block [4023ba, 402432)
    block [402432, 402437)
    block [402437, 40243c)
    block [40243c, 402454)
    block [402454, 402468)
    block [402468, 40246d)
    block [40246d, 402472)
    block [402472, 40248d)
    block [40248d, 402492)
    block [402492, 402497)
    chunk [401c90, 402497)
  Default block heads for function 4024a0 with loose bounds [4024a0, 402c3a)
    block [4024a0, 4024bb)
    block [4024bb, 4024e2)
    block [4024e2, 402527)
    block [402527, 40252c)
    block [40252c, 4025ae)
    block [4025ae, 4025b3)
    block [4025b3, 4025be)
    block [4025be, 4025c3)
    block [4025c3, 4025c8)
    block [4025c8, 402640)
    block [402640, 402645)
    block [402645, 402698)
    block [402698, 40269d)
    block [40269d, 4026a2)
    block [4026a2, 4026ae)
    block [4026ae, 402729)
    block [402729, 40272e)
    block [40272e, 4027ab)
    block [4027ab, 4027b0)
    block [4027b0, 4027b5)
    block [4027b5, 402825)
    block [402825, 40282a)
    block [40282a, 4028c2)
    block [4028c2, 4028c7)
    block [4028c7, 4028cc)
    block [4028cc, 402911)
    block [402911, 402916)
    block [402916, 402967)
    block [402967, 40296c)
    block [40296c, 402977)
    block [402977, 40297c)
    block [40297c, 4029f4)
    block [4029f4, 4029f9)
    block [4029f9, 402a69)
    block [402a69, 402a6e)
    block [402a6e, 402a79)
    block [402a79, 402a7e)
    block [402a7e, 402a91)
    block [402a91, 402ad6)
    block [402ad6, 402adb)
    block [402adb, 402b59)
    block [402b59, 402b5e)
    block [402b5e, 402b69)
    block [402b69, 402b95)
    block [402b95, 402b9a)
    block [402b9a, 402ba2)
    block [402ba2, 402ba7)
    block [402ba7, 402bc2)
    block [402bc2, 402bda)
    block [402bda, 402bff)
    block [402bff, 402c04)
    block [402c04, 402c2a)
    block [402c2a, 402c3a)
    chunk [4024a0, 402c3a)
Looking for instructions in segment .fini
  Default block heads for function 402c3c with loose bounds [402c3c, 402c49)
    block [402c3c, 402c49)
    chunk [402c3c, 402c49)
Looking for strings in segment .rodata [403000, 403011)
  Found string b'%d %d %d %d\n' of length 13 at 403004, jumping to 403011
Looking for strings in segment .eh_frame_hdr [403014, 403060)
Looking for strings in segment .eh_frame [403060, 40317c)
Looking for strings in segment .init_array [404de8, 404df0)
Looking for strings in segment .fini_array [404df0, 404df8)
Looking for strings in segment .got [404fd8, 404fe8)
Looking for strings in segment .got.plt [404fe8, 405010)
Looking for strings in segment .data [405010, 405020)
Looking for strings in segment .bss [405020, 418c08)
Looking for strings in segment extern [418c08, 418c28)
Looking for cross-references in segment .init [401000, 40101b)
Looking for cross-references in segment .plt [401020, 401050)
  Stopping scan at 40102c
Looking for cross-references in segment .text [401050, 402c3a)
  Stopping scan at 40107c
  Stopping scan at 40108c
  Stopping scan at ffffffffffffffff
  Stopping scan at 4010bc
  Stopping scan at 4010fc
  Stopping scan at ffffffffffffffff
  Stopping scan at 40112c
  Stopping scan at 40113c
  Stopping scan at 4015bc
  Stopping scan at 40167c
  Stopping scan at 401c8c
  Stopping scan at 40249c
Looking for cross-references in segment .fini [402c3c, 402c49)
Looking for cross-references in segment .rodata [403000, 403011)
  Found string at 403004, jumping to 403011
  Stopping scan at 403004
Looking for cross-references in segment .eh_frame_hdr [403014, 403060)
  Stopping scan at 40305c
Looking for cross-references in segment .eh_frame [403060, 40317c)
  Stopping scan at 403178
Looking for cross-references in segment .init_array [404de8, 404df0)
  Adding qword reference from 404de8 to 401130
  Stopping scan at 404de8
Looking for cross-references in segment .fini_array [404df0, 404df8)
  Adding qword reference from 404df0 to 401100
  Stopping scan at 404df0
Looking for cross-references in segment .got [404fd8, 404fe8)
  Adding qword reference from 404fd8 to 418c08
  Adding qword reference from 404fe0 to 418c20
  Stopping scan at 404fe0
Looking for cross-references in segment .got.plt [404fe8, 405010)
  Adding qword reference from 405000 to 418c10
  Adding qword reference from 405008 to 418c18
  Stopping scan at 405008
Looking for cross-references in segment .data [405010, 405020)
  Stopping scan at 40501c
Looking for cross-references in segment .bss [405020, 418c08)
  Stopping scan at 418c04
Looking for cross-references in segment extern [418c08, 418c28)
  Stopping scan at 418c24
Looking for thunks
  Found thunk for __isoc99_fscanf targeting 418c10 at 401030
  Found thunk for printf targeting 418c18 at 401040
Looking for external symbols
  Function at 401030 is the external function __isoc99_fscanf
  Function at 401040 is the external function printf
  Variable at 405020 is the external stdin
  Function at 418c08 is the external function __libc_start_main
  Function at 418c10 is the external function __isoc99_fscanf
  Function at 418c18 is the external function printf
  Function at 418c20 is the external function __gmon_start__
Looking for entrypoints
Recovering .init_proc at 401000
  Analysing subroutine .init_proc at 401000
    Block head at 0040101b is not code.
  Subroutine .init_proc at 401000 has 3 blocks
  BB: 401000 in func 401000 with 5 insts
    Referenced by data
    I: 401000
    I: 401004
    I: 401008 (mem 404fe0)
    I: 40100f
    I: 401012 (flow 401016)
      Successors: 401014, 401016
  BB: 401014 in func 401000 with 1 insts
    I: 401014
      Successors: 401016
  BB: 401016 in func 401000 with 2 insts
    I: 401016
    I: 40101a
      No successors
Recovering 401020
  Analysing subroutine sub_401020 at 401020
  WARNING: No table entries for indirect jump at 401026; Adding next_ea 40102c as successor.
  Subroutine sub_401020 at 401020 has 2 blocks
  WARNING: No table entries for indirect jump at 401026; Adding next_ea 40102c as successor.
  BB: 401020 in func 401020 with 2 insts
    I: 401020 (mem 404ff0)
    I: 401026 (mem 404ff8)
      Successors: 40102c
  BB: 40102c in func 401020 with 1 insts
    I: 40102c
      No successors
Recovering start at 401050
  Analysing subroutine start at 401050
  Subroutine start at 401050 has 3 blocks
  BB: 401050 in func 401050 with 13 insts
    Referenced by data
    I: 401050
    I: 401054
    I: 401056
    I: 401059
    I: 40105a
    I: 40105d
    I: 401061
    I: 401062
    I: 401063
    I: 401066
    I: 401068 (imm 4024a0)
    I: 40106f (mem 404fd8)
    I: 401075
      No successors
  BB: 401085 in func 401050 with 2 insts
    I: 401085
    I: 40108f
      No successors
  BB: 401076 in func 401050 with 3 insts
    I: 401076
    I: 401080
    I: 401084
      No successors
Recovering 401090
  Analysing subroutine sub_401090 at 401090
  WARNING: No table entries for indirect jump at 4010ac; Adding next_ea 4010ae as successor.
  WARNING: No table entries for indirect jump at 4010ee; Adding next_ea 4010f0 as successor.
  Subroutine sub_401090 at 401090 has 11 blocks
  BB: 4010c0 in func 401090 with 8 insts
    I: 4010c0 (imm 405020)
    I: 4010c5 (imm 405020)
    I: 4010cc
    I: 4010cf
    I: 4010d3
    I: 4010d7
    I: 4010da
    I: 4010dd (flow 4010f0)
      Successors: 4010f0, 4010df
  WARNING: No table entries for indirect jump at 4010ac; Adding next_ea 4010ae as successor.
  BB: 4010a7 in func 401090 with 2 insts
    I: 4010a7 (imm 405020)
    I: 4010ac
      Successors: 4010ae
  WARNING: No table entries for indirect jump at 4010ee; Adding next_ea 4010f0 as successor.
  BB: 4010e9 in func 401090 with 2 insts
    I: 4010e9 (imm 405020)
    I: 4010ee
      Successors: 4010f0
  BB: 4010ae in func 401090 with 1 insts
    I: 4010ae
      Successors: 4010b0
  BB: 401090 in func 401090 with 3 insts
    I: 401090 (imm 405020)
    I: 401095 (imm 405020)
    I: 40109b (flow 4010b0)
      Successors: 4010b0, 40109d
  BB: 4010b0 in func 401090 with 1 insts
    I: 4010b0
      No successors
  BB: 4010b1 in func 401090 with 2 insts
    I: 4010b1
    I: 4010b5
      Successors: 4010c0
  BB: 4010f0 in func 401090 with 1 insts
    I: 4010f0
      No successors
  BB: 4010f1 in func 401090 with 2 insts
    I: 4010f1
    I: 4010f5
      No successors
  BB: 40109d in func 401090 with 3 insts
    I: 40109d
    I: 4010a2
    I: 4010a5 (flow 4010b0)
      Successors: 4010b0, 4010a7
  BB: 4010df in func 401090 with 3 insts
    I: 4010df
    I: 4010e4
    I: 4010e7 (flow 4010f0)
      Successors: 4010f0, 4010e9
Recovering 401100
  Analysing subroutine sub_401100 at 401100
  Subroutine sub_401100 at 401100 has 5 blocks
  BB: 401100 in func 401100 with 3 insts
    Referenced by data
    I: 401100
    I: 401104 (mem 405028)
    I: 40110b (flow 401120)
      Successors: 401120, 40110d
  BB: 401121 in func 401100 with 2 insts
    I: 401121
    I: 401125
      No successors
  BB: 401120 in func 401100 with 1 insts
    I: 401120
      No successors
  BB: 40110d in func 401100 with 6 insts
    I: 40110d
    I: 40110e
    I: 401111 (flow 401090)
    I: 401116 (mem 405028)
    I: 40111d
    I: 40111e
      No successors
  BB: 40111f in func 401100 with 1 insts
    I: 40111f
      Successors: 401120
Recovering 401130
  Analysing subroutine sub_401130 at 401130
  WARNING: No table entries for indirect jump at 4010ee; Adding next_ea 4010f0 as successor.
  Subroutine sub_401130 at 401130 has 6 blocks
  BB: 4010c0 in func 401130 with 8 insts
    I: 4010c0 (imm 405020)
    I: 4010c5 (imm 405020)
    I: 4010cc
    I: 4010cf
    I: 4010d3
    I: 4010d7
    I: 4010da
    I: 4010dd (flow 4010f0)
      Successors: 4010f0, 4010df
  WARNING: No table entries for indirect jump at 4010ee; Adding next_ea 4010f0 as successor.
  BB: 4010e9 in func 401130 with 2 insts
    I: 4010e9 (imm 405020)
    I: 4010ee
      Successors: 4010f0
  BB: 401130 in func 401130 with 2 insts
    Referenced by data
    I: 401130
    I: 401134 (flow 4010c0)
      Successors: 4010c0
  BB: 4010f0 in func 401130 with 1 insts
    I: 4010f0
      No successors
  BB: 401136 in func 401130 with 1 insts
    I: 401136
      No successors
  BB: 4010df in func 401130 with 3 insts
    I: 4010df
    I: 4010e4
    I: 4010e7 (flow 4010f0)
      Successors: 4010f0, 4010e9
Recovering 401140
  Analysing subroutine sub_401140 at 401140
  Subroutine sub_401140 at 401140 has 29 blocks
  BB: 401280 in func 401140 with 3 insts
    I: 401280
    I: 401284
    I: 401287 (flow 4012eb)
      Successors: 4012eb, 40128d
  BB: 401581 in func 401140 with 5 insts
    I: 401581
    I: 401584
    I: 401588
    I: 40158b
    I: 401591 (flow 4011c5)
      Successors: 4011c5
  BB: 401482 in func 401140 with 36 insts
    I: 401482 (imm 418be0)
    I: 401489
    I: 40148b (imm 418bf0)
    I: 401492
    I: 401494
    I: 401496
    I: 40149c
    I: 40149f
    I: 4014a5
    I: 4014a8
    I: 4014ab
    I: 4014ae
    I: 4014b2
    I: 4014b5
    I: 4014b9
    I: 4014bc
    I: 4014bf
    I: 4014c2
    I: 4014c6
    I: 4014c8
    I: 4014cb
    I: 4014cd
    I: 4014cf
    I: 4014d2
    I: 4014d5
    I: 4014d9
    I: 4014dc
    I: 4014df
    I: 4014e2
    I: 4014e5
    I: 4014e8
    I: 4014eb
    I: 4014ee
    I: 4014f0
    I: 4014f2
    I: 4014f4 (flow 4014ff)
      Successors: 4014fa, 4014ff
  BB: 40137c in func 401140 with 36 insts
    I: 40137c (imm 418be0)
    I: 401383
    I: 401385 (imm 418bf0)
    I: 40138c
    I: 40138e
    I: 401390
    I: 401393
    I: 401395
    I: 401397
    I: 40139a
    I: 40139d
    I: 4013a0
    I: 4013a4
    I: 4013a7
    I: 4013ab
    I: 4013ae
    I: 4013b1
    I: 4013b4
    I: 4013b8
    I: 4013ba
    I: 4013bd
    I: 4013bf
    I: 4013c1
    I: 4013c4
    I: 4013c7
    I: 4013cb
    I: 4013ce
    I: 4013d1
    I: 4013d4
    I: 4013d7
    I: 4013da
    I: 4013dd
    I: 4013e0
    I: 4013e2
    I: 4013e4
    I: 4013e6 (flow 4013f1)
      Successors: 4013f1, 4013ec
  BB: 40128d in func 401140 with 21 insts
    I: 40128d
    I: 401291
    I: 401295
    I: 401298 (imm 405030)
    I: 4012a2
    I: 4012a9
    I: 4012ac
    I: 4012af
    I: 4012b6
    I: 4012b9 (imm 40ec70)
    I: 4012c3
    I: 4012ca
    I: 4012cd
    I: 4012d0
    I: 4012d7
    I: 4012db
    I: 4012dd
    I: 4012df
    I: 4012e2
    I: 4012e4
    I: 4012e6 (flow 401280)
      Successors: 401280
  BB: 401596 in func 401140 with 1 insts
    I: 401596 (flow 40132d)
      Successors: 40132d
  BB: 40159b in func 401140 with 11 insts
    I: 40159b
    I: 40159f
    I: 4015a1
    I: 4015a3
    I: 4015a5
    I: 4015a7
    I: 4015aa
    I: 4015ac
    I: 4015ae
    I: 4015b0
    I: 4015b2 (flow 4013f1)
      Successors: 4013f1
  BB: 401328 in func 401140 with 1 insts
    I: 401328 (flow 401596)
      Successors: 401596
  BB: 40132d in func 401140 with 20 insts
    I: 40132d (imm 418be0)
    I: 401334
    I: 401336 (imm 418bf0)
    I: 40133d
    I: 40133f
    I: 401341
    I: 401347
    I: 40134a
    I: 401350
    I: 401353
    I: 401356
    I: 401359
    I: 40135c
    I: 40135f
    I: 401362
    I: 401364
    I: 401366
    I: 401368
    I: 40136a
    I: 40136c (flow 401377)
      Successors: 401372, 401377
  BB: 4015b7 in func 401140 with 1 insts
    I: 4015b7 (flow 4014ff)
      Successors: 4014ff
  BB: 4015bc in func 401140 with 1 insts
    I: 4015bc
      No successors
  BB: 401140 in func 401140 with 39 insts
    I: 401140
    I: 401141
    I: 401144
    I: 401148 (imm 418be0)
    I: 40114f
    I: 401151 (imm 418bf0)
    I: 401158
    I: 40115a
    I: 40115c
    I: 401162
    I: 401165
    I: 40116b
    I: 40116e
    I: 401171
    I: 401174
    I: 401178
    I: 40117b
    I: 40117f
    I: 401182
    I: 401185
    I: 401188
    I: 40118c
    I: 40118e
    I: 401191
    I: 401193
    I: 401195
    I: 401198
    I: 40119b
    I: 40119f
    I: 4011a2
    I: 4011a5
    I: 4011a8
    I: 4011ab
    I: 4011ae
    I: 4011b1
    I: 4011b4
    I: 4011b6
    I: 4011b8
    I: 4011ba (flow 4011c5)
      Successors: 4011c0, 4011c5
  BB: 4011c0 in func 401140 with 1 insts
    I: 4011c0 (flow 401581)
      Successors: 401581
  BB: 4011c5 in func 401140 with 45 insts
    I: 4011c5
    I: 4011c8
    I: 4011cc
    I: 4011d0
    I: 4011d3
    I: 4011d6
    I: 4011da
    I: 4011de
    I: 4011e1
    I: 4011e7 (imm 418be0)
    I: 4011ee
    I: 4011f0 (imm 418bf0)
    I: 4011f7
    I: 4011f9
    I: 4011fb
    I: 401201
    I: 401204
    I: 40120a
    I: 40120d
    I: 401210
    I: 401213
    I: 401217
    I: 40121a
    I: 40121e
    I: 401221
    I: 401224
    I: 401227
    I: 40122b
    I: 40122d
    I: 401230
    I: 401232
    I: 401234
    I: 401237
    I: 40123a
    I: 40123e
    I: 401241
    I: 401244
    I: 401247
    I: 40124a
    I: 40124d
    I: 401250
    I: 401253
    I: 401255
    I: 401257
    I: 401259 (flow 401264)
      Successors: 401264, 40125f
  BB: 40125f in func 401140 with 1 insts
    I: 40125f (flow 401581)
      Successors: 401581
  BB: 401264 in func 401140 with 1 insts
    I: 401264 (flow 401269)
      Successors: 401269
  BB: 401269 in func 401140 with 3 insts
    I: 401269
    I: 40126d
    I: 401270 (flow 401482)
      Successors: 401482, 401276
  BB: 4012eb in func 401140 with 20 insts
    I: 4012eb (imm 418be0)
    I: 4012f2
    I: 4012f4 (imm 418bf0)
    I: 4012fb
    I: 4012fd
    I: 4012ff
    I: 401302
    I: 401304
    I: 401306
    I: 401309
    I: 40130c
    I: 40130f
    I: 401312
    I: 401315
    I: 401318
    I: 40131a
    I: 40131c
    I: 40131e
    I: 401320
    I: 401322 (flow 40132d)
      Successors: 401328, 40132d
  BB: 4013ec in func 401140 with 1 insts
    I: 4013ec (flow 40159b)
      Successors: 40159b
  BB: 401377 in func 401140 with 1 insts
    I: 401377 (flow 40137c)
      Successors: 40137c
  BB: 4013f1 in func 401140 with 46 insts
    I: 4013f1
    I: 4013f5
    I: 4013f7
    I: 4013f9
    I: 4013fb
    I: 4013fd
    I: 401400
    I: 401402
    I: 401404
    I: 401406
    I: 401408 (imm 418be0)
    I: 40140f
    I: 401411 (imm 418bf0)
    I: 401418
    I: 40141a
    I: 40141c
    I: 40141f
    I: 401421
    I: 401423
    I: 401426
    I: 401429
    I: 40142c
    I: 401430
    I: 401433
    I: 401437
    I: 40143a
    I: 40143d
    I: 401440
    I: 401444
    I: 401446
    I: 401449
    I: 40144b
    I: 40144d
    I: 401450
    I: 401453
    I: 401457
    I: 40145a
    I: 40145d
    I: 401460
    I: 401463
    I: 401466
    I: 401469
    I: 40146c
    I: 40146e
    I: 401470
    I: 401472 (flow 40147d)
      Successors: 401478, 40147d
  BB: 401372 in func 401140 with 1 insts
    I: 401372 (flow 401596)
      Successors: 401596
  BB: 401276 in func 401140 with 2 insts
    I: 401276
    I: 40127a
      Successors: 401280
  BB: 401577 in func 401140 with 1 insts
    I: 401577 (flow 4015b7)
      Successors: 4015b7
  BB: 401478 in func 401140 with 1 insts
    I: 401478 (flow 40159b)
      Successors: 40159b
  BB: 4014fa in func 401140 with 1 insts
    I: 4014fa (flow 4015b7)
      Successors: 4015b7
  BB: 40157c in func 401140 with 3 insts
    I: 40157c
    I: 40157f
    I: 401580
      No successors
  BB: 40147d in func 401140 with 1 insts
    I: 40147d (flow 401269)
      Successors: 401269
  BB: 4014ff in func 401140 with 36 insts
    I: 4014ff (imm 418be0)
    I: 401506
    I: 401508 (imm 418bf0)
    I: 40150f
    I: 401511
    I: 401513
    I: 401519
    I: 40151c
    I: 401522
    I: 401525
    I: 401528
    I: 40152b
    I: 40152f
    I: 401532
    I: 401536
    I: 401539
    I: 40153c
    I: 40153f
    I: 401543
    I: 401545
    I: 401548
    I: 40154a
    I: 40154c
    I: 40154f
    I: 401552
    I: 401556
    I: 401559
    I: 40155c
    I: 40155f
    I: 401562
    I: 401565
    I: 401568
    I: 40156b
    I: 40156d
    I: 40156f
    I: 401571 (flow 40157c)
      Successors: 40157c, 401577
Recovering 4015c0
  Analysing subroutine sub_4015C0 at 4015c0
  Subroutine sub_4015C0 at 4015c0 has 2 blocks
  BB: 4015c0 in func 4015c0 with 44 insts
    I: 4015c0
    I: 4015c1
    I: 4015c4
    I: 4015c7
    I: 4015ca
    I: 4015cd
    I: 4015d0
    I: 4015d3
    I: 4015d8
    I: 4015db
    I: 4015e0
    I: 4015e3
    I: 4015e6
    I: 4015eb
    I: 4015ee
    I: 4015f3
    I: 4015f6
    I: 4015f9
    I: 4015fd (imm 405030)
    I: 401607
    I: 40160e
    I: 401611
    I: 401615
    I: 401618
    I: 40161c (imm 405030)
    I: 401626
    I: 40162d
    I: 401630
    I: 401634
    I: 401637
    I: 40163a
    I: 40163e (imm 40ec70)
    I: 401648
    I: 40164f
    I: 401652
    I: 401656
    I: 401659
    I: 40165d (imm 40ec70)
    I: 401667
    I: 40166e
    I: 401671
    I: 401675
    I: 401678
    I: 401679
      No successors
  BB: 40167a in func 4015c0 with 1 insts
    I: 40167a
      No successors
Recovering 401680
  Analysing subroutine sub_401680 at 401680
  Subroutine sub_401680 at 401680 has 51 blocks
  BB: 401680 in func 401680 with 15 insts
    I: 401680
    I: 401681
    I: 401684
    I: 401687
    I: 40168a
    I: 40168d
    I: 40168f
    I: 401692
    I: 401694
    I: 401697
    I: 40169a
    I: 40169c
    I: 40169f
    I: 4016a1
    I: 4016a4
      Successors: 4016ab
  BB: 401700 in func 401680 with 3 insts
    I: 401700
    I: 401707
    I: 40170e
      Successors: 401715
  BB: 401800 in func 401680 with 23 insts
    I: 401800
    I: 401804
    I: 401807
    I: 40180a (imm 418bf8)
    I: 401811
    I: 401813 (imm 418be4)
    I: 40181a
    I: 40181c
    I: 40181e
    I: 401824
    I: 401827
    I: 40182d
    I: 401830
    I: 401833
    I: 401836
    I: 401839
    I: 40183c
    I: 40183f
    I: 401841
    I: 401843
    I: 401845
    I: 401847
    I: 401849 (flow 401854)
      Successors: 401854, 40184f
  BB: 401c82 in func 401680 with 2 insts
    I: 401c82
    I: 401c8c
      No successors
  BB: 401c0b in func 401680 with 1 insts
    I: 401c0b (flow 401700)
      Successors: 401700
  BB: 40178b in func 401680 with 36 insts
    I: 40178b (imm 418bf8)
    I: 401792
    I: 401794 (imm 418be4)
    I: 40179b
    I: 40179d
    I: 40179f
    I: 4017a2
    I: 4017a4
    I: 4017a6
    I: 4017a9
    I: 4017ac
    I: 4017af
    I: 4017b3
    I: 4017b6
    I: 4017ba
    I: 4017bd
    I: 4017c0
    I: 4017c3
    I: 4017c7
    I: 4017c9
    I: 4017cc
    I: 4017ce
    I: 4017d0
    I: 4017d3
    I: 4017d6
    I: 4017da
    I: 4017dd
    I: 4017e0
    I: 4017e3
    I: 4017e6
    I: 4017e9
    I: 4017ec
    I: 4017ef
    I: 4017f1
    I: 4017f3
    I: 4017f5 (flow 401800)
      Successors: 401800, 4017fb
  BB: 401c10 in func 401680 with 1 insts
    I: 401c10 (flow 401800)
      Successors: 401800
  BB: 401a12 in func 401680 with 1 insts
    I: 401a12 (flow 401c35)
      Successors: 401c35
  BB: 401715 in func 401680 with 3 insts
    I: 401715
    I: 401718 (mem 4188b0)
    I: 40171f (flow 40178b)
      Successors: 40178b, 401725
  BB: 401c15 in func 401680 with 1 insts
    I: 401c15 (flow 4018a6)
      Successors: 4018a6
  BB: 401a97 in func 401680 with 1 insts
    I: 401a97 (flow 401c35)
      Successors: 401c35
  BB: 401a17 in func 401680 with 40 insts
    I: 401a17
    I: 401a1a (mem 4188b0)
    I: 401a21
    I: 401a24
    I: 401a27 (imm 418bf8)
    I: 401a2e
    I: 401a30 (imm 418be4)
    I: 401a37
    I: 401a39
    I: 401a3b
    I: 401a3e
    I: 401a40
    I: 401a42
    I: 401a45
    I: 401a48
    I: 401a4b
    I: 401a4f
    I: 401a52
    I: 401a56
    I: 401a59
    I: 401a5c
    I: 401a5f
    I: 401a63
    I: 401a65
    I: 401a68
    I: 401a6a
    I: 401a6c
    I: 401a6f
    I: 401a72
    I: 401a76
    I: 401a79
    I: 401a7c
    I: 401a7f
    I: 401a82
    I: 401a85
    I: 401a88
    I: 401a8b
    I: 401a8d
    I: 401a8f
    I: 401a91 (flow 401a9c)
      Successors: 401a9c, 401a97
  BB: 401c1a in func 401680 with 4 insts
    I: 401c1a
    I: 401c1e (disp 418a50)
    I: 401c29
    I: 401c30 (flow 401978)
      Successors: 401978
  BB: 401a9c in func 401680 with 3 insts
    I: 401a9c
    I: 401a9f
    I: 401aa1 (flow 401aac)
      Successors: 401aac, 401aa7
  BB: 4018a1 in func 401680 with 1 insts
    I: 4018a1 (flow 401c15)
      Successors: 401c15
  BB: 401b22 in func 401680 with 20 insts
    I: 401b22 (imm 418bf8)
    I: 401b29
    I: 401b2b (imm 418be4)
    I: 401b32
    I: 401b34
    I: 401b36
    I: 401b39
    I: 401b3b
    I: 401b3d
    I: 401b40
    I: 401b43
    I: 401b46
    I: 401b49
    I: 401b4c
    I: 401b4f
    I: 401b51
    I: 401b53
    I: 401b55
    I: 401b57
    I: 401b59 (flow 401b64)
      Successors: 401b64, 401b5f
  BB: 401924 in func 401680 with 1 insts
    I: 401924 (flow 401c15)
      Successors: 401c15
  BB: 401725 in func 401680 with 3 insts
    I: 401725
    I: 401729 (disp 418a50)
    I: 401731 (flow 40173c)
      Successors: 40173c, 401737
  BB: 4018a6 in func 401680 with 39 insts
    I: 4018a6
    I: 4018aa (disp 4188c0)
    I: 4018b1
    I: 4018b4 (imm 418bf8)
    I: 4018bb
    I: 4018bd (imm 418be4)
    I: 4018c4
    I: 4018c6
    I: 4018c8
    I: 4018cb
    I: 4018cd
    I: 4018cf
    I: 4018d2
    I: 4018d5
    I: 4018d8
    I: 4018dc
    I: 4018df
    I: 4018e3
    I: 4018e6
    I: 4018e9
    I: 4018ec
    I: 4018f0
    I: 4018f2
    I: 4018f5
    I: 4018f7
    I: 4018f9
    I: 4018fc
    I: 4018ff
    I: 401903
    I: 401906
    I: 401909
    I: 40190c
    I: 40190f
    I: 401912
    I: 401915
    I: 401918
    I: 40191a
    I: 40191c
    I: 40191e (flow 401929)
      Successors: 401929, 401924
  BB: 401aa7 in func 401680 with 1 insts
    I: 401aa7 (flow 401c0b)
      Successors: 401c0b
  BB: 401929 in func 401680 with 3 insts
    I: 401929
    I: 40192c
    I: 40192d
      No successors
  BB: 4016ab in func 401680 with 3 insts
    I: 4016ab
    I: 4016ae (mem 4188b0)
    I: 4016b5 (flow 4016f1)
      Successors: 4016f1, 4016bb
  BB: 401aac in func 401680 with 7 insts
    I: 401aac
    I: 401ab0 (imm 405030)
    I: 401aba
    I: 401ac1
    I: 401ac4
    I: 401ac8
    I: 401acc (flow 401ad7)
      Successors: 401ad2, 401ad7
  BB: 40192e in func 401680 with 20 insts
    I: 40192e (imm 418bf8)
    I: 401935
    I: 401937 (imm 418be4)
    I: 40193e
    I: 401940
    I: 401942
    I: 401948
    I: 40194b
    I: 401951
    I: 401954
    I: 401957
    I: 40195a
    I: 40195d
    I: 401960
    I: 401963
    I: 401965
    I: 401967
    I: 401969
    I: 40196b
    I: 40196d (flow 401978)
      Successors: 401978, 401973
  BB: 401c35 in func 401680 with 1 insts
    I: 401c35 (flow 401a17)
      Successors: 401a17
  BB: 401737 in func 401680 with 1 insts
    I: 401737 (flow 401771)
      Successors: 401771
  BB: 401c3a in func 401680 with 14 insts
    I: 401c3a
    I: 401c3e (disp 4188c0)
    I: 401c45
    I: 401c49 (imm 405030)
    I: 401c53
    I: 401c5a
    I: 401c5d
    I: 401c61
    I: 401c64
    I: 401c6a
    I: 401c6c
    I: 401c72
    I: 401c76 (disp 4188c0)
    I: 401c7d (flow 401b64)
      Successors: 401b64
  BB: 4016bb in func 401680 with 10 insts
    I: 4016bb
    I: 4016bf (disp 4188c0)
    I: 4016ca
    I: 4016ce (disp 418a50)
    I: 4016d9
    I: 4016dc
    I: 4016e1
    I: 4016e4
    I: 4016e9
    I: 4016ec (flow 4016ab)
      Successors: 4016ab
  BB: 40173c in func 401680 with 4 insts
    I: 40173c
    I: 40173f
    I: 401743 (disp 4188c0)
    I: 40174a (flow 401764)
      Successors: 401750, 401764
  BB: 4019cb in func 401680 with 1 insts
    I: 4019cb (flow 401c1a)
      Successors: 401c1a
  BB: 40184f in func 401680 with 1 insts
    I: 40184f (flow 401c10)
      Successors: 401c10
  BB: 401750 in func 401680 with 5 insts
    I: 401750
    I: 401754 (disp 4188c0)
    I: 40175b
    I: 40175e
    I: 401761
      Successors: 401764
  BB: 4019d0 in func 401680 with 1 insts
    I: 4019d0 (flow 4019d5)
      Successors: 4019d5
  BB: 401ad2 in func 401680 with 1 insts
    I: 401ad2 (flow 401bf3)
      Successors: 401bf3
  BB: 401854 in func 401680 with 3 insts
    I: 401854
    I: 401857
    I: 401859 (flow 401864)
      Successors: 401864, 40185f
  BB: 4019d5 in func 401680 with 20 insts
    I: 4019d5 (imm 418bf8)
    I: 4019dc
    I: 4019de (imm 418be4)
    I: 4019e5
    I: 4019e7
    I: 4019e9
    I: 4019ec
    I: 4019ee
    I: 4019f0
    I: 4019f3
    I: 4019f6
    I: 4019f9
    I: 4019fc
    I: 4019ff
    I: 401a02
    I: 401a04
    I: 401a06
    I: 401a08
    I: 401a0a
    I: 401a0c (flow 401a17)
      Successors: 401a12, 401a17
  BB: 401ad7 in func 401680 with 19 insts
    I: 401ad7
    I: 401adb (disp 4188c0)
    I: 401ae2
    I: 401ae6 (disp 4188c0)
    I: 401aed
    I: 401af1 (imm 405030)
    I: 401afb
    I: 401b02
    I: 401b05
    I: 401b09
    I: 401b0c
    I: 401b0e
    I: 401b10
    I: 401b12
    I: 401b14
    I: 401b16
    I: 401b18
    I: 401b1a
    I: 401b1c (flow 401bee)
      Successors: 401b22, 401bee
  BB: 40185f in func 401680 with 1 insts
    I: 40185f (flow 40192e)
      Successors: 40192e
  BB: 401b5f in func 401680 with 1 insts
    I: 401b5f (flow 401c3a)
      Successors: 401c3a
  BB: 401764 in func 401680 with 5 insts
    I: 401764
    I: 401767
    I: 401769
    I: 40176c
    I: 40176e
      Successors: 401771
  BB: 401864 in func 401680 with 20 insts
    I: 401864 (imm 418bf8)
    I: 40186b
    I: 40186d (imm 418be4)
    I: 401874
    I: 401876
    I: 401878
    I: 40187b
    I: 40187d
    I: 40187f
    I: 401882
    I: 401885
    I: 401888
    I: 40188b
    I: 40188e
    I: 401891
    I: 401893
    I: 401895
    I: 401897
    I: 401899
    I: 40189b (flow 4018a6)
      Successors: 4018a1, 4018a6
  BB: 401b64 in func 401680 with 37 insts
    I: 401b64
    I: 401b68 (disp 4188c0)
    I: 401b6f
    I: 401b73 (imm 405030)
    I: 401b7d
    I: 401b84
    I: 401b87
    I: 401b8b
    I: 401b8e
    I: 401b90
    I: 401b92
    I: 401b94
    I: 401b96
    I: 401b98
    I: 401b9a
    I: 401b9c
    I: 401ba0 (disp 4188c0)
    I: 401ba7 (imm 418bf8)
    I: 401bae
    I: 401bb0 (imm 418be4)
    I: 401bb7
    I: 401bb9
    I: 401bbb
    I: 401bbe
    I: 401bc0
    I: 401bc2
    I: 401bc5
    I: 401bc8
    I: 401bcb
    I: 401bce
    I: 401bd1
    I: 401bd4
    I: 401bd6
    I: 401bd8
    I: 401bda
    I: 401bdc
    I: 401bde (flow 401be9)
      Successors: 401be9, 401be4
  BB: 401be4 in func 401680 with 1 insts
    I: 401be4 (flow 401c3a)
      Successors: 401c3a
  BB: 401be9 in func 401680 with 1 insts
    I: 401be9 (flow 401bee)
      Successors: 401bee
  BB: 401bee in func 401680 with 1 insts
    I: 401bee (flow 401bf3)
      Successors: 401bf3
  BB: 4016f1 in func 401680 with 2 insts
    I: 4016f1
    I: 4016f5 (disp 4188c0)
      Successors: 401700
  BB: 401771 in func 401680 with 10 insts
    I: 401771
    I: 401774
    I: 401776
    I: 401778
    I: 40177a
    I: 40177d
    I: 40177f
    I: 401781
    I: 401783
    I: 401786 (flow 401715)
      Successors: 401715
  BB: 401973 in func 401680 with 1 insts
    I: 401973 (flow 401c1a)
      Successors: 401c1a
  BB: 401bf3 in func 401680 with 6 insts
    I: 401bf3
    I: 401bf6
    I: 401bfb
    I: 401bfe
    I: 401c03
    I: 401c06 (flow 4019d5)
      Successors: 4019d5
  BB: 401978 in func 401680 with 23 insts
    I: 401978
    I: 40197c (disp 418a50)
    I: 401987
    I: 40198e (imm 418bf8)
    I: 401995
    I: 401997 (imm 418be4)
    I: 40199e
    I: 4019a0
    I: 4019a2
    I: 4019a5
    I: 4019a7
    I: 4019a9
    I: 4019ac
    I: 4019af
    I: 4019b2
    I: 4019b5
    I: 4019b8
    I: 4019bb
    I: 4019bd
    I: 4019bf
    I: 4019c1
    I: 4019c3
    I: 4019c5 (flow 4019d0)
      Successors: 4019d0, 4019cb
  BB: 4017fb in func 401680 with 1 insts
    I: 4017fb (flow 401c10)
      Successors: 401c10
Recovering 401c90
  Analysing subroutine sub_401C90 at 401c90
  Subroutine sub_401C90 at 401c90 has 61 blocks
  BB: 402303 in func 401c90 with 1 insts
    I: 402303 (flow 40248d)
      Successors: 40248d
  BB: 402308 in func 401c90 with 3 insts
    I: 402308
    I: 40230b
    I: 40230d (flow 402318)
      Successors: 402318, 402313
  BB: 402089 in func 401c90 with 5 insts
    I: 402089
    I: 40208d (disp 4188c0)
    I: 402094
    I: 402097
    I: 40209a
      Successors: 40209d
  BB: 401d8b in func 401c90 with 1 insts
    I: 401d8b (flow 40243c)
      Successors: 40243c
  BB: 401e0d in func 401c90 with 1 insts
    I: 401e0d (flow 402454)
      Successors: 402454
  BB: 401f0d in func 401c90 with 1 insts
    I: 401f0d (flow 402468)
      Successors: 402468
  BB: 40248d in func 401c90 with 1 insts
    I: 40248d (flow 402273)
      Successors: 402273
  BB: 401c90 in func 401c90 with 15 insts
    I: 401c90
    I: 401c91
    I: 401c94
    I: 401c97
    I: 401c9a
    I: 401c9d
    I: 401c9f
    I: 401ca2
    I: 401ca4
    I: 401ca7
    I: 401caa
    I: 401caf
    I: 401cb2
    I: 401cb7
    I: 401cba
      Successors: 401cc1
  BB: 401d90 in func 401c90 with 1 insts
    I: 401d90 (flow 401cc1)
      Successors: 401cc1
  BB: 401e12 in func 401c90 with 38 insts
    I: 401e12
    I: 401e16 (disp 4188c0)
    I: 401e21 (imm 418bfc)
    I: 401e28
    I: 401e2a (imm 418be8)
    I: 401e31
    I: 401e33
    I: 401e35
    I: 401e3b
    I: 401e3e
    I: 401e44
    I: 401e47
    I: 401e4a
    I: 401e4d
    I: 401e51
    I: 401e54
    I: 401e58
    I: 401e5b
    I: 401e5e
    I: 401e61
    I: 401e65
    I: 401e67
    I: 401e6a
    I: 401e6c
    I: 401e6e
    I: 401e71
    I: 401e74
    I: 401e78
    I: 401e7b
    I: 401e7e
    I: 401e81
    I: 401e84
    I: 401e87
    I: 401e8a
    I: 401e8d
    I: 401e8f
    I: 401e91
    I: 401e93 (flow 401e9e)
      Successors: 401e99, 401e9e
  BB: 401f12 in func 401c90 with 40 insts
    I: 401f12
    I: 401f16 (disp 418a50)
    I: 401f1e
    I: 401f21
    I: 401f24 (imm 418bfc)
    I: 401f2b
    I: 401f2d (imm 418be8)
    I: 401f34
    I: 401f36
    I: 401f38
    I: 401f3e
    I: 401f41
    I: 401f47
    I: 401f4a
    I: 401f4d
    I: 401f50
    I: 401f54
    I: 401f57
    I: 401f5b
    I: 401f5e
    I: 401f61
    I: 401f64
    I: 401f68
    I: 401f6a
    I: 401f6d
    I: 401f6f
    I: 401f71
    I: 401f74
    I: 401f77
    I: 401f7b
    I: 401f7e
    I: 401f81
    I: 401f84
    I: 401f87
    I: 401f8a
    I: 401f8d
    I: 401f90
    I: 401f92
    I: 401f94
    I: 401f96 (flow 401fa1)
      Successors: 401fa1, 401f9c
  BB: 402313 in func 401c90 with 1 insts
    I: 402313 (flow 402353)
      Successors: 402353
  BB: 401d95 in func 401c90 with 36 insts
    I: 401d95 (imm 418bfc)
    I: 401d9c
    I: 401d9e (imm 418be8)
    I: 401da5
    I: 401da7
    I: 401da9
    I: 401daf
    I: 401db2
    I: 401db8
    I: 401dbb
    I: 401dbe
    I: 401dc1
    I: 401dc5
    I: 401dc8
    I: 401dcc
    I: 401dcf
    I: 401dd2
    I: 401dd5
    I: 401dd9
    I: 401ddb
    I: 401dde
    I: 401de0
    I: 401de2
    I: 401de5
    I: 401de8
    I: 401dec
    I: 401def
    I: 401df2
    I: 401df5
    I: 401df8
    I: 401dfb
    I: 401dfe
    I: 401e01
    I: 401e03
    I: 401e05
    I: 401e07 (flow 401e12)
      Successors: 401e12, 401e0d
  BB: 402492 in func 401c90 with 1 insts
    I: 402492 (flow 4023ba)
      Successors: 4023ba
  BB: 402497 in func 401c90 with 1 insts
    I: 402497
      No successors
  BB: 402318 in func 401c90 with 13 insts
    I: 402318
    I: 40231c (disp 4188c0)
    I: 402323
    I: 402327 (imm 40ec70)
    I: 402331
    I: 402338
    I: 40233b
    I: 40233f
    I: 402342
    I: 402344
    I: 402346
    I: 402348
    I: 40234c (disp 4188c0)
      Successors: 402353
  BB: 401e99 in func 401c90 with 1 insts
    I: 401e99 (flow 402454)
      Successors: 402454
  BB: 401f9c in func 401c90 with 1 insts
    I: 401f9c (flow 402468)
      Successors: 402468
  BB: 40209d in func 401c90 with 5 insts
    I: 40209d
    I: 4020a0
    I: 4020a5
    I: 4020a8
    I: 4020ad
      Successors: 4020b0
  BB: 401e9e in func 401c90 with 1 insts
    I: 401e9e (flow 401ea3)
      Successors: 401ea3
  BB: 40211e in func 401c90 with 1 insts
    I: 40211e (flow 402472)
      Successors: 402472
  BB: 401fa1 in func 401c90 with 3 insts
    I: 401fa1
    I: 401fa4
    I: 401fa6 (flow 401fb1)
      Successors: 401fb1, 401fac
  BB: 401ea3 in func 401c90 with 3 insts
    I: 401ea3
    I: 401eaa
    I: 401eb1
      Successors: 401eb8
  BB: 402123 in func 401c90 with 39 insts
    I: 402123
    I: 402127 (disp 418a50)
    I: 402132
    I: 402139 (imm 418bfc)
    I: 402140
    I: 402142 (imm 418be8)
    I: 402149
    I: 40214b
    I: 40214d
    I: 402153
    I: 402156
    I: 40215c
    I: 40215f
    I: 402162
    I: 402165
    I: 402169
    I: 40216c
    I: 402170
    I: 402173
    I: 402176
    I: 402179
    I: 40217d
    I: 40217f
    I: 402182
    I: 402184
    I: 402186
    I: 402189
    I: 40218c
    I: 402190
    I: 402193
    I: 402196
    I: 402199
    I: 40219c
    I: 40219f
    I: 4021a2
    I: 4021a5
    I: 4021a7
    I: 4021a9
    I: 4021ab (flow 4021b6)
      Successors: 4021b1, 4021b6
  BB: 402029 in func 401c90 with 1 insts
    I: 402029 (flow 40246d)
      Successors: 40246d
  BB: 401fac in func 401c90 with 1 insts
    I: 401fac (flow 402075)
      Successors: 402075
  BB: 40202e in func 401c90 with 20 insts
    I: 40202e (imm 418bfc)
    I: 402035
    I: 402037 (imm 418be8)
    I: 40203e
    I: 402040
    I: 402042
    I: 402045
    I: 402047
    I: 402049
    I: 40204c
    I: 40204f
    I: 402052
    I: 402055
    I: 402058
    I: 40205b
    I: 40205d
    I: 40205f
    I: 402061
    I: 402063
    I: 402065 (flow 402070)
      Successors: 402070, 40206b
  BB: 4020b0 in func 401c90 with 6 insts
    I: 4020b0
    I: 4020b3
    I: 4020b5
    I: 4020b8
    I: 4020ba
    I: 4020bd (flow 401eb8)
      Successors: 401eb8
  BB: 401fb1 in func 401c90 with 36 insts
    I: 401fb1 (imm 418bfc)
    I: 401fb8
    I: 401fba (imm 418be8)
    I: 401fc1
    I: 401fc3
    I: 401fc5
    I: 401fcb
    I: 401fce
    I: 401fd4
    I: 401fd7
    I: 401fda
    I: 401fdd
    I: 401fe1
    I: 401fe4
    I: 401fe8
    I: 401feb
    I: 401fee
    I: 401ff1
    I: 401ff5
    I: 401ff7
    I: 401ffa
    I: 401ffc
    I: 401ffe
    I: 402001
    I: 402004
    I: 402008
    I: 40200b
    I: 40200e
    I: 402011
    I: 402014
    I: 402017
    I: 40201a
    I: 40201d
    I: 40201f
    I: 402021
    I: 402023 (flow 40202e)
      Successors: 402029, 40202e
  BB: 4021b1 in func 401c90 with 1 insts
    I: 4021b1 (flow 402472)
      Successors: 402472
  BB: 402432 in func 401c90 with 1 insts
    I: 402432 (flow 402492)
      Successors: 402492
  BB: 401d34 in func 401c90 with 1 insts
    I: 401d34 (flow 40243c)
      Successors: 40243c
  BB: 4023b5 in func 401c90 with 1 insts
    I: 4023b5 (flow 402492)
      Successors: 402492
  BB: 4021b6 in func 401c90 with 1 insts
    I: 4021b6 (flow 4021bb)
      Successors: 4021bb
  BB: 402437 in func 401c90 with 1 insts
    I: 402437 (flow 401ea3)
      Successors: 401ea3
  BB: 401eb8 in func 401c90 with 3 insts
    I: 401eb8
    I: 401ebb (mem 4188b0)
    I: 401ec2 (flow 4020c2)
      Successors: 401ec8, 4020c2
  BB: 401d39 in func 401c90 with 29 insts
    I: 401d39
    I: 401d3c
    I: 401d3e
    I: 401d40
    I: 401d42
    I: 401d45
    I: 401d47
    I: 401d49
    I: 401d4b
    I: 401d4e (imm 418bfc)
    I: 401d55
    I: 401d57 (imm 418be8)
    I: 401d5e
    I: 401d60
    I: 401d62
    I: 401d65
    I: 401d67
    I: 401d69
    I: 401d6c
    I: 401d6f
    I: 401d72
    I: 401d75
    I: 401d78
    I: 401d7b
    I: 401d7d
    I: 401d7f
    I: 401d81
    I: 401d83
    I: 401d85 (flow 401d90)
      Successors: 401d90, 401d8b
  BB: 4023ba in func 401c90 with 36 insts
    I: 4023ba (imm 418bfc)
    I: 4023c1
    I: 4023c3 (imm 418be8)
    I: 4023ca
    I: 4023cc
    I: 4023ce
    I: 4023d4
    I: 4023d7
    I: 4023dd
    I: 4023e0
    I: 4023e3
    I: 4023e6
    I: 4023ea
    I: 4023ed
    I: 4023f1
    I: 4023f4
    I: 4023f7
    I: 4023fa
    I: 4023fe
    I: 402400
    I: 402403
    I: 402405
    I: 402407
    I: 40240a
    I: 40240d
    I: 402411
    I: 402414
    I: 402417
    I: 40241a
    I: 40241d
    I: 402420
    I: 402423
    I: 402426
    I: 402428
    I: 40242a
    I: 40242c (flow 402437)
      Successors: 402432, 402437
  BB: 4021bb in func 401c90 with 3 insts
    I: 4021bb
    I: 4021be (mem 4188b0)
    I: 4021c5 (flow 402370)
      Successors: 402370, 4021cb
  BB: 40243c in func 401c90 with 6 insts
    I: 40243c
    I: 40243f
    I: 402444
    I: 402447
    I: 40244c
    I: 40244f (flow 401d39)
      Successors: 401d39
  BB: 401cc1 in func 401c90 with 3 insts
    I: 401cc1
    I: 401cc4 (mem 4188b0)
    I: 401ccb (flow 401d95)
      Successors: 401cd1, 401d95
  BB: 4020c2 in func 401c90 with 2 insts
    I: 4020c2
    I: 4020c6 (flow 4020d9)
      Successors: 4020d9, 4020cc
  BB: 401ec8 in func 401c90 with 20 insts
    I: 401ec8 (imm 418bfc)
    I: 401ecf
    I: 401ed1 (imm 418be8)
    I: 401ed8
    I: 401eda
    I: 401edc
    I: 401ee2
    I: 401ee5
    I: 401eeb
    I: 401eee
    I: 401ef1
    I: 401ef4
    I: 401ef7
    I: 401efa
    I: 401efd
    I: 401eff
    I: 401f01
    I: 401f03
    I: 401f05
    I: 401f07 (flow 401f12)
      Successors: 401f12, 401f0d
  BB: 4021cb in func 401c90 with 7 insts
    I: 4021cb
    I: 4021cf (imm 40ec70)
    I: 4021d9
    I: 4021e0
    I: 4021e3
    I: 4021e7
    I: 4021eb (flow 4021f6)
      Successors: 4021f1, 4021f6
  BB: 4020cc in func 401c90 with 4 insts
    I: 4020cc
    I: 4020d0 (disp 4188c0)
    I: 4020d7
    I: 4020d8
      No successors
  BB: 401cd1 in func 401c90 with 24 insts
    I: 401cd1
    I: 401cd5 (disp 4188c0)
    I: 401ce0
    I: 401ce4 (disp 418a50)
    I: 401cef (imm 418bfc)
    I: 401cf6
    I: 401cf8 (imm 418be8)
    I: 401cff
    I: 401d01
    I: 401d03
    I: 401d09
    I: 401d0c
    I: 401d12
    I: 401d15
    I: 401d18
    I: 401d1b
    I: 401d1e
    I: 401d21
    I: 401d24
    I: 401d26
    I: 401d28
    I: 401d2a
    I: 401d2c
    I: 401d2e (flow 401d39)
      Successors: 401d39, 401d34
  BB: 402353 in func 401c90 with 1 insts
    I: 402353 (flow 402358)
      Successors: 402358
  BB: 402454 in func 401c90 with 3 insts
    I: 402454
    I: 402458 (disp 4188c0)
    I: 402463 (flow 401e12)
      Successors: 401e12
  BB: 402358 in func 401c90 with 6 insts
    I: 402358
    I: 40235b
    I: 402360
    I: 402363
    I: 402368
    I: 40236b (flow 4021bb)
      Successors: 4021bb
  BB: 4020d9 in func 401c90 with 20 insts
    I: 4020d9 (imm 418bfc)
    I: 4020e0
    I: 4020e2 (imm 418be8)
    I: 4020e9
    I: 4020eb
    I: 4020ed
    I: 4020f3
    I: 4020f6
    I: 4020fc
    I: 4020ff
    I: 402102
    I: 402105
    I: 402108
    I: 40210b
    I: 40210e
    I: 402110
    I: 402112
    I: 402114
    I: 402116
    I: 402118 (flow 402123)
      Successors: 402123, 40211e
  BB: 402468 in func 401c90 with 1 insts
    I: 402468 (flow 401f12)
      Successors: 401f12
  BB: 40206b in func 401c90 with 1 insts
    I: 40206b (flow 40246d)
      Successors: 40246d
  BB: 40246d in func 401c90 with 1 insts
    I: 40246d (flow 40202e)
      Successors: 40202e
  BB: 40226e in func 401c90 with 1 insts
    I: 40226e (flow 40248d)
      Successors: 40248d
  BB: 402070 in func 401c90 with 1 insts
    I: 402070 (flow 4020b0)
      Successors: 4020b0
  BB: 4021f1 in func 401c90 with 1 insts
    I: 4021f1 (flow 402358)
      Successors: 402358
  BB: 402370 in func 401c90 with 20 insts
    I: 402370 (imm 418bfc)
    I: 402377
    I: 402379 (imm 418be8)
    I: 402380
    I: 402382
    I: 402384
    I: 40238a
    I: 40238d
    I: 402393
    I: 402396
    I: 402399
    I: 40239c
    I: 40239f
    I: 4023a2
    I: 4023a5
    I: 4023a7
    I: 4023a9
    I: 4023ab
    I: 4023ad
    I: 4023af (flow 4023ba)
      Successors: 4023ba, 4023b5
  BB: 402273 in func 401c90 with 40 insts
    I: 402273
    I: 402277 (disp 4188c0)
    I: 40227e
    I: 402282 (disp 4188c0)
    I: 402289
    I: 40228d (imm 40ec70)
    I: 402297
    I: 40229e
    I: 4022a1
    I: 4022a5
    I: 4022a8
    I: 4022aa
    I: 4022ac
    I: 4022ae
    I: 4022b0
    I: 4022b2
    I: 4022b4
    I: 4022b6
    I: 4022b8
    I: 4022bb
    I: 4022be (imm 418bfc)
    I: 4022c5
    I: 4022c7 (imm 418be8)
    I: 4022ce
    I: 4022d0
    I: 4022d2
    I: 4022d8
    I: 4022db
    I: 4022e1
    I: 4022e4
    I: 4022e7
    I: 4022ea
    I: 4022ed
    I: 4022f0
    I: 4022f3
    I: 4022f5
    I: 4022f7
    I: 4022f9
    I: 4022fb
    I: 4022fd (flow 402308)
      Successors: 402308, 402303
  BB: 402472 in func 401c90 with 4 insts
    I: 402472
    I: 402476 (disp 418a50)
    I: 402481
    I: 402488 (flow 402123)
      Successors: 402123
  BB: 402075 in func 401c90 with 4 insts
    I: 402075
    I: 402078
    I: 40207c (disp 4188c0)
    I: 402083 (flow 40209d)
      Successors: 402089, 40209d
  BB: 4021f6 in func 401c90 with 36 insts
    I: 4021f6 (imm 418bfc)
    I: 4021fd
    I: 4021ff (imm 418be8)
    I: 402206
    I: 402208
    I: 40220a
    I: 402210
    I: 402213
    I: 402219
    I: 40221c
    I: 40221f
    I: 402222
    I: 402226
    I: 402229
    I: 40222d
    I: 402230
    I: 402233
    I: 402236
    I: 40223a
    I: 40223c
    I: 40223f
    I: 402241
    I: 402243
    I: 402246
    I: 402249
    I: 40224d
    I: 402250
    I: 402253
    I: 402256
    I: 402259
    I: 40225c
    I: 40225f
    I: 402262
    I: 402264
    I: 402266
    I: 402268 (flow 402273)
      Successors: 402273, 40226e
Recovering main at 4024a0
  Analysing subroutine main at 4024a0
    Block head at 00402c3a is not code.
  Subroutine main at 4024a0 has 53 blocks
  BB: 402c04 in func 4024a0 with 8 insts
    I: 402c04
    I: 402c08 (imm 403007)
    I: 402c12
    I: 402c16
    I: 402c1a
    I: 402c1e
    I: 402c20 (flow 418c10)
    I: 402c25 (flow 4029f9)
      Successors: 4029f9
  BB: 402911 in func 4024a0 with 1 insts
    I: 402911 (flow 402bff)
      Successors: 402bff
  BB: 402a91 in func 4024a0 with 20 insts
    I: 402a91 (imm 418bf4)
    I: 402a98
    I: 402a9a (imm 418c04)
    I: 402aa1
    I: 402aa3
    I: 402aa5
    I: 402aab
    I: 402aae
    I: 402ab4
    I: 402ab7
    I: 402aba
    I: 402abd
    I: 402ac0
    I: 402ac3
    I: 402ac6
    I: 402ac8
    I: 402aca
    I: 402acc
    I: 402ace
    I: 402ad0 (flow 402adb)
      Successors: 402adb, 402ad6
  BB: 402b95 in func 4024a0 with 1 insts
    I: 402b95 (flow 4024bb)
      Successors: 4024bb
  BB: 402916 in func 4024a0 with 24 insts
    I: 402916
    I: 402919
    I: 40291c
    I: 40291f
    I: 402922 (imm 418bf4)
    I: 402929
    I: 40292b (imm 418c04)
    I: 402932
    I: 402934
    I: 402936
    I: 40293c
    I: 40293f
    I: 402945
    I: 402948
    I: 40294b
    I: 40294e
    I: 402951
    I: 402954
    I: 402957
    I: 402959
    I: 40295b
    I: 40295d
    I: 40295f
    I: 402961 (flow 40296c)
      Successors: 40296c, 402967
  BB: 402698 in func 4024a0 with 1 insts
    I: 402698 (flow 402ba7)
      Successors: 402ba7
  BB: 402b9a in func 4024a0 with 4 insts
    I: 402b9a
    I: 402b9c
    I: 402ba0
    I: 402ba1
      No successors
  BB: 40269d in func 4024a0 with 1 insts
    I: 40269d (flow 4026a2)
      Successors: 4026a2
  BB: 4024a0 in func 4024a0 with 6 insts
    Referenced by data
    I: 4024a0
    I: 4024a1
    I: 4024a4
    I: 4024a8
    I: 4024af (mem 405020)
    I: 4024b7
      Successors: 4024bb
  BB: 4026a2 in func 4024a0 with 3 insts
    I: 4026a2
    I: 4026a5
    I: 4026a8 (flow 4027b5)
      Successors: 4027b5, 4026ae
  BB: 402ba2 in func 4024a0 with 1 insts
    I: 402ba2 (flow 40252c)
      Successors: 40252c
  BB: 402825 in func 4024a0 with 1 insts
    I: 402825 (flow 402bda)
      Successors: 402bda
  BB: 402527 in func 4024a0 with 1 insts
    I: 402527 (flow 402ba2)
      Successors: 402ba2
  BB: 402ba7 in func 4024a0 with 5 insts
    I: 402ba7 (flow 401140)
    I: 402bac
    I: 402baf (mem 4188b0)
    I: 402bb6
    I: 402bbd (flow 402645)
      Successors: 402645
  BB: 402729 in func 4024a0 with 1 insts
    I: 402729 (flow 402bc2)
      Successors: 402bc2
  BB: 40282a in func 4024a0 with 42 insts
    I: 40282a
    I: 40282e (imm 40300d)
    I: 402838
    I: 40283c
    I: 40283e (flow 418c10)
    I: 402843
    I: 40284a (imm 418bf4)
    I: 402851
    I: 402853 (imm 418c04)
    I: 40285a
    I: 40285c
    I: 40285e
    I: 402864
    I: 402867
    I: 40286d
    I: 402870
    I: 402873
    I: 402876
    I: 40287a
    I: 40287d
    I: 402881
    I: 402884
    I: 402887
    I: 40288a
    I: 40288e
    I: 402890
    I: 402893
    I: 402895
    I: 402897
    I: 40289a
    I: 40289d
    I: 4028a1
    I: 4028a4
    I: 4028a7
    I: 4028aa
    I: 4028ad
    I: 4028b0
    I: 4028b3
    I: 4028b6
    I: 4028b8
    I: 4028ba
    I: 4028bc (flow 4028c7)
      Successors: 4028c2, 4028c7
  BB: 4027ab in func 4024a0 with 1 insts
    I: 4027ab (flow 402bc2)
      Successors: 402bc2
  BB: 40252c in func 4024a0 with 39 insts
    I: 40252c
    I: 402530
    I: 402533
    I: 402536 (imm 418bf4)
    I: 40253d
    I: 40253f (imm 418c04)
    I: 402546
    I: 402548
    I: 40254a
    I: 402550
    I: 402553
    I: 402559
    I: 40255c
    I: 40255f
    I: 402562
    I: 402566
    I: 402569
    I: 40256d
    I: 402570
    I: 402573
    I: 402576
    I: 40257a
    I: 40257c
    I: 40257f
    I: 402581
    I: 402583
    I: 402586
    I: 402589
    I: 40258d
    I: 402590
    I: 402593
    I: 402596
    I: 402599
    I: 40259c
    I: 40259f
    I: 4025a2
    I: 4025a4
    I: 4025a6
    I: 4025a8 (flow 4025b3)
      Successors: 4025b3, 4025ae
  BB: 402c2a in func 4024a0 with 4 insts
    I: 402c2a
    I: 402c2d
    I: 402c30 (flow 401c90)
    I: 402c35 (flow 402adb)
      Successors: 402adb
  BB: 4025ae in func 4024a0 with 1 insts
    I: 4025ae (flow 402ba2)
      Successors: 402ba2
  BB: 4026ae in func 4024a0 with 33 insts
    I: 4026ae
    I: 4026b2 (imm 403004)
    I: 4026bc
    I: 4026c0
    I: 4026c4
    I: 4026c8
    I: 4026cc
    I: 4026ce (flow 418c10)
    I: 4026d3
    I: 4026d6
    I: 4026d9
    I: 4026dc
    I: 4026df (flow 4015c0)
    I: 4026e4 (imm 418bf4)
    I: 4026eb
    I: 4026ed (imm 418c04)
    I: 4026f4
    I: 4026f6
    I: 4026f8
    I: 4026fe
    I: 402701
    I: 402707
    I: 40270a
    I: 40270d
    I: 402710
    I: 402713
    I: 402716
    I: 402719
    I: 40271b
    I: 40271d
    I: 40271f
    I: 402721
    I: 402723 (flow 40272e)
      Successors: 402729, 40272e
  BB: 40272e in func 4024a0 with 41 insts
    I: 40272e
    I: 402731
    I: 402733
    I: 402736
    I: 402738
    I: 40273b (imm 418bf4)
    I: 402742
    I: 402744 (imm 418c04)
    I: 40274b
    I: 40274d
    I: 40274f
    I: 402752
    I: 402754
    I: 402756
    I: 402759
    I: 40275c
    I: 40275f
    I: 402763
    I: 402766
    I: 40276a
    I: 40276d
    I: 402770
    I: 402773
    I: 402777
    I: 402779
    I: 40277c
    I: 40277e
    I: 402780
    I: 402783
    I: 402786
    I: 40278a
    I: 40278d
    I: 402790
    I: 402793
    I: 402796
    I: 402799
    I: 40279c
    I: 40279f
    I: 4027a1
    I: 4027a3
    I: 4027a5 (flow 4027b0)
      Successors: 4027b0, 4027ab
  BB: 4027b0 in func 4024a0 with 1 insts
    I: 4027b0 (flow 4026a2)
      Successors: 4026a2
  BB: 4029f9 in func 4024a0 with 30 insts
    I: 4029f9
    I: 4029fd (imm 403007)
    I: 402a07
    I: 402a0b
    I: 402a0f
    I: 402a13
    I: 402a15 (flow 418c10)
    I: 402a1a
    I: 402a1e
    I: 402a21
    I: 402a24 (imm 418bf4)
    I: 402a2b
    I: 402a2d (imm 418c04)
    I: 402a34
    I: 402a36
    I: 402a38
    I: 402a3e
    I: 402a41
    I: 402a47
    I: 402a4a
    I: 402a4d
    I: 402a50
    I: 402a53
    I: 402a56
    I: 402a59
    I: 402a5b
    I: 402a5d
    I: 402a5f
    I: 402a61
    I: 402a63 (flow 402a6e)
      Successors: 402a69, 402a6e
  BB: 4025b3 in func 4024a0 with 3 insts
    I: 4025b3
    I: 4025b6
    I: 4025b8 (flow 4025c3)
      Successors: 4025c3, 4025be
  BB: 4027b5 in func 4024a0 with 36 insts
    I: 4027b5 (imm 418bf4)
    I: 4027bc
    I: 4027be (imm 418c04)
    I: 4027c5
    I: 4027c7
    I: 4027c9
    I: 4027cc
    I: 4027ce
    I: 4027d0
    I: 4027d3
    I: 4027d6
    I: 4027d9
    I: 4027dd
    I: 4027e0
    I: 4027e4
    I: 4027e7
    I: 4027ea
    I: 4027ed
    I: 4027f1
    I: 4027f3
    I: 4027f6
    I: 4027f8
    I: 4027fa
    I: 4027fd
    I: 402800
    I: 402804
    I: 402807
    I: 40280a
    I: 40280d
    I: 402810
    I: 402813
    I: 402816
    I: 402819
    I: 40281b
    I: 40281d
    I: 40281f (flow 40282a)
      Successors: 40282a, 402825
  BB: 4024bb in func 4024a0 with 8 insts
    I: 4024bb
    I: 4024bf (imm 40300a)
    I: 4024c9
    I: 4024cd
    I: 4024d1
    I: 4024d3 (flow 418c10)
    I: 4024d8
    I: 4024dc (flow 4025c8)
      Successors: 4025c8, 4024e2
  BB: 4025be in func 4024a0 with 1 insts
    I: 4025be (flow 4025c8)
      Successors: 4025c8
  BB: 402640 in func 4024a0 with 1 insts
    I: 402640 (flow 402ba7)
      Successors: 402ba7
  BB: 4028c2 in func 4024a0 with 1 insts
    I: 4028c2 (flow 402bda)
      Successors: 402bda
  BB: 4025c3 in func 4024a0 with 1 insts
    I: 4025c3 (flow 402b9a)
      Successors: 402b9a
  BB: 402bc2 in func 4024a0 with 6 insts
    I: 402bc2
    I: 402bc5
    I: 402bca
    I: 402bcd
    I: 402bd2
    I: 402bd5 (flow 40272e)
      Successors: 40272e
  BB: 402645 in func 4024a0 with 24 insts
    I: 402645 (flow 401140)
    I: 40264a
    I: 40264d (mem 4188b0)
    I: 402654
    I: 40265b (imm 418bf4)
    I: 402662
    I: 402664 (imm 418c04)
    I: 40266b
    I: 40266d
    I: 40266f
    I: 402672
    I: 402674
    I: 402676
    I: 402679
    I: 40267c
    I: 40267f
    I: 402682
    I: 402685
    I: 402688
    I: 40268a
    I: 40268c
    I: 40268e
    I: 402690
    I: 402692 (flow 40269d)
      Successors: 402698, 40269d
  BB: 4028c7 in func 4024a0 with 1 insts
    I: 4028c7 (flow 4028cc)
      Successors: 4028cc
  BB: 4025c8 in func 4024a0 with 36 insts
    I: 4025c8 (imm 418bf4)
    I: 4025cf
    I: 4025d1 (imm 418c04)
    I: 4025d8
    I: 4025da
    I: 4025dc
    I: 4025e2
    I: 4025e5
    I: 4025eb
    I: 4025ee
    I: 4025f1
    I: 4025f4
    I: 4025f8
    I: 4025fb
    I: 4025ff
    I: 402602
    I: 402605
    I: 402608
    I: 40260c
    I: 40260e
    I: 402611
    I: 402613
    I: 402615
    I: 402618
    I: 40261b
    I: 40261f
    I: 402622
    I: 402625
    I: 402628
    I: 40262b
    I: 40262e
    I: 402631
    I: 402634
    I: 402636
    I: 402638
    I: 40263a (flow 402645)
      Successors: 402640, 402645
  BB: 4028cc in func 4024a0 with 20 insts
    I: 4028cc (imm 418bf4)
    I: 4028d3
    I: 4028d5 (imm 418c04)
    I: 4028dc
    I: 4028de
    I: 4028e0
    I: 4028e6
    I: 4028e9
    I: 4028ef
    I: 4028f2
    I: 4028f5
    I: 4028f8
    I: 4028fb
    I: 4028fe
    I: 402901
    I: 402903
    I: 402905
    I: 402907
    I: 402909
    I: 40290b (flow 402916)
      Successors: 402911, 402916
  BB: 402ad6 in func 4024a0 with 1 insts
    I: 402ad6 (flow 402c2a)
      Successors: 402c2a
  BB: 402b59 in func 4024a0 with 1 insts
    I: 402b59 (flow 402c2a)
      Successors: 402c2a
  BB: 402bda in func 4024a0 with 7 insts
    I: 402bda
    I: 402bde (imm 40300d)
    I: 402be8
    I: 402bec
    I: 402bee (flow 418c10)
    I: 402bf3
    I: 402bfa (flow 40282a)
      Successors: 40282a
  BB: 402adb in func 4024a0 with 40 insts
    I: 402adb
    I: 402ade
    I: 402ae1 (flow 401c90)
    I: 402ae6
    I: 402ae9 (imm 418bf4)
    I: 402af0
    I: 402af2 (imm 418c04)
    I: 402af9
    I: 402afb
    I: 402afd
    I: 402b00
    I: 402b02
    I: 402b04
    I: 402b07
    I: 402b0a
    I: 402b0d
    I: 402b11
    I: 402b14
    I: 402b18
    I: 402b1b
    I: 402b1e
    I: 402b21
    I: 402b25
    I: 402b27
    I: 402b2a
    I: 402b2c
    I: 402b2e
    I: 402b31
    I: 402b34
    I: 402b38
    I: 402b3b
    I: 402b3e
    I: 402b41
    I: 402b44
    I: 402b47
    I: 402b4a
    I: 402b4d
    I: 402b4f
    I: 402b51
    I: 402b53 (flow 402b5e)
      Successors: 402b59, 402b5e
  BB: 402b5e in func 4024a0 with 3 insts
    I: 402b5e
    I: 402b61
    I: 402b64 (flow 402b69)
      Successors: 402b69
  BB: 4024e2 in func 4024a0 with 20 insts
    I: 4024e2 (imm 418bf4)
    I: 4024e9
    I: 4024eb (imm 418c04)
    I: 4024f2
    I: 4024f4
    I: 4024f6
    I: 4024fc
    I: 4024ff
    I: 402505
    I: 402508
    I: 40250b
    I: 40250e
    I: 402511
    I: 402514
    I: 402517
    I: 402519
    I: 40251b
    I: 40251d
    I: 40251f
    I: 402521 (flow 40252c)
      Successors: 40252c, 402527
  BB: 402967 in func 4024a0 with 1 insts
    I: 402967 (flow 402bff)
      Successors: 402bff
  BB: 402a69 in func 4024a0 with 1 insts
    I: 402a69 (flow 402c04)
      Successors: 402c04
  BB: 402b69 in func 4024a0 with 10 insts
    I: 402b69
    I: 402b6c (imm 40300d)
    I: 402b76
    I: 402b78 (flow 418c18)
    I: 402b7d
    I: 402b80
    I: 402b85
    I: 402b88
    I: 402b8d
    I: 402b90 (flow 4028cc)
      Successors: 4028cc
  BB: 40296c in func 4024a0 with 3 insts
    I: 40296c
    I: 40296f
    I: 402971 (flow 40297c)
      Successors: 40297c, 402977
  BB: 402a6e in func 4024a0 with 3 insts
    I: 402a6e
    I: 402a71
    I: 402a73 (flow 402a7e)
      Successors: 402a79, 402a7e
  BB: 4029f4 in func 4024a0 with 1 insts
    I: 4029f4 (flow 402c04)
      Successors: 402c04
  BB: 402977 in func 4024a0 with 1 insts
    I: 402977 (flow 402b95)
      Successors: 402b95
  BB: 402a79 in func 4024a0 with 1 insts
    I: 402a79 (flow 402a91)
      Successors: 402a91
  BB: 40297c in func 4024a0 with 36 insts
    I: 40297c (imm 418bf4)
    I: 402983
    I: 402985 (imm 418c04)
    I: 40298c
    I: 40298e
    I: 402990
    I: 402996
    I: 402999
    I: 40299f
    I: 4029a2
    I: 4029a5
    I: 4029a8
    I: 4029ac
    I: 4029af
    I: 4029b3
    I: 4029b6
    I: 4029b9
    I: 4029bc
    I: 4029c0
    I: 4029c2
    I: 4029c5
    I: 4029c7
    I: 4029c9
    I: 4029cc
    I: 4029cf
    I: 4029d3
    I: 4029d6
    I: 4029d9
    I: 4029dc
    I: 4029df
    I: 4029e2
    I: 4029e5
    I: 4029e8
    I: 4029ea
    I: 4029ec
    I: 4029ee (flow 4029f9)
      Successors: 4029f9, 4029f4
  BB: 402a7e in func 4024a0 with 5 insts
    I: 402a7e
    I: 402a81
    I: 402a84 (flow 401680)
    I: 402a89
    I: 402a8c (flow 402b69)
      Successors: 402b69
  BB: 402bff in func 4024a0 with 1 insts
    I: 402bff (flow 402916)
      Successors: 402916
Recovering .term_proc at 402c3c
  Analysing subroutine .term_proc at 402c3c
    Block head at 00402c49 is not code.
  Subroutine .term_proc at 402c3c has 1 blocks
  BB: 402c3c in func 402c3c with 4 insts
    I: 402c3c
    I: 402c40
    I: 402c44
    I: 402c48
      No successors
Global Variable None
WARNING: Global constructor and destructor sections are adjacent!
Recovering region LOAD [400000, 400528) in segment LOAD
  8-byte reference at 400018 to 401050 (start)
  8-byte reference at 4000f8 to 401000 (.init_proc)
  8-byte reference at 400130 to 403000 ()
  8-byte reference at 400168 to 404de8 ()
  8-byte reference at 400280 to 403014 ()
  8-byte reference at 4002f0 to 404de8 ()
Recovering region .init [401000, 40101b) in segment .init
Recovering region LOAD [40101b, 401020) in segment LOAD
Recovering region .plt [401020, 401050) in segment .plt
Recovering region .text [401050, 402c3a) in segment .text
Recovering region LOAD [402c3a, 402c3c) in segment LOAD
Recovering region .fini [402c3c, 402c49) in segment .fini
Recovering region .rodata [403000, 403011) in segment .rodata
  Variable aDDDD at 403004
Recovering region LOAD [403011, 403014) in segment LOAD
Recovering region .eh_frame_hdr [403014, 403060) in segment .eh_frame_hdr
Recovering region .eh_frame [403060, 40317c) in segment .eh_frame
Recovering region LOAD [40317c, 4031c0) in segment LOAD
Recovering region .init_array [404de8, 404df8) in segment .init_array
  8-byte reference at 404de8 to 401130 ()
  8-byte reference at 404df0 to 401100 ()
Recovering region LOAD [404df8, 404fd8) in segment LOAD
Recovering region .got [404fd8, 404fe8) in segment .got
  8-byte reference at 404fd8 to 418c08 (__libc_start_main)
  8-byte reference at 404fe0 to 418c20 (__gmon_start__)
Recovering region .got.plt [404fe8, 405010) in segment .got.plt
  8-byte reference at 405000 to 418c10 (__isoc99_fscanf)
  8-byte reference at 405008 to 418c18 (printf)
Recovering region .data [405010, 405020) in segment .data
Recovering region .bss [405020, 418c08) in segment .bss
Recovering extern function __isoc99_fscanf at 401030
Recovering extern function printf at 401040
Recovering extern function __libc_start_main at 418c08
Recovering extern function __isoc99_fscanf at 418c10
Recovering extern function printf at 418c18
Recovering extern function __gmon_start__ at 418c20
Recovering extern variable stdin at 405020 [size: 8]
Recovered 12 functions.
Saving to: /home/ubuntu/capstone_project/result/pipeline_20260629_141746/s958104051_bcf_instsub.cfg
Done analysis!
