Debugging is enabled.
Loading Standard Definitions file: /home/ubuntu/capstone_project/dependency/mcsema/mcsema/lib/python3/site-packages/mcsema_disass-3.1.3.8-py3.8.egg/mcsema_disass/defs/linux.txt
Using Batch mode.
Starting analysis
Recovering module s958104051_fla_bcf.elf
Found main at 402af0
Looking for instructions in segment .init
  Default block heads for function 401000 with loose bounds [401000, 40101b)
    block [401000, 401014)
    block [401014, 401016)
    block [401016, 40101b)
    chunk [401000, 40101b)
Looking for instructions in segment .plt
  Default block heads for function 401020 with loose bounds [401020, 40102c)
    block [401020, 40102c)
    chunk [401020, 40102c)
  Default block heads for function 401030 with loose bounds [401030, 401036)
    block [401030, 401036)
    chunk [401030, 401036)
  Default block heads for function 401040 with loose bounds [401040, 401046)
    block [401040, 401046)
    chunk [401040, 401046)
Looking for instructions in segment .text
  Default block heads for function 401050 with loose bounds [401050, 401076)
    block [401050, 401076)
    chunk [401050, 401076)
  Default block heads for function 401090 with loose bounds [401090, 4010b1)
    block [401090, 40109d)
    block [40109d, 4010a7)
    block [4010a7, 4010ae)
    block [4010b0, 4010b1)
    chunk [401090, 4010b1)
  Default block heads for function 401100 with loose bounds [401100, 401121)
    block [401100, 40110d)
    block [40110d, 40111f)
    block [401120, 401121)
    chunk [401100, 401121)
  Default block heads for function 401130 with loose bounds [401130, 401136)
    block [401130, 401136)
    chunk [401130, 401136)
    chunk [4010c0, 4010f1)
  Default block heads for function 401140 with loose bounds [401140, 401393)
    block [401140, 401152)
    block [401152, 401163)
    block [401163, 401168)
    block [401168, 401176)
    block [401176, 40117b)
    block [40117b, 401189)
    block [401189, 40118e)
    block [40118e, 40119c)
    block [40119c, 4011a1)
    block [4011a1, 4011af)
    block [4011af, 4011b4)
    block [4011b4, 4011c2)
    block [4011c2, 4011c7)
    block [4011c7, 4011d5)
    block [4011d5, 4011da)
    block [4011da, 4011e8)
    block [4011e8, 4011ed)
    block [4011ed, 4011fb)
    block [4011fb, 401200)
    block [401200, 40120e)
    block [40120e, 401213)
    block [401213, 401221)
    block [401221, 401226)
    block [401226, 40122b)
    block [40122b, 401244)
    block [401244, 401287)
    block [401287, 4012d1)
    block [4012d1, 4012dd)
    block [4012dd, 4012f6)
    block [4012f6, 401348)
    block [401348, 40135d)
    block [40135d, 401369)
    block [401369, 40137e)
    block [40137e, 401380)
    block [401380, 40138e)
    block [40138e, 401393)
    chunk [401140, 401393)
  Default block heads for function 4013a0 with loose bounds [4013a0, 401446)
    block [4013a0, 401446)
    chunk [4013a0, 401446)
  Default block heads for function 401450 with loose bounds [401450, 401fca)
    block [401450, 40147a)
    block [40147a, 40148b)
    block [40148b, 401490)
    block [401490, 40149e)
    block [40149e, 4014a3)
    block [4014a3, 4014b1)
    block [4014b1, 4014b6)
    block [4014b6, 4014c4)
    block [4014c4, 4014c9)
    block [4014c9, 4014d7)
    block [4014d7, 4014dc)
    block [4014dc, 4014ea)
    block [4014ea, 4014ef)
    block [4014ef, 4014fd)
    block [4014fd, 401502)
    block [401502, 401510)
    block [401510, 401515)
    block [401515, 401523)
    block [401523, 401528)
    block [401528, 401536)
    block [401536, 40153b)
    block [40153b, 401549)
    block [401549, 40154e)
    block [40154e, 40155c)
    block [40155c, 401561)
    block [401561, 40156f)
    block [40156f, 401574)
    block [401574, 401582)
    block [401582, 401587)
    block [401587, 401595)
    block [401595, 40159a)
    block [40159a, 4015a8)
    block [4015a8, 4015ad)
    block [4015ad, 4015bb)
    block [4015bb, 4015c0)
    block [4015c0, 4015ce)
    block [4015ce, 4015d3)
    block [4015d3, 4015e1)
    block [4015e1, 4015e6)
    block [4015e6, 4015f4)
    block [4015f4, 4015f9)
    block [4015f9, 401607)
    block [401607, 40160c)
    block [40160c, 40161a)
    block [40161a, 40161f)
    block [40161f, 40162d)
    block [40162d, 401632)
    block [401632, 401640)
    block [401640, 401645)
    block [401645, 401653)
    block [401653, 401658)
    block [401658, 401666)
    block [401666, 40166b)
    block [40166b, 401679)
    block [401679, 40167e)
    block [40167e, 40168c)
    block [40168c, 401691)
    block [401691, 40169f)
    block [40169f, 4016a4)
    block [4016a4, 4016b2)
    block [4016b2, 4016b7)
    block [4016b7, 4016c5)
    block [4016c5, 4016ca)
    block [4016ca, 4016d8)
    block [4016d8, 4016dd)
    block [4016dd, 4016eb)
    block [4016eb, 4016f0)
    block [4016f0, 4016fe)
    block [4016fe, 401703)
    block [401703, 401711)
    block [401711, 401716)
    block [401716, 401724)
    block [401724, 401729)
    block [401729, 401737)
    block [401737, 40173c)
    block [40173c, 40174a)
    block [40174a, 40174f)
    block [40174f, 40175d)
    block [40175d, 401762)
    block [401762, 401770)
    block [401770, 401775)
    block [401775, 401783)
    block [401783, 401788)
    block [401788, 401796)
    block [401796, 40179b)
    block [40179b, 4017a9)
    block [4017a9, 4017ae)
    block [4017ae, 4017bc)
    block [4017bc, 4017c1)
    block [4017c1, 4017cf)
    block [4017cf, 4017d4)
    block [4017d4, 4017e2)
    block [4017e2, 4017e7)
    block [4017e7, 4017f5)
    block [4017f5, 4017fa)
    block [4017fa, 4017ff)
    block [4017ff, 40181e)
    block [40181e, 401848)
    block [401848, 40188b)
    block [40188b, 4018d7)
    block [4018d7, 4018e3)
    block [4018e3, 4018fe)
    block [4018fe, 401941)
    block [401941, 401999)
    block [401999, 4019a5)
    block [4019a5, 4019c4)
    block [4019c4, 4019e5)
    block [4019e5, 4019f1)
    block [4019f1, 401a34)
    block [401a34, 401a8d)
    block [401a8d, 401aa8)
    block [401aa8, 401ac8)
    block [401ac8, 401add)
    block [401add, 401af2)
    block [401af2, 401b35)
    block [401b35, 401b84)
    block [401b84, 401b9f)
    block [401b9f, 401bac)
    block [401bac, 401bce)
    block [401bce, 401bed)
    block [401bed, 401c30)
    block [401c30, 401c9b)
    block [401c9b, 401cb6)
    block [401cb6, 401cc2)
    block [401cc2, 401d0e)
    block [401d0e, 401d51)
    block [401d51, 401dc9)
    block [401dc9, 401dd5)
    block [401dd5, 401e18)
    block [401e18, 401e5b)
    block [401e5b, 401e67)
    block [401e67, 401eaa)
    block [401eaa, 401ef6)
    block [401ef6, 401f02)
    block [401f02, 401f0e)
    block [401f0e, 401f23)
    block [401f23, 401f44)
    block [401f44, 401f50)
    block [401f50, 401f5c)
    block [401f5c, 401f68)
    block [401f68, 401fa9)
    block [401fa9, 401fb5)
    block [401fb5, 401fc5)
    block [401fc5, 401fca)
    chunk [401450, 401fca)
  Default block heads for function 401fd0 with loose bounds [401fd0, 402aed)
    block [401fd0, 402019)
    block [402019, 40202a)
    block [40202a, 40202f)
    block [40202f, 40203d)
    block [40203d, 402042)
    block [402042, 402050)
    block [402050, 402055)
    block [402055, 402063)
    block [402063, 402068)
    block [402068, 402076)
    block [402076, 40207b)
    block [40207b, 402089)
    block [402089, 40208e)
    block [40208e, 40209c)
    block [40209c, 4020a1)
    block [4020a1, 4020af)
    block [4020af, 4020b4)
    block [4020b4, 4020c2)
    block [4020c2, 4020c7)
    block [4020c7, 4020d5)
    block [4020d5, 4020da)
    block [4020da, 4020e8)
    block [4020e8, 4020ed)
    block [4020ed, 4020fb)
    block [4020fb, 402100)
    block [402100, 40210e)
    block [40210e, 402113)
    block [402113, 402121)
    block [402121, 402126)
    block [402126, 402134)
    block [402134, 402139)
    block [402139, 402147)
    block [402147, 40214c)
    block [40214c, 40215a)
    block [40215a, 40215f)
    block [40215f, 40216d)
    block [40216d, 402172)
    block [402172, 402180)
    block [402180, 402185)
    block [402185, 402193)
    block [402193, 402198)
    block [402198, 4021a6)
    block [4021a6, 4021ab)
    block [4021ab, 4021b9)
    block [4021b9, 4021be)
    block [4021be, 4021cc)
    block [4021cc, 4021d1)
    block [4021d1, 4021df)
    block [4021df, 4021e4)
    block [4021e4, 4021f2)
    block [4021f2, 4021f7)
    block [4021f7, 402205)
    block [402205, 40220a)
    block [40220a, 402218)
    block [402218, 40221d)
    block [40221d, 40222b)
    block [40222b, 402230)
    block [402230, 40223e)
    block [40223e, 402243)
    block [402243, 402251)
    block [402251, 402256)
    block [402256, 402264)
    block [402264, 402269)
    block [402269, 402277)
    block [402277, 40227c)
    block [40227c, 40228a)
    block [40228a, 40228f)
    block [40228f, 40229d)
    block [40229d, 4022a2)
    block [4022a2, 4022b0)
    block [4022b0, 4022b5)
    block [4022b5, 4022c3)
    block [4022c3, 4022c8)
    block [4022c8, 4022d6)
    block [4022d6, 4022db)
    block [4022db, 4022e9)
    block [4022e9, 4022ee)
    block [4022ee, 4022fc)
    block [4022fc, 402301)
    block [402301, 40230f)
    block [40230f, 402314)
    block [402314, 402322)
    block [402322, 402327)
    block [402327, 402335)
    block [402335, 40233a)
    block [40233a, 40233f)
    block [40233f, 40235f)
    block [40235f, 402434)
    block [402434, 402440)
    block [402440, 402462)
    block [402462, 402492)
    block [402492, 4024ad)
    block [4024ad, 4024cb)
    block [4024cb, 4024f5)
    block [4024f5, 402538)
    block [402538, 402590)
    block [402590, 4025ab)
    block [4025ab, 4025ee)
    block [4025ee, 402648)
    block [402648, 402663)
    block [402663, 40266f)
    block [40266f, 402698)
    block [402698, 4026c4)
    block [4026c4, 4026df)
    block [4026df, 4026fa)
    block [4026fa, 402716)
    block [402716, 402729)
    block [402729, 402751)
    block [402751, 402773)
    block [402773, 4027b6)
    block [4027b6, 402827)
    block [402827, 402842)
    block [402842, 40284e)
    block [40284e, 4028a6)
    block [4028a6, 4028f3)
    block [4028f3, 4028ff)
    block [4028ff, 402942)
    block [402942, 402994)
    block [402994, 4029a0)
    block [4029a0, 4029e3)
    block [4029e3, 402a26)
    block [402a26, 402a32)
    block [402a32, 402a92)
    block [402a92, 402aa2)
    block [402aa2, 402ab2)
    block [402ab2, 402ac6)
    block [402ac6, 402ae1)
    block [402ae1, 402ae8)
    block [402ae8, 402aed)
    chunk [401fd0, 402aed)
  Default block heads for function 402af0 with loose bounds [402af0, 4034da)
    block [402af0, 402b36)
    block [402b36, 402b47)
    block [402b47, 402b4c)
    block [402b4c, 402b5a)
    block [402b5a, 402b5f)
    block [402b5f, 402b6d)
    block [402b6d, 402b72)
    block [402b72, 402b80)
    block [402b80, 402b85)
    block [402b85, 402b93)
    block [402b93, 402b98)
    block [402b98, 402ba6)
    block [402ba6, 402bab)
    block [402bab, 402bb9)
    block [402bb9, 402bbe)
    block [402bbe, 402bcc)
    block [402bcc, 402bd1)
    block [402bd1, 402bdf)
    block [402bdf, 402be4)
    block [402be4, 402bf2)
    block [402bf2, 402bf7)
    block [402bf7, 402c05)
    block [402c05, 402c0a)
    block [402c0a, 402c18)
    block [402c18, 402c1d)
    block [402c1d, 402c2b)
    block [402c2b, 402c30)
    block [402c30, 402c3e)
    block [402c3e, 402c43)
    block [402c43, 402c51)
    block [402c51, 402c56)
    block [402c56, 402c64)
    block [402c64, 402c69)
    block [402c69, 402c77)
    block [402c77, 402c7c)
    block [402c7c, 402c8a)
    block [402c8a, 402c8f)
    block [402c8f, 402c9d)
    block [402c9d, 402ca2)
    block [402ca2, 402cb0)
    block [402cb0, 402cb5)
    block [402cb5, 402cc3)
    block [402cc3, 402cc8)
    block [402cc8, 402cd6)
    block [402cd6, 402cdb)
    block [402cdb, 402ce9)
    block [402ce9, 402cee)
    block [402cee, 402cfc)
    block [402cfc, 402d01)
    block [402d01, 402d0f)
    block [402d0f, 402d14)
    block [402d14, 402d22)
    block [402d22, 402d27)
    block [402d27, 402d35)
    block [402d35, 402d3a)
    block [402d3a, 402d48)
    block [402d48, 402d4d)
    block [402d4d, 402d5b)
    block [402d5b, 402d60)
    block [402d60, 402d6e)
    block [402d6e, 402d73)
    block [402d73, 402d81)
    block [402d81, 402d86)
    block [402d86, 402d94)
    block [402d94, 402d99)
    block [402d99, 402da7)
    block [402da7, 402dac)
    block [402dac, 402dba)
    block [402dba, 402dbf)
    block [402dbf, 402dcd)
    block [402dcd, 402dd2)
    block [402dd2, 402dd7)
    block [402dd7, 402df7)
    block [402df7, 402f01)
    block [402f01, 402f0d)
    block [402f0d, 402f49)
    block [402f49, 402f65)
    block [402f65, 402f71)
    block [402f71, 402f99)
    block [402f99, 402fdc)
    block [402fdc, 403033)
    block [403033, 40304e)
    block [40304e, 403091)
    block [403091, 403119)
    block [403119, 403125)
    block [403125, 403140)
    block [403140, 403172)
    block [403172, 4031b5)
    block [4031b5, 40320c)
    block [40320c, 403227)
    block [403227, 403267)
    block [403267, 4032aa)
    block [4032aa, 403301)
    block [403301, 403313)
    block [403313, 403333)
    block [403333, 403353)
    block [403353, 40336e)
    block [40336e, 40337a)
    block [40337a, 4033bd)
    block [4033bd, 403400)
    block [403400, 403407)
    block [403407, 403438)
    block [403438, 40344c)
    block [40344c, 40349d)
    block [40349d, 4034b1)
    block [4034b1, 4034ce)
    block [4034ce, 4034d5)
    block [4034d5, 4034da)
    chunk [402af0, 4034da)
Looking for instructions in segment .fini
  Default block heads for function 4034dc with loose bounds [4034dc, 4034e9)
    block [4034dc, 4034e9)
    chunk [4034dc, 4034e9)
Looking for strings in segment .rodata [404000, 404011)
  Found string b'%d %d %d %d\n' of length 13 at 404004, jumping to 404011
Looking for strings in segment .eh_frame_hdr [404014, 404060)
Looking for strings in segment .eh_frame [404060, 40417c)
Looking for strings in segment .init_array [405de8, 405df0)
Looking for strings in segment .fini_array [405df0, 405df8)
Looking for strings in segment .got [405fd8, 405fe8)
Looking for strings in segment .got.plt [405fe8, 406010)
Looking for strings in segment .data [406010, 406020)
Looking for strings in segment .bss [406020, 419c08)
Looking for strings in segment extern [419c08, 419c28)
Looking for cross-references in segment .init [401000, 40101b)
Looking for cross-references in segment .plt [401020, 401050)
  Stopping scan at 40102c
Looking for cross-references in segment .text [401050, 4034da)
  Stopping scan at 40107c
  Stopping scan at 40108c
  Stopping scan at ffffffffffffffff
  Stopping scan at 4010bc
  Stopping scan at 4010fc
  Stopping scan at ffffffffffffffff
  Stopping scan at 40112c
  Stopping scan at 40113c
  Stopping scan at 40139c
  Stopping scan at 40144c
  Stopping scan at 401fcc
  Stopping scan at ffffffffffffffff
Looking for cross-references in segment .fini [4034dc, 4034e9)
Looking for cross-references in segment .rodata [404000, 404011)
  Found string at 404004, jumping to 404011
  Stopping scan at 404004
Looking for cross-references in segment .eh_frame_hdr [404014, 404060)
  Stopping scan at 40405c
Looking for cross-references in segment .eh_frame [404060, 40417c)
  Stopping scan at 404178
Looking for cross-references in segment .init_array [405de8, 405df0)
  Adding qword reference from 405de8 to 401130
  Stopping scan at 405de8
Looking for cross-references in segment .fini_array [405df0, 405df8)
  Adding qword reference from 405df0 to 401100
  Stopping scan at 405df0
Looking for cross-references in segment .got [405fd8, 405fe8)
  Adding qword reference from 405fd8 to 419c08
  Adding qword reference from 405fe0 to 419c20
  Stopping scan at 405fe0
Looking for cross-references in segment .got.plt [405fe8, 406010)
  Adding qword reference from 406000 to 419c10
  Adding qword reference from 406008 to 419c18
  Stopping scan at 406008
Looking for cross-references in segment .data [406010, 406020)
  Stopping scan at 40601c
Looking for cross-references in segment .bss [406020, 419c08)
  Stopping scan at 419c04
Looking for cross-references in segment extern [419c08, 419c28)
  Stopping scan at 419c24
Looking for thunks
  Found thunk for __isoc99_fscanf targeting 419c10 at 401030
  Found thunk for printf targeting 419c18 at 401040
Looking for external symbols
  Function at 401030 is the external function __isoc99_fscanf
  Function at 401040 is the external function printf
  Variable at 406020 is the external stdin
  Function at 419c08 is the external function __libc_start_main
  Function at 419c10 is the external function __isoc99_fscanf
  Function at 419c18 is the external function printf
  Function at 419c20 is the external function __gmon_start__
Looking for entrypoints
Recovering .init_proc at 401000
  Analysing subroutine .init_proc at 401000
    Block head at 0040101b is not code.
  Subroutine .init_proc at 401000 has 3 blocks
  BB: 401000 in func 401000 with 5 insts
    Referenced by data
    I: 401000
    I: 401004
    I: 401008 (mem 405fe0)
    I: 40100f
    I: 401012 (flow 401016)
      Successors: 401014, 401016
  BB: 401014 in func 401000 with 1 insts
    I: 401014
      Successors: 401016
  BB: 401016 in func 401000 with 2 insts
    I: 401016
    I: 40101a
      No successors
Recovering 401020
  Analysing subroutine sub_401020 at 401020
  WARNING: No table entries for indirect jump at 401026; Adding next_ea 40102c as successor.
  Subroutine sub_401020 at 401020 has 2 blocks
  WARNING: No table entries for indirect jump at 401026; Adding next_ea 40102c as successor.
  BB: 401020 in func 401020 with 2 insts
    I: 401020 (mem 405ff0)
    I: 401026 (mem 405ff8)
      Successors: 40102c
  BB: 40102c in func 401020 with 1 insts
    I: 40102c
      No successors
Recovering start at 401050
  Analysing subroutine start at 401050
  Subroutine start at 401050 has 3 blocks
  BB: 401050 in func 401050 with 13 insts
    Referenced by data
    I: 401050
    I: 401054
    I: 401056
    I: 401059
    I: 40105a
    I: 40105d
    I: 401061
    I: 401062
    I: 401063
    I: 401066
    I: 401068 (imm 402af0)
    I: 40106f (mem 405fd8)
    I: 401075
      No successors
  BB: 401085 in func 401050 with 2 insts
    I: 401085
    I: 40108f
      No successors
  BB: 401076 in func 401050 with 3 insts
    I: 401076
    I: 401080
    I: 401084
      No successors
Recovering 401090
  Analysing subroutine sub_401090 at 401090
  WARNING: No table entries for indirect jump at 4010ac; Adding next_ea 4010ae as successor.
  WARNING: No table entries for indirect jump at 4010ee; Adding next_ea 4010f0 as successor.
  Subroutine sub_401090 at 401090 has 11 blocks
  BB: 4010c0 in func 401090 with 8 insts
    I: 4010c0 (imm 406020)
    I: 4010c5 (imm 406020)
    I: 4010cc
    I: 4010cf
    I: 4010d3
    I: 4010d7
    I: 4010da
    I: 4010dd (flow 4010f0)
      Successors: 4010f0, 4010df
  WARNING: No table entries for indirect jump at 4010ac; Adding next_ea 4010ae as successor.
  BB: 4010a7 in func 401090 with 2 insts
    I: 4010a7 (imm 406020)
    I: 4010ac
      Successors: 4010ae
  WARNING: No table entries for indirect jump at 4010ee; Adding next_ea 4010f0 as successor.
  BB: 4010e9 in func 401090 with 2 insts
    I: 4010e9 (imm 406020)
    I: 4010ee
      Successors: 4010f0
  BB: 4010ae in func 401090 with 1 insts
    I: 4010ae
      Successors: 4010b0
  BB: 401090 in func 401090 with 3 insts
    I: 401090 (imm 406020)
    I: 401095 (imm 406020)
    I: 40109b (flow 4010b0)
      Successors: 4010b0, 40109d
  BB: 4010b0 in func 401090 with 1 insts
    I: 4010b0
      No successors
  BB: 4010b1 in func 401090 with 2 insts
    I: 4010b1
    I: 4010b5
      Successors: 4010c0
  BB: 4010f0 in func 401090 with 1 insts
    I: 4010f0
      No successors
  BB: 4010f1 in func 401090 with 2 insts
    I: 4010f1
    I: 4010f5
      No successors
  BB: 40109d in func 401090 with 3 insts
    I: 40109d
    I: 4010a2
    I: 4010a5 (flow 4010b0)
      Successors: 4010b0, 4010a7
  BB: 4010df in func 401090 with 3 insts
    I: 4010df
    I: 4010e4
    I: 4010e7 (flow 4010f0)
      Successors: 4010f0, 4010e9
Recovering 401100
  Analysing subroutine sub_401100 at 401100
  Subroutine sub_401100 at 401100 has 5 blocks
  BB: 401100 in func 401100 with 3 insts
    Referenced by data
    I: 401100
    I: 401104 (mem 406028)
    I: 40110b (flow 401120)
      Successors: 401120, 40110d
  BB: 401121 in func 401100 with 2 insts
    I: 401121
    I: 401125
      No successors
  BB: 401120 in func 401100 with 1 insts
    I: 401120
      No successors
  BB: 40110d in func 401100 with 6 insts
    I: 40110d
    I: 40110e
    I: 401111 (flow 401090)
    I: 401116 (mem 406028)
    I: 40111d
    I: 40111e
      No successors
  BB: 40111f in func 401100 with 1 insts
    I: 40111f
      Successors: 401120
Recovering 401130
  Analysing subroutine sub_401130 at 401130
  WARNING: No table entries for indirect jump at 4010ee; Adding next_ea 4010f0 as successor.
  Subroutine sub_401130 at 401130 has 6 blocks
  BB: 4010c0 in func 401130 with 8 insts
    I: 4010c0 (imm 406020)
    I: 4010c5 (imm 406020)
    I: 4010cc
    I: 4010cf
    I: 4010d3
    I: 4010d7
    I: 4010da
    I: 4010dd (flow 4010f0)
      Successors: 4010f0, 4010df
  WARNING: No table entries for indirect jump at 4010ee; Adding next_ea 4010f0 as successor.
  BB: 4010e9 in func 401130 with 2 insts
    I: 4010e9 (imm 406020)
    I: 4010ee
      Successors: 4010f0
  BB: 401130 in func 401130 with 2 insts
    Referenced by data
    I: 401130
    I: 401134 (flow 4010c0)
      Successors: 4010c0
  BB: 4010f0 in func 401130 with 1 insts
    I: 4010f0
      No successors
  BB: 401136 in func 401130 with 1 insts
    I: 401136
      No successors
  BB: 4010df in func 401130 with 3 insts
    I: 4010df
    I: 4010e4
    I: 4010e7 (flow 4010f0)
      Successors: 4010f0, 4010e9
Recovering 401140
  Analysing subroutine sub_401140 at 401140
  Subroutine sub_401140 at 401140 has 37 blocks
  BB: 401200 in func 401140 with 3 insts
    I: 401200
    I: 401203
    I: 401208 (flow 401380)
      Successors: 401380, 40120e
  BB: 401380 in func 401140 with 2 insts
    I: 401380
    I: 401387
      Successors: 40138e
  BB: 401287 in func 401140 with 20 insts
    I: 401287
    I: 40128e (imm 419be0)
    I: 401295
    I: 401297 (imm 419bf0)
    I: 40129e
    I: 4012a0
    I: 4012a2
    I: 4012a5
    I: 4012a8
    I: 4012ab
    I: 4012ae
    I: 4012b1
    I: 4012b4
    I: 4012b7
    I: 4012b9
    I: 4012be
    I: 4012c3
    I: 4012c6
    I: 4012c9
    I: 4012cc (flow 40138e)
      Successors: 40138e
  BB: 401189 in func 401140 with 1 insts
    I: 401189 (flow 40118e)
      Successors: 40118e
  BB: 40118e in func 401140 with 3 insts
    I: 40118e
    I: 401191
    I: 401196 (flow 4012d1)
      Successors: 4012d1, 40119c
  BB: 40120e in func 401140 with 1 insts
    I: 40120e (flow 401213)
      Successors: 401213
  BB: 40138e in func 401140 with 1 insts
    I: 40138e (flow 401152)
      Successors: 401152
  BB: 401213 in func 401140 with 3 insts
    I: 401213
    I: 401216
    I: 40121b (flow 401287)
      Successors: 401221, 401287
  BB: 401393 in func 401140 with 2 insts
    I: 401393
    I: 40139d
      No successors
  BB: 40119c in func 401140 with 1 insts
    I: 40119c (flow 4011a1)
      Successors: 4011a1
  BB: 4011a1 in func 401140 with 3 insts
    I: 4011a1
    I: 4011a4
    I: 4011a9 (flow 40137e)
      Successors: 40137e, 4011af
  BB: 401221 in func 401140 with 1 insts
    I: 401221 (flow 401226)
      Successors: 401226
  BB: 401226 in func 401140 with 1 insts
    I: 401226 (flow 40138e)
      Successors: 40138e
  BB: 40122b in func 401140 with 6 insts
    I: 40122b
    I: 401230
    I: 401235
    I: 401239
    I: 40123c
    I: 40123f (flow 40138e)
      Successors: 40138e
  BB: 4011af in func 401140 with 1 insts
    I: 4011af (flow 4011b4)
      Successors: 4011b4
  BB: 4011b4 in func 401140 with 3 insts
    I: 4011b4
    I: 4011b7
    I: 4011bc (flow 401348)
      Successors: 401348, 4011c2
  BB: 401140 in func 401140 with 4 insts
    I: 401140
    I: 401141
    I: 401144
    I: 40114b
      Successors: 401152
  BB: 4011c2 in func 401140 with 1 insts
    I: 4011c2 (flow 4011c7)
      Successors: 4011c7
  BB: 401244 in func 401140 with 19 insts
    I: 401244 (imm 419be0)
    I: 40124b
    I: 40124d (imm 419bf0)
    I: 401254
    I: 401256
    I: 401258
    I: 40125b
    I: 40125e
    I: 401261
    I: 401264
    I: 401267
    I: 40126a
    I: 40126d
    I: 40126f
    I: 401274
    I: 401279
    I: 40127c
    I: 40127f
    I: 401282 (flow 40138e)
      Successors: 40138e
  BB: 4011c7 in func 401140 with 3 insts
    I: 4011c7
    I: 4011ca
    I: 4011cf (flow 401369)
      Successors: 401369, 4011d5
  BB: 401348 in func 401140 with 5 insts
    I: 401348
    I: 40134b
    I: 40134e
    I: 401351
    I: 401358 (flow 40138e)
      Successors: 40138e
  BB: 4012d1 in func 401140 with 2 insts
    I: 4012d1
    I: 4012d8 (flow 40138e)
      Successors: 40138e
  BB: 401152 in func 401140 with 4 insts
    I: 401152
    I: 401155
    I: 401158
    I: 40115d (flow 4012f6)
      Successors: 401163, 4012f6
  BB: 4011d5 in func 401140 with 1 insts
    I: 4011d5 (flow 4011da)
      Successors: 4011da
  BB: 4011fb in func 401140 with 1 insts
    I: 4011fb (flow 401200)
      Successors: 401200
  BB: 4011da in func 401140 with 3 insts
    I: 4011da
    I: 4011dd
    I: 4011e2 (flow 40122b)
      Successors: 4011e8, 40122b
  BB: 4012dd in func 401140 with 6 insts
    I: 4012dd
    I: 4012e2
    I: 4012e7
    I: 4012eb
    I: 4012ee
    I: 4012f1 (flow 40138e)
      Successors: 40138e
  BB: 40135d in func 401140 with 2 insts
    I: 40135d
    I: 401364 (flow 40138e)
      Successors: 40138e
  BB: 401163 in func 401140 with 1 insts
    I: 401163 (flow 401168)
      Successors: 401168
  BB: 401168 in func 401140 with 3 insts
    I: 401168
    I: 40116b
    I: 401170 (flow 401244)
      Successors: 401244, 401176
  BB: 4011e8 in func 401140 with 1 insts
    I: 4011e8 (flow 4011ed)
      Successors: 4011ed
  BB: 401369 in func 401140 with 5 insts
    I: 401369
    I: 40136c
    I: 40136f
    I: 401372
    I: 401379 (flow 40138e)
      Successors: 40138e
  BB: 4011ed in func 401140 with 3 insts
    I: 4011ed
    I: 4011f0
    I: 4011f5 (flow 4012dd)
      Successors: 4011fb, 4012dd
  BB: 401176 in func 401140 with 1 insts
    I: 401176 (flow 40117b)
      Successors: 40117b
  BB: 4012f6 in func 401140 with 14 insts
    I: 4012f6
    I: 4012fa (imm 406030)
    I: 401304
    I: 40130b
    I: 40130e
    I: 401312
    I: 401319
    I: 40131d (imm 40fc70)
    I: 401327
    I: 40132e
    I: 401331
    I: 401335
    I: 40133c
    I: 401343 (flow 40138e)
      Successors: 40138e
  BB: 40117b in func 401140 with 3 insts
    I: 40117b
    I: 40117e
    I: 401183 (flow 40135d)
      Successors: 401189, 40135d
  BB: 40137e in func 401140 with 2 insts
    I: 40137e
    I: 40137f
      No successors
Recovering 4013a0
  Analysing subroutine sub_4013A0 at 4013a0
  Subroutine sub_4013A0 at 4013a0 has 2 blocks
  BB: 4013a0 in func 4013a0 with 40 insts
    I: 4013a0
    I: 4013a1
    I: 4013a4
    I: 4013a7
    I: 4013aa
    I: 4013ad
    I: 4013b0
    I: 4013b3
    I: 4013b6
    I: 4013b9
    I: 4013bc
    I: 4013bf
    I: 4013c2
    I: 4013c5
    I: 4013c9 (imm 406030)
    I: 4013d3
    I: 4013da
    I: 4013dd
    I: 4013e1
    I: 4013e4
    I: 4013e8 (imm 406030)
    I: 4013f2
    I: 4013f9
    I: 4013fc
    I: 401400
    I: 401403
    I: 401406
    I: 40140a (imm 40fc70)
    I: 401414
    I: 40141b
    I: 40141e
    I: 401422
    I: 401425
    I: 401429 (imm 40fc70)
    I: 401433
    I: 40143a
    I: 40143d
    I: 401441
    I: 401444
    I: 401445
      No successors
  BB: 401446 in func 4013a0 with 1 insts
    I: 401446
      No successors
Recovering 401450
  Analysing subroutine sub_401450 at 401450
  Subroutine sub_401450 at 401450 has 145 blocks
  BB: 401607 in func 401450 with 1 insts
    I: 401607 (flow 40160c)
      Successors: 40160c
  BB: 40160c in func 401450 with 3 insts
    I: 40160c
    I: 40160f
    I: 401614 (flow 401bed)
      Successors: 40161a, 401bed
  BB: 401e18 in func 401450 with 19 insts
    I: 401e18 (imm 419bf8)
    I: 401e1f
    I: 401e21 (imm 419be4)
    I: 401e28
    I: 401e2a
    I: 401e2c
    I: 401e2f
    I: 401e32
    I: 401e35
    I: 401e38
    I: 401e3b
    I: 401e3e
    I: 401e41
    I: 401e43
    I: 401e48
    I: 401e4d
    I: 401e50
    I: 401e53
    I: 401e56 (flow 401fc5)
      Successors: 401fc5
  BB: 40161a in func 401450 with 1 insts
    I: 40161a (flow 40161f)
      Successors: 40161f
  BB: 40181e in func 401450 with 6 insts
    I: 40181e
    I: 401822 (disp 4198c0)
    I: 40182d
    I: 401831 (disp 419a50)
    I: 40183c
    I: 401843 (flow 401fc5)
      Successors: 401fc5
  BB: 40161f in func 401450 with 3 insts
    I: 40161f
    I: 401622
    I: 401627 (flow 401fa9)
      Successors: 401fa9, 40162d
  BB: 40162d in func 401450 with 1 insts
    I: 40162d (flow 401632)
      Successors: 401632
  BB: 401c30 in func 401450 with 28 insts
    I: 401c30
    I: 401c34 (imm 406030)
    I: 401c3e
    I: 401c45
    I: 401c48
    I: 401c4c
    I: 401c50
    I: 401c53
    I: 401c55
    I: 401c58 (imm 419bf8)
    I: 401c5f
    I: 401c61 (imm 419be4)
    I: 401c68
    I: 401c6a
    I: 401c6c
    I: 401c6f
    I: 401c72
    I: 401c75
    I: 401c78
    I: 401c7b
    I: 401c7e
    I: 401c81
    I: 401c83
    I: 401c88
    I: 401c8d
    I: 401c90
    I: 401c93
    I: 401c96 (flow 401fc5)
      Successors: 401fc5
  BB: 401632 in func 401450 with 3 insts
    I: 401632
    I: 401635
    I: 40163a (flow 401cb6)
      Successors: 401640, 401cb6
  BB: 401a34 in func 401450 with 25 insts
    I: 401a34
    I: 401a37
    I: 401a3b (disp 4198c0)
    I: 401a42
    I: 401a45
    I: 401a47
    I: 401a4a (imm 419bf8)
    I: 401a51
    I: 401a53 (imm 419be4)
    I: 401a5a
    I: 401a5c
    I: 401a5e
    I: 401a61
    I: 401a64
    I: 401a67
    I: 401a6a
    I: 401a6d
    I: 401a70
    I: 401a73
    I: 401a75
    I: 401a7a
    I: 401a7f
    I: 401a82
    I: 401a85
    I: 401a88 (flow 401fc5)
      Successors: 401fc5
  BB: 401640 in func 401450 with 1 insts
    I: 401640 (flow 401645)
      Successors: 401645
  BB: 401645 in func 401450 with 3 insts
    I: 401645
    I: 401648
    I: 40164d (flow 401ef6)
      Successors: 401653, 401ef6
  BB: 401848 in func 401450 with 19 insts
    I: 401848 (imm 419bf8)
    I: 40184f
    I: 401851 (imm 419be4)
    I: 401858
    I: 40185a
    I: 40185c
    I: 40185f
    I: 401862
    I: 401865
    I: 401868
    I: 40186b
    I: 40186e
    I: 401871
    I: 401873
    I: 401878
    I: 40187d
    I: 401880
    I: 401883
    I: 401886 (flow 401fc5)
      Successors: 401fc5
  BB: 401450 in func 401450 with 12 insts
    I: 401450
    I: 401451
    I: 401454
    I: 401457
    I: 40145a
    I: 40145d
    I: 401460
    I: 401463
    I: 401466
    I: 401469
    I: 40146c
    I: 401473
      Successors: 40147a
  BB: 401653 in func 401450 with 1 insts
    I: 401653 (flow 401658)
      Successors: 401658
  BB: 401658 in func 401450 with 3 insts
    I: 401658
    I: 40165b
    I: 401660 (flow 401c30)
      Successors: 401c30, 401666
  BB: 401e5b in func 401450 with 2 insts
    I: 401e5b
    I: 401e62 (flow 401fc5)
      Successors: 401fc5
  BB: 401666 in func 401450 with 1 insts
    I: 401666 (flow 40166b)
      Successors: 40166b
  BB: 401e67 in func 401450 with 19 insts
    I: 401e67 (imm 419bf8)
    I: 401e6e
    I: 401e70 (imm 419be4)
    I: 401e77
    I: 401e79
    I: 401e7b
    I: 401e7e
    I: 401e81
    I: 401e84
    I: 401e87
    I: 401e8a
    I: 401e8d
    I: 401e90
    I: 401e92
    I: 401e97
    I: 401e9c
    I: 401e9f
    I: 401ea2
    I: 401ea5 (flow 401fc5)
      Successors: 401fc5
  BB: 40166b in func 401450 with 3 insts
    I: 40166b
    I: 40166e
    I: 401673 (flow 401a34)
      Successors: 401679, 401a34
  BB: 401679 in func 401450 with 1 insts
    I: 401679 (flow 40167e)
      Successors: 40167e
  BB: 40147a in func 401450 with 4 insts
    I: 40147a
    I: 40147d
    I: 401480
    I: 401485 (flow 401eaa)
      Successors: 401eaa, 40148b
  BB: 40167e in func 401450 with 3 insts
    I: 40167e
    I: 401681
    I: 401686 (flow 4019a5)
      Successors: 40168c, 4019a5
  BB: 40148b in func 401450 with 1 insts
    I: 40148b (flow 401490)
      Successors: 401490
  BB: 40168c in func 401450 with 1 insts
    I: 40168c (flow 401691)
      Successors: 401691
  BB: 40188b in func 401450 with 22 insts
    I: 40188b
    I: 40188e
    I: 401891
    I: 401894 (imm 419bf8)
    I: 40189b
    I: 40189d (imm 419be4)
    I: 4018a4
    I: 4018a6
    I: 4018a8
    I: 4018ab
    I: 4018ae
    I: 4018b1
    I: 4018b4
    I: 4018b7
    I: 4018ba
    I: 4018bd
    I: 4018bf
    I: 4018c4
    I: 4018c9
    I: 4018cc
    I: 4018cf
    I: 4018d2 (flow 401fc5)
      Successors: 401fc5
  BB: 401a8d in func 401450 with 7 insts
    I: 401a8d
    I: 401a90
    I: 401a95
    I: 401a9a
    I: 401a9d
    I: 401aa0
    I: 401aa3 (flow 401fc5)
      Successors: 401fc5
  BB: 401490 in func 401450 with 3 insts
    I: 401490
    I: 401493
    I: 401498 (flow 401f0e)
      Successors: 40149e, 401f0e
  BB: 401691 in func 401450 with 3 insts
    I: 401691
    I: 401694
    I: 401699 (flow 401f23)
      Successors: 401f23, 40169f
  BB: 401c9b in func 401450 with 7 insts
    I: 401c9b
    I: 401c9e
    I: 401ca3
    I: 401ca8
    I: 401cab
    I: 401cae
    I: 401cb1 (flow 401fc5)
      Successors: 401fc5
  BB: 40149e in func 401450 with 1 insts
    I: 40149e (flow 4014a3)
      Successors: 4014a3
  BB: 40169f in func 401450 with 1 insts
    I: 40169f (flow 4016a4)
      Successors: 4016a4
  BB: 4014a3 in func 401450 with 3 insts
    I: 4014a3
    I: 4014a6
    I: 4014ab (flow 401aa8)
      Successors: 401aa8, 4014b1
  BB: 4016a4 in func 401450 with 3 insts
    I: 4016a4
    I: 4016a7
    I: 4016ac (flow 401add)
      Successors: 4016b2, 401add
  BB: 401aa8 in func 401450 with 7 insts
    I: 401aa8
    I: 401aac (disp 4198c0)
    I: 401ab3
    I: 401ab6
    I: 401ab9
    I: 401abc
    I: 401ac3 (flow 401fc5)
      Successors: 401fc5
  BB: 401eaa in func 401450 with 22 insts
    I: 401eaa
    I: 401ead
    I: 401eb0
    I: 401eb3 (imm 419bf8)
    I: 401eba
    I: 401ebc (imm 419be4)
    I: 401ec3
    I: 401ec5
    I: 401ec7
    I: 401eca
    I: 401ecd
    I: 401ed0
    I: 401ed3
    I: 401ed6
    I: 401ed9
    I: 401edc
    I: 401ede
    I: 401ee3
    I: 401ee8
    I: 401eeb
    I: 401eee
    I: 401ef1 (flow 401fc5)
      Successors: 401fc5
  BB: 4014b1 in func 401450 with 1 insts
    I: 4014b1 (flow 4014b6)
      Successors: 4014b6
  BB: 4016b2 in func 401450 with 1 insts
    I: 4016b2 (flow 4016b7)
      Successors: 4016b7
  BB: 4014b6 in func 401450 with 3 insts
    I: 4014b6
    I: 4014b9
    I: 4014be (flow 401b35)
      Successors: 4014c4, 401b35
  BB: 4016b7 in func 401450 with 3 insts
    I: 4016b7
    I: 4016ba
    I: 4016bf (flow 4018e3)
      Successors: 4018e3, 4016c5
  BB: 401cb6 in func 401450 with 2 insts
    I: 401cb6
    I: 401cbd (flow 401fc5)
      Successors: 401fc5
  BB: 401cc2 in func 401450 with 16 insts
    I: 401cc2
    I: 401cc6 (disp 4198c0)
    I: 401ccd
    I: 401cd1 (disp 4198c0)
    I: 401cd8
    I: 401cdc (imm 406030)
    I: 401ce6
    I: 401ced
    I: 401cf0
    I: 401cf4
    I: 401cf7
    I: 401cfc
    I: 401d01
    I: 401d03
    I: 401d06
    I: 401d09 (flow 401fc5)
      Successors: 401fc5
  BB: 4014c4 in func 401450 with 1 insts
    I: 4014c4 (flow 4014c9)
      Successors: 4014c9
  BB: 4016c5 in func 401450 with 1 insts
    I: 4016c5 (flow 4016ca)
      Successors: 4016ca
  BB: 401ac8 in func 401450 with 5 insts
    I: 401ac8
    I: 401acb
    I: 401ace
    I: 401ad1
    I: 401ad8 (flow 401fc5)
      Successors: 401fc5
  BB: 4014c9 in func 401450 with 3 insts
    I: 4014c9
    I: 4014cc
    I: 4014d1 (flow 401bce)
      Successors: 401bce, 4014d7
  BB: 4016ca in func 401450 with 3 insts
    I: 4016ca
    I: 4016cd
    I: 4016d2 (flow 4019f1)
      Successors: 4016d8, 4019f1
  BB: 4014d7 in func 401450 with 1 insts
    I: 4014d7 (flow 4014dc)
      Successors: 4014dc
  BB: 4016d8 in func 401450 with 1 insts
    I: 4016d8 (flow 4016dd)
      Successors: 4016dd
  BB: 4018d7 in func 401450 with 2 insts
    I: 4018d7
    I: 4018de (flow 401fc5)
      Successors: 401fc5
  BB: 4014dc in func 401450 with 3 insts
    I: 4014dc
    I: 4014df
    I: 4014e4 (flow 401e5b)
      Successors: 4014ea, 401e5b
  BB: 4016dd in func 401450 with 3 insts
    I: 4016dd
    I: 4016e0
    I: 4016e5 (flow 401f50)
      Successors: 401f50, 4016eb
  BB: 401add in func 401450 with 5 insts
    I: 401add
    I: 401ae0
    I: 401ae3
    I: 401ae6
    I: 401aed (flow 401fc5)
      Successors: 401fc5
  BB: 4018e3 in func 401450 with 4 insts
    I: 4018e3
    I: 4018e7 (disp 4198c0)
    I: 4018f2
    I: 4018f9 (flow 401fc5)
      Successors: 401fc5
  BB: 4014ea in func 401450 with 1 insts
    I: 4014ea (flow 4014ef)
      Successors: 4014ef
  BB: 4016eb in func 401450 with 1 insts
    I: 4016eb (flow 4016f0)
      Successors: 4016f0
  BB: 4014ef in func 401450 with 3 insts
    I: 4014ef
    I: 4014f2
    I: 4014f7 (flow 4017ff)
      Successors: 4014fd, 4017ff
  BB: 4016f0 in func 401450 with 3 insts
    I: 4016f0
    I: 4016f3
    I: 4016f8 (flow 401d51)
      Successors: 401d51, 4016fe
  BB: 401af2 in func 401450 with 19 insts
    I: 401af2 (imm 419bf8)
    I: 401af9
    I: 401afb (imm 419be4)
    I: 401b02
    I: 401b04
    I: 401b06
    I: 401b09
    I: 401b0c
    I: 401b0f
    I: 401b12
    I: 401b15
    I: 401b18
    I: 401b1b
    I: 401b1d
    I: 401b22
    I: 401b27
    I: 401b2a
    I: 401b2d
    I: 401b30 (flow 401fc5)
      Successors: 401fc5
  BB: 401ef6 in func 401450 with 2 insts
    I: 401ef6
    I: 401efd (flow 401fc5)
      Successors: 401fc5
  BB: 4014fd in func 401450 with 1 insts
    I: 4014fd (flow 401502)
      Successors: 401502
  BB: 4016fe in func 401450 with 1 insts
    I: 4016fe (flow 401703)
      Successors: 401703
  BB: 4018fe in func 401450 with 19 insts
    I: 4018fe (imm 419bf8)
    I: 401905
    I: 401907 (imm 419be4)
    I: 40190e
    I: 401910
    I: 401912
    I: 401915
    I: 401918
    I: 40191b
    I: 40191e
    I: 401921
    I: 401924
    I: 401927
    I: 401929
    I: 40192e
    I: 401933
    I: 401936
    I: 401939
    I: 40193c (flow 401fc5)
      Successors: 401fc5
  BB: 401502 in func 401450 with 3 insts
    I: 401502
    I: 401505
    I: 40150a (flow 401f02)
      Successors: 401510, 401f02
  BB: 401703 in func 401450 with 3 insts
    I: 401703
    I: 401706
    I: 40170b (flow 401848)
      Successors: 401848, 401711
  BB: 401f02 in func 401450 with 2 insts
    I: 401f02
    I: 401f09 (flow 401fc5)
      Successors: 401fc5
  BB: 401d0e in func 401450 with 19 insts
    I: 401d0e (imm 419bf8)
    I: 401d15
    I: 401d17 (imm 419be4)
    I: 401d1e
    I: 401d20
    I: 401d22
    I: 401d25
    I: 401d28
    I: 401d2b
    I: 401d2e
    I: 401d31
    I: 401d34
    I: 401d37
    I: 401d39
    I: 401d3e
    I: 401d43
    I: 401d46
    I: 401d49
    I: 401d4c (flow 401fc5)
      Successors: 401fc5
  BB: 401f0e in func 401450 with 5 insts
    I: 401f0e
    I: 401f11
    I: 401f14
    I: 401f17
    I: 401f1e (flow 401fc5)
      Successors: 401fc5
  BB: 401510 in func 401450 with 1 insts
    I: 401510 (flow 401515)
      Successors: 401515
  BB: 401711 in func 401450 with 1 insts
    I: 401711 (flow 401716)
      Successors: 401716
  BB: 401515 in func 401450 with 3 insts
    I: 401515
    I: 401518
    I: 40151d (flow 401f5c)
      Successors: 401523, 401f5c
  BB: 401716 in func 401450 with 3 insts
    I: 401716
    I: 401719
    I: 40171e (flow 401e67)
      Successors: 401724, 401e67
  BB: 401523 in func 401450 with 1 insts
    I: 401523 (flow 401528)
      Successors: 401528
  BB: 401724 in func 401450 with 1 insts
    I: 401724 (flow 401729)
      Successors: 401729
  BB: 401f23 in func 401450 with 5 insts
    I: 401f23
    I: 401f2a
    I: 401f31
    I: 401f38
    I: 401f3f (flow 401fc5)
      Successors: 401fc5
  BB: 401528 in func 401450 with 3 insts
    I: 401528
    I: 40152b
    I: 401530 (flow 401af2)
      Successors: 401af2, 401536
  BB: 401729 in func 401450 with 3 insts
    I: 401729
    I: 40172c
    I: 401731 (flow 401fb5)
      Successors: 401fb5, 401737
  BB: 401b35 in func 401450 with 23 insts
    I: 401b35
    I: 401b39
    I: 401b3c
    I: 401b3e
    I: 401b41 (imm 419bf8)
    I: 401b48
    I: 401b4a (imm 419be4)
    I: 401b51
    I: 401b53
    I: 401b55
    I: 401b58
    I: 401b5b
    I: 401b5e
    I: 401b61
    I: 401b64
    I: 401b67
    I: 401b6a
    I: 401b6c
    I: 401b71
    I: 401b76
    I: 401b79
    I: 401b7c
    I: 401b7f (flow 401fc5)
      Successors: 401fc5
  BB: 401536 in func 401450 with 1 insts
    I: 401536 (flow 40153b)
      Successors: 40153b
  BB: 401737 in func 401450 with 1 insts
    I: 401737 (flow 40173c)
      Successors: 40173c
  BB: 40153b in func 401450 with 3 insts
    I: 40153b
    I: 40153e
    I: 401543 (flow 401941)
      Successors: 401941, 401549
  BB: 40173c in func 401450 with 3 insts
    I: 40173c
    I: 40173f
    I: 401744 (flow 4019c4)
      Successors: 40174a, 4019c4
  BB: 401941 in func 401450 with 22 insts
    I: 401941
    I: 401948
    I: 40194f
    I: 401956 (imm 419bf8)
    I: 40195d
    I: 40195f (imm 419be4)
    I: 401966
    I: 401968
    I: 40196a
    I: 40196d
    I: 401970
    I: 401973
    I: 401976
    I: 401979
    I: 40197c
    I: 40197f
    I: 401981
    I: 401986
    I: 40198b
    I: 40198e
    I: 401991
    I: 401994 (flow 401fc5)
      Successors: 401fc5
  BB: 401f44 in func 401450 with 2 insts
    I: 401f44
    I: 401f4b (flow 401fc5)
      Successors: 401fc5
  BB: 401549 in func 401450 with 1 insts
    I: 401549 (flow 40154e)
      Successors: 40154e
  BB: 40174a in func 401450 with 1 insts
    I: 40174a (flow 40174f)
      Successors: 40174f
  BB: 40154e in func 401450 with 3 insts
    I: 40154e
    I: 401551
    I: 401556 (flow 401cc2)
      Successors: 401cc2, 40155c
  BB: 40174f in func 401450 with 3 insts
    I: 40174f
    I: 401752
    I: 401757 (flow 401dd5)
      Successors: 401dd5, 40175d
  BB: 401f50 in func 401450 with 2 insts
    I: 401f50
    I: 401f57 (flow 401fc5)
      Successors: 401fc5
  BB: 401d51 in func 401450 with 29 insts
    I: 401d51
    I: 401d55 (disp 4198c0)
    I: 401d5c
    I: 401d60 (imm 406030)
    I: 401d6a
    I: 401d71
    I: 401d74
    I: 401d78
    I: 401d7b
    I: 401d7f (disp 4198c0)
    I: 401d86 (imm 419bf8)
    I: 401d8d
    I: 401d8f (imm 419be4)
    I: 401d96
    I: 401d98
    I: 401d9a
    I: 401d9d
    I: 401da0
    I: 401da3
    I: 401da6
    I: 401da9
    I: 401dac
    I: 401daf
    I: 401db1
    I: 401db6
    I: 401dbb
    I: 401dbe
    I: 401dc1
    I: 401dc4 (flow 401fc5)
      Successors: 401fc5
  BB: 40155c in func 401450 with 1 insts
    I: 40155c (flow 401561)
      Successors: 401561
  BB: 40175d in func 401450 with 1 insts
    I: 40175d (flow 401762)
      Successors: 401762
  BB: 401f5c in func 401450 with 2 insts
    I: 401f5c
    I: 401f63 (flow 401fc5)
      Successors: 401fc5
  BB: 401561 in func 401450 with 3 insts
    I: 401561
    I: 401564
    I: 401569 (flow 401a8d)
      Successors: 401a8d, 40156f
  BB: 401762 in func 401450 with 3 insts
    I: 401762
    I: 401765
    I: 40176a (flow 4019e5)
      Successors: 401770, 4019e5
  BB: 401f68 in func 401450 with 12 insts
    I: 401f68
    I: 401f6c (disp 4198c0)
    I: 401f73
    I: 401f77 (imm 406030)
    I: 401f81
    I: 401f88
    I: 401f8b
    I: 401f8f
    I: 401f92
    I: 401f96 (disp 4198c0)
    I: 401f9d
    I: 401fa4 (flow 401fc5)
      Successors: 401fc5
  BB: 40156f in func 401450 with 1 insts
    I: 40156f (flow 401574)
      Successors: 401574
  BB: 401770 in func 401450 with 1 insts
    I: 401770 (flow 401775)
      Successors: 401775
  BB: 401574 in func 401450 with 3 insts
    I: 401574
    I: 401577
    I: 40157c (flow 4018fe)
      Successors: 401582, 4018fe
  BB: 401775 in func 401450 with 3 insts
    I: 401775
    I: 401778
    I: 40177d (flow 40181e)
      Successors: 401783, 40181e
  BB: 401582 in func 401450 with 1 insts
    I: 401582 (flow 401587)
      Successors: 401587
  BB: 401783 in func 401450 with 1 insts
    I: 401783 (flow 401788)
      Successors: 401788
  BB: 401b84 in func 401450 with 7 insts
    I: 401b84
    I: 401b87
    I: 401b8c
    I: 401b91
    I: 401b94
    I: 401b97
    I: 401b9a (flow 401fc5)
      Successors: 401fc5
  BB: 401587 in func 401450 with 3 insts
    I: 401587
    I: 40158a
    I: 40158f (flow 401b84)
      Successors: 401b84, 401595
  BB: 401788 in func 401450 with 3 insts
    I: 401788
    I: 40178b
    I: 401790 (flow 401f68)
      Successors: 401f68, 401796
  BB: 401595 in func 401450 with 1 insts
    I: 401595 (flow 40159a)
      Successors: 40159a
  BB: 401796 in func 401450 with 1 insts
    I: 401796 (flow 40179b)
      Successors: 40179b
  BB: 401999 in func 401450 with 2 insts
    I: 401999
    I: 4019a0 (flow 401fc5)
      Successors: 401fc5
  BB: 40159a in func 401450 with 3 insts
    I: 40159a
    I: 40159d
    I: 4015a2 (flow 401999)
      Successors: 4015a8, 401999
  BB: 40179b in func 401450 with 3 insts
    I: 40179b
    I: 40179e
    I: 4017a3 (flow 401e18)
      Successors: 401e18, 4017a9
  BB: 401b9f in func 401450 with 4 insts
    I: 401b9f
    I: 401ba3 (disp 4198c0)
    I: 401baa
    I: 401bab
      No successors
  BB: 4019a5 in func 401450 with 7 insts
    I: 4019a5
    I: 4019a8
    I: 4019ad
    I: 4019b2 (mem 4198b0)
    I: 4019b9
    I: 4019bc
    I: 4019bf (flow 401fc5)
      Successors: 401fc5
  BB: 4015a8 in func 401450 with 1 insts
    I: 4015a8 (flow 4015ad)
      Successors: 4015ad
  BB: 4017a9 in func 401450 with 1 insts
    I: 4017a9 (flow 4017ae)
      Successors: 4017ae
  BB: 401fa9 in func 401450 with 2 insts
    I: 401fa9
    I: 401fb0 (flow 401fc5)
      Successors: 401fc5
  BB: 401bac in func 401450 with 5 insts
    I: 401bac
    I: 401bb0 (disp 419a50)
    I: 401bbb
    I: 401bc2
    I: 401bc9 (flow 401fc5)
      Successors: 401fc5
  BB: 4015ad in func 401450 with 3 insts
    I: 4015ad
    I: 4015b0
    I: 4015b5 (flow 401b9f)
      Successors: 4015bb, 401b9f
  BB: 4017ae in func 401450 with 3 insts
    I: 4017ae
    I: 4017b1
    I: 4017b6 (flow 40188b)
      Successors: 40188b, 4017bc
  BB: 401fb5 in func 401450 with 4 insts
    I: 401fb5
    I: 401fb8
    I: 401fbb
    I: 401fbe
      Successors: 401fc5
  BB: 4015bb in func 401450 with 1 insts
    I: 4015bb (flow 4015c0)
      Successors: 4015c0
  BB: 4017bc in func 401450 with 1 insts
    I: 4017bc (flow 4017c1)
      Successors: 4017c1
  BB: 4015c0 in func 401450 with 3 insts
    I: 4015c0
    I: 4015c3
    I: 4015c8 (flow 4018d7)
      Successors: 4015ce, 4018d7
  BB: 4017c1 in func 401450 with 3 insts
    I: 4017c1
    I: 4017c4
    I: 4017c9 (flow 401c9b)
      Successors: 401c9b, 4017cf
  BB: 4019c4 in func 401450 with 7 insts
    I: 4019c4
    I: 4019c8
    I: 4019cd
    I: 4019d2 (disp 419a50)
    I: 4019da
    I: 4019dd
    I: 4019e0 (flow 401fc5)
      Successors: 401fc5
  BB: 401fc5 in func 401450 with 1 insts
    I: 401fc5 (flow 40147a)
      Successors: 40147a
  BB: 401dc9 in func 401450 with 2 insts
    I: 401dc9
    I: 401dd0 (flow 401fc5)
      Successors: 401fc5
  BB: 401fca in func 401450 with 1 insts
    I: 401fca
      No successors
  BB: 4015ce in func 401450 with 1 insts
    I: 4015ce (flow 4015d3)
      Successors: 4015d3
  BB: 4017cf in func 401450 with 1 insts
    I: 4017cf (flow 4017d4)
      Successors: 4017d4
  BB: 401bce in func 401450 with 7 insts
    I: 401bce
    I: 401bd1
    I: 401bd6
    I: 401bdb (mem 4198b0)
    I: 401be2
    I: 401be5
    I: 401be8 (flow 401fc5)
      Successors: 401fc5
  BB: 4015d3 in func 401450 with 3 insts
    I: 4015d3
    I: 4015d6
    I: 4015db (flow 401ac8)
      Successors: 401ac8, 4015e1
  BB: 4017d4 in func 401450 with 3 insts
    I: 4017d4
    I: 4017d7
    I: 4017dc (flow 401bac)
      Successors: 4017e2, 401bac
  BB: 401dd5 in func 401450 with 19 insts
    I: 401dd5 (imm 419bf8)
    I: 401ddc
    I: 401dde (imm 419be4)
    I: 401de5
    I: 401de7
    I: 401de9
    I: 401dec
    I: 401def
    I: 401df2
    I: 401df5
    I: 401df8
    I: 401dfb
    I: 401dfe
    I: 401e00
    I: 401e05
    I: 401e0a
    I: 401e0d
    I: 401e10
    I: 401e13 (flow 401fc5)
      Successors: 401fc5
  BB: 4015e1 in func 401450 with 1 insts
    I: 4015e1 (flow 4015e6)
      Successors: 4015e6
  BB: 4017e2 in func 401450 with 1 insts
    I: 4017e2 (flow 4017e7)
      Successors: 4017e7
  BB: 4019e5 in func 401450 with 2 insts
    I: 4019e5
    I: 4019ec (flow 401fc5)
      Successors: 401fc5
  BB: 4015e6 in func 401450 with 3 insts
    I: 4015e6
    I: 4015e9
    I: 4015ee (flow 401dc9)
      Successors: 401dc9, 4015f4
  BB: 4017e7 in func 401450 with 3 insts
    I: 4017e7
    I: 4017ea
    I: 4017ef (flow 401f44)
      Successors: 401f44, 4017f5
  BB: 401bed in func 401450 with 19 insts
    I: 401bed (imm 419bf8)
    I: 401bf4
    I: 401bf6 (imm 419be4)
    I: 401bfd
    I: 401bff
    I: 401c01
    I: 401c04
    I: 401c07
    I: 401c0a
    I: 401c0d
    I: 401c10
    I: 401c13
    I: 401c16
    I: 401c18
    I: 401c1d
    I: 401c22
    I: 401c25
    I: 401c28
    I: 401c2b (flow 401fc5)
      Successors: 401fc5
  BB: 4019f1 in func 401450 with 19 insts
    I: 4019f1 (imm 419bf8)
    I: 4019f8
    I: 4019fa (imm 419be4)
    I: 401a01
    I: 401a03
    I: 401a05
    I: 401a08
    I: 401a0b
    I: 401a0e
    I: 401a11
    I: 401a14
    I: 401a17
    I: 401a1a
    I: 401a1c
    I: 401a21
    I: 401a26
    I: 401a29
    I: 401a2c
    I: 401a2f (flow 401fc5)
      Successors: 401fc5
  BB: 4015f4 in func 401450 with 1 insts
    I: 4015f4 (flow 4015f9)
      Successors: 4015f9
  BB: 4017f5 in func 401450 with 1 insts
    I: 4017f5 (flow 4017fa)
      Successors: 4017fa
  BB: 4015f9 in func 401450 with 3 insts
    I: 4015f9
    I: 4015fc
    I: 401601 (flow 401d0e)
      Successors: 401d0e, 401607
  BB: 4017fa in func 401450 with 1 insts
    I: 4017fa (flow 401fc5)
      Successors: 401fc5
  BB: 4017ff in func 401450 with 7 insts
    I: 4017ff
    I: 401802
    I: 401807
    I: 40180c (mem 4198b0)
    I: 401813
    I: 401816
    I: 401819 (flow 401fc5)
      Successors: 401fc5
Recovering 401fd0
  Analysing subroutine sub_401FD0 at 401fd0
  Subroutine sub_401FD0 at 401fd0 has 130 blocks
  BB: 402205 in func 401fd0 with 1 insts
    I: 402205 (flow 40220a)
      Successors: 40220a
  BB: 40220a in func 401fd0 with 3 insts
    I: 40220a
    I: 40220d
    I: 402212 (flow 40266f)
      Successors: 402218, 40266f
  BB: 402218 in func 401fd0 with 1 insts
    I: 402218 (flow 40221d)
      Successors: 40221d
  BB: 402019 in func 401fd0 with 4 insts
    I: 402019
    I: 40201c
    I: 40201f
    I: 402024 (flow 402492)
      Successors: 40202a, 402492
  BB: 40221d in func 401fd0 with 3 insts
    I: 40221d
    I: 402220
    I: 402225 (flow 402ae1)
      Successors: 402ae1, 40222b
  BB: 402a26 in func 401fd0 with 2 insts
    I: 402a26
    I: 402a2d (flow 402ae8)
      Successors: 402ae8
  BB: 402827 in func 401fd0 with 7 insts
    I: 402827
    I: 40282a
    I: 40282f
    I: 402834
    I: 402837
    I: 40283a
    I: 40283d (flow 402ae8)
      Successors: 402ae8
  BB: 40202a in func 401fd0 with 1 insts
    I: 40202a (flow 40202f)
      Successors: 40202f
  BB: 40222b in func 401fd0 with 1 insts
    I: 40222b (flow 402230)
      Successors: 402230
  BB: 40202f in func 401fd0 with 3 insts
    I: 40202f
    I: 402032
    I: 402037 (flow 40235f)
      Successors: 40203d, 40235f
  BB: 402230 in func 401fd0 with 3 insts
    I: 402230
    I: 402233
    I: 402238 (flow 402716)
      Successors: 40223e, 402716
  BB: 402a32 in func 401fd0 with 28 insts
    I: 402a32
    I: 402a36
    I: 402a3a
    I: 402a3d
    I: 402a41
    I: 402a44
    I: 402a47
    I: 402a4b
    I: 402a4e
    I: 402a51
    I: 402a55
    I: 402a58
    I: 402a5b
    I: 402a5f
    I: 402a62
    I: 402a65
    I: 402a69
    I: 402a6c
    I: 402a6f
    I: 402a72
    I: 402a74
    I: 402a77
    I: 402a79
    I: 402a7b
    I: 402a7e
    I: 402a80
    I: 402a86
    I: 402a8d (flow 402ae8)
      Successors: 402ae8
  BB: 402434 in func 401fd0 with 2 insts
    I: 402434
    I: 40243b (flow 402ae8)
      Successors: 402ae8
  BB: 40203d in func 401fd0 with 1 insts
    I: 40203d (flow 402042)
      Successors: 402042
  BB: 40223e in func 401fd0 with 1 insts
    I: 40223e (flow 402243)
      Successors: 402243
  BB: 402440 in func 401fd0 with 8 insts
    I: 402440
    I: 402444
    I: 402446
    I: 40244b
    I: 402450 (mem 4198b0)
    I: 402457
    I: 40245a
    I: 40245d (flow 402ae8)
      Successors: 402ae8
  BB: 402042 in func 401fd0 with 3 insts
    I: 402042
    I: 402045
    I: 40204a (flow 4026c4)
      Successors: 402050, 4026c4
  BB: 402243 in func 401fd0 with 3 insts
    I: 402243
    I: 402246
    I: 40224b (flow 4028a6)
      Successors: 402251, 4028a6
  BB: 402842 in func 401fd0 with 2 insts
    I: 402842
    I: 402849 (flow 402ae8)
      Successors: 402ae8
  BB: 402648 in func 401fd0 with 7 insts
    I: 402648
    I: 40264b
    I: 402650
    I: 402655
    I: 402658
    I: 40265b
    I: 40265e (flow 402ae8)
      Successors: 402ae8
  BB: 40284e in func 401fd0 with 20 insts
    I: 40284e
    I: 402852
    I: 402855 (disp 4198c0)
    I: 40285c
    I: 402860
    I: 402863 (disp 4198c0)
    I: 40286a
    I: 40286e
    I: 402871 (imm 40fc70)
    I: 40287b
    I: 402882
    I: 402885
    I: 402889
    I: 40288c
    I: 40288f
    I: 402894
    I: 402899
    I: 40289b
    I: 40289e
    I: 4028a1 (flow 402ae8)
      Successors: 402ae8
  BB: 402050 in func 401fd0 with 1 insts
    I: 402050 (flow 402055)
      Successors: 402055
  BB: 402251 in func 401fd0 with 1 insts
    I: 402251 (flow 402256)
      Successors: 402256
  BB: 402055 in func 401fd0 with 3 insts
    I: 402055
    I: 402058
    I: 40205d (flow 402994)
      Successors: 402063, 402994
  BB: 402256 in func 401fd0 with 3 insts
    I: 402256
    I: 402259
    I: 40225e (flow 4026df)
      Successors: 402264, 4026df
  BB: 402462 in func 401fd0 with 8 insts
    I: 402462
    I: 402466
    I: 402469 (disp 4198c0)
    I: 402474
    I: 402478
    I: 40247b (disp 419a50)
    I: 402486
    I: 40248d (flow 402ae8)
      Successors: 402ae8
  BB: 402063 in func 401fd0 with 1 insts
    I: 402063 (flow 402068)
      Successors: 402068
  BB: 402264 in func 401fd0 with 1 insts
    I: 402264 (flow 402269)
      Successors: 402269
  BB: 402663 in func 401fd0 with 2 insts
    I: 402663
    I: 40266a (flow 402ae8)
      Successors: 402ae8
  BB: 402068 in func 401fd0 with 3 insts
    I: 402068
    I: 40206b
    I: 402070 (flow 402538)
      Successors: 402538, 402076
  BB: 402269 in func 401fd0 with 3 insts
    I: 402269
    I: 40226c
    I: 402271 (flow 40284e)
      Successors: 40284e, 402277
  BB: 40266f in func 401fd0 with 10 insts
    I: 40266f
    I: 402673
    I: 402675
    I: 402679
    I: 40267c
    I: 402681
    I: 402686 (disp 4198c0)
    I: 40268d
    I: 402690
    I: 402693 (flow 402ae8)
      Successors: 402ae8
  BB: 402076 in func 401fd0 with 1 insts
    I: 402076 (flow 40207b)
      Successors: 40207b
  BB: 402277 in func 401fd0 with 1 insts
    I: 402277 (flow 40227c)
      Successors: 40227c
  BB: 40207b in func 401fd0 with 3 insts
    I: 40207b
    I: 40207e
    I: 402083 (flow 4025ab)
      Successors: 402089, 4025ab
  BB: 40227c in func 401fd0 with 3 insts
    I: 40227c
    I: 40227f
    I: 402284 (flow 4024f5)
      Successors: 40228a, 4024f5
  BB: 402089 in func 401fd0 with 1 insts
    I: 402089 (flow 40208e)
      Successors: 40208e
  BB: 40228a in func 401fd0 with 1 insts
    I: 40228a (flow 40228f)
      Successors: 40228f
  BB: 40208e in func 401fd0 with 3 insts
    I: 40208e
    I: 402091
    I: 402096 (flow 4024ad)
      Successors: 40209c, 4024ad
  BB: 40228f in func 401fd0 with 3 insts
    I: 40228f
    I: 402292
    I: 402297 (flow 4027b6)
      Successors: 40229d, 4027b6
  BB: 402492 in func 401fd0 with 7 insts
    I: 402492
    I: 402496
    I: 402498
    I: 40249b
    I: 40249f
    I: 4024a1
    I: 4024a8 (flow 402ae8)
      Successors: 402ae8
  BB: 402a92 in func 401fd0 with 3 insts
    I: 402a92
    I: 402a96
    I: 402a9d (flow 402ae8)
      Successors: 402ae8
  BB: 402698 in func 401fd0 with 11 insts
    I: 402698
    I: 40269c
    I: 40269f (disp 4198c0)
    I: 4026a6
    I: 4026aa
    I: 4026ac
    I: 4026b0
    I: 4026b2
    I: 4026b6
    I: 4026b8
    I: 4026bf (flow 402ae8)
      Successors: 402ae8
  BB: 40209c in func 401fd0 with 1 insts
    I: 40209c (flow 4020a1)
      Successors: 4020a1
  BB: 40229d in func 401fd0 with 1 insts
    I: 40229d (flow 4022a2)
      Successors: 4022a2
  BB: 4020a1 in func 401fd0 with 3 insts
    I: 4020a1
    I: 4020a4
    I: 4020a9 (flow 4029a0)
      Successors: 4029a0, 4020af
  BB: 4022a2 in func 401fd0 with 3 insts
    I: 4022a2
    I: 4022a5
    I: 4022aa (flow 402842)
      Successors: 4022b0, 402842
  BB: 402aa2 in func 401fd0 with 3 insts
    I: 402aa2
    I: 402aa6
    I: 402aad (flow 402ae8)
      Successors: 402ae8
  BB: 4028a6 in func 401fd0 with 16 insts
    I: 4028a6
    I: 4028aa
    I: 4028ad (disp 4198c0)
    I: 4028b4
    I: 4028b8
    I: 4028bb (imm 40fc70)
    I: 4028c5
    I: 4028cc
    I: 4028cf
    I: 4028d3
    I: 4028d6
    I: 4028d9
    I: 4028dd
    I: 4028e0 (disp 4198c0)
    I: 4028e7
    I: 4028ee (flow 402ae8)
      Successors: 402ae8
  BB: 4024ad in func 401fd0 with 5 insts
    I: 4024ad
    I: 4024b1
    I: 4024b4 (disp 4198c0)
    I: 4024bf
    I: 4024c6 (flow 402ae8)
      Successors: 402ae8
  BB: 4020af in func 401fd0 with 1 insts
    I: 4020af (flow 4020b4)
      Successors: 4020b4
  BB: 4022b0 in func 401fd0 with 1 insts
    I: 4022b0 (flow 4022b5)
      Successors: 4022b5
  BB: 402ab2 in func 401fd0 with 4 insts
    I: 402ab2
    I: 402ab6
    I: 402aba
    I: 402ac1 (flow 402ae8)
      Successors: 402ae8
  BB: 4020b4 in func 401fd0 with 3 insts
    I: 4020b4
    I: 4020b7
    I: 4020bc (flow 4028ff)
      Successors: 4020c2, 4028ff
  BB: 4022b5 in func 401fd0 with 3 insts
    I: 4022b5
    I: 4022b8
    I: 4022bd (flow 4028f3)
      Successors: 4022c3, 4028f3
  BB: 4020c2 in func 401fd0 with 1 insts
    I: 4020c2 (flow 4020c7)
      Successors: 4020c7
  BB: 4022c3 in func 401fd0 with 1 insts
    I: 4022c3 (flow 4022c8)
      Successors: 4022c8
  BB: 4026c4 in func 401fd0 with 7 insts
    I: 4026c4
    I: 4026c8
    I: 4026ca
    I: 4026cd
    I: 4026d1
    I: 4026d3
    I: 4026da (flow 402ae8)
      Successors: 402ae8
  BB: 402ac6 in func 401fd0 with 7 insts
    I: 402ac6
    I: 402aca
    I: 402acc
    I: 402acf
    I: 402ad3
    I: 402ad5
    I: 402adc (flow 402ae8)
      Successors: 402ae8
  BB: 4020c7 in func 401fd0 with 3 insts
    I: 4020c7
    I: 4020ca
    I: 4020cf (flow 402a32)
      Successors: 402a32, 4020d5
  BB: 4022c8 in func 401fd0 with 3 insts
    I: 4022c8
    I: 4022cb
    I: 4022d0 (flow 40233f)
      Successors: 4022d6, 40233f
  BB: 4024cb in func 401fd0 with 8 insts
    I: 4024cb
    I: 4024cf
    I: 4024d5
    I: 4024d9
    I: 4024df
    I: 4024e3
    I: 4024e9
    I: 4024f0 (flow 402ae8)
      Successors: 402ae8
  BB: 4020d5 in func 401fd0 with 1 insts
    I: 4020d5 (flow 4020da)
      Successors: 4020da
  BB: 4022d6 in func 401fd0 with 1 insts
    I: 4022d6 (flow 4022db)
      Successors: 4022db
  BB: 4020da in func 401fd0 with 3 insts
    I: 4020da
    I: 4020dd
    I: 4020e2 (flow 402590)
      Successors: 4020e8, 402590
  BB: 4022db in func 401fd0 with 3 insts
    I: 4022db
    I: 4022de
    I: 4022e3 (flow 402773)
      Successors: 4022e9, 402773
  BB: 4026df in func 401fd0 with 7 insts
    I: 4026df
    I: 4026e3
    I: 4026e5
    I: 4026e8
    I: 4026ec
    I: 4026ee
    I: 4026f5 (flow 402ae8)
      Successors: 402ae8
  BB: 402ae1 in func 401fd0 with 1 insts
    I: 402ae1
      Successors: 402ae8
  BB: 4020e8 in func 401fd0 with 1 insts
    I: 4020e8 (flow 4020ed)
      Successors: 4020ed
  BB: 4022e9 in func 401fd0 with 1 insts
    I: 4022e9 (flow 4022ee)
      Successors: 4022ee
  BB: 402ae8 in func 401fd0 with 1 insts
    I: 402ae8 (flow 402019)
      Successors: 402019
  BB: 4020ed in func 401fd0 with 3 insts
    I: 4020ed
    I: 4020f0
    I: 4020f5 (flow 402a26)
      Successors: 4020fb, 402a26
  BB: 4022ee in func 401fd0 with 3 insts
    I: 4022ee
    I: 4022f1
    I: 4022f6 (flow 402462)
      Successors: 402462, 4022fc
  BB: 402aed in func 401fd0 with 1 insts
    I: 402aed
      No successors
  BB: 4028f3 in func 401fd0 with 2 insts
    I: 4028f3
    I: 4028fa (flow 402ae8)
      Successors: 402ae8
  BB: 4024f5 in func 401fd0 with 19 insts
    I: 4024f5 (imm 419bfc)
    I: 4024fc
    I: 4024fe (imm 419be8)
    I: 402505
    I: 402507
    I: 402509
    I: 40250c
    I: 40250f
    I: 402512
    I: 402515
    I: 402518
    I: 40251b
    I: 40251e
    I: 402520
    I: 402525
    I: 40252a
    I: 40252d
    I: 402530
    I: 402533 (flow 402ae8)
      Successors: 402ae8
  BB: 4026fa in func 401fd0 with 7 insts
    I: 4026fa
    I: 4026fe
    I: 402703
    I: 402708
    I: 40270b
    I: 40270e
    I: 402711 (flow 402ae8)
      Successors: 402ae8
  BB: 4020fb in func 401fd0 with 1 insts
    I: 4020fb (flow 402100)
      Successors: 402100
  BB: 4022fc in func 401fd0 with 1 insts
    I: 4022fc (flow 402301)
      Successors: 402301
  BB: 4028ff in func 401fd0 with 19 insts
    I: 4028ff (imm 419bfc)
    I: 402906
    I: 402908 (imm 419be8)
    I: 40290f
    I: 402911
    I: 402913
    I: 402916
    I: 402919
    I: 40291c
    I: 40291f
    I: 402922
    I: 402925
    I: 402928
    I: 40292a
    I: 40292f
    I: 402934
    I: 402937
    I: 40293a
    I: 40293d (flow 402ae8)
      Successors: 402ae8
  BB: 402100 in func 401fd0 with 3 insts
    I: 402100
    I: 402103
    I: 402108 (flow 402827)
      Successors: 40210e, 402827
  BB: 402301 in func 401fd0 with 3 insts
    I: 402301
    I: 402304
    I: 402309 (flow 402a92)
      Successors: 402a92, 40230f
  BB: 40210e in func 401fd0 with 1 insts
    I: 40210e (flow 402113)
      Successors: 402113
  BB: 40230f in func 401fd0 with 1 insts
    I: 40230f (flow 402314)
      Successors: 402314
  BB: 402113 in func 401fd0 with 3 insts
    I: 402113
    I: 402116
    I: 40211b (flow 402729)
      Successors: 402121, 402729
  BB: 402314 in func 401fd0 with 3 insts
    I: 402314
    I: 402317
    I: 40231c (flow 402aa2)
      Successors: 402aa2, 402322
  BB: 402716 in func 401fd0 with 6 insts
    I: 402716
    I: 40271a
    I: 40271d (disp 4198c0)
    I: 402724
    I: 402727
    I: 402728
      No successors
  BB: 402121 in func 401fd0 with 1 insts
    I: 402121 (flow 402126)
      Successors: 402126
  BB: 402322 in func 401fd0 with 1 insts
    I: 402322 (flow 402327)
      Successors: 402327
  BB: 402126 in func 401fd0 with 3 insts
    I: 402126
    I: 402129
    I: 40212e (flow 402698)
      Successors: 402698, 402134
  BB: 402327 in func 401fd0 with 3 insts
    I: 402327
    I: 40232a
    I: 40232f (flow 402648)
      Successors: 402648, 402335
  BB: 402729 in func 401fd0 with 7 insts
    I: 402729
    I: 40272d
    I: 402730 (disp 419a50)
    I: 40273b
    I: 40273f
    I: 402745
    I: 40274c (flow 402ae8)
      Successors: 402ae8
  BB: 402134 in func 401fd0 with 1 insts
    I: 402134 (flow 402139)
      Successors: 402139
  BB: 402335 in func 401fd0 with 1 insts
    I: 402335 (flow 40233a)
      Successors: 40233a
  BB: 402538 in func 401fd0 with 25 insts
    I: 402538
    I: 40253c
    I: 40253e (mem 4198b0)
    I: 402545
    I: 402548
    I: 40254a
    I: 40254d (imm 419bfc)
    I: 402554
    I: 402556 (imm 419be8)
    I: 40255d
    I: 40255f
    I: 402561
    I: 402564
    I: 402567
    I: 40256a
    I: 40256d
    I: 402570
    I: 402573
    I: 402576
    I: 402578
    I: 40257d
    I: 402582
    I: 402585
    I: 402588
    I: 40258b (flow 402ae8)
      Successors: 402ae8
  BB: 402139 in func 401fd0 with 3 insts
    I: 402139
    I: 40213c
    I: 402141 (flow 402ac6)
      Successors: 402ac6, 402147
  BB: 40233a in func 401fd0 with 1 insts
    I: 40233a (flow 402ae8)
      Successors: 402ae8
  BB: 40233f in func 401fd0 with 9 insts
    I: 40233f
    I: 402342
    I: 402345
    I: 402347
    I: 40234c
    I: 402351
    I: 402354
    I: 402357
    I: 40235a (flow 402ae8)
      Successors: 402ae8
  BB: 402942 in func 401fd0 with 24 insts
    I: 402942
    I: 402946
    I: 402948
    I: 40294b
    I: 40294f
    I: 402951 (imm 419bfc)
    I: 402958
    I: 40295a (imm 419be8)
    I: 402961
    I: 402963
    I: 402965
    I: 402968
    I: 40296b
    I: 40296e
    I: 402971
    I: 402974
    I: 402977
    I: 40297a
    I: 40297c
    I: 402981
    I: 402986
    I: 402989
    I: 40298c
    I: 40298f (flow 402ae8)
      Successors: 402ae8
  BB: 402147 in func 401fd0 with 1 insts
    I: 402147 (flow 40214c)
      Successors: 40214c
  BB: 40214c in func 401fd0 with 3 insts
    I: 40214c
    I: 40214f
    I: 402154 (flow 402ab2)
      Successors: 402ab2, 40215a
  BB: 402751 in func 401fd0 with 8 insts
    I: 402751
    I: 402755
    I: 402757
    I: 40275c
    I: 402761 (mem 4198b0)
    I: 402768
    I: 40276b
    I: 40276e (flow 402ae8)
      Successors: 402ae8
  BB: 40215a in func 401fd0 with 1 insts
    I: 40215a (flow 40215f)
      Successors: 40215f
  BB: 40215f in func 401fd0 with 3 insts
    I: 40215f
    I: 402162
    I: 402167 (flow 402440)
      Successors: 402440, 40216d
  BB: 40235f in func 401fd0 with 63 insts
    I: 40235f
    I: 402362
    I: 402365
    I: 402368
    I: 40236c
    I: 40236f
    I: 402372
    I: 402376
    I: 402379
    I: 40237c
    I: 402380
    I: 402383
    I: 402387
    I: 40238a
    I: 40238e
    I: 402391
    I: 402395
    I: 402398
    I: 40239c
    I: 40239f
    I: 4023a3
    I: 4023a6
    I: 4023aa
    I: 4023ad
    I: 4023b1
    I: 4023b4
    I: 4023b8
    I: 4023bb
    I: 4023bf
    I: 4023c2
    I: 4023c6
    I: 4023c9
    I: 4023cd
    I: 4023cf
    I: 4023d1
    I: 4023d3
    I: 4023d6
    I: 4023da
    I: 4023dc
    I: 4023de
    I: 4023e1
    I: 4023e5
    I: 4023e7
    I: 4023eb
    I: 4023f1 (imm 419bfc)
    I: 4023f8
    I: 4023fa (imm 419be8)
    I: 402401
    I: 402403
    I: 402405
    I: 402408
    I: 40240b
    I: 40240e
    I: 402411
    I: 402414
    I: 402417
    I: 40241a
    I: 40241c
    I: 402421
    I: 402426
    I: 402429
    I: 40242c
    I: 40242f (flow 402ae8)
      Successors: 402ae8
  BB: 40216d in func 401fd0 with 1 insts
    I: 40216d (flow 402172)
      Successors: 402172
  BB: 402172 in func 401fd0 with 3 insts
    I: 402172
    I: 402175
    I: 40217a (flow 4025ee)
      Successors: 402180, 4025ee
  BB: 402773 in func 401fd0 with 19 insts
    I: 402773 (imm 419bfc)
    I: 40277a
    I: 40277c (imm 419be8)
    I: 402783
    I: 402785
    I: 402787
    I: 40278a
    I: 40278d
    I: 402790
    I: 402793
    I: 402796
    I: 402799
    I: 40279c
    I: 40279e
    I: 4027a3
    I: 4027a8
    I: 4027ab
    I: 4027ae
    I: 4027b1 (flow 402ae8)
      Successors: 402ae8
  BB: 402180 in func 401fd0 with 1 insts
    I: 402180 (flow 402185)
      Successors: 402185
  BB: 402185 in func 401fd0 with 3 insts
    I: 402185
    I: 402188
    I: 40218d (flow 4029e3)
      Successors: 402193, 4029e3
  BB: 402590 in func 401fd0 with 7 insts
    I: 402590
    I: 402593
    I: 402598
    I: 40259d
    I: 4025a0
    I: 4025a3
    I: 4025a6 (flow 402ae8)
      Successors: 402ae8
  BB: 402193 in func 401fd0 with 1 insts
    I: 402193 (flow 402198)
      Successors: 402198
  BB: 402994 in func 401fd0 with 2 insts
    I: 402994
    I: 40299b (flow 402ae8)
      Successors: 402ae8
  BB: 402198 in func 401fd0 with 3 insts
    I: 402198
    I: 40219b
    I: 4021a0 (flow 402751)
      Successors: 402751, 4021a6
  BB: 4029a0 in func 401fd0 with 19 insts
    I: 4029a0 (imm 419bfc)
    I: 4029a7
    I: 4029a9 (imm 419be8)
    I: 4029b0
    I: 4029b2
    I: 4029b4
    I: 4029b7
    I: 4029ba
    I: 4029bd
    I: 4029c0
    I: 4029c3
    I: 4029c6
    I: 4029c9
    I: 4029cb
    I: 4029d0
    I: 4029d5
    I: 4029d8
    I: 4029db
    I: 4029de (flow 402ae8)
      Successors: 402ae8
  BB: 4021a6 in func 401fd0 with 1 insts
    I: 4021a6 (flow 4021ab)
      Successors: 4021ab
  BB: 4021ab in func 401fd0 with 3 insts
    I: 4021ab
    I: 4021ae
    I: 4021b3 (flow 402663)
      Successors: 4021b9, 402663
  BB: 4025ab in func 401fd0 with 19 insts
    I: 4025ab (imm 419bfc)
    I: 4025b2
    I: 4025b4 (imm 419be8)
    I: 4025bb
    I: 4025bd
    I: 4025bf
    I: 4025c2
    I: 4025c5
    I: 4025c8
    I: 4025cb
    I: 4025ce
    I: 4025d1
    I: 4025d4
    I: 4025d6
    I: 4025db
    I: 4025e0
    I: 4025e3
    I: 4025e6
    I: 4025e9 (flow 402ae8)
      Successors: 402ae8
  BB: 4027b6 in func 401fd0 with 30 insts
    I: 4027b6
    I: 4027ba
    I: 4027bd (imm 40fc70)
    I: 4027c7
    I: 4027ce
    I: 4027d1
    I: 4027d5
    I: 4027d8
    I: 4027dc
    I: 4027df
    I: 4027e1
    I: 4027e4 (imm 419bfc)
    I: 4027eb
    I: 4027ed (imm 419be8)
    I: 4027f4
    I: 4027f6
    I: 4027f8
    I: 4027fb
    I: 4027fe
    I: 402801
    I: 402804
    I: 402807
    I: 40280a
    I: 40280d
    I: 40280f
    I: 402814
    I: 402819
    I: 40281c
    I: 40281f
    I: 402822 (flow 402ae8)
      Successors: 402ae8
  BB: 4021b9 in func 401fd0 with 1 insts
    I: 4021b9 (flow 4021be)
      Successors: 4021be
  BB: 4021be in func 401fd0 with 3 insts
    I: 4021be
    I: 4021c1
    I: 4021c6 (flow 402434)
      Successors: 4021cc, 402434
  BB: 4021cc in func 401fd0 with 1 insts
    I: 4021cc (flow 4021d1)
      Successors: 4021d1
  BB: 401fd0 in func 401fd0 with 22 insts
    I: 401fd0
    I: 401fd1
    I: 401fd4
    I: 401fd8
    I: 401fdb
    I: 401fde (imm 419bfc)
    I: 401fe5
    I: 401fe7 (imm 419be8)
    I: 401fee
    I: 401ff0
    I: 401ff2
    I: 401ff5
    I: 401ff8
    I: 401ffb
    I: 401ffe
    I: 402001
    I: 402004
    I: 402007
    I: 40200a
    I: 40200d
    I: 40200f
    I: 402012
      Successors: 402019
  BB: 4021d1 in func 401fd0 with 3 insts
    I: 4021d1
    I: 4021d4
    I: 4021d9 (flow 4024cb)
      Successors: 4024cb, 4021df
  BB: 4021df in func 401fd0 with 1 insts
    I: 4021df (flow 4021e4)
      Successors: 4021e4
  BB: 4029e3 in func 401fd0 with 19 insts
    I: 4029e3 (imm 419bfc)
    I: 4029ea
    I: 4029ec (imm 419be8)
    I: 4029f3
    I: 4029f5
    I: 4029f7
    I: 4029fa
    I: 4029fd
    I: 402a00
    I: 402a03
    I: 402a06
    I: 402a09
    I: 402a0c
    I: 402a0e
    I: 402a13
    I: 402a18
    I: 402a1b
    I: 402a1e
    I: 402a21 (flow 402ae8)
      Successors: 402ae8
  BB: 4021e4 in func 401fd0 with 3 insts
    I: 4021e4
    I: 4021e7
    I: 4021ec (flow 402942)
      Successors: 4021f2, 402942
  BB: 4025ee in func 401fd0 with 25 insts
    I: 4025ee
    I: 4025f2
    I: 4025f5 (disp 419a50)
    I: 4025fd
    I: 402600
    I: 402602
    I: 402605 (imm 419bfc)
    I: 40260c
    I: 40260e (imm 419be8)
    I: 402615
    I: 402617
    I: 402619
    I: 40261c
    I: 40261f
    I: 402622
    I: 402625
    I: 402628
    I: 40262b
    I: 40262e
    I: 402630
    I: 402635
    I: 40263a
    I: 40263d
    I: 402640
    I: 402643 (flow 402ae8)
      Successors: 402ae8
  BB: 4021f2 in func 401fd0 with 1 insts
    I: 4021f2 (flow 4021f7)
      Successors: 4021f7
  BB: 4021f7 in func 401fd0 with 3 insts
    I: 4021f7
    I: 4021fa
    I: 4021ff (flow 4026fa)
      Successors: 4026fa, 402205
Recovering main at 402af0
  Analysing subroutine main at 402af0
    Block head at 004034da is not code.
  Subroutine main at 402af0 has 108 blocks
  BB: 403400 in func 402af0 with 4 insts
    I: 403400
    I: 403402
    I: 403405
    I: 403406
      No successors
  BB: 402c05 in func 402af0 with 1 insts
    I: 402c05 (flow 402c0a)
      Successors: 402c0a
  BB: 403407 in func 402af0 with 11 insts
    I: 403407
    I: 40340a
    I: 40340e
    I: 403411
    I: 403414
    I: 403418
    I: 40341b
    I: 403421 (mem 406020)
    I: 403429
    I: 40342c
    I: 403433 (flow 4034d5)
      Successors: 4034d5
  BB: 402c0a in func 402af0 with 3 insts
    I: 402c0a
    I: 402c0d
    I: 402c12 (flow 40344c)
      Successors: 402c18, 40344c
  BB: 40320c in func 402af0 with 7 insts
    I: 40320c
    I: 40320f
    I: 403214
    I: 403219
    I: 40321c
    I: 40321f
    I: 403222 (flow 4034d5)
      Successors: 4034d5
  BB: 402c18 in func 402af0 with 1 insts
    I: 402c18 (flow 402c1d)
      Successors: 402c1d
  BB: 402c1d in func 402af0 with 3 insts
    I: 402c1d
    I: 402c20
    I: 402c25 (flow 403140)
      Successors: 403140, 402c2b
  BB: 403227 in func 402af0 with 15 insts
    I: 403227
    I: 40322b
    I: 40322e
    I: 403232
    I: 403236
    I: 40323a (imm 404007)
    I: 403244
    I: 403246 (flow 419c10)
    I: 40324b
    I: 40324f
    I: 403254
    I: 403259
    I: 40325c
    I: 40325f
    I: 403262 (flow 4034d5)
      Successors: 4034d5
  BB: 402c2b in func 402af0 with 1 insts
    I: 402c2b (flow 402c30)
      Successors: 402c30
  BB: 402c30 in func 402af0 with 3 insts
    I: 402c30
    I: 402c33
    I: 402c38 (flow 402f0d)
      Successors: 402f0d, 402c3e
  BB: 403033 in func 402af0 with 7 insts
    I: 403033
    I: 403036
    I: 40303b
    I: 403040
    I: 403043
    I: 403046
    I: 403049 (flow 4034d5)
      Successors: 4034d5
  BB: 403438 in func 402af0 with 4 insts
    I: 403438
    I: 40343c
    I: 403440
    I: 403447 (flow 4034d5)
      Successors: 4034d5
  BB: 402c3e in func 402af0 with 1 insts
    I: 402c3e (flow 402c43)
      Successors: 402c43
  BB: 402c43 in func 402af0 with 3 insts
    I: 402c43
    I: 402c46
    I: 402c4b (flow 402df7)
      Successors: 402c51, 402df7
  BB: 40344c in func 402af0 with 20 insts
    I: 40344c
    I: 403450
    I: 403453
    I: 403457
    I: 40345b
    I: 40345f
    I: 403463 (imm 404004)
    I: 40346d
    I: 40346f (flow 419c10)
    I: 403474
    I: 403478
    I: 40347a
    I: 40347e
    I: 403480
    I: 403484
    I: 403486
    I: 40348a
    I: 40348c (flow 4013a0)
    I: 403491
    I: 403498 (flow 4034d5)
      Successors: 4034d5
  BB: 40304e in func 402af0 with 19 insts
    I: 40304e (imm 419bf4)
    I: 403055
    I: 403057 (imm 419c04)
    I: 40305e
    I: 403060
    I: 403062
    I: 403065
    I: 403068
    I: 40306b
    I: 40306e
    I: 403071
    I: 403074
    I: 403077
    I: 403079
    I: 40307e
    I: 403083
    I: 403086
    I: 403089
    I: 40308c (flow 4034d5)
      Successors: 4034d5
  BB: 402c51 in func 402af0 with 1 insts
    I: 402c51 (flow 402c56)
      Successors: 402c56
  BB: 402c56 in func 402af0 with 3 insts
    I: 402c56
    I: 402c59
    I: 402c5e (flow 403407)
      Successors: 402c64, 403407
  BB: 402c64 in func 402af0 with 1 insts
    I: 402c64 (flow 402c69)
      Successors: 402c69
  BB: 403267 in func 402af0 with 19 insts
    I: 403267 (imm 419bf4)
    I: 40326e
    I: 403270 (imm 419c04)
    I: 403277
    I: 403279
    I: 40327b
    I: 40327e
    I: 403281
    I: 403284
    I: 403287
    I: 40328a
    I: 40328d
    I: 403290
    I: 403292
    I: 403297
    I: 40329c
    I: 40329f
    I: 4032a2
    I: 4032a5 (flow 4034d5)
      Successors: 4034d5
  BB: 402c69 in func 402af0 with 3 insts
    I: 402c69
    I: 402c6c
    I: 402c71 (flow 4033bd)
      Successors: 4033bd, 402c77
  BB: 402c77 in func 402af0 with 1 insts
    I: 402c77 (flow 402c7c)
      Successors: 402c7c
  BB: 402c7c in func 402af0 with 3 insts
    I: 402c7c
    I: 402c7f
    I: 402c84 (flow 403267)
      Successors: 402c8a, 403267
  BB: 402c8a in func 402af0 with 1 insts
    I: 402c8a (flow 402c8f)
      Successors: 402c8f
  BB: 402c8f in func 402af0 with 3 insts
    I: 402c8f
    I: 402c92
    I: 402c97 (flow 403353)
      Successors: 403353, 402c9d
  BB: 403091 in func 402af0 with 37 insts
    I: 403091
    I: 403095
    I: 403098
    I: 40309c
    I: 4030a0
    I: 4030a4
    I: 4030a8 (imm 404004)
    I: 4030b2
    I: 4030b4 (flow 419c10)
    I: 4030b9
    I: 4030bd
    I: 4030bf
    I: 4030c3
    I: 4030c5
    I: 4030c9
    I: 4030cb
    I: 4030cf
    I: 4030d1 (flow 4013a0)
    I: 4030d6 (imm 419bf4)
    I: 4030dd
    I: 4030df (imm 419c04)
    I: 4030e6
    I: 4030e8
    I: 4030ea
    I: 4030ed
    I: 4030f0
    I: 4030f3
    I: 4030f6
    I: 4030f9
    I: 4030fc
    I: 4030ff
    I: 403101
    I: 403106
    I: 40310b
    I: 40310e
    I: 403111
    I: 403114 (flow 4034d5)
      Successors: 4034d5
  BB: 402c9d in func 402af0 with 1 insts
    I: 402c9d (flow 402ca2)
      Successors: 402ca2
  BB: 40349d in func 402af0 with 4 insts
    I: 40349d
    I: 4034a1
    I: 4034a5
    I: 4034ac (flow 4034d5)
      Successors: 4034d5
  BB: 402ca2 in func 402af0 with 3 insts
    I: 402ca2
    I: 402ca5
    I: 402caa (flow 402dd7)
      Successors: 402cb0, 402dd7
  BB: 4032aa in func 402af0 with 25 insts
    I: 4032aa
    I: 4032ae
    I: 4032b0
    I: 4032b4
    I: 4032b6 (flow 401450)
    I: 4032bb
    I: 4032be (imm 419bf4)
    I: 4032c5
    I: 4032c7 (imm 419c04)
    I: 4032ce
    I: 4032d0
    I: 4032d2
    I: 4032d5
    I: 4032d8
    I: 4032db
    I: 4032de
    I: 4032e1
    I: 4032e4
    I: 4032e7
    I: 4032e9
    I: 4032ee
    I: 4032f3
    I: 4032f6
    I: 4032f9
    I: 4032fc (flow 4034d5)
      Successors: 4034d5
  BB: 402cb0 in func 402af0 with 1 insts
    I: 402cb0 (flow 402cb5)
      Successors: 402cb5
  BB: 4034b1 in func 402af0 with 7 insts
    I: 4034b1
    I: 4034b5
    I: 4034b7
    I: 4034bb
    I: 4034bd (flow 401450)
    I: 4034c2
    I: 4034c9 (flow 4034d5)
      Successors: 4034d5
  BB: 402cb5 in func 402af0 with 3 insts
    I: 402cb5
    I: 402cb8
    I: 402cbd (flow 403091)
      Successors: 403091, 402cc3
  BB: 402cc3 in func 402af0 with 1 insts
    I: 402cc3 (flow 402cc8)
      Successors: 402cc8
  BB: 402cc8 in func 402af0 with 3 insts
    I: 402cc8
    I: 402ccb
    I: 402cd0 (flow 4032aa)
      Successors: 4032aa, 402cd6
  BB: 4034ce in func 402af0 with 1 insts
    I: 4034ce
      Successors: 4034d5
  BB: 4034d5 in func 402af0 with 1 insts
    I: 4034d5 (flow 402b36)
      Successors: 402b36
  BB: 402cd6 in func 402af0 with 1 insts
    I: 402cd6 (flow 402cdb)
      Successors: 402cdb
  BB: 402cdb in func 402af0 with 3 insts
    I: 402cdb
    I: 402cde
    I: 402ce3 (flow 402fdc)
      Successors: 402ce9, 402fdc
  BB: 402ce9 in func 402af0 with 1 insts
    I: 402ce9 (flow 402cee)
      Successors: 402cee
  BB: 402cee in func 402af0 with 3 insts
    I: 402cee
    I: 402cf1
    I: 402cf6 (flow 40320c)
      Successors: 402cfc, 40320c
  BB: 402af0 in func 402af0 with 20 insts
    Referenced by data
    I: 402af0
    I: 402af1
    I: 402af4
    I: 402afb (imm 419bf4)
    I: 402b02
    I: 402b04 (imm 419c04)
    I: 402b0b
    I: 402b0d
    I: 402b0f
    I: 402b12
    I: 402b15
    I: 402b18
    I: 402b1b
    I: 402b1e
    I: 402b21
    I: 402b24
    I: 402b27
    I: 402b2a
    I: 402b2c
    I: 402b2f
      Successors: 402b36
  BB: 402cfc in func 402af0 with 1 insts
    I: 402cfc (flow 402d01)
      Successors: 402d01
  BB: 402d01 in func 402af0 with 3 insts
    I: 402d01
    I: 402d04
    I: 402d09 (flow 402f01)
      Successors: 402f01, 402d0f
  BB: 402f01 in func 402af0 with 2 insts
    I: 402f01
    I: 402f08 (flow 4034d5)
      Successors: 4034d5
  BB: 403301 in func 402af0 with 4 insts
    I: 403301
    I: 403308
    I: 40330b
    I: 40330e (flow 4034d5)
      Successors: 4034d5
  BB: 402f0d in func 402af0 with 14 insts
    I: 402f0d
    I: 402f11
    I: 402f14
    I: 402f18
    I: 402f1c (imm 40400a)
    I: 402f26
    I: 402f28 (flow 419c10)
    I: 402f2d
    I: 402f31
    I: 402f36
    I: 402f3b
    I: 402f3e
    I: 402f41
    I: 402f44 (flow 4034d5)
      Successors: 4034d5
  BB: 402d0f in func 402af0 with 1 insts
    I: 402d0f (flow 402d14)
      Successors: 402d14
  BB: 403313 in func 402af0 with 8 insts
    I: 403313
    I: 403317
    I: 403319
    I: 40331d
    I: 40331f (flow 401fd0)
    I: 403324
    I: 40332b
    I: 40332e (flow 4034d5)
      Successors: 4034d5
  BB: 402d14 in func 402af0 with 3 insts
    I: 402d14
    I: 402d17
    I: 402d1c (flow 402f49)
      Successors: 402f49, 402d22
  BB: 403119 in func 402af0 with 2 insts
    I: 403119
    I: 403120 (flow 4034d5)
      Successors: 4034d5
  BB: 402d22 in func 402af0 with 1 insts
    I: 402d22 (flow 402d27)
      Successors: 402d27
  BB: 403125 in func 402af0 with 7 insts
    I: 403125
    I: 403129
    I: 40312b
    I: 40312e
    I: 403132
    I: 403134
    I: 40313b (flow 4034d5)
      Successors: 4034d5
  BB: 402d27 in func 402af0 with 3 insts
    I: 402d27
    I: 402d2a
    I: 402d2f (flow 403438)
      Successors: 403438, 402d35
  BB: 403333 in func 402af0 with 6 insts
    I: 403333
    I: 403336 (imm 40400d)
    I: 403340
    I: 403342 (flow 419c18)
    I: 403347
    I: 40334e (flow 4034d5)
      Successors: 4034d5
  BB: 402d35 in func 402af0 with 1 insts
    I: 402d35 (flow 402d3a)
      Successors: 402d3a
  BB: 402b36 in func 402af0 with 4 insts
    I: 402b36
    I: 402b39
    I: 402b3c
    I: 402b41 (flow 40337a)
      Successors: 40337a, 402b47
  BB: 402d3a in func 402af0 with 3 insts
    I: 402d3a
    I: 402d3d
    I: 402d42 (flow 40349d)
      Successors: 402d48, 40349d
  BB: 403140 in func 402af0 with 10 insts
    I: 403140
    I: 403144
    I: 403147
    I: 40314b (imm 40400d)
    I: 403155
    I: 403157 (flow 419c10)
    I: 40315c
    I: 403160
    I: 403166
    I: 40316d (flow 4034d5)
      Successors: 4034d5
  BB: 402df7 in func 402af0 with 74 insts
    I: 402df7
    I: 402dfa
    I: 402dfe
    I: 402e01
    I: 402e04
    I: 402e08
    I: 402e0b
    I: 402e0f
    I: 402e12
    I: 402e16
    I: 402e19
    I: 402e1d
    I: 402e20
    I: 402e24
    I: 402e27
    I: 402e2b
    I: 402e2e
    I: 402e32
    I: 402e35
    I: 402e39
    I: 402e3c
    I: 402e40
    I: 402e43
    I: 402e47
    I: 402e4a
    I: 402e4e
    I: 402e51
    I: 402e55
    I: 402e58
    I: 402e5c
    I: 402e5f
    I: 402e63
    I: 402e66
    I: 402e6a
    I: 402e6d
    I: 402e71
    I: 402e74
    I: 402e78
    I: 402e7b
    I: 402e7f
    I: 402e82
    I: 402e86
    I: 402e89
    I: 402e8d
    I: 402e90
    I: 402e94
    I: 402e97
    I: 402e9b
    I: 402e9e
    I: 402ea2
    I: 402ea5
    I: 402ea9
    I: 402eaf (mem 406020)
    I: 402eb7
    I: 402ebb
    I: 402ebe (imm 419bf4)
    I: 402ec5
    I: 402ec7 (imm 419c04)
    I: 402ece
    I: 402ed0
    I: 402ed2
    I: 402ed5
    I: 402ed8
    I: 402edb
    I: 402ede
    I: 402ee1
    I: 402ee4
    I: 402ee7
    I: 402ee9
    I: 402eee
    I: 402ef3
    I: 402ef6
    I: 402ef9
    I: 402efc (flow 4034d5)
      Successors: 4034d5
  BB: 402b47 in func 402af0 with 1 insts
    I: 402b47 (flow 402b4c)
      Successors: 402b4c
  BB: 402d48 in func 402af0 with 1 insts
    I: 402d48 (flow 402d4d)
      Successors: 402d4d
  BB: 402f49 in func 402af0 with 7 insts
    I: 402f49
    I: 402f4d
    I: 402f52
    I: 402f57
    I: 402f5a
    I: 402f5d
    I: 402f60 (flow 4034d5)
      Successors: 4034d5
  BB: 402b4c in func 402af0 with 3 insts
    I: 402b4c
    I: 402b4f
    I: 402b54 (flow 403333)
      Successors: 402b5a, 403333
  BB: 402d4d in func 402af0 with 3 insts
    I: 402d4d
    I: 402d50
    I: 402d55 (flow 4034ce)
      Successors: 402d5b, 4034ce
  BB: 403353 in func 402af0 with 7 insts
    I: 403353
    I: 403357
    I: 403359
    I: 40335c
    I: 403360
    I: 403362
    I: 403369 (flow 4034d5)
      Successors: 4034d5
  BB: 402b5a in func 402af0 with 1 insts
    I: 402b5a (flow 402b5f)
      Successors: 402b5f
  BB: 402d5b in func 402af0 with 1 insts
    I: 402d5b (flow 402d60)
      Successors: 402d60
  BB: 402b5f in func 402af0 with 3 insts
    I: 402b5f
    I: 402b62
    I: 402b67 (flow 4034b1)
      Successors: 4034b1, 402b6d
  BB: 402d60 in func 402af0 with 3 insts
    I: 402d60
    I: 402d63
    I: 402d68 (flow 403227)
      Successors: 402d6e, 403227
  BB: 402f65 in func 402af0 with 2 insts
    I: 402f65
    I: 402f6c (flow 4034d5)
      Successors: 4034d5
  BB: 402b6d in func 402af0 with 1 insts
    I: 402b6d (flow 402b72)
      Successors: 402b72
  BB: 402d6e in func 402af0 with 1 insts
    I: 402d6e (flow 402d73)
      Successors: 402d73
  BB: 40336e in func 402af0 with 2 insts
    I: 40336e
    I: 403375 (flow 4034d5)
      Successors: 4034d5
  BB: 402f71 in func 402af0 with 8 insts
    I: 402f71 (flow 401140)
    I: 402f76
    I: 402f7a
    I: 402f7c (mem 4198b0)
    I: 402f83
    I: 402f87
    I: 402f8d
    I: 402f94 (flow 4034d5)
      Successors: 4034d5
  BB: 402b72 in func 402af0 with 3 insts
    I: 402b72
    I: 402b75
    I: 402b7a (flow 403313)
      Successors: 402b80, 403313
  BB: 402d73 in func 402af0 with 3 insts
    I: 402d73
    I: 402d76
    I: 402d7b (flow 403172)
      Successors: 402d81, 403172
  BB: 403172 in func 402af0 with 19 insts
    I: 403172 (imm 419bf4)
    I: 403179
    I: 40317b (imm 419c04)
    I: 403182
    I: 403184
    I: 403186
    I: 403189
    I: 40318c
    I: 40318f
    I: 403192
    I: 403195
    I: 403198
    I: 40319b
    I: 40319d
    I: 4031a2
    I: 4031a7
    I: 4031aa
    I: 4031ad
    I: 4031b0 (flow 4034d5)
      Successors: 4034d5
  BB: 40337a in func 402af0 with 19 insts
    I: 40337a (imm 419bf4)
    I: 403381
    I: 403383 (imm 419c04)
    I: 40338a
    I: 40338c
    I: 40338e
    I: 403391
    I: 403394
    I: 403397
    I: 40339a
    I: 40339d
    I: 4033a0
    I: 4033a3
    I: 4033a5
    I: 4033aa
    I: 4033af
    I: 4033b2
    I: 4033b5
    I: 4033b8 (flow 4034d5)
      Successors: 4034d5
  BB: 402b80 in func 402af0 with 1 insts
    I: 402b80 (flow 402b85)
      Successors: 402b85
  BB: 402d81 in func 402af0 with 1 insts
    I: 402d81 (flow 402d86)
      Successors: 402d86
  BB: 402b85 in func 402af0 with 3 insts
    I: 402b85
    I: 402b88
    I: 402b8d (flow 402f71)
      Successors: 402f71, 402b93
  BB: 402d86 in func 402af0 with 3 insts
    I: 402d86
    I: 402d89
    I: 402d8e (flow 4031b5)
      Successors: 402d94, 4031b5
  BB: 402b93 in func 402af0 with 1 insts
    I: 402b93 (flow 402b98)
      Successors: 402b98
  BB: 402d94 in func 402af0 with 1 insts
    I: 402d94 (flow 402d99)
      Successors: 402d99
  BB: 402b98 in func 402af0 with 3 insts
    I: 402b98
    I: 402b9b
    I: 402ba0 (flow 40336e)
      Successors: 40336e, 402ba6
  BB: 402d99 in func 402af0 with 3 insts
    I: 402d99
    I: 402d9c
    I: 402da1 (flow 403033)
      Successors: 403033, 402da7
  BB: 402f99 in func 402af0 with 19 insts
    I: 402f99 (imm 419bf4)
    I: 402fa0
    I: 402fa2 (imm 419c04)
    I: 402fa9
    I: 402fab
    I: 402fad
    I: 402fb0
    I: 402fb3
    I: 402fb6
    I: 402fb9
    I: 402fbc
    I: 402fbf
    I: 402fc2
    I: 402fc4
    I: 402fc9
    I: 402fce
    I: 402fd1
    I: 402fd4
    I: 402fd7 (flow 4034d5)
      Successors: 4034d5
  BB: 402ba6 in func 402af0 with 1 insts
    I: 402ba6 (flow 402bab)
      Successors: 402bab
  BB: 402da7 in func 402af0 with 1 insts
    I: 402da7 (flow 402dac)
      Successors: 402dac
  BB: 402bab in func 402af0 with 3 insts
    I: 402bab
    I: 402bae
    I: 402bb3 (flow 402f99)
      Successors: 402bb9, 402f99
  BB: 402dac in func 402af0 with 3 insts
    I: 402dac
    I: 402daf
    I: 402db4 (flow 403119)
      Successors: 403119, 402dba
  BB: 4031b5 in func 402af0 with 26 insts
    I: 4031b5
    I: 4031b9
    I: 4031bb
    I: 4031bf
    I: 4031c1
    I: 4031c4
    I: 4031c6
    I: 4031c9 (imm 419bf4)
    I: 4031d0
    I: 4031d2 (imm 419c04)
    I: 4031d9
    I: 4031db
    I: 4031dd
    I: 4031e0
    I: 4031e3
    I: 4031e6
    I: 4031e9
    I: 4031ec
    I: 4031ef
    I: 4031f2
    I: 4031f4
    I: 4031f9
    I: 4031fe
    I: 403201
    I: 403204
    I: 403207 (flow 4034d5)
      Successors: 4034d5
  BB: 402bb9 in func 402af0 with 1 insts
    I: 402bb9 (flow 402bbe)
      Successors: 402bbe
  BB: 402dba in func 402af0 with 1 insts
    I: 402dba (flow 402dbf)
      Successors: 402dbf
  BB: 4033bd in func 402af0 with 19 insts
    I: 4033bd (imm 419bf4)
    I: 4033c4
    I: 4033c6 (imm 419c04)
    I: 4033cd
    I: 4033cf
    I: 4033d1
    I: 4033d4
    I: 4033d7
    I: 4033da
    I: 4033dd
    I: 4033e0
    I: 4033e3
    I: 4033e6
    I: 4033e8
    I: 4033ed
    I: 4033f2
    I: 4033f5
    I: 4033f8
    I: 4033fb (flow 4034d5)
      Successors: 4034d5
  BB: 402bbe in func 402af0 with 3 insts
    I: 402bbe
    I: 402bc1
    I: 402bc6 (flow 403125)
      Successors: 402bcc, 403125
  BB: 402dbf in func 402af0 with 3 insts
    I: 402dbf
    I: 402dc2
    I: 402dc7 (flow 40304e)
      Successors: 402dcd, 40304e
  BB: 402bcc in func 402af0 with 1 insts
    I: 402bcc (flow 402bd1)
      Successors: 402bd1
  BB: 402dcd in func 402af0 with 1 insts
    I: 402dcd (flow 402dd2)
      Successors: 402dd2
  BB: 402bd1 in func 402af0 with 3 insts
    I: 402bd1
    I: 402bd4
    I: 402bd9 (flow 402f65)
      Successors: 402f65, 402bdf
  BB: 402dd2 in func 402af0 with 1 insts
    I: 402dd2 (flow 4034d5)
      Successors: 4034d5
  BB: 402dd7 in func 402af0 with 9 insts
    I: 402dd7
    I: 402dda
    I: 402ddd
    I: 402ddf
    I: 402de4
    I: 402de9
    I: 402dec
    I: 402def
    I: 402df2 (flow 4034d5)
      Successors: 4034d5
  BB: 402fdc in func 402af0 with 26 insts
    I: 402fdc
    I: 402fe0
    I: 402fe2
    I: 402fe6
    I: 402fe8
    I: 402feb
    I: 402fed
    I: 402ff0 (imm 419bf4)
    I: 402ff7
    I: 402ff9 (imm 419c04)
    I: 403000
    I: 403002
    I: 403004
    I: 403007
    I: 40300a
    I: 40300d
    I: 403010
    I: 403013
    I: 403016
    I: 403019
    I: 40301b
    I: 403020
    I: 403025
    I: 403028
    I: 40302b
    I: 40302e (flow 4034d5)
      Successors: 4034d5
  BB: 402bdf in func 402af0 with 1 insts
    I: 402bdf (flow 402be4)
      Successors: 402be4
  BB: 402be4 in func 402af0 with 3 insts
    I: 402be4
    I: 402be7
    I: 402bec (flow 403301)
      Successors: 403301, 402bf2
  BB: 402bf2 in func 402af0 with 1 insts
    I: 402bf2 (flow 402bf7)
      Successors: 402bf7
  BB: 402bf7 in func 402af0 with 3 insts
    I: 402bf7
    I: 402bfa
    I: 402bff (flow 403400)
      Successors: 403400, 402c05
Recovering .term_proc at 4034dc
  Analysing subroutine .term_proc at 4034dc
    Block head at 004034e9 is not code.
  Subroutine .term_proc at 4034dc has 1 blocks
  BB: 4034dc in func 4034dc with 4 insts
    I: 4034dc
    I: 4034e0
    I: 4034e4
    I: 4034e8
      No successors
Global Variable None
WARNING: Global constructor and destructor sections are adjacent!
Recovering region LOAD [400000, 400528) in segment LOAD
  8-byte reference at 400018 to 401050 (start)
  8-byte reference at 4000f8 to 401000 (.init_proc)
  8-byte reference at 400130 to 404000 ()
  8-byte reference at 400168 to 405de8 ()
  8-byte reference at 400280 to 404014 ()
  8-byte reference at 4002f0 to 405de8 ()
Recovering region .init [401000, 40101b) in segment .init
Recovering region LOAD [40101b, 401020) in segment LOAD
Recovering region .plt [401020, 401050) in segment .plt
Recovering region .text [401050, 4034da) in segment .text
Recovering region LOAD [4034da, 4034dc) in segment LOAD
Recovering region .fini [4034dc, 4034e9) in segment .fini
Recovering region .rodata [404000, 404011) in segment .rodata
  Variable aDDDD at 404004
Recovering region LOAD [404011, 404014) in segment LOAD
Recovering region .eh_frame_hdr [404014, 404060) in segment .eh_frame_hdr
Recovering region .eh_frame [404060, 40417c) in segment .eh_frame
Recovering region LOAD [40417c, 4041c0) in segment LOAD
Recovering region .init_array [405de8, 405df8) in segment .init_array
  8-byte reference at 405de8 to 401130 ()
  8-byte reference at 405df0 to 401100 ()
Recovering region LOAD [405df8, 405fd8) in segment LOAD
Recovering region .got [405fd8, 405fe8) in segment .got
  8-byte reference at 405fd8 to 419c08 (__libc_start_main)
  8-byte reference at 405fe0 to 419c20 (__gmon_start__)
Recovering region .got.plt [405fe8, 406010) in segment .got.plt
  8-byte reference at 406000 to 419c10 (__isoc99_fscanf)
  8-byte reference at 406008 to 419c18 (printf)
Recovering region .data [406010, 406020) in segment .data
Recovering region .bss [406020, 419c08) in segment .bss
Recovering extern function __isoc99_fscanf at 401030
Recovering extern function printf at 401040
Recovering extern function __libc_start_main at 419c08
Recovering extern function __isoc99_fscanf at 419c10
Recovering extern function printf at 419c18
Recovering extern function __gmon_start__ at 419c20
Recovering extern variable stdin at 406020 [size: 8]
Recovered 12 functions.
Saving to: /home/ubuntu/capstone_project/result/pipeline_20260629_141746/s958104051_fla_bcf.cfg
Done analysis!
